
[1m[46m RUN [49m[22m [36mv3.2.4 [39m[90mC:/Users/Lenovo/Desktop/new_simple_crm[39m

[90mstdout[2m | src/test/unit/Customer.test.tsx
[22m[39m🔧 Offline data initialized

[90mstdout[2m | src/components/export-fields/ExportFieldsForm.test.tsx
[22m[39m🔧 Supabase config: {
  url: [32m'https://rnqjqhqhqhqhqhqhqhqh.s...'[39m,
  key: [32m'eyJ0eXAiOiJKV1QiLCJh...'[39m,
  env: {
    AHA_CHROME_CRASHPAD_PIPE_NAME: [32m'\\\\.\\pipe\\crashpad_16336_DJYFJKOFGRPZHQIJ'[39m,
    ALLUSERSPROFILE: [32m'C:\\ProgramData'[39m,
    ANDROID_HOME: [32m'C:\\Users\\Lenovo\\AppData\\Local\\Android\\Sdk'[39m,
    APPDATA: [32m'C:\\Users\\Lenovo\\AppData\\Roaming'[39m,
    BASE_URL: [32m'/'[39m,
    CHOCOLATEYINSTALL: [32m'C:\\ProgramData\\chocolatey'[39m,
    COLOR: [32m'0'[39m,
    COLORTERM: [32m'truecolor'[39m,
    COMMONPROGRAMFILES: [32m'C:\\Program Files\\Common Files'[39m,
    [32m'COMMONPROGRAMFILES(X86)'[39m: [32m'C:\\Program Files (x86)\\Common Files'[39m,
    COMMONPROGRAMW6432: [32m'C:\\Program Files\\Common Files'[39m,
    COMPUTERNAME: [32m'DESKTOP-J595T7P'[39m,
    COMSPEC: [32m'C:\\WINDOWS\\system32\\cmd.exe'[39m,
    DEV: [32m'1'[39m,
    DRIVERDATA: [32m'C:\\Windows\\System32\\Drivers\\DriverData'[39m,
    EDITOR: [32m'C:\\WINDOWS\\notepad.exe'[39m,
    EFC_9244_1262719628: [32m'1'[39m,
    EFC_9244_1592913036: [32m'1'[39m,
    EFC_9244_2283032206: [32m'1'[39m,
    EFC_9244_2775293581: [32m'1'[39m,
    EFC_9244_3789132940: [32m'1'[39m,
    FORCE_TTY: [32m''[39m,
    FPS_BROWSER_APP_PROFILE_STRING: [32m'Internet Explorer'[39m,
    FPS_BROWSER_USER_PROFILE_STRING: [32m'Default'[39m,
    GIT_ASKPASS: [32m'c:\\Users\\Lenovo\\AppData\\Local\\Programs\\Trae\\resources\\app\\extensions\\git\\dist\\askpass.sh'[39m,
    GIT_LFS_PATH: [32m'C:\\Program Files\\Git LFS'[39m,
    GIT_PAGER: [32m''[39m,
    HOME: [32m'C:\\Users\\Lenovo'[39m,
    HOMEDRIVE: [32m'C:'[39m,
    HOMEPATH: [32m'\\Users\\Lenovo'[39m,
    INIT_CWD: [32m'C:\\Users\\Lenovo\\Desktop\\new_simple_crm'[39m,
    LANG: [32m'en_US.UTF-8'[39m,
    LOCALAPPDATA: [32m'C:\\Users\\Lenovo\\AppData\\Local'[39m,
    LOGONSERVER: [32m'\\\\DESKTOP-J595T7P'[39m,
    MODE: [32m'test'[39m,
    NODE: [32m'C:\\Program Files\\nodejs\\node.exe'[39m,
    NODE_ENV: [32m'test'[39m,
    NPM_COMMAND: [32m'exec'[39m,
    NPM_CONFIG_CACHE: [32m'C:\\Users\\Lenovo\\AppData\\Local\\npm-cache'[39m,
    NPM_CONFIG_GLOBALCONFIG: [32m'C:\\Users\\Lenovo\\AppData\\Roaming\\npm\\etc\\npmrc'[39m,
    NPM_CONFIG_GLOBAL_PREFIX: [32m'C:\\Users\\Lenovo\\AppData\\Roaming\\npm'[39m,
    NPM_CONFIG_INIT_MODULE: [32m'C:\\Users\\Lenovo\\.npm-init.js'[39m,
    NPM_CONFIG_LOCAL_PREFIX: [32m'C:\\Users\\Lenovo\\Desktop\\new_simple_crm'[39m,
    NPM_CONFIG_NODE_GYP: [32m'C:\\Program Files\\nodejs\\node_modules\\npm\\node_modules\\node-gyp\\bin\\node-gyp.js'[39m,
    NPM_CONFIG_NOPROXY: [32m''[39m,
    NPM_CONFIG_NPM_VERSION: [32m'10.9.2'[39m,
    NPM_CONFIG_PREFIX: [32m'C:\\Users\\Lenovo\\AppData\\Roaming\\npm'[39m,
    NPM_CONFIG_USERCONFIG: [32m'C:\\Users\\Lenovo\\.npmrc'[39m,
    NPM_CONFIG_USER_AGENT: [32m'npm/10.9.2 node/v22.14.0 win32 x64 workspaces/false'[39m,
    NPM_EXECPATH: [32m'C:\\Program Files\\nodejs\\node_modules\\npm\\bin\\npm-cli.js'[39m,
    NPM_LIFECYCLE_EVENT: [32m'npx'[39m,
    NPM_LIFECYCLE_SCRIPT: [32m'vitest'[39m,
    NPM_NODE_EXECPATH: [32m'C:\\Program Files\\nodejs\\node.exe'[39m,
    NPM_PACKAGE_JSON: [32m'C:\\Users\\Lenovo\\Desktop\\new_simple_crm\\package.json'[39m,
    NPM_PACKAGE_NAME: [32m'new_simple_crm'[39m,
    NPM_PACKAGE_VERSION: [32m'0.0.0'[39m,
    NUMBER_OF_PROCESSORS: [32m'8'[39m,
    OCULUSBASE: [32m'C:\\Program Files\\Oculus\\'[39m,
    ONEDRIVE: [32m'C:\\Users\\Lenovo\\OneDrive'[39m,
    OPENSSL_CONF: [32m'C:\\Program Files\\PostgreSQL\\psqlODBC\\etc\\openssl.cnf'[39m,
    ORIGINAL_XDG_CURRENT_DESKTOP: [32m'undefined'[39m,
    OS: [32m'Windows_NT'[39m,
    PAGER: [32m''[39m,
    PATH: [32m'C:\\Users\\Lenovo\\Desktop\\new_simple_crm\\node_modules\\.bin;C:\\Users\\Lenovo\\Desktop\\new_simple_crm\\node_modules\\.bin;C:\\Users\\Lenovo\\Desktop\\node_modules\\.bin;C:\\Users\\Lenovo\\node_modules\\.bin;C:\\Users\\node_modules\\.bin;C:\\node_modules\\.bin;C:\\Program Files\\nodejs\\node_modules\\npm\\node_modules\\@npmcli\\run-script\\lib\\node-gyp-bin;c:\\\\Users\\\\Lenovo\\\\.trae\\\\sdks\\\\workspaces\\\\29b78ebe\\\\versions\\\\node\\\\current;c:\\\\Users\\\\Lenovo\\\\.trae\\\\sdks\\\\versions\\\\node\\\\current;C:\\Program Files\\PowerShell\\7;c:\\Users\\Lenovo\\.trae\\sdks\\workspaces\\29b78ebe\\versions\\node\\current;c:\\Users\\Lenovo\\.trae\\sdks\\versions\\node\\current;C:\\Program Files\\Oculus\\Support\\oculus-runtime;c:\\Users\\Mr. Taha\\AppData\\Local\\Programs\\cursor\\resources\\app\\bin;C:\\flutter\\bin;C:\\Python313\\Scripts\\;C:\\Python313\\;C:\\WINDOWS\\system32;C:\\WINDOWS;C:\\WINDOWS\\System32\\Wbem;C:\\WINDOWS\\System32\\WindowsPowerShell\\v1.0\\;C:\\WINDOWS\\System32\\OpenSSH\\;C:\\Program Files\\nodejs\\;C:\\ProgramData\\chocolatey\\bin;C:\\Program Files\\dotnet\\;C:\\Program Files\\Git LFS;C:\\Users\\Lenovo\\AppData\\Local\\Microsoft\\WindowsApps;C:\\Users\\Lenovo\\AppData\\Local\\Microsoft\\WinGet\\Links;C:\\Program Files\\Git\\cmd;C:\\Program Files\\PowerShell\\7\\;C:\\Program Files\\Docker\\Docker\\resources\\bin;C:\\WINDOWS\\system32;C:\\WINDOWS;C:\\WINDOWS\\System32\\Wbem;C:\\WINDOWS\\System32\\WindowsPowerShell\\v1.0\\;C:\\WINDOWS\\System32\\OpenSSH\\;c:\\\\Users\\\\Lenovo\\\\.trae\\\\sdks\\\\workspaces\\\\abae64b8\\\\versions\\\\node\\\\current;c:\\\\Users\\\\Lenovo\\\\.trae\\\\sdks\\\\versions\\\\node\\\\current;C:\\Program Files\\PowerShell\\7;C:\\Users\\Lenovo\\Downloads\\Halati\\Halati\\flutter\\bin\\;c:\\Users\\Lenovo\\.trae\\sdks\\workspaces\\abae64b8\\versions\\node\\current;c:\\Users\\Lenovo\\.trae\\sdks\\versions\\node\\current;C:\\Program Files\\Oculus\\Support\\oculus-runtime;c:\\Users\\Mr. Taha\\AppData\\Local\\Programs\\cursor\\resources\\app\\bin;C:\\flutter\\bin;C:\\Python313\\Scripts\\;C:\\Python313\\;C:\\WINDOWS\\system32;C:\\WINDOWS;C:\\WINDOWS\\System32\\Wbem;C:\\WINDOWS\\System32\\WindowsPowerShell\\v1.0\\;C:\\WINDOWS\\System32\\OpenSSH\\;C:\\Program Files\\nodejs\\;C:\\ProgramData\\chocolatey\\bin;C:\\Program Files\\dotnet\\;C:\\Program Files\\Git LFS;C:\\Users\\Lenovo\\AppData\\Local\\Microsoft\\WindowsApps;C:\\Users\\Lenovo\\AppData\\Local\\Microsoft\\WinGet\\Links;C:\\Program Files\\PowerShell\\7\\;C:\\Program Files\\Git\\cmd;C:\\Users\\Lenovo\\.local\\bin;C:\\Program Files\\Docker\\Docker\\resources\\bin;C:\\Users\\Lenovo\\AppData\\Local\\Programs\\Microsoft VS Code Insiders\\bin;C:\\Users\\Lenovo\\AppData\\Local\\Programs\\cursor\\resources\\app\\bin;C:\\Users\\Lenovo\\AppData\\Local\\Android\\Sdk\\platform-tools;C:\\Users\\Lenovo\\.deno\\bin;C:\\Users\\Lenovo\\AppData\\Local\\Programs\\Qoder\\bin;%USERPROFILE%\\AppData\\Local\\Microsoft\\WindowsApps;'[39m,
    PATHEXT: [32m'.COM;.EXE;.BAT;.CMD;.VBS;.VBE;.JS;.JSE;.WSF;.WSH;.MSC;.PY;.PYW;.CPL'[39m,
    POWERSHELL_DISTRIBUTION_CHANNEL: [32m'MSI:Windows 10 Pro'[39m,
    PROCESSOR_ARCHITECTURE: [32m'AMD64'[39m,
    PROCESSOR_IDENTIFIER: [32m'Intel64 Family 6 Model 142 Stepping 12, GenuineIntel'[39m,
    PROCESSOR_LEVEL: [32m'6'[39m,
    PROCESSOR_REVISION: [32m'8e0c'[39m,
    PROD: [32m''[39m,
    PROGRAMDATA: [32m'C:\\ProgramData'[39m,
    PROGRAMFILES: [32m'C:\\Program Files'[39m,
    [32m'PROGRAMFILES(X86)'[39m: [32m'C:\\Program Files (x86)'[39m,
    PROGRAMW6432: [32m'C:\\Program Files'[39m,
    PROMPT: [32m'$P$G'[39m,
    PSMODULEPATH: [32m'C:\\Users\\Lenovo\\Documents\\PowerShell\\Modules;C:\\Program Files\\PowerShell\\Modules;c:\\program files\\powershell\\7\\Modules;C:\\Program Files\\WindowsPowerShell\\Modules;C:\\WINDOWS\\system32\\WindowsPowerShell\\v1.0\\Modules'[39m,
    PUBLIC: [32m'C:\\Users\\Public'[39m,
    SESSIONNAME: [32m'Console'[39m,
    SSR: [32m''[39m,
    SYSTEMDRIVE: [32m'C:'[39m,
    SYSTEMROOT: [32m'C:\\WINDOWS'[39m,
    TEMP: [32m'C:\\Users\\Lenovo\\AppData\\Local\\Temp'[39m,
    TERM_PRODUCT: [32m'Trae'[39m,
    TERM_PROGRAM: [32m'vscode'[39m,
    TERM_PROGRAM_VERSION: [32m'1.100.3'[39m,
    TEST: [32m'true'[39m,
    TINYPOOL_WORKER_ID: [32m'7'[39m,
    TMP: [32m'C:\\Users\\Lenovo\\AppData\\Local\\Temp'[39m,
    TRAE_AI_SHELL_ID: [32m'4'[39m,
    USERDOMAIN: [32m'DESKTOP-J595T7P'[39m,
    USERDOMAIN_ROAMINGPROFILE: [32m'DESKTOP-J595T7P'[39m,
    USERNAME: [32m'Lenovo'[39m,
    USERPROFILE: [32m'C:\\Users\\Lenovo'[39m,
    VITEST: [32m'true'[39m,
    VITEST_MODE: [32m'RUN'[39m,
    VITEST_POOL_ID: [32m'7'[39m,
    VITEST_WORKER_ID: [32m'7'[39m,
    VITE_APP_NAME: [32m'Nawras CRM'[39m,
    VITE_APP_VERSION: [32m'1.0.0'[39m,
    VITE_DEV_MODE: [32m'true'[39m,
    VITE_NODE_ENV: [32m'development'[39m,
    VITE_OFFLINE_MODE: [32m'true'[39m,
    VITE_SENTRY_DSN: [32m'your-sentry-dsn-here'[39m,
    VITE_SUPABASE_ANON_KEY: [32m'eyJ0eXAiOiJKV1QiLCJhbGciOiJIUzI1NiJ9.eyJpc3MiOiJzdXBhYmFzZSIsInJlZiI6InJucWpxaHFocWhxaHFocWhxaHFoIiwicm9sZSI6ImFub24iLCJpYXQiOjE3MzU3MzI4NzAsImV4cCI6MjA1MTMwODg3MH0.Ej8Ej8Ej8Ej8Ej8Ej8Ej8Ej8Ej8Ej8Ej8Ej8Ej8'[39m,
    VITE_SUPABASE_URL: [32m'https://rnqjqhqhqhqhqhqhqhqh.supabase.co'[39m,
    VSCODE_GIT_ASKPASS_EXTRA_ARGS: [32m''[39m,
    VSCODE_GIT_ASKPASS_MAIN: [32m'c:\\Users\\Lenovo\\AppData\\Local\\Programs\\Trae\\resources\\app\\extensions\\git\\dist\\askpass-main.js'[39m,
    VSCODE_GIT_ASKPASS_NODE: [32m'C:\\Users\\Lenovo\\AppData\\Local\\Programs\\Trae\\Trae.exe'[39m,
    VSCODE_GIT_IPC_HANDLE: [32m'\\\\.\\pipe\\vscode-git-f3eb346485-sock'[39m,
    VSCODE_INJECTION: [32m'1'[39m,
    WINDIR: [32m'C:\\WINDOWS'[39m,
    __PSLOCKDOWNPOLICY: [32m'0'[39m
  }
}

[90mstdout[2m | src/pages/Customers.test.tsx
[22m[39m🔧 Supabase config: {
  url: [32m'https://rnqjqhqhqhqhqhqhqhqh.s...'[39m,
  key: [32m'eyJ0eXAiOiJKV1QiLCJh...'[39m,
  env: {
    AHA_CHROME_CRASHPAD_PIPE_NAME: [32m'\\\\.\\pipe\\crashpad_16336_DJYFJKOFGRPZHQIJ'[39m,
    ALLUSERSPROFILE: [32m'C:\\ProgramData'[39m,
    ANDROID_HOME: [32m'C:\\Users\\Lenovo\\AppData\\Local\\Android\\Sdk'[39m,
    APPDATA: [32m'C:\\Users\\Lenovo\\AppData\\Roaming'[39m,
    BASE_URL: [32m'/'[39m,
    CHOCOLATEYINSTALL: [32m'C:\\ProgramData\\chocolatey'[39m,
    COLOR: [32m'0'[39m,
    COLORTERM: [32m'truecolor'[39m,
    COMMONPROGRAMFILES: [32m'C:\\Program Files\\Common Files'[39m,
    [32m'COMMONPROGRAMFILES(X86)'[39m: [32m'C:\\Program Files (x86)\\Common Files'[39m,
    COMMONPROGRAMW6432: [32m'C:\\Program Files\\Common Files'[39m,
    COMPUTERNAME: [32m'DESKTOP-J595T7P'[39m,
    COMSPEC: [32m'C:\\WINDOWS\\system32\\cmd.exe'[39m,
    DEV: [32m'1'[39m,
    DRIVERDATA: [32m'C:\\Windows\\System32\\Drivers\\DriverData'[39m,
    EDITOR: [32m'C:\\WINDOWS\\notepad.exe'[39m,
    EFC_9244_1262719628: [32m'1'[39m,
    EFC_9244_1592913036: [32m'1'[39m,
    EFC_9244_2283032206: [32m'1'[39m,
    EFC_9244_2775293581: [32m'1'[39m,
    EFC_9244_3789132940: [32m'1'[39m,
    FORCE_TTY: [32m''[39m,
    FPS_BROWSER_APP_PROFILE_STRING: [32m'Internet Explorer'[39m,
    FPS_BROWSER_USER_PROFILE_STRING: [32m'Default'[39m,
    GIT_ASKPASS: [32m'c:\\Users\\Lenovo\\AppData\\Local\\Programs\\Trae\\resources\\app\\extensions\\git\\dist\\askpass.sh'[39m,
    GIT_LFS_PATH: [32m'C:\\Program Files\\Git LFS'[39m,
    GIT_PAGER: [32m''[39m,
    HOME: [32m'C:\\Users\\Lenovo'[39m,
    HOMEDRIVE: [32m'C:'[39m,
    HOMEPATH: [32m'\\Users\\Lenovo'[39m,
    INIT_CWD: [32m'C:\\Users\\Lenovo\\Desktop\\new_simple_crm'[39m,
    LANG: [32m'en_US.UTF-8'[39m,
    LOCALAPPDATA: [32m'C:\\Users\\Lenovo\\AppData\\Local'[39m,
    LOGONSERVER: [32m'\\\\DESKTOP-J595T7P'[39m,
    MODE: [32m'test'[39m,
    NODE: [32m'C:\\Program Files\\nodejs\\node.exe'[39m,
    NODE_ENV: [32m'test'[39m,
    NPM_COMMAND: [32m'exec'[39m,
    NPM_CONFIG_CACHE: [32m'C:\\Users\\Lenovo\\AppData\\Local\\npm-cache'[39m,
    NPM_CONFIG_GLOBALCONFIG: [32m'C:\\Users\\Lenovo\\AppData\\Roaming\\npm\\etc\\npmrc'[39m,
    NPM_CONFIG_GLOBAL_PREFIX: [32m'C:\\Users\\Lenovo\\AppData\\Roaming\\npm'[39m,
    NPM_CONFIG_INIT_MODULE: [32m'C:\\Users\\Lenovo\\.npm-init.js'[39m,
    NPM_CONFIG_LOCAL_PREFIX: [32m'C:\\Users\\Lenovo\\Desktop\\new_simple_crm'[39m,
    NPM_CONFIG_NODE_GYP: [32m'C:\\Program Files\\nodejs\\node_modules\\npm\\node_modules\\node-gyp\\bin\\node-gyp.js'[39m,
    NPM_CONFIG_NOPROXY: [32m''[39m,
    NPM_CONFIG_NPM_VERSION: [32m'10.9.2'[39m,
    NPM_CONFIG_PREFIX: [32m'C:\\Users\\Lenovo\\AppData\\Roaming\\npm'[39m,
    NPM_CONFIG_USERCONFIG: [32m'C:\\Users\\Lenovo\\.npmrc'[39m,
    NPM_CONFIG_USER_AGENT: [32m'npm/10.9.2 node/v22.14.0 win32 x64 workspaces/false'[39m,
    NPM_EXECPATH: [32m'C:\\Program Files\\nodejs\\node_modules\\npm\\bin\\npm-cli.js'[39m,
    NPM_LIFECYCLE_EVENT: [32m'npx'[39m,
    NPM_LIFECYCLE_SCRIPT: [32m'vitest'[39m,
    NPM_NODE_EXECPATH: [32m'C:\\Program Files\\nodejs\\node.exe'[39m,
    NPM_PACKAGE_JSON: [32m'C:\\Users\\Lenovo\\Desktop\\new_simple_crm\\package.json'[39m,
    NPM_PACKAGE_NAME: [32m'new_simple_crm'[39m,
    NPM_PACKAGE_VERSION: [32m'0.0.0'[39m,
    NUMBER_OF_PROCESSORS: [32m'8'[39m,
    OCULUSBASE: [32m'C:\\Program Files\\Oculus\\'[39m,
    ONEDRIVE: [32m'C:\\Users\\Lenovo\\OneDrive'[39m,
    OPENSSL_CONF: [32m'C:\\Program Files\\PostgreSQL\\psqlODBC\\etc\\openssl.cnf'[39m,
    ORIGINAL_XDG_CURRENT_DESKTOP: [32m'undefined'[39m,
    OS: [32m'Windows_NT'[39m,
    PAGER: [32m''[39m,
    PATH: [32m'C:\\Users\\Lenovo\\Desktop\\new_simple_crm\\node_modules\\.bin;C:\\Users\\Lenovo\\Desktop\\new_simple_crm\\node_modules\\.bin;C:\\Users\\Lenovo\\Desktop\\node_modules\\.bin;C:\\Users\\Lenovo\\node_modules\\.bin;C:\\Users\\node_modules\\.bin;C:\\node_modules\\.bin;C:\\Program Files\\nodejs\\node_modules\\npm\\node_modules\\@npmcli\\run-script\\lib\\node-gyp-bin;c:\\\\Users\\\\Lenovo\\\\.trae\\\\sdks\\\\workspaces\\\\29b78ebe\\\\versions\\\\node\\\\current;c:\\\\Users\\\\Lenovo\\\\.trae\\\\sdks\\\\versions\\\\node\\\\current;C:\\Program Files\\PowerShell\\7;c:\\Users\\Lenovo\\.trae\\sdks\\workspaces\\29b78ebe\\versions\\node\\current;c:\\Users\\Lenovo\\.trae\\sdks\\versions\\node\\current;C:\\Program Files\\Oculus\\Support\\oculus-runtime;c:\\Users\\Mr. Taha\\AppData\\Local\\Programs\\cursor\\resources\\app\\bin;C:\\flutter\\bin;C:\\Python313\\Scripts\\;C:\\Python313\\;C:\\WINDOWS\\system32;C:\\WINDOWS;C:\\WINDOWS\\System32\\Wbem;C:\\WINDOWS\\System32\\WindowsPowerShell\\v1.0\\;C:\\WINDOWS\\System32\\OpenSSH\\;C:\\Program Files\\nodejs\\;C:\\ProgramData\\chocolatey\\bin;C:\\Program Files\\dotnet\\;C:\\Program Files\\Git LFS;C:\\Users\\Lenovo\\AppData\\Local\\Microsoft\\WindowsApps;C:\\Users\\Lenovo\\AppData\\Local\\Microsoft\\WinGet\\Links;C:\\Program Files\\Git\\cmd;C:\\Program Files\\PowerShell\\7\\;C:\\Program Files\\Docker\\Docker\\resources\\bin;C:\\WINDOWS\\system32;C:\\WINDOWS;C:\\WINDOWS\\System32\\Wbem;C:\\WINDOWS\\System32\\WindowsPowerShell\\v1.0\\;C:\\WINDOWS\\System32\\OpenSSH\\;c:\\\\Users\\\\Lenovo\\\\.trae\\\\sdks\\\\workspaces\\\\abae64b8\\\\versions\\\\node\\\\current;c:\\\\Users\\\\Lenovo\\\\.trae\\\\sdks\\\\versions\\\\node\\\\current;C:\\Program Files\\PowerShell\\7;C:\\Users\\Lenovo\\Downloads\\Halati\\Halati\\flutter\\bin\\;c:\\Users\\Lenovo\\.trae\\sdks\\workspaces\\abae64b8\\versions\\node\\current;c:\\Users\\Lenovo\\.trae\\sdks\\versions\\node\\current;C:\\Program Files\\Oculus\\Support\\oculus-runtime;c:\\Users\\Mr. Taha\\AppData\\Local\\Programs\\cursor\\resources\\app\\bin;C:\\flutter\\bin;C:\\Python313\\Scripts\\;C:\\Python313\\;C:\\WINDOWS\\system32;C:\\WINDOWS;C:\\WINDOWS\\System32\\Wbem;C:\\WINDOWS\\System32\\WindowsPowerShell\\v1.0\\;C:\\WINDOWS\\System32\\OpenSSH\\;C:\\Program Files\\nodejs\\;C:\\ProgramData\\chocolatey\\bin;C:\\Program Files\\dotnet\\;C:\\Program Files\\Git LFS;C:\\Users\\Lenovo\\AppData\\Local\\Microsoft\\WindowsApps;C:\\Users\\Lenovo\\AppData\\Local\\Microsoft\\WinGet\\Links;C:\\Program Files\\PowerShell\\7\\;C:\\Program Files\\Git\\cmd;C:\\Users\\Lenovo\\.local\\bin;C:\\Program Files\\Docker\\Docker\\resources\\bin;C:\\Users\\Lenovo\\AppData\\Local\\Programs\\Microsoft VS Code Insiders\\bin;C:\\Users\\Lenovo\\AppData\\Local\\Programs\\cursor\\resources\\app\\bin;C:\\Users\\Lenovo\\AppData\\Local\\Android\\Sdk\\platform-tools;C:\\Users\\Lenovo\\.deno\\bin;C:\\Users\\Lenovo\\AppData\\Local\\Programs\\Qoder\\bin;%USERPROFILE%\\AppData\\Local\\Microsoft\\WindowsApps;'[39m,
    PATHEXT: [32m'.COM;.EXE;.BAT;.CMD;.VBS;.VBE;.JS;.JSE;.WSF;.WSH;.MSC;.PY;.PYW;.CPL'[39m,
    POWERSHELL_DISTRIBUTION_CHANNEL: [32m'MSI:Windows 10 Pro'[39m,
    PROCESSOR_ARCHITECTURE: [32m'AMD64'[39m,
    PROCESSOR_IDENTIFIER: [32m'Intel64 Family 6 Model 142 Stepping 12, GenuineIntel'[39m,
    PROCESSOR_LEVEL: [32m'6'[39m,
    PROCESSOR_REVISION: [32m'8e0c'[39m,
    PROD: [32m''[39m,
    PROGRAMDATA: [32m'C:\\ProgramData'[39m,
    PROGRAMFILES: [32m'C:\\Program Files'[39m,
    [32m'PROGRAMFILES(X86)'[39m: [32m'C:\\Program Files (x86)'[39m,
    PROGRAMW6432: [32m'C:\\Program Files'[39m,
    PROMPT: [32m'$P$G'[39m,
    PSMODULEPATH: [32m'C:\\Users\\Lenovo\\Documents\\PowerShell\\Modules;C:\\Program Files\\PowerShell\\Modules;c:\\program files\\powershell\\7\\Modules;C:\\Program Files\\WindowsPowerShell\\Modules;C:\\WINDOWS\\system32\\WindowsPowerShell\\v1.0\\Modules'[39m,
    PUBLIC: [32m'C:\\Users\\Public'[39m,
    SESSIONNAME: [32m'Console'[39m,
    SSR: [32m''[39m,
    SYSTEMDRIVE: [32m'C:'[39m,
    SYSTEMROOT: [32m'C:\\WINDOWS'[39m,
    TEMP: [32m'C:\\Users\\Lenovo\\AppData\\Local\\Temp'[39m,
    TERM_PRODUCT: [32m'Trae'[39m,
    TERM_PROGRAM: [32m'vscode'[39m,
    TERM_PROGRAM_VERSION: [32m'1.100.3'[39m,
    TEST: [32m'true'[39m,
    TINYPOOL_WORKER_ID: [32m'1'[39m,
    TMP: [32m'C:\\Users\\Lenovo\\AppData\\Local\\Temp'[39m,
    TRAE_AI_SHELL_ID: [32m'4'[39m,
    USERDOMAIN: [32m'DESKTOP-J595T7P'[39m,
    USERDOMAIN_ROAMINGPROFILE: [32m'DESKTOP-J595T7P'[39m,
    USERNAME: [32m'Lenovo'[39m,
    USERPROFILE: [32m'C:\\Users\\Lenovo'[39m,
    VITEST: [32m'true'[39m,
    VITEST_MODE: [32m'RUN'[39m,
    VITEST_POOL_ID: [32m'1'[39m,
    VITEST_WORKER_ID: [32m'1'[39m,
    VITE_APP_NAME: [32m'Nawras CRM'[39m,
    VITE_APP_VERSION: [32m'1.0.0'[39m,
    VITE_DEV_MODE: [32m'true'[39m,
    VITE_NODE_ENV: [32m'development'[39m,
    VITE_OFFLINE_MODE: [32m'true'[39m,
    VITE_SENTRY_DSN: [32m'your-sentry-dsn-here'[39m,
    VITE_SUPABASE_ANON_KEY: [32m'eyJ0eXAiOiJKV1QiLCJhbGciOiJIUzI1NiJ9.eyJpc3MiOiJzdXBhYmFzZSIsInJlZiI6InJucWpxaHFocWhxaHFocWhxaHFoIiwicm9sZSI6ImFub24iLCJpYXQiOjE3MzU3MzI4NzAsImV4cCI6MjA1MTMwODg3MH0.Ej8Ej8Ej8Ej8Ej8Ej8Ej8Ej8Ej8Ej8Ej8Ej8Ej8'[39m,
    VITE_SUPABASE_URL: [32m'https://rnqjqhqhqhqhqhqhqhqh.supabase.co'[39m,
    VSCODE_GIT_ASKPASS_EXTRA_ARGS: [32m''[39m,
    VSCODE_GIT_ASKPASS_MAIN: [32m'c:\\Users\\Lenovo\\AppData\\Local\\Programs\\Trae\\resources\\app\\extensions\\git\\dist\\askpass-main.js'[39m,
    VSCODE_GIT_ASKPASS_NODE: [32m'C:\\Users\\Lenovo\\AppData\\Local\\Programs\\Trae\\Trae.exe'[39m,
    VSCODE_GIT_IPC_HANDLE: [32m'\\\\.\\pipe\\vscode-git-f3eb346485-sock'[39m,
    VSCODE_INJECTION: [32m'1'[39m,
    WINDIR: [32m'C:\\WINDOWS'[39m,
    __PSLOCKDOWNPOLICY: [32m'0'[39m
  }
}

[90mstdout[2m | src/pages/Customers.test.tsx
[22m[39m🔧 Offline data initialized

stderr | src/pages/Customers.test.tsx
Multiple GoTrueClient instances detected in the same browser context. It is not an error, but this should be avoided as it may produce undefined behavior when used concurrently under the same storage key.

[90mstdout[2m | src/pages/Settings.test.tsx
[22m[39m🔧 Supabase config: {
  url: [32m'https://rnqjqhqhqhqhqhqhqhqh.s...'[39m,
  key: [32m'eyJ0eXAiOiJKV1QiLCJh...'[39m,
  env: {
    AHA_CHROME_CRASHPAD_PIPE_NAME: [32m'\\\\.\\pipe\\crashpad_16336_DJYFJKOFGRPZHQIJ'[39m,
    ALLUSERSPROFILE: [32m'C:\\ProgramData'[39m,
    ANDROID_HOME: [32m'C:\\Users\\Lenovo\\AppData\\Local\\Android\\Sdk'[39m,
    APPDATA: [32m'C:\\Users\\Lenovo\\AppData\\Roaming'[39m,
    BASE_URL: [32m'/'[39m,
    CHOCOLATEYINSTALL: [32m'C:\\ProgramData\\chocolatey'[39m,
    COLOR: [32m'0'[39m,
    COLORTERM: [32m'truecolor'[39m,
    COMMONPROGRAMFILES: [32m'C:\\Program Files\\Common Files'[39m,
    [32m'COMMONPROGRAMFILES(X86)'[39m: [32m'C:\\Program Files (x86)\\Common Files'[39m,
    COMMONPROGRAMW6432: [32m'C:\\Program Files\\Common Files'[39m,
    COMPUTERNAME: [32m'DESKTOP-J595T7P'[39m,
    COMSPEC: [32m'C:\\WINDOWS\\system32\\cmd.exe'[39m,
    DEV: [32m'1'[39m,
    DRIVERDATA: [32m'C:\\Windows\\System32\\Drivers\\DriverData'[39m,
    EDITOR: [32m'C:\\WINDOWS\\notepad.exe'[39m,
    EFC_9244_1262719628: [32m'1'[39m,
    EFC_9244_1592913036: [32m'1'[39m,
    EFC_9244_2283032206: [32m'1'[39m,
    EFC_9244_2775293581: [32m'1'[39m,
    EFC_9244_3789132940: [32m'1'[39m,
    FORCE_TTY: [32m''[39m,
    FPS_BROWSER_APP_PROFILE_STRING: [32m'Internet Explorer'[39m,
    FPS_BROWSER_USER_PROFILE_STRING: [32m'Default'[39m,
    GIT_ASKPASS: [32m'c:\\Users\\Lenovo\\AppData\\Local\\Programs\\Trae\\resources\\app\\extensions\\git\\dist\\askpass.sh'[39m,
    GIT_LFS_PATH: [32m'C:\\Program Files\\Git LFS'[39m,
    GIT_PAGER: [32m''[39m,
    HOME: [32m'C:\\Users\\Lenovo'[39m,
    HOMEDRIVE: [32m'C:'[39m,
    HOMEPATH: [32m'\\Users\\Lenovo'[39m,
    INIT_CWD: [32m'C:\\Users\\Lenovo\\Desktop\\new_simple_crm'[39m,
    LANG: [32m'en_US.UTF-8'[39m,
    LOCALAPPDATA: [32m'C:\\Users\\Lenovo\\AppData\\Local'[39m,
    LOGONSERVER: [32m'\\\\DESKTOP-J595T7P'[39m,
    MODE: [32m'test'[39m,
    NODE: [32m'C:\\Program Files\\nodejs\\node.exe'[39m,
    NODE_ENV: [32m'test'[39m,
    NPM_COMMAND: [32m'exec'[39m,
    NPM_CONFIG_CACHE: [32m'C:\\Users\\Lenovo\\AppData\\Local\\npm-cache'[39m,
    NPM_CONFIG_GLOBALCONFIG: [32m'C:\\Users\\Lenovo\\AppData\\Roaming\\npm\\etc\\npmrc'[39m,
    NPM_CONFIG_GLOBAL_PREFIX: [32m'C:\\Users\\Lenovo\\AppData\\Roaming\\npm'[39m,
    NPM_CONFIG_INIT_MODULE: [32m'C:\\Users\\Lenovo\\.npm-init.js'[39m,
    NPM_CONFIG_LOCAL_PREFIX: [32m'C:\\Users\\Lenovo\\Desktop\\new_simple_crm'[39m,
    NPM_CONFIG_NODE_GYP: [32m'C:\\Program Files\\nodejs\\node_modules\\npm\\node_modules\\node-gyp\\bin\\node-gyp.js'[39m,
    NPM_CONFIG_NOPROXY: [32m''[39m,
    NPM_CONFIG_NPM_VERSION: [32m'10.9.2'[39m,
    NPM_CONFIG_PREFIX: [32m'C:\\Users\\Lenovo\\AppData\\Roaming\\npm'[39m,
    NPM_CONFIG_USERCONFIG: [32m'C:\\Users\\Lenovo\\.npmrc'[39m,
    NPM_CONFIG_USER_AGENT: [32m'npm/10.9.2 node/v22.14.0 win32 x64 workspaces/false'[39m,
    NPM_EXECPATH: [32m'C:\\Program Files\\nodejs\\node_modules\\npm\\bin\\npm-cli.js'[39m,
    NPM_LIFECYCLE_EVENT: [32m'npx'[39m,
    NPM_LIFECYCLE_SCRIPT: [32m'vitest'[39m,
    NPM_NODE_EXECPATH: [32m'C:\\Program Files\\nodejs\\node.exe'[39m,
    NPM_PACKAGE_JSON: [32m'C:\\Users\\Lenovo\\Desktop\\new_simple_crm\\package.json'[39m,
    NPM_PACKAGE_NAME: [32m'new_simple_crm'[39m,
    NPM_PACKAGE_VERSION: [32m'0.0.0'[39m,
    NUMBER_OF_PROCESSORS: [32m'8'[39m,
    OCULUSBASE: [32m'C:\\Program Files\\Oculus\\'[39m,
    ONEDRIVE: [32m'C:\\Users\\Lenovo\\OneDrive'[39m,
    OPENSSL_CONF: [32m'C:\\Program Files\\PostgreSQL\\psqlODBC\\etc\\openssl.cnf'[39m,
    ORIGINAL_XDG_CURRENT_DESKTOP: [32m'undefined'[39m,
    OS: [32m'Windows_NT'[39m,
    PAGER: [32m''[39m,
    PATH: [32m'C:\\Users\\Lenovo\\Desktop\\new_simple_crm\\node_modules\\.bin;C:\\Users\\Lenovo\\Desktop\\new_simple_crm\\node_modules\\.bin;C:\\Users\\Lenovo\\Desktop\\node_modules\\.bin;C:\\Users\\Lenovo\\node_modules\\.bin;C:\\Users\\node_modules\\.bin;C:\\node_modules\\.bin;C:\\Program Files\\nodejs\\node_modules\\npm\\node_modules\\@npmcli\\run-script\\lib\\node-gyp-bin;c:\\\\Users\\\\Lenovo\\\\.trae\\\\sdks\\\\workspaces\\\\29b78ebe\\\\versions\\\\node\\\\current;c:\\\\Users\\\\Lenovo\\\\.trae\\\\sdks\\\\versions\\\\node\\\\current;C:\\Program Files\\PowerShell\\7;c:\\Users\\Lenovo\\.trae\\sdks\\workspaces\\29b78ebe\\versions\\node\\current;c:\\Users\\Lenovo\\.trae\\sdks\\versions\\node\\current;C:\\Program Files\\Oculus\\Support\\oculus-runtime;c:\\Users\\Mr. Taha\\AppData\\Local\\Programs\\cursor\\resources\\app\\bin;C:\\flutter\\bin;C:\\Python313\\Scripts\\;C:\\Python313\\;C:\\WINDOWS\\system32;C:\\WINDOWS;C:\\WINDOWS\\System32\\Wbem;C:\\WINDOWS\\System32\\WindowsPowerShell\\v1.0\\;C:\\WINDOWS\\System32\\OpenSSH\\;C:\\Program Files\\nodejs\\;C:\\ProgramData\\chocolatey\\bin;C:\\Program Files\\dotnet\\;C:\\Program Files\\Git LFS;C:\\Users\\Lenovo\\AppData\\Local\\Microsoft\\WindowsApps;C:\\Users\\Lenovo\\AppData\\Local\\Microsoft\\WinGet\\Links;C:\\Program Files\\Git\\cmd;C:\\Program Files\\PowerShell\\7\\;C:\\Program Files\\Docker\\Docker\\resources\\bin;C:\\WINDOWS\\system32;C:\\WINDOWS;C:\\WINDOWS\\System32\\Wbem;C:\\WINDOWS\\System32\\WindowsPowerShell\\v1.0\\;C:\\WINDOWS\\System32\\OpenSSH\\;c:\\\\Users\\\\Lenovo\\\\.trae\\\\sdks\\\\workspaces\\\\abae64b8\\\\versions\\\\node\\\\current;c:\\\\Users\\\\Lenovo\\\\.trae\\\\sdks\\\\versions\\\\node\\\\current;C:\\Program Files\\PowerShell\\7;C:\\Users\\Lenovo\\Downloads\\Halati\\Halati\\flutter\\bin\\;c:\\Users\\Lenovo\\.trae\\sdks\\workspaces\\abae64b8\\versions\\node\\current;c:\\Users\\Lenovo\\.trae\\sdks\\versions\\node\\current;C:\\Program Files\\Oculus\\Support\\oculus-runtime;c:\\Users\\Mr. Taha\\AppData\\Local\\Programs\\cursor\\resources\\app\\bin;C:\\flutter\\bin;C:\\Python313\\Scripts\\;C:\\Python313\\;C:\\WINDOWS\\system32;C:\\WINDOWS;C:\\WINDOWS\\System32\\Wbem;C:\\WINDOWS\\System32\\WindowsPowerShell\\v1.0\\;C:\\WINDOWS\\System32\\OpenSSH\\;C:\\Program Files\\nodejs\\;C:\\ProgramData\\chocolatey\\bin;C:\\Program Files\\dotnet\\;C:\\Program Files\\Git LFS;C:\\Users\\Lenovo\\AppData\\Local\\Microsoft\\WindowsApps;C:\\Users\\Lenovo\\AppData\\Local\\Microsoft\\WinGet\\Links;C:\\Program Files\\PowerShell\\7\\;C:\\Program Files\\Git\\cmd;C:\\Users\\Lenovo\\.local\\bin;C:\\Program Files\\Docker\\Docker\\resources\\bin;C:\\Users\\Lenovo\\AppData\\Local\\Programs\\Microsoft VS Code Insiders\\bin;C:\\Users\\Lenovo\\AppData\\Local\\Programs\\cursor\\resources\\app\\bin;C:\\Users\\Lenovo\\AppData\\Local\\Android\\Sdk\\platform-tools;C:\\Users\\Lenovo\\.deno\\bin;C:\\Users\\Lenovo\\AppData\\Local\\Programs\\Qoder\\bin;%USERPROFILE%\\AppData\\Local\\Microsoft\\WindowsApps;'[39m,
    PATHEXT: [32m'.COM;.EXE;.BAT;.CMD;.VBS;.VBE;.JS;.JSE;.WSF;.WSH;.MSC;.PY;.PYW;.CPL'[39m,
    POWERSHELL_DISTRIBUTION_CHANNEL: [32m'MSI:Windows 10 Pro'[39m,
    PROCESSOR_ARCHITECTURE: [32m'AMD64'[39m,
    PROCESSOR_IDENTIFIER: [32m'Intel64 Family 6 Model 142 Stepping 12, GenuineIntel'[39m,
    PROCESSOR_LEVEL: [32m'6'[39m,
    PROCESSOR_REVISION: [32m'8e0c'[39m,
    PROD: [32m''[39m,
    PROGRAMDATA: [32m'C:\\ProgramData'[39m,
    PROGRAMFILES: [32m'C:\\Program Files'[39m,
    [32m'PROGRAMFILES(X86)'[39m: [32m'C:\\Program Files (x86)'[39m,
    PROGRAMW6432: [32m'C:\\Program Files'[39m,
    PROMPT: [32m'$P$G'[39m,
    PSMODULEPATH: [32m'C:\\Users\\Lenovo\\Documents\\PowerShell\\Modules;C:\\Program Files\\PowerShell\\Modules;c:\\program files\\powershell\\7\\Modules;C:\\Program Files\\WindowsPowerShell\\Modules;C:\\WINDOWS\\system32\\WindowsPowerShell\\v1.0\\Modules'[39m,
    PUBLIC: [32m'C:\\Users\\Public'[39m,
    SESSIONNAME: [32m'Console'[39m,
    SSR: [32m''[39m,
    SYSTEMDRIVE: [32m'C:'[39m,
    SYSTEMROOT: [32m'C:\\WINDOWS'[39m,
    TEMP: [32m'C:\\Users\\Lenovo\\AppData\\Local\\Temp'[39m,
    TERM_PRODUCT: [32m'Trae'[39m,
    TERM_PROGRAM: [32m'vscode'[39m,
    TERM_PROGRAM_VERSION: [32m'1.100.3'[39m,
    TEST: [32m'true'[39m,
    TINYPOOL_WORKER_ID: [32m'5'[39m,
    TMP: [32m'C:\\Users\\Lenovo\\AppData\\Local\\Temp'[39m,
    TRAE_AI_SHELL_ID: [32m'4'[39m,
    USERDOMAIN: [32m'DESKTOP-J595T7P'[39m,
    USERDOMAIN_ROAMINGPROFILE: [32m'DESKTOP-J595T7P'[39m,
    USERNAME: [32m'Lenovo'[39m,
    USERPROFILE: [32m'C:\\Users\\Lenovo'[39m,
    VITEST: [32m'true'[39m,
    VITEST_MODE: [32m'RUN'[39m,
    VITEST_POOL_ID: [32m'5'[39m,
    VITEST_WORKER_ID: [32m'5'[39m,
    VITE_APP_NAME: [32m'Nawras CRM'[39m,
    VITE_APP_VERSION: [32m'1.0.0'[39m,
    VITE_DEV_MODE: [32m'true'[39m,
    VITE_NODE_ENV: [32m'development'[39m,
    VITE_OFFLINE_MODE: [32m'true'[39m,
    VITE_SENTRY_DSN: [32m'your-sentry-dsn-here'[39m,
    VITE_SUPABASE_ANON_KEY: [32m'eyJ0eXAiOiJKV1QiLCJhbGciOiJIUzI1NiJ9.eyJpc3MiOiJzdXBhYmFzZSIsInJlZiI6InJucWpxaHFocWhxaHFocWhxaHFoIiwicm9sZSI6ImFub24iLCJpYXQiOjE3MzU3MzI4NzAsImV4cCI6MjA1MTMwODg3MH0.Ej8Ej8Ej8Ej8Ej8Ej8Ej8Ej8Ej8Ej8Ej8Ej8Ej8'[39m,
    VITE_SUPABASE_URL: [32m'https://rnqjqhqhqhqhqhqhqhqh.supabase.co'[39m,
    VSCODE_GIT_ASKPASS_EXTRA_ARGS: [32m''[39m,
    VSCODE_GIT_ASKPASS_MAIN: [32m'c:\\Users\\Lenovo\\AppData\\Local\\Programs\\Trae\\resources\\app\\extensions\\git\\dist\\askpass-main.js'[39m,
    VSCODE_GIT_ASKPASS_NODE: [32m'C:\\Users\\Lenovo\\AppData\\Local\\Programs\\Trae\\Trae.exe'[39m,
    VSCODE_GIT_IPC_HANDLE: [32m'\\\\.\\pipe\\vscode-git-f3eb346485-sock'[39m,
    VSCODE_INJECTION: [32m'1'[39m,
    WINDIR: [32m'C:\\WINDOWS'[39m,
    __PSLOCKDOWNPOLICY: [32m'0'[39m
  }
}

stderr | src/pages/Settings.test.tsx
Multiple GoTrueClient instances detected in the same browser context. It is not an error, but this should be avoided as it may produce undefined behavior when used concurrently under the same storage key.

[90mstdout[2m | src/pages/Customers.test.tsx[2m > [22m[2mCustomers[2m > [22m[2mrendering[2m > [22m[2mshould render customers page title and description
[22m[39m🚀 Customers component is mounting
📡 Supabase client available: [33mtrue[39m
🔥 useEffect triggered - calling loadCustomers
🔄 Starting loadCustomers function
📱 Loading customers from offline service

[90mstdout[2m | src/pages/Customers.test.tsx[2m > [22m[2mCustomers[2m > [22m[2mrendering[2m > [22m[2mshould render customers page title and description
[22m[39m✅ Customers loaded from offline service: []
🏁 Setting loading to false

[90mstdout[2m | src/pages/Customers.test.tsx[2m > [22m[2mCustomers[2m > [22m[2mrendering[2m > [22m[2mshould render add customer button
[22m[39m🚀 Customers component is mounting
📡 Supabase client available: [33mtrue[39m
🔥 useEffect triggered - calling loadCustomers
🔄 Starting loadCustomers function
📱 Loading customers from offline service

[90mstdout[2m | src/pages/Customers.test.tsx[2m > [22m[2mCustomers[2m > [22m[2mrendering[2m > [22m[2mshould render add customer button
[22m[39m✅ Customers loaded from offline service: []
🏁 Setting loading to false

[90mstdout[2m | src/test/unit/Customer.test.tsx[2m > [22m[2mCustomers Component[2m > [22m[2mLoading State[2m > [22m[2mshould show loading spinner while fetching customer data
[22m[39m🚀 Customers component is mounting
📡 Supabase client available: [33mtrue[39m
🔥 useEffect triggered - calling loadCustomers
🔄 Starting loadCustomers function
📱 Loading customers from offline service
🚀 Customers component is mounting
📡 Supabase client available: [33mtrue[39m
✅ Customers loaded from offline service: []
🏁 Setting loading to false
🚀 Customers component is mounting
📡 Supabase client available: [33mtrue[39m

[90mstdout[2m | src/pages/Settings.test.tsx
[22m[39m🔧 Offline data initialized

stderr | src/pages/Settings.test.tsx
Multiple GoTrueClient instances detected in the same browser context. It is not an error, but this should be avoided as it may produce undefined behavior when used concurrently under the same storage key.

[90mstdout[2m | src/pages/Customers.test.tsx[2m > [22m[2mCustomers[2m > [22m[2mrendering[2m > [22m[2mshould render search input and status filter
[22m[39m🚀 Customers component is mounting
📡 Supabase client available: [33mtrue[39m
🔥 useEffect triggered - calling loadCustomers
🔄 Starting loadCustomers function
📱 Loading customers from offline service

[90mstdout[2m | src/pages/Customers.test.tsx[2m > [22m[2mCustomers[2m > [22m[2mrendering[2m > [22m[2mshould render search input and status filter
[22m[39m✅ Customers loaded from offline service: []
🏁 Setting loading to false

[90mstdout[2m | src/pages/Proposals.test.tsx
[22m[39m🔧 Supabase config: {
  url: [32m'https://rnqjqhqhqhqhqhqhqhqh.s...'[39m,
  key: [32m'eyJ0eXAiOiJKV1QiLCJh...'[39m,
  env: {
    AHA_CHROME_CRASHPAD_PIPE_NAME: [32m'\\\\.\\pipe\\crashpad_16336_DJYFJKOFGRPZHQIJ'[39m,
    ALLUSERSPROFILE: [32m'C:\\ProgramData'[39m,
    ANDROID_HOME: [32m'C:\\Users\\Lenovo\\AppData\\Local\\Android\\Sdk'[39m,
    APPDATA: [32m'C:\\Users\\Lenovo\\AppData\\Roaming'[39m,
    BASE_URL: [32m'/'[39m,
    CHOCOLATEYINSTALL: [32m'C:\\ProgramData\\chocolatey'[39m,
    COLOR: [32m'0'[39m,
    COLORTERM: [32m'truecolor'[39m,
    COMMONPROGRAMFILES: [32m'C:\\Program Files\\Common Files'[39m,
    [32m'COMMONPROGRAMFILES(X86)'[39m: [32m'C:\\Program Files (x86)\\Common Files'[39m,
    COMMONPROGRAMW6432: [32m'C:\\Program Files\\Common Files'[39m,
    COMPUTERNAME: [32m'DESKTOP-J595T7P'[39m,
    COMSPEC: [32m'C:\\WINDOWS\\system32\\cmd.exe'[39m,
    DEV: [32m'1'[39m,
    DRIVERDATA: [32m'C:\\Windows\\System32\\Drivers\\DriverData'[39m,
    EDITOR: [32m'C:\\WINDOWS\\notepad.exe'[39m,
    EFC_9244_1262719628: [32m'1'[39m,
    EFC_9244_1592913036: [32m'1'[39m,
    EFC_9244_2283032206: [32m'1'[39m,
    EFC_9244_2775293581: [32m'1'[39m,
    EFC_9244_3789132940: [32m'1'[39m,
    FORCE_TTY: [32m''[39m,
    FPS_BROWSER_APP_PROFILE_STRING: [32m'Internet Explorer'[39m,
    FPS_BROWSER_USER_PROFILE_STRING: [32m'Default'[39m,
    GIT_ASKPASS: [32m'c:\\Users\\Lenovo\\AppData\\Local\\Programs\\Trae\\resources\\app\\extensions\\git\\dist\\askpass.sh'[39m,
    GIT_LFS_PATH: [32m'C:\\Program Files\\Git LFS'[39m,
    GIT_PAGER: [32m''[39m,
    HOME: [32m'C:\\Users\\Lenovo'[39m,
    HOMEDRIVE: [32m'C:'[39m,
    HOMEPATH: [32m'\\Users\\Lenovo'[39m,
    INIT_CWD: [32m'C:\\Users\\Lenovo\\Desktop\\new_simple_crm'[39m,
    LANG: [32m'en_US.UTF-8'[39m,
    LOCALAPPDATA: [32m'C:\\Users\\Lenovo\\AppData\\Local'[39m,
    LOGONSERVER: [32m'\\\\DESKTOP-J595T7P'[39m,
    MODE: [32m'test'[39m,
    NODE: [32m'C:\\Program Files\\nodejs\\node.exe'[39m,
    NODE_ENV: [32m'test'[39m,
    NPM_COMMAND: [32m'exec'[39m,
    NPM_CONFIG_CACHE: [32m'C:\\Users\\Lenovo\\AppData\\Local\\npm-cache'[39m,
    NPM_CONFIG_GLOBALCONFIG: [32m'C:\\Users\\Lenovo\\AppData\\Roaming\\npm\\etc\\npmrc'[39m,
    NPM_CONFIG_GLOBAL_PREFIX: [32m'C:\\Users\\Lenovo\\AppData\\Roaming\\npm'[39m,
    NPM_CONFIG_INIT_MODULE: [32m'C:\\Users\\Lenovo\\.npm-init.js'[39m,
    NPM_CONFIG_LOCAL_PREFIX: [32m'C:\\Users\\Lenovo\\Desktop\\new_simple_crm'[39m,
    NPM_CONFIG_NODE_GYP: [32m'C:\\Program Files\\nodejs\\node_modules\\npm\\node_modules\\node-gyp\\bin\\node-gyp.js'[39m,
    NPM_CONFIG_NOPROXY: [32m''[39m,
    NPM_CONFIG_NPM_VERSION: [32m'10.9.2'[39m,
    NPM_CONFIG_PREFIX: [32m'C:\\Users\\Lenovo\\AppData\\Roaming\\npm'[39m,
    NPM_CONFIG_USERCONFIG: [32m'C:\\Users\\Lenovo\\.npmrc'[39m,
    NPM_CONFIG_USER_AGENT: [32m'npm/10.9.2 node/v22.14.0 win32 x64 workspaces/false'[39m,
    NPM_EXECPATH: [32m'C:\\Program Files\\nodejs\\node_modules\\npm\\bin\\npm-cli.js'[39m,
    NPM_LIFECYCLE_EVENT: [32m'npx'[39m,
    NPM_LIFECYCLE_SCRIPT: [32m'vitest'[39m,
    NPM_NODE_EXECPATH: [32m'C:\\Program Files\\nodejs\\node.exe'[39m,
    NPM_PACKAGE_JSON: [32m'C:\\Users\\Lenovo\\Desktop\\new_simple_crm\\package.json'[39m,
    NPM_PACKAGE_NAME: [32m'new_simple_crm'[39m,
    NPM_PACKAGE_VERSION: [32m'0.0.0'[39m,
    NUMBER_OF_PROCESSORS: [32m'8'[39m,
    OCULUSBASE: [32m'C:\\Program Files\\Oculus\\'[39m,
    ONEDRIVE: [32m'C:\\Users\\Lenovo\\OneDrive'[39m,
    OPENSSL_CONF: [32m'C:\\Program Files\\PostgreSQL\\psqlODBC\\etc\\openssl.cnf'[39m,
    ORIGINAL_XDG_CURRENT_DESKTOP: [32m'undefined'[39m,
    OS: [32m'Windows_NT'[39m,
    PAGER: [32m''[39m,
    PATH: [32m'C:\\Users\\Lenovo\\Desktop\\new_simple_crm\\node_modules\\.bin;C:\\Users\\Lenovo\\Desktop\\new_simple_crm\\node_modules\\.bin;C:\\Users\\Lenovo\\Desktop\\node_modules\\.bin;C:\\Users\\Lenovo\\node_modules\\.bin;C:\\Users\\node_modules\\.bin;C:\\node_modules\\.bin;C:\\Program Files\\nodejs\\node_modules\\npm\\node_modules\\@npmcli\\run-script\\lib\\node-gyp-bin;c:\\\\Users\\\\Lenovo\\\\.trae\\\\sdks\\\\workspaces\\\\29b78ebe\\\\versions\\\\node\\\\current;c:\\\\Users\\\\Lenovo\\\\.trae\\\\sdks\\\\versions\\\\node\\\\current;C:\\Program Files\\PowerShell\\7;c:\\Users\\Lenovo\\.trae\\sdks\\workspaces\\29b78ebe\\versions\\node\\current;c:\\Users\\Lenovo\\.trae\\sdks\\versions\\node\\current;C:\\Program Files\\Oculus\\Support\\oculus-runtime;c:\\Users\\Mr. Taha\\AppData\\Local\\Programs\\cursor\\resources\\app\\bin;C:\\flutter\\bin;C:\\Python313\\Scripts\\;C:\\Python313\\;C:\\WINDOWS\\system32;C:\\WINDOWS;C:\\WINDOWS\\System32\\Wbem;C:\\WINDOWS\\System32\\WindowsPowerShell\\v1.0\\;C:\\WINDOWS\\System32\\OpenSSH\\;C:\\Program Files\\nodejs\\;C:\\ProgramData\\chocolatey\\bin;C:\\Program Files\\dotnet\\;C:\\Program Files\\Git LFS;C:\\Users\\Lenovo\\AppData\\Local\\Microsoft\\WindowsApps;C:\\Users\\Lenovo\\AppData\\Local\\Microsoft\\WinGet\\Links;C:\\Program Files\\Git\\cmd;C:\\Program Files\\PowerShell\\7\\;C:\\Program Files\\Docker\\Docker\\resources\\bin;C:\\WINDOWS\\system32;C:\\WINDOWS;C:\\WINDOWS\\System32\\Wbem;C:\\WINDOWS\\System32\\WindowsPowerShell\\v1.0\\;C:\\WINDOWS\\System32\\OpenSSH\\;c:\\\\Users\\\\Lenovo\\\\.trae\\\\sdks\\\\workspaces\\\\abae64b8\\\\versions\\\\node\\\\current;c:\\\\Users\\\\Lenovo\\\\.trae\\\\sdks\\\\versions\\\\node\\\\current;C:\\Program Files\\PowerShell\\7;C:\\Users\\Lenovo\\Downloads\\Halati\\Halati\\flutter\\bin\\;c:\\Users\\Lenovo\\.trae\\sdks\\workspaces\\abae64b8\\versions\\node\\current;c:\\Users\\Lenovo\\.trae\\sdks\\versions\\node\\current;C:\\Program Files\\Oculus\\Support\\oculus-runtime;c:\\Users\\Mr. Taha\\AppData\\Local\\Programs\\cursor\\resources\\app\\bin;C:\\flutter\\bin;C:\\Python313\\Scripts\\;C:\\Python313\\;C:\\WINDOWS\\system32;C:\\WINDOWS;C:\\WINDOWS\\System32\\Wbem;C:\\WINDOWS\\System32\\WindowsPowerShell\\v1.0\\;C:\\WINDOWS\\System32\\OpenSSH\\;C:\\Program Files\\nodejs\\;C:\\ProgramData\\chocolatey\\bin;C:\\Program Files\\dotnet\\;C:\\Program Files\\Git LFS;C:\\Users\\Lenovo\\AppData\\Local\\Microsoft\\WindowsApps;C:\\Users\\Lenovo\\AppData\\Local\\Microsoft\\WinGet\\Links;C:\\Program Files\\PowerShell\\7\\;C:\\Program Files\\Git\\cmd;C:\\Users\\Lenovo\\.local\\bin;C:\\Program Files\\Docker\\Docker\\resources\\bin;C:\\Users\\Lenovo\\AppData\\Local\\Programs\\Microsoft VS Code Insiders\\bin;C:\\Users\\Lenovo\\AppData\\Local\\Programs\\cursor\\resources\\app\\bin;C:\\Users\\Lenovo\\AppData\\Local\\Android\\Sdk\\platform-tools;C:\\Users\\Lenovo\\.deno\\bin;C:\\Users\\Lenovo\\AppData\\Local\\Programs\\Qoder\\bin;%USERPROFILE%\\AppData\\Local\\Microsoft\\WindowsApps;'[39m,
    PATHEXT: [32m'.COM;.EXE;.BAT;.CMD;.VBS;.VBE;.JS;.JSE;.WSF;.WSH;.MSC;.PY;.PYW;.CPL'[39m,
    POWERSHELL_DISTRIBUTION_CHANNEL: [32m'MSI:Windows 10 Pro'[39m,
    PROCESSOR_ARCHITECTURE: [32m'AMD64'[39m,
    PROCESSOR_IDENTIFIER: [32m'Intel64 Family 6 Model 142 Stepping 12, GenuineIntel'[39m,
    PROCESSOR_LEVEL: [32m'6'[39m,
    PROCESSOR_REVISION: [32m'8e0c'[39m,
    PROD: [32m''[39m,
    PROGRAMDATA: [32m'C:\\ProgramData'[39m,
    PROGRAMFILES: [32m'C:\\Program Files'[39m,
    [32m'PROGRAMFILES(X86)'[39m: [32m'C:\\Program Files (x86)'[39m,
    PROGRAMW6432: [32m'C:\\Program Files'[39m,
    PROMPT: [32m'$P$G'[39m,
    PSMODULEPATH: [32m'C:\\Users\\Lenovo\\Documents\\PowerShell\\Modules;C:\\Program Files\\PowerShell\\Modules;c:\\program files\\powershell\\7\\Modules;C:\\Program Files\\WindowsPowerShell\\Modules;C:\\WINDOWS\\system32\\WindowsPowerShell\\v1.0\\Modules'[39m,
    PUBLIC: [32m'C:\\Users\\Public'[39m,
    SESSIONNAME: [32m'Console'[39m,
    SSR: [32m''[39m,
    SYSTEMDRIVE: [32m'C:'[39m,
    SYSTEMROOT: [32m'C:\\WINDOWS'[39m,
    TEMP: [32m'C:\\Users\\Lenovo\\AppData\\Local\\Temp'[39m,
    TERM_PRODUCT: [32m'Trae'[39m,
    TERM_PROGRAM: [32m'vscode'[39m,
    TERM_PROGRAM_VERSION: [32m'1.100.3'[39m,
    TEST: [32m'true'[39m,
    TINYPOOL_WORKER_ID: [32m'3'[39m,
    TMP: [32m'C:\\Users\\Lenovo\\AppData\\Local\\Temp'[39m,
    TRAE_AI_SHELL_ID: [32m'4'[39m,
    USERDOMAIN: [32m'DESKTOP-J595T7P'[39m,
    USERDOMAIN_ROAMINGPROFILE: [32m'DESKTOP-J595T7P'[39m,
    USERNAME: [32m'Lenovo'[39m,
    USERPROFILE: [32m'C:\\Users\\Lenovo'[39m,
    VITEST: [32m'true'[39m,
    VITEST_MODE: [32m'RUN'[39m,
    VITEST_POOL_ID: [32m'3'[39m,
    VITEST_WORKER_ID: [32m'3'[39m,
    VITE_APP_NAME: [32m'Nawras CRM'[39m,
    VITE_APP_VERSION: [32m'1.0.0'[39m,
    VITE_DEV_MODE: [32m'true'[39m,
    VITE_NODE_ENV: [32m'development'[39m,
    VITE_OFFLINE_MODE: [32m'true'[39m,
    VITE_SENTRY_DSN: [32m'your-sentry-dsn-here'[39m,
    VITE_SUPABASE_ANON_KEY: [32m'eyJ0eXAiOiJKV1QiLCJhbGciOiJIUzI1NiJ9.eyJpc3MiOiJzdXBhYmFzZSIsInJlZiI6InJucWpxaHFocWhxaHFocWhxaHFoIiwicm9sZSI6ImFub24iLCJpYXQiOjE3MzU3MzI4NzAsImV4cCI6MjA1MTMwODg3MH0.Ej8Ej8Ej8Ej8Ej8Ej8Ej8Ej8Ej8Ej8Ej8Ej8Ej8'[39m,
    VITE_SUPABASE_URL: [32m'https://rnqjqhqhqhqhqhqhqhqh.supabase.co'[39m,
    VSCODE_GIT_ASKPASS_EXTRA_ARGS: [32m''[39m,
    VSCODE_GIT_ASKPASS_MAIN: [32m'c:\\Users\\Lenovo\\AppData\\Local\\Programs\\Trae\\resources\\app\\extensions\\git\\dist\\askpass-main.js'[39m,
    VSCODE_GIT_ASKPASS_NODE: [32m'C:\\Users\\Lenovo\\AppData\\Local\\Programs\\Trae\\Trae.exe'[39m,
    VSCODE_GIT_IPC_HANDLE: [32m'\\\\.\\pipe\\vscode-git-f3eb346485-sock'[39m,
    VSCODE_INJECTION: [32m'1'[39m,
    WINDIR: [32m'C:\\WINDOWS'[39m,
    __PSLOCKDOWNPOLICY: [32m'0'[39m
  }
}

stderr | src/pages/Proposals.test.tsx
Multiple GoTrueClient instances detected in the same browser context. It is not an error, but this should be avoided as it may produce undefined behavior when used concurrently under the same storage key.

[90mstdout[2m | src/test/unit/Customer.test.tsx[2m > [22m[2mCustomers Component[2m > [22m[2mCustomer Display[2m > [22m[2mshould display customer information correctly
[22m[39m🚀 Customers component is mounting
📡 Supabase client available: [33mtrue[39m
🔥 useEffect triggered - calling loadCustomers
🔄 Starting loadCustomers function
📱 Loading customers from offline service
🚀 Customers component is mounting
📡 Supabase client available: [33mtrue[39m
✅ Customers loaded from offline service: []
🏁 Setting loading to false
🚀 Customers component is mounting
📡 Supabase client available: [33mtrue[39m

[90mstdout[2m | src/pages/Customers.test.tsx[2m > [22m[2mCustomers[2m > [22m[2mrendering[2m > [22m[2mshould render customer list when customers exist
[22m[39m🚀 Customers component is mounting
📡 Supabase client available: [33mtrue[39m
🔥 useEffect triggered - calling loadCustomers
🔄 Starting loadCustomers function
📱 Loading customers from offline service

[90mstdout[2m | src/pages/Customers.test.tsx[2m > [22m[2mCustomers[2m > [22m[2mrendering[2m > [22m[2mshould render customer list when customers exist
[22m[39m✅ Customers loaded from offline service: []
🏁 Setting loading to false

[90mstdout[2m | src/pages/Customers.test.tsx[2m > [22m[2mCustomers[2m > [22m[2mrendering[2m > [22m[2mshould show loading state
[22m[39m🚀 Customers component is mounting
📡 Supabase client available: [33mtrue[39m
🔥 useEffect triggered - calling loadCustomers
🔄 Starting loadCustomers function
📱 Loading customers from offline service

[90mstdout[2m | src/pages/Customers.test.tsx[2m > [22m[2mCustomers[2m > [22m[2mrendering[2m > [22m[2mshould show loading state
[22m[39m✅ Customers loaded from offline service: []
🏁 Setting loading to false

[90mstdout[2m | src/pages/Customers.test.tsx[2m > [22m[2mCustomers[2m > [22m[2mrendering[2m > [22m[2mshould show empty state when no customers
[22m[39m🚀 Customers component is mounting
📡 Supabase client available: [33mtrue[39m
🔥 useEffect triggered - calling loadCustomers
🔄 Starting loadCustomers function
📱 Loading customers from offline service

[90mstdout[2m | src/pages/Customers.test.tsx[2m > [22m[2mCustomers[2m > [22m[2mrendering[2m > [22m[2mshould show empty state when no customers
[22m[39m✅ Customers loaded from offline service: []
🏁 Setting loading to false

[90mstdout[2m | src/pages/Customers.test.tsx[2m > [22m[2mCustomers[2m > [22m[2mcustomer display[2m > [22m[2mshould display customer information correctly
[22m[39m🚀 Customers component is mounting
📡 Supabase client available: [33mtrue[39m
🔥 useEffect triggered - calling loadCustomers
🔄 Starting loadCustomers function
📱 Loading customers from offline service

[90mstdout[2m | src/pages/Customers.test.tsx[2m > [22m[2mCustomers[2m > [22m[2mcustomer display[2m > [22m[2mshould display customer information correctly
[22m[39m✅ Customers loaded from offline service: []
🏁 Setting loading to false

[90mstdout[2m | src/pages/Customers.test.tsx[2m > [22m[2mCustomers[2m > [22m[2mcustomer display[2m > [22m[2mshould show customer notes when available
[22m[39m🚀 Customers component is mounting
📡 Supabase client available: [33mtrue[39m
🔥 useEffect triggered - calling loadCustomers
🔄 Starting loadCustomers function
📱 Loading customers from offline service

[90mstdout[2m | src/pages/Customers.test.tsx[2m > [22m[2mCustomers[2m > [22m[2mcustomer display[2m > [22m[2mshould show customer notes when available
[22m[39m✅ Customers loaded from offline service: []
🏁 Setting loading to false

[90mstdout[2m | src/pages/Customers.test.tsx[2m > [22m[2mCustomers[2m > [22m[2mcustomer display[2m > [22m[2mshould render edit and delete buttons for each customer
[22m[39m🚀 Customers component is mounting
📡 Supabase client available: [33mtrue[39m
🔥 useEffect triggered - calling loadCustomers
🔄 Starting loadCustomers function
📱 Loading customers from offline service

[90mstdout[2m | src/pages/Customers.test.tsx[2m > [22m[2mCustomers[2m > [22m[2mcustomer display[2m > [22m[2mshould render edit and delete buttons for each customer
[22m[39m✅ Customers loaded from offline service: []
🏁 Setting loading to false

[90mstdout[2m | src/pages/Customers.test.tsx[2m > [22m[2mCustomers[2m > [22m[2msearch functionality[2m > [22m[2mshould filter customers by name
[22m[39m🚀 Customers component is mounting
📡 Supabase client available: [33mtrue[39m
🔥 useEffect triggered - calling loadCustomers
🔄 Starting loadCustomers function
📱 Loading customers from offline service

[90mstdout[2m | src/pages/Customers.test.tsx[2m > [22m[2mCustomers[2m > [22m[2msearch functionality[2m > [22m[2mshould filter customers by name
[22m[39m✅ Customers loaded from offline service: []
🏁 Setting loading to false

[90mstdout[2m | src/test/unit/Customer.test.tsx[2m > [22m[2mCustomers Component[2m > [22m[2mCustomer Display[2m > [22m[2mshould display customer status badge
[22m[39m🚀 Customers component is mounting
📡 Supabase client available: [33mtrue[39m
🔥 useEffect triggered - calling loadCustomers
🔄 Starting loadCustomers function
📱 Loading customers from offline service
🚀 Customers component is mounting
📡 Supabase client available: [33mtrue[39m
✅ Customers loaded from offline service: []
🏁 Setting loading to false
🚀 Customers component is mounting
📡 Supabase client available: [33mtrue[39m

[90mstdout[2m | src/pages/Customers.test.tsx[2m > [22m[2mCustomers[2m > [22m[2msearch functionality[2m > [22m[2mshould filter customers by name
[22m[39m🚀 Customers component is mounting
📡 Supabase client available: [33mtrue[39m

[90mstdout[2m | src/pages/Customers.test.tsx[2m > [22m[2mCustomers[2m > [22m[2msearch functionality[2m > [22m[2mshould filter customers by name
[22m[39m🚀 Customers component is mounting
📡 Supabase client available: [33mtrue[39m

[90mstdout[2m | src/pages/Customers.test.tsx[2m > [22m[2mCustomers[2m > [22m[2msearch functionality[2m > [22m[2mshould filter customers by name
[22m[39m🚀 Customers component is mounting
📡 Supabase client available: [33mtrue[39m

[90mstdout[2m | src/pages/Customers.test.tsx[2m > [22m[2mCustomers[2m > [22m[2msearch functionality[2m > [22m[2mshould filter customers by name
[22m[39m🚀 Customers component is mounting
📡 Supabase client available: [33mtrue[39m

[90mstdout[2m | src/pages/Customers.test.tsx[2m > [22m[2mCustomers[2m > [22m[2msearch functionality[2m > [22m[2mshould filter customers by email
[22m[39m🚀 Customers component is mounting
📡 Supabase client available: [33mtrue[39m
🔥 useEffect triggered - calling loadCustomers
🔄 Starting loadCustomers function
📱 Loading customers from offline service

[90mstdout[2m | src/pages/Customers.test.tsx[2m > [22m[2mCustomers[2m > [22m[2msearch functionality[2m > [22m[2mshould filter customers by email
[22m[39m✅ Customers loaded from offline service: []
🏁 Setting loading to false

[90mstdout[2m | src/pages/Customers.test.tsx[2m > [22m[2mCustomers[2m > [22m[2msearch functionality[2m > [22m[2mshould filter customers by email
[22m[39m🚀 Customers component is mounting
📡 Supabase client available: [33mtrue[39m

[90mstdout[2m | src/pages/Customers.test.tsx[2m > [22m[2mCustomers[2m > [22m[2msearch functionality[2m > [22m[2mshould filter customers by email
[22m[39m🚀 Customers component is mounting
📡 Supabase client available: [33mtrue[39m

[90mstdout[2m | src/pages/Customers.test.tsx[2m > [22m[2mCustomers[2m > [22m[2msearch functionality[2m > [22m[2mshould filter customers by email
[22m[39m🚀 Customers component is mounting
📡 Supabase client available: [33mtrue[39m

[90mstdout[2m | src/pages/Customers.test.tsx[2m > [22m[2mCustomers[2m > [22m[2msearch functionality[2m > [22m[2mshould filter customers by email
[22m[39m🚀 Customers component is mounting
📡 Supabase client available: [33mtrue[39m

[90mstdout[2m | src/pages/Customers.test.tsx[2m > [22m[2mCustomers[2m > [22m[2msearch functionality[2m > [22m[2mshould filter customers by email
[22m[39m🚀 Customers component is mounting
📡 Supabase client available: [33mtrue[39m

[90mstdout[2m | src/pages/Customers.test.tsx[2m > [22m[2mCustomers[2m > [22m[2msearch functionality[2m > [22m[2mshould filter customers by email
[22m[39m🚀 Customers component is mounting
📡 Supabase client available: [33mtrue[39m

[90mstdout[2m | src/pages/Customers.test.tsx[2m > [22m[2mCustomers[2m > [22m[2msearch functionality[2m > [22m[2mshould filter customers by email
[22m[39m🚀 Customers component is mounting
📡 Supabase client available: [33mtrue[39m

[90mstdout[2m | src/pages/Customers.test.tsx[2m > [22m[2mCustomers[2m > [22m[2msearch functionality[2m > [22m[2mshould filter customers by email
[22m[39m🚀 Customers component is mounting
📡 Supabase client available: [33mtrue[39m

[90mstdout[2m | src/pages/Customers.test.tsx[2m > [22m[2mCustomers[2m > [22m[2msearch functionality[2m > [22m[2mshould filter customers by email
[22m[39m🚀 Customers component is mounting
📡 Supabase client available: [33mtrue[39m

[90mstdout[2m | src/test/unit/Customer.test.tsx[2m > [22m[2mCustomers Component[2m > [22m[2mEdit Mode[2m > [22m[2mshould enter edit mode when edit button is clicked
[22m[39m🚀 Customers component is mounting
📡 Supabase client available: [33mtrue[39m
🔥 useEffect triggered - calling loadCustomers
🔄 Starting loadCustomers function
📱 Loading customers from offline service
🚀 Customers component is mounting
📡 Supabase client available: [33mtrue[39m
✅ Customers loaded from offline service: []
🏁 Setting loading to false
🚀 Customers component is mounting
📡 Supabase client available: [33mtrue[39m

[90mstdout[2m | src/pages/Customers.test.tsx[2m > [22m[2mCustomers[2m > [22m[2msearch functionality[2m > [22m[2mshould filter customers by email
[22m[39m🚀 Customers component is mounting
📡 Supabase client available: [33mtrue[39m

[90mstdout[2m | src/pages/Customers.test.tsx[2m > [22m[2mCustomers[2m > [22m[2msearch functionality[2m > [22m[2mshould filter customers by email
[22m[39m🚀 Customers component is mounting
📡 Supabase client available: [33mtrue[39m

[90mstdout[2m | src/pages/Customers.test.tsx[2m > [22m[2mCustomers[2m > [22m[2msearch functionality[2m > [22m[2mshould filter customers by email
[22m[39m🚀 Customers component is mounting
📡 Supabase client available: [33mtrue[39m

[90mstdout[2m | src/pages/Customers.test.tsx[2m > [22m[2mCustomers[2m > [22m[2msearch functionality[2m > [22m[2mshould filter customers by email
[22m[39m🚀 Customers component is mounting
📡 Supabase client available: [33mtrue[39m

[90mstdout[2m | src/pages/Customers.test.tsx[2m > [22m[2mCustomers[2m > [22m[2msearch functionality[2m > [22m[2mshould filter customers by email
[22m[39m🚀 Customers component is mounting
📡 Supabase client available: [33mtrue[39m

[90mstdout[2m | src/pages/Customers.test.tsx[2m > [22m[2mCustomers[2m > [22m[2msearch functionality[2m > [22m[2mshould filter customers by email
[22m[39m🚀 Customers component is mounting
📡 Supabase client available: [33mtrue[39m

[90mstdout[2m | src/pages/Customers.test.tsx[2m > [22m[2mCustomers[2m > [22m[2msearch functionality[2m > [22m[2mshould filter customers by email
[22m[39m🚀 Customers component is mounting
📡 Supabase client available: [33mtrue[39m

[90mstdout[2m | src/pages/Customers.test.tsx[2m > [22m[2mCustomers[2m > [22m[2msearch functionality[2m > [22m[2mshould filter customers by company
[22m[39m🚀 Customers component is mounting
📡 Supabase client available: [33mtrue[39m
🔥 useEffect triggered - calling loadCustomers
🔄 Starting loadCustomers function
📱 Loading customers from offline service

[90mstdout[2m | src/pages/Customers.test.tsx[2m > [22m[2mCustomers[2m > [22m[2msearch functionality[2m > [22m[2mshould filter customers by company
[22m[39m✅ Customers loaded from offline service: []
🏁 Setting loading to false

[90mstdout[2m | src/pages/Customers.test.tsx[2m > [22m[2mCustomers[2m > [22m[2msearch functionality[2m > [22m[2mshould filter customers by company
[22m[39m🚀 Customers component is mounting
📡 Supabase client available: [33mtrue[39m

[90mstdout[2m | src/pages/Customers.test.tsx[2m > [22m[2mCustomers[2m > [22m[2msearch functionality[2m > [22m[2mshould filter customers by company
[22m[39m🚀 Customers component is mounting
📡 Supabase client available: [33mtrue[39m

[90mstdout[2m | src/pages/Customers.test.tsx[2m > [22m[2mCustomers[2m > [22m[2msearch functionality[2m > [22m[2mshould filter customers by company
[22m[39m🚀 Customers component is mounting
📡 Supabase client available: [33mtrue[39m

[90mstdout[2m | src/pages/Customers.test.tsx[2m > [22m[2mCustomers[2m > [22m[2msearch functionality[2m > [22m[2mshould filter customers by company
[22m[39m🚀 Customers component is mounting
📡 Supabase client available: [33mtrue[39m

[90mstdout[2m | src/pages/Customers.test.tsx[2m > [22m[2mCustomers[2m > [22m[2msearch functionality[2m > [22m[2mshould show no results message when search has no matches
[22m[39m🚀 Customers component is mounting
📡 Supabase client available: [33mtrue[39m
🔥 useEffect triggered - calling loadCustomers
🔄 Starting loadCustomers function
📱 Loading customers from offline service

[90mstdout[2m | src/pages/Customers.test.tsx[2m > [22m[2mCustomers[2m > [22m[2msearch functionality[2m > [22m[2mshould show no results message when search has no matches
[22m[39m✅ Customers loaded from offline service: []
🏁 Setting loading to false

[90mstdout[2m | src/pages/Customers.test.tsx[2m > [22m[2mCustomers[2m > [22m[2msearch functionality[2m > [22m[2mshould show no results message when search has no matches
[22m[39m🚀 Customers component is mounting
📡 Supabase client available: [33mtrue[39m

[90mstdout[2m | src/pages/Customers.test.tsx[2m > [22m[2mCustomers[2m > [22m[2msearch functionality[2m > [22m[2mshould show no results message when search has no matches
[22m[39m🚀 Customers component is mounting
📡 Supabase client available: [33mtrue[39m

[90mstdout[2m | src/pages/Customers.test.tsx[2m > [22m[2mCustomers[2m > [22m[2msearch functionality[2m > [22m[2mshould show no results message when search has no matches
[22m[39m🚀 Customers component is mounting
📡 Supabase client available: [33mtrue[39m

[90mstdout[2m | src/pages/Customers.test.tsx[2m > [22m[2mCustomers[2m > [22m[2msearch functionality[2m > [22m[2mshould show no results message when search has no matches
[22m[39m🚀 Customers component is mounting
📡 Supabase client available: [33mtrue[39m

[90mstdout[2m | src/pages/Customers.test.tsx[2m > [22m[2mCustomers[2m > [22m[2msearch functionality[2m > [22m[2mshould show no results message when search has no matches
[22m[39m🚀 Customers component is mounting
📡 Supabase client available: [33mtrue[39m

[90mstdout[2m | src/pages/Customers.test.tsx[2m > [22m[2mCustomers[2m > [22m[2msearch functionality[2m > [22m[2mshould show no results message when search has no matches
[22m[39m🚀 Customers component is mounting
📡 Supabase client available: [33mtrue[39m

[90mstdout[2m | src/pages/Customers.test.tsx[2m > [22m[2mCustomers[2m > [22m[2msearch functionality[2m > [22m[2mshould show no results message when search has no matches
[22m[39m🚀 Customers component is mounting
📡 Supabase client available: [33mtrue[39m

[90mstdout[2m | src/pages/Customers.test.tsx[2m > [22m[2mCustomers[2m > [22m[2msearch functionality[2m > [22m[2mshould show no results message when search has no matches
[22m[39m🚀 Customers component is mounting
📡 Supabase client available: [33mtrue[39m

[90mstdout[2m | src/pages/Customers.test.tsx[2m > [22m[2mCustomers[2m > [22m[2msearch functionality[2m > [22m[2mshould show no results message when search has no matches
[22m[39m🚀 Customers component is mounting
📡 Supabase client available: [33mtrue[39m

[90mstdout[2m | src/pages/Customers.test.tsx[2m > [22m[2mCustomers[2m > [22m[2msearch functionality[2m > [22m[2mshould show no results message when search has no matches
[22m[39m🚀 Customers component is mounting
📡 Supabase client available: [33mtrue[39m

[90mstdout[2m | src/pages/Customers.test.tsx[2m > [22m[2mCustomers[2m > [22m[2msearch functionality[2m > [22m[2mshould show no results message when search has no matches
[22m[39m🚀 Customers component is mounting
📡 Supabase client available: [33mtrue[39m

[90mstdout[2m | src/pages/Customers.test.tsx[2m > [22m[2mCustomers[2m > [22m[2mstatus filtering[2m > [22m[2mshould filter customers by active status
[22m[39m🚀 Customers component is mounting
📡 Supabase client available: [33mtrue[39m
🔥 useEffect triggered - calling loadCustomers
🔄 Starting loadCustomers function
📱 Loading customers from offline service

[90mstdout[2m | src/pages/Customers.test.tsx[2m > [22m[2mCustomers[2m > [22m[2mstatus filtering[2m > [22m[2mshould filter customers by active status
[22m[39m✅ Customers loaded from offline service: []
🏁 Setting loading to false

[90mstdout[2m | src/pages/Customers.test.tsx[2m > [22m[2mCustomers[2m > [22m[2mstatus filtering[2m > [22m[2mshould filter customers by active status
[22m[39m🚀 Customers component is mounting
📡 Supabase client available: [33mtrue[39m

[90mstdout[2m | src/test/unit/Customer.test.tsx[2m > [22m[2mCustomers Component[2m > [22m[2mEdit Mode[2m > [22m[2mshould cancel edit mode when cancel button is clicked
[22m[39m🚀 Customers component is mounting
📡 Supabase client available: [33mtrue[39m
🔥 useEffect triggered - calling loadCustomers
🔄 Starting loadCustomers function
📱 Loading customers from offline service
🚀 Customers component is mounting
📡 Supabase client available: [33mtrue[39m
✅ Customers loaded from offline service: []
🏁 Setting loading to false
🚀 Customers component is mounting
📡 Supabase client available: [33mtrue[39m

[90mstdout[2m | src/pages/Customers.test.tsx[2m > [22m[2mCustomers[2m > [22m[2mstatus filtering[2m > [22m[2mshould filter customers by prospect status
[22m[39m🚀 Customers component is mounting
📡 Supabase client available: [33mtrue[39m
🔥 useEffect triggered - calling loadCustomers
🔄 Starting loadCustomers function
📱 Loading customers from offline service

[90mstdout[2m | src/pages/Customers.test.tsx[2m > [22m[2mCustomers[2m > [22m[2mstatus filtering[2m > [22m[2mshould filter customers by prospect status
[22m[39m✅ Customers loaded from offline service: []
🏁 Setting loading to false

[90mstdout[2m | src/pages/Customers.test.tsx[2m > [22m[2mCustomers[2m > [22m[2mstatus filtering[2m > [22m[2mshould filter customers by prospect status
[22m[39m🚀 Customers component is mounting
📡 Supabase client available: [33mtrue[39m

[90mstdout[2m | src/pages/Customers.test.tsx[2m > [22m[2mCustomers[2m > [22m[2mstatus filtering[2m > [22m[2mshould show all customers when filter is set to all
[22m[39m🚀 Customers component is mounting
📡 Supabase client available: [33mtrue[39m
🔥 useEffect triggered - calling loadCustomers
🔄 Starting loadCustomers function
📱 Loading customers from offline service

[90mstdout[2m | src/pages/Customers.test.tsx[2m > [22m[2mCustomers[2m > [22m[2mstatus filtering[2m > [22m[2mshould show all customers when filter is set to all
[22m[39m✅ Customers loaded from offline service: []
🏁 Setting loading to false

[90mstdout[2m | src/pages/Customers.test.tsx[2m > [22m[2mCustomers[2m > [22m[2madd customer modal[2m > [22m[2mshould open add customer modal when button is clicked
[22m[39m🚀 Customers component is mounting
📡 Supabase client available: [33mtrue[39m
🔥 useEffect triggered - calling loadCustomers
🔄 Starting loadCustomers function
📱 Loading customers from offline service

[90mstdout[2m | src/pages/Customers.test.tsx[2m > [22m[2mCustomers[2m > [22m[2madd customer modal[2m > [22m[2mshould open add customer modal when button is clicked
[22m[39m✅ Customers loaded from offline service: []
🏁 Setting loading to false

[90mstdout[2m | src/pages/Customers.test.tsx[2m > [22m[2mCustomers[2m > [22m[2madd customer modal[2m > [22m[2mshould open add customer modal when button is clicked
[22m[39m🚀 Customers component is mounting
📡 Supabase client available: [33mtrue[39m

[90mstdout[2m | src/pages/Customers.test.tsx[2m > [22m[2mCustomers[2m > [22m[2madd customer modal[2m > [22m[2mshould close modal when cancel button is clicked
[22m[39m🚀 Customers component is mounting
📡 Supabase client available: [33mtrue[39m
🔥 useEffect triggered - calling loadCustomers
🔄 Starting loadCustomers function
📱 Loading customers from offline service

[90mstdout[2m | src/pages/Customers.test.tsx[2m > [22m[2mCustomers[2m > [22m[2madd customer modal[2m > [22m[2mshould close modal when cancel button is clicked
[22m[39m✅ Customers loaded from offline service: []
🏁 Setting loading to false

[90mstdout[2m | src/pages/Customers.test.tsx[2m > [22m[2mCustomers[2m > [22m[2madd customer modal[2m > [22m[2mshould close modal when cancel button is clicked
[22m[39m🚀 Customers component is mounting
📡 Supabase client available: [33mtrue[39m

[90mstdout[2m | src/pages/Customers.test.tsx[2m > [22m[2mCustomers[2m > [22m[2madd customer modal[2m > [22m[2mshould close modal when cancel button is clicked
[22m[39m🚀 Customers component is mounting
📡 Supabase client available: [33mtrue[39m

[90mstdout[2m | src/pages/Customers.test.tsx[2m > [22m[2mCustomers[2m > [22m[2madd customer modal[2m > [22m[2mshould validate required fields
[22m[39m🚀 Customers component is mounting
📡 Supabase client available: [33mtrue[39m
🔥 useEffect triggered - calling loadCustomers
🔄 Starting loadCustomers function
📱 Loading customers from offline service

[90mstdout[2m | src/pages/Customers.test.tsx[2m > [22m[2mCustomers[2m > [22m[2madd customer modal[2m > [22m[2mshould validate required fields
[22m[39m✅ Customers loaded from offline service: []
🏁 Setting loading to false

[90mstdout[2m | src/pages/Customers.test.tsx[2m > [22m[2mCustomers[2m > [22m[2madd customer modal[2m > [22m[2mshould validate required fields
[22m[39m🚀 Customers component is mounting
📡 Supabase client available: [33mtrue[39m

[90mstdout[2m | src/test/unit/Customer.test.tsx[2m > [22m[2mCustomers Component[2m > [22m[2mSave Functionality[2m > [22m[2mshould save customer changes successfully
[22m[39m🚀 Customers component is mounting
📡 Supabase client available: [33mtrue[39m
🔥 useEffect triggered - calling loadCustomers
🔄 Starting loadCustomers function
📱 Loading customers from offline service
🚀 Customers component is mounting
📡 Supabase client available: [33mtrue[39m
✅ Customers loaded from offline service: []
🏁 Setting loading to false
🚀 Customers component is mounting
📡 Supabase client available: [33mtrue[39m

[90mstdout[2m | src/pages/Customers.test.tsx[2m > [22m[2mCustomers[2m > [22m[2madd customer modal[2m > [22m[2mshould validate email format
[22m[39m🚀 Customers component is mounting
📡 Supabase client available: [33mtrue[39m
🔥 useEffect triggered - calling loadCustomers
🔄 Starting loadCustomers function
📱 Loading customers from offline service

[90mstdout[2m | src/pages/Customers.test.tsx[2m > [22m[2mCustomers[2m > [22m[2madd customer modal[2m > [22m[2mshould validate email format
[22m[39m✅ Customers loaded from offline service: []
🏁 Setting loading to false

[90mstdout[2m | src/pages/Customers.test.tsx[2m > [22m[2mCustomers[2m > [22m[2madd customer modal[2m > [22m[2mshould validate email format
[22m[39m🚀 Customers component is mounting
📡 Supabase client available: [33mtrue[39m

[90mstdout[2m | src/pages/Customers.test.tsx[2m > [22m[2mCustomers[2m > [22m[2madd customer modal[2m > [22m[2mshould validate email format
[22m[39m🚀 Customers component is mounting
📡 Supabase client available: [33mtrue[39m

[90mstdout[2m | src/pages/Customers.test.tsx[2m > [22m[2mCustomers[2m > [22m[2madd customer modal[2m > [22m[2mshould validate email format
[22m[39m🚀 Customers component is mounting
📡 Supabase client available: [33mtrue[39m

[90mstdout[2m | src/pages/Customers.test.tsx[2m > [22m[2mCustomers[2m > [22m[2madd customer modal[2m > [22m[2mshould validate email format
[22m[39m🚀 Customers component is mounting
📡 Supabase client available: [33mtrue[39m

[90mstdout[2m | src/pages/Customers.test.tsx[2m > [22m[2mCustomers[2m > [22m[2madd customer modal[2m > [22m[2mshould validate email format
[22m[39m🚀 Customers component is mounting
📡 Supabase client available: [33mtrue[39m

[90mstdout[2m | src/pages/Customers.test.tsx[2m > [22m[2mCustomers[2m > [22m[2madd customer modal[2m > [22m[2mshould validate email format
[22m[39m🚀 Customers component is mounting
📡 Supabase client available: [33mtrue[39m

[90mstdout[2m | src/pages/Customers.test.tsx[2m > [22m[2mCustomers[2m > [22m[2madd customer modal[2m > [22m[2mshould validate email format
[22m[39m🚀 Customers component is mounting
📡 Supabase client available: [33mtrue[39m

[90mstdout[2m | src/pages/Customers.test.tsx[2m > [22m[2mCustomers[2m > [22m[2madd customer modal[2m > [22m[2mshould validate email format
[22m[39m🚀 Customers component is mounting
📡 Supabase client available: [33mtrue[39m

[90mstdout[2m | src/pages/Customers.test.tsx[2m > [22m[2mCustomers[2m > [22m[2madd customer modal[2m > [22m[2mshould validate email format
[22m[39m🚀 Customers component is mounting
📡 Supabase client available: [33mtrue[39m

[90mstdout[2m | src/pages/Customers.test.tsx[2m > [22m[2mCustomers[2m > [22m[2madd customer modal[2m > [22m[2mshould validate email format
[22m[39m🚀 Customers component is mounting
📡 Supabase client available: [33mtrue[39m

[90mstdout[2m | src/pages/Customers.test.tsx[2m > [22m[2mCustomers[2m > [22m[2madd customer modal[2m > [22m[2mshould validate email format
[22m[39m🚀 Customers component is mounting
📡 Supabase client available: [33mtrue[39m

[90mstdout[2m | src/pages/Customers.test.tsx[2m > [22m[2mCustomers[2m > [22m[2madd customer modal[2m > [22m[2mshould validate email format
[22m[39m🚀 Customers component is mounting
📡 Supabase client available: [33mtrue[39m

[90mstdout[2m | src/pages/Customers.test.tsx[2m > [22m[2mCustomers[2m > [22m[2madd customer modal[2m > [22m[2mshould validate email format
[22m[39m🚀 Customers component is mounting
📡 Supabase client available: [33mtrue[39m

[90mstdout[2m | src/pages/Customers.test.tsx[2m > [22m[2mCustomers[2m > [22m[2madd customer modal[2m > [22m[2mshould validate email format
[22m[39m🚀 Customers component is mounting
📡 Supabase client available: [33mtrue[39m

[90mstdout[2m | src/pages/Customers.test.tsx[2m > [22m[2mCustomers[2m > [22m[2madd customer modal[2m > [22m[2mshould validate email format
[22m[39m🚀 Customers component is mounting
📡 Supabase client available: [33mtrue[39m

[90mstdout[2m | src/pages/Customers.test.tsx[2m > [22m[2mCustomers[2m > [22m[2madd customer modal[2m > [22m[2mshould validate email format
[22m[39m🚀 Customers component is mounting
📡 Supabase client available: [33mtrue[39m

[90mstdout[2m | src/pages/Customers.test.tsx[2m > [22m[2mCustomers[2m > [22m[2madd customer modal[2m > [22m[2mshould validate email format
[22m[39m🚀 Customers component is mounting
📡 Supabase client available: [33mtrue[39m

[90mstdout[2m | src/pages/Customers.test.tsx[2m > [22m[2mCustomers[2m > [22m[2madd customer modal[2m > [22m[2mshould validate email format
[22m[39m🚀 Customers component is mounting
📡 Supabase client available: [33mtrue[39m

[90mstdout[2m | src/pages/Customers.test.tsx[2m > [22m[2mCustomers[2m > [22m[2madd customer modal[2m > [22m[2mshould validate email format
[22m[39m🚀 Customers component is mounting
📡 Supabase client available: [33mtrue[39m

[90mstdout[2m | src/pages/Customers.test.tsx[2m > [22m[2mCustomers[2m > [22m[2madd customer modal[2m > [22m[2mshould validate email format
[22m[39m🚀 Customers component is mounting
📡 Supabase client available: [33mtrue[39m

[90mstdout[2m | src/pages/Customers.test.tsx[2m > [22m[2mCustomers[2m > [22m[2madd customer modal[2m > [22m[2mshould validate email format
[22m[39m🚀 Customers component is mounting
📡 Supabase client available: [33mtrue[39m

[90mstdout[2m | src/pages/Customers.test.tsx[2m > [22m[2mCustomers[2m > [22m[2madd customer modal[2m > [22m[2mshould validate email format
[22m[39m🚀 Customers component is mounting
📡 Supabase client available: [33mtrue[39m

[90mstdout[2m | src/pages/Customers.test.tsx[2m > [22m[2mCustomers[2m > [22m[2madd customer modal[2m > [22m[2mshould validate email format
[22m[39m🚀 Customers component is mounting
📡 Supabase client available: [33mtrue[39m

[90mstdout[2m | src/pages/Customers.test.tsx[2m > [22m[2mCustomers[2m > [22m[2madd customer modal[2m > [22m[2mshould validate email format
[22m[39m🚀 Customers component is mounting
📡 Supabase client available: [33mtrue[39m

[90mstdout[2m | src/test/unit/Customer.test.tsx[2m > [22m[2mCustomers Component[2m > [22m[2mSave Functionality[2m > [22m[2mshould validate required fields before saving
[22m[39m🚀 Customers component is mounting
📡 Supabase client available: [33mtrue[39m
🔥 useEffect triggered - calling loadCustomers
🔄 Starting loadCustomers function
📱 Loading customers from offline service
🚀 Customers component is mounting
📡 Supabase client available: [33mtrue[39m
✅ Customers loaded from offline service: []
🏁 Setting loading to false
🚀 Customers component is mounting
📡 Supabase client available: [33mtrue[39m

[90mstdout[2m | src/pages/Customers.test.tsx[2m > [22m[2mCustomers[2m > [22m[2madd customer modal[2m > [22m[2mshould validate email format
[22m[39m🚀 Customers component is mounting
📡 Supabase client available: [33mtrue[39m

[90mstdout[2m | src/pages/Customers.test.tsx[2m > [22m[2mCustomers[2m > [22m[2madd customer modal[2m > [22m[2mshould validate email format
[22m[39m🚀 Customers component is mounting
📡 Supabase client available: [33mtrue[39m

[90mstdout[2m | src/pages/Customers.test.tsx[2m > [22m[2mCustomers[2m > [22m[2madd customer modal[2m > [22m[2mshould validate email format
[22m[39m🚀 Customers component is mounting
📡 Supabase client available: [33mtrue[39m

[90mstdout[2m | src/pages/Customers.test.tsx[2m > [22m[2mCustomers[2m > [22m[2madd customer modal[2m > [22m[2mshould create new customer successfully
[22m[39m🚀 Customers component is mounting
📡 Supabase client available: [33mtrue[39m
🔥 useEffect triggered - calling loadCustomers
🔄 Starting loadCustomers function
📱 Loading customers from offline service

[90mstdout[2m | src/pages/Customers.test.tsx[2m > [22m[2mCustomers[2m > [22m[2madd customer modal[2m > [22m[2mshould create new customer successfully
[22m[39m✅ Customers loaded from offline service: []
🏁 Setting loading to false

[90mstdout[2m | src/pages/Customers.test.tsx[2m > [22m[2mCustomers[2m > [22m[2madd customer modal[2m > [22m[2mshould create new customer successfully
[22m[39m🚀 Customers component is mounting
📡 Supabase client available: [33mtrue[39m

 [31m❯[39m src/components/invoices/PdfCustomizationModal.test.tsx [2m([22m[2m25 tests[22m[2m | [22m[31m10 failed[39m[2m)[22m[33m 6774[2mms[22m[39m
   [33m[2m✓[22m[39m PdfCustomizationModal[2m > [22mshould render the modal with customization options [33m 599[2mms[22m[39m
[31m   [31m×[31m PdfCustomizationModal[2m > [22mshould display template options[39m[33m 460[2mms[22m[39m
[31m     → Unable to find a label with the text of: Modern

Ignored nodes: comments, script, style
[36m<body>[31m
  [36m<div>[31m
    [36m<div[31m
      [33mclass[31m=[32m"fixed inset-0 bg-black/50 flex items-center justify-center z-50"[31m
    [36m>[31m
      [36m<div[31m
        [33mclass[31m=[32m"bg-white rounded-lg shadow-xl w-full max-w-6xl max-h-[90vh] overflow-hidden"[31m
      [36m>[31m
        [36m<div[31m
          [33mclass[31m=[32m"flex items-center justify-between p-6 border-b"[31m
        [36m>[31m
          [36m<div[31m
            [33mclass[31m=[32m"flex items-center space-x-3"[31m
          [36m>[31m
            [36m<svg[31m
              [33mclass[31m=[32m"lucide lucide-file-text h-6 w-6 text-blue-600"[31m
              [33mfill[31m=[32m"none"[31m
              [33mheight[31m=[32m"24"[31m
              [33mstroke[31m=[32m"currentColor"[31m
              [33mstroke-linecap[31m=[32m"round"[31m
              [33mstroke-linejoin[31m=[32m"round"[31m
              [33mstroke-width[31m=[32m"2"[31m
              [33mviewBox[31m=[32m"0 0 24 24"[31m
              [33mwidth[31m=[32m"24"[31m
              [33mxmlns[31m=[32m"http://www.w3.org/2000/svg"[31m
            [36m>[31m
              [36m<path[31m
                [33md[31m=[32m"M15 2H6a2 2 0 0 0-2 2v16a2 2 0 0 0 2 2h12a2 2 0 0 0 2-2V7Z"[31m
              [36m/>[31m
              [36m<path[31m
                [33md[31m=[32m"M14 2v4a2 2 0 0 0 2 2h4"[31m
              [36m/>[31m
              [36m<path[31m
                [33md[31m=[32m"M10 9H8"[31m
              [36m/>[31m
              [36m<path[31m
                [33md[31m=[32m"M16 13H8"[31m
              [36m/>[31m
              [36m<path[31m
                [33md[31m=[32m"M16 17H8"[31m
              [36m/>[31m
            [36m</svg>[31m
            [36m<div>[31m
              [36m<h2[31m
                [33mclass[31m=[32m"text-2xl font-bold"[31m
              [36m>[31m
                [0mCustomize PDF Export[0m
              [36m</h2>[31m
              [36m<p[31m
                [33mclass[31m=[32m"text-gray-600"[31m
              [36m>[31m
                [0mInvoice #[0m
                [0mINV-2024-001[0m
                [0m - [0m
                [0mAcme Corp[0m
              [36m</p>[31m
            [36m</div>[31m
          [36m</div>[31m
          [36m<button[31m
            [33mclass[31m=[32m"inline-flex items-center justify-center gap-2 whitespace-nowrap rounded-md text-sm font-medium ring-offset-background transition-colors focus-visible:outline-none focus-visible:ring-2 focus-visible:ring-ring focus-visible:ring-offset-2 disabled:pointer-events-none disabled:opacity-50 [&_svg]:pointer-events-none [&_svg]:size-4 [&_svg]:shrink-0 hover:bg-accent hover:text-accent-foreground h-10 px-4 py-2"[31m
          [36m>[31m
            [36m<svg[31m
              [33mclass[31m=[32m"lucide lucide-x h-4 w-4"[31m
              [33mfill[31m=[32m"none"[31m
              [33mheight[31m=[32m"24"[31m
              [33mstroke[31m=[32m"currentColor"[31m
              [33mstroke-linecap[31m=[32m"round"[31m
              [33mstroke-linejoin[31m=[32m"round"[31m
              [33mstroke-width[31m=[32m"2"[31m
              [33mviewBox[31m=[32m"0 0 24 24"[31m
              [33mwidth[31m=[32m"24"[31m
              [33mxmlns[31m=[32m"http://www.w3.org/2000/svg"[31m
            [36m>[31m
              [36m<path[31m
                [33md[31m=[32m"M18 6 6 18"[31m
              [36m/>[31m
              [36m<path[31m
                [33md[31m=[32m"m6 6 12 12"[31m
              [36m/>[31m
            [36m</svg>[31m
          [36m</button>[31m
        [36m</div>[31m
        [36m<div[31m
          [33mclass[31m=[32m"p-6 overflow-y-auto max-h-[calc(90vh-140px)]"[31m
        [36m>[31m
          [36m<div[31m
            [33mclass[31m=[32m"grid grid-cols-1 lg:grid-cols-2 gap-6"[31m
          [36m>[31m
            [36m<div[31m
              [33mclass[31m=[32m"rounded-lg border bg-card text-card-foreground shadow-sm"[31m
            [36m>[31m
              [36m<div[31m
                [33mclass[31m=[32m"flex flex-col space-y-1.5 p-6"[31m
              [36m>[31m
                [36m<div[31m
                  [33mclass[31m=[32m"flex items-center space-x-2"[31m
                [36m>[31m
                  [36m<svg[31m
                    [33mclass[31m=[32m"lucide lucide-palette h-5 w-5"[31m
                    [33mfill[31m=[32m"none"[31m
                    [33mheight[31m=[32m"24"[31m
                    [33mstroke[31m=[32m"currentColor"[31m
                    [33mstroke-linecap[31m=[32m"round"[31m
                    [33mstroke-linejoin[31m=[32m"round"[31m
                    [33mstroke-width[31m=[32m"2"[31m
                    [33mviewBox[31m=[32m"0 0 24 24"[31m
                    [33mwidth[31m=[32m"24"[31m
                    [33mxmlns[31m=[32m"http://www.w3.org/2000/svg"[31m
                  [36m>[31m
                    [36m<circle[31m
                      [33mcx[31m=[32m"13.5"[31m
                      [33mcy[31m=[32m"6.5"[31m
                      [33mfill[31m=[32m"currentColor"[31m
                      [33mr[31m=[32m".5"[31m
                    [36m/>[31m
                    [36m<circle[31m
                      [33mcx[31m=[32m"17.5"[31m
                      [33mcy[31m=[32m"10.5"[31m
                      [33mfill[31m=[32m"currentColor"[31m
                      [33mr[31m=[32m".5"[31m
                    [36m/>[31m
                    [36m<circle[31m
                      [33mcx[31m=[32m"8.5"[31m
                      [33mcy[31m=[32m"7.5"[31m
                      [33mfill[31m=[32m"currentColor"[31m
                      [33mr[31m=[32m".5"[31m
                    [36m/>[31m
                    [36m<circle[31m
                      [33mcx[31m=[32m"6.5"[31m
                      [33mcy[31m=[32m"12.5"[31m
                      [33mfill[31m=[32m"currentColor"[31m
                      [33mr[31m=[32m".5"[31m
                    [36m/>[31m
                    [36m<path[31m
                      [33md[31m=[32m"M12 2C6.5 2 2 6.5 2 12s4.5 10 10 10c.926 0 1.648-.746 1.648-1.688 0-.437-.18-.835-.437-1.125-.29-.289-.438-.652-.438-1.125a1.64 1.64 0 0 1 1.668-1.668h1.996c3.051 0 5.555-2.503 5.555-5.554C21.965 6.012 17.461 2 12 2z"[31m
                    [36m/>[31m
                  [36m</svg>[31m
                  [36m<h3[31m
                    [33mclass[31m=[32m"text-2xl font-semibold leading-none tracking-tight"[31m
                  [36m>[31m
                    [0mTemplate Selection[0m
                  [36m</h3>[31m
                [36m</div>[31m
                [36m<p[31m
                  [33mclass[31m=[32m"text-sm text-muted-foreground"[31m
                [36m>[...[39m
[31m   [31m×[31m PdfCustomizationModal[2m > [22mshould allow template selection[39m[33m 329[2mms[22m[39m
[31m     → Unable to find a label with the text of: Modern

Ignored nodes: comments, script, style
[36m<body>[31m
  [36m<div>[31m
    [36m<div[31m
      [33mclass[31m=[32m"fixed inset-0 bg-black/50 flex items-center justify-center z-50"[31m
    [36m>[31m
      [36m<div[31m
        [33mclass[31m=[32m"bg-white rounded-lg shadow-xl w-full max-w-6xl max-h-[90vh] overflow-hidden"[31m
      [36m>[31m
        [36m<div[31m
          [33mclass[31m=[32m"flex items-center justify-between p-6 border-b"[31m
        [36m>[31m
          [36m<div[31m
            [33mclass[31m=[32m"flex items-center space-x-3"[31m
          [36m>[31m
            [36m<svg[31m
              [33mclass[31m=[32m"lucide lucide-file-text h-6 w-6 text-blue-600"[31m
              [33mfill[31m=[32m"none"[31m
              [33mheight[31m=[32m"24"[31m
              [33mstroke[31m=[32m"currentColor"[31m
              [33mstroke-linecap[31m=[32m"round"[31m
              [33mstroke-linejoin[31m=[32m"round"[31m
              [33mstroke-width[31m=[32m"2"[31m
              [33mviewBox[31m=[32m"0 0 24 24"[31m
              [33mwidth[31m=[32m"24"[31m
              [33mxmlns[31m=[32m"http://www.w3.org/2000/svg"[31m
            [36m>[31m
              [36m<path[31m
                [33md[31m=[32m"M15 2H6a2 2 0 0 0-2 2v16a2 2 0 0 0 2 2h12a2 2 0 0 0 2-2V7Z"[31m
              [36m/>[31m
              [36m<path[31m
                [33md[31m=[32m"M14 2v4a2 2 0 0 0 2 2h4"[31m
              [36m/>[31m
              [36m<path[31m
                [33md[31m=[32m"M10 9H8"[31m
              [36m/>[31m
              [36m<path[31m
                [33md[31m=[32m"M16 13H8"[31m
              [36m/>[31m
              [36m<path[31m
                [33md[31m=[32m"M16 17H8"[31m
              [36m/>[31m
            [36m</svg>[31m
            [36m<div>[31m
              [36m<h2[31m
                [33mclass[31m=[32m"text-2xl font-bold"[31m
              [36m>[31m
                [0mCustomize PDF Export[0m
              [36m</h2>[31m
              [36m<p[31m
                [33mclass[31m=[32m"text-gray-600"[31m
              [36m>[31m
                [0mInvoice #[0m
                [0mINV-2024-001[0m
                [0m - [0m
                [0mAcme Corp[0m
              [36m</p>[31m
            [36m</div>[31m
          [36m</div>[31m
          [36m<button[31m
            [33mclass[31m=[32m"inline-flex items-center justify-center gap-2 whitespace-nowrap rounded-md text-sm font-medium ring-offset-background transition-colors focus-visible:outline-none focus-visible:ring-2 focus-visible:ring-ring focus-visible:ring-offset-2 disabled:pointer-events-none disabled:opacity-50 [&_svg]:pointer-events-none [&_svg]:size-4 [&_svg]:shrink-0 hover:bg-accent hover:text-accent-foreground h-10 px-4 py-2"[31m
          [36m>[31m
            [36m<svg[31m
              [33mclass[31m=[32m"lucide lucide-x h-4 w-4"[31m
              [33mfill[31m=[32m"none"[31m
              [33mheight[31m=[32m"24"[31m
              [33mstroke[31m=[32m"currentColor"[31m
              [33mstroke-linecap[31m=[32m"round"[31m
              [33mstroke-linejoin[31m=[32m"round"[31m
              [33mstroke-width[31m=[32m"2"[31m
              [33mviewBox[31m=[32m"0 0 24 24"[31m
              [33mwidth[31m=[32m"24"[31m
              [33mxmlns[31m=[32m"http://www.w3.org/2000/svg"[31m
            [36m>[31m
              [36m<path[31m
                [33md[31m=[32m"M18 6 6 18"[31m
              [36m/>[31m
              [36m<path[31m
                [33md[31m=[32m"m6 6 12 12"[31m
              [36m/>[31m
            [36m</svg>[31m
          [36m</button>[31m
        [36m</div>[31m
        [36m<div[31m
          [33mclass[31m=[32m"p-6 overflow-y-auto max-h-[calc(90vh-140px)]"[31m
        [36m>[31m
          [36m<div[31m
            [33mclass[31m=[32m"grid grid-cols-1 lg:grid-cols-2 gap-6"[31m
          [36m>[31m
            [36m<div[31m
              [33mclass[31m=[32m"rounded-lg border bg-card text-card-foreground shadow-sm"[31m
            [36m>[31m
              [36m<div[31m
                [33mclass[31m=[32m"flex flex-col space-y-1.5 p-6"[31m
              [36m>[31m
                [36m<div[31m
                  [33mclass[31m=[32m"flex items-center space-x-2"[31m
                [36m>[31m
                  [36m<svg[31m
                    [33mclass[31m=[32m"lucide lucide-palette h-5 w-5"[31m
                    [33mfill[31m=[32m"none"[31m
                    [33mheight[31m=[32m"24"[31m
                    [33mstroke[31m=[32m"currentColor"[31m
                    [33mstroke-linecap[31m=[32m"round"[31m
                    [33mstroke-linejoin[31m=[32m"round"[31m
                    [33mstroke-width[31m=[32m"2"[31m
                    [33mviewBox[31m=[32m"0 0 24 24"[31m
                    [33mwidth[31m=[32m"24"[31m
                    [33mxmlns[31m=[32m"http://www.w3.org/2000/svg"[31m
                  [36m>[31m
                    [36m<circle[31m
                      [33mcx[31m=[32m"13.5"[31m
                      [33mcy[31m=[32m"6.5"[31m
                      [33mfill[31m=[32m"currentColor"[31m
                      [33mr[31m=[32m".5"[31m
                    [36m/>[31m
                    [36m<circle[31m
                      [33mcx[31m=[32m"17.5"[31m
                      [33mcy[31m=[32m"10.5"[31m
                      [33mfill[31m=[32m"currentColor"[31m
                      [33mr[31m=[32m".5"[31m
                    [36m/>[31m
                    [36m<circle[31m
                      [33mcx[31m=[32m"8.5"[31m
                      [33mcy[31m=[32m"7.5"[31m
                      [33mfill[31m=[32m"currentColor"[31m
                      [33mr[31m=[32m".5"[31m
                    [36m/>[31m
                    [36m<circle[31m
                      [33mcx[31m=[32m"6.5"[31m
                      [33mcy[31m=[32m"12.5"[31m
                      [33mfill[31m=[32m"currentColor"[31m
                      [33mr[31m=[32m".5"[31m
                    [36m/>[31m
                    [36m<path[31m
                      [33md[31m=[32m"M12 2C6.5 2 2 6.5 2 12s4.5 10 10 10c.926 0 1.648-.746 1.648-1.688 0-.437-.18-.835-.437-1.125-.29-.289-.438-.652-.438-1.125a1.64 1.64 0 0 1 1.668-1.668h1.996c3.051 0 5.555-2.503 5.555-5.554C21.965 6.012 17.461 2 12 2z"[31m
                    [36m/>[31m
                  [36m</svg>[31m
                  [36m<h3[31m
                    [33mclass[31m=[32m"text-2xl font-semibold leading-none tracking-tight"[31m
                  [36m>[31m
                    [0mTemplate Selection[0m
                  [36m</h3>[31m
                [36m</div>[31m
                [36m<p[31m
                  [33mclass[31m=[32m"text-sm text-muted-foreground"[31m
                [36m>[...[39m
[31m   [31m×[31m PdfCustomizationModal[2m > [22mshould display color scheme options[39m[32m 284[2mms[22m[39m
[31m     → Unable to find a label with the text of: Blue

Ignored nodes: comments, script, style
[36m<body>[31m
  [36m<div>[31m
    [36m<div[31m
      [33mclass[31m=[32m"fixed inset-0 bg-black/50 flex items-center justify-center z-50"[31m
    [36m>[31m
      [36m<div[31m
        [33mclass[31m=[32m"bg-white rounded-lg shadow-xl w-full max-w-6xl max-h-[90vh] overflow-hidden"[31m
      [36m>[31m
        [36m<div[31m
          [33mclass[31m=[32m"flex items-center justify-between p-6 border-b"[31m
        [36m>[31m
          [36m<div[31m
            [33mclass[31m=[32m"flex items-center space-x-3"[31m
          [36m>[31m
            [36m<svg[31m
              [33mclass[31m=[32m"lucide lucide-file-text h-6 w-6 text-blue-600"[31m
              [33mfill[31m=[32m"none"[31m
              [33mheight[31m=[32m"24"[31m
              [33mstroke[31m=[32m"currentColor"[31m
              [33mstroke-linecap[31m=[32m"round"[31m
              [33mstroke-linejoin[31m=[32m"round"[31m
              [33mstroke-width[31m=[32m"2"[31m
              [33mviewBox[31m=[32m"0 0 24 24"[31m
              [33mwidth[31m=[32m"24"[31m
              [33mxmlns[31m=[32m"http://www.w3.org/2000/svg"[31m
            [36m>[31m
              [36m<path[31m
                [33md[31m=[32m"M15 2H6a2 2 0 0 0-2 2v16a2 2 0 0 0 2 2h12a2 2 0 0 0 2-2V7Z"[31m
              [36m/>[31m
              [36m<path[31m
                [33md[31m=[32m"M14 2v4a2 2 0 0 0 2 2h4"[31m
              [36m/>[31m
              [36m<path[31m
                [33md[31m=[32m"M10 9H8"[31m
              [36m/>[31m
              [36m<path[31m
                [33md[31m=[32m"M16 13H8"[31m
              [36m/>[31m
              [36m<path[31m
                [33md[31m=[32m"M16 17H8"[31m
              [36m/>[31m
            [36m</svg>[31m
            [36m<div>[31m
              [36m<h2[31m
                [33mclass[31m=[32m"text-2xl font-bold"[31m
              [36m>[31m
                [0mCustomize PDF Export[0m
              [36m</h2>[31m
              [36m<p[31m
                [33mclass[31m=[32m"text-gray-600"[31m
              [36m>[31m
                [0mInvoice #[0m
                [0mINV-2024-001[0m
                [0m - [0m
                [0mAcme Corp[0m
              [36m</p>[31m
            [36m</div>[31m
          [36m</div>[31m
          [36m<button[31m
            [33mclass[31m=[32m"inline-flex items-center justify-center gap-2 whitespace-nowrap rounded-md text-sm font-medium ring-offset-background transition-colors focus-visible:outline-none focus-visible:ring-2 focus-visible:ring-ring focus-visible:ring-offset-2 disabled:pointer-events-none disabled:opacity-50 [&_svg]:pointer-events-none [&_svg]:size-4 [&_svg]:shrink-0 hover:bg-accent hover:text-accent-foreground h-10 px-4 py-2"[31m
          [36m>[31m
            [36m<svg[31m
              [33mclass[31m=[32m"lucide lucide-x h-4 w-4"[31m
              [33mfill[31m=[32m"none"[31m
              [33mheight[31m=[32m"24"[31m
              [33mstroke[31m=[32m"currentColor"[31m
              [33mstroke-linecap[31m=[32m"round"[31m
              [33mstroke-linejoin[31m=[32m"round"[31m
              [33mstroke-width[31m=[32m"2"[31m
              [33mviewBox[31m=[32m"0 0 24 24"[31m
              [33mwidth[31m=[32m"24"[31m
              [33mxmlns[31m=[32m"http://www.w3.org/2000/svg"[31m
            [36m>[31m
              [36m<path[31m
                [33md[31m=[32m"M18 6 6 18"[31m
              [36m/>[31m
              [36m<path[31m
                [33md[31m=[32m"m6 6 12 12"[31m
              [36m/>[31m
            [36m</svg>[31m
          [36m</button>[31m
        [36m</div>[31m
        [36m<div[31m
          [33mclass[31m=[32m"p-6 overflow-y-auto max-h-[calc(90vh-140px)]"[31m
        [36m>[31m
          [36m<div[31m
            [33mclass[31m=[32m"grid grid-cols-1 lg:grid-cols-2 gap-6"[31m
          [36m>[31m
            [36m<div[31m
              [33mclass[31m=[32m"rounded-lg border bg-card text-card-foreground shadow-sm"[31m
            [36m>[31m
              [36m<div[31m
                [33mclass[31m=[32m"flex flex-col space-y-1.5 p-6"[31m
              [36m>[31m
                [36m<div[31m
                  [33mclass[31m=[32m"flex items-center space-x-2"[31m
                [36m>[31m
                  [36m<svg[31m
                    [33mclass[31m=[32m"lucide lucide-palette h-5 w-5"[31m
                    [33mfill[31m=[32m"none"[31m
                    [33mheight[31m=[32m"24"[31m
                    [33mstroke[31m=[32m"currentColor"[31m
                    [33mstroke-linecap[31m=[32m"round"[31m
                    [33mstroke-linejoin[31m=[32m"round"[31m
                    [33mstroke-width[31m=[32m"2"[31m
                    [33mviewBox[31m=[32m"0 0 24 24"[31m
                    [33mwidth[31m=[32m"24"[31m
                    [33mxmlns[31m=[32m"http://www.w3.org/2000/svg"[31m
                  [36m>[31m
                    [36m<circle[31m
                      [33mcx[31m=[32m"13.5"[31m
                      [33mcy[31m=[32m"6.5"[31m
                      [33mfill[31m=[32m"currentColor"[31m
                      [33mr[31m=[32m".5"[31m
                    [36m/>[31m
                    [36m<circle[31m
                      [33mcx[31m=[32m"17.5"[31m
                      [33mcy[31m=[32m"10.5"[31m
                      [33mfill[31m=[32m"currentColor"[31m
                      [33mr[31m=[32m".5"[31m
                    [36m/>[31m
                    [36m<circle[31m
                      [33mcx[31m=[32m"8.5"[31m
                      [33mcy[31m=[32m"7.5"[31m
                      [33mfill[31m=[32m"currentColor"[31m
                      [33mr[31m=[32m".5"[31m
                    [36m/>[31m
                    [36m<circle[31m
                      [33mcx[31m=[32m"6.5"[31m
                      [33mcy[31m=[32m"12.5"[31m
                      [33mfill[31m=[32m"currentColor"[31m
                      [33mr[31m=[32m".5"[31m
                    [36m/>[31m
                    [36m<path[31m
                      [33md[31m=[32m"M12 2C6.5 2 2 6.5 2 12s4.5 10 10 10c.926 0 1.648-.746 1.648-1.688 0-.437-.18-.835-.437-1.125-.29-.289-.438-.652-.438-1.125a1.64 1.64 0 0 1 1.668-1.668h1.996c3.051 0 5.555-2.503 5.555-5.554C21.965 6.012 17.461 2 12 2z"[31m
                    [36m/>[31m
                  [36m</svg>[31m
                  [36m<h3[31m
                    [33mclass[31m=[32m"text-2xl font-semibold leading-none tracking-tight"[31m
                  [36m>[31m
                    [0mTemplate Selection[0m
                  [36m</h3>[31m
                [36m</div>[31m
                [36m<p[31m
                  [33mclass[31m=[32m"text-sm text-muted-foreground"[31m
                [36m>[...[39m
[31m   [31m×[31m PdfCustomizationModal[2m > [22mshould allow color scheme selection[39m[32m 291[2mms[22m[39m
[31m     → Unable to find a label with the text of: Blue

Ignored nodes: comments, script, style
[36m<body>[31m
  [36m<div>[31m
    [36m<div[31m
      [33mclass[31m=[32m"fixed inset-0 bg-black/50 flex items-center justify-center z-50"[31m
    [36m>[31m
      [36m<div[31m
        [33mclass[31m=[32m"bg-white rounded-lg shadow-xl w-full max-w-6xl max-h-[90vh] overflow-hidden"[31m
      [36m>[31m
        [36m<div[31m
          [33mclass[31m=[32m"flex items-center justify-between p-6 border-b"[31m
        [36m>[31m
          [36m<div[31m
            [33mclass[31m=[32m"flex items-center space-x-3"[31m
          [36m>[31m
            [36m<svg[31m
              [33mclass[31m=[32m"lucide lucide-file-text h-6 w-6 text-blue-600"[31m
              [33mfill[31m=[32m"none"[31m
              [33mheight[31m=[32m"24"[31m
              [33mstroke[31m=[32m"currentColor"[31m
              [33mstroke-linecap[31m=[32m"round"[31m
              [33mstroke-linejoin[31m=[32m"round"[31m
              [33mstroke-width[31m=[32m"2"[31m
              [33mviewBox[31m=[32m"0 0 24 24"[31m
              [33mwidth[31m=[32m"24"[31m
              [33mxmlns[31m=[32m"http://www.w3.org/2000/svg"[31m
            [36m>[31m
              [36m<path[31m
                [33md[31m=[32m"M15 2H6a2 2 0 0 0-2 2v16a2 2 0 0 0 2 2h12a2 2 0 0 0 2-2V7Z"[31m
              [36m/>[31m
              [36m<path[31m
                [33md[31m=[32m"M14 2v4a2 2 0 0 0 2 2h4"[31m
              [36m/>[31m
              [36m<path[31m
                [33md[31m=[32m"M10 9H8"[31m
              [36m/>[31m
              [36m<path[31m
                [33md[31m=[32m"M16 13H8"[31m
              [36m/>[31m
              [36m<path[31m
                [33md[31m=[32m"M16 17H8"[31m
              [36m/>[31m
            [36m</svg>[31m
            [36m<div>[31m
              [36m<h2[31m
                [33mclass[31m=[32m"text-2xl font-bold"[31m
              [36m>[31m
                [0mCustomize PDF Export[0m
              [36m</h2>[31m
              [36m<p[31m
                [33mclass[31m=[32m"text-gray-600"[31m
              [36m>[31m
                [0mInvoice #[0m
                [0mINV-2024-001[0m
                [0m - [0m
                [0mAcme Corp[0m
              [36m</p>[31m
            [36m</div>[31m
          [36m</div>[31m
          [36m<button[31m
            [33mclass[31m=[32m"inline-flex items-center justify-center gap-2 whitespace-nowrap rounded-md text-sm font-medium ring-offset-background transition-colors focus-visible:outline-none focus-visible:ring-2 focus-visible:ring-ring focus-visible:ring-offset-2 disabled:pointer-events-none disabled:opacity-50 [&_svg]:pointer-events-none [&_svg]:size-4 [&_svg]:shrink-0 hover:bg-accent hover:text-accent-foreground h-10 px-4 py-2"[31m
          [36m>[31m
            [36m<svg[31m
              [33mclass[31m=[32m"lucide lucide-x h-4 w-4"[31m
              [33mfill[31m=[32m"none"[31m
              [33mheight[31m=[32m"24"[31m
              [33mstroke[31m=[32m"currentColor"[31m
              [33mstroke-linecap[31m=[32m"round"[31m
              [33mstroke-linejoin[31m=[32m"round"[31m
              [33mstroke-width[31m=[32m"2"[31m
              [33mviewBox[31m=[32m"0 0 24 24"[31m
              [33mwidth[31m=[32m"24"[31m
              [33mxmlns[31m=[32m"http://www.w3.org/2000/svg"[31m
            [36m>[31m
              [36m<path[31m
                [33md[31m=[32m"M18 6 6 18"[31m
              [36m/>[31m
              [36m<path[31m
                [33md[31m=[32m"m6 6 12 12"[31m
              [36m/>[31m
            [36m</svg>[31m
          [36m</button>[31m
        [36m</div>[31m
        [36m<div[31m
          [33mclass[31m=[32m"p-6 overflow-y-auto max-h-[calc(90vh-140px)]"[31m
        [36m>[31m
          [36m<div[31m
            [33mclass[31m=[32m"grid grid-cols-1 lg:grid-cols-2 gap-6"[31m
          [36m>[31m
            [36m<div[31m
              [33mclass[31m=[32m"rounded-lg border bg-card text-card-foreground shadow-sm"[31m
            [36m>[31m
              [36m<div[31m
                [33mclass[31m=[32m"flex flex-col space-y-1.5 p-6"[31m
              [36m>[31m
                [36m<div[31m
                  [33mclass[31m=[32m"flex items-center space-x-2"[31m
                [36m>[31m
                  [36m<svg[31m
                    [33mclass[31m=[32m"lucide lucide-palette h-5 w-5"[31m
                    [33mfill[31m=[32m"none"[31m
                    [33mheight[31m=[32m"24"[31m
                    [33mstroke[31m=[32m"currentColor"[31m
                    [33mstroke-linecap[31m=[32m"round"[31m
                    [33mstroke-linejoin[31m=[32m"round"[31m
                    [33mstroke-width[31m=[32m"2"[31m
                    [33mviewBox[31m=[32m"0 0 24 24"[31m
                    [33mwidth[31m=[32m"24"[31m
                    [33mxmlns[31m=[32m"http://www.w3.org/2000/svg"[31m
                  [36m>[31m
                    [36m<circle[31m
                      [33mcx[31m=[32m"13.5"[31m
                      [33mcy[31m=[32m"6.5"[31m
                      [33mfill[31m=[32m"currentColor"[31m
                      [33mr[31m=[32m".5"[31m
                    [36m/>[31m
                    [36m<circle[31m
                      [33mcx[31m=[32m"17.5"[31m
                      [33mcy[31m=[32m"10.5"[31m
                      [33mfill[31m=[32m"currentColor"[31m
                      [33mr[31m=[32m".5"[31m
                    [36m/>[31m
                    [36m<circle[31m
                      [33mcx[31m=[32m"8.5"[31m
                      [33mcy[31m=[32m"7.5"[31m
                      [33mfill[31m=[32m"currentColor"[31m
                      [33mr[31m=[32m".5"[31m
                    [36m/>[31m
                    [36m<circle[31m
                      [33mcx[31m=[32m"6.5"[31m
                      [33mcy[31m=[32m"12.5"[31m
                      [33mfill[31m=[32m"currentColor"[31m
                      [33mr[31m=[32m".5"[31m
                    [36m/>[31m
                    [36m<path[31m
                      [33md[31m=[32m"M12 2C6.5 2 2 6.5 2 12s4.5 10 10 10c.926 0 1.648-.746 1.648-1.688 0-.437-.18-.835-.437-1.125-.29-.289-.438-.652-.438-1.125a1.64 1.64 0 0 1 1.668-1.668h1.996c3.051 0 5.555-2.503 5.555-5.554C21.965 6.012 17.461 2 12 2z"[31m
                    [36m/>[31m
                  [36m</svg>[31m
                  [36m<h3[31m
                    [33mclass[31m=[32m"text-2xl font-semibold leading-none tracking-tight"[31m
                  [36m>[31m
                    [0mTemplate Selection[0m
                  [36m</h3>[31m
                [36m</div>[31m
                [36m<p[31m
                  [33mclass[31m=[32m"text-sm text-muted-foreground"[31m
                [36m>[...[39m
   [32m✓[39m PdfCustomizationModal[2m > [22mshould display logo upload section[32m 131[2mms[22m[39m
[31m   [31m×[31m PdfCustomizationModal[2m > [22mshould handle logo upload[39m[32m 157[2mms[22m[39m
[31m     → Unable to find a label with the text of: Upload Logo

Ignored nodes: comments, script, style
[36m<body>[31m
  [36m<div>[31m
    [36m<div[31m
      [33mclass[31m=[32m"fixed inset-0 bg-black/50 flex items-center justify-center z-50"[31m
    [36m>[31m
      [36m<div[31m
        [33mclass[31m=[32m"bg-white rounded-lg shadow-xl w-full max-w-6xl max-h-[90vh] overflow-hidden"[31m
      [36m>[31m
        [36m<div[31m
          [33mclass[31m=[32m"flex items-center justify-between p-6 border-b"[31m
        [36m>[31m
          [36m<div[31m
            [33mclass[31m=[32m"flex items-center space-x-3"[31m
          [36m>[31m
            [36m<svg[31m
              [33mclass[31m=[32m"lucide lucide-file-text h-6 w-6 text-blue-600"[31m
              [33mfill[31m=[32m"none"[31m
              [33mheight[31m=[32m"24"[31m
              [33mstroke[31m=[32m"currentColor"[31m
              [33mstroke-linecap[31m=[32m"round"[31m
              [33mstroke-linejoin[31m=[32m"round"[31m
              [33mstroke-width[31m=[32m"2"[31m
              [33mviewBox[31m=[32m"0 0 24 24"[31m
              [33mwidth[31m=[32m"24"[31m
              [33mxmlns[31m=[32m"http://www.w3.org/2000/svg"[31m
            [36m>[31m
              [36m<path[31m
                [33md[31m=[32m"M15 2H6a2 2 0 0 0-2 2v16a2 2 0 0 0 2 2h12a2 2 0 0 0 2-2V7Z"[31m
              [36m/>[31m
              [36m<path[31m
                [33md[31m=[32m"M14 2v4a2 2 0 0 0 2 2h4"[31m
              [36m/>[31m
              [36m<path[31m
                [33md[31m=[32m"M10 9H8"[31m
              [36m/>[31m
              [36m<path[31m
                [33md[31m=[32m"M16 13H8"[31m
              [36m/>[31m
              [36m<path[31m
                [33md[31m=[32m"M16 17H8"[31m
              [36m/>[31m
            [36m</svg>[31m
            [36m<div>[31m
              [36m<h2[31m
                [33mclass[31m=[32m"text-2xl font-bold"[31m
              [36m>[31m
                [0mCustomize PDF Export[0m
              [36m</h2>[31m
              [36m<p[31m
                [33mclass[31m=[32m"text-gray-600"[31m
              [36m>[31m
                [0mInvoice #[0m
                [0mINV-2024-001[0m
                [0m - [0m
                [0mAcme Corp[0m
              [36m</p>[31m
            [36m</div>[31m
          [36m</div>[31m
          [36m<button[31m
            [33mclass[31m=[32m"inline-flex items-center justify-center gap-2 whitespace-nowrap rounded-md text-sm font-medium ring-offset-background transition-colors focus-visible:outline-none focus-visible:ring-2 focus-visible:ring-ring focus-visible:ring-offset-2 disabled:pointer-events-none disabled:opacity-50 [&_svg]:pointer-events-none [&_svg]:size-4 [&_svg]:shrink-0 hover:bg-accent hover:text-accent-foreground h-10 px-4 py-2"[31m
          [36m>[31m
            [36m<svg[31m
              [33mclass[31m=[32m"lucide lucide-x h-4 w-4"[31m
              [33mfill[31m=[32m"none"[31m
              [33mheight[31m=[32m"24"[31m
              [33mstroke[31m=[32m"currentColor"[31m
              [33mstroke-linecap[31m=[32m"round"[31m
              [33mstroke-linejoin[31m=[32m"round"[31m
              [33mstroke-width[31m=[32m"2"[31m
              [33mviewBox[31m=[32m"0 0 24 24"[31m
              [33mwidth[31m=[32m"24"[31m
              [33mxmlns[31m=[32m"http://www.w3.org/2000/svg"[31m
            [36m>[31m
              [36m<path[31m
                [33md[31m=[32m"M18 6 6 18"[31m
              [36m/>[31m
              [36m<path[31m
                [33md[31m=[32m"m6 6 12 12"[31m
              [36m/>[31m
            [36m</svg>[31m
          [36m</button>[31m
        [36m</div>[31m
        [36m<div[31m
          [33mclass[31m=[32m"p-6 overflow-y-auto max-h-[calc(90vh-140px)]"[31m
        [36m>[31m
          [36m<div[31m
            [33mclass[31m=[32m"grid grid-cols-1 lg:grid-cols-2 gap-6"[31m
          [36m>[31m
            [36m<div[31m
              [33mclass[31m=[32m"rounded-lg border bg-card text-card-foreground shadow-sm"[31m
            [36m>[31m
              [36m<div[31m
                [33mclass[31m=[32m"flex flex-col space-y-1.5 p-6"[31m
              [36m>[31m
                [36m<div[31m
                  [33mclass[31m=[32m"flex items-center space-x-2"[31m
                [36m>[31m
                  [36m<svg[31m
                    [33mclass[31m=[32m"lucide lucide-palette h-5 w-5"[31m
                    [33mfill[31m=[32m"none"[31m
                    [33mheight[31m=[32m"24"[31m
                    [33mstroke[31m=[32m"currentColor"[31m
                    [33mstroke-linecap[31m=[32m"round"[31m
                    [33mstroke-linejoin[31m=[32m"round"[31m
                    [33mstroke-width[31m=[32m"2"[31m
                    [33mviewBox[31m=[32m"0 0 24 24"[31m
                    [33mwidth[31m=[32m"24"[31m
                    [33mxmlns[31m=[32m"http://www.w3.org/2000/svg"[31m
                  [36m>[31m
                    [36m<circle[31m
                      [33mcx[31m=[32m"13.5"[31m
                      [33mcy[31m=[32m"6.5"[31m
                      [33mfill[31m=[32m"currentColor"[31m
                      [33mr[31m=[32m".5"[31m
                    [36m/>[31m
                    [36m<circle[31m
                      [33mcx[31m=[32m"17.5"[31m
                      [33mcy[31m=[32m"10.5"[31m
                      [33mfill[31m=[32m"currentColor"[31m
                      [33mr[31m=[32m".5"[31m
                    [36m/>[31m
                    [36m<circle[31m
                      [33mcx[31m=[32m"8.5"[31m
                      [33mcy[31m=[32m"7.5"[31m
                      [33mfill[31m=[32m"currentColor"[31m
                      [33mr[31m=[32m".5"[31m
                    [36m/>[31m
                    [36m<circle[31m
                      [33mcx[31m=[32m"6.5"[31m
                      [33mcy[31m=[32m"12.5"[31m
                      [33mfill[31m=[32m"currentColor"[31m
                      [33mr[31m=[32m".5"[31m
                    [36m/>[31m
                    [36m<path[31m
                      [33md[31m=[32m"M12 2C6.5 2 2 6.5 2 12s4.5 10 10 10c.926 0 1.648-.746 1.648-1.688 0-.437-.18-.835-.437-1.125-.29-.289-.438-.652-.438-1.125a1.64 1.64 0 0 1 1.668-1.668h1.996c3.051 0 5.555-2.503 5.555-5.554C21.965 6.012 17.461 2 12 2z"[31m
                    [36m/>[31m
                  [36m</svg>[31m
                  [36m<h3[31m
                    [33mclass[31m=[32m"text-2xl font-semibold leading-none tracking-tight"[31m
                  [36m>[31m
                    [0mTemplate Selection[0m
                  [36m</h3>[31m
                [36m</div>[31m
                [36m<p[31m
                  [33mclass[31m=[32m"text-sm text-muted-foreground"[31m
                [36m>[...[39m
   [32m✓[39m PdfCustomizationModal[2m > [22mshould display logo position options[32m 156[2mms[22m[39m
   [33m[2m✓[22m[39m PdfCustomizationModal[2m > [22mshould allow logo position selection [33m 441[2mms[22m[39m
   [32m✓[39m PdfCustomizationModal[2m > [22mshould display custom header and footer inputs[32m 209[2mms[22m[39m
   [33m[2m✓[22m[39m PdfCustomizationModal[2m > [22mshould allow custom header and footer input [33m 1765[2mms[22m[39m
   [32m✓[39m PdfCustomizationModal[2m > [22mshould display page size options[32m 194[2mms[22m[39m
   [32m✓[39m PdfCustomizationModal[2m > [22mshould allow page size selection[32m 163[2mms[22m[39m
   [32m✓[39m PdfCustomizationModal[2m > [22mshould display orientation options[32m 116[2mms[22m[39m
   [32m✓[39m PdfCustomizationModal[2m > [22mshould allow orientation selection[32m 121[2mms[22m[39m
   [32m✓[39m PdfCustomizationModal[2m > [22mshould display margin controls[32m 247[2mms[22m[39m
   [33m[2m✓[22m[39m PdfCustomizationModal[2m > [22mshould allow margin adjustments [33m 496[2mms[22m[39m
[31m   [31m×[31m PdfCustomizationModal[2m > [22mshould display watermark options[39m[32m 53[2mms[22m[39m
[31m     → Unable to find an element with the text: Watermark:. This could be because the text is broken up by multiple elements. In this case, you can provide a function for your text matcher to make your matcher more flexible.

Ignored nodes: comments, script, style
[36m<body>[31m
  [36m<div>[31m
    [36m<div[31m
      [33mclass[31m=[32m"fixed inset-0 bg-black/50 flex items-center justify-center z-50"[31m
    [36m>[31m
      [36m<div[31m
        [33mclass[31m=[32m"bg-white rounded-lg shadow-xl w-full max-w-6xl max-h-[90vh] overflow-hidden"[31m
      [36m>[31m
        [36m<div[31m
          [33mclass[31m=[32m"flex items-center justify-between p-6 border-b"[31m
        [36m>[31m
          [36m<div[31m
            [33mclass[31m=[32m"flex items-center space-x-3"[31m
          [36m>[31m
            [36m<svg[31m
              [33mclass[31m=[32m"lucide lucide-file-text h-6 w-6 text-blue-600"[31m
              [33mfill[31m=[32m"none"[31m
              [33mheight[31m=[32m"24"[31m
              [33mstroke[31m=[32m"currentColor"[31m
              [33mstroke-linecap[31m=[32m"round"[31m
              [33mstroke-linejoin[31m=[32m"round"[31m
              [33mstroke-width[31m=[32m"2"[31m
              [33mviewBox[31m=[32m"0 0 24 24"[31m
              [33mwidth[31m=[32m"24"[31m
              [33mxmlns[31m=[32m"http://www.w3.org/2000/svg"[31m
            [36m>[31m
              [36m<path[31m
                [33md[31m=[32m"M15 2H6a2 2 0 0 0-2 2v16a2 2 0 0 0 2 2h12a2 2 0 0 0 2-2V7Z"[31m
              [36m/>[31m
              [36m<path[31m
                [33md[31m=[32m"M14 2v4a2 2 0 0 0 2 2h4"[31m
              [36m/>[31m
              [36m<path[31m
                [33md[31m=[32m"M10 9H8"[31m
              [36m/>[31m
              [36m<path[31m
                [33md[31m=[32m"M16 13H8"[31m
              [36m/>[31m
              [36m<path[31m
                [33md[31m=[32m"M16 17H8"[31m
              [36m/>[31m
            [36m</svg>[31m
            [36m<div>[31m
              [36m<h2[31m
                [33mclass[31m=[32m"text-2xl font-bold"[31m
              [36m>[31m
                [0mCustomize PDF Export[0m
              [36m</h2>[31m
              [36m<p[31m
                [33mclass[31m=[32m"text-gray-600"[31m
              [36m>[31m
                [0mInvoice #[0m
                [0mINV-2024-001[0m
                [0m - [0m
                [0mAcme Corp[0m
              [36m</p>[31m
            [36m</div>[31m
          [36m</div>[31m
          [36m<button[31m
            [33mclass[31m=[32m"inline-flex items-center justify-center gap-2 whitespace-nowrap rounded-md text-sm font-medium ring-offset-background transition-colors focus-visible:outline-none focus-visible:ring-2 focus-visible:ring-ring focus-visible:ring-offset-2 disabled:pointer-events-none disabled:opacity-50 [&_svg]:pointer-events-none [&_svg]:size-4 [&_svg]:shrink-0 hover:bg-accent hover:text-accent-foreground h-10 px-4 py-2"[31m
          [36m>[31m
            [36m<svg[31m
              [33mclass[31m=[32m"lucide lucide-x h-4 w-4"[31m
              [33mfill[31m=[32m"none"[31m
              [33mheight[31m=[32m"24"[31m
              [33mstroke[31m=[32m"currentColor"[31m
              [33mstroke-linecap[31m=[32m"round"[31m
              [33mstroke-linejoin[31m=[32m"round"[31m
              [33mstroke-width[31m=[32m"2"[31m
              [33mviewBox[31m=[32m"0 0 24 24"[31m
              [33mwidth[31m=[32m"24"[31m
              [33mxmlns[31m=[32m"http://www.w3.org/2000/svg"[31m
            [36m>[31m
              [36m<path[31m
                [33md[31m=[32m"M18 6 6 18"[31m
              [36m/>[31m
              [36m<path[31m
                [33md[31m=[32m"m6 6 12 12"[31m
              [36m/>[31m
            [36m</svg>[31m
          [36m</button>[31m
        [36m</div>[31m
        [36m<div[31m
          [33mclass[31m=[32m"p-6 overflow-y-auto max-h-[calc(90vh-140px)]"[31m
        [36m>[31m
          [36m<div[31m
            [33mclass[31m=[32m"grid grid-cols-1 lg:grid-cols-2 gap-6"[31m
          [36m>[31m
            [36m<div[31m
              [33mclass[31m=[32m"rounded-lg border bg-card text-card-foreground shadow-sm"[31m
            [36m>[31m
              [36m<div[31m
                [33mclass[31m=[32m"flex flex-col space-y-1.5 p-6"[31m
              [36m>[31m
                [36m<div[31m
                  [33mclass[31m=[32m"flex items-center space-x-2"[31m
                [36m>[31m
                  [36m<svg[31m
                    [33mclass[31m=[32m"lucide lucide-palette h-5 w-5"[31m
                    [33mfill[31m=[32m"none"[31m
                    [33mheight[31m=[32m"24"[31m
                    [33mstroke[31m=[32m"currentColor"[31m
                    [33mstroke-linecap[31m=[32m"round"[31m
                    [33mstroke-linejoin[31m=[32m"round"[31m
                    [33mstroke-width[31m=[32m"2"[31m
                    [33mviewBox[31m=[32m"0 0 24 24"[31m
                    [33mwidth[31m=[32m"24"[31m
                    [33mxmlns[31m=[32m"http://www.w3.org/2000/svg"[31m
                  [36m>[31m
                    [36m<circle[31m
                      [33mcx[31m=[32m"13.5"[31m
                      [33mcy[31m=[32m"6.5"[31m
                      [33mfill[31m=[32m"currentColor"[31m
                      [33mr[31m=[32m".5"[31m
                    [36m/>[31m
                    [36m<circle[31m
                      [33mcx[31m=[32m"17.5"[31m
                      [33mcy[31m=[32m"10.5"[31m
                      [33mfill[31m=[32m"currentColor"[31m
                      [33mr[31m=[32m".5"[31m
                    [36m/>[31m
                    [36m<circle[31m
                      [33mcx[31m=[32m"8.5"[31m
                      [33mcy[31m=[32m"7.5"[31m
                      [33mfill[31m=[32m"currentColor"[31m
                      [33mr[31m=[32m".5"[31m
                    [36m/>[31m
                    [36m<circle[31m
                      [33mcx[31m=[32m"6.5"[31m
                      [33mcy[31m=[32m"12.5"[31m
                      [33mfill[31m=[32m"currentColor"[31m
                      [33mr[31m=[32m".5"[31m
                    [36m/>[31m
                    [36m<path[31m
                      [33md[31m=[32m"M12 2C6.5 2 2 6.5 2 12s4.5 10 10 10c.926 0 1.648-.746 1.648-1.688 0-.437-.18-.835-.437-1.125-.29-.289-.438-.652-.438-1.125a1.64 1.64 0 0 1 1.668-1.668h1.996c3.051 0 5.555-2.503 5.555-5.554C21.965 6.012 17.461 2 12 2z"[31m
                    [36m/>[31m
                  [36m</svg>[31m
                  [36m<h3[31m
                    [33mclass[31m=[32m"text-2xl font-semibold leading-none tracking-tight"[31m
                  [36m>[31m
                    [0mTemplate Selection[0m
                  [36m</h3>[31m
                [36m</div>[31m
                [36m<p[31m
                  [33mclass[31m=[32m"text-sm text-muted-foreground"[31m
                [36m>[...[39m
[31m   [31m×[31m PdfCustomizationModal[2m > [22mshould handle watermark toggle and text input[39m[32m 74[2mms[22m[39m
[31m     → Unable to find a label with the text of: Watermark Text:

Ignored nodes: comments, script, style
[36m<body>[31m
  [36m<div>[31m
    [36m<div[31m
      [33mclass[31m=[32m"fixed inset-0 bg-black/50 flex items-center justify-center z-50"[31m
    [36m>[31m
      [36m<div[31m
        [33mclass[31m=[32m"bg-white rounded-lg shadow-xl w-full max-w-6xl max-h-[90vh] overflow-hidden"[31m
      [36m>[31m
        [36m<div[31m
          [33mclass[31m=[32m"flex items-center justify-between p-6 border-b"[31m
        [36m>[31m
          [36m<div[31m
            [33mclass[31m=[32m"flex items-center space-x-3"[31m
          [36m>[31m
            [36m<svg[31m
              [33mclass[31m=[32m"lucide lucide-file-text h-6 w-6 text-blue-600"[31m
              [33mfill[31m=[32m"none"[31m
              [33mheight[31m=[32m"24"[31m
              [33mstroke[31m=[32m"currentColor"[31m
              [33mstroke-linecap[31m=[32m"round"[31m
              [33mstroke-linejoin[31m=[32m"round"[31m
              [33mstroke-width[31m=[32m"2"[31m
              [33mviewBox[31m=[32m"0 0 24 24"[31m
              [33mwidth[31m=[32m"24"[31m
              [33mxmlns[31m=[32m"http://www.w3.org/2000/svg"[31m
            [36m>[31m
              [36m<path[31m
                [33md[31m=[32m"M15 2H6a2 2 0 0 0-2 2v16a2 2 0 0 0 2 2h12a2 2 0 0 0 2-2V7Z"[31m
              [36m/>[31m
              [36m<path[31m
                [33md[31m=[32m"M14 2v4a2 2 0 0 0 2 2h4"[31m
              [36m/>[31m
              [36m<path[31m
                [33md[31m=[32m"M10 9H8"[31m
              [36m/>[31m
              [36m<path[31m
                [33md[31m=[32m"M16 13H8"[31m
              [36m/>[31m
              [36m<path[31m
                [33md[31m=[32m"M16 17H8"[31m
              [36m/>[31m
            [36m</svg>[31m
            [36m<div>[31m
              [36m<h2[31m
                [33mclass[31m=[32m"text-2xl font-bold"[31m
              [36m>[31m
                [0mCustomize PDF Export[0m
              [36m</h2>[31m
              [36m<p[31m
                [33mclass[31m=[32m"text-gray-600"[31m
              [36m>[31m
                [0mInvoice #[0m
                [0mINV-2024-001[0m
                [0m - [0m
                [0mAcme Corp[0m
              [36m</p>[31m
            [36m</div>[31m
          [36m</div>[31m
          [36m<button[31m
            [33mclass[31m=[32m"inline-flex items-center justify-center gap-2 whitespace-nowrap rounded-md text-sm font-medium ring-offset-background transition-colors focus-visible:outline-none focus-visible:ring-2 focus-visible:ring-ring focus-visible:ring-offset-2 disabled:pointer-events-none disabled:opacity-50 [&_svg]:pointer-events-none [&_svg]:size-4 [&_svg]:shrink-0 hover:bg-accent hover:text-accent-foreground h-10 px-4 py-2"[31m
          [36m>[31m
            [36m<svg[31m
              [33mclass[31m=[32m"lucide lucide-x h-4 w-4"[31m
              [33mfill[31m=[32m"none"[31m
              [33mheight[31m=[32m"24"[31m
              [33mstroke[31m=[32m"currentColor"[31m
              [33mstroke-linecap[31m=[32m"round"[31m
              [33mstroke-linejoin[31m=[32m"round"[31m
              [33mstroke-width[31m=[32m"2"[31m
              [33mviewBox[31m=[32m"0 0 24 24"[31m
              [33mwidth[31m=[32m"24"[31m
              [33mxmlns[31m=[32m"http://www.w3.org/2000/svg"[31m
            [36m>[31m
              [36m<path[31m
                [33md[31m=[32m"M18 6 6 18"[31m
              [36m/>[31m
              [36m<path[31m
                [33md[31m=[32m"m6 6 12 12"[31m
              [36m/>[31m
            [36m</svg>[31m
          [36m</button>[31m
        [36m</div>[31m
        [36m<div[31m
          [33mclass[31m=[32m"p-6 overflow-y-auto max-h-[calc(90vh-140px)]"[31m
        [36m>[31m
          [36m<div[31m
            [33mclass[31m=[32m"grid grid-cols-1 lg:grid-cols-2 gap-6"[31m
          [36m>[31m
            [36m<div[31m
              [33mclass[31m=[32m"rounded-lg border bg-card text-card-foreground shadow-sm"[31m
            [36m>[31m
              [36m<div[31m
                [33mclass[31m=[32m"flex flex-col space-y-1.5 p-6"[31m
              [36m>[31m
                [36m<div[31m
                  [33mclass[31m=[32m"flex items-center space-x-2"[31m
                [36m>[31m
                  [36m<svg[31m
                    [33mclass[31m=[32m"lucide lucide-palette h-5 w-5"[31m
                    [33mfill[31m=[32m"none"[31m
                    [33mheight[31m=[32m"24"[31m
                    [33mstroke[31m=[32m"currentColor"[31m
                    [33mstroke-linecap[31m=[32m"round"[31m
                    [33mstroke-linejoin[31m=[32m"round"[31m
                    [33mstroke-width[31m=[32m"2"[31m
                    [33mviewBox[31m=[32m"0 0 24 24"[31m
                    [33mwidth[31m=[32m"24"[31m
                    [33mxmlns[31m=[32m"http://www.w3.org/2000/svg"[31m
                  [36m>[31m
                    [36m<circle[31m
                      [33mcx[31m=[32m"13.5"[31m
                      [33mcy[31m=[32m"6.5"[31m
                      [33mfill[31m=[32m"currentColor"[31m
                      [33mr[31m=[32m".5"[31m
                    [36m/>[31m
                    [36m<circle[31m
                      [33mcx[31m=[32m"17.5"[31m
                      [33mcy[31m=[32m"10.5"[31m
                      [33mfill[31m=[32m"currentColor"[31m
                      [33mr[31m=[32m".5"[31m
                    [36m/>[31m
                    [36m<circle[31m
                      [33mcx[31m=[32m"8.5"[31m
                      [33mcy[31m=[32m"7.5"[31m
                      [33mfill[31m=[32m"currentColor"[31m
                      [33mr[31m=[32m".5"[31m
                    [36m/>[31m
                    [36m<circle[31m
                      [33mcx[31m=[32m"6.5"[31m
                      [33mcy[31m=[32m"12.5"[31m
                      [33mfill[31m=[32m"currentColor"[31m
                      [33mr[31m=[32m".5"[31m
                    [36m/>[31m
                    [36m<path[31m
                      [33md[31m=[32m"M12 2C6.5 2 2 6.5 2 12s4.5 10 10 10c.926 0 1.648-.746 1.648-1.688 0-.437-.18-.835-.437-1.125-.29-.289-.438-.652-.438-1.125a1.64 1.64 0 0 1 1.668-1.668h1.996c3.051 0 5.555-2.503 5.555-5.554C21.965 6.012 17.461 2 12 2z"[31m
                    [36m/>[31m
                  [36m</svg>[31m
                  [36m<h3[31m
                    [33mclass[31m=[32m"text-2xl font-semibold leading-none tracking-tight"[31m
                  [36m>[31m
                    [0mTemplate Selection[0m
                  [36m</h3>[31m
                [36m</div>[31m
                [36m<p[31m
                  [33mclass[31m=[32m"text-sm text-muted-foreground"[31m
                [36m>[...[39m
   [32m✓[39m PdfCustomizationModal[2m > [22mshould handle preview generation[32m 63[2mms[22m[39m
[31m   [31m×[31m PdfCustomizationModal[2m > [22mshould handle download with custom settings[39m[32m 171[2mms[22m[39m
[31m     → Unable to find a label with the text of: Classic

Ignored nodes: comments, script, style
[36m<body>[31m
  [36m<div>[31m
    [36m<div[31m
      [33mclass[31m=[32m"fixed inset-0 bg-black/50 flex items-center justify-center z-50"[31m
    [36m>[31m
      [36m<div[31m
        [33mclass[31m=[32m"bg-white rounded-lg shadow-xl w-full max-w-6xl max-h-[90vh] overflow-hidden"[31m
      [36m>[31m
        [36m<div[31m
          [33mclass[31m=[32m"flex items-center justify-between p-6 border-b"[31m
        [36m>[31m
          [36m<div[31m
            [33mclass[31m=[32m"flex items-center space-x-3"[31m
          [36m>[31m
            [36m<svg[31m
              [33mclass[31m=[32m"lucide lucide-file-text h-6 w-6 text-blue-600"[31m
              [33mfill[31m=[32m"none"[31m
              [33mheight[31m=[32m"24"[31m
              [33mstroke[31m=[32m"currentColor"[31m
              [33mstroke-linecap[31m=[32m"round"[31m
              [33mstroke-linejoin[31m=[32m"round"[31m
              [33mstroke-width[31m=[32m"2"[31m
              [33mviewBox[31m=[32m"0 0 24 24"[31m
              [33mwidth[31m=[32m"24"[31m
              [33mxmlns[31m=[32m"http://www.w3.org/2000/svg"[31m
            [36m>[31m
              [36m<path[31m
                [33md[31m=[32m"M15 2H6a2 2 0 0 0-2 2v16a2 2 0 0 0 2 2h12a2 2 0 0 0 2-2V7Z"[31m
              [36m/>[31m
              [36m<path[31m
                [33md[31m=[32m"M14 2v4a2 2 0 0 0 2 2h4"[31m
              [36m/>[31m
              [36m<path[31m
                [33md[31m=[32m"M10 9H8"[31m
              [36m/>[31m
              [36m<path[31m
                [33md[31m=[32m"M16 13H8"[31m
              [36m/>[31m
              [36m<path[31m
                [33md[31m=[32m"M16 17H8"[31m
              [36m/>[31m
            [36m</svg>[31m
            [36m<div>[31m
              [36m<h2[31m
                [33mclass[31m=[32m"text-2xl font-bold"[31m
              [36m>[31m
                [0mCustomize PDF Export[0m
              [36m</h2>[31m
              [36m<p[31m
                [33mclass[31m=[32m"text-gray-600"[31m
              [36m>[31m
                [0mInvoice #[0m
                [0mINV-2024-001[0m
                [0m - [0m
                [0mAcme Corp[0m
              [36m</p>[31m
            [36m</div>[31m
          [36m</div>[31m
          [36m<button[31m
            [33mclass[31m=[32m"inline-flex items-center justify-center gap-2 whitespace-nowrap rounded-md text-sm font-medium ring-offset-background transition-colors focus-visible:outline-none focus-visible:ring-2 focus-visible:ring-ring focus-visible:ring-offset-2 disabled:pointer-events-none disabled:opacity-50 [&_svg]:pointer-events-none [&_svg]:size-4 [&_svg]:shrink-0 hover:bg-accent hover:text-accent-foreground h-10 px-4 py-2"[31m
          [36m>[31m
            [36m<svg[31m
              [33mclass[31m=[32m"lucide lucide-x h-4 w-4"[31m
              [33mfill[31m=[32m"none"[31m
              [33mheight[31m=[32m"24"[31m
              [33mstroke[31m=[32m"currentColor"[31m
              [33mstroke-linecap[31m=[32m"round"[31m
              [33mstroke-linejoin[31m=[32m"round"[31m
              [33mstroke-width[31m=[32m"2"[31m
              [33mviewBox[31m=[32m"0 0 24 24"[31m
              [33mwidth[31m=[32m"24"[31m
              [33mxmlns[31m=[32m"http://www.w3.org/2000/svg"[31m
            [36m>[31m
              [36m<path[31m
                [33md[31m=[32m"M18 6 6 18"[31m
              [36m/>[31m
              [36m<path[31m
                [33md[31m=[32m"m6 6 12 12"[31m
              [36m/>[31m
            [36m</svg>[31m
          [36m</button>[31m
        [36m</div>[31m
        [36m<div[31m
          [33mclass[31m=[32m"p-6 overflow-y-auto max-h-[calc(90vh-140px)]"[31m
        [36m>[31m
          [36m<div[31m
            [33mclass[31m=[32m"grid grid-cols-1 lg:grid-cols-2 gap-6"[31m
          [36m>[31m
            [36m<div[31m
              [33mclass[31m=[32m"rounded-lg border bg-card text-card-foreground shadow-sm"[31m
            [36m>[31m
              [36m<div[31m
                [33mclass[31m=[32m"flex flex-col space-y-1.5 p-6"[31m
              [36m>[31m
                [36m<div[31m
                  [33mclass[31m=[32m"flex items-center space-x-2"[31m
                [36m>[31m
                  [36m<svg[31m
                    [33mclass[31m=[32m"lucide lucide-palette h-5 w-5"[31m
                    [33mfill[31m=[32m"none"[31m
                    [33mheight[31m=[32m"24"[31m
                    [33mstroke[31m=[32m"currentColor"[31m
                    [33mstroke-linecap[31m=[32m"round"[31m
                    [33mstroke-linejoin[31m=[32m"round"[31m
                    [33mstroke-width[31m=[32m"2"[31m
                    [33mviewBox[31m=[32m"0 0 24 24"[31m
                    [33mwidth[31m=[32m"24"[31m
                    [33mxmlns[31m=[32m"http://www.w3.org/2000/svg"[31m
                  [36m>[31m
                    [36m<circle[31m
                      [33mcx[31m=[32m"13.5"[31m
                      [33mcy[31m=[32m"6.5"[31m
                      [33mfill[31m=[32m"currentColor"[31m
                      [33mr[31m=[32m".5"[31m
                    [36m/>[31m
                    [36m<circle[31m
                      [33mcx[31m=[32m"17.5"[31m
                      [33mcy[31m=[32m"10.5"[31m
                      [33mfill[31m=[32m"currentColor"[31m
                      [33mr[31m=[32m".5"[31m
                    [36m/>[31m
                    [36m<circle[31m
                      [33mcx[31m=[32m"8.5"[31m
                      [33mcy[31m=[32m"7.5"[31m
                      [33mfill[31m=[32m"currentColor"[31m
                      [33mr[31m=[32m".5"[31m
                    [36m/>[31m
                    [36m<circle[31m
                      [33mcx[31m=[32m"6.5"[31m
                      [33mcy[31m=[32m"12.5"[31m
                      [33mfill[31m=[32m"currentColor"[31m
                      [33mr[31m=[32m".5"[31m
                    [36m/>[31m
                    [36m<path[31m
                      [33md[31m=[32m"M12 2C6.5 2 2 6.5 2 12s4.5 10 10 10c.926 0 1.648-.746 1.648-1.688 0-.437-.18-.835-.437-1.125-.29-.289-.438-.652-.438-1.125a1.64 1.64 0 0 1 1.668-1.668h1.996c3.051 0 5.555-2.503 5.555-5.554C21.965 6.012 17.461 2 12 2z"[31m
                    [36m/>[31m
                  [36m</svg>[31m
                  [36m<h3[31m
                    [33mclass[31m=[32m"text-2xl font-semibold leading-none tracking-tight"[31m
                  [36m>[31m
                    [0mTemplate Selection[0m
                  [36m</h3>[31m
                [36m</div>[31m
                [36m<p[31m
                  [33mclass[31m=[32m"text-sm text-muted-foreground"[31m
                [36m>[...[39m
[31m   [31m×[31m PdfCustomizationModal[2m > [22mshould validate required fields before download[39m[32m 107[2mms[22m[39m
[31m     → Unable to find an element with the text: Watermark text is required when watermark is enabled. This could be because the text is broken up by multiple elements. In this case, you can provide a function for your text matcher to make your matcher more flexible.

Ignored nodes: comments, script, style
[36m<body>[31m
  [36m<div>[31m
    [36m<div[31m
      [33mclass[31m=[32m"fixed inset-0 bg-black/50 flex items-center justify-center z-50"[31m
    [36m>[31m
      [36m<div[31m
        [33mclass[31m=[32m"bg-white rounded-lg shadow-xl w-full max-w-6xl max-h-[90vh] overflow-hidden"[31m
      [36m>[31m
        [36m<div[31m
          [33mclass[31m=[32m"flex items-center justify-between p-6 border-b"[31m
        [36m>[31m
          [36m<div[31m
            [33mclass[31m=[32m"flex items-center space-x-3"[31m
          [36m>[31m
            [36m<svg[31m
              [33mclass[31m=[32m"lucide lucide-file-text h-6 w-6 text-blue-600"[31m
              [33mfill[31m=[32m"none"[31m
              [33mheight[31m=[32m"24"[31m
              [33mstroke[31m=[32m"currentColor"[31m
              [33mstroke-linecap[31m=[32m"round"[31m
              [33mstroke-linejoin[31m=[32m"round"[31m
              [33mstroke-width[31m=[32m"2"[31m
              [33mviewBox[31m=[32m"0 0 24 24"[31m
              [33mwidth[31m=[32m"24"[31m
              [33mxmlns[31m=[32m"http://www.w3.org/2000/svg"[31m
            [36m>[31m
              [36m<path[31m
                [33md[31m=[32m"M15 2H6a2 2 0 0 0-2 2v16a2 2 0 0 0 2 2h12a2 2 0 0 0 2-2V7Z"[31m
              [36m/>[31m
              [36m<path[31m
                [33md[31m=[32m"M14 2v4a2 2 0 0 0 2 2h4"[31m
              [36m/>[31m
              [36m<path[31m
                [33md[31m=[32m"M10 9H8"[31m
              [36m/>[31m
              [36m<path[31m
                [33md[31m=[32m"M16 13H8"[31m
              [36m/>[31m
              [36m<path[31m
                [33md[31m=[32m"M16 17H8"[31m
              [36m/>[31m
            [36m</svg>[31m
            [36m<div>[31m
              [36m<h2[31m
                [33mclass[31m=[32m"text-2xl font-bold"[31m
              [36m>[31m
                [0mCustomize PDF Export[0m
              [36m</h2>[31m
              [36m<p[31m
                [33mclass[31m=[32m"text-gray-600"[31m
              [36m>[31m
                [0mInvoice #[0m
                [0mINV-2024-001[0m
                [0m - [0m
                [0mAcme Corp[0m
              [36m</p>[31m
            [36m</div>[31m
          [36m</div>[31m
          [36m<button[31m
            [33mclass[31m=[32m"inline-flex items-center justify-center gap-2 whitespace-nowrap rounded-md text-sm font-medium ring-offset-background transition-colors focus-visible:outline-none focus-visible:ring-2 focus-visible:ring-ring focus-visible:ring-offset-2 disabled:pointer-events-none disabled:opacity-50 [&_svg]:pointer-events-none [&_svg]:size-4 [&_svg]:shrink-0 hover:bg-accent hover:text-accent-foreground h-10 px-4 py-2"[31m
          [36m>[31m
            [36m<svg[31m
              [33mclass[31m=[32m"lucide lucide-x h-4 w-4"[31m
              [33mfill[31m=[32m"none"[31m
              [33mheight[31m=[32m"24"[31m
              [33mstroke[31m=[32m"currentColor"[31m
              [33mstroke-linecap[31m=[32m"round"[31m
              [33mstroke-linejoin[31m=[32m"round"[31m
              [33mstroke-width[31m=[32m"2"[31m
              [33mviewBox[31m=[32m"0 0 24 24"[31m
              [33mwidth[31m=[32m"24"[31m
              [33mxmlns[31m=[32m"http://www.w3.org/2000/svg"[31m
            [36m>[31m
              [36m<path[31m
                [33md[31m=[32m"M18 6 6 18"[31m
              [36m/>[31m
              [36m<path[31m
                [33md[31m=[32m"m6 6 12 12"[31m
              [36m/>[31m
            [36m</svg>[31m
          [36m</button>[31m
        [36m</div>[31m
        [36m<div[31m
          [33mclass[31m=[32m"p-6 overflow-y-auto max-h-[calc(90vh-140px)]"[31m
        [36m>[31m
          [36m<div[31m
            [33mclass[31m=[32m"grid grid-cols-1 lg:grid-cols-2 gap-6"[31m
          [36m>[31m
            [36m<div[31m
              [33mclass[31m=[32m"rounded-lg border bg-card text-card-foreground shadow-sm"[31m
            [36m>[31m
              [36m<div[31m
                [33mclass[31m=[32m"flex flex-col space-y-1.5 p-6"[31m
              [36m>[31m
                [36m<div[31m
                  [33mclass[31m=[32m"flex items-center space-x-2"[31m
                [36m>[31m
                  [36m<svg[31m
                    [33mclass[31m=[32m"lucide lucide-palette h-5 w-5"[31m
                    [33mfill[31m=[32m"none"[31m
                    [33mheight[31m=[32m"24"[31m
                    [33mstroke[31m=[32m"currentColor"[31m
                    [33mstroke-linecap[31m=[32m"round"[31m
                    [33mstroke-linejoin[31m=[32m"round"[31m
                    [33mstroke-width[31m=[32m"2"[31m
                    [33mviewBox[31m=[32m"0 0 24 24"[31m
                    [33mwidth[31m=[32m"24"[31m
                    [33mxmlns[31m=[32m"http://www.w3.org/2000/svg"[31m
                  [36m>[31m
                    [36m<circle[31m
                      [33mcx[31m=[32m"13.5"[31m
                      [33mcy[31m=[32m"6.5"[31m
                      [33mfill[31m=[32m"currentColor"[31m
                      [33mr[31m=[32m".5"[31m
                    [36m/>[31m
                    [36m<circle[31m
                      [33mcx[31m=[32m"17.5"[31m
                      [33mcy[31m=[32m"10.5"[31m
                      [33mfill[31m=[32m"currentColor"[31m
                      [33mr[31m=[32m".5"[31m
                    [36m/>[31m
                    [36m<circle[31m
                      [33mcx[31m=[32m"8.5"[31m
                      [33mcy[31m=[32m"7.5"[31m
                      [33mfill[31m=[32m"currentColor"[31m
                      [33mr[31m=[32m".5"[31m
                    [36m/>[31m
                    [36m<circle[31m
                      [33mcx[31m=[32m"6.5"[31m
                      [33mcy[31m=[32m"12.5"[31m
                      [33mfill[31m=[32m"currentColor"[31m
                      [33mr[31m=[32m".5"[31m
                    [36m/>[31m
                    [36m<path[31m
                      [33md[31m=[32m"M12 2C6.5 2 2 6.5 2 12s4.5 10 10 10c.926 0 1.648-.746 1.648-1.688 0-.437-.18-.835-.437-1.125-.29-.289-.438-.652-.438-1.125a1.64 1.64 0 0 1 1.668-1.668h1.996c3.051 0 5.555-2.503 5.555-5.554C21.965 6.012 17.461 2 12 2z"[31m
                    [36m/>[31m
                  [36m</svg>[31m
                  [36m<h3[31m
                    [33mclass[31m=[32m"text-2xl font-semibold leading-none tracking-tight"[31m
                  [36m>[31m
                    [0mTemplate Selection[0m
                  [36m</h3>[31m
                [36m</div>[31m
                [36m<p[31m
                  [33mclass[31m=[32m"text-sm text-muted-foreground"[31m
                [36m>[...[39m
   [32m✓[39m PdfCustomizationModal[2m > [22mshould call onClose when cancel button is clicked[32m 41[2mms[22m[39m
   [32m✓[39m PdfCustomizationModal[2m > [22mshould not render when modal is closed[32m 3[2mms[22m[39m
[31m   [31m×[31m PdfCustomizationModal[2m > [22mshould reset form when modal is reopened[39m[32m 94[2mms[22m[39m
[31m     → Unable to find a label with the text of: Classic

Ignored nodes: comments, script, style
[36m<body>[31m
  [36m<div>[31m
    [36m<div[31m
      [33mclass[31m=[32m"fixed inset-0 bg-black/50 flex items-center justify-center z-50"[31m
    [36m>[31m
      [36m<div[31m
        [33mclass[31m=[32m"bg-white rounded-lg shadow-xl w-full max-w-6xl max-h-[90vh] overflow-hidden"[31m
      [36m>[31m
        [36m<div[31m
          [33mclass[31m=[32m"flex items-center justify-between p-6 border-b"[31m
        [36m>[31m
          [36m<div[31m
            [33mclass[31m=[32m"flex items-center space-x-3"[31m
          [36m>[31m
            [36m<svg[31m
              [33mclass[31m=[32m"lucide lucide-file-text h-6 w-6 text-blue-600"[31m
              [33mfill[31m=[32m"none"[31m
              [33mheight[31m=[32m"24"[31m
              [33mstroke[31m=[32m"currentColor"[31m
              [33mstroke-linecap[31m=[32m"round"[31m
              [33mstroke-linejoin[31m=[32m"round"[31m
              [33mstroke-width[31m=[32m"2"[31m
              [33mviewBox[31m=[32m"0 0 24 24"[31m
              [33mwidth[31m=[32m"24"[31m
              [33mxmlns[31m=[32m"http://www.w3.org/2000/svg"[31m
            [36m>[31m
              [36m<path[31m
                [33md[31m=[32m"M15 2H6a2 2 0 0 0-2 2v16a2 2 0 0 0 2 2h12a2 2 0 0 0 2-2V7Z"[31m
              [36m/>[31m
              [36m<path[31m
                [33md[31m=[32m"M14 2v4a2 2 0 0 0 2 2h4"[31m
              [36m/>[31m
              [36m<path[31m
                [33md[31m=[32m"M10 9H8"[31m
              [36m/>[31m
              [36m<path[31m
                [33md[31m=[32m"M16 13H8"[31m
              [36m/>[31m
              [36m<path[31m
                [33md[31m=[32m"M16 17H8"[31m
              [36m/>[31m
            [36m</svg>[31m
            [36m<div>[31m
              [36m<h2[31m
                [33mclass[31m=[32m"text-2xl font-bold"[31m
              [36m>[31m
                [0mCustomize PDF Export[0m
              [36m</h2>[31m
              [36m<p[31m
                [33mclass[31m=[32m"text-gray-600"[31m
              [36m>[31m
                [0mInvoice #[0m
                [0mINV-2024-001[0m
                [0m - [0m
                [0mAcme Corp[0m
              [36m</p>[31m
            [36m</div>[31m
          [36m</div>[31m
          [36m<button[31m
            [33mclass[31m=[32m"inline-flex items-center justify-center gap-2 whitespace-nowrap rounded-md text-sm font-medium ring-offset-background transition-colors focus-visible:outline-none focus-visible:ring-2 focus-visible:ring-ring focus-visible:ring-offset-2 disabled:pointer-events-none disabled:opacity-50 [&_svg]:pointer-events-none [&_svg]:size-4 [&_svg]:shrink-0 hover:bg-accent hover:text-accent-foreground h-10 px-4 py-2"[31m
          [36m>[31m
            [36m<svg[31m
              [33mclass[31m=[32m"lucide lucide-x h-4 w-4"[31m
              [33mfill[31m=[32m"none"[31m
              [33mheight[31m=[32m"24"[31m
              [33mstroke[31m=[32m"currentColor"[31m
              [33mstroke-linecap[31m=[32m"round"[31m
              [33mstroke-linejoin[31m=[32m"round"[31m
              [33mstroke-width[31m=[32m"2"[31m
              [33mviewBox[31m=[32m"0 0 24 24"[31m
              [33mwidth[31m=[32m"24"[31m
              [33mxmlns[31m=[32m"http://www.w3.org/2000/svg"[31m
            [36m>[31m
              [36m<path[31m
                [33md[31m=[32m"M18 6 6 18"[31m
              [36m/>[31m
              [36m<path[31m
                [33md[31m=[32m"m6 6 12 12"[31m
              [36m/>[31m
            [36m</svg>[31m
          [36m</button>[31m
        [36m</div>[31m
        [36m<div[31m
          [33mclass[31m=[32m"p-6 overflow-y-auto max-h-[calc(90vh-140px)]"[31m
        [36m>[31m
          [36m<div[31m
            [33mclass[31m=[32m"grid grid-cols-1 lg:grid-cols-2 gap-6"[31m
          [36m>[31m
            [36m<div[31m
              [33mclass[31m=[32m"rounded-lg border bg-card text-card-foreground shadow-sm"[31m
            [36m>[31m
              [36m<div[31m
                [33mclass[31m=[32m"flex flex-col space-y-1.5 p-6"[31m
              [36m>[31m
                [36m<div[31m
                  [33mclass[31m=[32m"flex items-center space-x-2"[31m
                [36m>[31m
                  [36m<svg[31m
                    [33mclass[31m=[32m"lucide lucide-palette h-5 w-5"[31m
                    [33mfill[31m=[32m"none"[31m
                    [33mheight[31m=[32m"24"[31m
                    [33mstroke[31m=[32m"currentColor"[31m
                    [33mstroke-linecap[31m=[32m"round"[31m
                    [33mstroke-linejoin[31m=[32m"round"[31m
                    [33mstroke-width[31m=[32m"2"[31m
                    [33mviewBox[31m=[32m"0 0 24 24"[31m
                    [33mwidth[31m=[32m"24"[31m
                    [33mxmlns[31m=[32m"http://www.w3.org/2000/svg"[31m
                  [36m>[31m
                    [36m<circle[31m
                      [33mcx[31m=[32m"13.5"[31m
                      [33mcy[31m=[32m"6.5"[31m
                      [33mfill[31m=[32m"currentColor"[31m
                      [33mr[31m=[32m".5"[31m
                    [36m/>[31m
                    [36m<circle[31m
                      [33mcx[31m=[32m"17.5"[31m
                      [33mcy[31m=[32m"10.5"[31m
                      [33mfill[31m=[32m"currentColor"[31m
                      [33mr[31m=[32m".5"[31m
                    [36m/>[31m
                    [36m<circle[31m
                      [33mcx[31m=[32m"8.5"[31m
                      [33mcy[31m=[32m"7.5"[31m
                      [33mfill[31m=[32m"currentColor"[31m
                      [33mr[31m=[32m".5"[31m
                    [36m/>[31m
                    [36m<circle[31m
                      [33mcx[31m=[32m"6.5"[31m
                      [33mcy[31m=[32m"12.5"[31m
                      [33mfill[31m=[32m"currentColor"[31m
                      [33mr[31m=[32m".5"[31m
                    [36m/>[31m
                    [36m<path[31m
                      [33md[31m=[32m"M12 2C6.5 2 2 6.5 2 12s4.5 10 10 10c.926 0 1.648-.746 1.648-1.688 0-.437-.18-.835-.437-1.125-.29-.289-.438-.652-.438-1.125a1.64 1.64 0 0 1 1.668-1.668h1.996c3.051 0 5.555-2.503 5.555-5.554C21.965 6.012 17.461 2 12 2z"[31m
                    [36m/>[31m
                  [36m</svg>[31m
                  [36m<h3[31m
                    [33mclass[31m=[32m"text-2xl font-semibold leading-none tracking-tight"[31m
                  [36m>[31m
                    [0mTemplate Selection[0m
                  [36m</h3>[31m
                [36m</div>[31m
                [36m<p[31m
                  [33mclass[31m=[32m"text-sm text-muted-foreground"[31m
                [36m>[...[39m
[90mstdout[2m | src/pages/Customers.test.tsx[2m > [22m[2mCustomers[2m > [22m[2madd customer modal[2m > [22m[2mshould create new customer successfully
[22m[39m🚀 Customers component is mounting
📡 Supabase client available: [33mtrue[39m

[90mstdout[2m | src/pages/Customers.test.tsx[2m > [22m[2mCustomers[2m > [22m[2madd customer modal[2m > [22m[2mshould create new customer successfully
[22m[39m🚀 Customers component is mounting
📡 Supabase client available: [33mtrue[39m

[90mstdout[2m | src/pages/Customers.test.tsx[2m > [22m[2mCustomers[2m > [22m[2madd customer modal[2m > [22m[2mshould create new customer successfully
[22m[39m🚀 Customers component is mounting
📡 Supabase client available: [33mtrue[39m

[90mstdout[2m | src/pages/Customers.test.tsx[2m > [22m[2mCustomers[2m > [22m[2madd customer modal[2m > [22m[2mshould create new customer successfully
[22m[39m🚀 Customers component is mounting
📡 Supabase client available: [33mtrue[39m

[90mstdout[2m | src/pages/Customers.test.tsx[2m > [22m[2mCustomers[2m > [22m[2madd customer modal[2m > [22m[2mshould create new customer successfully
[22m[39m🚀 Customers component is mounting
📡 Supabase client available: [33mtrue[39m

[90mstdout[2m | src/pages/Customers.test.tsx[2m > [22m[2mCustomers[2m > [22m[2madd customer modal[2m > [22m[2mshould create new customer successfully
[22m[39m🚀 Customers component is mounting
📡 Supabase client available: [33mtrue[39m

[90mstdout[2m | src/pages/Customers.test.tsx[2m > [22m[2mCustomers[2m > [22m[2madd customer modal[2m > [22m[2mshould create new customer successfully
[22m[39m🚀 Customers component is mounting
📡 Supabase client available: [33mtrue[39m

[90mstdout[2m | src/pages/Customers.test.tsx[2m > [22m[2mCustomers[2m > [22m[2madd customer modal[2m > [22m[2mshould create new customer successfully
[22m[39m🚀 Customers component is mounting
📡 Supabase client available: [33mtrue[39m

[90mstdout[2m | src/pages/Customers.test.tsx[2m > [22m[2mCustomers[2m > [22m[2madd customer modal[2m > [22m[2mshould create new customer successfully
[22m[39m🚀 Customers component is mounting
📡 Supabase client available: [33mtrue[39m

[90mstdout[2m | src/pages/Customers.test.tsx[2m > [22m[2mCustomers[2m > [22m[2madd customer modal[2m > [22m[2mshould create new customer successfully
[22m[39m🚀 Customers component is mounting
📡 Supabase client available: [33mtrue[39m

[90mstdout[2m | src/pages/Customers.test.tsx[2m > [22m[2mCustomers[2m > [22m[2madd customer modal[2m > [22m[2mshould create new customer successfully
[22m[39m🚀 Customers component is mounting
📡 Supabase client available: [33mtrue[39m

[90mstdout[2m | src/pages/Customers.test.tsx[2m > [22m[2mCustomers[2m > [22m[2madd customer modal[2m > [22m[2mshould create new customer successfully
[22m[39m🚀 Customers component is mounting
📡 Supabase client available: [33mtrue[39m

[90mstdout[2m | src/pages/Customers.test.tsx[2m > [22m[2mCustomers[2m > [22m[2madd customer modal[2m > [22m[2mshould create new customer successfully
[22m[39m🚀 Customers component is mounting
📡 Supabase client available: [33mtrue[39m

[90mstdout[2m | src/pages/Customers.test.tsx[2m > [22m[2mCustomers[2m > [22m[2madd customer modal[2m > [22m[2mshould create new customer successfully
[22m[39m🚀 Customers component is mounting
📡 Supabase client available: [33mtrue[39m

[90mstdout[2m | src/pages/Customers.test.tsx[2m > [22m[2mCustomers[2m > [22m[2madd customer modal[2m > [22m[2mshould create new customer successfully
[22m[39m🚀 Customers component is mounting
📡 Supabase client available: [33mtrue[39m

[90mstdout[2m | src/pages/Customers.test.tsx[2m > [22m[2mCustomers[2m > [22m[2madd customer modal[2m > [22m[2mshould create new customer successfully
[22m[39m🚀 Customers component is mounting
📡 Supabase client available: [33mtrue[39m

[90mstdout[2m | src/pages/Customers.test.tsx[2m > [22m[2mCustomers[2m > [22m[2madd customer modal[2m > [22m[2mshould create new customer successfully
[22m[39m🚀 Customers component is mounting
📡 Supabase client available: [33mtrue[39m

[90mstdout[2m | src/pages/Customers.test.tsx[2m > [22m[2mCustomers[2m > [22m[2madd customer modal[2m > [22m[2mshould create new customer successfully
[22m[39m🚀 Customers component is mounting
📡 Supabase client available: [33mtrue[39m

[90mstdout[2m | src/pages/Customers.test.tsx[2m > [22m[2mCustomers[2m > [22m[2madd customer modal[2m > [22m[2mshould create new customer successfully
[22m[39m🚀 Customers component is mounting
📡 Supabase client available: [33mtrue[39m

[90mstdout[2m | src/pages/Customers.test.tsx[2m > [22m[2mCustomers[2m > [22m[2madd customer modal[2m > [22m[2mshould create new customer successfully
[22m[39m🚀 Customers component is mounting
📡 Supabase client available: [33mtrue[39m

[90mstdout[2m | src/pages/Customers.test.tsx[2m > [22m[2mCustomers[2m > [22m[2madd customer modal[2m > [22m[2mshould create new customer successfully
[22m[39m🚀 Customers component is mounting
📡 Supabase client available: [33mtrue[39m

[90mstdout[2m | src/pages/Customers.test.tsx[2m > [22m[2mCustomers[2m > [22m[2madd customer modal[2m > [22m[2mshould create new customer successfully
[22m[39m🚀 Customers component is mounting
📡 Supabase client available: [33mtrue[39m

[90mstdout[2m | src/pages/Customers.test.tsx[2m > [22m[2mCustomers[2m > [22m[2madd customer modal[2m > [22m[2mshould create new customer successfully
[22m[39m🚀 Customers component is mounting
📡 Supabase client available: [33mtrue[39m

[90mstdout[2m | src/pages/Customers.test.tsx[2m > [22m[2mCustomers[2m > [22m[2madd customer modal[2m > [22m[2mshould create new customer successfully
[22m[39m🚀 Customers component is mounting
📡 Supabase client available: [33mtrue[39m

[90mstdout[2m | src/pages/Customers.test.tsx[2m > [22m[2mCustomers[2m > [22m[2madd customer modal[2m > [22m[2mshould create new customer successfully
[22m[39m🚀 Customers component is mounting
📡 Supabase client available: [33mtrue[39m

[90mstdout[2m | src/pages/Customers.test.tsx[2m > [22m[2mCustomers[2m > [22m[2madd customer modal[2m > [22m[2mshould create new customer successfully
[22m[39m🚀 Customers component is mounting
📡 Supabase client available: [33mtrue[39m

[90mstdout[2m | src/pages/Customers.test.tsx[2m > [22m[2mCustomers[2m > [22m[2madd customer modal[2m > [22m[2mshould create new customer successfully
[22m[39m🚀 Customers component is mounting
📡 Supabase client available: [33mtrue[39m

[90mstdout[2m | src/pages/Customers.test.tsx[2m > [22m[2mCustomers[2m > [22m[2madd customer modal[2m > [22m[2mshould create new customer successfully
[22m[39m🚀 Customers component is mounting
📡 Supabase client available: [33mtrue[39m

[90mstdout[2m | src/pages/Customers.test.tsx[2m > [22m[2mCustomers[2m > [22m[2madd customer modal[2m > [22m[2mshould create new customer successfully
[22m[39m🚀 Customers component is mounting
📡 Supabase client available: [33mtrue[39m

[90mstdout[2m | src/test/unit/Customer.test.tsx[2m > [22m[2mCustomers Component[2m > [22m[2mError Handling[2m > [22m[2mshould handle fetch errors gracefully
[22m[39m🚀 Customers component is mounting
📡 Supabase client available: [33mtrue[39m
🔥 useEffect triggered - calling loadCustomers
🔄 Starting loadCustomers function
📱 Loading customers from offline service
🚀 Customers component is mounting
📡 Supabase client available: [33mtrue[39m
✅ Customers loaded from offline service: []
🏁 Setting loading to false
🚀 Customers component is mounting
📡 Supabase client available: [33mtrue[39m

[90mstdout[2m | src/pages/Customers.test.tsx[2m > [22m[2mCustomers[2m > [22m[2madd customer modal[2m > [22m[2mshould create new customer successfully
[22m[39m🚀 Customers component is mounting
📡 Supabase client available: [33mtrue[39m

 [31m❯[39m src/components/export-fields/ExportFieldsForm.test.tsx [2m([22m[2m10 tests[22m[2m | [22m[31m7 failed[39m[2m)[22m[33m 7749[2mms[22m[39m
[31m   [31m×[31m ExportFieldsForm[2m > [22mshould render the form with all required fields[39m[33m 1380[2mms[22m[39m
[31m     → Unable to find a label with the text of: /export documentation language/i

Ignored nodes: comments, script, style
[36m<body>[31m
  [36m<div>[31m
    [36m<div[31m
      [33mclass[31m=[32m"rounded-lg border bg-card text-card-foreground shadow-sm"[31m
    [36m>[31m
      [36m<div[31m
        [33mclass[31m=[32m"flex flex-col space-y-1.5 p-6"[31m
      [36m>[31m
        [36m<h3[31m
          [33mclass[31m=[32m"text-2xl font-semibold leading-none tracking-tight"[31m
        [36m>[31m
          [0mChina Export Business Fields[0m
        [36m</h3>[31m
      [36m</div>[31m
      [36m<div[31m
        [33mclass[31m=[32m"p-6 pt-0 space-y-6"[31m
      [36m>[31m
        [36m<div[31m
          [33mclass[31m=[32m"grid grid-cols-2 gap-4"[31m
        [36m>[31m
          [36m<div[31m
            [33mclass[31m=[32m"space-y-2"[31m
          [36m>[31m
            [36m<label[31m
              [33mclass[31m=[32m"text-sm font-medium leading-none peer-disabled:cursor-not-allowed peer-disabled:opacity-70"[31m
              [33mfor[31m=[32m"exportLicenseNumber"[31m
            [36m>[31m
              [0mExport License Number[0m
            [36m</label>[31m
            [36m<input[31m
              [33mclass[31m=[32m"flex h-10 w-full rounded-md border border-input bg-background px-3 py-2 text-sm ring-offset-background file:border-0 file:bg-transparent file:text-sm file:font-medium placeholder:text-muted-foreground focus-visible:outline-none focus-visible:ring-2 focus-visible:ring-ring focus-visible:ring-offset-2 disabled:cursor-not-allowed disabled:opacity-50"[31m
              [33mid[31m=[32m"exportLicenseNumber"[31m
              [33mplaceholder[31m=[32m"Enter export license number"[31m
              [33mvalue[31m=[32m""[31m
            [36m/>[31m
          [36m</div>[31m
          [36m<div[31m
            [33mclass[31m=[32m"space-y-2"[31m
          [36m>[31m
            [36m<label[31m
              [33mclass[31m=[32m"text-sm font-medium leading-none peer-disabled:cursor-not-allowed peer-disabled:opacity-70"[31m
              [33mfor[31m=[32m"customsBroker"[31m
            [36m>[31m
              [0mCustoms Broker[0m
            [36m</label>[31m
            [36m<input[31m
              [33mclass[31m=[32m"flex h-10 w-full rounded-md border border-input bg-background px-3 py-2 text-sm ring-offset-background file:border-0 file:bg-transparent file:text-sm file:font-medium placeholder:text-muted-foreground focus-visible:outline-none focus-visible:ring-2 focus-visible:ring-ring focus-visible:ring-offset-2 disabled:cursor-not-allowed disabled:opacity-50"[31m
              [33mid[31m=[32m"customsBroker"[31m
              [33mplaceholder[31m=[32m"Enter customs broker name"[31m
              [33mvalue[31m=[32m""[31m
            [36m/>[31m
          [36m</div>[31m
        [36m</div>[31m
        [36m<div[31m
          [33mclass[31m=[32m"grid grid-cols-3 gap-4"[31m
        [36m>[31m
          [36m<div[31m
            [33mclass[31m=[32m"space-y-2"[31m
          [36m>[31m
            [36m<label[31m
              [33mclass[31m=[32m"text-sm font-medium leading-none peer-disabled:cursor-not-allowed peer-disabled:opacity-70"[31m
              [33mfor[31m=[32m"creditLimitUsd"[31m
            [36m>[31m
              [0mCredit Limit (USD)[0m
            [36m</label>[31m
            [36m<input[31m
              [33mclass[31m=[32m"flex h-10 w-full rounded-md border border-input bg-background px-3 py-2 text-sm ring-offset-background file:border-0 file:bg-transparent file:text-sm file:font-medium placeholder:text-muted-foreground focus-visible:outline-none focus-visible:ring-2 focus-visible:ring-ring focus-visible:ring-offset-2 disabled:cursor-not-allowed disabled:opacity-50"[31m
              [33mid[31m=[32m"creditLimitUsd"[31m
              [33mplaceholder[31m=[32m"0.00"[31m
              [33mtype[31m=[32m"number"[31m
              [33mvalue[31m=[32m"0"[31m
            [36m/>[31m
          [36m</div>[31m
          [36m<div[31m
            [33mclass[31m=[32m"space-y-2"[31m
          [36m>[31m
            [36m<label[31m
              [33mclass[31m=[32m"text-sm font-medium leading-none peer-disabled:cursor-not-allowed peer-disabled:opacity-70"[31m
              [33mfor[31m=[32m"paymentTermsExport"[31m
            [36m>[31m
              [0mPayment Terms[0m
            [36m</label>[31m
            [36m<select[31m
              [33mclass[31m=[32m"w-full p-2 border border-gray-300 rounded-md"[31m
              [33mid[31m=[32m"paymentTermsExport"[31m
            [36m>[31m
              [36m<option[31m
                [33mvalue[31m=[32m""[31m
              [36m>[31m
                [0mSelect payment terms[0m
              [36m</option>[31m
              [36m<option[31m
                [33mvalue[31m=[32m"LC_at_sight"[31m
              [36m>[31m
                [0mLC at Sight[0m
              [36m</option>[31m
              [36m<option[31m
                [33mvalue[31m=[32m"LC_30_days"[31m
              [36m>[31m
                [0mLC 30 Days[0m
              [36m</option>[31m
              [36m<option[31m
                [33mvalue[31m=[32m"LC_60_days"[31m
              [36m>[31m
                [0mLC 60 Days[0m
              [36m</option>[31m
              [36m<option[31m
                [33mvalue[31m=[32m"TT_advance"[31m
              [36m>[31m
                [0mTT in Advance[0m
              [36m</option>[31m
              [36m<option[31m
                [33mvalue[31m=[32m"TT_30_days"[31m
              [36m>[31m
                [0mTT 30 Days[0m
              [36m</option>[31m
              [36m<option[31m
                [33mvalue[31m=[32m"TT_60_days"[31m
              [36m>[31m
                [0mTT 60 Days[0m
              [36m</option>[31m
              [36m<option[31m
                [33mvalue[31m=[32m"CAD"[31m
              [36m>[31m
                [0mCash Against Documents[0m
              [36m</option>[31m
              [36m<option[31m
                [33mvalue[31m=[32m"OA"[31m
              [36m>[31m
                [0mOpen Account[0m
              [36m</option>[31m
            [36m</select>[31m
          [36m</div>[31m
          [36m<div[31m
            [33mclass[31m=[32m"space-y-2"[31m
          [36m>[31m
            [36m<label[31m
              [33mclass[31m=[32m"text-sm font-medium leading-none peer-disabled:cursor-not-allowed peer-disabled:opacity-70"[31m
              [33mfor[31m=[32m"preferredCurrency"[31m
            [36m>[31m
              [0mPreferred Currency[0m
            [36m</label>[31m
            [36m<select[31m
              [33mclass[31m=[32m"w-full p-2 border border-gray-300 rounded-md"[31m
              [33mid[31m=[32m"preferredCurrency"[31m
            [36m>[31m
              [36m<option[31m
                [33mvalue[31m=[...

Ignored nodes: comments, script, style
[36m<html>[31m
  [36m<head />[31m
  [36m<body>[31m
    [36m<div>[31m
      [36m<div[31m
        [33mclass[31m=[32m"rounded-lg border bg-card text-card-foreground shadow-sm"[31m
      [36m>[31m
        [36m<div[31m
          [33mclass[31m=[32m"flex flex-col space-y-1.5 p-6"[31m
        [36m>[31m
          [36m<h3[31m
            [33mclass[31m=[32m"text-2xl font-semibold leading-none tracking-tight"[31m
          [36m>[31m
            [0mChina Export Business Fields[0m
          [36m</h3>[31m
        [36m</div>[31m
        [36m<div[31m
          [33mclass[31m=[32m"p-6 pt-0 space-y-6"[31m
        [36m>[31m
          [36m<div[31m
            [33mclass[31m=[32m"grid grid-cols-2 gap-4"[31m
          [36m>[31m
            [36m<div[31m
              [33mclass[31m=[32m"space-y-2"[31m
            [36m>[31m
              [36m<label[31m
                [33mclass[31m=[32m"text-sm font-medium leading-none peer-disabled:cursor-not-allowed peer-disabled:opacity-70"[31m
                [33mfor[31m=[32m"exportLicenseNumber"[31m
              [36m>[31m
                [0mExport License Number[0m
              [36m</label>[31m
              [36m<input[31m
                [33mclass[31m=[32m"flex h-10 w-full rounded-md border border-input bg-background px-3 py-2 text-sm ring-offset-background file:border-0 file:bg-transparent file:text-sm file:font-medium placeholder:text-muted-foreground focus-visible:outline-none focus-visible:ring-2 focus-visible:ring-ring focus-visible:ring-offset-2 disabled:cursor-not-allowed disabled:opacity-50"[31m
                [33mid[31m=[32m"exportLicenseNumber"[31m
                [33mplaceholder[31m=[32m"Enter export license number"[31m
                [33mvalue[31m=[32m""[31m
              [36m/>[31m
            [36m</div>[31m
            [36m<div[31m
              [33mclass[31m=[32m"space-y-2"[31m
            [36m>[31m
              [36m<label[31m
                [33mclass[31m=[32m"text-sm font-medium leading-none peer-disabled:cursor-not-allowed peer-disabled:opacity-70"[31m
                [33mfor[31m=[32m"customsBroker"[31m
              [36m>[31m
                [0mCustoms Broker[0m
              [36m</label>[31m
              [36m<input[31m
                [33mclass[31m=[32m"flex h-10 w-full rounded-md border border-input bg-background px-3 py-2 text-sm ring-offset-background file:border-0 file:bg-transparent file:text-sm file:font-medium placeholder:text-muted-foreground focus-visible:outline-none focus-visible:ring-2 focus-visible:ring-ring focus-visible:ring-offset-2 disabled:cursor-not-allowed disabled:opacity-50"[31m
                [33mid[31m=[32m"customsBroker"[31m
                [33mplaceholder[31m=[32m"Enter customs broker name"[31m
                [33mvalue[31m=[32m""[31m
              [36m/>[31m
            [36m</div>[31m
          [36m</div>[31m
          [36m<div[31m
            [33mclass[31m=[32m"grid grid-cols-3 gap-4"[31m
          [36m>[31m
            [36m<div[31m
              [33mclass[31m=[32m"space-y-2"[31m
            [36m>[31m
              [36m<label[31m
                [33mclass[31m=[32m"text-sm font-medium leading-none peer-disabled:cursor-not-allowed peer-disabled:opacity-70"[31m
                [33mfor[31m=[32m"creditLimitUsd"[31m
              [36m>[31m
                [0mCredit Limit (USD)[0m
              [36m</label>[31m
              [36m<input[31m
                [33mclass[31m=[32m"flex h-10 w-full rounded-md border border-input bg-background px-3 py-2 text-sm ring-offset-background file:border-0 file:bg-transparent file:text-sm file:font-medium placeholder:text-muted-foreground focus-visible:outline-none focus-visible:ring-2 focus-visible:ring-ring focus-visible:ring-offset-2 disabled:cursor-not-allowed disabled:opacity-50"[31m
                [33mid[31m=[32m"creditLimitUsd"[31m
                [33mplaceholder[31m=[32m"0.00"[31m
                [33mtype[31m=[32m"number"[31m
                [33mvalue[31m=[32m"0"[31m
              [36m/>[31m
            [36m</div>[31m
            [36m<div[31m
              [33mclass[31m=[32m"space-y-2"[31m
            [36m>[31m
              [36m<label[31m
                [33mclass[31m=[32m"text-sm font-medium leading-none peer-disabled:cursor-not-allowed peer-disabled:opacity-70"[31m
                [33mfor[31m=[32m"paymentTermsExport"[31m
              [36m>[31m
                [0mPayment Terms[0m
              [36m</label>[31m
              [36m<select[31m
                [33mclass[31m=[32m"w-full p-2 border border-gray-300 rounded-md"[31m
                [33mid[31m=[32m"paymentTermsExport"[31m
              [36m>[31m
                [36m<option[31m
                  [33mvalue[31m=[32m""[31m
                [36m>[31m
                  [0mSelect payment terms[0m
                [36m</option>[31m
                [36m<option[31m
                  [33mvalue[31m=[32m"LC_at_sight"[31m
                [36m>[31m
                  [0mLC at Sight[0m
                [36m</option>[31m
                [36m<option[31m
                  [33mvalue[31m=[32m"LC_30_days"[31m
                [36m>[31m
                  [0mLC 30 Days[0m
                [36m</option>[31m
                [36m<option[31m
                  [33mvalue[31m=[32m"LC_60_days"[31m
                [36m>[31m
                  [0mLC 60 Days[0m
                [36m</option>[31m
                [36m<option[31m
                  [33mvalue[31m=[32m"TT_advance"[31m
                [36m>[31m
                  [0mTT in Advance[0m
                [36m</option>[31m
                [36m<option[31m
                  [33mvalue[31m=[32m"TT_30_days"[31m
                [36m>[31m
                  [0mTT 30 Days[0m
                [36m</option>[31m
                [36m<option[31m
                  [33mvalue[31m=[32m"TT_60_days"[31m
                [36m>[31m
                  [0mTT 60 Days[0m
                [36m</option>[31m
                [36m<option[31m
                  [33mvalue[31m=[32m"CAD"[31m
                [36m>[31m
                  [0mCash Against Documents[0m
                [36m</option>[31m
                [36m<option[31m
                  [33mvalue[31m=[32m"OA"[31m
                [36m>[31m
                  [0mOpen Account[0m
                [36m</option>[31m
              [36m</select>[31m
            [36m</div>[31m
            [36m<div[31m
              [33mclass[31m=[32m"space-y-2"[31m
            [36m>[31m
              [36m<label[31m
                [33mclass[31m=[32m"text-sm font-medium leading-none peer-disabled:cursor-not-allowed peer-disabled:opacity-70"[31m
                [33mfor[31m=[32m"preferredCurrency"[31m
              [36m>[31m
                [...[39m
[31m   [31m×[31m ExportFieldsForm[2m > [22mshould load and display existing export fields data[39m[33m 1148[2mms[22m[39m
[31m     → Unable to find an element with the display value: EL123456.

Ignored nodes: comments, script, style
[36m<body>[31m
  [36m<div>[31m
    [36m<div[31m
      [33mclass[31m=[32m"rounded-lg border bg-card text-card-foreground shadow-sm"[31m
    [36m>[31m
      [36m<div[31m
        [33mclass[31m=[32m"flex flex-col space-y-1.5 p-6"[31m
      [36m>[31m
        [36m<h3[31m
          [33mclass[31m=[32m"text-2xl font-semibold leading-none tracking-tight"[31m
        [36m>[31m
          [0mChina Export Business Fields[0m
        [36m</h3>[31m
      [36m</div>[31m
      [36m<div[31m
        [33mclass[31m=[32m"p-6 pt-0 space-y-6"[31m
      [36m>[31m
        [36m<div[31m
          [33mclass[31m=[32m"grid grid-cols-2 gap-4"[31m
        [36m>[31m
          [36m<div[31m
            [33mclass[31m=[32m"space-y-2"[31m
          [36m>[31m
            [36m<label[31m
              [33mclass[31m=[32m"text-sm font-medium leading-none peer-disabled:cursor-not-allowed peer-disabled:opacity-70"[31m
              [33mfor[31m=[32m"exportLicenseNumber"[31m
            [36m>[31m
              [0mExport License Number[0m
            [36m</label>[31m
            [36m<input[31m
              [33mclass[31m=[32m"flex h-10 w-full rounded-md border border-input bg-background px-3 py-2 text-sm ring-offset-background file:border-0 file:bg-transparent file:text-sm file:font-medium placeholder:text-muted-foreground focus-visible:outline-none focus-visible:ring-2 focus-visible:ring-ring focus-visible:ring-offset-2 disabled:cursor-not-allowed disabled:opacity-50"[31m
              [33mid[31m=[32m"exportLicenseNumber"[31m
              [33mplaceholder[31m=[32m"Enter export license number"[31m
              [33mvalue[31m=[32m""[31m
            [36m/>[31m
          [36m</div>[31m
          [36m<div[31m
            [33mclass[31m=[32m"space-y-2"[31m
          [36m>[31m
            [36m<label[31m
              [33mclass[31m=[32m"text-sm font-medium leading-none peer-disabled:cursor-not-allowed peer-disabled:opacity-70"[31m
              [33mfor[31m=[32m"customsBroker"[31m
            [36m>[31m
              [0mCustoms Broker[0m
            [36m</label>[31m
            [36m<input[31m
              [33mclass[31m=[32m"flex h-10 w-full rounded-md border border-input bg-background px-3 py-2 text-sm ring-offset-background file:border-0 file:bg-transparent file:text-sm file:font-medium placeholder:text-muted-foreground focus-visible:outline-none focus-visible:ring-2 focus-visible:ring-ring focus-visible:ring-offset-2 disabled:cursor-not-allowed disabled:opacity-50"[31m
              [33mid[31m=[32m"customsBroker"[31m
              [33mplaceholder[31m=[32m"Enter customs broker name"[31m
              [33mvalue[31m=[32m""[31m
            [36m/>[31m
          [36m</div>[31m
        [36m</div>[31m
        [36m<div[31m
          [33mclass[31m=[32m"grid grid-cols-3 gap-4"[31m
        [36m>[31m
          [36m<div[31m
            [33mclass[31m=[32m"space-y-2"[31m
          [36m>[31m
            [36m<label[31m
              [33mclass[31m=[32m"text-sm font-medium leading-none peer-disabled:cursor-not-allowed peer-disabled:opacity-70"[31m
              [33mfor[31m=[32m"creditLimitUsd"[31m
            [36m>[31m
              [0mCredit Limit (USD)[0m
            [36m</label>[31m
            [36m<input[31m
              [33mclass[31m=[32m"flex h-10 w-full rounded-md border border-input bg-background px-3 py-2 text-sm ring-offset-background file:border-0 file:bg-transparent file:text-sm file:font-medium placeholder:text-muted-foreground focus-visible:outline-none focus-visible:ring-2 focus-visible:ring-ring focus-visible:ring-offset-2 disabled:cursor-not-allowed disabled:opacity-50"[31m
              [33mid[31m=[32m"creditLimitUsd"[31m
              [33mplaceholder[31m=[32m"0.00"[31m
              [33mtype[31m=[32m"number"[31m
              [33mvalue[31m=[32m"0"[31m
            [36m/>[31m
          [36m</div>[31m
          [36m<div[31m
            [33mclass[31m=[32m"space-y-2"[31m
          [36m>[31m
            [36m<label[31m
              [33mclass[31m=[32m"text-sm font-medium leading-none peer-disabled:cursor-not-allowed peer-disabled:opacity-70"[31m
              [33mfor[31m=[32m"paymentTermsExport"[31m
            [36m>[31m
              [0mPayment Terms[0m
            [36m</label>[31m
            [36m<select[31m
              [33mclass[31m=[32m"w-full p-2 border border-gray-300 rounded-md"[31m
              [33mid[31m=[32m"paymentTermsExport"[31m
            [36m>[31m
              [36m<option[31m
                [33mvalue[31m=[32m""[31m
              [36m>[31m
                [0mSelect payment terms[0m
              [36m</option>[31m
              [36m<option[31m
                [33mvalue[31m=[32m"LC_at_sight"[31m
              [36m>[31m
                [0mLC at Sight[0m
              [36m</option>[31m
              [36m<option[31m
                [33mvalue[31m=[32m"LC_30_days"[31m
              [36m>[31m
                [0mLC 30 Days[0m
              [36m</option>[31m
              [36m<option[31m
                [33mvalue[31m=[32m"LC_60_days"[31m
              [36m>[31m
                [0mLC 60 Days[0m
              [36m</option>[31m
              [36m<option[31m
                [33mvalue[31m=[32m"TT_advance"[31m
              [36m>[31m
                [0mTT in Advance[0m
              [36m</option>[31m
              [36m<option[31m
                [33mvalue[31m=[32m"TT_30_days"[31m
              [36m>[31m
                [0mTT 30 Days[0m
              [36m</option>[31m
              [36m<option[31m
                [33mvalue[31m=[32m"TT_60_days"[31m
              [36m>[31m
                [0mTT 60 Days[0m
              [36m</option>[31m
              [36m<option[31m
                [33mvalue[31m=[32m"CAD"[31m
              [36m>[31m
                [0mCash Against Documents[0m
              [36m</option>[31m
              [36m<option[31m
                [33mvalue[31m=[32m"OA"[31m
              [36m>[31m
                [0mOpen Account[0m
              [36m</option>[31m
            [36m</select>[31m
          [36m</div>[31m
          [36m<div[31m
            [33mclass[31m=[32m"space-y-2"[31m
          [36m>[31m
            [36m<label[31m
              [33mclass[31m=[32m"text-sm font-medium leading-none peer-disabled:cursor-not-allowed peer-disabled:opacity-70"[31m
              [33mfor[31m=[32m"preferredCurrency"[31m
            [36m>[31m
              [0mPreferred Currency[0m
            [36m</label>[31m
            [36m<select[31m
              [33mclass[31m=[32m"w-full p-2 border border-gray-300 rounded-md"[31m
              [33mid[31m=[32m"preferredCurrency"[31m
            [36m>[31m
              [36m<option[31m
                [33mvalue[31m=[...

Ignored nodes: comments, script, style
[36m<html>[31m
  [36m<head />[31m
  [36m<body>[31m
    [36m<div>[31m
      [36m<div[31m
        [33mclass[31m=[32m"rounded-lg border bg-card text-card-foreground shadow-sm"[31m
      [36m>[31m
        [36m<div[31m
          [33mclass[31m=[32m"flex flex-col space-y-1.5 p-6"[31m
        [36m>[31m
          [36m<h3[31m
            [33mclass[31m=[32m"text-2xl font-semibold leading-none tracking-tight"[31m
          [36m>[31m
            [0mChina Export Business Fields[0m
          [36m</h3>[31m
        [36m</div>[31m
        [36m<div[31m
          [33mclass[31m=[32m"p-6 pt-0 space-y-6"[31m
        [36m>[31m
          [36m<div[31m
            [33mclass[31m=[32m"grid grid-cols-2 gap-4"[31m
          [36m>[31m
            [36m<div[31m
              [33mclass[31m=[32m"space-y-2"[31m
            [36m>[31m
              [36m<label[31m
                [33mclass[31m=[32m"text-sm font-medium leading-none peer-disabled:cursor-not-allowed peer-disabled:opacity-70"[31m
                [33mfor[31m=[32m"exportLicenseNumber"[31m
              [36m>[31m
                [0mExport License Number[0m
              [36m</label>[31m
              [36m<input[31m
                [33mclass[31m=[32m"flex h-10 w-full rounded-md border border-input bg-background px-3 py-2 text-sm ring-offset-background file:border-0 file:bg-transparent file:text-sm file:font-medium placeholder:text-muted-foreground focus-visible:outline-none focus-visible:ring-2 focus-visible:ring-ring focus-visible:ring-offset-2 disabled:cursor-not-allowed disabled:opacity-50"[31m
                [33mid[31m=[32m"exportLicenseNumber"[31m
                [33mplaceholder[31m=[32m"Enter export license number"[31m
                [33mvalue[31m=[32m""[31m
              [36m/>[31m
            [36m</div>[31m
            [36m<div[31m
              [33mclass[31m=[32m"space-y-2"[31m
            [36m>[31m
              [36m<label[31m
                [33mclass[31m=[32m"text-sm font-medium leading-none peer-disabled:cursor-not-allowed peer-disabled:opacity-70"[31m
                [33mfor[31m=[32m"customsBroker"[31m
              [36m>[31m
                [0mCustoms Broker[0m
              [36m</label>[31m
              [36m<input[31m
                [33mclass[31m=[32m"flex h-10 w-full rounded-md border border-input bg-background px-3 py-2 text-sm ring-offset-background file:border-0 file:bg-transparent file:text-sm file:font-medium placeholder:text-muted-foreground focus-visible:outline-none focus-visible:ring-2 focus-visible:ring-ring focus-visible:ring-offset-2 disabled:cursor-not-allowed disabled:opacity-50"[31m
                [33mid[31m=[32m"customsBroker"[31m
                [33mplaceholder[31m=[32m"Enter customs broker name"[31m
                [33mvalue[31m=[32m""[31m
              [36m/>[31m
            [36m</div>[31m
          [36m</div>[31m
          [36m<div[31m
            [33mclass[31m=[32m"grid grid-cols-3 gap-4"[31m
          [36m>[31m
            [36m<div[31m
              [33mclass[31m=[32m"space-y-2"[31m
            [36m>[31m
              [36m<label[31m
                [33mclass[31m=[32m"text-sm font-medium leading-none peer-disabled:cursor-not-allowed peer-disabled:opacity-70"[31m
                [33mfor[31m=[32m"creditLimitUsd"[31m
              [36m>[31m
                [0mCredit Limit (USD)[0m
              [36m</label>[31m
              [36m<input[31m
                [33mclass[31m=[32m"flex h-10 w-full rounded-md border border-input bg-background px-3 py-2 text-sm ring-offset-background file:border-0 file:bg-transparent file:text-sm file:font-medium placeholder:text-muted-foreground focus-visible:outline-none focus-visible:ring-2 focus-visible:ring-ring focus-visible:ring-offset-2 disabled:cursor-not-allowed disabled:opacity-50"[31m
                [33mid[31m=[32m"creditLimitUsd"[31m
                [33mplaceholder[31m=[32m"0.00"[31m
                [33mtype[31m=[32m"number"[31m
                [33mvalue[31m=[32m"0"[31m
              [36m/>[31m
            [36m</div>[31m
            [36m<div[31m
              [33mclass[31m=[32m"space-y-2"[31m
            [36m>[31m
              [36m<label[31m
                [33mclass[31m=[32m"text-sm font-medium leading-none peer-disabled:cursor-not-allowed peer-disabled:opacity-70"[31m
                [33mfor[31m=[32m"paymentTermsExport"[31m
              [36m>[31m
                [0mPayment Terms[0m
              [36m</label>[31m
              [36m<select[31m
                [33mclass[31m=[32m"w-full p-2 border border-gray-300 rounded-md"[31m
                [33mid[31m=[32m"paymentTermsExport"[31m
              [36m>[31m
                [36m<option[31m
                  [33mvalue[31m=[32m""[31m
                [36m>[31m
                  [0mSelect payment terms[0m
                [36m</option>[31m
                [36m<option[31m
                  [33mvalue[31m=[32m"LC_at_sight"[31m
                [36m>[31m
                  [0mLC at Sight[0m
                [36m</option>[31m
                [36m<option[31m
                  [33mvalue[31m=[32m"LC_30_days"[31m
                [36m>[31m
                  [0mLC 30 Days[0m
                [36m</option>[31m
                [36m<option[31m
                  [33mvalue[31m=[32m"LC_60_days"[31m
                [36m>[31m
                  [0mLC 60 Days[0m
                [36m</option>[31m
                [36m<option[31m
                  [33mvalue[31m=[32m"TT_advance"[31m
                [36m>[31m
                  [0mTT in Advance[0m
                [36m</option>[31m
                [36m<option[31m
                  [33mvalue[31m=[32m"TT_30_days"[31m
                [36m>[31m
                  [0mTT 30 Days[0m
                [36m</option>[31m
                [36m<option[31m
                  [33mvalue[31m=[32m"TT_60_days"[31m
                [36m>[31m
                  [0mTT 60 Days[0m
                [36m</option>[31m
                [36m<option[31m
                  [33mvalue[31m=[32m"CAD"[31m
                [36m>[31m
                  [0mCash Against Documents[0m
                [36m</option>[31m
                [36m<option[31m
                  [33mvalue[31m=[32m"OA"[31m
                [36m>[31m
                  [0mOpen Account[0m
                [36m</option>[31m
              [36m</select>[31m
            [36m</div>[31m
            [36m<div[31m
              [33mclass[31m=[32m"space-y-2"[31m
            [36m>[31m
              [36m<label[31m
                [33mclass[31m=[32m"text-sm font-medium leading-none peer-disabled:cursor-not-allowed peer-disabled:opacity-70"[31m
                [33mfor[31m=[32m"preferredCurrency"[31m
              [36m>[31m
                [...[39m
   [32m✓[39m ExportFieldsForm[2m > [22mshould render multi-select sections for export options[32m 117[2mms[22m[39m
   [33m[2m✓[22m[39m ExportFieldsForm[2m > [22mshould handle form input changes [33m 405[2mms[22m[39m
[31m   [31m×[31m ExportFieldsForm[2m > [22mshould handle multi-select option selection[39m[33m 1104[2mms[22m[39m
[31m     → Unable to find an element with the text: Electronics. This could be because the text is broken up by multiple elements. In this case, you can provide a function for your text matcher to make your matcher more flexible.

Ignored nodes: comments, script, style
[36m<body>[31m
  [36m<div>[31m
    [36m<div[31m
      [33mclass[31m=[32m"rounded-lg border bg-card text-card-foreground shadow-sm"[31m
    [36m>[31m
      [36m<div[31m
        [33mclass[31m=[32m"flex flex-col space-y-1.5 p-6"[31m
      [36m>[31m
        [36m<h3[31m
          [33mclass[31m=[32m"text-2xl font-semibold leading-none tracking-tight"[31m
        [36m>[31m
          [0mChina Export Business Fields[0m
        [36m</h3>[31m
      [36m</div>[31m
      [36m<div[31m
        [33mclass[31m=[32m"p-6 pt-0 space-y-6"[31m
      [36m>[31m
        [36m<div[31m
          [33mclass[31m=[32m"grid grid-cols-2 gap-4"[31m
        [36m>[31m
          [36m<div[31m
            [33mclass[31m=[32m"space-y-2"[31m
          [36m>[31m
            [36m<label[31m
              [33mclass[31m=[32m"text-sm font-medium leading-none peer-disabled:cursor-not-allowed peer-disabled:opacity-70"[31m
              [33mfor[31m=[32m"exportLicenseNumber"[31m
            [36m>[31m
              [0mExport License Number[0m
            [36m</label>[31m
            [36m<input[31m
              [33mclass[31m=[32m"flex h-10 w-full rounded-md border border-input bg-background px-3 py-2 text-sm ring-offset-background file:border-0 file:bg-transparent file:text-sm file:font-medium placeholder:text-muted-foreground focus-visible:outline-none focus-visible:ring-2 focus-visible:ring-ring focus-visible:ring-offset-2 disabled:cursor-not-allowed disabled:opacity-50"[31m
              [33mid[31m=[32m"exportLicenseNumber"[31m
              [33mplaceholder[31m=[32m"Enter export license number"[31m
              [33mvalue[31m=[32m""[31m
            [36m/>[31m
          [36m</div>[31m
          [36m<div[31m
            [33mclass[31m=[32m"space-y-2"[31m
          [36m>[31m
            [36m<label[31m
              [33mclass[31m=[32m"text-sm font-medium leading-none peer-disabled:cursor-not-allowed peer-disabled:opacity-70"[31m
              [33mfor[31m=[32m"customsBroker"[31m
            [36m>[31m
              [0mCustoms Broker[0m
            [36m</label>[31m
            [36m<input[31m
              [33mclass[31m=[32m"flex h-10 w-full rounded-md border border-input bg-background px-3 py-2 text-sm ring-offset-background file:border-0 file:bg-transparent file:text-sm file:font-medium placeholder:text-muted-foreground focus-visible:outline-none focus-visible:ring-2 focus-visible:ring-ring focus-visible:ring-offset-2 disabled:cursor-not-allowed disabled:opacity-50"[31m
              [33mid[31m=[32m"customsBroker"[31m
              [33mplaceholder[31m=[32m"Enter customs broker name"[31m
              [33mvalue[31m=[32m""[31m
            [36m/>[31m
          [36m</div>[31m
        [36m</div>[31m
        [36m<div[31m
          [33mclass[31m=[32m"grid grid-cols-3 gap-4"[31m
        [36m>[31m
          [36m<div[31m
            [33mclass[31m=[32m"space-y-2"[31m
          [36m>[31m
            [36m<label[31m
              [33mclass[31m=[32m"text-sm font-medium leading-none peer-disabled:cursor-not-allowed peer-disabled:opacity-70"[31m
              [33mfor[31m=[32m"creditLimitUsd"[31m
            [36m>[31m
              [0mCredit Limit (USD)[0m
            [36m</label>[31m
            [36m<input[31m
              [33mclass[31m=[32m"flex h-10 w-full rounded-md border border-input bg-background px-3 py-2 text-sm ring-offset-background file:border-0 file:bg-transparent file:text-sm file:font-medium placeholder:text-muted-foreground focus-visible:outline-none focus-visible:ring-2 focus-visible:ring-ring focus-visible:ring-offset-2 disabled:cursor-not-allowed disabled:opacity-50"[31m
              [33mid[31m=[32m"creditLimitUsd"[31m
              [33mplaceholder[31m=[32m"0.00"[31m
              [33mtype[31m=[32m"number"[31m
              [33mvalue[31m=[32m"0"[31m
            [36m/>[31m
          [36m</div>[31m
          [36m<div[31m
            [33mclass[31m=[32m"space-y-2"[31m
          [36m>[31m
            [36m<label[31m
              [33mclass[31m=[32m"text-sm font-medium leading-none peer-disabled:cursor-not-allowed peer-disabled:opacity-70"[31m
              [33mfor[31m=[32m"paymentTermsExport"[31m
            [36m>[31m
              [0mPayment Terms[0m
            [36m</label>[31m
            [36m<select[31m
              [33mclass[31m=[32m"w-full p-2 border border-gray-300 rounded-md"[31m
              [33mid[31m=[32m"paymentTermsExport"[31m
            [36m>[31m
              [36m<option[31m
                [33mvalue[31m=[32m""[31m
              [36m>[31m
                [0mSelect payment terms[0m
              [36m</option>[31m
              [36m<option[31m
                [33mvalue[31m=[32m"LC_at_sight"[31m
              [36m>[31m
                [0mLC at Sight[0m
              [36m</option>[31m
              [36m<option[31m
                [33mvalue[31m=[32m"LC_30_days"[31m
              [36m>[31m
                [0mLC 30 Days[0m
              [36m</option>[31m
              [36m<option[31m
                [33mvalue[31m=[32m"LC_60_days"[31m
              [36m>[31m
                [0mLC 60 Days[0m
              [36m</option>[31m
              [36m<option[31m
                [33mvalue[31m=[32m"TT_advance"[31m
              [36m>[31m
                [0mTT in Advance[0m
              [36m</option>[31m
              [36m<option[31m
                [33mvalue[31m=[32m"TT_30_days"[31m
              [36m>[31m
                [0mTT 30 Days[0m
              [36m</option>[31m
              [36m<option[31m
                [33mvalue[31m=[32m"TT_60_days"[31m
              [36m>[31m
                [0mTT 60 Days[0m
              [36m</option>[31m
              [36m<option[31m
                [33mvalue[31m=[32m"CAD"[31m
              [36m>[31m
                [0mCash Against Documents[0m
              [36m</option>[31m
              [36m<option[31m
                [33mvalue[31m=[32m"OA"[31m
              [36m>[31m
                [0mOpen Account[0m
              [36m</option>[31m
            [36m</select>[31m
          [36m</div>[31m
          [36m<div[31m
            [33mclass[31m=[32m"space-y-2"[31m
          [36m>[31m
            [36m<label[31m
              [33mclass[31m=[32m"text-sm font-medium leading-none peer-disabled:cursor-not-allowed peer-disabled:opacity-70"[31m
              [33mfor[31m=[32m"preferredCurrency"[31m
            [36m>[31m
              [0mPreferred Currency[0m
            [36m</label>[31m
            [36m<select[31m
              [33mclass[31m=[32m"w-full p-2 border border-gray-300 rounded-md"[31m
              [33mid[31m=[32m"preferredCurrency"[31m
            [36m>[31m
              [36m<option[31m
                [33mvalue[31m=[...

Ignored nodes: comments, script, style
[36m<html>[31m
  [36m<head />[31m
  [36m<body>[31m
    [36m<div>[31m
      [36m<div[31m
        [33mclass[31m=[32m"rounded-lg border bg-card text-card-foreground shadow-sm"[31m
      [36m>[31m
        [36m<div[31m
          [33mclass[31m=[32m"flex flex-col space-y-1.5 p-6"[31m
        [36m>[31m
          [36m<h3[31m
            [33mclass[31m=[32m"text-2xl font-semibold leading-none tracking-tight"[31m
          [36m>[31m
            [0mChina Export Business Fields[0m
          [36m</h3>[31m
        [36m</div>[31m
        [36m<div[31m
          [33mclass[31m=[32m"p-6 pt-0 space-y-6"[31m
        [36m>[31m
          [36m<div[31m
            [33mclass[31m=[32m"grid grid-cols-2 gap-4"[31m
          [36m>[31m
            [36m<div[31m
              [33mclass[31m=[32m"space-y-2"[31m
            [36m>[31m
              [36m<label[31m
                [33mclass[31m=[32m"text-sm font-medium leading-none peer-disabled:cursor-not-allowed peer-disabled:opacity-70"[31m
                [33mfor[31m=[32m"exportLicenseNumber"[31m
              [36m>[31m
                [0mExport License Number[0m
              [36m</label>[31m
              [36m<input[31m
                [33mclass[31m=[32m"flex h-10 w-full rounded-md border border-input bg-background px-3 py-2 text-sm ring-offset-background file:border-0 file:bg-transparent file:text-sm file:font-medium placeholder:text-muted-foreground focus-visible:outline-none focus-visible:ring-2 focus-visible:ring-ring focus-visible:ring-offset-2 disabled:cursor-not-allowed disabled:opacity-50"[31m
                [33mid[31m=[32m"exportLicenseNumber"[31m
                [33mplaceholder[31m=[32m"Enter export license number"[31m
                [33mvalue[31m=[32m""[31m
              [36m/>[31m
            [36m</div>[31m
            [36m<div[31m
              [33mclass[31m=[32m"space-y-2"[31m
            [36m>[31m
              [36m<label[31m
                [33mclass[31m=[32m"text-sm font-medium leading-none peer-disabled:cursor-not-allowed peer-disabled:opacity-70"[31m
                [33mfor[31m=[32m"customsBroker"[31m
              [36m>[31m
                [0mCustoms Broker[0m
              [36m</label>[31m
              [36m<input[31m
                [33mclass[31m=[32m"flex h-10 w-full rounded-md border border-input bg-background px-3 py-2 text-sm ring-offset-background file:border-0 file:bg-transparent file:text-sm file:font-medium placeholder:text-muted-foreground focus-visible:outline-none focus-visible:ring-2 focus-visible:ring-ring focus-visible:ring-offset-2 disabled:cursor-not-allowed disabled:opacity-50"[31m
                [33mid[31m=[32m"customsBroker"[31m
                [33mplaceholder[31m=[32m"Enter customs broker name"[31m
                [33mvalue[31m=[32m""[31m
              [36m/>[31m
            [36m</div>[31m
          [36m</div>[31m
          [36m<div[31m
            [33mclass[31m=[32m"grid grid-cols-3 gap-4"[31m
          [36m>[31m
            [36m<div[31m
              [33mclass[31m=[32m"space-y-2"[31m
            [36m>[31m
              [36m<label[31m
                [33mclass[31m=[32m"text-sm font-medium leading-none peer-disabled:cursor-not-allowed peer-disabled:opacity-70"[31m
                [33mfor[31m=[32m"creditLimitUsd"[31m
              [36m>[31m
                [0mCredit Limit (USD)[0m
              [36m</label>[31m
              [36m<input[31m
                [33mclass[31m=[32m"flex h-10 w-full rounded-md border border-input bg-background px-3 py-2 text-sm ring-offset-background file:border-0 file:bg-transparent file:text-sm file:font-medium placeholder:text-muted-foreground focus-visible:outline-none focus-visible:ring-2 focus-visible:ring-ring focus-visible:ring-offset-2 disabled:cursor-not-allowed disabled:opacity-50"[31m
                [33mid[31m=[32m"creditLimitUsd"[31m
                [33mplaceholder[31m=[32m"0.00"[31m
                [33mtype[31m=[32m"number"[31m
                [33mvalue[31m=[32m"0"[31m
              [36m/>[31m
            [36m</div>[31m
            [36m<div[31m
              [33mclass[31m=[32m"space-y-2"[31m
            [36m>[31m
              [36m<label[31m
                [33mclass[31m=[32m"text-sm font-medium leading-none peer-disabled:cursor-not-allowed peer-disabled:opacity-70"[31m
                [33mfor[31m=[32m"paymentTermsExport"[31m
              [36m>[31m
                [0mPayment Terms[0m
              [36m</label>[31m
              [36m<select[31m
                [33mclass[31m=[32m"w-full p-2 border border-gray-300 rounded-md"[31m
                [33mid[31m=[32m"paymentTermsExport"[31m
              [36m>[31m
                [36m<option[31m
                  [33mvalue[31m=[32m""[31m
                [36m>[31m
                  [0mSelect payment terms[0m
                [36m</option>[31m
                [36m<option[31m
                  [33mvalue[31m=[32m"LC_at_sight"[31m
                [36m>[31m
                  [0mLC at Sight[0m
                [36m</option>[31m
                [36m<option[31m
                  [33mvalue[31m=[32m"LC_30_days"[31m
                [36m>[31m
                  [0mLC 30 Days[0m
                [36m</option>[31m
                [36m<option[31m
                  [33mvalue[31m=[32m"LC_60_days"[31m
                [36m>[31m
                  [0mLC 60 Days[0m
                [36m</option>[31m
                [36m<option[31m
                  [33mvalue[31m=[32m"TT_advance"[31m
                [36m>[31m
                  [0mTT in Advance[0m
                [36m</option>[31m
                [36m<option[31m
                  [33mvalue[31m=[32m"TT_30_days"[31m
                [36m>[31m
                  [0mTT 30 Days[0m
                [36m</option>[31m
                [36m<option[31m
                  [33mvalue[31m=[32m"TT_60_days"[31m
                [36m>[31m
                  [0mTT 60 Days[0m
                [36m</option>[31m
                [36m<option[31m
                  [33mvalue[31m=[32m"CAD"[31m
                [36m>[31m
                  [0mCash Against Documents[0m
                [36m</option>[31m
                [36m<option[31m
                  [33mvalue[31m=[32m"OA"[31m
                [36m>[31m
                  [0mOpen Account[0m
                [36m</option>[31m
              [36m</select>[31m
            [36m</div>[31m
            [36m<div[31m
              [33mclass[31m=[32m"space-y-2"[31m
            [36m>[31m
              [36m<label[31m
                [33mclass[31m=[32m"text-sm font-medium leading-none peer-disabled:cursor-not-allowed peer-disabled:opacity-70"[31m
                [33mfor[31m=[32m"preferredCurrency"[31m
              [36m>[31m
                [...[39m
[31m   [31m×[31m ExportFieldsForm[2m > [22mshould save export fields when form is submitted[39m[33m 1155[2mms[22m[39m
[31m     → expected "spy" to be called with arguments: [ 'customer-123', ObjectContaining{…} ][90m

Number of calls: [1m0[22m
[31m

Ignored nodes: comments, script, style
[36m<html>[31m
  [36m<head />[31m
  [36m<body>[31m
    [36m<div>[31m
      [36m<div[31m
        [33mclass[31m=[32m"rounded-lg border bg-card text-card-foreground shadow-sm"[31m
      [36m>[31m
        [36m<div[31m
          [33mclass[31m=[32m"flex flex-col space-y-1.5 p-6"[31m
        [36m>[31m
          [36m<h3[31m
            [33mclass[31m=[32m"text-2xl font-semibold leading-none tracking-tight"[31m
          [36m>[31m
            [0mChina Export Business Fields[0m
          [36m</h3>[31m
        [36m</div>[31m
        [36m<div[31m
          [33mclass[31m=[32m"p-6 pt-0 space-y-6"[31m
        [36m>[31m
          [36m<div[31m
            [33mclass[31m=[32m"grid grid-cols-2 gap-4"[31m
          [36m>[31m
            [36m<div[31m
              [33mclass[31m=[32m"space-y-2"[31m
            [36m>[31m
              [36m<label[31m
                [33mclass[31m=[32m"text-sm font-medium leading-none peer-disabled:cursor-not-allowed peer-disabled:opacity-70"[31m
                [33mfor[31m=[32m"exportLicenseNumber"[31m
              [36m>[31m
                [0mExport License Number[0m
              [36m</label>[31m
              [36m<input[31m
                [33mclass[31m=[32m"flex h-10 w-full rounded-md border border-input bg-background px-3 py-2 text-sm ring-offset-background file:border-0 file:bg-transparent file:text-sm file:font-medium placeholder:text-muted-foreground focus-visible:outline-none focus-visible:ring-2 focus-visible:ring-ring focus-visible:ring-offset-2 disabled:cursor-not-allowed disabled:opacity-50"[31m
                [33mid[31m=[32m"exportLicenseNumber"[31m
                [33mplaceholder[31m=[32m"Enter export license number"[31m
                [33mvalue[31m=[32m""[31m
              [36m/>[31m
            [36m</div>[31m
            [36m<div[31m
              [33mclass[31m=[32m"space-y-2"[31m
            [36m>[31m
              [36m<label[31m
                [33mclass[31m=[32m"text-sm font-medium leading-none peer-disabled:cursor-not-allowed peer-disabled:opacity-70"[31m
                [33mfor[31m=[32m"customsBroker"[31m
              [36m>[31m
                [0mCustoms Broker[0m
              [36m</label>[31m
              [36m<input[31m
                [33mclass[31m=[32m"flex h-10 w-full rounded-md border border-input bg-background px-3 py-2 text-sm ring-offset-background file:border-0 file:bg-transparent file:text-sm file:font-medium placeholder:text-muted-foreground focus-visible:outline-none focus-visible:ring-2 focus-visible:ring-ring focus-visible:ring-offset-2 disabled:cursor-not-allowed disabled:opacity-50"[31m
                [33mid[31m=[32m"customsBroker"[31m
                [33mplaceholder[31m=[32m"Enter customs broker name"[31m
                [33mvalue[31m=[32m""[31m
              [36m/>[31m
            [36m</div>[31m
          [36m</div>[31m
          [36m<div[31m
            [33mclass[31m=[32m"grid grid-cols-3 gap-4"[31m
          [36m>[31m
            [36m<div[31m
              [33mclass[31m=[32m"space-y-2"[31m
            [36m>[31m
              [36m<label[31m
                [33mclass[31m=[32m"text-sm font-medium leading-none peer-disabled:cursor-not-allowed peer-disabled:opacity-70"[31m
                [33mfor[31m=[32m"creditLimitUsd"[31m
              [36m>[31m
                [0mCredit Limit (USD)[0m
              [36m</label>[31m
              [36m<input[31m
                [33mclass[31m=[32m"flex h-10 w-full rounded-md border border-input bg-background px-3 py-2 text-sm ring-offset-background file:border-0 file:bg-transparent file:text-sm file:font-medium placeholder:text-muted-foreground focus-visible:outline-none focus-visible:ring-2 focus-visible:ring-ring focus-visible:ring-offset-2 disabled:cursor-not-allowed disabled:opacity-50"[31m
                [33mid[31m=[32m"creditLimitUsd"[31m
                [33mplaceholder[31m=[32m"0.00"[31m
                [33mtype[31m=[32m"number"[31m
                [33mvalue[31m=[32m"0"[31m
              [36m/>[31m
            [36m</div>[31m
            [36m<div[31m
              [33mclass[31m=[32m"space-y-2"[31m
            [36m>[31m
              [36m<label[31m
                [33mclass[31m=[32m"text-sm font-medium leading-none peer-disabled:cursor-not-allowed peer-disabled:opacity-70"[31m
                [33mfor[31m=[32m"paymentTermsExport"[31m
              [36m>[31m
                [0mPayment Terms[0m
              [36m</label>[31m
              [36m<select[31m
                [33mclass[31m=[32m"w-full p-2 border border-gray-300 rounded-md"[31m
                [33mid[31m=[32m"paymentTermsExport"[31m
              [36m>[31m
                [36m<option[31m
                  [33mvalue[31m=[32m""[31m
                [36m>[31m
                  [0mSelect payment terms[0m
                [36m</option>[31m
                [36m<option[31m
                  [33mvalue[31m=[32m"LC_at_sight"[31m
                [36m>[31m
                  [0mLC at Sight[0m
                [36m</option>[31m
                [36m<option[31m
                  [33mvalue[31m=[32m"LC_30_days"[31m
                [36m>[31m
                  [0mLC 30 Days[0m
                [36m</option>[31m
                [36m<option[31m
                  [33mvalue[31m=[32m"LC_60_days"[31m
                [36m>[31m
                  [0mLC 60 Days[0m
                [36m</option>[31m
                [36m<option[31m
                  [33mvalue[31m=[32m"TT_advance"[31m
                [36m>[31m
                  [0mTT in Advance[0m
                [36m</option>[31m
                [36m<option[31m
                  [33mvalue[31m=[32m"TT_30_days"[31m
                [36m>[31m
                  [0mTT 30 Days[0m
                [36m</option>[31m
                [36m<option[31m
                  [33mvalue[31m=[32m"TT_60_days"[31m
                [36m>[31m
                  [0mTT 60 Days[0m
                [36m</option>[31m
                [36m<option[31m
                  [33mvalue[31m=[32m"CAD"[31m
                [36m>[31m
                  [0mCash Against Documents[0m
                [36m</option>[31m
                [36m<option[31m
                  [33mvalue[31m=[32m"OA"[31m
                [36m>[31m
                  [0mOpen Account[0m
                [36m</option>[31m
              [36m</select>[31m
            [36m</div>[31m
            [36m<div[31m
              [33mclass[31m=[32m"space-y-2"[31m
            [36m>[31m
              [36m<label[31m
                [33mclass[31m=[32m"text-sm font-medium leading-none peer-disabled:cursor-not-allowed peer-disabled:opacity-70"[31m
                [33mfor[31m=[32m"preferredCurrency"[31m
              [36m>[31m
                [...[39m
   [32m✓[39m ExportFieldsForm[2m > [22mshould call onCancel when cancel button is clicked[32m 118[2mms[22m[39m
[31m   [31m×[31m ExportFieldsForm[2m > [22mshould handle loading states properly[39m[32m 43[2mms[22m[39m
[31m     → Unable to find an element with the text: Loading.... This could be because the text is broken up by multiple elements. In this case, you can provide a function for your text matcher to make your matcher more flexible.

Ignored nodes: comments, script, style
[36m<body>[31m
  [36m<div>[31m
    [36m<div[31m
      [33mclass[31m=[32m"rounded-lg border bg-card text-card-foreground shadow-sm"[31m
    [36m>[31m
      [36m<div[31m
        [33mclass[31m=[32m"p-6"[31m
      [36m>[31m
        [36m<div[31m
          [33mclass[31m=[32m"text-center"[31m
        [36m>[31m
          [0mLoading export fields...[0m
        [36m</div>[31m
      [36m</div>[31m
    [36m</div>[31m
  [36m</div>[31m
[36m</body>[31m[39m
[31m   [31m×[31m ExportFieldsForm[2m > [22mshould validate required fields[39m[33m 1148[2mms[22m[39m
[31m     → expected "spy" to be called at least once

Ignored nodes: comments, script, style
[36m<html>[31m
  [36m<head />[31m
  [36m<body>[31m
    [36m<div>[31m
      [36m<div[31m
        [33mclass[31m=[32m"rounded-lg border bg-card text-card-foreground shadow-sm"[31m
      [36m>[31m
        [36m<div[31m
          [33mclass[31m=[32m"flex flex-col space-y-1.5 p-6"[31m
        [36m>[31m
          [36m<h3[31m
            [33mclass[31m=[32m"text-2xl font-semibold leading-none tracking-tight"[31m
          [36m>[31m
            [0mChina Export Business Fields[0m
          [36m</h3>[31m
        [36m</div>[31m
        [36m<div[31m
          [33mclass[31m=[32m"p-6 pt-0 space-y-6"[31m
        [36m>[31m
          [36m<div[31m
            [33mclass[31m=[32m"grid grid-cols-2 gap-4"[31m
          [36m>[31m
            [36m<div[31m
              [33mclass[31m=[32m"space-y-2"[31m
            [36m>[31m
              [36m<label[31m
                [33mclass[31m=[32m"text-sm font-medium leading-none peer-disabled:cursor-not-allowed peer-disabled:opacity-70"[31m
                [33mfor[31m=[32m"exportLicenseNumber"[31m
              [36m>[31m
                [0mExport License Number[0m
              [36m</label>[31m
              [36m<input[31m
                [33mclass[31m=[32m"flex h-10 w-full rounded-md border border-input bg-background px-3 py-2 text-sm ring-offset-background file:border-0 file:bg-transparent file:text-sm file:font-medium placeholder:text-muted-foreground focus-visible:outline-none focus-visible:ring-2 focus-visible:ring-ring focus-visible:ring-offset-2 disabled:cursor-not-allowed disabled:opacity-50"[31m
                [33mid[31m=[32m"exportLicenseNumber"[31m
                [33mplaceholder[31m=[32m"Enter export license number"[31m
                [33mvalue[31m=[32m""[31m
              [36m/>[31m
            [36m</div>[31m
            [36m<div[31m
              [33mclass[31m=[32m"space-y-2"[31m
            [36m>[31m
              [36m<label[31m
                [33mclass[31m=[32m"text-sm font-medium leading-none peer-disabled:cursor-not-allowed peer-disabled:opacity-70"[31m
                [33mfor[31m=[32m"customsBroker"[31m
              [36m>[31m
                [0mCustoms Broker[0m
              [36m</label>[31m
              [36m<input[31m
                [33mclass[31m=[32m"flex h-10 w-full rounded-md border border-input bg-background px-3 py-2 text-sm ring-offset-background file:border-0 file:bg-transparent file:text-sm file:font-medium placeholder:text-muted-foreground focus-visible:outline-none focus-visible:ring-2 focus-visible:ring-ring focus-visible:ring-offset-2 disabled:cursor-not-allowed disabled:opacity-50"[31m
                [33mid[31m=[32m"customsBroker"[31m
                [33mplaceholder[31m=[32m"Enter customs broker name"[31m
                [33mvalue[31m=[32m""[31m
              [36m/>[31m
            [36m</div>[31m
          [36m</div>[31m
          [36m<div[31m
            [33mclass[31m=[32m"grid grid-cols-3 gap-4"[31m
          [36m>[31m
            [36m<div[31m
              [33mclass[31m=[32m"space-y-2"[31m
            [36m>[31m
              [36m<label[31m
                [33mclass[31m=[32m"text-sm font-medium leading-none peer-disabled:cursor-not-allowed peer-disabled:opacity-70"[31m
                [33mfor[31m=[32m"creditLimitUsd"[31m
              [36m>[31m
                [0mCredit Limit (USD)[0m
              [36m</label>[31m
              [36m<input[31m
                [33mclass[31m=[32m"flex h-10 w-full rounded-md border border-input bg-background px-3 py-2 text-sm ring-offset-background file:border-0 file:bg-transparent file:text-sm file:font-medium placeholder:text-muted-foreground focus-visible:outline-none focus-visible:ring-2 focus-visible:ring-ring focus-visible:ring-offset-2 disabled:cursor-not-allowed disabled:opacity-50"[31m
                [33mid[31m=[32m"creditLimitUsd"[31m
                [33mplaceholder[31m=[32m"0.00"[31m
                [33mtype[31m=[32m"number"[31m
                [33mvalue[31m=[32m"0"[31m
              [36m/>[31m
            [36m</div>[31m
            [36m<div[31m
              [33mclass[31m=[32m"space-y-2"[31m
            [36m>[31m
              [36m<label[31m
                [33mclass[31m=[32m"text-sm font-medium leading-none peer-disabled:cursor-not-allowed peer-disabled:opacity-70"[31m
                [33mfor[31m=[32m"paymentTermsExport"[31m
              [36m>[31m
                [0mPayment Terms[0m
              [36m</label>[31m
              [36m<select[31m
                [33mclass[31m=[32m"w-full p-2 border border-gray-300 rounded-md"[31m
                [33mid[31m=[32m"paymentTermsExport"[31m
              [36m>[31m
                [36m<option[31m
                  [33mvalue[31m=[32m""[31m
                [36m>[31m
                  [0mSelect payment terms[0m
                [36m</option>[31m
                [36m<option[31m
                  [33mvalue[31m=[32m"LC_at_sight"[31m
                [36m>[31m
                  [0mLC at Sight[0m
                [36m</option>[31m
                [36m<option[31m
                  [33mvalue[31m=[32m"LC_30_days"[31m
                [36m>[31m
                  [0mLC 30 Days[0m
                [36m</option>[31m
                [36m<option[31m
                  [33mvalue[31m=[32m"LC_60_days"[31m
                [36m>[31m
                  [0mLC 60 Days[0m
                [36m</option>[31m
                [36m<option[31m
                  [33mvalue[31m=[32m"TT_advance"[31m
                [36m>[31m
                  [0mTT in Advance[0m
                [36m</option>[31m
                [36m<option[31m
                  [33mvalue[31m=[32m"TT_30_days"[31m
                [36m>[31m
                  [0mTT 30 Days[0m
                [36m</option>[31m
                [36m<option[31m
                  [33mvalue[31m=[32m"TT_60_days"[31m
                [36m>[31m
                  [0mTT 60 Days[0m
                [36m</option>[31m
                [36m<option[31m
                  [33mvalue[31m=[32m"CAD"[31m
                [36m>[31m
                  [0mCash Against Documents[0m
                [36m</option>[31m
                [36m<option[31m
                  [33mvalue[31m=[32m"OA"[31m
                [36m>[31m
                  [0mOpen Account[0m
                [36m</option>[31m
              [36m</select>[31m
            [36m</div>[31m
            [36m<div[31m
              [33mclass[31m=[32m"space-y-2"[31m
            [36m>[31m
              [36m<label[31m
                [33mclass[31m=[32m"text-sm font-medium leading-none peer-disabled:cursor-not-allowed peer-disabled:opacity-70"[31m
                [33mfor[31m=[32m"preferredCurrency"[31m
              [36m>[31m
                [...[39m
[31m   [31m×[31m ExportFieldsForm[2m > [22mshould handle API errors gracefully[39m[33m 1124[2mms[22m[39m
[31m     → expected "spy" to be called at least once

Ignored nodes: comments, script, style
[36m<html>[31m
  [36m<head />[31m
  [36m<body>[31m
    [36m<div>[31m
      [36m<div[31m
        [33mclass[31m=[32m"rounded-lg border bg-card text-card-foreground shadow-sm"[31m
      [36m>[31m
        [36m<div[31m
          [33mclass[31m=[32m"flex flex-col space-y-1.5 p-6"[31m
        [36m>[31m
          [36m<h3[31m
            [33mclass[31m=[32m"text-2xl font-semibold leading-none tracking-tight"[31m
          [36m>[31m
            [0mChina Export Business Fields[0m
          [36m</h3>[31m
        [36m</div>[31m
        [36m<div[31m
          [33mclass[31m=[32m"p-6 pt-0 space-y-6"[31m
        [36m>[31m
          [36m<div[31m
            [33mclass[31m=[32m"grid grid-cols-2 gap-4"[31m
          [36m>[31m
            [36m<div[31m
              [33mclass[31m=[32m"space-y-2"[31m
            [36m>[31m
              [36m<label[31m
                [33mclass[31m=[32m"text-sm font-medium leading-none peer-disabled:cursor-not-allowed peer-disabled:opacity-70"[31m
                [33mfor[31m=[32m"exportLicenseNumber"[31m
              [36m>[31m
                [0mExport License Number[0m
              [36m</label>[31m
              [36m<input[31m
                [33mclass[31m=[32m"flex h-10 w-full rounded-md border border-input bg-background px-3 py-2 text-sm ring-offset-background file:border-0 file:bg-transparent file:text-sm file:font-medium placeholder:text-muted-foreground focus-visible:outline-none focus-visible:ring-2 focus-visible:ring-ring focus-visible:ring-offset-2 disabled:cursor-not-allowed disabled:opacity-50"[31m
                [33mid[31m=[32m"exportLicenseNumber"[31m
                [33mplaceholder[31m=[32m"Enter export license number"[31m
                [33mvalue[31m=[32m""[31m
              [36m/>[31m
            [36m</div>[31m
            [36m<div[31m
              [33mclass[31m=[32m"space-y-2"[31m
            [36m>[31m
              [36m<label[31m
                [33mclass[31m=[32m"text-sm font-medium leading-none peer-disabled:cursor-not-allowed peer-disabled:opacity-70"[31m
                [33mfor[31m=[32m"customsBroker"[31m
              [36m>[31m
                [0mCustoms Broker[0m
              [36m</label>[31m
              [36m<input[31m
                [33mclass[31m=[32m"flex h-10 w-full rounded-md border border-input bg-background px-3 py-2 text-sm ring-offset-background file:border-0 file:bg-transparent file:text-sm file:font-medium placeholder:text-muted-foreground focus-visible:outline-none focus-visible:ring-2 focus-visible:ring-ring focus-visible:ring-offset-2 disabled:cursor-not-allowed disabled:opacity-50"[31m
                [33mid[31m=[32m"customsBroker"[31m
                [33mplaceholder[31m=[32m"Enter customs broker name"[31m
                [33mvalue[31m=[32m""[31m
              [36m/>[31m
            [36m</div>[31m
          [36m</div>[31m
          [36m<div[31m
            [33mclass[31m=[32m"grid grid-cols-3 gap-4"[31m
          [36m>[31m
            [36m<div[31m
              [33mclass[31m=[32m"space-y-2"[31m
            [36m>[31m
              [36m<label[31m
                [33mclass[31m=[32m"text-sm font-medium leading-none peer-disabled:cursor-not-allowed peer-disabled:opacity-70"[31m
                [33mfor[31m=[32m"creditLimitUsd"[31m
              [36m>[31m
                [0mCredit Limit (USD)[0m
              [36m</label>[31m
              [36m<input[31m
                [33mclass[31m=[32m"flex h-10 w-full rounded-md border border-input bg-background px-3 py-2 text-sm ring-offset-background file:border-0 file:bg-transparent file:text-sm file:font-medium placeholder:text-muted-foreground focus-visible:outline-none focus-visible:ring-2 focus-visible:ring-ring focus-visible:ring-offset-2 disabled:cursor-not-allowed disabled:opacity-50"[31m
                [33mid[31m=[32m"creditLimitUsd"[31m
                [33mplaceholder[31m=[32m"0.00"[31m
                [33mtype[31m=[32m"number"[31m
                [33mvalue[31m=[32m"0"[31m
              [36m/>[31m
            [36m</div>[31m
            [36m<div[31m
              [33mclass[31m=[32m"space-y-2"[31m
            [36m>[31m
              [36m<label[31m
                [33mclass[31m=[32m"text-sm font-medium leading-none peer-disabled:cursor-not-allowed peer-disabled:opacity-70"[31m
                [33mfor[31m=[32m"paymentTermsExport"[31m
              [36m>[31m
                [0mPayment Terms[0m
              [36m</label>[31m
              [36m<select[31m
                [33mclass[31m=[32m"w-full p-2 border border-gray-300 rounded-md"[31m
                [33mid[31m=[32m"paymentTermsExport"[31m
              [36m>[31m
                [36m<option[31m
                  [33mvalue[31m=[32m""[31m
                [36m>[31m
                  [0mSelect payment terms[0m
                [36m</option>[31m
                [36m<option[31m
                  [33mvalue[31m=[32m"LC_at_sight"[31m
                [36m>[31m
                  [0mLC at Sight[0m
                [36m</option>[31m
                [36m<option[31m
                  [33mvalue[31m=[32m"LC_30_days"[31m
                [36m>[31m
                  [0mLC 30 Days[0m
                [36m</option>[31m
                [36m<option[31m
                  [33mvalue[31m=[32m"LC_60_days"[31m
                [36m>[31m
                  [0mLC 60 Days[0m
                [36m</option>[31m
                [36m<option[31m
                  [33mvalue[31m=[32m"TT_advance"[31m
                [36m>[31m
                  [0mTT in Advance[0m
                [36m</option>[31m
                [36m<option[31m
                  [33mvalue[31m=[32m"TT_30_days"[31m
                [36m>[31m
                  [0mTT 30 Days[0m
                [36m</option>[31m
                [36m<option[31m
                  [33mvalue[31m=[32m"TT_60_days"[31m
                [36m>[31m
                  [0mTT 60 Days[0m
                [36m</option>[31m
                [36m<option[31m
                  [33mvalue[31m=[32m"CAD"[31m
                [36m>[31m
                  [0mCash Against Documents[0m
                [36m</option>[31m
                [36m<option[31m
                  [33mvalue[31m=[32m"OA"[31m
                [36m>[31m
                  [0mOpen Account[0m
                [36m</option>[31m
              [36m</select>[31m
            [36m</div>[31m
            [36m<div[31m
              [33mclass[31m=[32m"space-y-2"[31m
            [36m>[31m
              [36m<label[31m
                [33mclass[31m=[32m"text-sm font-medium leading-none peer-disabled:cursor-not-allowed peer-disabled:opacity-70"[31m
                [33mfor[31m=[32m"preferredCurrency"[31m
              [36m>[31m
                [...[39m
[90mstdout[2m | src/pages/Customers.test.tsx[2m > [22m[2mCustomers[2m > [22m[2madd customer modal[2m > [22m[2mshould create new customer successfully
[22m[39m🚀 Customers component is mounting
📡 Supabase client available: [33mtrue[39m

[90mstdout[2m | src/pages/Customers.test.tsx[2m > [22m[2mCustomers[2m > [22m[2madd customer modal[2m > [22m[2mshould create new customer successfully
[22m[39m🚀 Customers component is mounting
📡 Supabase client available: [33mtrue[39m

[90mstdout[2m | src/pages/Customers.test.tsx[2m > [22m[2mCustomers[2m > [22m[2madd customer modal[2m > [22m[2mshould create new customer successfully
[22m[39m🚀 Customers component is mounting
📡 Supabase client available: [33mtrue[39m

[90mstdout[2m | src/pages/Customers.test.tsx[2m > [22m[2mCustomers[2m > [22m[2madd customer modal[2m > [22m[2mshould create new customer successfully
[22m[39m🚀 Customers component is mounting
📡 Supabase client available: [33mtrue[39m

[90mstdout[2m | src/pages/Customers.test.tsx[2m > [22m[2mCustomers[2m > [22m[2madd customer modal[2m > [22m[2mshould create new customer successfully
[22m[39m🚀 Customers component is mounting
📡 Supabase client available: [33mtrue[39m

[90mstdout[2m | src/pages/Customers.test.tsx[2m > [22m[2mCustomers[2m > [22m[2madd customer modal[2m > [22m[2mshould create new customer successfully
[22m[39m🚀 Customers component is mounting
📡 Supabase client available: [33mtrue[39m

[90mstdout[2m | src/pages/Customers.test.tsx[2m > [22m[2mCustomers[2m > [22m[2madd customer modal[2m > [22m[2mshould create new customer successfully
[22m[39m🚀 Customers component is mounting
📡 Supabase client available: [33mtrue[39m

[90mstdout[2m | src/pages/Customers.test.tsx[2m > [22m[2mCustomers[2m > [22m[2madd customer modal[2m > [22m[2mshould create new customer successfully
[22m[39m🚀 Customers component is mounting
📡 Supabase client available: [33mtrue[39m

[90mstdout[2m | src/pages/Customers.test.tsx[2m > [22m[2mCustomers[2m > [22m[2madd customer modal[2m > [22m[2mshould create new customer successfully
[22m[39m🚀 Customers component is mounting
📡 Supabase client available: [33mtrue[39m

[90mstdout[2m | src/pages/Customers.test.tsx[2m > [22m[2mCustomers[2m > [22m[2madd customer modal[2m > [22m[2mshould create new customer successfully
[22m[39m🚀 Customers component is mounting
📡 Supabase client available: [33mtrue[39m

[90mstdout[2m | src/pages/Customers.test.tsx[2m > [22m[2mCustomers[2m > [22m[2madd customer modal[2m > [22m[2mshould create new customer successfully
[22m[39m🚀 Customers component is mounting
📡 Supabase client available: [33mtrue[39m

[90mstdout[2m | src/pages/Customers.test.tsx[2m > [22m[2mCustomers[2m > [22m[2madd customer modal[2m > [22m[2mshould create new customer successfully
[22m[39m🚀 Customers component is mounting
📡 Supabase client available: [33mtrue[39m

[90mstdout[2m | src/pages/Customers.test.tsx[2m > [22m[2mCustomers[2m > [22m[2madd customer modal[2m > [22m[2mshould create new customer successfully
[22m[39m🚀 Customers component is mounting
📡 Supabase client available: [33mtrue[39m

[90mstdout[2m | src/pages/Customers.test.tsx[2m > [22m[2mCustomers[2m > [22m[2madd customer modal[2m > [22m[2mshould create new customer successfully
[22m[39m🚀 Customers component is mounting
📡 Supabase client available: [33mtrue[39m

[90mstdout[2m | src/pages/Customers.test.tsx[2m > [22m[2mCustomers[2m > [22m[2madd customer modal[2m > [22m[2mshould create new customer successfully
[22m[39m🚀 Customers component is mounting
📡 Supabase client available: [33mtrue[39m

[90mstdout[2m | src/pages/Customers.test.tsx[2m > [22m[2mCustomers[2m > [22m[2madd customer modal[2m > [22m[2mshould create new customer successfully
[22m[39m🚀 Customers component is mounting
📡 Supabase client available: [33mtrue[39m

[90mstdout[2m | src/pages/Customers.test.tsx[2m > [22m[2mCustomers[2m > [22m[2madd customer modal[2m > [22m[2mshould create new customer successfully
[22m[39m🚀 Customers component is mounting
📡 Supabase client available: [33mtrue[39m

[90mstdout[2m | src/pages/Customers.test.tsx[2m > [22m[2mCustomers[2m > [22m[2madd customer modal[2m > [22m[2mshould create new customer successfully
[22m[39m🚀 Customers component is mounting
📡 Supabase client available: [33mtrue[39m

[90mstdout[2m | src/pages/Customers.test.tsx[2m > [22m[2mCustomers[2m > [22m[2madd customer modal[2m > [22m[2mshould create new customer successfully
[22m[39m🚀 Customers component is mounting
📡 Supabase client available: [33mtrue[39m

[90mstdout[2m | src/pages/Customers.test.tsx[2m > [22m[2mCustomers[2m > [22m[2madd customer modal[2m > [22m[2mshould create new customer successfully
[22m[39m💾 Starting customer save operation...
➕ Creating new customer in offline storage...
🚀 Customers component is mounting
📡 Supabase client available: [33mtrue[39m

[90mstdout[2m | src/pages/Customers.test.tsx[2m > [22m[2mCustomers[2m > [22m[2madd customer modal[2m > [22m[2mshould create new customer successfully
[22m[39m✅ Customer created offline: {
  name: [32m'New Customer'[39m,
  email: [32m'new@example.com'[39m,
  phone: [32m'+1-555-9999'[39m,
  company: [32m'New Company'[39m,
  address: [32m''[39m,
  status: [32m'prospect'[39m,
  source: [32m'Other'[39m,
  tags: [1mnull[22m,
  notes: [32m''[39m,
  responsible_person: [32m'Mr. Ali'[39m,
  created_by: [32m'1'[39m,
  export_license_number: [1mnull[22m,
  export_license_expiry: [1mnull[22m,
  customs_broker: [1mnull[22m,
  preferred_currency: [1mnull[22m,
  payment_terms_export: [1mnull[22m,
  credit_limit_usd: [1mnull[22m,
  export_documentation_language: [1mnull[22m,
  special_handling_requirements: [1mnull[22m,
  compliance_notes: [1mnull[22m,
  id: [32m'offline-1758015639310-qo8h1hd83'[39m,
  created_at: [32m'2025-09-16T09:40:39.310Z'[39m,
  updated_at: [32m'2025-09-16T09:40:39.311Z'[39m
}

[90mstdout[2m | src/pages/Customers.test.tsx[2m > [22m[2mCustomers[2m > [22m[2madd customer modal[2m > [22m[2mshould create new customer successfully
[22m[39m🚀 Customers component is mounting
📡 Supabase client available: [33mtrue[39m

[90mstdout[2m | src/test/unit/Customer.test.tsx[2m > [22m[2mCustomers Component[2m > [22m[2mError Handling[2m > [22m[2mshould handle save errors gracefully
[22m[39m🚀 Customers component is mounting
📡 Supabase client available: [33mtrue[39m
🔥 useEffect triggered - calling loadCustomers
🔄 Starting loadCustomers function
📱 Loading customers from offline service
🚀 Customers component is mounting
📡 Supabase client available: [33mtrue[39m
✅ Customers loaded from offline service: []
🏁 Setting loading to false
🚀 Customers component is mounting
📡 Supabase client available: [33mtrue[39m

[90mstdout[2m | src/pages/Customers.test.tsx[2m > [22m[2mCustomers[2m > [22m[2medit customer modal[2m > [22m[2mshould open edit modal with customer data
[22m[39m🚀 Customers component is mounting
📡 Supabase client available: [33mtrue[39m
🔥 useEffect triggered - calling loadCustomers
🔄 Starting loadCustomers function
📱 Loading customers from offline service

[90mstdout[2m | src/pages/Customers.test.tsx[2m > [22m[2mCustomers[2m > [22m[2medit customer modal[2m > [22m[2mshould open edit modal with customer data
[22m[39m✅ Customers loaded from offline service: []
🏁 Setting loading to false

[90mstdout[2m | src/pages/Customers.test.tsx[2m > [22m[2mCustomers[2m > [22m[2medit customer modal[2m > [22m[2mshould open edit modal with customer data
[22m[39m🚀 Customers component is mounting
📡 Supabase client available: [33mtrue[39m

[90mstdout[2m | src/pages/Customers.test.tsx[2m > [22m[2mCustomers[2m > [22m[2medit customer modal[2m > [22m[2mshould update customer successfully
[22m[39m🚀 Customers component is mounting
📡 Supabase client available: [33mtrue[39m
🔥 useEffect triggered - calling loadCustomers
🔄 Starting loadCustomers function
📱 Loading customers from offline service

[90mstdout[2m | src/pages/Customers.test.tsx[2m > [22m[2mCustomers[2m > [22m[2medit customer modal[2m > [22m[2mshould update customer successfully
[22m[39m✅ Customers loaded from offline service: []
🏁 Setting loading to false

[90mstdout[2m | src/pages/Customers.test.tsx[2m > [22m[2mCustomers[2m > [22m[2medit customer modal[2m > [22m[2mshould update customer successfully
[22m[39m🚀 Customers component is mounting
📡 Supabase client available: [33mtrue[39m

[90mstdout[2m | src/pages/Customers.test.tsx[2m > [22m[2mCustomers[2m > [22m[2medit customer modal[2m > [22m[2mshould update customer successfully
[22m[39m🚀 Customers component is mounting
📡 Supabase client available: [33mtrue[39m

[90mstdout[2m | src/test/unit/Customer.test.tsx[2m > [22m[2mCustomers Component[2m > [22m[2mDelete Customer[2m > [22m[2mshould delete customer when delete button is clicked
[22m[39m🚀 Customers component is mounting
📡 Supabase client available: [33mtrue[39m
🔥 useEffect triggered - calling loadCustomers
🔄 Starting loadCustomers function
📱 Loading customers from offline service
🚀 Customers component is mounting
📡 Supabase client available: [33mtrue[39m
✅ Customers loaded from offline service: []
🏁 Setting loading to false
🚀 Customers component is mounting
📡 Supabase client available: [33mtrue[39m

[90mstdout[2m | src/pages/Customers.test.tsx[2m > [22m[2mCustomers[2m > [22m[2medit customer modal[2m > [22m[2mshould update customer successfully
[22m[39m🚀 Customers component is mounting
📡 Supabase client available: [33mtrue[39m

[90mstdout[2m | src/pages/Customers.test.tsx[2m > [22m[2mCustomers[2m > [22m[2medit customer modal[2m > [22m[2mshould update customer successfully
[22m[39m🚀 Customers component is mounting
📡 Supabase client available: [33mtrue[39m

[90mstdout[2m | src/pages/Customers.test.tsx[2m > [22m[2mCustomers[2m > [22m[2medit customer modal[2m > [22m[2mshould update customer successfully
[22m[39m🚀 Customers component is mounting
📡 Supabase client available: [33mtrue[39m

[90mstdout[2m | src/pages/Customers.test.tsx[2m > [22m[2mCustomers[2m > [22m[2medit customer modal[2m > [22m[2mshould update customer successfully
[22m[39m🚀 Customers component is mounting
📡 Supabase client available: [33mtrue[39m

[90mstdout[2m | src/pages/Customers.test.tsx[2m > [22m[2mCustomers[2m > [22m[2medit customer modal[2m > [22m[2mshould update customer successfully
[22m[39m🚀 Customers component is mounting
📡 Supabase client available: [33mtrue[39m

[90mstdout[2m | src/pages/Customers.test.tsx[2m > [22m[2mCustomers[2m > [22m[2medit customer modal[2m > [22m[2mshould update customer successfully
[22m[39m🚀 Customers component is mounting
📡 Supabase client available: [33mtrue[39m

[90mstdout[2m | src/pages/Customers.test.tsx[2m > [22m[2mCustomers[2m > [22m[2medit customer modal[2m > [22m[2mshould update customer successfully
[22m[39m🚀 Customers component is mounting
📡 Supabase client available: [33mtrue[39m

[90mstdout[2m | src/pages/Customers.test.tsx[2m > [22m[2mCustomers[2m > [22m[2medit customer modal[2m > [22m[2mshould update customer successfully
[22m[39m🚀 Customers component is mounting
📡 Supabase client available: [33mtrue[39m

[90mstdout[2m | src/pages/Customers.test.tsx[2m > [22m[2mCustomers[2m > [22m[2medit customer modal[2m > [22m[2mshould update customer successfully
[22m[39m🚀 Customers component is mounting
📡 Supabase client available: [33mtrue[39m

[90mstdout[2m | src/pages/Customers.test.tsx[2m > [22m[2mCustomers[2m > [22m[2medit customer modal[2m > [22m[2mshould update customer successfully
[22m[39m🚀 Customers component is mounting
📡 Supabase client available: [33mtrue[39m

[90mstdout[2m | src/pages/Customers.test.tsx[2m > [22m[2mCustomers[2m > [22m[2medit customer modal[2m > [22m[2mshould update customer successfully
[22m[39m🚀 Customers component is mounting
📡 Supabase client available: [33mtrue[39m

[90mstdout[2m | src/pages/Customers.test.tsx[2m > [22m[2mCustomers[2m > [22m[2medit customer modal[2m > [22m[2mshould update customer successfully
[22m[39m🚀 Customers component is mounting
📡 Supabase client available: [33mtrue[39m

[90mstdout[2m | src/pages/Customers.test.tsx[2m > [22m[2mCustomers[2m > [22m[2medit customer modal[2m > [22m[2mshould update customer successfully
[22m[39m🚀 Customers component is mounting
📡 Supabase client available: [33mtrue[39m

[90mstdout[2m | src/pages/Customers.test.tsx[2m > [22m[2mCustomers[2m > [22m[2medit customer modal[2m > [22m[2mshould update customer successfully
[22m[39m🚀 Customers component is mounting
📡 Supabase client available: [33mtrue[39m

[90mstdout[2m | src/pages/Customers.test.tsx[2m > [22m[2mCustomers[2m > [22m[2medit customer modal[2m > [22m[2mshould update customer successfully
[22m[39m🚀 Customers component is mounting
📡 Supabase client available: [33mtrue[39m

[90mstdout[2m | src/pages/Customers.test.tsx[2m > [22m[2mCustomers[2m > [22m[2medit customer modal[2m > [22m[2mshould update customer successfully
[22m[39m🚀 Customers component is mounting
📡 Supabase client available: [33mtrue[39m

[90mstdout[2m | src/pages/Customers.test.tsx[2m > [22m[2mCustomers[2m > [22m[2medit customer modal[2m > [22m[2mshould update customer successfully
[22m[39m💾 Starting customer save operation...
✏️ Updating customer in offline storage...
🚀 Customers component is mounting
📡 Supabase client available: [33mtrue[39m

[90mstdout[2m | src/pages/Customers.test.tsx[2m > [22m[2mCustomers[2m > [22m[2medit customer modal[2m > [22m[2mshould update customer successfully
[22m[39m🔄 Falling back to offline mode for save operation

[90mstdout[2m | src/pages/Customers.test.tsx[2m > [22m[2mCustomers[2m > [22m[2medit customer modal[2m > [22m[2mshould update customer successfully
[22m[39m🚀 Customers component is mounting
📡 Supabase client available: [33mtrue[39m

[90mstdout[2m | src/test/unit/Customer.test.tsx[2m > [22m[2mCustomers Component[2m > [22m[2mDelete Customer[2m > [22m[2mshould not delete customer when confirmation is cancelled
[22m[39m🚀 Customers component is mounting
📡 Supabase client available: [33mtrue[39m
🔥 useEffect triggered - calling loadCustomers
🔄 Starting loadCustomers function
📱 Loading customers from offline service
🚀 Customers component is mounting
📡 Supabase client available: [33mtrue[39m
✅ Customers loaded from offline service: []
🏁 Setting loading to false
🚀 Customers component is mounting
📡 Supabase client available: [33mtrue[39m

[90mstdout[2m | src/test/unit/Dashboard.test.tsx
[22m[39m🔧 Supabase config: {
  url: [32m'https://rnqjqhqhqhqhqhqhqhqh.s...'[39m,
  key: [32m'eyJ0eXAiOiJKV1QiLCJh...'[39m,
  env: {
    AHA_CHROME_CRASHPAD_PIPE_NAME: [32m'\\\\.\\pipe\\crashpad_16336_DJYFJKOFGRPZHQIJ'[39m,
    ALLUSERSPROFILE: [32m'C:\\ProgramData'[39m,
    ANDROID_HOME: [32m'C:\\Users\\Lenovo\\AppData\\Local\\Android\\Sdk'[39m,
    APPDATA: [32m'C:\\Users\\Lenovo\\AppData\\Roaming'[39m,
    BASE_URL: [32m'/'[39m,
    CHOCOLATEYINSTALL: [32m'C:\\ProgramData\\chocolatey'[39m,
    COLOR: [32m'0'[39m,
    COLORTERM: [32m'truecolor'[39m,
    COMMONPROGRAMFILES: [32m'C:\\Program Files\\Common Files'[39m,
    [32m'COMMONPROGRAMFILES(X86)'[39m: [32m'C:\\Program Files (x86)\\Common Files'[39m,
    COMMONPROGRAMW6432: [32m'C:\\Program Files\\Common Files'[39m,
    COMPUTERNAME: [32m'DESKTOP-J595T7P'[39m,
    COMSPEC: [32m'C:\\WINDOWS\\system32\\cmd.exe'[39m,
    DEV: [32m'1'[39m,
    DRIVERDATA: [32m'C:\\Windows\\System32\\Drivers\\DriverData'[39m,
    EDITOR: [32m'C:\\WINDOWS\\notepad.exe'[39m,
    EFC_9244_1262719628: [32m'1'[39m,
    EFC_9244_1592913036: [32m'1'[39m,
    EFC_9244_2283032206: [32m'1'[39m,
    EFC_9244_2775293581: [32m'1'[39m,
    EFC_9244_3789132940: [32m'1'[39m,
    FORCE_TTY: [32m''[39m,
    FPS_BROWSER_APP_PROFILE_STRING: [32m'Internet Explorer'[39m,
    FPS_BROWSER_USER_PROFILE_STRING: [32m'Default'[39m,
    GIT_ASKPASS: [32m'c:\\Users\\Lenovo\\AppData\\Local\\Programs\\Trae\\resources\\app\\extensions\\git\\dist\\askpass.sh'[39m,
    GIT_LFS_PATH: [32m'C:\\Program Files\\Git LFS'[39m,
    GIT_PAGER: [32m''[39m,
    HOME: [32m'C:\\Users\\Lenovo'[39m,
    HOMEDRIVE: [32m'C:'[39m,
    HOMEPATH: [32m'\\Users\\Lenovo'[39m,
    INIT_CWD: [32m'C:\\Users\\Lenovo\\Desktop\\new_simple_crm'[39m,
    LANG: [32m'en_US.UTF-8'[39m,
    LOCALAPPDATA: [32m'C:\\Users\\Lenovo\\AppData\\Local'[39m,
    LOGONSERVER: [32m'\\\\DESKTOP-J595T7P'[39m,
    MODE: [32m'test'[39m,
    NODE: [32m'C:\\Program Files\\nodejs\\node.exe'[39m,
    NODE_ENV: [32m'test'[39m,
    NPM_COMMAND: [32m'exec'[39m,
    NPM_CONFIG_CACHE: [32m'C:\\Users\\Lenovo\\AppData\\Local\\npm-cache'[39m,
    NPM_CONFIG_GLOBALCONFIG: [32m'C:\\Users\\Lenovo\\AppData\\Roaming\\npm\\etc\\npmrc'[39m,
    NPM_CONFIG_GLOBAL_PREFIX: [32m'C:\\Users\\Lenovo\\AppData\\Roaming\\npm'[39m,
    NPM_CONFIG_INIT_MODULE: [32m'C:\\Users\\Lenovo\\.npm-init.js'[39m,
    NPM_CONFIG_LOCAL_PREFIX: [32m'C:\\Users\\Lenovo\\Desktop\\new_simple_crm'[39m,
    NPM_CONFIG_NODE_GYP: [32m'C:\\Program Files\\nodejs\\node_modules\\npm\\node_modules\\node-gyp\\bin\\node-gyp.js'[39m,
    NPM_CONFIG_NOPROXY: [32m''[39m,
    NPM_CONFIG_NPM_VERSION: [32m'10.9.2'[39m,
    NPM_CONFIG_PREFIX: [32m'C:\\Users\\Lenovo\\AppData\\Roaming\\npm'[39m,
    NPM_CONFIG_USERCONFIG: [32m'C:\\Users\\Lenovo\\.npmrc'[39m,
    NPM_CONFIG_USER_AGENT: [32m'npm/10.9.2 node/v22.14.0 win32 x64 workspaces/false'[39m,
    NPM_EXECPATH: [32m'C:\\Program Files\\nodejs\\node_modules\\npm\\bin\\npm-cli.js'[39m,
    NPM_LIFECYCLE_EVENT: [32m'npx'[39m,
    NPM_LIFECYCLE_SCRIPT: [32m'vitest'[39m,
    NPM_NODE_EXECPATH: [32m'C:\\Program Files\\nodejs\\node.exe'[39m,
    NPM_PACKAGE_JSON: [32m'C:\\Users\\Lenovo\\Desktop\\new_simple_crm\\package.json'[39m,
    NPM_PACKAGE_NAME: [32m'new_simple_crm'[39m,
    NPM_PACKAGE_VERSION: [32m'0.0.0'[39m,
    NUMBER_OF_PROCESSORS: [32m'8'[39m,
    OCULUSBASE: [32m'C:\\Program Files\\Oculus\\'[39m,
    ONEDRIVE: [32m'C:\\Users\\Lenovo\\OneDrive'[39m,
    OPENSSL_CONF: [32m'C:\\Program Files\\PostgreSQL\\psqlODBC\\etc\\openssl.cnf'[39m,
    ORIGINAL_XDG_CURRENT_DESKTOP: [32m'undefined'[39m,
    OS: [32m'Windows_NT'[39m,
    PAGER: [32m''[39m,
    PATH: [32m'C:\\Users\\Lenovo\\Desktop\\new_simple_crm\\node_modules\\.bin;C:\\Users\\Lenovo\\Desktop\\new_simple_crm\\node_modules\\.bin;C:\\Users\\Lenovo\\Desktop\\node_modules\\.bin;C:\\Users\\Lenovo\\node_modules\\.bin;C:\\Users\\node_modules\\.bin;C:\\node_modules\\.bin;C:\\Program Files\\nodejs\\node_modules\\npm\\node_modules\\@npmcli\\run-script\\lib\\node-gyp-bin;c:\\\\Users\\\\Lenovo\\\\.trae\\\\sdks\\\\workspaces\\\\29b78ebe\\\\versions\\\\node\\\\current;c:\\\\Users\\\\Lenovo\\\\.trae\\\\sdks\\\\versions\\\\node\\\\current;C:\\Program Files\\PowerShell\\7;c:\\Users\\Lenovo\\.trae\\sdks\\workspaces\\29b78ebe\\versions\\node\\current;c:\\Users\\Lenovo\\.trae\\sdks\\versions\\node\\current;C:\\Program Files\\Oculus\\Support\\oculus-runtime;c:\\Users\\Mr. Taha\\AppData\\Local\\Programs\\cursor\\resources\\app\\bin;C:\\flutter\\bin;C:\\Python313\\Scripts\\;C:\\Python313\\;C:\\WINDOWS\\system32;C:\\WINDOWS;C:\\WINDOWS\\System32\\Wbem;C:\\WINDOWS\\System32\\WindowsPowerShell\\v1.0\\;C:\\WINDOWS\\System32\\OpenSSH\\;C:\\Program Files\\nodejs\\;C:\\ProgramData\\chocolatey\\bin;C:\\Program Files\\dotnet\\;C:\\Program Files\\Git LFS;C:\\Users\\Lenovo\\AppData\\Local\\Microsoft\\WindowsApps;C:\\Users\\Lenovo\\AppData\\Local\\Microsoft\\WinGet\\Links;C:\\Program Files\\Git\\cmd;C:\\Program Files\\PowerShell\\7\\;C:\\Program Files\\Docker\\Docker\\resources\\bin;C:\\WINDOWS\\system32;C:\\WINDOWS;C:\\WINDOWS\\System32\\Wbem;C:\\WINDOWS\\System32\\WindowsPowerShell\\v1.0\\;C:\\WINDOWS\\System32\\OpenSSH\\;c:\\\\Users\\\\Lenovo\\\\.trae\\\\sdks\\\\workspaces\\\\abae64b8\\\\versions\\\\node\\\\current;c:\\\\Users\\\\Lenovo\\\\.trae\\\\sdks\\\\versions\\\\node\\\\current;C:\\Program Files\\PowerShell\\7;C:\\Users\\Lenovo\\Downloads\\Halati\\Halati\\flutter\\bin\\;c:\\Users\\Lenovo\\.trae\\sdks\\workspaces\\abae64b8\\versions\\node\\current;c:\\Users\\Lenovo\\.trae\\sdks\\versions\\node\\current;C:\\Program Files\\Oculus\\Support\\oculus-runtime;c:\\Users\\Mr. Taha\\AppData\\Local\\Programs\\cursor\\resources\\app\\bin;C:\\flutter\\bin;C:\\Python313\\Scripts\\;C:\\Python313\\;C:\\WINDOWS\\system32;C:\\WINDOWS;C:\\WINDOWS\\System32\\Wbem;C:\\WINDOWS\\System32\\WindowsPowerShell\\v1.0\\;C:\\WINDOWS\\System32\\OpenSSH\\;C:\\Program Files\\nodejs\\;C:\\ProgramData\\chocolatey\\bin;C:\\Program Files\\dotnet\\;C:\\Program Files\\Git LFS;C:\\Users\\Lenovo\\AppData\\Local\\Microsoft\\WindowsApps;C:\\Users\\Lenovo\\AppData\\Local\\Microsoft\\WinGet\\Links;C:\\Program Files\\PowerShell\\7\\;C:\\Program Files\\Git\\cmd;C:\\Users\\Lenovo\\.local\\bin;C:\\Program Files\\Docker\\Docker\\resources\\bin;C:\\Users\\Lenovo\\AppData\\Local\\Programs\\Microsoft VS Code Insiders\\bin;C:\\Users\\Lenovo\\AppData\\Local\\Programs\\cursor\\resources\\app\\bin;C:\\Users\\Lenovo\\AppData\\Local\\Android\\Sdk\\platform-tools;C:\\Users\\Lenovo\\.deno\\bin;C:\\Users\\Lenovo\\AppData\\Local\\Programs\\Qoder\\bin;%USERPROFILE%\\AppData\\Local\\Microsoft\\WindowsApps;'[39m,
    PATHEXT: [32m'.COM;.EXE;.BAT;.CMD;.VBS;.VBE;.JS;.JSE;.WSF;.WSH;.MSC;.PY;.PYW;.CPL'[39m,
    POWERSHELL_DISTRIBUTION_CHANNEL: [32m'MSI:Windows 10 Pro'[39m,
    PROCESSOR_ARCHITECTURE: [32m'AMD64'[39m,
    PROCESSOR_IDENTIFIER: [32m'Intel64 Family 6 Model 142 Stepping 12, GenuineIntel'[39m,
    PROCESSOR_LEVEL: [32m'6'[39m,
    PROCESSOR_REVISION: [32m'8e0c'[39m,
    PROD: [32m''[39m,
    PROGRAMDATA: [32m'C:\\ProgramData'[39m,
    PROGRAMFILES: [32m'C:\\Program Files'[39m,
    [32m'PROGRAMFILES(X86)'[39m: [32m'C:\\Program Files (x86)'[39m,
    PROGRAMW6432: [32m'C:\\Program Files'[39m,
    PROMPT: [32m'$P$G'[39m,
    PSMODULEPATH: [32m'C:\\Users\\Lenovo\\Documents\\PowerShell\\Modules;C:\\Program Files\\PowerShell\\Modules;c:\\program files\\powershell\\7\\Modules;C:\\Program Files\\WindowsPowerShell\\Modules;C:\\WINDOWS\\system32\\WindowsPowerShell\\v1.0\\Modules'[39m,
    PUBLIC: [32m'C:\\Users\\Public'[39m,
    SESSIONNAME: [32m'Console'[39m,
    SSR: [32m''[39m,
    SYSTEMDRIVE: [32m'C:'[39m,
    SYSTEMROOT: [32m'C:\\WINDOWS'[39m,
    TEMP: [32m'C:\\Users\\Lenovo\\AppData\\Local\\Temp'[39m,
    TERM_PRODUCT: [32m'Trae'[39m,
    TERM_PROGRAM: [32m'vscode'[39m,
    TERM_PROGRAM_VERSION: [32m'1.100.3'[39m,
    TEST: [32m'true'[39m,
    TINYPOOL_WORKER_ID: [32m'6'[39m,
    TMP: [32m'C:\\Users\\Lenovo\\AppData\\Local\\Temp'[39m,
    TRAE_AI_SHELL_ID: [32m'4'[39m,
    USERDOMAIN: [32m'DESKTOP-J595T7P'[39m,
    USERDOMAIN_ROAMINGPROFILE: [32m'DESKTOP-J595T7P'[39m,
    USERNAME: [32m'Lenovo'[39m,
    USERPROFILE: [32m'C:\\Users\\Lenovo'[39m,
    VITEST: [32m'true'[39m,
    VITEST_MODE: [32m'RUN'[39m,
    VITEST_POOL_ID: [32m'6'[39m,
    VITEST_WORKER_ID: [32m'8'[39m,
    VITE_APP_NAME: [32m'Nawras CRM'[39m,
    VITE_APP_VERSION: [32m'1.0.0'[39m,
    VITE_DEV_MODE: [32m'true'[39m,
    VITE_NODE_ENV: [32m'development'[39m,
    VITE_OFFLINE_MODE: [32m'true'[39m,
    VITE_SENTRY_DSN: [32m'your-sentry-dsn-here'[39m,
    VITE_SUPABASE_ANON_KEY: [32m'eyJ0eXAiOiJKV1QiLCJhbGciOiJIUzI1NiJ9.eyJpc3MiOiJzdXBhYmFzZSIsInJlZiI6InJucWpxaHFocWhxaHFocWhxaHFoIiwicm9sZSI6ImFub24iLCJpYXQiOjE3MzU3MzI4NzAsImV4cCI6MjA1MTMwODg3MH0.Ej8Ej8Ej8Ej8Ej8Ej8Ej8Ej8Ej8Ej8Ej8Ej8Ej8'[39m,
    VITE_SUPABASE_URL: [32m'https://rnqjqhqhqhqhqhqhqhqh.supabase.co'[39m,
    VSCODE_GIT_ASKPASS_EXTRA_ARGS: [32m''[39m,
    VSCODE_GIT_ASKPASS_MAIN: [32m'c:\\Users\\Lenovo\\AppData\\Local\\Programs\\Trae\\resources\\app\\extensions\\git\\dist\\askpass-main.js'[39m,
    VSCODE_GIT_ASKPASS_NODE: [32m'C:\\Users\\Lenovo\\AppData\\Local\\Programs\\Trae\\Trae.exe'[39m,
    VSCODE_GIT_IPC_HANDLE: [32m'\\\\.\\pipe\\vscode-git-f3eb346485-sock'[39m,
    VSCODE_INJECTION: [32m'1'[39m,
    WINDIR: [32m'C:\\WINDOWS'[39m,
    __PSLOCKDOWNPOLICY: [32m'0'[39m
  }
}

[90mstdout[2m | src/test/unit/Dashboard.test.tsx
[22m[39m🔧 Offline data initialized

[90mstdout[2m | src/test/unit/Dashboard.test.tsx[2m > [22m[2mDashboard Component[2m > [22m[2mLoading State[2m > [22m[2mshould show loading state initially
[22m[39m📱 Loading dashboard data from offline service

[90mstdout[2m | src/test/unit/Dashboard.test.tsx[2m > [22m[2mDashboard Component[2m > [22m[2mDashboard Stats[2m > [22m[2mshould display customer statistics
[22m[39m📱 Loading dashboard data from offline service

[90mstdout[2m | src/pages/Customers.test.tsx[2m > [22m[2mCustomers[2m > [22m[2mdelete customer[2m > [22m[2mshould delete customer when confirmed
[22m[39m🚀 Customers component is mounting
📡 Supabase client available: [33mtrue[39m
🔥 useEffect triggered - calling loadCustomers
🔄 Starting loadCustomers function
📱 Loading customers from offline service

[90mstdout[2m | src/pages/Customers.test.tsx[2m > [22m[2mCustomers[2m > [22m[2mdelete customer[2m > [22m[2mshould delete customer when confirmed
[22m[39m✅ Customers loaded from offline service: []
🏁 Setting loading to false

[90mstdout[2m | src/pages/Customers.test.tsx[2m > [22m[2mCustomers[2m > [22m[2mdelete customer[2m > [22m[2mshould delete customer when confirmed
[22m[39m🗑️ Deleting customer from offline storage...

[90mstdout[2m | src/pages/Customers.test.tsx[2m > [22m[2mCustomers[2m > [22m[2mdelete customer[2m > [22m[2mshould delete customer when confirmed
[22m[39m✅ Customer deleted offline: John Doe

[90mstdout[2m | src/test/unit/Customer.test.tsx[2m > [22m[2mCustomers Component[2m > [22m[2mDelete Customer[2m > [22m[2mshould handle delete errors gracefully
[22m[39m🚀 Customers component is mounting
📡 Supabase client available: [33mtrue[39m
🔥 useEffect triggered - calling loadCustomers
🔄 Starting loadCustomers function
📱 Loading customers from offline service
🚀 Customers component is mounting
📡 Supabase client available: [33mtrue[39m
✅ Customers loaded from offline service: []
🏁 Setting loading to false
🚀 Customers component is mounting
📡 Supabase client available: [33mtrue[39m

[90mstdout[2m | src/test/unit/Dashboard.test.tsx[2m > [22m[2mDashboard Component[2m > [22m[2mDashboard Stats[2m > [22m[2mshould display lead statistics
[22m[39m📱 Loading dashboard data from offline service

[90mstdout[2m | src/pages/Customers.test.tsx[2m > [22m[2mCustomers[2m > [22m[2mdelete customer[2m > [22m[2mshould not delete customer when cancelled
[22m[39m🚀 Customers component is mounting
📡 Supabase client available: [33mtrue[39m
🔥 useEffect triggered - calling loadCustomers
🔄 Starting loadCustomers function
📱 Loading customers from offline service

[90mstdout[2m | src/pages/Customers.test.tsx[2m > [22m[2mCustomers[2m > [22m[2mdelete customer[2m > [22m[2mshould not delete customer when cancelled
[22m[39m✅ Customers loaded from offline service: []
🏁 Setting loading to false

[90mstdout[2m | src/pages/Customers.test.tsx[2m > [22m[2mCustomers[2m > [22m[2merror handling[2m > [22m[2mshould handle load customers error
[22m[39m🚀 Customers component is mounting
📡 Supabase client available: [33mtrue[39m
🔥 useEffect triggered - calling loadCustomers
🔄 Starting loadCustomers function
📱 Loading customers from offline service

[90mstdout[2m | src/pages/Customers.test.tsx[2m > [22m[2mCustomers[2m > [22m[2merror handling[2m > [22m[2mshould handle load customers error
[22m[39m✅ Customers loaded from offline service: []
🏁 Setting loading to false

 [31m❯[39m src/pages/Settings.test.tsx [2m([22m[2m25 tests[22m[2m | [22m[31m10 failed[39m[2m)[22m[33m 9421[2mms[22m[39m
   [33m[2m✓[22m[39m Settings[2m > [22mrenders settings page with header [33m 458[2mms[22m[39m
   [32m✓[39m Settings[2m > [22mrenders all navigation tabs[32m 199[2mms[22m[39m
   [32m✓[39m Settings[2m > [22mshows profile tab by default[32m 213[2mms[22m[39m
   [32m✓[39m Settings[2m > [22mpopulates profile form with user data[32m 207[2mms[22m[39m
[31m   [31m×[31m Settings[2m > [22mhandles profile form submission successfully[39m[33m 1334[2mms[22m[39m
[31m     → expected "spy" to be called with arguments: [ 'users' ][90m

Number of calls: [1m0[22m
[31m

Ignored nodes: comments, script, style
[36m<html>[31m
  [36m<head />[31m
  [36m<body>[31m
    [36m<div>[31m
      [36m<div[31m
        [33mclass[31m=[32m"p-6"[31m
      [36m>[31m
        [36m<div[31m
          [33mclass[31m=[32m"mb-8"[31m
        [36m>[31m
          [36m<div[31m
            [33mclass[31m=[32m"flex justify-between items-start"[31m
          [36m>[31m
            [36m<div>[31m
              [36m<h1[31m
                [33mclass[31m=[32m"text-3xl font-bold text-gray-900 mb-2 flex items-center gap-2"[31m
              [36m>[31m
                [36m<svg[31m
                  [33mclass[31m=[32m"lucide lucide-settings h-8 w-8"[31m
                  [33mfill[31m=[32m"none"[31m
                  [33mheight[31m=[32m"24"[31m
                  [33mstroke[31m=[32m"currentColor"[31m
                  [33mstroke-linecap[31m=[32m"round"[31m
                  [33mstroke-linejoin[31m=[32m"round"[31m
                  [33mstroke-width[31m=[32m"2"[31m
                  [33mviewBox[31m=[32m"0 0 24 24"[31m
                  [33mwidth[31m=[32m"24"[31m
                  [33mxmlns[31m=[32m"http://www.w3.org/2000/svg"[31m
                [36m>[31m
                  [36m<path[31m
                    [33md[31m=[32m"M12.22 2h-.44a2 2 0 0 0-2 2v.18a2 2 0 0 1-1 1.73l-.43.25a2 2 0 0 1-2 0l-.15-.08a2 2 0 0 0-2.73.73l-.22.38a2 2 0 0 0 .73 2.73l.15.1a2 2 0 0 1 1 1.72v.51a2 2 0 0 1-1 1.74l-.15.09a2 2 0 0 0-.73 2.73l.22.38a2 2 0 0 0 2.73.73l.15-.08a2 2 0 0 1 2 0l.43.25a2 2 0 0 1 1 1.73V20a2 2 0 0 0 2 2h.44a2 2 0 0 0 2-2v-.18a2 2 0 0 1 1-1.73l.43-.25a2 2 0 0 1 2 0l.15.08a2 2 0 0 0 2.73-.73l.22-.39a2 2 0 0 0-.73-2.73l-.15-.08a2 2 0 0 1-1-1.74v-.5a2 2 0 0 1 1-1.74l.15-.09a2 2 0 0 0 .73-2.73l-.22-.38a2 2 0 0 0-2.73-.73l-.15.08a2 2 0 0 1-2 0l-.43-.25a2 2 0 0 1-1-1.73V4a2 2 0 0 0-2-2z"[31m
                  [36m/>[31m
                  [36m<circle[31m
                    [33mcx[31m=[32m"12"[31m
                    [33mcy[31m=[32m"12"[31m
                    [33mr[31m=[32m"3"[31m
                  [36m/>[31m
                [36m</svg>[31m
                [0mSettings[0m
              [36m</h1>[31m
              [36m<p[31m
                [33mclass[31m=[32m"text-gray-600"[31m
              [36m>[31m
                [0mManage your account settings and preferences[0m
              [36m</p>[31m
            [36m</div>[31m
            [36m<div[31m
              [33mclass[31m=[32m"flex items-center space-x-3"[31m
            [36m>[31m
              [36m<button[31m
                [33mclass[31m=[32m"inline-flex items-center justify-center gap-2 whitespace-nowrap text-sm font-medium ring-offset-background transition-colors focus-visible:outline-none focus-visible:ring-2 focus-visible:ring-ring focus-visible:ring-offset-2 disabled:pointer-events-none disabled:opacity-50 [&_svg]:pointer-events-none [&_svg]:size-4 [&_svg]:shrink-0 border border-input bg-background hover:bg-accent hover:text-accent-foreground h-9 rounded-md px-3"[31m
              [36m>[31m
                [36m<svg[31m
                  [33mclass[31m=[32m"lucide lucide-test-tube h-4 w-4 mr-2"[31m
                  [33mfill[31m=[32m"none"[31m
                  [33mheight[31m=[32m"24"[31m
                  [33mstroke[31m=[32m"currentColor"[31m
                  [33mstroke-linecap[31m=[32m"round"[31m
                  [33mstroke-linejoin[31m=[32m"round"[31m
                  [33mstroke-width[31m=[32m"2"[31m
                  [33mviewBox[31m=[32m"0 0 24 24"[31m
                  [33mwidth[31m=[32m"24"[31m
                  [33mxmlns[31m=[32m"http://www.w3.org/2000/svg"[31m
                [36m>[31m
                  [36m<path[31m
                    [33md[31m=[32m"M14.5 2v17.5c0 1.4-1.1 2.5-2.5 2.5c-1.4 0-2.5-1.1-2.5-2.5V2"[31m
                  [36m/>[31m
                  [36m<path[31m
                    [33md[31m=[32m"M8.5 2h7"[31m
                  [36m/>[31m
                  [36m<path[31m
                    [33md[31m=[32m"M14.5 16h-5"[31m
                  [36m/>[31m
                [36m</svg>[31m
                [0mRun All Tests[0m
              [36m</button>[31m
              [36m<button[31m
                [33mclass[31m=[32m"inline-flex items-center justify-center gap-2 whitespace-nowrap text-sm font-medium ring-offset-background transition-colors focus-visible:outline-none focus-visible:ring-2 focus-visible:ring-ring focus-visible:ring-offset-2 disabled:pointer-events-none disabled:opacity-50 [&_svg]:pointer-events-none [&_svg]:size-4 [&_svg]:shrink-0 border border-input bg-background hover:bg-accent hover:text-accent-foreground h-9 rounded-md px-3"[31m
              [36m>[31m
                [0mAdd Demo Data[0m
              [36m</button>[31m
            [36m</div>[31m
          [36m</div>[31m
        [36m</div>[31m
        [36m<div[31m
          [33mclass[31m=[32m"flex space-x-1 mb-8 bg-gray-100 p-1 rounded-lg"[31m
        [36m>[31m
          [36m<button[31m
            [33mclass[31m=[32m"flex items-center gap-2 px-4 py-2 rounded-md text-sm font-medium transition-colors bg-white text-gray-900 shadow-sm"[31m
          [36m>[31m
            [36m<svg[31m
              [33mclass[31m=[32m"lucide lucide-user h-4 w-4 text-blue-600"[31m
              [33mfill[31m=[32m"none"[31m
              [33mheight[31m=[32m"24"[31m
              [33mstroke[31m=[32m"currentColor"[31m
              [33mstroke-linecap[31m=[32m"round"[31m
              [33mstroke-linejoin[31m=[32m"round"[31m
              [33mstroke-width[31m=[32m"2"[31m
              [33mviewBox[31m=[32m"0 0 24 24"[31m
              [33mwidth[31m=[32m"24"[31m
              [33mxmlns[31m=[32m"http://www.w3.org/2000/svg"[31m
            [36m>[31m
              [36m<path[31m
                [33md[31m=[32m"M19 21v-2a4 4 0 0 0-4-4H9a4 4 0 0 0-4 4v2"[31m
              [36m/>[31m
              [36m<circle[31m
                [33mcx[31m=[32m"12"[31m
                [33mcy[31m=[32m"7"[31m
                [33mr[31m=[32m"4"[31m
              [36m/>[31m
            [36m</svg>[31m
            [0mProfile Settings[0m
          [36m</button>[31m
          [36m<button[31m
            [33mclass[31m=[32m"flex items-center gap-2 px-4 py-2 rounded-md text-sm font-medium transition-colors text-gray-600 hover:text-gray-900"[31m
          [36m>[31m
            [36m<svg[31m
              [33mclass[31m=[32m"lucide lucide-bell h-4 w-4 text-yellow-600"[31m
              [33mfill[31m=[32m"none"[31m
              [33mheight[31m=[32m"24"[31m
              [33mstroke[31m=[32m"currentColor"[31m
              [33mstroke-linecap[31m=[32m"round"[31m
              [33mstroke-linejoin[31m=[32m"round"[31m
              [33mstroke-width[31m=[32m"2"[31m
              [33mviewBox[31m=[32m"0 0 24 24"[31m
 ...[39m
   [32m✓[39m Settings[2m > [22mhandles profile form validation errors[32m 264[2mms[22m[39m
[31m   [31m×[31m Settings[2m > [22mhandles profile update errors[39m[33m 1198[2mms[22m[39m
[31m     → expected "spy" to be called with arguments: [ { title: 'Error', …(2) } ][90m

Received: 

[1m  1st spy call:

[22m[2m  [[22m
[2m    {[22m
[32m-     "description": "Failed to update profile. Please try again.",[90m
[32m-     "title": "Error",[90m
[32m-     "variant": "destructive",[90m
[31m+     "description": "Profile updates are limited in offline mode.",[90m
[31m+     "title": "Offline Mode",[90m
[2m    },[22m
[2m  ][22m
[31m[90m

Number of calls: [1m1[22m
[31m

Ignored nodes: comments, script, style
[36m<html>[31m
  [36m<head />[31m
  [36m<body>[31m
    [36m<div>[31m
      [36m<div[31m
        [33mclass[31m=[32m"p-6"[31m
      [36m>[31m
        [36m<div[31m
          [33mclass[31m=[32m"mb-8"[31m
        [36m>[31m
          [36m<div[31m
            [33mclass[31m=[32m"flex justify-between items-start"[31m
          [36m>[31m
            [36m<div>[31m
              [36m<h1[31m
                [33mclass[31m=[32m"text-3xl font-bold text-gray-900 mb-2 flex items-center gap-2"[31m
              [36m>[31m
                [36m<svg[31m
                  [33mclass[31m=[32m"lucide lucide-settings h-8 w-8"[31m
                  [33mfill[31m=[32m"none"[31m
                  [33mheight[31m=[32m"24"[31m
                  [33mstroke[31m=[32m"currentColor"[31m
                  [33mstroke-linecap[31m=[32m"round"[31m
                  [33mstroke-linejoin[31m=[32m"round"[31m
                  [33mstroke-width[31m=[32m"2"[31m
                  [33mviewBox[31m=[32m"0 0 24 24"[31m
                  [33mwidth[31m=[32m"24"[31m
                  [33mxmlns[31m=[32m"http://www.w3.org/2000/svg"[31m
                [36m>[31m
                  [36m<path[31m
                    [33md[31m=[32m"M12.22 2h-.44a2 2 0 0 0-2 2v.18a2 2 0 0 1-1 1.73l-.43.25a2 2 0 0 1-2 0l-.15-.08a2 2 0 0 0-2.73.73l-.22.38a2 2 0 0 0 .73 2.73l.15.1a2 2 0 0 1 1 1.72v.51a2 2 0 0 1-1 1.74l-.15.09a2 2 0 0 0-.73 2.73l.22.38a2 2 0 0 0 2.73.73l.15-.08a2 2 0 0 1 2 0l.43.25a2 2 0 0 1 1 1.73V20a2 2 0 0 0 2 2h.44a2 2 0 0 0 2-2v-.18a2 2 0 0 1 1-1.73l.43-.25a2 2 0 0 1 2 0l.15.08a2 2 0 0 0 2.73-.73l.22-.39a2 2 0 0 0-.73-2.73l-.15-.08a2 2 0 0 1-1-1.74v-.5a2 2 0 0 1 1-1.74l.15-.09a2 2 0 0 0 .73-2.73l-.22-.38a2 2 0 0 0-2.73-.73l-.15.08a2 2 0 0 1-2 0l-.43-.25a2 2 0 0 1-1-1.73V4a2 2 0 0 0-2-2z"[31m
                  [36m/>[31m
                  [36m<circle[31m
                    [33mcx[31m=[32m"12"[31m
                    [33mcy[31m=[32m"12"[31m
                    [33mr[31m=[32m"3"[31m
                  [36m/>[31m
                [36m</svg>[31m
                [0mSettings[0m
              [36m</h1>[31m
              [36m<p[31m
                [33mclass[31m=[32m"text-gray-600"[31m
              [36m>[31m
                [0mManage your account settings and preferences[0m
              [36m</p>[31m
            [36m</div>[31m
            [36m<div[31m
              [33mclass[31m=[32m"flex items-center space-x-3"[31m
            [36m>[31m
              [36m<button[31m
                [33mclass[31m=[32m"inline-flex items-center justify-center gap-2 whitespace-nowrap text-sm font-medium ring-offset-background transition-colors focus-visible:outline-none focus-visible:ring-2 focus-visible:ring-ring focus-visible:ring-offset-2 disabled:pointer-events-none disabled:opacity-50 [&_svg]:pointer-events-none [&_svg]:size-4 [&_svg]:shrink-0 border border-input bg-background hover:bg-accent hover:text-accent-foreground h-9 rounded-md px-3"[31m
              [36m>[31m
                [36m<svg[31m
                  [33mclass[31m=[32m"lucide lucide-test-tube h-4 w-4 mr-2"[31m
                  [33mfill[31m=[32m"none"[31m
                  [33mheight[31m=[32m"24"[31m
                  [33mstroke[31m=[32m"currentColor"[31m
                  [33mstroke-linecap[31m=[32m"round"[31m
                  [33mstroke-linejoin[31m=[32m"round"[31m
                  [33mstroke-width[31m=[32m"2"[31m
                  [33mviewBox[31m=[32m"0 0 24 24"[31m
                  [33mwidth[31m=[32m"24"[31m
                  [33mxmlns[31m=[32m"http://www.w3.org/2000/svg"[31m
                [36m>[31m
                  [36m<path[31m
                    [33md[31m=[32m"M14.5 2v17.5c0 1.4-1.1 2.5-2.5 2.5c-1.4 0-2.5-1.1-2.5-2.5V2"[31m
                  [36m/>[31m
                  [36m<path[31m
                    [33md[31m=[32m"M8.5 2h7"[31m
                  [36m/>[31m
                  [36m<path[31m
                    [33md[31m=[32m"M14.5 16h-5"[31m
                  [36m/>[31m
                [36m</svg>[31m
                [0mRun All Tests[0m
              [36m</button>[31m
              [36m<button[31m
                [33mclass[31m=[32m"inline-flex items-center justify-center gap-2 whitespace-nowrap text-sm font-medium ring-offset-background transition-colors focus-visible:outline-none focus-visible:ring-2 focus-visible:ring-ring focus-visible:ring-offset-2 disabled:pointer-events-none disabled:opacity-50 [&_svg]:pointer-events-none [&_svg]:size-4 [&_svg]:shrink-0 border border-input bg-background hover:bg-accent hover:text-accent-foreground h-9 rounded-md px-3"[31m
              [36m>[31m
                [0mAdd Demo Data[0m
              [36m</button>[31m
            [36m</div>[31m
          [36m</div>[31m
        [36m</div>[31m
        [36m<div[31m
          [33mclass[31m=[32m"flex space-x-1 mb-8 bg-gray-100 p-1 rounded-lg"[31m
        [36m>[31m
          [36m<button[31m
            [33mclass[31m=[32m"flex items-center gap-2 px-4 py-2 rounded-md text-sm font-medium transition-colors bg-white text-gray-900 shadow-sm"[31m
          [36m>[31m
            [36m<svg[31m
              [33mclass[31m=[32m"lucide lucide-user h-4 w-4 text-blue-600"[31m
              [33mfill[31m=[32m"none"[31m
              [33mheight[31m=[32m"24"[31m
              [33mstroke[31m=[32m"currentColor"[31m
              [33mstroke-linecap[31m=[32m"round"[31m
              [33mstroke-linejoin[31m=[32m"round"[31m
              [33mstroke-width[31m=[32m"2"[31m
              [33mviewBox[31m=[32m"0 0 24 24"[31m
              [33mwidth[31m=[32m"24"[31m
              [33mxmlns[31m=[32m"http://www.w3.org/2000/svg"[31m
            [36m>[31m
              [36m<path[31m
                [33md[31m=[32m"M19 21v-2a4 4 0 0 0-4-4H9a4 4 0 0 0-4 4v2"[31m
              [36m/>[31m
              [36m<circle[31m
                [33mcx[31m=[32m"12"[31m
                [33mcy[31m=[32m"7"[31m
                [33mr[31m=[32m"4"[31m
              [36m/>[31m
            [36m</svg>[31m
            [0mProfile Settings[0m
          [36m</button>[31m
          [36m<button[31m
            [33mclass[31m=[32m"flex items-center gap-2 px-4 py-2 rounded-md text-sm font-medium transition-colors text-gray-600 hover:text-gray-900"[31m
          [36m>[31m
            [36m<svg[31m
              [33mclass[31m=[32m"lucide lucide-bell h-4 w-4 text-yellow-600"[31m
              [33mfill[31m=[32m"none"[31m
              [33mheight[31m=[32m"24"[31m
              [33mstroke[31m=[32m"currentColor"[31m
              [33mstroke-linecap[31m=[32m"round"[31m
              [33mstroke-linejoin[31m=[32m"round"[31m
              [33mstroke-width[31m=[32m"2"[31m
              [33mviewBox[31m=[32m"0 0 24 24"[31m
 ...[39m
   [32m✓[39m Settings[2m > [22mswitches to notifications tab[32m 149[2mms[22m[39m
   [32m✓[39m Settings[2m > [22mdisplays notification switches[32m 124[2mms[22m[39m
[31m   [31m×[31m Settings[2m > [22mhandles notification toggle changes[39m[33m 852[2mms[22m[39m
[31m     → Unable to find an accessible element with the role "switch" and name `/email notifications/i`

Here are the accessible roles:

  heading:

  Name "Settings":
  [36m<h1[31m
    [33mclass[31m=[32m"text-3xl font-bold text-gray-900 mb-2 flex items-center gap-2"[31m
  [36m/>[31m

  Name "Notification Preferences":
  [36m<h3[31m
    [33mclass[31m=[32m"text-2xl font-semibold leading-none tracking-tight"[31m
  [36m/>[31m

  Name "Email Notifications":
  [36m<h4[31m
    [33mclass[31m=[32m"font-medium"[31m
  [36m/>[31m

  Name "Push Notifications":
  [36m<h4[31m
    [33mclass[31m=[32m"font-medium"[31m
  [36m/>[31m

  Name "Deal Updates":
  [36m<h4[31m
    [33mclass[31m=[32m"font-medium"[31m
  [36m/>[31m

  Name "Proposal Updates":
  [36m<h4[31m
    [33mclass[31m=[32m"font-medium"[31m
  [36m/>[31m

  Name "Invoice Updates":
  [36m<h4[31m
    [33mclass[31m=[32m"font-medium"[31m
  [36m/>[31m

  Name "Calendar Reminders":
  [36m<h4[31m
    [33mclass[31m=[32m"font-medium"[31m
  [36m/>[31m

  --------------------------------------------------
  paragraph:

  Name "":
  [36m<p[31m
    [33mclass[31m=[32m"text-gray-600"[31m
  [36m/>[31m

  Name "":
  [36m<p[31m
    [33mclass[31m=[32m"text-sm text-muted-foreground"[31m
  [36m/>[31m

  Name "":
  [36m<p[31m
    [33mclass[31m=[32m"text-sm text-gray-600"[31m
  [36m/>[31m

  Name "":
  [36m<p[31m
    [33mclass[31m=[32m"text-sm text-gray-600"[31m
  [36m/>[31m

  Name "":
  [36m<p[31m
    [33mclass[31m=[32m"text-sm text-gray-600"[31m
  [36m/>[31m

  Name "":
  [36m<p[31m
    [33mclass[31m=[32m"text-sm text-gray-600"[31m
  [36m/>[31m

  Name "":
  [36m<p[31m
    [33mclass[31m=[32m"text-sm text-gray-600"[31m
  [36m/>[31m

  Name "":
  [36m<p[31m
    [33mclass[31m=[32m"text-sm text-gray-600"[31m
  [36m/>[31m

  --------------------------------------------------
  button:

  Name "Run All Tests":
  [36m<button[31m
    [33mclass[31m=[32m"inline-flex items-center justify-center gap-2 whitespace-nowrap text-sm font-medium ring-offset-background transition-colors focus-visible:outline-none focus-visible:ring-2 focus-visible:ring-ring focus-visible:ring-offset-2 disabled:pointer-events-none disabled:opacity-50 [&_svg]:pointer-events-none [&_svg]:size-4 [&_svg]:shrink-0 border border-input bg-background hover:bg-accent hover:text-accent-foreground h-9 rounded-md px-3"[31m
  [36m/>[31m

  Name "Add Demo Data":
  [36m<button[31m
    [33mclass[31m=[32m"inline-flex items-center justify-center gap-2 whitespace-nowrap text-sm font-medium ring-offset-background transition-colors focus-visible:outline-none focus-visible:ring-2 focus-visible:ring-ring focus-visible:ring-offset-2 disabled:pointer-events-none disabled:opacity-50 [&_svg]:pointer-events-none [&_svg]:size-4 [&_svg]:shrink-0 border border-input bg-background hover:bg-accent hover:text-accent-foreground h-9 rounded-md px-3"[31m
  [36m/>[31m

  Name "Profile Settings":
  [36m<button[31m
    [33mclass[31m=[32m"flex items-center gap-2 px-4 py-2 rounded-md text-sm font-medium transition-colors text-gray-600 hover:text-gray-900"[31m
  [36m/>[31m

  Name "Notifications":
  [36m<button[31m
    [33mclass[31m=[32m"flex items-center gap-2 px-4 py-2 rounded-md text-sm font-medium transition-colors bg-white text-gray-900 shadow-sm"[31m
  [36m/>[31m

  Name "Security":
  [36m<button[31m
    [33mclass[31m=[32m"flex items-center gap-2 px-4 py-2 rounded-md text-sm font-medium transition-colors text-gray-600 hover:text-gray-900"[31m
  [36m/>[31m

  Name "System Health":
  [36m<button[31m
    [33mclass[31m=[32m"flex items-center gap-2 px-4 py-2 rounded-md text-sm font-medium transition-colors text-gray-600 hover:text-gray-900"[31m
  [36m/>[31m

  Name "Data Management":
  [36m<button[31m
    [33mclass[31m=[32m"flex items-center gap-2 px-4 py-2 rounded-md text-sm font-medium transition-colors text-gray-600 hover:text-gray-900"[31m
  [36m/>[31m

  --------------------------------------------------
  switch:

  Name "":
  [36m<button[31m
    [33maria-checked[31m=[32m"true"[31m
    [33mclass[31m=[32m"peer inline-flex h-6 w-11 shrink-0 cursor-pointer items-center rounded-full border-2 border-transparent transition-colors focus-visible:outline-none focus-visible:ring-2 focus-visible:ring-ring focus-visible:ring-offset-2 focus-visible:ring-offset-background disabled:cursor-not-allowed disabled:opacity-50 data-[state=checked]:bg-primary data-[state=unchecked]:bg-input"[31m
    [33mdata-state[31m=[32m"checked"[31m
    [33mrole[31m=[32m"switch"[31m
    [33mtype[31m=[32m"button"[31m
    [33mvalue[31m=[32m"on"[31m
  [36m/>[31m

  Name "":
  [36m<button[31m
    [33maria-checked[31m=[32m"false"[31m
    [33mclass[31m=[32m"peer inline-flex h-6 w-11 shrink-0 cursor-pointer items-center rounded-full border-2 border-transparent transition-colors focus-visible:outline-none focus-visible:ring-2 focus-visible:ring-ring focus-visible:ring-offset-2 focus-visible:ring-offset-background disabled:cursor-not-allowed disabled:opacity-50 data-[state=checked]:bg-primary data-[state=unchecked]:bg-input"[31m
    [33mdata-state[31m=[32m"unchecked"[31m
    [33mrole[31m=[32m"switch"[31m
    [33mtype[31m=[32m"button"[31m
    [33mvalue[31m=[32m"on"[31m
  [36m/>[31m

  Name "":
  [36m<button[31m
    [33maria-checked[31m=[32m"true"[31m
    [33mclass[31m=[32m"peer inline-flex h-6 w-11 shrink-0 cursor-pointer items-center rounded-full border-2 border-transparent transition-colors focus-visible:outline-none focus-visible:ring-2 focus-visible:ring-ring focus-visible:ring-offset-2 focus-visible:ring-offset-background disabled:cursor-not-allowed disabled:opacity-50 data-[state=checked]:bg-primary data-[state=unchecked]:bg-input"[31m
    [33mdata-state[31m=[32m"checked"[31m
    [33mrole[31m=[32m"switch"[31m
    [33mtype[31m=[32m"button"[31m
    [33mvalue[31m=[32m"on"[31m
  [36m/>[31m

  Name "":
  [36m<button[31m
    [33maria-checked[31m=[32m"true"[31m
    [33mclass[31m=[32m"peer inline-flex h-6 w-11 shrink-0 cursor-pointer items-center rounded-full border-2 border-transparent transition-colors focus-visible:outline-none focus-visible:ring-2 focus-visible:ring-ring focus-visible:ring-offset-2 focus-visible:ring-offset-background disabled:cursor-not-allowed disabled:opacity-50 data-[state=checked]:bg-primary data-[state=unchecked]:bg-input"[31m
    [33mdata-state[31m=[32m"checked"[31m
    [33mrole[31m=[32m"switch"[31m
    [33mtype[31m=[32m"button"[31m
    [33mvalue[31m=[32m"on"[31m
  [36m/>[31m

  Name "":
  [36m<button[31m
    [33maria-checked[31m=[32m"true"[31m
    [33mclass[31m=[32m"peer inline-flex h-6 w-11 shrink-0 cursor-pointer items-center rounded-full border-2 border-transparent transition-colors focus-visible:outline-none focus-visible:ring-2 focus-visible:ring-ring focus-visible:ring-offset-2 focus-visible:ring-offset-background disabled:cursor-not-allowed disabled:opacity-50 data-[state=checked]:bg-primary data-[state=unchecked]:bg-input"[31m
    [33mdata-state[31m=[32m"checked"[31m
    [33mrole[31m=[32m"switch"[31m
    [33mtype[31m=[32m"button"[31m
    [33mvalue[31m=[32m"on"[31m
  [36m/>[31m

  Name "":
  [36m<button[31m
    [33maria-checked[31m=[32m"true"[31m
    [33mclass[31m=[32m"peer inline-flex h-6 w-11 shrink-0 cursor-pointer items-center rounded-full border-2 border-transparent transition-colors focus-visible:outline-none focus-visible:ring-2 focus-visible:ring-ring focus-visible:ring-offset-2 focus-visible:ring-offset-background disabled:cursor-not-allowed disabled:opacity-50 data-[state=checked]:bg-primary data-[state=unchecked]:bg-input"[31m
    [33mdata-state[31m=[32m"checked"[31m
    [33mrole[31m=[32m"switch"[31m
    [33mtype[31m=[32m"button"[31m
    [33mvalue[31m=[32m"on"[31m
  [36m/>[31m

  --------------------------------------------------
  none:

  Name "":
  [36m<div[31m
    [33mclass[31m=[32m"shrink-0 bg-border h-[1px] w-full"[31m
    [33mdata-orientation[31m=[32m"horizontal"[31m
    [33mrole[31m=[32m"none"[31m
  [36m/>[31m

  Name "":
  [36m<div[31m
    [33mclass[31m=[32m"shrink-0 bg-border h-[1px] w-full"[31m
    [33mdata-orientation[31m=[32m"horizontal"[31m
    [33mrole[31m=[32m"none"[31m
  [36m/>[31m

  Name "":
  [36m<div[31m
    [33mclass[31m=[32m"shrink-0 bg-border h-[1px] w-full"[31m
    [33mdata-orientation[31m=[32m"horizontal"[31m
    [33mrole[31m=[32m"none"[31m
  [36m/>[31m

  Name "":
  [36m<div[31m
    [33mclass[31m=[32m"shrink-0 bg-border h-[1px] w-full"[31m
    [33mdata-orientation[31m=[32m"horizontal"[31m
    [33mrole[31m=[32m"none"[31m
  [36m/>[31m

  Name "":
  [36m<div[31m
    [33mclass[31m=[32m"shrink-0 bg-border h-[1px] w-full"[31m
    [33mdata-orientation[31m=[32m"horizontal"[31m
    [33mrole[31m=[32m"none"[31m
  [36m/>[31m

  --------------------------------------------------

Ignored nodes: comments, script, style
[36m<body>[31m
  [36m<div>[31m
    [36m<div[31m
      [33mclass[31m=[32m"p-6"[31m
    [36m>[31m
      [36m<div[31m
        [33mclass[31m=[32m"mb-8"[31m
      [36m>[31m
        [36m<div[31m
          [33mclass[31m=[32m"flex justify-between items-start"[31m
        [36m>[31m
          [36m<div>[31m
            [36m<h1[31m
              [33mclass[31m=[32m"text-3xl font-bold text-gray-900 mb-2 flex items-center gap-2"[31m
            [36m>[31m
              [36m<svg[31m
                [33mclass[31m=[32m"lucide lucide-settings h-8 w-8"[31m
                [33mfill[31m=[32m"none"[31m
                [33mheight[31m=[32m"24"[31m
                [33mstroke[31m=[32m"currentColor"[31m
                [33mstroke-linecap[31m=[32m"round"[31m
                [33mstroke-linejoin[31m=[32m"round"[31m
                [33mstroke-width[31m=[32m"2"[31m
                [33mviewBox[31m=[32m"0 0 24 24"[31m
                [33mwidth[31m=[32m"24"[31m
                [33mxmlns[31m=[32m"http://www.w3.org/2000/svg"[31m
              [36m>[31m
                [36m<path[31m
                  [33md[31m=[32m"M12.22 2h-.44a2 2 0 0 0-2 2v.18a2 2 0 0 1-1 1.73l-.43.25a2 2 0 0 1-2 0l-.15-.08a2 2 0 0 0-2.73.73l-.22.38a2 2 0 0 0 .73 2.73l.15.1a2 2 0 0 1 1 1.72v.51a2 2 0 0 1-1 1.74l-.15.09a2 2 0 0 0-.73 2.73l.22.38a2 2 0 0 0 2.73.73l.15-.08a2 2 0 0 1 2 0l.43.25a2 2 0 0 1 1 1.73V20a2 2 0 0 0 2 2h.44a2 2 0 0 0 2-2v-.18a2 2 0 0 1 1-1.73l.43-.25a2 2 0 0 1 2 0l.15.08a2 2 0 0 0 2.73-.73l.22-.39a2 2 0 0 0-.73-2.73l-.15-.08a2 2 0 0 1-1-1.74v-.5a2 2 0 0 1 1-1.74l.15-.09a2 2 0 0 0 .73-2.73l-.22-.38a2 2 0 0 0-2.73-.73l-.15.08a2 2 0 0 1-2 0l-.43-.25a2 2 0 0 1-1-1.73V4a2 2 0 0 0-2-2z"[31m
                [36m/>[31m
                [36m<circle[31m
                  [33mcx[31m=[32m"12"[31m
                  [33mcy[31m=[32m"12"[31m
                  [33mr[31m=[32m"3"[31m
                [36m/>[31m
              [36m</svg>[31m
              [0mSettings[0m
            [36m</h1>[31m
            [36m<p[31m
              [33mclass[31m=[32m"text-gray-600"[31m
            [36m>[31m
              [0mManage your account settings and preferences[0m
            [36m</p>[31m
          [36m</div>[31m
          [36m<div[31m
            [33mclass[31m=[32m"flex items-center space-x-3"[31m
          [36m>[31m
            [36m<button[31m
              [33mclass[31m=[32m"inline-flex items-center justify-center gap-2 whitespace-nowrap text-sm font-medium ring-offset-background transition-colors focus-visible:outline-none focus-visible:ring-2 focus-visible:ring-ring focus-visible:ring-offset-2 disabled:pointer-events-none disabled:opacity-50 [&_svg]:pointer-events-none [&_svg]:size-4 [&_svg]:shrink-0 border border-input bg-background hover:bg-accent hover:text-accent-foreground h-9 rounded-md px-3"[31m
            [36m>[31m
              [36m<svg[31m
                [33mclass[31m=[32m"lucide lucide-test-tube h-4 w-4 mr-2"[31m
                [33mfill[31m=[32m"none"[31m
                [33mheight[31m=[32m"24"[31m
                [33mstroke[31m=[32m"currentColor"[31m
                [33mstroke-linecap[31m=[32m"round"[31m
                [33mstroke-linejoin[31m=[32m"round"[31m
                [33mstroke-width[31m=[32m"2"[31m
                [33mviewBox[31m=[32m"0 0 24 24"[31m
                [33mwidth[31m=[32m"24"[31m
                [33mxmlns[31m=[32m"http://www.w3.org/2000/svg"[31m
              [36m>[31m
                [36m<path[31m
                  [33md[31m=[32m"M14.5 2v17.5c0 1.4-1.1 2.5-2.5 2.5c-1.4 0-2.5-1.1-2.5-2.5V2"[31m
                [36m/>[31m
                [36m<path[31m
                  [33md[31m=[32m"M8.5 2h7"[31m
                [36m/>[31m
                [36m<path[31m
                  [33md[31m=[32m"M14.5 16h-5"[31m
                [36m/>[31m
              [36m</svg>[31m
              [0mRun All Tests[0m
            [36m</button>[31m
            [36m<button[31m
              [33mclass[31m=[32m"inline-flex items-center justify-center gap-2 whitespace-nowrap text-sm font-medium ring-offset-background transition-colors focus-visible:outline-none focus-visible:ring-2 focus-visible:ring-ring focus-visible:ring-offset-2 disabled:pointer-events-none disabled:opacity-50 [&_svg]:pointer-events-none [&_svg]:size-4 [&_svg]:shrink-0 border border-input bg-background hover:bg-accent hover:text-accent-foreground h-9 rounded-md px-3"[31m
            [36m>[31m
              [0mAdd Demo Data[0m
            [36m</button>[31m
          [36m</div>[31m
        [36m</div>[31m
      [36m</div>[31m
      [36m<div[31m
        [33mclass[31m=[32m"flex space-x-1 mb-8 bg-gray-100 p-1 rounded-lg"[31m
      [36m>[31m
        [36m<button[31m
          [33mclass[31m=[32m"flex items-center gap-2 px-4 py-2 rounded-md text-sm font-medium transition-colors text-gray-600 hover:text-gray-900"[31m
        [36m>[31m
          [36m<svg[31m
            [33mclass[31m=[32m"lucide lucide-user h-4 w-4 text-blue-600"[31m
            [33mfill[31m=[32m"none"[31m
            [33mheight[31m=[32m"24"[31m
            [33mstroke[31m=[32m"currentColor"[31m
            [33mstroke-linecap[31m=[32m"round"[31m
            [33mstroke-linejoin[31m=[32m"round"[31m
            [33mstroke-width[31m=[32m"2"[31m
            [33mviewBox[31m=[32m"0 0 24 24"[31m
            [33mwidth[31m=[32m"24"[31m
            [33mxmlns[31m=[32m"http://www.w3.org/2000/svg"[31m
          [36m>[31m
            [36m<path[31m
              [33md[31m=[32m"M19 21v-2a4 4 0 0 0-4-4H9a4 4 0 0 0-4 4v2"[31m
            [36m/>[31m
            [36m<circle[31m
              [33mcx[31m=[32m"12"[31m
              [33mcy[31m=[32m"7"[31m
              [33mr[31m=[32m"4"[31m
            [36m/>[31m
          [36m</svg>[31m
          [0mProfile Settings[0m
        [36m</button>[31m
        [36m<button[31m
          [33mclass[31m=[32m"flex items-center gap-2 px-4 py-2 rounded-md text-sm font-medium transition-colors bg-white text-gray-900 shadow-sm"[31m
        [36m>[31m
          [36m<svg[31m
            [33mclass[31m=[32m"lucide lucide-bell h-4 w-4 text-yellow-600"[31m
            [33mfill[31m=[32m"none"[31m
            [33mheight[31m=[32m"24"[31m
            [33mstroke[31m=[32m"currentColor"[31m
            [33mstroke-linecap[31m=[32m"round"[31m
            [33mstroke-linejoin[31m=[32m"round"[31m
            [33mstroke-width[31m=[32m"2"[31m
            [33mviewBox[31m=[32m"0 0 24 24"[31m
            [33mwidth[31m=[32m"24"[31m
            [33mxmlns[31m=[32m"http://www.w3.org/2000/svg"[31m
          [36m>[31m
            [36m<path[31m
              [33md[31m=[32m"M10.268 21a2 2 0 0 0 3.464 0"[31m
            [36m/>[31m
            [36m<path[31m
     ...[39m
   [32m✓[39m Settings[2m > [22mswitches to security tab[32m 108[2mms[22m[39m
   [32m✓[39m Settings[2m > [22mopens password change modal[32m 212[2mms[22m[39m
[31m   [31m×[31m Settings[2m > [22mhandles password change form submission[39m[33m 1244[2mms[22m[39m
[31m     → expected "spy" to be called with arguments: [ { password: 'newpassword123' } ][90m

Number of calls: [1m0[22m
[31m

Ignored nodes: comments, script, style
[36m<html>[31m
  [36m<head />[31m
  [36m<body[31m
    [33mdata-scroll-locked[31m=[32m"1"[31m
    [33mstyle[31m=[32m"pointer-events: none;"[31m
  [36m>[31m
    [36m<span[31m
      [33maria-hidden[31m=[32m"true"[31m
      [33mdata-aria-hidden[31m=[32m"true"[31m
      [33mdata-radix-focus-guard[31m=[32m""[31m
      [33mstyle[31m=[32m"outline: none; opacity: 0; position: fixed; pointer-events: none;"[31m
      [33mtabindex[31m=[32m"0"[31m
    [36m/>[31m
    [36m<div[31m
      [33maria-hidden[31m=[32m"true"[31m
      [33mdata-aria-hidden[31m=[32m"true"[31m
    [36m>[31m
      [36m<div[31m
        [33mclass[31m=[32m"p-6"[31m
      [36m>[31m
        [36m<div[31m
          [33mclass[31m=[32m"mb-8"[31m
        [36m>[31m
          [36m<div[31m
            [33mclass[31m=[32m"flex justify-between items-start"[31m
          [36m>[31m
            [36m<div>[31m
              [36m<h1[31m
                [33mclass[31m=[32m"text-3xl font-bold text-gray-900 mb-2 flex items-center gap-2"[31m
              [36m>[31m
                [36m<svg[31m
                  [33mclass[31m=[32m"lucide lucide-settings h-8 w-8"[31m
                  [33mfill[31m=[32m"none"[31m
                  [33mheight[31m=[32m"24"[31m
                  [33mstroke[31m=[32m"currentColor"[31m
                  [33mstroke-linecap[31m=[32m"round"[31m
                  [33mstroke-linejoin[31m=[32m"round"[31m
                  [33mstroke-width[31m=[32m"2"[31m
                  [33mviewBox[31m=[32m"0 0 24 24"[31m
                  [33mwidth[31m=[32m"24"[31m
                  [33mxmlns[31m=[32m"http://www.w3.org/2000/svg"[31m
                [36m>[31m
                  [36m<path[31m
                    [33md[31m=[32m"M12.22 2h-.44a2 2 0 0 0-2 2v.18a2 2 0 0 1-1 1.73l-.43.25a2 2 0 0 1-2 0l-.15-.08a2 2 0 0 0-2.73.73l-.22.38a2 2 0 0 0 .73 2.73l.15.1a2 2 0 0 1 1 1.72v.51a2 2 0 0 1-1 1.74l-.15.09a2 2 0 0 0-.73 2.73l.22.38a2 2 0 0 0 2.73.73l.15-.08a2 2 0 0 1 2 0l.43.25a2 2 0 0 1 1 1.73V20a2 2 0 0 0 2 2h.44a2 2 0 0 0 2-2v-.18a2 2 0 0 1 1-1.73l.43-.25a2 2 0 0 1 2 0l.15.08a2 2 0 0 0 2.73-.73l.22-.39a2 2 0 0 0-.73-2.73l-.15-.08a2 2 0 0 1-1-1.74v-.5a2 2 0 0 1 1-1.74l.15-.09a2 2 0 0 0 .73-2.73l-.22-.38a2 2 0 0 0-2.73-.73l-.15.08a2 2 0 0 1-2 0l-.43-.25a2 2 0 0 1-1-1.73V4a2 2 0 0 0-2-2z"[31m
                  [36m/>[31m
                  [36m<circle[31m
                    [33mcx[31m=[32m"12"[31m
                    [33mcy[31m=[32m"12"[31m
                    [33mr[31m=[32m"3"[31m
                  [36m/>[31m
                [36m</svg>[31m
                [0mSettings[0m
              [36m</h1>[31m
              [36m<p[31m
                [33mclass[31m=[32m"text-gray-600"[31m
              [36m>[31m
                [0mManage your account settings and preferences[0m
              [36m</p>[31m
            [36m</div>[31m
            [36m<div[31m
              [33mclass[31m=[32m"flex items-center space-x-3"[31m
            [36m>[31m
              [36m<button[31m
                [33mclass[31m=[32m"inline-flex items-center justify-center gap-2 whitespace-nowrap text-sm font-medium ring-offset-background transition-colors focus-visible:outline-none focus-visible:ring-2 focus-visible:ring-ring focus-visible:ring-offset-2 disabled:pointer-events-none disabled:opacity-50 [&_svg]:pointer-events-none [&_svg]:size-4 [&_svg]:shrink-0 border border-input bg-background hover:bg-accent hover:text-accent-foreground h-9 rounded-md px-3"[31m
              [36m>[31m
                [36m<svg[31m
                  [33mclass[31m=[32m"lucide lucide-test-tube h-4 w-4 mr-2"[31m
                  [33mfill[31m=[32m"none"[31m
                  [33mheight[31m=[32m"24"[31m
                  [33mstroke[31m=[32m"currentColor"[31m
                  [33mstroke-linecap[31m=[32m"round"[31m
                  [33mstroke-linejoin[31m=[32m"round"[31m
                  [33mstroke-width[31m=[32m"2"[31m
                  [33mviewBox[31m=[32m"0 0 24 24"[31m
                  [33mwidth[31m=[32m"24"[31m
                  [33mxmlns[31m=[32m"http://www.w3.org/2000/svg"[31m
                [36m>[31m
                  [36m<path[31m
                    [33md[31m=[32m"M14.5 2v17.5c0 1.4-1.1 2.5-2.5 2.5c-1.4 0-2.5-1.1-2.5-2.5V2"[31m
                  [36m/>[31m
                  [36m<path[31m
                    [33md[31m=[32m"M8.5 2h7"[31m
                  [36m/>[31m
                  [36m<path[31m
                    [33md[31m=[32m"M14.5 16h-5"[31m
                  [36m/>[31m
                [36m</svg>[31m
                [0mRun All Tests[0m
              [36m</button>[31m
              [36m<button[31m
                [33mclass[31m=[32m"inline-flex items-center justify-center gap-2 whitespace-nowrap text-sm font-medium ring-offset-background transition-colors focus-visible:outline-none focus-visible:ring-2 focus-visible:ring-ring focus-visible:ring-offset-2 disabled:pointer-events-none disabled:opacity-50 [&_svg]:pointer-events-none [&_svg]:size-4 [&_svg]:shrink-0 border border-input bg-background hover:bg-accent hover:text-accent-foreground h-9 rounded-md px-3"[31m
              [36m>[31m
                [0mAdd Demo Data[0m
              [36m</button>[31m
            [36m</div>[31m
          [36m</div>[31m
        [36m</div>[31m
        [36m<div[31m
          [33mclass[31m=[32m"flex space-x-1 mb-8 bg-gray-100 p-1 rounded-lg"[31m
        [36m>[31m
          [36m<button[31m
            [33mclass[31m=[32m"flex items-center gap-2 px-4 py-2 rounded-md text-sm font-medium transition-colors text-gray-600 hover:text-gray-900"[31m
          [36m>[31m
            [36m<svg[31m
              [33mclass[31m=[32m"lucide lucide-user h-4 w-4 text-blue-600"[31m
              [33mfill[31m=[32m"none"[31m
              [33mheight[31m=[32m"24"[31m
              [33mstroke[31m=[32m"currentColor"[31m
              [33mstroke-linecap[31m=[32m"round"[31m
              [33mstroke-linejoin[31m=[32m"round"[31m
              [33mstroke-width[31m=[32m"2"[31m
              [33mviewBox[31m=[32m"0 0 24 24"[31m
              [33mwidth[31m=[32m"24"[31m
              [33mxmlns[31m=[32m"http://www.w3.org/2000/svg"[31m
            [36m>[31m
              [36m<path[31m
                [33md[31m=[32m"M19 21v-2a4 4 0 0 0-4-4H9a4 4 0 0 0-4 4v2"[31m
              [36m/>[31m
              [36m<circle[31m
                [33mcx[31m=[32m"12"[31m
                [33mcy[31m=[32m"7"[31m
                [33mr[31m=[32m"4"[31m
              [36m/>[31m
            [36m</svg>[31m
            [0mProfile Settings[0m
          [36m</button>[31m
          [36m<button[31m
            [33mclass[31m=[32m"flex items-center gap-2 px-4 py-2 rounded-md text-sm font-medium transition-co...[39m
   [32m✓[39m Settings[2m > [22mhandles password validation errors[32m 208[2mms[22m[39m
[31m   [31m×[31m Settings[2m > [22mhandles password update errors[39m[33m 1215[2mms[22m[39m
[31m     → expected "spy" to be called with arguments: [ { title: 'Error', …(2) } ][90m

Received: 

[1m  1st spy call:

[22m[2m  [[22m
[2m    {[22m
[32m-     "description": "Failed to update password. Please try again.",[90m
[32m-     "title": "Error",[90m
[32m-     "variant": "destructive",[90m
[31m+     "description": "Password updates are not available in offline mode.",[90m
[31m+     "title": "Offline Mode",[90m
[2m    },[22m
[2m  ][22m
[31m[90m

Number of calls: [1m1[22m
[31m

Ignored nodes: comments, script, style
[36m<html>[31m
  [36m<head />[31m
  [36m<body[31m
    [33mdata-scroll-locked[31m=[32m"1"[31m
    [33mstyle[31m=[32m"pointer-events: none;"[31m
  [36m>[31m
    [36m<span[31m
      [33maria-hidden[31m=[32m"true"[31m
      [33mdata-aria-hidden[31m=[32m"true"[31m
      [33mdata-radix-focus-guard[31m=[32m""[31m
      [33mstyle[31m=[32m"outline: none; opacity: 0; position: fixed; pointer-events: none;"[31m
      [33mtabindex[31m=[32m"0"[31m
    [36m/>[31m
    [36m<div[31m
      [33maria-hidden[31m=[32m"true"[31m
      [33mdata-aria-hidden[31m=[32m"true"[31m
    [36m>[31m
      [36m<div[31m
        [33mclass[31m=[32m"p-6"[31m
      [36m>[31m
        [36m<div[31m
          [33mclass[31m=[32m"mb-8"[31m
        [36m>[31m
          [36m<div[31m
            [33mclass[31m=[32m"flex justify-between items-start"[31m
          [36m>[31m
            [36m<div>[31m
              [36m<h1[31m
                [33mclass[31m=[32m"text-3xl font-bold text-gray-900 mb-2 flex items-center gap-2"[31m
              [36m>[31m
                [36m<svg[31m
                  [33mclass[31m=[32m"lucide lucide-settings h-8 w-8"[31m
                  [33mfill[31m=[32m"none"[31m
                  [33mheight[31m=[32m"24"[31m
                  [33mstroke[31m=[32m"currentColor"[31m
                  [33mstroke-linecap[31m=[32m"round"[31m
                  [33mstroke-linejoin[31m=[32m"round"[31m
                  [33mstroke-width[31m=[32m"2"[31m
                  [33mviewBox[31m=[32m"0 0 24 24"[31m
                  [33mwidth[31m=[32m"24"[31m
                  [33mxmlns[31m=[32m"http://www.w3.org/2000/svg"[31m
                [36m>[31m
                  [36m<path[31m
                    [33md[31m=[32m"M12.22 2h-.44a2 2 0 0 0-2 2v.18a2 2 0 0 1-1 1.73l-.43.25a2 2 0 0 1-2 0l-.15-.08a2 2 0 0 0-2.73.73l-.22.38a2 2 0 0 0 .73 2.73l.15.1a2 2 0 0 1 1 1.72v.51a2 2 0 0 1-1 1.74l-.15.09a2 2 0 0 0-.73 2.73l.22.38a2 2 0 0 0 2.73.73l.15-.08a2 2 0 0 1 2 0l.43.25a2 2 0 0 1 1 1.73V20a2 2 0 0 0 2 2h.44a2 2 0 0 0 2-2v-.18a2 2 0 0 1 1-1.73l.43-.25a2 2 0 0 1 2 0l.15.08a2 2 0 0 0 2.73-.73l.22-.39a2 2 0 0 0-.73-2.73l-.15-.08a2 2 0 0 1-1-1.74v-.5a2 2 0 0 1 1-1.74l.15-.09a2 2 0 0 0 .73-2.73l-.22-.38a2 2 0 0 0-2.73-.73l-.15.08a2 2 0 0 1-2 0l-.43-.25a2 2 0 0 1-1-1.73V4a2 2 0 0 0-2-2z"[31m
                  [36m/>[31m
                  [36m<circle[31m
                    [33mcx[31m=[32m"12"[31m
                    [33mcy[31m=[32m"12"[31m
                    [33mr[31m=[32m"3"[31m
                  [36m/>[31m
                [36m</svg>[31m
                [0mSettings[0m
              [36m</h1>[31m
              [36m<p[31m
                [33mclass[31m=[32m"text-gray-600"[31m
              [36m>[31m
                [0mManage your account settings and preferences[0m
              [36m</p>[31m
            [36m</div>[31m
            [36m<div[31m
              [33mclass[31m=[32m"flex items-center space-x-3"[31m
            [36m>[31m
              [36m<button[31m
                [33mclass[31m=[32m"inline-flex items-center justify-center gap-2 whitespace-nowrap text-sm font-medium ring-offset-background transition-colors focus-visible:outline-none focus-visible:ring-2 focus-visible:ring-ring focus-visible:ring-offset-2 disabled:pointer-events-none disabled:opacity-50 [&_svg]:pointer-events-none [&_svg]:size-4 [&_svg]:shrink-0 border border-input bg-background hover:bg-accent hover:text-accent-foreground h-9 rounded-md px-3"[31m
              [36m>[31m
                [36m<svg[31m
                  [33mclass[31m=[32m"lucide lucide-test-tube h-4 w-4 mr-2"[31m
                  [33mfill[31m=[32m"none"[31m
                  [33mheight[31m=[32m"24"[31m
                  [33mstroke[31m=[32m"currentColor"[31m
                  [33mstroke-linecap[31m=[32m"round"[31m
                  [33mstroke-linejoin[31m=[32m"round"[31m
                  [33mstroke-width[31m=[32m"2"[31m
                  [33mviewBox[31m=[32m"0 0 24 24"[31m
                  [33mwidth[31m=[32m"24"[31m
                  [33mxmlns[31m=[32m"http://www.w3.org/2000/svg"[31m
                [36m>[31m
                  [36m<path[31m
                    [33md[31m=[32m"M14.5 2v17.5c0 1.4-1.1 2.5-2.5 2.5c-1.4 0-2.5-1.1-2.5-2.5V2"[31m
                  [36m/>[31m
                  [36m<path[31m
                    [33md[31m=[32m"M8.5 2h7"[31m
                  [36m/>[31m
                  [36m<path[31m
                    [33md[31m=[32m"M14.5 16h-5"[31m
                  [36m/>[31m
                [36m</svg>[31m
                [0mRun All Tests[0m
              [36m</button>[31m
              [36m<button[31m
                [33mclass[31m=[32m"inline-flex items-center justify-center gap-2 whitespace-nowrap text-sm font-medium ring-offset-background transition-colors focus-visible:outline-none focus-visible:ring-2 focus-visible:ring-ring focus-visible:ring-offset-2 disabled:pointer-events-none disabled:opacity-50 [&_svg]:pointer-events-none [&_svg]:size-4 [&_svg]:shrink-0 border border-input bg-background hover:bg-accent hover:text-accent-foreground h-9 rounded-md px-3"[31m
              [36m>[31m
                [0mAdd Demo Data[0m
              [36m</button>[31m
            [36m</div>[31m
          [36m</div>[31m
        [36m</div>[31m
        [36m<div[31m
          [33mclass[31m=[32m"flex space-x-1 mb-8 bg-gray-100 p-1 rounded-lg"[31m
        [36m>[31m
          [36m<button[31m
            [33mclass[31m=[32m"flex items-center gap-2 px-4 py-2 rounded-md text-sm font-medium transition-colors text-gray-600 hover:text-gray-900"[31m
          [36m>[31m
            [36m<svg[31m
              [33mclass[31m=[32m"lucide lucide-user h-4 w-4 text-blue-600"[31m
              [33mfill[31m=[32m"none"[31m
              [33mheight[31m=[32m"24"[31m
              [33mstroke[31m=[32m"currentColor"[31m
              [33mstroke-linecap[31m=[32m"round"[31m
              [33mstroke-linejoin[31m=[32m"round"[31m
              [33mstroke-width[31m=[32m"2"[31m
              [33mviewBox[31m=[32m"0 0 24 24"[31m
              [33mwidth[31m=[32m"24"[31m
              [33mxmlns[31m=[32m"http://www.w3.org/2000/svg"[31m
            [36m>[31m
              [36m<path[31m
                [33md[31m=[32m"M19 21v-2a4 4 0 0 0-4-4H9a4 4 0 0 0-4 4v2"[31m
              [36m/>[31m
              [36m<circle[31m
                [33mcx[31m=[32m"12"[31m
                [33mcy[31m=[32m"7"[31m
                [33mr[31m=[32m"4"[31m
              [36m/>[31m
            [36m</svg>[31m
            [0mProfile Settings[0m
          [36m</button>[31m
          [36m<button[31m
            [33mclass[31m=[32m"flex items-center gap-2 px-4 py-2 rounded-md text-sm font-medium transition-co...[39m
   [33m[2m✓[22m[39m Settings[2m > [22mtoggles password visibility [33m 315[2mms[22m[39m
   [32m✓[39m Settings[2m > [22mcloses password modal when cancel is clicked[32m 217[2mms[22m[39m
[31m   [31m×[31m Settings[2m > [22mswitches to data management tab[39m[32m 203[2mms[22m[39m
[31m     → Found multiple elements with the text: Export Data

Here are the matching elements:

Ignored nodes: comments, script, style
[36m<h4[31m
  [33mclass[31m=[32m"font-medium mb-2"[31m
[36m>[31m
  [0mExport Data[0m
[36m</h4>[31m

Ignored nodes: comments, script, style
[36m<button[31m
  [33mclass[31m=[32m"inline-flex items-center justify-center gap-2 whitespace-nowrap rounded-md text-sm font-medium ring-offset-background transition-colors focus-visible:outline-none focus-visible:ring-2 focus-visible:ring-ring focus-visible:ring-offset-2 disabled:pointer-events-none disabled:opacity-50 [&_svg]:pointer-events-none [&_svg]:size-4 [&_svg]:shrink-0 bg-primary text-primary-foreground hover:bg-primary/90 h-10 px-4 py-2"[31m
[36m>[31m
  [36m<svg[31m
    [33mclass[31m=[32m"lucide lucide-database h-4 w-4 mr-2"[31m
    [33mfill[31m=[32m"none"[31m
    [33mheight[31m=[32m"24"[31m
    [33mstroke[31m=[32m"currentColor"[31m
    [33mstroke-linecap[31m=[32m"round"[31m
    [33mstroke-linejoin[31m=[32m"round"[31m
    [33mstroke-width[31m=[32m"2"[31m
    [33mviewBox[31m=[32m"0 0 24 24"[31m
    [33mwidth[31m=[32m"24"[31m
    [33mxmlns[31m=[32m"http://www.w3.org/2000/svg"[31m
  [36m>[31m
    [36m<ellipse[31m
      [33mcx[31m=[32m"12"[31m
      [33mcy[31m=[32m"5"[31m
      [33mrx[31m=[32m"9"[31m
      [33mry[31m=[32m"3"[31m
    [36m/>[31m
    [36m<path[31m
      [33md[31m=[32m"M3 5V19A9 3 0 0 0 21 19V5"[31m
    [36m/>[31m
    [36m<path[31m
      [33md[31m=[32m"M3 12A9 3 0 0 0 21 12"[31m
    [36m/>[31m
  [36m</svg>[31m
  [0mExport Data[0m
[36m</button>[31m

(If this is intentional, then use the `*AllBy*` variant of the query (like `queryAllByText`, `getAllByText`, or `findAllByText`)).

Ignored nodes: comments, script, style
[36m<body[31m
  [33mstyle[31m=[32m""[31m
[36m>[31m
  [36m<div>[31m
    [36m<div[31m
      [33mclass[31m=[32m"p-6"[31m
    [36m>[31m
      [36m<div[31m
        [33mclass[31m=[32m"mb-8"[31m
      [36m>[31m
        [36m<div[31m
          [33mclass[31m=[32m"flex justify-between items-start"[31m
        [36m>[31m
          [36m<div>[31m
            [36m<h1[31m
              [33mclass[31m=[32m"text-3xl font-bold text-gray-900 mb-2 flex items-center gap-2"[31m
            [36m>[31m
              [36m<svg[31m
                [33mclass[31m=[32m"lucide lucide-settings h-8 w-8"[31m
                [33mfill[31m=[32m"none"[31m
                [33mheight[31m=[32m"24"[31m
                [33mstroke[31m=[32m"currentColor"[31m
                [33mstroke-linecap[31m=[32m"round"[31m
                [33mstroke-linejoin[31m=[32m"round"[31m
                [33mstroke-width[31m=[32m"2"[31m
                [33mviewBox[31m=[32m"0 0 24 24"[31m
                [33mwidth[31m=[32m"24"[31m
                [33mxmlns[31m=[32m"http://www.w3.org/2000/svg"[31m
              [36m>[31m
                [36m<path[31m
                  [33md[31m=[32m"M12.22 2h-.44a2 2 0 0 0-2 2v.18a2 2 0 0 1-1 1.73l-.43.25a2 2 0 0 1-2 0l-.15-.08a2 2 0 0 0-2.73.73l-.22.38a2 2 0 0 0 .73 2.73l.15.1a2 2 0 0 1 1 1.72v.51a2 2 0 0 1-1 1.74l-.15.09a2 2 0 0 0-.73 2.73l.22.38a2 2 0 0 0 2.73.73l.15-.08a2 2 0 0 1 2 0l.43.25a2 2 0 0 1 1 1.73V20a2 2 0 0 0 2 2h.44a2 2 0 0 0 2-2v-.18a2 2 0 0 1 1-1.73l.43-.25a2 2 0 0 1 2 0l.15.08a2 2 0 0 0 2.73-.73l.22-.39a2 2 0 0 0-.73-2.73l-.15-.08a2 2 0 0 1-1-1.74v-.5a2 2 0 0 1 1-1.74l.15-.09a2 2 0 0 0 .73-2.73l-.22-.38a2 2 0 0 0-2.73-.73l-.15.08a2 2 0 0 1-2 0l-.43-.25a2 2 0 0 1-1-1.73V4a2 2 0 0 0-2-2z"[31m
                [36m/>[31m
                [36m<circle[31m
                  [33mcx[31m=[32m"12"[31m
                  [33mcy[31m=[32m"12"[31m
                  [33mr[31m=[32m"3"[31m
                [36m/>[31m
              [36m</svg>[31m
              [0mSettings[0m
            [36m</h1>[31m
            [36m<p[31m
              [33mclass[31m=[32m"text-gray-600"[31m
            [36m>[31m
              [0mManage your account settings and preferences[0m
            [36m</p>[31m
          [36m</div>[31m
          [36m<div[31m
            [33mclass[31m=[32m"flex items-center space-x-3"[31m
          [36m>[31m
            [36m<button[31m
              [33mclass[31m=[32m"inline-flex items-center justify-center gap-2 whitespace-nowrap text-sm font-medium ring-offset-background transition-colors focus-visible:outline-none focus-visible:ring-2 focus-visible:ring-ring focus-visible:ring-offset-2 disabled:pointer-events-none disabled:opacity-50 [&_svg]:pointer-events-none [&_svg]:size-4 [&_svg]:shrink-0 border border-input bg-background hover:bg-accent hover:text-accent-foreground h-9 rounded-md px-3"[31m
            [36m>[31m
              [36m<svg[31m
                [33mclass[31m=[32m"lucide lucide-test-tube h-4 w-4 mr-2"[31m
                [33mfill[31m=[32m"none"[31m
                [33mheight[31m=[32m"24"[31m
                [33mstroke[31m=[32m"currentColor"[31m
                [33mstroke-linecap[31m=[32m"round"[31m
                [33mstroke-linejoin[31m=[32m"round"[31m
                [33mstroke-width[31m=[32m"2"[31m
                [33mviewBox[31m=[32m"0 0 24 24"[31m
                [33mwidth[31m=[32m"24"[31m
                [33mxmlns[31m=[32m"http://www.w3.org/2000/svg"[31m
              [36m>[31m
                [36m<path[31m
                  [33md[31m=[32m"M14.5 2v17.5c0 1.4-1.1 2.5-2.5 2.5c-1.4 0-2.5-1.1-2.5-2.5V2"[31m
                [36m/>[31m
                [36m<path[31m
                  [33md[31m=[32m"M8.5 2h7"[31m
                [36m/>[31m
                [36m<path[31m
                  [33md[31m=[32m"M14.5 16h-5"[31m
                [36m/>[31m
              [36m</svg>[31m
              [0mRun All Tests[0m
            [36m</button>[31m
            [36m<button[31m
              [33mclass[31m=[32m"inline-flex items-center justify-center gap-2 whitespace-nowrap text-sm font-medium ring-offset-background transition-colors focus-visible:outline-none focus-visible:ring-2 focus-visible:ring-ring focus-visible:ring-offset-2 disabled:pointer-events-none disabled:opacity-50 [&_svg]:pointer-events-none [&_svg]:size-4 [&_svg]:shrink-0 border border-input bg-background hover:bg-accent hover:text-accent-foreground h-9 rounded-md px-3"[31m
            [36m>[31m
              [0mAdd Demo Data[0m
            [36m</button>[31m
          [36m</div>[31m
        [36m</div>[31m
      [36m</div>[31m
      [36m<div[31m
        [33mclass[31m=[32m"flex space-x-1 mb-8 bg-gray-100 p-1 rounded-lg"[31m
      [36m>[31m
        [36m<button[31m
          [33mclass[31m=[32m"flex items-center gap-2 px-4 py-2 rounded-md text-sm font-medium transition-colors text-gray-600 hover:text-gray-900"[31m
        [36m>[31m
          [36m<svg[31m
            [33mclass[31m=[32m"lucide lucide-user h-4 w-4 text-blue-600"[31m
            [33mfill[31m=[32m"none"[31m
            [33mheight[31m=[32m"24"[31m
            [33mstroke[31m=[32m"currentColor"[31m
            [33mstroke-linecap[31m=[32m"round"[31m
            [33mstroke-linejoin[31m=[32m"round"[31m
            [33mstroke-width[31m=[32m"2"[31m
            [33mviewBox[31m=[32m"0 0 24 24"[31m
            [33mwidth[31m=[32m"24"[31m
            [33mxmlns[31m=[32m"http://www.w3.org/2000/svg"[31m
          [36m>[31m
            [36m<path[31m
              [33md[31m=[32m"M19 21v-2a4 4 0 0 0-4-4H9a4 4 0 0 0-4 4v2"[31m
            [36m/>[31m
            [36m<circle[31m
              [33mcx[31m=[32m"12"[31m
              [33mcy[31m=[32m"7"[31m
              [33mr[31m=[32m"4"[31m
            [36m/>[31m
          [36m</svg>[31m
          [0mProfile Settings[0m
        [36m</button>[31m
        [36m<button[31m
          [33mclass[31m=[32m"flex items-center gap-2 px-4 py-2 rounded-md text-sm font-medium transition-colors text-gray-600 hover:text-gray-900"[31m
        [36m>[31m
          [36m<svg[31m
            [33mclass[31m=[32m"lucide lucide-bell h-4 w-4 text-yellow-600"[31m
            [33mfill[31m=[32m"none"[31m
            [33mheight[31m=[32m"24"[31m
            [33mstroke[31m=[32m"currentColor"[31m
            [33mstroke-linecap[31m=[32m"round"[31m
            [33mstroke-linejoin[31m=[32m"round"[31m
            [33mstroke-width[31m=[32m"2"[31m
            [33mviewBox[31m=[32m"0 0 24 24"[31m
            [33mwidth[31m=[32m"24"[31m
            [33mxmlns[31m=[32m"http://www.w3.org/2000/svg"[31m
          [36m>[31m
            [36m<path[31m
              [33md[31m=[32m"M10.268 21a2 2 0 0 0 3.464 0"[31m
            [3...[39m
[31m   [31m×[31m Settings[2m > [22mhandles data export successfully[39m[32m 115[2mms[22m[39m
[31m     → Found multiple elements with the text: Export Data

Here are the matching elements:

Ignored nodes: comments, script, style
[36m<h4[31m
  [33mclass[31m=[32m"font-medium mb-2"[31m
[36m>[31m
  [0mExport Data[0m
[36m</h4>[31m

Ignored nodes: comments, script, style
[36m<button[31m
  [33mclass[31m=[32m"inline-flex items-center justify-center gap-2 whitespace-nowrap rounded-md text-sm font-medium ring-offset-background transition-colors focus-visible:outline-none focus-visible:ring-2 focus-visible:ring-ring focus-visible:ring-offset-2 disabled:pointer-events-none disabled:opacity-50 [&_svg]:pointer-events-none [&_svg]:size-4 [&_svg]:shrink-0 bg-primary text-primary-foreground hover:bg-primary/90 h-10 px-4 py-2"[31m
[36m>[31m
  [36m<svg[31m
    [33mclass[31m=[32m"lucide lucide-database h-4 w-4 mr-2"[31m
    [33mfill[31m=[32m"none"[31m
    [33mheight[31m=[32m"24"[31m
    [33mstroke[31m=[32m"currentColor"[31m
    [33mstroke-linecap[31m=[32m"round"[31m
    [33mstroke-linejoin[31m=[32m"round"[31m
    [33mstroke-width[31m=[32m"2"[31m
    [33mviewBox[31m=[32m"0 0 24 24"[31m
    [33mwidth[31m=[32m"24"[31m
    [33mxmlns[31m=[32m"http://www.w3.org/2000/svg"[31m
  [36m>[31m
    [36m<ellipse[31m
      [33mcx[31m=[32m"12"[31m
      [33mcy[31m=[32m"5"[31m
      [33mrx[31m=[32m"9"[31m
      [33mry[31m=[32m"3"[31m
    [36m/>[31m
    [36m<path[31m
      [33md[31m=[32m"M3 5V19A9 3 0 0 0 21 19V5"[31m
    [36m/>[31m
    [36m<path[31m
      [33md[31m=[32m"M3 12A9 3 0 0 0 21 12"[31m
    [36m/>[31m
  [36m</svg>[31m
  [0mExport Data[0m
[36m</button>[31m

(If this is intentional, then use the `*AllBy*` variant of the query (like `queryAllByText`, `getAllByText`, or `findAllByText`)).

Ignored nodes: comments, script, style
[36m<body[31m
  [33mstyle[31m=[32m""[31m
[36m>[31m
  [36m<div>[31m
    [36m<div[31m
      [33mclass[31m=[32m"p-6"[31m
    [36m>[31m
      [36m<div[31m
        [33mclass[31m=[32m"mb-8"[31m
      [36m>[31m
        [36m<div[31m
          [33mclass[31m=[32m"flex justify-between items-start"[31m
        [36m>[31m
          [36m<div>[31m
            [36m<h1[31m
              [33mclass[31m=[32m"text-3xl font-bold text-gray-900 mb-2 flex items-center gap-2"[31m
            [36m>[31m
              [36m<svg[31m
                [33mclass[31m=[32m"lucide lucide-settings h-8 w-8"[31m
                [33mfill[31m=[32m"none"[31m
                [33mheight[31m=[32m"24"[31m
                [33mstroke[31m=[32m"currentColor"[31m
                [33mstroke-linecap[31m=[32m"round"[31m
                [33mstroke-linejoin[31m=[32m"round"[31m
                [33mstroke-width[31m=[32m"2"[31m
                [33mviewBox[31m=[32m"0 0 24 24"[31m
                [33mwidth[31m=[32m"24"[31m
                [33mxmlns[31m=[32m"http://www.w3.org/2000/svg"[31m
              [36m>[31m
                [36m<path[31m
                  [33md[31m=[32m"M12.22 2h-.44a2 2 0 0 0-2 2v.18a2 2 0 0 1-1 1.73l-.43.25a2 2 0 0 1-2 0l-.15-.08a2 2 0 0 0-2.73.73l-.22.38a2 2 0 0 0 .73 2.73l.15.1a2 2 0 0 1 1 1.72v.51a2 2 0 0 1-1 1.74l-.15.09a2 2 0 0 0-.73 2.73l.22.38a2 2 0 0 0 2.73.73l.15-.08a2 2 0 0 1 2 0l.43.25a2 2 0 0 1 1 1.73V20a2 2 0 0 0 2 2h.44a2 2 0 0 0 2-2v-.18a2 2 0 0 1 1-1.73l.43-.25a2 2 0 0 1 2 0l.15.08a2 2 0 0 0 2.73-.73l.22-.39a2 2 0 0 0-.73-2.73l-.15-.08a2 2 0 0 1-1-1.74v-.5a2 2 0 0 1 1-1.74l.15-.09a2 2 0 0 0 .73-2.73l-.22-.38a2 2 0 0 0-2.73-.73l-.15.08a2 2 0 0 1-2 0l-.43-.25a2 2 0 0 1-1-1.73V4a2 2 0 0 0-2-2z"[31m
                [36m/>[31m
                [36m<circle[31m
                  [33mcx[31m=[32m"12"[31m
                  [33mcy[31m=[32m"12"[31m
                  [33mr[31m=[32m"3"[31m
                [36m/>[31m
              [36m</svg>[31m
              [0mSettings[0m
            [36m</h1>[31m
            [36m<p[31m
              [33mclass[31m=[32m"text-gray-600"[31m
            [36m>[31m
              [0mManage your account settings and preferences[0m
            [36m</p>[31m
          [36m</div>[31m
          [36m<div[31m
            [33mclass[31m=[32m"flex items-center space-x-3"[31m
          [36m>[31m
            [36m<button[31m
              [33mclass[31m=[32m"inline-flex items-center justify-center gap-2 whitespace-nowrap text-sm font-medium ring-offset-background transition-colors focus-visible:outline-none focus-visible:ring-2 focus-visible:ring-ring focus-visible:ring-offset-2 disabled:pointer-events-none disabled:opacity-50 [&_svg]:pointer-events-none [&_svg]:size-4 [&_svg]:shrink-0 border border-input bg-background hover:bg-accent hover:text-accent-foreground h-9 rounded-md px-3"[31m
            [36m>[31m
              [36m<svg[31m
                [33mclass[31m=[32m"lucide lucide-test-tube h-4 w-4 mr-2"[31m
                [33mfill[31m=[32m"none"[31m
                [33mheight[31m=[32m"24"[31m
                [33mstroke[31m=[32m"currentColor"[31m
                [33mstroke-linecap[31m=[32m"round"[31m
                [33mstroke-linejoin[31m=[32m"round"[31m
                [33mstroke-width[31m=[32m"2"[31m
                [33mviewBox[31m=[32m"0 0 24 24"[31m
                [33mwidth[31m=[32m"24"[31m
                [33mxmlns[31m=[32m"http://www.w3.org/2000/svg"[31m
              [36m>[31m
                [36m<path[31m
                  [33md[31m=[32m"M14.5 2v17.5c0 1.4-1.1 2.5-2.5 2.5c-1.4 0-2.5-1.1-2.5-2.5V2"[31m
                [36m/>[31m
                [36m<path[31m
                  [33md[31m=[32m"M8.5 2h7"[31m
                [36m/>[31m
                [36m<path[31m
                  [33md[31m=[32m"M14.5 16h-5"[31m
                [36m/>[31m
              [36m</svg>[31m
              [0mRun All Tests[0m
            [36m</button>[31m
            [36m<button[31m
              [33mclass[31m=[32m"inline-flex items-center justify-center gap-2 whitespace-nowrap text-sm font-medium ring-offset-background transition-colors focus-visible:outline-none focus-visible:ring-2 focus-visible:ring-ring focus-visible:ring-offset-2 disabled:pointer-events-none disabled:opacity-50 [&_svg]:pointer-events-none [&_svg]:size-4 [&_svg]:shrink-0 border border-input bg-background hover:bg-accent hover:text-accent-foreground h-9 rounded-md px-3"[31m
            [36m>[31m
              [0mAdd Demo Data[0m
            [36m</button>[31m
          [36m</div>[31m
        [36m</div>[31m
      [36m</div>[31m
      [36m<div[31m
        [33mclass[31m=[32m"flex space-x-1 mb-8 bg-gray-100 p-1 rounded-lg"[31m
      [36m>[31m
        [36m<button[31m
          [33mclass[31m=[32m"flex items-center gap-2 px-4 py-2 rounded-md text-sm font-medium transition-colors text-gray-600 hover:text-gray-900"[31m
        [36m>[31m
          [36m<svg[31m
            [33mclass[31m=[32m"lucide lucide-user h-4 w-4 text-blue-600"[31m
            [33mfill[31m=[32m"none"[31m
            [33mheight[31m=[32m"24"[31m
            [33mstroke[31m=[32m"currentColor"[31m
            [33mstroke-linecap[31m=[32m"round"[31m
            [33mstroke-linejoin[31m=[32m"round"[31m
            [33mstroke-width[31m=[32m"2"[31m
            [33mviewBox[31m=[32m"0 0 24 24"[31m
            [33mwidth[31m=[32m"24"[31m
            [33mxmlns[31m=[32m"http://www.w3.org/2000/svg"[31m
          [36m>[31m
            [36m<path[31m
              [33md[31m=[32m"M19 21v-2a4 4 0 0 0-4-4H9a4 4 0 0 0-4 4v2"[31m
            [36m/>[31m
            [36m<circle[31m
              [33mcx[31m=[32m"12"[31m
              [33mcy[31m=[32m"7"[31m
              [33mr[31m=[32m"4"[31m
            [36m/>[31m
          [36m</svg>[31m
          [0mProfile Settings[0m
        [36m</button>[31m
        [36m<button[31m
          [33mclass[31m=[32m"flex items-center gap-2 px-4 py-2 rounded-md text-sm font-medium transition-colors text-gray-600 hover:text-gray-900"[31m
        [36m>[31m
          [36m<svg[31m
            [33mclass[31m=[32m"lucide lucide-bell h-4 w-4 text-yellow-600"[31m
            [33mfill[31m=[32m"none"[31m
            [33mheight[31m=[32m"24"[31m
            [33mstroke[31m=[32m"currentColor"[31m
            [33mstroke-linecap[31m=[32m"round"[31m
            [33mstroke-linejoin[31m=[32m"round"[31m
            [33mstroke-width[31m=[32m"2"[31m
            [33mviewBox[31m=[32m"0 0 24 24"[31m
            [33mwidth[31m=[32m"24"[31m
            [33mxmlns[31m=[32m"http://www.w3.org/2000/svg"[31m
          [36m>[31m
            [36m<path[31m
              [33md[31m=[32m"M10.268 21a2 2 0 0 0 3.464 0"[31m
            [3...[39m
[31m   [31m×[31m Settings[2m > [22mhandles data export errors[39m[32m 122[2mms[22m[39m
[31m     → Found multiple elements with the text: Export Data

Here are the matching elements:

Ignored nodes: comments, script, style
[36m<h4[31m
  [33mclass[31m=[32m"font-medium mb-2"[31m
[36m>[31m
  [0mExport Data[0m
[36m</h4>[31m

Ignored nodes: comments, script, style
[36m<button[31m
  [33mclass[31m=[32m"inline-flex items-center justify-center gap-2 whitespace-nowrap rounded-md text-sm font-medium ring-offset-background transition-colors focus-visible:outline-none focus-visible:ring-2 focus-visible:ring-ring focus-visible:ring-offset-2 disabled:pointer-events-none disabled:opacity-50 [&_svg]:pointer-events-none [&_svg]:size-4 [&_svg]:shrink-0 bg-primary text-primary-foreground hover:bg-primary/90 h-10 px-4 py-2"[31m
[36m>[31m
  [36m<svg[31m
    [33mclass[31m=[32m"lucide lucide-database h-4 w-4 mr-2"[31m
    [33mfill[31m=[32m"none"[31m
    [33mheight[31m=[32m"24"[31m
    [33mstroke[31m=[32m"currentColor"[31m
    [33mstroke-linecap[31m=[32m"round"[31m
    [33mstroke-linejoin[31m=[32m"round"[31m
    [33mstroke-width[31m=[32m"2"[31m
    [33mviewBox[31m=[32m"0 0 24 24"[31m
    [33mwidth[31m=[32m"24"[31m
    [33mxmlns[31m=[32m"http://www.w3.org/2000/svg"[31m
  [36m>[31m
    [36m<ellipse[31m
      [33mcx[31m=[32m"12"[31m
      [33mcy[31m=[32m"5"[31m
      [33mrx[31m=[32m"9"[31m
      [33mry[31m=[32m"3"[31m
    [36m/>[31m
    [36m<path[31m
      [33md[31m=[32m"M3 5V19A9 3 0 0 0 21 19V5"[31m
    [36m/>[31m
    [36m<path[31m
      [33md[31m=[32m"M3 12A9 3 0 0 0 21 12"[31m
    [36m/>[31m
  [36m</svg>[31m
  [0mExport Data[0m
[36m</button>[31m

(If this is intentional, then use the `*AllBy*` variant of the query (like `queryAllByText`, `getAllByText`, or `findAllByText`)).

Ignored nodes: comments, script, style
[36m<body[31m
  [33mstyle[31m=[32m""[31m
[36m>[31m
  [36m<div>[31m
    [36m<div[31m
      [33mclass[31m=[32m"p-6"[31m
    [36m>[31m
      [36m<div[31m
        [33mclass[31m=[32m"mb-8"[31m
      [36m>[31m
        [36m<div[31m
          [33mclass[31m=[32m"flex justify-between items-start"[31m
        [36m>[31m
          [36m<div>[31m
            [36m<h1[31m
              [33mclass[31m=[32m"text-3xl font-bold text-gray-900 mb-2 flex items-center gap-2"[31m
            [36m>[31m
              [36m<svg[31m
                [33mclass[31m=[32m"lucide lucide-settings h-8 w-8"[31m
                [33mfill[31m=[32m"none"[31m
                [33mheight[31m=[32m"24"[31m
                [33mstroke[31m=[32m"currentColor"[31m
                [33mstroke-linecap[31m=[32m"round"[31m
                [33mstroke-linejoin[31m=[32m"round"[31m
                [33mstroke-width[31m=[32m"2"[31m
                [33mviewBox[31m=[32m"0 0 24 24"[31m
                [33mwidth[31m=[32m"24"[31m
                [33mxmlns[31m=[32m"http://www.w3.org/2000/svg"[31m
              [36m>[31m
                [36m<path[31m
                  [33md[31m=[32m"M12.22 2h-.44a2 2 0 0 0-2 2v.18a2 2 0 0 1-1 1.73l-.43.25a2 2 0 0 1-2 0l-.15-.08a2 2 0 0 0-2.73.73l-.22.38a2 2 0 0 0 .73 2.73l.15.1a2 2 0 0 1 1 1.72v.51a2 2 0 0 1-1 1.74l-.15.09a2 2 0 0 0-.73 2.73l.22.38a2 2 0 0 0 2.73.73l.15-.08a2 2 0 0 1 2 0l.43.25a2 2 0 0 1 1 1.73V20a2 2 0 0 0 2 2h.44a2 2 0 0 0 2-2v-.18a2 2 0 0 1 1-1.73l.43-.25a2 2 0 0 1 2 0l.15.08a2 2 0 0 0 2.73-.73l.22-.39a2 2 0 0 0-.73-2.73l-.15-.08a2 2 0 0 1-1-1.74v-.5a2 2 0 0 1 1-1.74l.15-.09a2 2 0 0 0 .73-2.73l-.22-.38a2 2 0 0 0-2.73-.73l-.15.08a2 2 0 0 1-2 0l-.43-.25a2 2 0 0 1-1-1.73V4a2 2 0 0 0-2-2z"[31m
                [36m/>[31m
                [36m<circle[31m
                  [33mcx[31m=[32m"12"[31m
                  [33mcy[31m=[32m"12"[31m
                  [33mr[31m=[32m"3"[31m
                [36m/>[31m
              [36m</svg>[31m
              [0mSettings[0m
            [36m</h1>[31m
            [36m<p[31m
              [33mclass[31m=[32m"text-gray-600"[31m
            [36m>[31m
              [0mManage your account settings and preferences[0m
            [36m</p>[31m
          [36m</div>[31m
          [36m<div[31m
            [33mclass[31m=[32m"flex items-center space-x-3"[31m
          [36m>[31m
            [36m<button[31m
              [33mclass[31m=[32m"inline-flex items-center justify-center gap-2 whitespace-nowrap text-sm font-medium ring-offset-background transition-colors focus-visible:outline-none focus-visible:ring-2 focus-visible:ring-ring focus-visible:ring-offset-2 disabled:pointer-events-none disabled:opacity-50 [&_svg]:pointer-events-none [&_svg]:size-4 [&_svg]:shrink-0 border border-input bg-background hover:bg-accent hover:text-accent-foreground h-9 rounded-md px-3"[31m
            [36m>[31m
              [36m<svg[31m
                [33mclass[31m=[32m"lucide lucide-test-tube h-4 w-4 mr-2"[31m
                [33mfill[31m=[32m"none"[31m
                [33mheight[31m=[32m"24"[31m
                [33mstroke[31m=[32m"currentColor"[31m
                [33mstroke-linecap[31m=[32m"round"[31m
                [33mstroke-linejoin[31m=[32m"round"[31m
                [33mstroke-width[31m=[32m"2"[31m
                [33mviewBox[31m=[32m"0 0 24 24"[31m
                [33mwidth[31m=[32m"24"[31m
                [33mxmlns[31m=[32m"http://www.w3.org/2000/svg"[31m
              [36m>[31m
                [36m<path[31m
                  [33md[31m=[32m"M14.5 2v17.5c0 1.4-1.1 2.5-2.5 2.5c-1.4 0-2.5-1.1-2.5-2.5V2"[31m
                [36m/>[31m
                [36m<path[31m
                  [33md[31m=[32m"M8.5 2h7"[31m
                [36m/>[31m
                [36m<path[31m
                  [33md[31m=[32m"M14.5 16h-5"[31m
                [36m/>[31m
              [36m</svg>[31m
              [0mRun All Tests[0m
            [36m</button>[31m
            [36m<button[31m
              [33mclass[31m=[32m"inline-flex items-center justify-center gap-2 whitespace-nowrap text-sm font-medium ring-offset-background transition-colors focus-visible:outline-none focus-visible:ring-2 focus-visible:ring-ring focus-visible:ring-offset-2 disabled:pointer-events-none disabled:opacity-50 [&_svg]:pointer-events-none [&_svg]:size-4 [&_svg]:shrink-0 border border-input bg-background hover:bg-accent hover:text-accent-foreground h-9 rounded-md px-3"[31m
            [36m>[31m
              [0mAdd Demo Data[0m
            [36m</button>[31m
          [36m</div>[31m
        [36m</div>[31m
      [36m</div>[31m
      [36m<div[31m
        [33mclass[31m=[32m"flex space-x-1 mb-8 bg-gray-100 p-1 rounded-lg"[31m
      [36m>[31m
        [36m<button[31m
          [33mclass[31m=[32m"flex items-center gap-2 px-4 py-2 rounded-md text-sm font-medium transition-colors text-gray-600 hover:text-gray-900"[31m
        [36m>[31m
          [36m<svg[31m
            [33mclass[31m=[32m"lucide lucide-user h-4 w-4 text-blue-600"[31m
            [33mfill[31m=[32m"none"[31m
            [33mheight[31m=[32m"24"[31m
            [33mstroke[31m=[32m"currentColor"[31m
            [33mstroke-linecap[31m=[32m"round"[31m
            [33mstroke-linejoin[31m=[32m"round"[31m
            [33mstroke-width[31m=[32m"2"[31m
            [33mviewBox[31m=[32m"0 0 24 24"[31m
            [33mwidth[31m=[32m"24"[31m
            [33mxmlns[31m=[32m"http://www.w3.org/2000/svg"[31m
          [36m>[31m
            [36m<path[31m
              [33md[31m=[32m"M19 21v-2a4 4 0 0 0-4-4H9a4 4 0 0 0-4 4v2"[31m
            [36m/>[31m
            [36m<circle[31m
              [33mcx[31m=[32m"12"[31m
              [33mcy[31m=[32m"7"[31m
              [33mr[31m=[32m"4"[31m
            [36m/>[31m
          [36m</svg>[31m
          [0mProfile Settings[0m
        [36m</button>[31m
        [36m<button[31m
          [33mclass[31m=[32m"flex items-center gap-2 px-4 py-2 rounded-md text-sm font-medium transition-colors text-gray-600 hover:text-gray-900"[31m
        [36m>[31m
          [36m<svg[31m
            [33mclass[31m=[32m"lucide lucide-bell h-4 w-4 text-yellow-600"[31m
            [33mfill[31m=[32m"none"[31m
            [33mheight[31m=[32m"24"[31m
            [33mstroke[31m=[32m"currentColor"[31m
            [33mstroke-linecap[31m=[32m"round"[31m
            [33mstroke-linejoin[31m=[32m"round"[31m
            [33mstroke-width[31m=[32m"2"[31m
            [33mviewBox[31m=[32m"0 0 24 24"[31m
            [33mwidth[31m=[32m"24"[31m
            [33mxmlns[31m=[32m"http://www.w3.org/2000/svg"[31m
          [36m>[31m
            [36m<path[31m
              [33md[31m=[32m"M10.268 21a2 2 0 0 0 3.464 0"[31m
            [3...[39m
   [32m✓[39m Settings[2m > [22mshows delete account button as disabled[32m 99[2mms[22m[39m
   [32m✓[39m Settings[2m > [22mhandles role selection in profile form[32m 78[2mms[22m[39m
[31m   [31m×[31m Settings[2m > [22mshows loading state during profile save[39m[32m 83[2mms[22m[39m
[31m     → Unable to find an element with the text: Saving.... This could be because the text is broken up by multiple elements. In this case, you can provide a function for your text matcher to make your matcher more flexible.

Ignored nodes: comments, script, style
[36m<body[31m
  [33mstyle[31m=[32m""[31m
[36m>[31m
  [36m<div>[31m
    [36m<div[31m
      [33mclass[31m=[32m"p-6"[31m
    [36m>[31m
      [36m<div[31m
        [33mclass[31m=[32m"mb-8"[31m
      [36m>[31m
        [36m<div[31m
          [33mclass[31m=[32m"flex justify-between items-start"[31m
        [36m>[31m
          [36m<div>[31m
            [36m<h1[31m
              [33mclass[31m=[32m"text-3xl font-bold text-gray-900 mb-2 flex items-center gap-2"[31m
            [36m>[31m
              [36m<svg[31m
                [33mclass[31m=[32m"lucide lucide-settings h-8 w-8"[31m
                [33mfill[31m=[32m"none"[31m
                [33mheight[31m=[32m"24"[31m
                [33mstroke[31m=[32m"currentColor"[31m
                [33mstroke-linecap[31m=[32m"round"[31m
                [33mstroke-linejoin[31m=[32m"round"[31m
                [33mstroke-width[31m=[32m"2"[31m
                [33mviewBox[31m=[32m"0 0 24 24"[31m
                [33mwidth[31m=[32m"24"[31m
                [33mxmlns[31m=[32m"http://www.w3.org/2000/svg"[31m
              [36m>[31m
                [36m<path[31m
                  [33md[31m=[32m"M12.22 2h-.44a2 2 0 0 0-2 2v.18a2 2 0 0 1-1 1.73l-.43.25a2 2 0 0 1-2 0l-.15-.08a2 2 0 0 0-2.73.73l-.22.38a2 2 0 0 0 .73 2.73l.15.1a2 2 0 0 1 1 1.72v.51a2 2 0 0 1-1 1.74l-.15.09a2 2 0 0 0-.73 2.73l.22.38a2 2 0 0 0 2.73.73l.15-.08a2 2 0 0 1 2 0l.43.25a2 2 0 0 1 1 1.73V20a2 2 0 0 0 2 2h.44a2 2 0 0 0 2-2v-.18a2 2 0 0 1 1-1.73l.43-.25a2 2 0 0 1 2 0l.15.08a2 2 0 0 0 2.73-.73l.22-.39a2 2 0 0 0-.73-2.73l-.15-.08a2 2 0 0 1-1-1.74v-.5a2 2 0 0 1 1-1.74l.15-.09a2 2 0 0 0 .73-2.73l-.22-.38a2 2 0 0 0-2.73-.73l-.15.08a2 2 0 0 1-2 0l-.43-.25a2 2 0 0 1-1-1.73V4a2 2 0 0 0-2-2z"[31m
                [36m/>[31m
                [36m<circle[31m
                  [33mcx[31m=[32m"12"[31m
                  [33mcy[31m=[32m"12"[31m
                  [33mr[31m=[32m"3"[31m
                [36m/>[31m
              [36m</svg>[31m
              [0mSettings[0m
            [36m</h1>[31m
            [36m<p[31m
              [33mclass[31m=[32m"text-gray-600"[31m
            [36m>[31m
              [0mManage your account settings and preferences[0m
            [36m</p>[31m
          [36m</div>[31m
          [36m<div[31m
            [33mclass[31m=[32m"flex items-center space-x-3"[31m
          [36m>[31m
            [36m<button[31m
              [33mclass[31m=[32m"inline-flex items-center justify-center gap-2 whitespace-nowrap text-sm font-medium ring-offset-background transition-colors focus-visible:outline-none focus-visible:ring-2 focus-visible:ring-ring focus-visible:ring-offset-2 disabled:pointer-events-none disabled:opacity-50 [&_svg]:pointer-events-none [&_svg]:size-4 [&_svg]:shrink-0 border border-input bg-background hover:bg-accent hover:text-accent-foreground h-9 rounded-md px-3"[31m
            [36m>[31m
              [36m<svg[31m
                [33mclass[31m=[32m"lucide lucide-test-tube h-4 w-4 mr-2"[31m
                [33mfill[31m=[32m"none"[31m
                [33mheight[31m=[32m"24"[31m
                [33mstroke[31m=[32m"currentColor"[31m
                [33mstroke-linecap[31m=[32m"round"[31m
                [33mstroke-linejoin[31m=[32m"round"[31m
                [33mstroke-width[31m=[32m"2"[31m
                [33mviewBox[31m=[32m"0 0 24 24"[31m
                [33mwidth[31m=[32m"24"[31m
                [33mxmlns[31m=[32m"http://www.w3.org/2000/svg"[31m
              [36m>[31m
                [36m<path[31m
                  [33md[31m=[32m"M14.5 2v17.5c0 1.4-1.1 2.5-2.5 2.5c-1.4 0-2.5-1.1-2.5-2.5V2"[31m
                [36m/>[31m
                [36m<path[31m
                  [33md[31m=[32m"M8.5 2h7"[31m
                [36m/>[31m
                [36m<path[31m
                  [33md[31m=[32m"M14.5 16h-5"[31m
                [36m/>[31m
              [36m</svg>[31m
              [0mRun All Tests[0m
            [36m</button>[31m
            [36m<button[31m
              [33mclass[31m=[32m"inline-flex items-center justify-center gap-2 whitespace-nowrap text-sm font-medium ring-offset-background transition-colors focus-visible:outline-none focus-visible:ring-2 focus-visible:ring-ring focus-visible:ring-offset-2 disabled:pointer-events-none disabled:opacity-50 [&_svg]:pointer-events-none [&_svg]:size-4 [&_svg]:shrink-0 border border-input bg-background hover:bg-accent hover:text-accent-foreground h-9 rounded-md px-3"[31m
            [36m>[31m
              [0mAdd Demo Data[0m
            [36m</button>[31m
          [36m</div>[31m
        [36m</div>[31m
      [36m</div>[31m
      [36m<div[31m
        [33mclass[31m=[32m"flex space-x-1 mb-8 bg-gray-100 p-1 rounded-lg"[31m
      [36m>[31m
        [36m<button[31m
          [33mclass[31m=[32m"flex items-center gap-2 px-4 py-2 rounded-md text-sm font-medium transition-colors bg-white text-gray-900 shadow-sm"[31m
        [36m>[31m
          [36m<svg[31m
            [33mclass[31m=[32m"lucide lucide-user h-4 w-4 text-blue-600"[31m
            [33mfill[31m=[32m"none"[31m
            [33mheight[31m=[32m"24"[31m
            [33mstroke[31m=[32m"currentColor"[31m
            [33mstroke-linecap[31m=[32m"round"[31m
            [33mstroke-linejoin[31m=[32m"round"[31m
            [33mstroke-width[31m=[32m"2"[31m
            [33mviewBox[31m=[32m"0 0 24 24"[31m
            [33mwidth[31m=[32m"24"[31m
            [33mxmlns[31m=[32m"http://www.w3.org/2000/svg"[31m
          [36m>[31m
            [36m<path[31m
              [33md[31m=[32m"M19 21v-2a4 4 0 0 0-4-4H9a4 4 0 0 0-4 4v2"[31m
            [36m/>[31m
            [36m<circle[31m
              [33mcx[31m=[32m"12"[31m
              [33mcy[31m=[32m"7"[31m
              [33mr[31m=[32m"4"[31m
            [36m/>[31m
          [36m</svg>[31m
          [0mProfile Settings[0m
        [36m</button>[31m
        [36m<button[31m
          [33mclass[31m=[32m"flex items-center gap-2 px-4 py-2 rounded-md text-sm font-medium transition-colors text-gray-600 hover:text-gray-900"[31m
        [36m>[31m
          [36m<svg[31m
            [33mclass[31m=[32m"lucide lucide-bell h-4 w-4 text-yellow-600"[31m
            [33mfill[31m=[32m"none"[31m
            [33mheight[31m=[32m"24"[31m
            [33mstroke[31m=[32m"currentColor"[31m
            [33mstroke-linecap[31m=[32m"round"[31m
            [33mstroke-linejoin[31m=[32m"round"[31m
            [33mstroke-width[31m=[32m"2"[31m
            [33mviewBox[31m=[32m"0 0 24 24"[31m
            [33mwidth[31m=[32m"24"[31m
            [33mxmlns[31m=[32m"http://www.w3.org/2000/svg"[31m
          [36m>[31m
            [36m<path[31m
              [33md[31m=[32m"M10.268 21a2 2 0 0 0 3.464 0"[31m
            [36...[39m
[31m   [31m×[31m Settings[2m > [22mshows loading state during password update[39m[32m 151[2mms[22m[39m
[31m     → Unable to find an element with the text: Updating.... This could be because the text is broken up by multiple elements. In this case, you can provide a function for your text matcher to make your matcher more flexible.

Ignored nodes: comments, script, style
[36m<body[31m
  [33mdata-scroll-locked[31m=[32m"1"[31m
  [33mstyle[31m=[32m"pointer-events: none;"[31m
[36m>[31m
  [36m<span[31m
    [33maria-hidden[31m=[32m"true"[31m
    [33mdata-aria-hidden[31m=[32m"true"[31m
    [33mdata-radix-focus-guard[31m=[32m""[31m
    [33mstyle[31m=[32m"outline: none; opacity: 0; position: fixed; pointer-events: none;"[31m
    [33mtabindex[31m=[32m"0"[31m
  [36m/>[31m
  [36m<div[31m
    [33maria-hidden[31m=[32m"true"[31m
    [33mdata-aria-hidden[31m=[32m"true"[31m
  [36m>[31m
    [36m<div[31m
      [33mclass[31m=[32m"p-6"[31m
    [36m>[31m
      [36m<div[31m
        [33mclass[31m=[32m"mb-8"[31m
      [36m>[31m
        [36m<div[31m
          [33mclass[31m=[32m"flex justify-between items-start"[31m
        [36m>[31m
          [36m<div>[31m
            [36m<h1[31m
              [33mclass[31m=[32m"text-3xl font-bold text-gray-900 mb-2 flex items-center gap-2"[31m
            [36m>[31m
              [36m<svg[31m
                [33mclass[31m=[32m"lucide lucide-settings h-8 w-8"[31m
                [33mfill[31m=[32m"none"[31m
                [33mheight[31m=[32m"24"[31m
                [33mstroke[31m=[32m"currentColor"[31m
                [33mstroke-linecap[31m=[32m"round"[31m
                [33mstroke-linejoin[31m=[32m"round"[31m
                [33mstroke-width[31m=[32m"2"[31m
                [33mviewBox[31m=[32m"0 0 24 24"[31m
                [33mwidth[31m=[32m"24"[31m
                [33mxmlns[31m=[32m"http://www.w3.org/2000/svg"[31m
              [36m>[31m
                [36m<path[31m
                  [33md[31m=[32m"M12.22 2h-.44a2 2 0 0 0-2 2v.18a2 2 0 0 1-1 1.73l-.43.25a2 2 0 0 1-2 0l-.15-.08a2 2 0 0 0-2.73.73l-.22.38a2 2 0 0 0 .73 2.73l.15.1a2 2 0 0 1 1 1.72v.51a2 2 0 0 1-1 1.74l-.15.09a2 2 0 0 0-.73 2.73l.22.38a2 2 0 0 0 2.73.73l.15-.08a2 2 0 0 1 2 0l.43.25a2 2 0 0 1 1 1.73V20a2 2 0 0 0 2 2h.44a2 2 0 0 0 2-2v-.18a2 2 0 0 1 1-1.73l.43-.25a2 2 0 0 1 2 0l.15.08a2 2 0 0 0 2.73-.73l.22-.39a2 2 0 0 0-.73-2.73l-.15-.08a2 2 0 0 1-1-1.74v-.5a2 2 0 0 1 1-1.74l.15-.09a2 2 0 0 0 .73-2.73l-.22-.38a2 2 0 0 0-2.73-.73l-.15.08a2 2 0 0 1-2 0l-.43-.25a2 2 0 0 1-1-1.73V4a2 2 0 0 0-2-2z"[31m
                [36m/>[31m
                [36m<circle[31m
                  [33mcx[31m=[32m"12"[31m
                  [33mcy[31m=[32m"12"[31m
                  [33mr[31m=[32m"3"[31m
                [36m/>[31m
              [36m</svg>[31m
              [0mSettings[0m
            [36m</h1>[31m
            [36m<p[31m
              [33mclass[31m=[32m"text-gray-600"[31m
            [36m>[31m
              [0mManage your account settings and preferences[0m
            [36m</p>[31m
          [36m</div>[31m
          [36m<div[31m
            [33mclass[31m=[32m"flex items-center space-x-3"[31m
          [36m>[31m
            [36m<button[31m
              [33mclass[31m=[32m"inline-flex items-center justify-center gap-2 whitespace-nowrap text-sm font-medium ring-offset-background transition-colors focus-visible:outline-none focus-visible:ring-2 focus-visible:ring-ring focus-visible:ring-offset-2 disabled:pointer-events-none disabled:opacity-50 [&_svg]:pointer-events-none [&_svg]:size-4 [&_svg]:shrink-0 border border-input bg-background hover:bg-accent hover:text-accent-foreground h-9 rounded-md px-3"[31m
            [36m>[31m
              [36m<svg[31m
                [33mclass[31m=[32m"lucide lucide-test-tube h-4 w-4 mr-2"[31m
                [33mfill[31m=[32m"none"[31m
                [33mheight[31m=[32m"24"[31m
                [33mstroke[31m=[32m"currentColor"[31m
                [33mstroke-linecap[31m=[32m"round"[31m
                [33mstroke-linejoin[31m=[32m"round"[31m
                [33mstroke-width[31m=[32m"2"[31m
                [33mviewBox[31m=[32m"0 0 24 24"[31m
                [33mwidth[31m=[32m"24"[31m
                [33mxmlns[31m=[32m"http://www.w3.org/2000/svg"[31m
              [36m>[31m
                [36m<path[31m
                  [33md[31m=[32m"M14.5 2v17.5c0 1.4-1.1 2.5-2.5 2.5c-1.4 0-2.5-1.1-2.5-2.5V2"[31m
                [36m/>[31m
                [36m<path[31m
                  [33md[31m=[32m"M8.5 2h7"[31m
                [36m/>[31m
                [36m<path[31m
                  [33md[31m=[32m"M14.5 16h-5"[31m
                [36m/>[31m
              [36m</svg>[31m
              [0mRun All Tests[0m
            [36m</button>[31m
            [36m<button[31m
              [33mclass[31m=[32m"inline-flex items-center justify-center gap-2 whitespace-nowrap text-sm font-medium ring-offset-background transition-colors focus-visible:outline-none focus-visible:ring-2 focus-visible:ring-ring focus-visible:ring-offset-2 disabled:pointer-events-none disabled:opacity-50 [&_svg]:pointer-events-none [&_svg]:size-4 [&_svg]:shrink-0 border border-input bg-background hover:bg-accent hover:text-accent-foreground h-9 rounded-md px-3"[31m
            [36m>[31m
              [0mAdd Demo Data[0m
            [36m</button>[31m
          [36m</div>[31m
        [36m</div>[31m
      [36m</div>[31m
      [36m<div[31m
        [33mclass[31m=[32m"flex space-x-1 mb-8 bg-gray-100 p-1 rounded-lg"[31m
      [36m>[31m
        [36m<button[31m
          [33mclass[31m=[32m"flex items-center gap-2 px-4 py-2 rounded-md text-sm font-medium transition-colors text-gray-600 hover:text-gray-900"[31m
        [36m>[31m
          [36m<svg[31m
            [33mclass[31m=[32m"lucide lucide-user h-4 w-4 text-blue-600"[31m
            [33mfill[31m=[32m"none"[31m
            [33mheight[31m=[32m"24"[31m
            [33mstroke[31m=[32m"currentColor"[31m
            [33mstroke-linecap[31m=[32m"round"[31m
            [33mstroke-linejoin[31m=[32m"round"[31m
            [33mstroke-width[31m=[32m"2"[31m
            [33mviewBox[31m=[32m"0 0 24 24"[31m
            [33mwidth[31m=[32m"24"[31m
            [33mxmlns[31m=[32m"http://www.w3.org/2000/svg"[31m
          [36m>[31m
            [36m<path[31m
              [33md[31m=[32m"M19 21v-2a4 4 0 0 0-4-4H9a4 4 0 0 0-4 4v2"[31m
            [36m/>[31m
            [36m<circle[31m
              [33mcx[31m=[32m"12"[31m
              [33mcy[31m=[32m"7"[31m
              [33mr[31m=[32m"4"[31m
            [36m/>[31m
          [36m</svg>[31m
          [0mProfile Settings[0m
        [36m</button>[31m
        [36m<button[31m
          [33mclass[31m=[32m"flex items-center gap-2 px-4 py-2 rounded-md text-sm font-medium transition-colors text-gray-600 hover:text-gray-900"[31m
        [36m>[31m
          [36m<svg[31m
            [33mclass[31m=[32m"lucide lucide-bell h-4 w-4 text-yellow-600"[31m
            [33mfill[31m=[32m"none"[31m
            [33mheight[31m=[32m"24"[31m
            [33mstroke[31m=...[39m
   [32m✓[39m Settings[2m > [22mhandles missing user gracefully[32m 48[2mms[22m[39m
[90mstdout[2m | src/test/unit/Customer.test.tsx[2m > [22m[2mCustomers Component[2m > [22m[2mAccessibility[2m > [22m[2mshould have proper form labels and structure
[22m[39m🚀 Customers component is mounting
📡 Supabase client available: [33mtrue[39m
🔥 useEffect triggered - calling loadCustomers
🔄 Starting loadCustomers function
📱 Loading customers from offline service
🚀 Customers component is mounting
📡 Supabase client available: [33mtrue[39m
✅ Customers loaded from offline service: []
🏁 Setting loading to false
🚀 Customers component is mounting
📡 Supabase client available: [33mtrue[39m

[90mstdout[2m | src/test/unit/Dashboard.test.tsx[2m > [22m[2mDashboard Component[2m > [22m[2mDashboard Stats[2m > [22m[2mshould display deal statistics
[22m[39m📱 Loading dashboard data from offline service

[90mstdout[2m | src/pages/Customers.test.tsx[2m > [22m[2mCustomers[2m > [22m[2merror handling[2m > [22m[2mshould handle create customer error
[22m[39m🚀 Customers component is mounting
📡 Supabase client available: [33mtrue[39m
🔥 useEffect triggered - calling loadCustomers
🔄 Starting loadCustomers function
📱 Loading customers from offline service

[90mstdout[2m | src/pages/Customers.test.tsx[2m > [22m[2mCustomers[2m > [22m[2merror handling[2m > [22m[2mshould handle create customer error
[22m[39m✅ Customers loaded from offline service: []
🏁 Setting loading to false

[90mstdout[2m | src/pages/Customers.test.tsx[2m > [22m[2mCustomers[2m > [22m[2merror handling[2m > [22m[2mshould handle create customer error
[22m[39m🚀 Customers component is mounting
📡 Supabase client available: [33mtrue[39m

[90mstdout[2m | src/pages/Customers.test.tsx[2m > [22m[2mCustomers[2m > [22m[2merror handling[2m > [22m[2mshould handle create customer error
[22m[39m🚀 Customers component is mounting
📡 Supabase client available: [33mtrue[39m

[90mstdout[2m | src/pages/Customers.test.tsx[2m > [22m[2mCustomers[2m > [22m[2merror handling[2m > [22m[2mshould handle create customer error
[22m[39m🚀 Customers component is mounting
📡 Supabase client available: [33mtrue[39m

[90mstdout[2m | src/pages/Customers.test.tsx[2m > [22m[2mCustomers[2m > [22m[2merror handling[2m > [22m[2mshould handle create customer error
[22m[39m🚀 Customers component is mounting
📡 Supabase client available: [33mtrue[39m

[90mstdout[2m | src/pages/Customers.test.tsx[2m > [22m[2mCustomers[2m > [22m[2merror handling[2m > [22m[2mshould handle create customer error
[22m[39m🚀 Customers component is mounting
📡 Supabase client available: [33mtrue[39m

[90mstdout[2m | src/pages/Customers.test.tsx[2m > [22m[2mCustomers[2m > [22m[2merror handling[2m > [22m[2mshould handle create customer error
[22m[39m🚀 Customers component is mounting
📡 Supabase client available: [33mtrue[39m

[90mstdout[2m | src/pages/Customers.test.tsx[2m > [22m[2mCustomers[2m > [22m[2merror handling[2m > [22m[2mshould handle create customer error
[22m[39m🚀 Customers component is mounting
📡 Supabase client available: [33mtrue[39m

[90mstdout[2m | src/pages/Customers.test.tsx[2m > [22m[2mCustomers[2m > [22m[2merror handling[2m > [22m[2mshould handle create customer error
[22m[39m🚀 Customers component is mounting
📡 Supabase client available: [33mtrue[39m

[90mstdout[2m | src/pages/Customers.test.tsx[2m > [22m[2mCustomers[2m > [22m[2merror handling[2m > [22m[2mshould handle create customer error
[22m[39m🚀 Customers component is mounting
📡 Supabase client available: [33mtrue[39m

[90mstdout[2m | src/pages/Customers.test.tsx[2m > [22m[2mCustomers[2m > [22m[2merror handling[2m > [22m[2mshould handle create customer error
[22m[39m🚀 Customers component is mounting
📡 Supabase client available: [33mtrue[39m

[90mstdout[2m | src/pages/Customers.test.tsx[2m > [22m[2mCustomers[2m > [22m[2merror handling[2m > [22m[2mshould handle create customer error
[22m[39m🚀 Customers component is mounting
📡 Supabase client available: [33mtrue[39m

[90mstdout[2m | src/pages/Customers.test.tsx[2m > [22m[2mCustomers[2m > [22m[2merror handling[2m > [22m[2mshould handle create customer error
[22m[39m🚀 Customers component is mounting
📡 Supabase client available: [33mtrue[39m

[90mstdout[2m | src/pages/Customers.test.tsx[2m > [22m[2mCustomers[2m > [22m[2merror handling[2m > [22m[2mshould handle create customer error
[22m[39m🚀 Customers component is mounting
📡 Supabase client available: [33mtrue[39m

[90mstdout[2m | src/pages/Customers.test.tsx[2m > [22m[2mCustomers[2m > [22m[2merror handling[2m > [22m[2mshould handle create customer error
[22m[39m🚀 Customers component is mounting
📡 Supabase client available: [33mtrue[39m

 [31m❯[39m src/components/invoices/BatchDownloadModal.test.tsx [2m([22m[2m15 tests[22m[2m | [22m[31m11 failed[39m[2m)[22m[33m 2058[2mms[22m[39m
[31m   [31m×[31m BatchDownloadModal[2m > [22mshould render the modal with invoice selection[39m[33m 457[2mms[22m[39m
[31m     → Unable to find an element with the text: Select invoices to download:. This could be because the text is broken up by multiple elements. In this case, you can provide a function for your text matcher to make your matcher more flexible.

Ignored nodes: comments, script, style
[36m<body>[31m
  [36m<div>[31m
    [36m<div[31m
      [33mclass[31m=[32m"fixed inset-0 bg-black/50 flex items-center justify-center z-50"[31m
    [36m>[31m
      [36m<div[31m
        [33mclass[31m=[32m"bg-white rounded-lg shadow-xl w-full max-w-4xl max-h-[90vh] overflow-hidden"[31m
      [36m>[31m
        [36m<div[31m
          [33mclass[31m=[32m"flex items-center justify-between p-6 border-b"[31m
        [36m>[31m
          [36m<div[31m
            [33mclass[31m=[32m"flex items-center space-x-3"[31m
          [36m>[31m
            [36m<svg[31m
              [33mclass[31m=[32m"lucide lucide-package h-6 w-6 text-blue-600"[31m
              [33mfill[31m=[32m"none"[31m
              [33mheight[31m=[32m"24"[31m
              [33mstroke[31m=[32m"currentColor"[31m
              [33mstroke-linecap[31m=[32m"round"[31m
              [33mstroke-linejoin[31m=[32m"round"[31m
              [33mstroke-width[31m=[32m"2"[31m
              [33mviewBox[31m=[32m"0 0 24 24"[31m
              [33mwidth[31m=[32m"24"[31m
              [33mxmlns[31m=[32m"http://www.w3.org/2000/svg"[31m
            [36m>[31m
              [36m<path[31m
                [33md[31m=[32m"M11 21.73a2 2 0 0 0 2 0l7-4A2 2 0 0 0 21 16V8a2 2 0 0 0-1-1.73l-7-4a2 2 0 0 0-2 0l-7 4A2 2 0 0 0 3 8v8a2 2 0 0 0 1 1.73z"[31m
              [36m/>[31m
              [36m<path[31m
                [33md[31m=[32m"M12 22V12"[31m
              [36m/>[31m
              [36m<path[31m
                [33md[31m=[32m"m3.3 7 7.703 4.734a2 2 0 0 0 1.994 0L20.7 7"[31m
              [36m/>[31m
              [36m<path[31m
                [33md[31m=[32m"m7.5 4.27 9 5.15"[31m
              [36m/>[31m
            [36m</svg>[31m
            [36m<div>[31m
              [36m<h2[31m
                [33mclass[31m=[32m"text-2xl font-bold"[31m
              [36m>[31m
                [0mBatch Download Invoices[0m
              [36m</h2>[31m
              [36m<p[31m
                [33mclass[31m=[32m"text-gray-600"[31m
              [36m>[31m
                [0mSelect invoices to download in bulk[0m
              [36m</p>[31m
            [36m</div>[31m
          [36m</div>[31m
          [36m<button[31m
            [33mclass[31m=[32m"inline-flex items-center justify-center gap-2 whitespace-nowrap rounded-md text-sm font-medium ring-offset-background transition-colors focus-visible:outline-none focus-visible:ring-2 focus-visible:ring-ring focus-visible:ring-offset-2 disabled:pointer-events-none disabled:opacity-50 [&_svg]:pointer-events-none [&_svg]:size-4 [&_svg]:shrink-0 hover:bg-accent hover:text-accent-foreground h-10 px-4 py-2"[31m
          [36m>[31m
            [36m<svg[31m
              [33mclass[31m=[32m"lucide lucide-x h-4 w-4"[31m
              [33mfill[31m=[32m"none"[31m
              [33mheight[31m=[32m"24"[31m
              [33mstroke[31m=[32m"currentColor"[31m
              [33mstroke-linecap[31m=[32m"round"[31m
              [33mstroke-linejoin[31m=[32m"round"[31m
              [33mstroke-width[31m=[32m"2"[31m
              [33mviewBox[31m=[32m"0 0 24 24"[31m
              [33mwidth[31m=[32m"24"[31m
              [33mxmlns[31m=[32m"http://www.w3.org/2000/svg"[31m
            [36m>[31m
              [36m<path[31m
                [33md[31m=[32m"M18 6 6 18"[31m
              [36m/>[31m
              [36m<path[31m
                [33md[31m=[32m"m6 6 12 12"[31m
              [36m/>[31m
            [36m</svg>[31m
          [36m</button>[31m
        [36m</div>[31m
        [36m<div[31m
          [33mclass[31m=[32m"p-6"[31m
        [36m>[31m
          [36m<div[31m
            [33mclass[31m=[32m"grid grid-cols-1 lg:grid-cols-3 gap-6"[31m
          [36m>[31m
            [36m<div[31m
              [33mclass[31m=[32m"lg:col-span-2"[31m
            [36m>[31m
              [36m<div[31m
                [33mclass[31m=[32m"rounded-lg border bg-card text-card-foreground shadow-sm"[31m
              [36m>[31m
                [36m<div[31m
                  [33mclass[31m=[32m"flex flex-col space-y-1.5 p-6"[31m
                [36m>[31m
                  [36m<div[31m
                    [33mclass[31m=[32m"flex items-center justify-between"[31m
                  [36m>[31m
                    [36m<div>[31m
                      [36m<h3[31m
                        [33mclass[31m=[32m"text-2xl font-semibold leading-none tracking-tight"[31m
                      [36m>[31m
                        [0mSelect Invoices[0m
                      [36m</h3>[31m
                      [36m<p[31m
                        [33mclass[31m=[32m"text-sm text-muted-foreground"[31m
                      [36m>[31m
                        [0mChoose which invoices to include in the batch download[0m
                      [36m</p>[31m
                    [36m</div>[31m
                    [36m<div[31m
                      [33mclass[31m=[32m"flex items-center space-x-2"[31m
                    [36m>[31m
                      [36m<div[31m
                        [33mclass[31m=[32m"relative inline-flex items-center"[31m
                      [36m>[31m
                        [36m<input[31m
                          [33mclass[31m=[32m"peer h-4 w-4 shrink-0 rounded-sm border border-gray-300 bg-white focus:outline-none focus:ring-2 focus:ring-blue-500 focus:ring-offset-2 disabled:cursor-not-allowed disabled:opacity-50 sr-only"[31m
                          [33mid[31m=[32m"select-all"[31m
                          [33mtype[31m=[32m"checkbox"[31m
                        [36m/>[31m
                        [36m<div[31m
                          [33mclass[31m=[32m"h-4 w-4 rounded-sm border border-gray-300 bg-white peer-checked:bg-blue-600 peer-checked:border-blue-600 peer-focus:ring-2 peer-focus:ring-blue-500 peer-focus:ring-offset-2 flex items-center justify-center"[31m
                        [36m>[31m
                          [36m<svg[31m
                            [33mclass[31m=[32m"lucide lucide-check h-3 w-3 text-white opacity-0 peer-checked:opacity-100"[31m
                            [33mfill[31m=[32m"none"[31m
                            [33mheight[31m=[32m"24"[31m
                            [33mstroke[31m=[32m"currentColor"[31m
                            [33mstroke-linecap[31m=[32m"round"[31m
                            [33mstroke-linejoin[31m=[32m"round"[31m
                            [33mstroke-width[31m=[32m"2"[31m
                            [33mviewBox[31m=[32m"0 0 24 24"[31m
                            [33mwidth[31m=[32m"24"[31m
                            [33mxmlns[31m=[32m"http://www.w3.org/2000/svg"[31m
                          [36m>[31m
                            [36m<path[31m
                              ...[39m
   [32m✓[39m BatchDownloadModal[2m > [22mshould allow selecting and deselecting invoices[32m 272[2mms[22m[39m
   [32m✓[39m BatchDownloadModal[2m > [22mshould handle select all functionality[32m 137[2mms[22m[39m
[31m   [31m×[31m BatchDownloadModal[2m > [22mshould render export format options[39m[32m 99[2mms[22m[39m
[31m     → Unable to find an element with the text: Export Format:. This could be because the text is broken up by multiple elements. In this case, you can provide a function for your text matcher to make your matcher more flexible.

Ignored nodes: comments, script, style
[36m<body>[31m
  [36m<div>[31m
    [36m<div[31m
      [33mclass[31m=[32m"fixed inset-0 bg-black/50 flex items-center justify-center z-50"[31m
    [36m>[31m
      [36m<div[31m
        [33mclass[31m=[32m"bg-white rounded-lg shadow-xl w-full max-w-4xl max-h-[90vh] overflow-hidden"[31m
      [36m>[31m
        [36m<div[31m
          [33mclass[31m=[32m"flex items-center justify-between p-6 border-b"[31m
        [36m>[31m
          [36m<div[31m
            [33mclass[31m=[32m"flex items-center space-x-3"[31m
          [36m>[31m
            [36m<svg[31m
              [33mclass[31m=[32m"lucide lucide-package h-6 w-6 text-blue-600"[31m
              [33mfill[31m=[32m"none"[31m
              [33mheight[31m=[32m"24"[31m
              [33mstroke[31m=[32m"currentColor"[31m
              [33mstroke-linecap[31m=[32m"round"[31m
              [33mstroke-linejoin[31m=[32m"round"[31m
              [33mstroke-width[31m=[32m"2"[31m
              [33mviewBox[31m=[32m"0 0 24 24"[31m
              [33mwidth[31m=[32m"24"[31m
              [33mxmlns[31m=[32m"http://www.w3.org/2000/svg"[31m
            [36m>[31m
              [36m<path[31m
                [33md[31m=[32m"M11 21.73a2 2 0 0 0 2 0l7-4A2 2 0 0 0 21 16V8a2 2 0 0 0-1-1.73l-7-4a2 2 0 0 0-2 0l-7 4A2 2 0 0 0 3 8v8a2 2 0 0 0 1 1.73z"[31m
              [36m/>[31m
              [36m<path[31m
                [33md[31m=[32m"M12 22V12"[31m
              [36m/>[31m
              [36m<path[31m
                [33md[31m=[32m"m3.3 7 7.703 4.734a2 2 0 0 0 1.994 0L20.7 7"[31m
              [36m/>[31m
              [36m<path[31m
                [33md[31m=[32m"m7.5 4.27 9 5.15"[31m
              [36m/>[31m
            [36m</svg>[31m
            [36m<div>[31m
              [36m<h2[31m
                [33mclass[31m=[32m"text-2xl font-bold"[31m
              [36m>[31m
                [0mBatch Download Invoices[0m
              [36m</h2>[31m
              [36m<p[31m
                [33mclass[31m=[32m"text-gray-600"[31m
              [36m>[31m
                [0mSelect invoices to download in bulk[0m
              [36m</p>[31m
            [36m</div>[31m
          [36m</div>[31m
          [36m<button[31m
            [33mclass[31m=[32m"inline-flex items-center justify-center gap-2 whitespace-nowrap rounded-md text-sm font-medium ring-offset-background transition-colors focus-visible:outline-none focus-visible:ring-2 focus-visible:ring-ring focus-visible:ring-offset-2 disabled:pointer-events-none disabled:opacity-50 [&_svg]:pointer-events-none [&_svg]:size-4 [&_svg]:shrink-0 hover:bg-accent hover:text-accent-foreground h-10 px-4 py-2"[31m
          [36m>[31m
            [36m<svg[31m
              [33mclass[31m=[32m"lucide lucide-x h-4 w-4"[31m
              [33mfill[31m=[32m"none"[31m
              [33mheight[31m=[32m"24"[31m
              [33mstroke[31m=[32m"currentColor"[31m
              [33mstroke-linecap[31m=[32m"round"[31m
              [33mstroke-linejoin[31m=[32m"round"[31m
              [33mstroke-width[31m=[32m"2"[31m
              [33mviewBox[31m=[32m"0 0 24 24"[31m
              [33mwidth[31m=[32m"24"[31m
              [33mxmlns[31m=[32m"http://www.w3.org/2000/svg"[31m
            [36m>[31m
              [36m<path[31m
                [33md[31m=[32m"M18 6 6 18"[31m
              [36m/>[31m
              [36m<path[31m
                [33md[31m=[32m"m6 6 12 12"[31m
              [36m/>[31m
            [36m</svg>[31m
          [36m</button>[31m
        [36m</div>[31m
        [36m<div[31m
          [33mclass[31m=[32m"p-6"[31m
        [36m>[31m
          [36m<div[31m
            [33mclass[31m=[32m"grid grid-cols-1 lg:grid-cols-3 gap-6"[31m
          [36m>[31m
            [36m<div[31m
              [33mclass[31m=[32m"lg:col-span-2"[31m
            [36m>[31m
              [36m<div[31m
                [33mclass[31m=[32m"rounded-lg border bg-card text-card-foreground shadow-sm"[31m
              [36m>[31m
                [36m<div[31m
                  [33mclass[31m=[32m"flex flex-col space-y-1.5 p-6"[31m
                [36m>[31m
                  [36m<div[31m
                    [33mclass[31m=[32m"flex items-center justify-between"[31m
                  [36m>[31m
                    [36m<div>[31m
                      [36m<h3[31m
                        [33mclass[31m=[32m"text-2xl font-semibold leading-none tracking-tight"[31m
                      [36m>[31m
                        [0mSelect Invoices[0m
                      [36m</h3>[31m
                      [36m<p[31m
                        [33mclass[31m=[32m"text-sm text-muted-foreground"[31m
                      [36m>[31m
                        [0mChoose which invoices to include in the batch download[0m
                      [36m</p>[31m
                    [36m</div>[31m
                    [36m<div[31m
                      [33mclass[31m=[32m"flex items-center space-x-2"[31m
                    [36m>[31m
                      [36m<div[31m
                        [33mclass[31m=[32m"relative inline-flex items-center"[31m
                      [36m>[31m
                        [36m<input[31m
                          [33mclass[31m=[32m"peer h-4 w-4 shrink-0 rounded-sm border border-gray-300 bg-white focus:outline-none focus:ring-2 focus:ring-blue-500 focus:ring-offset-2 disabled:cursor-not-allowed disabled:opacity-50 sr-only"[31m
                          [33mid[31m=[32m"select-all"[31m
                          [33mtype[31m=[32m"checkbox"[31m
                        [36m/>[31m
                        [36m<div[31m
                          [33mclass[31m=[32m"h-4 w-4 rounded-sm border border-gray-300 bg-white peer-checked:bg-blue-600 peer-checked:border-blue-600 peer-focus:ring-2 peer-focus:ring-blue-500 peer-focus:ring-offset-2 flex items-center justify-center"[31m
                        [36m>[31m
                          [36m<svg[31m
                            [33mclass[31m=[32m"lucide lucide-check h-3 w-3 text-white opacity-0 peer-checked:opacity-100"[31m
                            [33mfill[31m=[32m"none"[31m
                            [33mheight[31m=[32m"24"[31m
                            [33mstroke[31m=[32m"currentColor"[31m
                            [33mstroke-linecap[31m=[32m"round"[31m
                            [33mstroke-linejoin[31m=[32m"round"[31m
                            [33mstroke-width[31m=[32m"2"[31m
                            [33mviewBox[31m=[32m"0 0 24 24"[31m
                            [33mwidth[31m=[32m"24"[31m
                            [33mxmlns[31m=[32m"http://www.w3.org/2000/svg"[31m
                          [36m>[31m
                            [36m<path[31m
                              ...[39m
[31m   [31m×[31m BatchDownloadModal[2m > [22mshould allow changing export format[39m[32m 112[2mms[22m[39m
[31m     → Unable to find a label with the text of: PDF

Ignored nodes: comments, script, style
[36m<body>[31m
  [36m<div>[31m
    [36m<div[31m
      [33mclass[31m=[32m"fixed inset-0 bg-black/50 flex items-center justify-center z-50"[31m
    [36m>[31m
      [36m<div[31m
        [33mclass[31m=[32m"bg-white rounded-lg shadow-xl w-full max-w-4xl max-h-[90vh] overflow-hidden"[31m
      [36m>[31m
        [36m<div[31m
          [33mclass[31m=[32m"flex items-center justify-between p-6 border-b"[31m
        [36m>[31m
          [36m<div[31m
            [33mclass[31m=[32m"flex items-center space-x-3"[31m
          [36m>[31m
            [36m<svg[31m
              [33mclass[31m=[32m"lucide lucide-package h-6 w-6 text-blue-600"[31m
              [33mfill[31m=[32m"none"[31m
              [33mheight[31m=[32m"24"[31m
              [33mstroke[31m=[32m"currentColor"[31m
              [33mstroke-linecap[31m=[32m"round"[31m
              [33mstroke-linejoin[31m=[32m"round"[31m
              [33mstroke-width[31m=[32m"2"[31m
              [33mviewBox[31m=[32m"0 0 24 24"[31m
              [33mwidth[31m=[32m"24"[31m
              [33mxmlns[31m=[32m"http://www.w3.org/2000/svg"[31m
            [36m>[31m
              [36m<path[31m
                [33md[31m=[32m"M11 21.73a2 2 0 0 0 2 0l7-4A2 2 0 0 0 21 16V8a2 2 0 0 0-1-1.73l-7-4a2 2 0 0 0-2 0l-7 4A2 2 0 0 0 3 8v8a2 2 0 0 0 1 1.73z"[31m
              [36m/>[31m
              [36m<path[31m
                [33md[31m=[32m"M12 22V12"[31m
              [36m/>[31m
              [36m<path[31m
                [33md[31m=[32m"m3.3 7 7.703 4.734a2 2 0 0 0 1.994 0L20.7 7"[31m
              [36m/>[31m
              [36m<path[31m
                [33md[31m=[32m"m7.5 4.27 9 5.15"[31m
              [36m/>[31m
            [36m</svg>[31m
            [36m<div>[31m
              [36m<h2[31m
                [33mclass[31m=[32m"text-2xl font-bold"[31m
              [36m>[31m
                [0mBatch Download Invoices[0m
              [36m</h2>[31m
              [36m<p[31m
                [33mclass[31m=[32m"text-gray-600"[31m
              [36m>[31m
                [0mSelect invoices to download in bulk[0m
              [36m</p>[31m
            [36m</div>[31m
          [36m</div>[31m
          [36m<button[31m
            [33mclass[31m=[32m"inline-flex items-center justify-center gap-2 whitespace-nowrap rounded-md text-sm font-medium ring-offset-background transition-colors focus-visible:outline-none focus-visible:ring-2 focus-visible:ring-ring focus-visible:ring-offset-2 disabled:pointer-events-none disabled:opacity-50 [&_svg]:pointer-events-none [&_svg]:size-4 [&_svg]:shrink-0 hover:bg-accent hover:text-accent-foreground h-10 px-4 py-2"[31m
          [36m>[31m
            [36m<svg[31m
              [33mclass[31m=[32m"lucide lucide-x h-4 w-4"[31m
              [33mfill[31m=[32m"none"[31m
              [33mheight[31m=[32m"24"[31m
              [33mstroke[31m=[32m"currentColor"[31m
              [33mstroke-linecap[31m=[32m"round"[31m
              [33mstroke-linejoin[31m=[32m"round"[31m
              [33mstroke-width[31m=[32m"2"[31m
              [33mviewBox[31m=[32m"0 0 24 24"[31m
              [33mwidth[31m=[32m"24"[31m
              [33mxmlns[31m=[32m"http://www.w3.org/2000/svg"[31m
            [36m>[31m
              [36m<path[31m
                [33md[31m=[32m"M18 6 6 18"[31m
              [36m/>[31m
              [36m<path[31m
                [33md[31m=[32m"m6 6 12 12"[31m
              [36m/>[31m
            [36m</svg>[31m
          [36m</button>[31m
        [36m</div>[31m
        [36m<div[31m
          [33mclass[31m=[32m"p-6"[31m
        [36m>[31m
          [36m<div[31m
            [33mclass[31m=[32m"grid grid-cols-1 lg:grid-cols-3 gap-6"[31m
          [36m>[31m
            [36m<div[31m
              [33mclass[31m=[32m"lg:col-span-2"[31m
            [36m>[31m
              [36m<div[31m
                [33mclass[31m=[32m"rounded-lg border bg-card text-card-foreground shadow-sm"[31m
              [36m>[31m
                [36m<div[31m
                  [33mclass[31m=[32m"flex flex-col space-y-1.5 p-6"[31m
                [36m>[31m
                  [36m<div[31m
                    [33mclass[31m=[32m"flex items-center justify-between"[31m
                  [36m>[31m
                    [36m<div>[31m
                      [36m<h3[31m
                        [33mclass[31m=[32m"text-2xl font-semibold leading-none tracking-tight"[31m
                      [36m>[31m
                        [0mSelect Invoices[0m
                      [36m</h3>[31m
                      [36m<p[31m
                        [33mclass[31m=[32m"text-sm text-muted-foreground"[31m
                      [36m>[31m
                        [0mChoose which invoices to include in the batch download[0m
                      [36m</p>[31m
                    [36m</div>[31m
                    [36m<div[31m
                      [33mclass[31m=[32m"flex items-center space-x-2"[31m
                    [36m>[31m
                      [36m<div[31m
                        [33mclass[31m=[32m"relative inline-flex items-center"[31m
                      [36m>[31m
                        [36m<input[31m
                          [33mclass[31m=[32m"peer h-4 w-4 shrink-0 rounded-sm border border-gray-300 bg-white focus:outline-none focus:ring-2 focus:ring-blue-500 focus:ring-offset-2 disabled:cursor-not-allowed disabled:opacity-50 sr-only"[31m
                          [33mid[31m=[32m"select-all"[31m
                          [33mtype[31m=[32m"checkbox"[31m
                        [36m/>[31m
                        [36m<div[31m
                          [33mclass[31m=[32m"h-4 w-4 rounded-sm border border-gray-300 bg-white peer-checked:bg-blue-600 peer-checked:border-blue-600 peer-focus:ring-2 peer-focus:ring-blue-500 peer-focus:ring-offset-2 flex items-center justify-center"[31m
                        [36m>[31m
                          [36m<svg[31m
                            [33mclass[31m=[32m"lucide lucide-check h-3 w-3 text-white opacity-0 peer-checked:opacity-100"[31m
                            [33mfill[31m=[32m"none"[31m
                            [33mheight[31m=[32m"24"[31m
                            [33mstroke[31m=[32m"currentColor"[31m
                            [33mstroke-linecap[31m=[32m"round"[31m
                            [33mstroke-linejoin[31m=[32m"round"[31m
                            [33mstroke-width[31m=[32m"2"[31m
                            [33mviewBox[31m=[32m"0 0 24 24"[31m
                            [33mwidth[31m=[32m"24"[31m
                            [33mxmlns[31m=[32m"http://www.w3.org/2000/svg"[31m
                          [36m>[31m
                            [36m<path[31m
                              ...[39m
[31m   [31m×[31m BatchDownloadModal[2m > [22mshould disable download button when no invoices are selected[39m[32m 81[2mms[22m[39m
[31m     → Unable to find an element with the text: Download Selected. This could be because the text is broken up by multiple elements. In this case, you can provide a function for your text matcher to make your matcher more flexible.

Ignored nodes: comments, script, style
[36m<body>[31m
  [36m<div>[31m
    [36m<div[31m
      [33mclass[31m=[32m"fixed inset-0 bg-black/50 flex items-center justify-center z-50"[31m
    [36m>[31m
      [36m<div[31m
        [33mclass[31m=[32m"bg-white rounded-lg shadow-xl w-full max-w-4xl max-h-[90vh] overflow-hidden"[31m
      [36m>[31m
        [36m<div[31m
          [33mclass[31m=[32m"flex items-center justify-between p-6 border-b"[31m
        [36m>[31m
          [36m<div[31m
            [33mclass[31m=[32m"flex items-center space-x-3"[31m
          [36m>[31m
            [36m<svg[31m
              [33mclass[31m=[32m"lucide lucide-package h-6 w-6 text-blue-600"[31m
              [33mfill[31m=[32m"none"[31m
              [33mheight[31m=[32m"24"[31m
              [33mstroke[31m=[32m"currentColor"[31m
              [33mstroke-linecap[31m=[32m"round"[31m
              [33mstroke-linejoin[31m=[32m"round"[31m
              [33mstroke-width[31m=[32m"2"[31m
              [33mviewBox[31m=[32m"0 0 24 24"[31m
              [33mwidth[31m=[32m"24"[31m
              [33mxmlns[31m=[32m"http://www.w3.org/2000/svg"[31m
            [36m>[31m
              [36m<path[31m
                [33md[31m=[32m"M11 21.73a2 2 0 0 0 2 0l7-4A2 2 0 0 0 21 16V8a2 2 0 0 0-1-1.73l-7-4a2 2 0 0 0-2 0l-7 4A2 2 0 0 0 3 8v8a2 2 0 0 0 1 1.73z"[31m
              [36m/>[31m
              [36m<path[31m
                [33md[31m=[32m"M12 22V12"[31m
              [36m/>[31m
              [36m<path[31m
                [33md[31m=[32m"m3.3 7 7.703 4.734a2 2 0 0 0 1.994 0L20.7 7"[31m
              [36m/>[31m
              [36m<path[31m
                [33md[31m=[32m"m7.5 4.27 9 5.15"[31m
              [36m/>[31m
            [36m</svg>[31m
            [36m<div>[31m
              [36m<h2[31m
                [33mclass[31m=[32m"text-2xl font-bold"[31m
              [36m>[31m
                [0mBatch Download Invoices[0m
              [36m</h2>[31m
              [36m<p[31m
                [33mclass[31m=[32m"text-gray-600"[31m
              [36m>[31m
                [0mSelect invoices to download in bulk[0m
              [36m</p>[31m
            [36m</div>[31m
          [36m</div>[31m
          [36m<button[31m
            [33mclass[31m=[32m"inline-flex items-center justify-center gap-2 whitespace-nowrap rounded-md text-sm font-medium ring-offset-background transition-colors focus-visible:outline-none focus-visible:ring-2 focus-visible:ring-ring focus-visible:ring-offset-2 disabled:pointer-events-none disabled:opacity-50 [&_svg]:pointer-events-none [&_svg]:size-4 [&_svg]:shrink-0 hover:bg-accent hover:text-accent-foreground h-10 px-4 py-2"[31m
          [36m>[31m
            [36m<svg[31m
              [33mclass[31m=[32m"lucide lucide-x h-4 w-4"[31m
              [33mfill[31m=[32m"none"[31m
              [33mheight[31m=[32m"24"[31m
              [33mstroke[31m=[32m"currentColor"[31m
              [33mstroke-linecap[31m=[32m"round"[31m
              [33mstroke-linejoin[31m=[32m"round"[31m
              [33mstroke-width[31m=[32m"2"[31m
              [33mviewBox[31m=[32m"0 0 24 24"[31m
              [33mwidth[31m=[32m"24"[31m
              [33mxmlns[31m=[32m"http://www.w3.org/2000/svg"[31m
            [36m>[31m
              [36m<path[31m
                [33md[31m=[32m"M18 6 6 18"[31m
              [36m/>[31m
              [36m<path[31m
                [33md[31m=[32m"m6 6 12 12"[31m
              [36m/>[31m
            [36m</svg>[31m
          [36m</button>[31m
        [36m</div>[31m
        [36m<div[31m
          [33mclass[31m=[32m"p-6"[31m
        [36m>[31m
          [36m<div[31m
            [33mclass[31m=[32m"grid grid-cols-1 lg:grid-cols-3 gap-6"[31m
          [36m>[31m
            [36m<div[31m
              [33mclass[31m=[32m"lg:col-span-2"[31m
            [36m>[31m
              [36m<div[31m
                [33mclass[31m=[32m"rounded-lg border bg-card text-card-foreground shadow-sm"[31m
              [36m>[31m
                [36m<div[31m
                  [33mclass[31m=[32m"flex flex-col space-y-1.5 p-6"[31m
                [36m>[31m
                  [36m<div[31m
                    [33mclass[31m=[32m"flex items-center justify-between"[31m
                  [36m>[31m
                    [36m<div>[31m
                      [36m<h3[31m
                        [33mclass[31m=[32m"text-2xl font-semibold leading-none tracking-tight"[31m
                      [36m>[31m
                        [0mSelect Invoices[0m
                      [36m</h3>[31m
                      [36m<p[31m
                        [33mclass[31m=[32m"text-sm text-muted-foreground"[31m
                      [36m>[31m
                        [0mChoose which invoices to include in the batch download[0m
                      [36m</p>[31m
                    [36m</div>[31m
                    [36m<div[31m
                      [33mclass[31m=[32m"flex items-center space-x-2"[31m
                    [36m>[31m
                      [36m<div[31m
                        [33mclass[31m=[32m"relative inline-flex items-center"[31m
                      [36m>[31m
                        [36m<input[31m
                          [33mclass[31m=[32m"peer h-4 w-4 shrink-0 rounded-sm border border-gray-300 bg-white focus:outline-none focus:ring-2 focus:ring-blue-500 focus:ring-offset-2 disabled:cursor-not-allowed disabled:opacity-50 sr-only"[31m
                          [33mid[31m=[32m"select-all"[31m
                          [33mtype[31m=[32m"checkbox"[31m
                        [36m/>[31m
                        [36m<div[31m
                          [33mclass[31m=[32m"h-4 w-4 rounded-sm border border-gray-300 bg-white peer-checked:bg-blue-600 peer-checked:border-blue-600 peer-focus:ring-2 peer-focus:ring-blue-500 peer-focus:ring-offset-2 flex items-center justify-center"[31m
                        [36m>[31m
                          [36m<svg[31m
                            [33mclass[31m=[32m"lucide lucide-check h-3 w-3 text-white opacity-0 peer-checked:opacity-100"[31m
                            [33mfill[31m=[32m"none"[31m
                            [33mheight[31m=[32m"24"[31m
                            [33mstroke[31m=[32m"currentColor"[31m
                            [33mstroke-linecap[31m=[32m"round"[31m
                            [33mstroke-linejoin[31m=[32m"round"[31m
                            [33mstroke-width[31m=[32m"2"[31m
                            [33mviewBox[31m=[32m"0 0 24 24"[31m
                            [33mwidth[31m=[32m"24"[31m
                            [33mxmlns[31m=[32m"http://www.w3.org/2000/svg"[31m
                          [36m>[31m
                            [36m<path[31m
                              ...[39m
[31m   [31m×[31m BatchDownloadModal[2m > [22mshould enable download button when invoices are selected[39m[32m 127[2mms[22m[39m
[31m     → Unable to find an element with the text: Download Selected. This could be because the text is broken up by multiple elements. In this case, you can provide a function for your text matcher to make your matcher more flexible.

Ignored nodes: comments, script, style
[36m<body>[31m
  [36m<div>[31m
    [36m<div[31m
      [33mclass[31m=[32m"fixed inset-0 bg-black/50 flex items-center justify-center z-50"[31m
    [36m>[31m
      [36m<div[31m
        [33mclass[31m=[32m"bg-white rounded-lg shadow-xl w-full max-w-4xl max-h-[90vh] overflow-hidden"[31m
      [36m>[31m
        [36m<div[31m
          [33mclass[31m=[32m"flex items-center justify-between p-6 border-b"[31m
        [36m>[31m
          [36m<div[31m
            [33mclass[31m=[32m"flex items-center space-x-3"[31m
          [36m>[31m
            [36m<svg[31m
              [33mclass[31m=[32m"lucide lucide-package h-6 w-6 text-blue-600"[31m
              [33mfill[31m=[32m"none"[31m
              [33mheight[31m=[32m"24"[31m
              [33mstroke[31m=[32m"currentColor"[31m
              [33mstroke-linecap[31m=[32m"round"[31m
              [33mstroke-linejoin[31m=[32m"round"[31m
              [33mstroke-width[31m=[32m"2"[31m
              [33mviewBox[31m=[32m"0 0 24 24"[31m
              [33mwidth[31m=[32m"24"[31m
              [33mxmlns[31m=[32m"http://www.w3.org/2000/svg"[31m
            [36m>[31m
              [36m<path[31m
                [33md[31m=[32m"M11 21.73a2 2 0 0 0 2 0l7-4A2 2 0 0 0 21 16V8a2 2 0 0 0-1-1.73l-7-4a2 2 0 0 0-2 0l-7 4A2 2 0 0 0 3 8v8a2 2 0 0 0 1 1.73z"[31m
              [36m/>[31m
              [36m<path[31m
                [33md[31m=[32m"M12 22V12"[31m
              [36m/>[31m
              [36m<path[31m
                [33md[31m=[32m"m3.3 7 7.703 4.734a2 2 0 0 0 1.994 0L20.7 7"[31m
              [36m/>[31m
              [36m<path[31m
                [33md[31m=[32m"m7.5 4.27 9 5.15"[31m
              [36m/>[31m
            [36m</svg>[31m
            [36m<div>[31m
              [36m<h2[31m
                [33mclass[31m=[32m"text-2xl font-bold"[31m
              [36m>[31m
                [0mBatch Download Invoices[0m
              [36m</h2>[31m
              [36m<p[31m
                [33mclass[31m=[32m"text-gray-600"[31m
              [36m>[31m
                [0mSelect invoices to download in bulk[0m
              [36m</p>[31m
            [36m</div>[31m
          [36m</div>[31m
          [36m<button[31m
            [33mclass[31m=[32m"inline-flex items-center justify-center gap-2 whitespace-nowrap rounded-md text-sm font-medium ring-offset-background transition-colors focus-visible:outline-none focus-visible:ring-2 focus-visible:ring-ring focus-visible:ring-offset-2 disabled:pointer-events-none disabled:opacity-50 [&_svg]:pointer-events-none [&_svg]:size-4 [&_svg]:shrink-0 hover:bg-accent hover:text-accent-foreground h-10 px-4 py-2"[31m
          [36m>[31m
            [36m<svg[31m
              [33mclass[31m=[32m"lucide lucide-x h-4 w-4"[31m
              [33mfill[31m=[32m"none"[31m
              [33mheight[31m=[32m"24"[31m
              [33mstroke[31m=[32m"currentColor"[31m
              [33mstroke-linecap[31m=[32m"round"[31m
              [33mstroke-linejoin[31m=[32m"round"[31m
              [33mstroke-width[31m=[32m"2"[31m
              [33mviewBox[31m=[32m"0 0 24 24"[31m
              [33mwidth[31m=[32m"24"[31m
              [33mxmlns[31m=[32m"http://www.w3.org/2000/svg"[31m
            [36m>[31m
              [36m<path[31m
                [33md[31m=[32m"M18 6 6 18"[31m
              [36m/>[31m
              [36m<path[31m
                [33md[31m=[32m"m6 6 12 12"[31m
              [36m/>[31m
            [36m</svg>[31m
          [36m</button>[31m
        [36m</div>[31m
        [36m<div[31m
          [33mclass[31m=[32m"p-6"[31m
        [36m>[31m
          [36m<div[31m
            [33mclass[31m=[32m"grid grid-cols-1 lg:grid-cols-3 gap-6"[31m
          [36m>[31m
            [36m<div[31m
              [33mclass[31m=[32m"lg:col-span-2"[31m
            [36m>[31m
              [36m<div[31m
                [33mclass[31m=[32m"rounded-lg border bg-card text-card-foreground shadow-sm"[31m
              [36m>[31m
                [36m<div[31m
                  [33mclass[31m=[32m"flex flex-col space-y-1.5 p-6"[31m
                [36m>[31m
                  [36m<div[31m
                    [33mclass[31m=[32m"flex items-center justify-between"[31m
                  [36m>[31m
                    [36m<div>[31m
                      [36m<h3[31m
                        [33mclass[31m=[32m"text-2xl font-semibold leading-none tracking-tight"[31m
                      [36m>[31m
                        [0mSelect Invoices[0m
                      [36m</h3>[31m
                      [36m<p[31m
                        [33mclass[31m=[32m"text-sm text-muted-foreground"[31m
                      [36m>[31m
                        [0mChoose which invoices to include in the batch download[0m
                      [36m</p>[31m
                    [36m</div>[31m
                    [36m<div[31m
                      [33mclass[31m=[32m"flex items-center space-x-2"[31m
                    [36m>[31m
                      [36m<div[31m
                        [33mclass[31m=[32m"relative inline-flex items-center"[31m
                      [36m>[31m
                        [36m<input[31m
                          [33mclass[31m=[32m"peer h-4 w-4 shrink-0 rounded-sm border border-gray-300 bg-white focus:outline-none focus:ring-2 focus:ring-blue-500 focus:ring-offset-2 disabled:cursor-not-allowed disabled:opacity-50 sr-only"[31m
                          [33mid[31m=[32m"select-all"[31m
                          [33mtype[31m=[32m"checkbox"[31m
                        [36m/>[31m
                        [36m<div[31m
                          [33mclass[31m=[32m"h-4 w-4 rounded-sm border border-gray-300 bg-white peer-checked:bg-blue-600 peer-checked:border-blue-600 peer-focus:ring-2 peer-focus:ring-blue-500 peer-focus:ring-offset-2 flex items-center justify-center"[31m
                        [36m>[31m
                          [36m<svg[31m
                            [33mclass[31m=[32m"lucide lucide-check h-3 w-3 text-white opacity-0 peer-checked:opacity-100"[31m
                            [33mfill[31m=[32m"none"[31m
                            [33mheight[31m=[32m"24"[31m
                            [33mstroke[31m=[32m"currentColor"[31m
                            [33mstroke-linecap[31m=[32m"round"[31m
                            [33mstroke-linejoin[31m=[32m"round"[31m
                            [33mstroke-width[31m=[32m"2"[31m
                            [33mviewBox[31m=[32m"0 0 24 24"[31m
                            [33mwidth[31m=[32m"24"[31m
                            [33mxmlns[31m=[32m"http://www.w3.org/2000/svg"[31m
                          [36m>[31m
                            [36m<path[31m
                              ...[39m
[31m   [31m×[31m BatchDownloadModal[2m > [22mshould handle download process with progress tracking[39m[32m 133[2mms[22m[39m
[31m     → Unable to find an element with the text: Download Selected. This could be because the text is broken up by multiple elements. In this case, you can provide a function for your text matcher to make your matcher more flexible.

Ignored nodes: comments, script, style
[36m<body>[31m
  [36m<div>[31m
    [36m<div[31m
      [33mclass[31m=[32m"fixed inset-0 bg-black/50 flex items-center justify-center z-50"[31m
    [36m>[31m
      [36m<div[31m
        [33mclass[31m=[32m"bg-white rounded-lg shadow-xl w-full max-w-4xl max-h-[90vh] overflow-hidden"[31m
      [36m>[31m
        [36m<div[31m
          [33mclass[31m=[32m"flex items-center justify-between p-6 border-b"[31m
        [36m>[31m
          [36m<div[31m
            [33mclass[31m=[32m"flex items-center space-x-3"[31m
          [36m>[31m
            [36m<svg[31m
              [33mclass[31m=[32m"lucide lucide-package h-6 w-6 text-blue-600"[31m
              [33mfill[31m=[32m"none"[31m
              [33mheight[31m=[32m"24"[31m
              [33mstroke[31m=[32m"currentColor"[31m
              [33mstroke-linecap[31m=[32m"round"[31m
              [33mstroke-linejoin[31m=[32m"round"[31m
              [33mstroke-width[31m=[32m"2"[31m
              [33mviewBox[31m=[32m"0 0 24 24"[31m
              [33mwidth[31m=[32m"24"[31m
              [33mxmlns[31m=[32m"http://www.w3.org/2000/svg"[31m
            [36m>[31m
              [36m<path[31m
                [33md[31m=[32m"M11 21.73a2 2 0 0 0 2 0l7-4A2 2 0 0 0 21 16V8a2 2 0 0 0-1-1.73l-7-4a2 2 0 0 0-2 0l-7 4A2 2 0 0 0 3 8v8a2 2 0 0 0 1 1.73z"[31m
              [36m/>[31m
              [36m<path[31m
                [33md[31m=[32m"M12 22V12"[31m
              [36m/>[31m
              [36m<path[31m
                [33md[31m=[32m"m3.3 7 7.703 4.734a2 2 0 0 0 1.994 0L20.7 7"[31m
              [36m/>[31m
              [36m<path[31m
                [33md[31m=[32m"m7.5 4.27 9 5.15"[31m
              [36m/>[31m
            [36m</svg>[31m
            [36m<div>[31m
              [36m<h2[31m
                [33mclass[31m=[32m"text-2xl font-bold"[31m
              [36m>[31m
                [0mBatch Download Invoices[0m
              [36m</h2>[31m
              [36m<p[31m
                [33mclass[31m=[32m"text-gray-600"[31m
              [36m>[31m
                [0mSelect invoices to download in bulk[0m
              [36m</p>[31m
            [36m</div>[31m
          [36m</div>[31m
          [36m<button[31m
            [33mclass[31m=[32m"inline-flex items-center justify-center gap-2 whitespace-nowrap rounded-md text-sm font-medium ring-offset-background transition-colors focus-visible:outline-none focus-visible:ring-2 focus-visible:ring-ring focus-visible:ring-offset-2 disabled:pointer-events-none disabled:opacity-50 [&_svg]:pointer-events-none [&_svg]:size-4 [&_svg]:shrink-0 hover:bg-accent hover:text-accent-foreground h-10 px-4 py-2"[31m
          [36m>[31m
            [36m<svg[31m
              [33mclass[31m=[32m"lucide lucide-x h-4 w-4"[31m
              [33mfill[31m=[32m"none"[31m
              [33mheight[31m=[32m"24"[31m
              [33mstroke[31m=[32m"currentColor"[31m
              [33mstroke-linecap[31m=[32m"round"[31m
              [33mstroke-linejoin[31m=[32m"round"[31m
              [33mstroke-width[31m=[32m"2"[31m
              [33mviewBox[31m=[32m"0 0 24 24"[31m
              [33mwidth[31m=[32m"24"[31m
              [33mxmlns[31m=[32m"http://www.w3.org/2000/svg"[31m
            [36m>[31m
              [36m<path[31m
                [33md[31m=[32m"M18 6 6 18"[31m
              [36m/>[31m
              [36m<path[31m
                [33md[31m=[32m"m6 6 12 12"[31m
              [36m/>[31m
            [36m</svg>[31m
          [36m</button>[31m
        [36m</div>[31m
        [36m<div[31m
          [33mclass[31m=[32m"p-6"[31m
        [36m>[31m
          [36m<div[31m
            [33mclass[31m=[32m"grid grid-cols-1 lg:grid-cols-3 gap-6"[31m
          [36m>[31m
            [36m<div[31m
              [33mclass[31m=[32m"lg:col-span-2"[31m
            [36m>[31m
              [36m<div[31m
                [33mclass[31m=[32m"rounded-lg border bg-card text-card-foreground shadow-sm"[31m
              [36m>[31m
                [36m<div[31m
                  [33mclass[31m=[32m"flex flex-col space-y-1.5 p-6"[31m
                [36m>[31m
                  [36m<div[31m
                    [33mclass[31m=[32m"flex items-center justify-between"[31m
                  [36m>[31m
                    [36m<div>[31m
                      [36m<h3[31m
                        [33mclass[31m=[32m"text-2xl font-semibold leading-none tracking-tight"[31m
                      [36m>[31m
                        [0mSelect Invoices[0m
                      [36m</h3>[31m
                      [36m<p[31m
                        [33mclass[31m=[32m"text-sm text-muted-foreground"[31m
                      [36m>[31m
                        [0mChoose which invoices to include in the batch download[0m
                      [36m</p>[31m
                    [36m</div>[31m
                    [36m<div[31m
                      [33mclass[31m=[32m"flex items-center space-x-2"[31m
                    [36m>[31m
                      [36m<div[31m
                        [33mclass[31m=[32m"relative inline-flex items-center"[31m
                      [36m>[31m
                        [36m<input[31m
                          [33mclass[31m=[32m"peer h-4 w-4 shrink-0 rounded-sm border border-gray-300 bg-white focus:outline-none focus:ring-2 focus:ring-blue-500 focus:ring-offset-2 disabled:cursor-not-allowed disabled:opacity-50 sr-only"[31m
                          [33mid[31m=[32m"select-all"[31m
                          [33mtype[31m=[32m"checkbox"[31m
                        [36m/>[31m
                        [36m<div[31m
                          [33mclass[31m=[32m"h-4 w-4 rounded-sm border border-gray-300 bg-white peer-checked:bg-blue-600 peer-checked:border-blue-600 peer-focus:ring-2 peer-focus:ring-blue-500 peer-focus:ring-offset-2 flex items-center justify-center"[31m
                        [36m>[31m
                          [36m<svg[31m
                            [33mclass[31m=[32m"lucide lucide-check h-3 w-3 text-white opacity-0 peer-checked:opacity-100"[31m
                            [33mfill[31m=[32m"none"[31m
                            [33mheight[31m=[32m"24"[31m
                            [33mstroke[31m=[32m"currentColor"[31m
                            [33mstroke-linecap[31m=[32m"round"[31m
                            [33mstroke-linejoin[31m=[32m"round"[31m
                            [33mstroke-width[31m=[32m"2"[31m
                            [33mviewBox[31m=[32m"0 0 24 24"[31m
                            [33mwidth[31m=[32m"24"[31m
                            [33mxmlns[31m=[32m"http://www.w3.org/2000/svg"[31m
                          [36m>[31m
                            [36m<path[31m
                              ...[39m
[31m   [31m×[31m BatchDownloadModal[2m > [22mshould handle download with different formats[39m[32m 111[2mms[22m[39m
[31m     → Unable to find a label with the text of: Excel

Ignored nodes: comments, script, style
[36m<body>[31m
  [36m<div>[31m
    [36m<div[31m
      [33mclass[31m=[32m"fixed inset-0 bg-black/50 flex items-center justify-center z-50"[31m
    [36m>[31m
      [36m<div[31m
        [33mclass[31m=[32m"bg-white rounded-lg shadow-xl w-full max-w-4xl max-h-[90vh] overflow-hidden"[31m
      [36m>[31m
        [36m<div[31m
          [33mclass[31m=[32m"flex items-center justify-between p-6 border-b"[31m
        [36m>[31m
          [36m<div[31m
            [33mclass[31m=[32m"flex items-center space-x-3"[31m
          [36m>[31m
            [36m<svg[31m
              [33mclass[31m=[32m"lucide lucide-package h-6 w-6 text-blue-600"[31m
              [33mfill[31m=[32m"none"[31m
              [33mheight[31m=[32m"24"[31m
              [33mstroke[31m=[32m"currentColor"[31m
              [33mstroke-linecap[31m=[32m"round"[31m
              [33mstroke-linejoin[31m=[32m"round"[31m
              [33mstroke-width[31m=[32m"2"[31m
              [33mviewBox[31m=[32m"0 0 24 24"[31m
              [33mwidth[31m=[32m"24"[31m
              [33mxmlns[31m=[32m"http://www.w3.org/2000/svg"[31m
            [36m>[31m
              [36m<path[31m
                [33md[31m=[32m"M11 21.73a2 2 0 0 0 2 0l7-4A2 2 0 0 0 21 16V8a2 2 0 0 0-1-1.73l-7-4a2 2 0 0 0-2 0l-7 4A2 2 0 0 0 3 8v8a2 2 0 0 0 1 1.73z"[31m
              [36m/>[31m
              [36m<path[31m
                [33md[31m=[32m"M12 22V12"[31m
              [36m/>[31m
              [36m<path[31m
                [33md[31m=[32m"m3.3 7 7.703 4.734a2 2 0 0 0 1.994 0L20.7 7"[31m
              [36m/>[31m
              [36m<path[31m
                [33md[31m=[32m"m7.5 4.27 9 5.15"[31m
              [36m/>[31m
            [36m</svg>[31m
            [36m<div>[31m
              [36m<h2[31m
                [33mclass[31m=[32m"text-2xl font-bold"[31m
              [36m>[31m
                [0mBatch Download Invoices[0m
              [36m</h2>[31m
              [36m<p[31m
                [33mclass[31m=[32m"text-gray-600"[31m
              [36m>[31m
                [0mSelect invoices to download in bulk[0m
              [36m</p>[31m
            [36m</div>[31m
          [36m</div>[31m
          [36m<button[31m
            [33mclass[31m=[32m"inline-flex items-center justify-center gap-2 whitespace-nowrap rounded-md text-sm font-medium ring-offset-background transition-colors focus-visible:outline-none focus-visible:ring-2 focus-visible:ring-ring focus-visible:ring-offset-2 disabled:pointer-events-none disabled:opacity-50 [&_svg]:pointer-events-none [&_svg]:size-4 [&_svg]:shrink-0 hover:bg-accent hover:text-accent-foreground h-10 px-4 py-2"[31m
          [36m>[31m
            [36m<svg[31m
              [33mclass[31m=[32m"lucide lucide-x h-4 w-4"[31m
              [33mfill[31m=[32m"none"[31m
              [33mheight[31m=[32m"24"[31m
              [33mstroke[31m=[32m"currentColor"[31m
              [33mstroke-linecap[31m=[32m"round"[31m
              [33mstroke-linejoin[31m=[32m"round"[31m
              [33mstroke-width[31m=[32m"2"[31m
              [33mviewBox[31m=[32m"0 0 24 24"[31m
              [33mwidth[31m=[32m"24"[31m
              [33mxmlns[31m=[32m"http://www.w3.org/2000/svg"[31m
            [36m>[31m
              [36m<path[31m
                [33md[31m=[32m"M18 6 6 18"[31m
              [36m/>[31m
              [36m<path[31m
                [33md[31m=[32m"m6 6 12 12"[31m
              [36m/>[31m
            [36m</svg>[31m
          [36m</button>[31m
        [36m</div>[31m
        [36m<div[31m
          [33mclass[31m=[32m"p-6"[31m
        [36m>[31m
          [36m<div[31m
            [33mclass[31m=[32m"grid grid-cols-1 lg:grid-cols-3 gap-6"[31m
          [36m>[31m
            [36m<div[31m
              [33mclass[31m=[32m"lg:col-span-2"[31m
            [36m>[31m
              [36m<div[31m
                [33mclass[31m=[32m"rounded-lg border bg-card text-card-foreground shadow-sm"[31m
              [36m>[31m
                [36m<div[31m
                  [33mclass[31m=[32m"flex flex-col space-y-1.5 p-6"[31m
                [36m>[31m
                  [36m<div[31m
                    [33mclass[31m=[32m"flex items-center justify-between"[31m
                  [36m>[31m
                    [36m<div>[31m
                      [36m<h3[31m
                        [33mclass[31m=[32m"text-2xl font-semibold leading-none tracking-tight"[31m
                      [36m>[31m
                        [0mSelect Invoices[0m
                      [36m</h3>[31m
                      [36m<p[31m
                        [33mclass[31m=[32m"text-sm text-muted-foreground"[31m
                      [36m>[31m
                        [0mChoose which invoices to include in the batch download[0m
                      [36m</p>[31m
                    [36m</div>[31m
                    [36m<div[31m
                      [33mclass[31m=[32m"flex items-center space-x-2"[31m
                    [36m>[31m
                      [36m<div[31m
                        [33mclass[31m=[32m"relative inline-flex items-center"[31m
                      [36m>[31m
                        [36m<input[31m
                          [33mclass[31m=[32m"peer h-4 w-4 shrink-0 rounded-sm border border-gray-300 bg-white focus:outline-none focus:ring-2 focus:ring-blue-500 focus:ring-offset-2 disabled:cursor-not-allowed disabled:opacity-50 sr-only"[31m
                          [33mid[31m=[32m"select-all"[31m
                          [33mtype[31m=[32m"checkbox"[31m
                        [36m/>[31m
                        [36m<div[31m
                          [33mclass[31m=[32m"h-4 w-4 rounded-sm border border-gray-300 bg-white peer-checked:bg-blue-600 peer-checked:border-blue-600 peer-focus:ring-2 peer-focus:ring-blue-500 peer-focus:ring-offset-2 flex items-center justify-center"[31m
                        [36m>[31m
                          [36m<svg[31m
                            [33mclass[31m=[32m"lucide lucide-check h-3 w-3 text-white opacity-0 peer-checked:opacity-100"[31m
                            [33mfill[31m=[32m"none"[31m
                            [33mheight[31m=[32m"24"[31m
                            [33mstroke[31m=[32m"currentColor"[31m
                            [33mstroke-linecap[31m=[32m"round"[31m
                            [33mstroke-linejoin[31m=[32m"round"[31m
                            [33mstroke-width[31m=[32m"2"[31m
                            [33mviewBox[31m=[32m"0 0 24 24"[31m
                            [33mwidth[31m=[32m"24"[31m
                            [33mxmlns[31m=[32m"http://www.w3.org/2000/svg"[31m
                          [36m>[31m
                            [36m<path[31m
                              ...[39m
[31m   [31m×[31m BatchDownloadModal[2m > [22mshould handle download errors gracefully[39m[32m 100[2mms[22m[39m
[31m     → Unable to find an element with the text: Download Selected. This could be because the text is broken up by multiple elements. In this case, you can provide a function for your text matcher to make your matcher more flexible.

Ignored nodes: comments, script, style
[36m<body>[31m
  [36m<div>[31m
    [36m<div[31m
      [33mclass[31m=[32m"fixed inset-0 bg-black/50 flex items-center justify-center z-50"[31m
    [36m>[31m
      [36m<div[31m
        [33mclass[31m=[32m"bg-white rounded-lg shadow-xl w-full max-w-4xl max-h-[90vh] overflow-hidden"[31m
      [36m>[31m
        [36m<div[31m
          [33mclass[31m=[32m"flex items-center justify-between p-6 border-b"[31m
        [36m>[31m
          [36m<div[31m
            [33mclass[31m=[32m"flex items-center space-x-3"[31m
          [36m>[31m
            [36m<svg[31m
              [33mclass[31m=[32m"lucide lucide-package h-6 w-6 text-blue-600"[31m
              [33mfill[31m=[32m"none"[31m
              [33mheight[31m=[32m"24"[31m
              [33mstroke[31m=[32m"currentColor"[31m
              [33mstroke-linecap[31m=[32m"round"[31m
              [33mstroke-linejoin[31m=[32m"round"[31m
              [33mstroke-width[31m=[32m"2"[31m
              [33mviewBox[31m=[32m"0 0 24 24"[31m
              [33mwidth[31m=[32m"24"[31m
              [33mxmlns[31m=[32m"http://www.w3.org/2000/svg"[31m
            [36m>[31m
              [36m<path[31m
                [33md[31m=[32m"M11 21.73a2 2 0 0 0 2 0l7-4A2 2 0 0 0 21 16V8a2 2 0 0 0-1-1.73l-7-4a2 2 0 0 0-2 0l-7 4A2 2 0 0 0 3 8v8a2 2 0 0 0 1 1.73z"[31m
              [36m/>[31m
              [36m<path[31m
                [33md[31m=[32m"M12 22V12"[31m
              [36m/>[31m
              [36m<path[31m
                [33md[31m=[32m"m3.3 7 7.703 4.734a2 2 0 0 0 1.994 0L20.7 7"[31m
              [36m/>[31m
              [36m<path[31m
                [33md[31m=[32m"m7.5 4.27 9 5.15"[31m
              [36m/>[31m
            [36m</svg>[31m
            [36m<div>[31m
              [36m<h2[31m
                [33mclass[31m=[32m"text-2xl font-bold"[31m
              [36m>[31m
                [0mBatch Download Invoices[0m
              [36m</h2>[31m
              [36m<p[31m
                [33mclass[31m=[32m"text-gray-600"[31m
              [36m>[31m
                [0mSelect invoices to download in bulk[0m
              [36m</p>[31m
            [36m</div>[31m
          [36m</div>[31m
          [36m<button[31m
            [33mclass[31m=[32m"inline-flex items-center justify-center gap-2 whitespace-nowrap rounded-md text-sm font-medium ring-offset-background transition-colors focus-visible:outline-none focus-visible:ring-2 focus-visible:ring-ring focus-visible:ring-offset-2 disabled:pointer-events-none disabled:opacity-50 [&_svg]:pointer-events-none [&_svg]:size-4 [&_svg]:shrink-0 hover:bg-accent hover:text-accent-foreground h-10 px-4 py-2"[31m
          [36m>[31m
            [36m<svg[31m
              [33mclass[31m=[32m"lucide lucide-x h-4 w-4"[31m
              [33mfill[31m=[32m"none"[31m
              [33mheight[31m=[32m"24"[31m
              [33mstroke[31m=[32m"currentColor"[31m
              [33mstroke-linecap[31m=[32m"round"[31m
              [33mstroke-linejoin[31m=[32m"round"[31m
              [33mstroke-width[31m=[32m"2"[31m
              [33mviewBox[31m=[32m"0 0 24 24"[31m
              [33mwidth[31m=[32m"24"[31m
              [33mxmlns[31m=[32m"http://www.w3.org/2000/svg"[31m
            [36m>[31m
              [36m<path[31m
                [33md[31m=[32m"M18 6 6 18"[31m
              [36m/>[31m
              [36m<path[31m
                [33md[31m=[32m"m6 6 12 12"[31m
              [36m/>[31m
            [36m</svg>[31m
          [36m</button>[31m
        [36m</div>[31m
        [36m<div[31m
          [33mclass[31m=[32m"p-6"[31m
        [36m>[31m
          [36m<div[31m
            [33mclass[31m=[32m"grid grid-cols-1 lg:grid-cols-3 gap-6"[31m
          [36m>[31m
            [36m<div[31m
              [33mclass[31m=[32m"lg:col-span-2"[31m
            [36m>[31m
              [36m<div[31m
                [33mclass[31m=[32m"rounded-lg border bg-card text-card-foreground shadow-sm"[31m
              [36m>[31m
                [36m<div[31m
                  [33mclass[31m=[32m"flex flex-col space-y-1.5 p-6"[31m
                [36m>[31m
                  [36m<div[31m
                    [33mclass[31m=[32m"flex items-center justify-between"[31m
                  [36m>[31m
                    [36m<div>[31m
                      [36m<h3[31m
                        [33mclass[31m=[32m"text-2xl font-semibold leading-none tracking-tight"[31m
                      [36m>[31m
                        [0mSelect Invoices[0m
                      [36m</h3>[31m
                      [36m<p[31m
                        [33mclass[31m=[32m"text-sm text-muted-foreground"[31m
                      [36m>[31m
                        [0mChoose which invoices to include in the batch download[0m
                      [36m</p>[31m
                    [36m</div>[31m
                    [36m<div[31m
                      [33mclass[31m=[32m"flex items-center space-x-2"[31m
                    [36m>[31m
                      [36m<div[31m
                        [33mclass[31m=[32m"relative inline-flex items-center"[31m
                      [36m>[31m
                        [36m<input[31m
                          [33mclass[31m=[32m"peer h-4 w-4 shrink-0 rounded-sm border border-gray-300 bg-white focus:outline-none focus:ring-2 focus:ring-blue-500 focus:ring-offset-2 disabled:cursor-not-allowed disabled:opacity-50 sr-only"[31m
                          [33mid[31m=[32m"select-all"[31m
                          [33mtype[31m=[32m"checkbox"[31m
                        [36m/>[31m
                        [36m<div[31m
                          [33mclass[31m=[32m"h-4 w-4 rounded-sm border border-gray-300 bg-white peer-checked:bg-blue-600 peer-checked:border-blue-600 peer-focus:ring-2 peer-focus:ring-blue-500 peer-focus:ring-offset-2 flex items-center justify-center"[31m
                        [36m>[31m
                          [36m<svg[31m
                            [33mclass[31m=[32m"lucide lucide-check h-3 w-3 text-white opacity-0 peer-checked:opacity-100"[31m
                            [33mfill[31m=[32m"none"[31m
                            [33mheight[31m=[32m"24"[31m
                            [33mstroke[31m=[32m"currentColor"[31m
                            [33mstroke-linecap[31m=[32m"round"[31m
                            [33mstroke-linejoin[31m=[32m"round"[31m
                            [33mstroke-width[31m=[32m"2"[31m
                            [33mviewBox[31m=[32m"0 0 24 24"[31m
                            [33mwidth[31m=[32m"24"[31m
                            [33mxmlns[31m=[32m"http://www.w3.org/2000/svg"[31m
                          [36m>[31m
                            [36m<path[31m
                              ...[39m
   [32m✓[39m BatchDownloadModal[2m > [22mshould call onClose when cancel button is clicked[32m 65[2mms[22m[39m
   [32m✓[39m BatchDownloadModal[2m > [22mshould not render when modal is closed[32m 42[2mms[22m[39m
[31m   [31m×[31m BatchDownloadModal[2m > [22mshould display invoice amounts correctly[39m[32m 82[2mms[22m[39m
[31m     → Unable to find an element with the text: $1,500.00. This could be because the text is broken up by multiple elements. In this case, you can provide a function for your text matcher to make your matcher more flexible.

Ignored nodes: comments, script, style
[36m<body>[31m
  [36m<div>[31m
    [36m<div[31m
      [33mclass[31m=[32m"fixed inset-0 bg-black/50 flex items-center justify-center z-50"[31m
    [36m>[31m
      [36m<div[31m
        [33mclass[31m=[32m"bg-white rounded-lg shadow-xl w-full max-w-4xl max-h-[90vh] overflow-hidden"[31m
      [36m>[31m
        [36m<div[31m
          [33mclass[31m=[32m"flex items-center justify-between p-6 border-b"[31m
        [36m>[31m
          [36m<div[31m
            [33mclass[31m=[32m"flex items-center space-x-3"[31m
          [36m>[31m
            [36m<svg[31m
              [33mclass[31m=[32m"lucide lucide-package h-6 w-6 text-blue-600"[31m
              [33mfill[31m=[32m"none"[31m
              [33mheight[31m=[32m"24"[31m
              [33mstroke[31m=[32m"currentColor"[31m
              [33mstroke-linecap[31m=[32m"round"[31m
              [33mstroke-linejoin[31m=[32m"round"[31m
              [33mstroke-width[31m=[32m"2"[31m
              [33mviewBox[31m=[32m"0 0 24 24"[31m
              [33mwidth[31m=[32m"24"[31m
              [33mxmlns[31m=[32m"http://www.w3.org/2000/svg"[31m
            [36m>[31m
              [36m<path[31m
                [33md[31m=[32m"M11 21.73a2 2 0 0 0 2 0l7-4A2 2 0 0 0 21 16V8a2 2 0 0 0-1-1.73l-7-4a2 2 0 0 0-2 0l-7 4A2 2 0 0 0 3 8v8a2 2 0 0 0 1 1.73z"[31m
              [36m/>[31m
              [36m<path[31m
                [33md[31m=[32m"M12 22V12"[31m
              [36m/>[31m
              [36m<path[31m
                [33md[31m=[32m"m3.3 7 7.703 4.734a2 2 0 0 0 1.994 0L20.7 7"[31m
              [36m/>[31m
              [36m<path[31m
                [33md[31m=[32m"m7.5 4.27 9 5.15"[31m
              [36m/>[31m
            [36m</svg>[31m
            [36m<div>[31m
              [36m<h2[31m
                [33mclass[31m=[32m"text-2xl font-bold"[31m
              [36m>[31m
                [0mBatch Download Invoices[0m
              [36m</h2>[31m
              [36m<p[31m
                [33mclass[31m=[32m"text-gray-600"[31m
              [36m>[31m
                [0mSelect invoices to download in bulk[0m
              [36m</p>[31m
            [36m</div>[31m
          [36m</div>[31m
          [36m<button[31m
            [33mclass[31m=[32m"inline-flex items-center justify-center gap-2 whitespace-nowrap rounded-md text-sm font-medium ring-offset-background transition-colors focus-visible:outline-none focus-visible:ring-2 focus-visible:ring-ring focus-visible:ring-offset-2 disabled:pointer-events-none disabled:opacity-50 [&_svg]:pointer-events-none [&_svg]:size-4 [&_svg]:shrink-0 hover:bg-accent hover:text-accent-foreground h-10 px-4 py-2"[31m
          [36m>[31m
            [36m<svg[31m
              [33mclass[31m=[32m"lucide lucide-x h-4 w-4"[31m
              [33mfill[31m=[32m"none"[31m
              [33mheight[31m=[32m"24"[31m
              [33mstroke[31m=[32m"currentColor"[31m
              [33mstroke-linecap[31m=[32m"round"[31m
              [33mstroke-linejoin[31m=[32m"round"[31m
              [33mstroke-width[31m=[32m"2"[31m
              [33mviewBox[31m=[32m"0 0 24 24"[31m
              [33mwidth[31m=[32m"24"[31m
              [33mxmlns[31m=[32m"http://www.w3.org/2000/svg"[31m
            [36m>[31m
              [36m<path[31m
                [33md[31m=[32m"M18 6 6 18"[31m
              [36m/>[31m
              [36m<path[31m
                [33md[31m=[32m"m6 6 12 12"[31m
              [36m/>[31m
            [36m</svg>[31m
          [36m</button>[31m
        [36m</div>[31m
        [36m<div[31m
          [33mclass[31m=[32m"p-6"[31m
        [36m>[31m
          [36m<div[31m
            [33mclass[31m=[32m"grid grid-cols-1 lg:grid-cols-3 gap-6"[31m
          [36m>[31m
            [36m<div[31m
              [33mclass[31m=[32m"lg:col-span-2"[31m
            [36m>[31m
              [36m<div[31m
                [33mclass[31m=[32m"rounded-lg border bg-card text-card-foreground shadow-sm"[31m
              [36m>[31m
                [36m<div[31m
                  [33mclass[31m=[32m"flex flex-col space-y-1.5 p-6"[31m
                [36m>[31m
                  [36m<div[31m
                    [33mclass[31m=[32m"flex items-center justify-between"[31m
                  [36m>[31m
                    [36m<div>[31m
                      [36m<h3[31m
                        [33mclass[31m=[32m"text-2xl font-semibold leading-none tracking-tight"[31m
                      [36m>[31m
                        [0mSelect Invoices[0m
                      [36m</h3>[31m
                      [36m<p[31m
                        [33mclass[31m=[32m"text-sm text-muted-foreground"[31m
                      [36m>[31m
                        [0mChoose which invoices to include in the batch download[0m
                      [36m</p>[31m
                    [36m</div>[31m
                    [36m<div[31m
                      [33mclass[31m=[32m"flex items-center space-x-2"[31m
                    [36m>[31m
                      [36m<div[31m
                        [33mclass[31m=[32m"relative inline-flex items-center"[31m
                      [36m>[31m
                        [36m<input[31m
                          [33mclass[31m=[32m"peer h-4 w-4 shrink-0 rounded-sm border border-gray-300 bg-white focus:outline-none focus:ring-2 focus:ring-blue-500 focus:ring-offset-2 disabled:cursor-not-allowed disabled:opacity-50 sr-only"[31m
                          [33mid[31m=[32m"select-all"[31m
                          [33mtype[31m=[32m"checkbox"[31m
                        [36m/>[31m
                        [36m<div[31m
                          [33mclass[31m=[32m"h-4 w-4 rounded-sm border border-gray-300 bg-white peer-checked:bg-blue-600 peer-checked:border-blue-600 peer-focus:ring-2 peer-focus:ring-blue-500 peer-focus:ring-offset-2 flex items-center justify-center"[31m
                        [36m>[31m
                          [36m<svg[31m
                            [33mclass[31m=[32m"lucide lucide-check h-3 w-3 text-white opacity-0 peer-checked:opacity-100"[31m
                            [33mfill[31m=[32m"none"[31m
                            [33mheight[31m=[32m"24"[31m
                            [33mstroke[31m=[32m"currentColor"[31m
                            [33mstroke-linecap[31m=[32m"round"[31m
                            [33mstroke-linejoin[31m=[32m"round"[31m
                            [33mstroke-width[31m=[32m"2"[31m
                            [33mviewBox[31m=[32m"0 0 24 24"[31m
                            [33mwidth[31m=[32m"24"[31m
                            [33mxmlns[31m=[32m"http://www.w3.org/2000/svg"[31m
                          [36m>[31m
                            [36m<path[31m
                              ...[39m
[31m   [31m×[31m BatchDownloadModal[2m > [22mshould display invoice status badges[39m[32m 71[2mms[22m[39m
[31m     → Unable to find an element with the text: pending. This could be because the text is broken up by multiple elements. In this case, you can provide a function for your text matcher to make your matcher more flexible.

Ignored nodes: comments, script, style
[36m<body>[31m
  [36m<div>[31m
    [36m<div[31m
      [33mclass[31m=[32m"fixed inset-0 bg-black/50 flex items-center justify-center z-50"[31m
    [36m>[31m
      [36m<div[31m
        [33mclass[31m=[32m"bg-white rounded-lg shadow-xl w-full max-w-4xl max-h-[90vh] overflow-hidden"[31m
      [36m>[31m
        [36m<div[31m
          [33mclass[31m=[32m"flex items-center justify-between p-6 border-b"[31m
        [36m>[31m
          [36m<div[31m
            [33mclass[31m=[32m"flex items-center space-x-3"[31m
          [36m>[31m
            [36m<svg[31m
              [33mclass[31m=[32m"lucide lucide-package h-6 w-6 text-blue-600"[31m
              [33mfill[31m=[32m"none"[31m
              [33mheight[31m=[32m"24"[31m
              [33mstroke[31m=[32m"currentColor"[31m
              [33mstroke-linecap[31m=[32m"round"[31m
              [33mstroke-linejoin[31m=[32m"round"[31m
              [33mstroke-width[31m=[32m"2"[31m
              [33mviewBox[31m=[32m"0 0 24 24"[31m
              [33mwidth[31m=[32m"24"[31m
              [33mxmlns[31m=[32m"http://www.w3.org/2000/svg"[31m
            [36m>[31m
              [36m<path[31m
                [33md[31m=[32m"M11 21.73a2 2 0 0 0 2 0l7-4A2 2 0 0 0 21 16V8a2 2 0 0 0-1-1.73l-7-4a2 2 0 0 0-2 0l-7 4A2 2 0 0 0 3 8v8a2 2 0 0 0 1 1.73z"[31m
              [36m/>[31m
              [36m<path[31m
                [33md[31m=[32m"M12 22V12"[31m
              [36m/>[31m
              [36m<path[31m
                [33md[31m=[32m"m3.3 7 7.703 4.734a2 2 0 0 0 1.994 0L20.7 7"[31m
              [36m/>[31m
              [36m<path[31m
                [33md[31m=[32m"m7.5 4.27 9 5.15"[31m
              [36m/>[31m
            [36m</svg>[31m
            [36m<div>[31m
              [36m<h2[31m
                [33mclass[31m=[32m"text-2xl font-bold"[31m
              [36m>[31m
                [0mBatch Download Invoices[0m
              [36m</h2>[31m
              [36m<p[31m
                [33mclass[31m=[32m"text-gray-600"[31m
              [36m>[31m
                [0mSelect invoices to download in bulk[0m
              [36m</p>[31m
            [36m</div>[31m
          [36m</div>[31m
          [36m<button[31m
            [33mclass[31m=[32m"inline-flex items-center justify-center gap-2 whitespace-nowrap rounded-md text-sm font-medium ring-offset-background transition-colors focus-visible:outline-none focus-visible:ring-2 focus-visible:ring-ring focus-visible:ring-offset-2 disabled:pointer-events-none disabled:opacity-50 [&_svg]:pointer-events-none [&_svg]:size-4 [&_svg]:shrink-0 hover:bg-accent hover:text-accent-foreground h-10 px-4 py-2"[31m
          [36m>[31m
            [36m<svg[31m
              [33mclass[31m=[32m"lucide lucide-x h-4 w-4"[31m
              [33mfill[31m=[32m"none"[31m
              [33mheight[31m=[32m"24"[31m
              [33mstroke[31m=[32m"currentColor"[31m
              [33mstroke-linecap[31m=[32m"round"[31m
              [33mstroke-linejoin[31m=[32m"round"[31m
              [33mstroke-width[31m=[32m"2"[31m
              [33mviewBox[31m=[32m"0 0 24 24"[31m
              [33mwidth[31m=[32m"24"[31m
              [33mxmlns[31m=[32m"http://www.w3.org/2000/svg"[31m
            [36m>[31m
              [36m<path[31m
                [33md[31m=[32m"M18 6 6 18"[31m
              [36m/>[31m
              [36m<path[31m
                [33md[31m=[32m"m6 6 12 12"[31m
              [36m/>[31m
            [36m</svg>[31m
          [36m</button>[31m
        [36m</div>[31m
        [36m<div[31m
          [33mclass[31m=[32m"p-6"[31m
        [36m>[31m
          [36m<div[31m
            [33mclass[31m=[32m"grid grid-cols-1 lg:grid-cols-3 gap-6"[31m
          [36m>[31m
            [36m<div[31m
              [33mclass[31m=[32m"lg:col-span-2"[31m
            [36m>[31m
              [36m<div[31m
                [33mclass[31m=[32m"rounded-lg border bg-card text-card-foreground shadow-sm"[31m
              [36m>[31m
                [36m<div[31m
                  [33mclass[31m=[32m"flex flex-col space-y-1.5 p-6"[31m
                [36m>[31m
                  [36m<div[31m
                    [33mclass[31m=[32m"flex items-center justify-between"[31m
                  [36m>[31m
                    [36m<div>[31m
                      [36m<h3[31m
                        [33mclass[31m=[32m"text-2xl font-semibold leading-none tracking-tight"[31m
                      [36m>[31m
                        [0mSelect Invoices[0m
                      [36m</h3>[31m
                      [36m<p[31m
                        [33mclass[31m=[32m"text-sm text-muted-foreground"[31m
                      [36m>[31m
                        [0mChoose which invoices to include in the batch download[0m
                      [36m</p>[31m
                    [36m</div>[31m
                    [36m<div[31m
                      [33mclass[31m=[32m"flex items-center space-x-2"[31m
                    [36m>[31m
                      [36m<div[31m
                        [33mclass[31m=[32m"relative inline-flex items-center"[31m
                      [36m>[31m
                        [36m<input[31m
                          [33mclass[31m=[32m"peer h-4 w-4 shrink-0 rounded-sm border border-gray-300 bg-white focus:outline-none focus:ring-2 focus:ring-blue-500 focus:ring-offset-2 disabled:cursor-not-allowed disabled:opacity-50 sr-only"[31m
                          [33mid[31m=[32m"select-all"[31m
                          [33mtype[31m=[32m"checkbox"[31m
                        [36m/>[31m
                        [36m<div[31m
                          [33mclass[31m=[32m"h-4 w-4 rounded-sm border border-gray-300 bg-white peer-checked:bg-blue-600 peer-checked:border-blue-600 peer-focus:ring-2 peer-focus:ring-blue-500 peer-focus:ring-offset-2 flex items-center justify-center"[31m
                        [36m>[31m
                          [36m<svg[31m
                            [33mclass[31m=[32m"lucide lucide-check h-3 w-3 text-white opacity-0 peer-checked:opacity-100"[31m
                            [33mfill[31m=[32m"none"[31m
                            [33mheight[31m=[32m"24"[31m
                            [33mstroke[31m=[32m"currentColor"[31m
                            [33mstroke-linecap[31m=[32m"round"[31m
                            [33mstroke-linejoin[31m=[32m"round"[31m
                            [33mstroke-width[31m=[32m"2"[31m
                            [33mviewBox[31m=[32m"0 0 24 24"[31m
                            [33mwidth[31m=[32m"24"[31m
                            [33mxmlns[31m=[32m"http://www.w3.org/2000/svg"[31m
                          [36m>[31m
                            [36m<path[31m
                              ...[39m
[31m   [31m×[31m BatchDownloadModal[2m > [22mshould show selected count in download button[39m[32m 163[2mms[22m[39m
[31m     → Unable to find an element with the text: Download Selected (2). This could be because the text is broken up by multiple elements. In this case, you can provide a function for your text matcher to make your matcher more flexible.

Ignored nodes: comments, script, style
[36m<body>[31m
  [36m<div>[31m
    [36m<div[31m
      [33mclass[31m=[32m"fixed inset-0 bg-black/50 flex items-center justify-center z-50"[31m
    [36m>[31m
      [36m<div[31m
        [33mclass[31m=[32m"bg-white rounded-lg shadow-xl w-full max-w-4xl max-h-[90vh] overflow-hidden"[31m
      [36m>[31m
        [36m<div[31m
          [33mclass[31m=[32m"flex items-center justify-between p-6 border-b"[31m
        [36m>[31m
          [36m<div[31m
            [33mclass[31m=[32m"flex items-center space-x-3"[31m
          [36m>[31m
            [36m<svg[31m
              [33mclass[31m=[32m"lucide lucide-package h-6 w-6 text-blue-600"[31m
              [33mfill[31m=[32m"none"[31m
              [33mheight[31m=[32m"24"[31m
              [33mstroke[31m=[32m"currentColor"[31m
              [33mstroke-linecap[31m=[32m"round"[31m
              [33mstroke-linejoin[31m=[32m"round"[31m
              [33mstroke-width[31m=[32m"2"[31m
              [33mviewBox[31m=[32m"0 0 24 24"[31m
              [33mwidth[31m=[32m"24"[31m
              [33mxmlns[31m=[32m"http://www.w3.org/2000/svg"[31m
            [36m>[31m
              [36m<path[31m
                [33md[31m=[32m"M11 21.73a2 2 0 0 0 2 0l7-4A2 2 0 0 0 21 16V8a2 2 0 0 0-1-1.73l-7-4a2 2 0 0 0-2 0l-7 4A2 2 0 0 0 3 8v8a2 2 0 0 0 1 1.73z"[31m
              [36m/>[31m
              [36m<path[31m
                [33md[31m=[32m"M12 22V12"[31m
              [36m/>[31m
              [36m<path[31m
                [33md[31m=[32m"m3.3 7 7.703 4.734a2 2 0 0 0 1.994 0L20.7 7"[31m
              [36m/>[31m
              [36m<path[31m
                [33md[31m=[32m"m7.5 4.27 9 5.15"[31m
              [36m/>[31m
            [36m</svg>[31m
            [36m<div>[31m
              [36m<h2[31m
                [33mclass[31m=[32m"text-2xl font-bold"[31m
              [36m>[31m
                [0mBatch Download Invoices[0m
              [36m</h2>[31m
              [36m<p[31m
                [33mclass[31m=[32m"text-gray-600"[31m
              [36m>[31m
                [0mSelect invoices to download in bulk[0m
              [36m</p>[31m
            [36m</div>[31m
          [36m</div>[31m
          [36m<button[31m
            [33mclass[31m=[32m"inline-flex items-center justify-center gap-2 whitespace-nowrap rounded-md text-sm font-medium ring-offset-background transition-colors focus-visible:outline-none focus-visible:ring-2 focus-visible:ring-ring focus-visible:ring-offset-2 disabled:pointer-events-none disabled:opacity-50 [&_svg]:pointer-events-none [&_svg]:size-4 [&_svg]:shrink-0 hover:bg-accent hover:text-accent-foreground h-10 px-4 py-2"[31m
          [36m>[31m
            [36m<svg[31m
              [33mclass[31m=[32m"lucide lucide-x h-4 w-4"[31m
              [33mfill[31m=[32m"none"[31m
              [33mheight[31m=[32m"24"[31m
              [33mstroke[31m=[32m"currentColor"[31m
              [33mstroke-linecap[31m=[32m"round"[31m
              [33mstroke-linejoin[31m=[32m"round"[31m
              [33mstroke-width[31m=[32m"2"[31m
              [33mviewBox[31m=[32m"0 0 24 24"[31m
              [33mwidth[31m=[32m"24"[31m
              [33mxmlns[31m=[32m"http://www.w3.org/2000/svg"[31m
            [36m>[31m
              [36m<path[31m
                [33md[31m=[32m"M18 6 6 18"[31m
              [36m/>[31m
              [36m<path[31m
                [33md[31m=[32m"m6 6 12 12"[31m
              [36m/>[31m
            [36m</svg>[31m
          [36m</button>[31m
        [36m</div>[31m
        [36m<div[31m
          [33mclass[31m=[32m"p-6"[31m
        [36m>[31m
          [36m<div[31m
            [33mclass[31m=[32m"grid grid-cols-1 lg:grid-cols-3 gap-6"[31m
          [36m>[31m
            [36m<div[31m
              [33mclass[31m=[32m"lg:col-span-2"[31m
            [36m>[31m
              [36m<div[31m
                [33mclass[31m=[32m"rounded-lg border bg-card text-card-foreground shadow-sm"[31m
              [36m>[31m
                [36m<div[31m
                  [33mclass[31m=[32m"flex flex-col space-y-1.5 p-6"[31m
                [36m>[31m
                  [36m<div[31m
                    [33mclass[31m=[32m"flex items-center justify-between"[31m
                  [36m>[31m
                    [36m<div>[31m
                      [36m<h3[31m
                        [33mclass[31m=[32m"text-2xl font-semibold leading-none tracking-tight"[31m
                      [36m>[31m
                        [0mSelect Invoices[0m
                      [36m</h3>[31m
                      [36m<p[31m
                        [33mclass[31m=[32m"text-sm text-muted-foreground"[31m
                      [36m>[31m
                        [0mChoose which invoices to include in the batch download[0m
                      [36m</p>[31m
                    [36m</div>[31m
                    [36m<div[31m
                      [33mclass[31m=[32m"flex items-center space-x-2"[31m
                    [36m>[31m
                      [36m<div[31m
                        [33mclass[31m=[32m"relative inline-flex items-center"[31m
                      [36m>[31m
                        [36m<input[31m
                          [33mclass[31m=[32m"peer h-4 w-4 shrink-0 rounded-sm border border-gray-300 bg-white focus:outline-none focus:ring-2 focus:ring-blue-500 focus:ring-offset-2 disabled:cursor-not-allowed disabled:opacity-50 sr-only"[31m
                          [33mid[31m=[32m"select-all"[31m
                          [33mtype[31m=[32m"checkbox"[31m
                        [36m/>[31m
                        [36m<div[31m
                          [33mclass[31m=[32m"h-4 w-4 rounded-sm border border-gray-300 bg-white peer-checked:bg-blue-600 peer-checked:border-blue-600 peer-focus:ring-2 peer-focus:ring-blue-500 peer-focus:ring-offset-2 flex items-center justify-center"[31m
                        [36m>[31m
                          [36m<svg[31m
                            [33mclass[31m=[32m"lucide lucide-check h-3 w-3 text-white opacity-0 peer-checked:opacity-100"[31m
                            [33mfill[31m=[32m"none"[31m
                            [33mheight[31m=[32m"24"[31m
                            [33mstroke[31m=[32m"currentColor"[31m
                            [33mstroke-linecap[31m=[32m"round"[31m
                            [33mstroke-linejoin[31m=[32m"round"[31m
                            [33mstroke-width[31m=[32m"2"[31m
                            [33mviewBox[31m=[32m"0 0 24 24"[31m
                            [33mwidth[31m=[32m"24"[31m
                            [33mxmlns[31m=[32m"http://www.w3.org/2000/svg"[31m
                          [36m>[31m
                            [36m<path[31m
                              ...[39m
[90mstdout[2m | src/pages/Customers.test.tsx[2m > [22m[2mCustomers[2m > [22m[2merror handling[2m > [22m[2mshould handle create customer error
[22m[39m💾 Starting customer save operation...
➕ Creating new customer in offline storage...
🚀 Customers component is mounting
📡 Supabase client available: [33mtrue[39m

[90mstdout[2m | src/pages/Customers.test.tsx[2m > [22m[2mCustomers[2m > [22m[2merror handling[2m > [22m[2mshould handle create customer error
[22m[39m✅ Customer created offline: {
  name: [32m'Test Customer'[39m,
  email: [32m''[39m,
  phone: [32m''[39m,
  company: [32m''[39m,
  address: [32m''[39m,
  status: [32m'prospect'[39m,
  source: [32m'Other'[39m,
  tags: [1mnull[22m,
  notes: [32m''[39m,
  responsible_person: [32m'Mr. Ali'[39m,
  created_by: [32m'1'[39m,
  export_license_number: [1mnull[22m,
  export_license_expiry: [1mnull[22m,
  customs_broker: [1mnull[22m,
  preferred_currency: [1mnull[22m,
  payment_terms_export: [1mnull[22m,
  credit_limit_usd: [1mnull[22m,
  export_documentation_language: [1mnull[22m,
  special_handling_requirements: [1mnull[22m,
  compliance_notes: [1mnull[22m,
  id: [32m'offline-1758015645062-pklxvykja'[39m,
  created_at: [32m'2025-09-16T09:40:45.062Z'[39m,
  updated_at: [32m'2025-09-16T09:40:45.062Z'[39m
}

[90mstdout[2m | src/test/unit/Customer.test.tsx[2m > [22m[2mCustomers Component[2m > [22m[2mAccessibility[2m > [22m[2mshould have proper heading structure
[22m[39m🚀 Customers component is mounting
📡 Supabase client available: [33mtrue[39m
🔥 useEffect triggered - calling loadCustomers
🔄 Starting loadCustomers function
📱 Loading customers from offline service
🚀 Customers component is mounting
📡 Supabase client available: [33mtrue[39m
✅ Customers loaded from offline service: []
🏁 Setting loading to false
🚀 Customers component is mounting
📡 Supabase client available: [33mtrue[39m

[90mstdout[2m | src/pages/Customers.test.tsx[2m > [22m[2mCustomers[2m > [22m[2merror handling[2m > [22m[2mshould handle create customer error
[22m[39m🚀 Customers component is mounting
📡 Supabase client available: [33mtrue[39m

[90mstdout[2m | src/test/unit/Dashboard.test.tsx[2m > [22m[2mDashboard Component[2m > [22m[2mCharts and Visualizations[2m > [22m[2mshould render revenue chart
[22m[39m📱 Loading dashboard data from offline service

[90mstdout[2m | src/test/unit/Dashboard.test.tsx[2m > [22m[2mDashboard Component[2m > [22m[2mCharts and Visualizations[2m > [22m[2mshould render deals pipeline chart
[22m[39m📱 Loading dashboard data from offline service

[90mstdout[2m | src/test/unit/Dashboard.test.tsx[2m > [22m[2mDashboard Component[2m > [22m[2mCharts and Visualizations[2m > [22m[2mshould render leads conversion chart
[22m[39m📱 Loading dashboard data from offline service

 [31m❯[39m src/test/unit/Customer.test.tsx [2m([22m[2m14 tests[22m[2m | [22m[31m14 failed[39m[2m)[22m[33m 14264[2mms[22m[39m
[31m   [31m×[31m Customers Component[2m > [22mLoading State[2m > [22mshould show loading spinner while fetching customer data[39m[33m 422[2mms[22m[39m
[31m     → Unable to find an element with the text: Loading.... This could be because the text is broken up by multiple elements. In this case, you can provide a function for your text matcher to make your matcher more flexible.

Ignored nodes: comments, script, style
[36m<body>[31m
  [36m<div>[31m
    [36m<div[31m
      [33mclass[31m=[32m"p-6"[31m
    [36m>[31m
      [36m<div[31m
        [33mclass[31m=[32m"flex justify-between items-center mb-6"[31m
      [36m>[31m
        [36m<div[31m
          [33mclass[31m=[32m"flex items-center space-x-3"[31m
        [36m>[31m
          [36m<svg[31m
            [33mclass[31m=[32m"lucide lucide-users h-8 w-8 text-blue-600"[31m
            [33mfill[31m=[32m"none"[31m
            [33mheight[31m=[32m"24"[31m
            [33mstroke[31m=[32m"currentColor"[31m
            [33mstroke-linecap[31m=[32m"round"[31m
            [33mstroke-linejoin[31m=[32m"round"[31m
            [33mstroke-width[31m=[32m"2"[31m
            [33mviewBox[31m=[32m"0 0 24 24"[31m
            [33mwidth[31m=[32m"24"[31m
            [33mxmlns[31m=[32m"http://www.w3.org/2000/svg"[31m
          [36m>[31m
            [36m<path[31m
              [33md[31m=[32m"M16 21v-2a4 4 0 0 0-4-4H6a4 4 0 0 0-4 4v2"[31m
            [36m/>[31m
            [36m<circle[31m
              [33mcx[31m=[32m"9"[31m
              [33mcy[31m=[32m"7"[31m
              [33mr[31m=[32m"4"[31m
            [36m/>[31m
            [36m<path[31m
              [33md[31m=[32m"M22 21v-2a4 4 0 0 0-3-3.87"[31m
            [36m/>[31m
            [36m<path[31m
              [33md[31m=[32m"M16 3.13a4 4 0 0 1 0 7.75"[31m
            [36m/>[31m
          [36m</svg>[31m
          [36m<div>[31m
            [36m<h1[31m
              [33mclass[31m=[32m"text-2xl font-bold text-gray-900"[31m
              [33mdata-testid[31m=[32m"page-title"[31m
            [36m>[31m
              [0mCustomers[0m
            [36m</h1>[31m
            [36m<p[31m
              [33mclass[31m=[32m"text-gray-600"[31m
            [36m>[31m
              [0mManage your customer relationships[0m
            [36m</p>[31m
          [36m</div>[31m
        [36m</div>[31m
        [36m<div[31m
          [33mclass[31m=[32m"flex gap-2"[31m
        [36m>[31m
          [36m<button[31m
            [33mclass[31m=[32m"justify-center gap-2 whitespace-nowrap rounded-md text-sm font-medium ring-offset-background transition-colors focus-visible:outline-none focus-visible:ring-2 focus-visible:ring-ring focus-visible:ring-offset-2 disabled:pointer-events-none disabled:opacity-50 [&_svg]:pointer-events-none [&_svg]:size-4 [&_svg]:shrink-0 border border-input bg-background hover:bg-accent hover:text-accent-foreground h-10 px-4 py-2 flex items-center space-x-2"[31m
          [36m>[31m
            [36m<svg[31m
              [33mclass[31m=[32m"lucide lucide-test-tube h-4 w-4"[31m
              [33mfill[31m=[32m"none"[31m
              [33mheight[31m=[32m"24"[31m
              [33mstroke[31m=[32m"currentColor"[31m
              [33mstroke-linecap[31m=[32m"round"[31m
              [33mstroke-linejoin[31m=[32m"round"[31m
              [33mstroke-width[31m=[32m"2"[31m
              [33mviewBox[31m=[32m"0 0 24 24"[31m
              [33mwidth[31m=[32m"24"[31m
              [33mxmlns[31m=[32m"http://www.w3.org/2000/svg"[31m
            [36m>[31m
              [36m<path[31m
                [33md[31m=[32m"M14.5 2v17.5c0 1.4-1.1 2.5-2.5 2.5c-1.4 0-2.5-1.1-2.5-2.5V2"[31m
              [36m/>[31m
              [36m<path[31m
                [33md[31m=[32m"M8.5 2h7"[31m
              [36m/>[31m
              [36m<path[31m
                [33md[31m=[32m"M14.5 16h-5"[31m
              [36m/>[31m
            [36m</svg>[31m
            [36m<span>[31m
              [0mRun All Tests[0m
            [36m</span>[31m
          [36m</button>[31m
          [36m<button[31m
            [33mclass[31m=[32m"justify-center gap-2 whitespace-nowrap rounded-md text-sm font-medium ring-offset-background transition-colors focus-visible:outline-none focus-visible:ring-2 focus-visible:ring-ring focus-visible:ring-offset-2 disabled:pointer-events-none disabled:opacity-50 [&_svg]:pointer-events-none [&_svg]:size-4 [&_svg]:shrink-0 border border-input bg-background hover:bg-accent hover:text-accent-foreground h-10 px-4 py-2 flex items-center space-x-2"[31m
          [36m>[31m
            [36m<svg[31m
              [33mclass[31m=[32m"lucide lucide-plus h-4 w-4"[31m
              [33mfill[31m=[32m"none"[31m
              [33mheight[31m=[32m"24"[31m
              [33mstroke[31m=[32m"currentColor"[31m
              [33mstroke-linecap[31m=[32m"round"[31m
              [33mstroke-linejoin[31m=[32m"round"[31m
              [33mstroke-width[31m=[32m"2"[31m
              [33mviewBox[31m=[32m"0 0 24 24"[31m
              [33mwidth[31m=[32m"24"[31m
              [33mxmlns[31m=[32m"http://www.w3.org/2000/svg"[31m
            [36m>[31m
              [36m<path[31m
                [33md[31m=[32m"M5 12h14"[31m
              [36m/>[31m
              [36m<path[31m
                [33md[31m=[32m"M12 5v14"[31m
              [36m/>[31m
            [36m</svg>[31m
            [36m<span>[31m
              [0mAdd Demo Data[0m
            [36m</span>[31m
          [36m</button>[31m
          [36m<button[31m
            [33mclass[31m=[32m"justify-center gap-2 whitespace-nowrap rounded-md text-sm font-medium ring-offset-background transition-colors focus-visible:outline-none focus-visible:ring-2 focus-visible:ring-ring focus-visible:ring-offset-2 disabled:pointer-events-none disabled:opacity-50 [&_svg]:pointer-events-none [&_svg]:size-4 [&_svg]:shrink-0 border border-input bg-background hover:bg-accent hover:text-accent-foreground h-10 px-4 py-2 flex items-center space-x-2"[31m
          [36m>[31m
            [36m<svg[31m
              [33mclass[31m=[32m"lucide lucide-trash2 h-4 w-4"[31m
              [33mfill[31m=[32m"none"[31m
              [33mheight[31m=[32m"24"[31m
              [33mstroke[31m=[32m"currentColor"[31m
              [33mstroke-linecap[31m=[32m"round"[31m
              [33mstroke-linejoin[31m=[32m"round"[31m
              [33mstroke-width[31m=[32m"2"[31m
              [33mviewBox[31m=[32m"0 0 24 24"[31m
              [33mwidth[31m=[32m"24"[31m
              [33mxmlns[31m=[32m"http://www.w3.org/2000/svg"[31m
            [36m>[31m
              [36m<path[31m
                [33md[31m=[32m"M3 6h18"[31m
              [36m/>[31m
              [36m<path[31m
                [33md[31m=[32m"M19 6v14c0 1-1 2-2 2H7c-1 0-2-1-2-2V6"[31m
              [36m/>[31m
              [36m<path[31m
                [33md[31m=[32m"M8 6V4c0-1 1-2 2-2h4c1 0 2 1 2 2v2"[31m
              [36m/>[31m
              [36m<line[31m
                [33mx1[31m=[32m"10"[31m
                [33mx2[31m=[32m"10"[31m
                [33my1[31m=[32m"11"[31m
                [33my2[31m=[32m"17"[31m
              [36m/>[31m
              [36m<line[31m
                [33mx1[31m=[32m"14"[31m
                [33mx2[31m=[32m"14"[31m
                [33my1[31m=[32m"11"[31m
                [33my2[31m=[32m"17"[31m
              [36m/>[31m
            [36m</svg>[31m
            [36m<span>[31m
              [0mClear Demo Data[0m
            [36m</span>[31m
          [36m</button>[31m
          [36m<button[31m
            [33mclass[31m=[32m"justify-center gap-2 whitespace-nowrap rounded-md text-sm font-medium ring-offset-background transition-colors focus-visible:outline-none focus-visible:ring-2 focus-visible:ring-ring focus-visible:ring-offset-2 disabled:pointer-events-none disabled:opacity-50 [&_svg]:pointer-events-none [&_svg]:size-4 [&_svg]:shrink-0 bg-primary text-primary-foreground hover:bg-primary/90 h-10 px-4 py-2 flex items-center space-x-2"[31m
            [33mdata-testid[31m=[32m"add-customer-button"[31m
          [36m>[31m
            [36m<svg[31m
              [33mclass[31m=[32m"lucide lucide-plus h-4 w-4"[31m
              [33mfill[31m=[32m"none"[31m
              [33mheight[31m=[32m"24"[31m
              [33mstroke[31m=[32m"currentColor"[31m
              [33mstroke-linecap[31m=[32m"round"[31m
              [33mstroke-linejoin[31m=[32m"round"[31m
              [33mstroke-width[31m=[32m"2"[31m
              [33mviewBox[31m=[32m"0 0 24 24"[31m
              [33mwidth[31m=[32m"24"[31m
              [33mxmlns[31m=[32m"http://www.w3.org/2000/svg"[31m
            [36m>[31m
              [36m<path[31m
                [33md[31m=[32m"M5 12h14"[31m
              [36m/>[31m
              [36m<path[31m
                [33md[31m=[32m"M12 5v14"[31m
              [36m/>[31m
            [36m</svg>[31m
            [36m<span>[31m
              [0mAdd Customer[0m
            [36m</span>[31m
          [36m</button>[31m
        [36m</div>[31m
      [36m</div>[31m
      [36m<div[31m
        [33mclass[31m=[32m"flex flex-col sm:flex-row gap-4 mb-6"[31m
      [36m>[31m
        [36m<div[31m
          [33mclass[31m=[32m"flex-1 relative"[31m
        [36m>[31m
          [36m<svg[31m
            [33mclass[31m=[32m"lucide lucide-search absolute left-3 top-1/2 transform -translate-y-1/2 text-gray-400 h-4 w-4"[31m
            [33mfill[31m=[32m"none"[31m
            [33mheight[31m=[32m"24"[31m
            [33mstroke[31m=[32m"currentColor"[31m
            [33mstroke-linecap[31m=[32m"round"[31m
            [33mstroke-linejoin[31m=[32m"round"[31m
            [33mstroke-width[31m=[32m"2"[31m
            [33mviewBox[31m=[32m"0 0 24 24"[31m
            [33mwidth[31m=[32m"24"[31m
            [33mxmlns[31m=[32m"http://www.w3.org/2000/svg"[31m
          [36m>[31m
            [36m<circle[31m
              [33mcx[31m=[32m"11"[31m
              [33mcy[31m=[32m"11"[31m
              [33mr[31m=[32m"8"[31m
            [36m/>[31m
            [36m<path[31m
              [33md[31m=[32m"m21 21-4.3-4.3"[31m
            [36m/>[31m
          [36m</svg>[31m
          [36m<input[31m
            [33mclass[31m=[32m"flex h-10 w-full rounded-md border border-input bg-background px-3 py-2 text-sm ring-offset-background file:border-0 file:bg-transparent file:text-sm file:font-medium placeholder:text-muted-foreground focus-visible:outline-none focus-visible:ring-2 focus-visible:ring-ring focus-visible:ring-offset-2 disabled:cursor-not-allowed disabled:opacity-50 pl-10"[31m
            [33mdata-testid[31m=[32m"customers-search-input"[31m
            [33mplaceholder[31m=[32m"Search customers..."[31m
            [33mtype[31m=[32m"text"[31m
            [33mvalue[31m=[32m""[31m
          [36m/>[31m
        [36m</div>[31m
        [36m<select[31m
          [33mclass[31m=[32m"px-3 py-2 border border-gray-300 rounded-md focus:ring-2 focus:ring-blue-500 focus:border-transparent"[31m
          [33mdata-testid[31m=[32m"customer-status-filter"[31m
        [36m>[31m
          [36m<option[31m
            [33mvalue[31m=[32m"all"[31m
          [36m>[31m
            [0mAll Status[0m
          [36m</option>[31m
          [36m<option[31m
            [33mvalue[31m=[32m"active"[31m
          [36m>[31m
            [0mActive[0m
          [36m</option>[31m
          [36m<option[31m
            [33mvalue[31m=[32m"inactive"[31m
          [36m>[31m
            [0mInactive[0m
          [36m</option>[31m
          [36m<option[31m
            [33mvalue[31m=[32m"prospect"[31m
          [36m>[31m
            [0mProspect[0m
          [36m</option>[31m
        [36m</select>[31m
      [36m</div>[31m
      [36m<div[31m
        [33mclass[31m=[32m"rounded-lg border bg-card text-card-foreground shadow-sm"[31m
      [36m>[31m
        [36m<div[31m
          [33mclass[31m=[32m"p-6 py-12"[31m
        [36m>[31m
          [36m<div[31m
            [33mclass[31m=[32m"text-center"[31m
          [36m>[31m
            [36m<div[31m
              [33mclass[31m=[32m"animate-spin rounded-full h-8 w-8 border-b-2 border-blue-600 mx-auto"[31m
            [36m/>[31m
            [36m<p[31m
              [33mclass[31m=[32m"mt-2 text-gray-600"[31m
            [36m>[31m
              [0mLoading customers...[0m
            [36m</p>[31m
          [36m</div>[31m
        [36m</div>[31m
      [36m</div>[31m
    [36m</div>[31m
  [36m</div>[31m
[36m</body>[31m[39m
[31m   [31m×[31m Customers Component[2m > [22mCustomer Display[2m > [22mshould display customer information correctly[39m[33m 1116[2mms[22m[39m
[31m     → Unable to find an element with the text: Test Customer. This could be because the text is broken up by multiple elements. In this case, you can provide a function for your text matcher to make your matcher more flexible.

Ignored nodes: comments, script, style
[36m<body>[31m
  [36m<div>[31m
    [36m<div[31m
      [33mclass[31m=[32m"p-6"[31m
    [36m>[31m
      [36m<div[31m
        [33mclass[31m=[32m"flex justify-between items-center mb-6"[31m
      [36m>[31m
        [36m<div[31m
          [33mclass[31m=[32m"flex items-center space-x-3"[31m
        [36m>[31m
          [36m<svg[31m
            [33mclass[31m=[32m"lucide lucide-users h-8 w-8 text-blue-600"[31m
            [33mfill[31m=[32m"none"[31m
            [33mheight[31m=[32m"24"[31m
            [33mstroke[31m=[32m"currentColor"[31m
            [33mstroke-linecap[31m=[32m"round"[31m
            [33mstroke-linejoin[31m=[32m"round"[31m
            [33mstroke-width[31m=[32m"2"[31m
            [33mviewBox[31m=[32m"0 0 24 24"[31m
            [33mwidth[31m=[32m"24"[31m
            [33mxmlns[31m=[32m"http://www.w3.org/2000/svg"[31m
          [36m>[31m
            [36m<path[31m
              [33md[31m=[32m"M16 21v-2a4 4 0 0 0-4-4H6a4 4 0 0 0-4 4v2"[31m
            [36m/>[31m
            [36m<circle[31m
              [33mcx[31m=[32m"9"[31m
              [33mcy[31m=[32m"7"[31m
              [33mr[31m=[32m"4"[31m
            [36m/>[31m
            [36m<path[31m
              [33md[31m=[32m"M22 21v-2a4 4 0 0 0-3-3.87"[31m
            [36m/>[31m
            [36m<path[31m
              [33md[31m=[32m"M16 3.13a4 4 0 0 1 0 7.75"[31m
            [36m/>[31m
          [36m</svg>[31m
          [36m<div>[31m
            [36m<h1[31m
              [33mclass[31m=[32m"text-2xl font-bold text-gray-900"[31m
              [33mdata-testid[31m=[32m"page-title"[31m
            [36m>[31m
              [0mCustomers[0m
            [36m</h1>[31m
            [36m<p[31m
              [33mclass[31m=[32m"text-gray-600"[31m
            [36m>[31m
              [0mManage your customer relationships[0m
            [36m</p>[31m
          [36m</div>[31m
        [36m</div>[31m
        [36m<div[31m
          [33mclass[31m=[32m"flex gap-2"[31m
        [36m>[31m
          [36m<button[31m
            [33mclass[31m=[32m"justify-center gap-2 whitespace-nowrap rounded-md text-sm font-medium ring-offset-background transition-colors focus-visible:outline-none focus-visible:ring-2 focus-visible:ring-ring focus-visible:ring-offset-2 disabled:pointer-events-none disabled:opacity-50 [&_svg]:pointer-events-none [&_svg]:size-4 [&_svg]:shrink-0 border border-input bg-background hover:bg-accent hover:text-accent-foreground h-10 px-4 py-2 flex items-center space-x-2"[31m
          [36m>[31m
            [36m<svg[31m
              [33mclass[31m=[32m"lucide lucide-test-tube h-4 w-4"[31m
              [33mfill[31m=[32m"none"[31m
              [33mheight[31m=[32m"24"[31m
              [33mstroke[31m=[32m"currentColor"[31m
              [33mstroke-linecap[31m=[32m"round"[31m
              [33mstroke-linejoin[31m=[32m"round"[31m
              [33mstroke-width[31m=[32m"2"[31m
              [33mviewBox[31m=[32m"0 0 24 24"[31m
              [33mwidth[31m=[32m"24"[31m
              [33mxmlns[31m=[32m"http://www.w3.org/2000/svg"[31m
            [36m>[31m
              [36m<path[31m
                [33md[31m=[32m"M14.5 2v17.5c0 1.4-1.1 2.5-2.5 2.5c-1.4 0-2.5-1.1-2.5-2.5V2"[31m
              [36m/>[31m
              [36m<path[31m
                [33md[31m=[32m"M8.5 2h7"[31m
              [36m/>[31m
              [36m<path[31m
                [33md[31m=[32m"M14.5 16h-5"[31m
              [36m/>[31m
            [36m</svg>[31m
            [36m<span>[31m
              [0mRun All Tests[0m
            [36m</span>[31m
          [36m</button>[31m
          [36m<button[31m
            [33mclass[31m=[32m"justify-center gap-2 whitespace-nowrap rounded-md text-sm font-medium ring-offset-background transition-colors focus-visible:outline-none focus-visible:ring-2 focus-visible:ring-ring focus-visible:ring-offset-2 disabled:pointer-events-none disabled:opacity-50 [&_svg]:pointer-events-none [&_svg]:size-4 [&_svg]:shrink-0 border border-input bg-background hover:bg-accent hover:text-accent-foreground h-10 px-4 py-2 flex items-center space-x-2"[31m
          [36m>[31m
            [36m<svg[31m
              [33mclass[31m=[32m"lucide lucide-plus h-4 w-4"[31m
              [33mfill[31m=[32m"none"[31m
              [33mheight[31m=[32m"24"[31m
              [33mstroke[31m=[32m"currentColor"[31m
              [33mstroke-linecap[31m=[32m"round"[31m
              [33mstroke-linejoin[31m=[32m"round"[31m
              [33mstroke-width[31m=[32m"2"[31m
              [33mviewBox[31m=[32m"0 0 24 24"[31m
              [33mwidth[31m=[32m"24"[31m
              [33mxmlns[31m=[32m"http://www.w3.org/2000/svg"[31m
            [36m>[31m
              [36m<path[31m
                [33md[31m=[32m"M5 12h14"[31m
              [36m/>[31m
              [36m<path[31m
                [33md[31m=[32m"M12 5v14"[31m
              [36m/>[31m
            [36m</svg>[31m
            [36m<span>[31m
              [0mAdd Demo Data[0m
            [36m</span>[31m
          [36m</button>[31m
          [36m<button[31m
            [33mclass[31m=[32m"justify-center gap-2 whitespace-nowrap rounded-md text-sm font-medium ring-offset-background transition-colors focus-visible:outline-none focus-visible:ring-2 focus-visible:ring-ring focus-visible:ring-offset-2 disabled:pointer-events-none disabled:opacity-50 [&_svg]:pointer-events-none [&_svg]:size-4 [&_svg]:shrink-0 border border-input bg-background hover:bg-accent hover:text-accent-foreground h-10 px-4 py-2 flex items-center space-x-2"[31m
          [36m>[31m
            [36m<svg[31m
              [33mclass[31m=[32m"lucide lucide-trash2 h-4 w-4"[31m
              [33mfill[31m=[32m"none"[31m
              [33mheight[31m=[32m"24"[31m
              [33mstroke[31m=[32m"currentColor"[31m
              [33mstroke-linecap[31m=[32m"round"[31m
              [33mstroke-linejoin[31m=[32m"round"[31m
              [33mstroke-width[31m=[32m"2"[31m
              [33mviewBox[31m=[32m"0 0 24 24"[31m
              [33mwidth[31m=[32m"24"[31m
              [33mxmlns[31m=[32m"http://www.w3.org/2000/svg"[31m
            [36m>[31m
              [36m<path[31m
                [33md[31m=[32m"M3 6h18"[31m
              [36m/>[31m
              [36m<path[31m
                [33md[31m=[32m"M19 6v14c0 1-1 2-2 2H7c-1 0-2-1-2-2V6"[31m
              [36m/>[31m
              [36m<path[31m
                [33md[31m=[32m"M8 6V4c0-1 1-2 2-2h4c1 0 2 1 2 2v2"[31m
              [36m/>[31m
              [36m<line[31m
                [33mx1[31m=[32m"10"[31m
                [33mx2[31m=[32m"10"[31m
                [33my1[31m=[32m"11"[31m
                [33my2[31m=[32m"17"[31m
              [36m/>...

Ignored nodes: comments, script, style
[36m<html>[31m
  [36m<head />[31m
  [36m<body>[31m
    [36m<div>[31m
      [36m<div[31m
        [33mclass[31m=[32m"p-6"[31m
      [36m>[31m
        [36m<div[31m
          [33mclass[31m=[32m"flex justify-between items-center mb-6"[31m
        [36m>[31m
          [36m<div[31m
            [33mclass[31m=[32m"flex items-center space-x-3"[31m
          [36m>[31m
            [36m<svg[31m
              [33mclass[31m=[32m"lucide lucide-users h-8 w-8 text-blue-600"[31m
              [33mfill[31m=[32m"none"[31m
              [33mheight[31m=[32m"24"[31m
              [33mstroke[31m=[32m"currentColor"[31m
              [33mstroke-linecap[31m=[32m"round"[31m
              [33mstroke-linejoin[31m=[32m"round"[31m
              [33mstroke-width[31m=[32m"2"[31m
              [33mviewBox[31m=[32m"0 0 24 24"[31m
              [33mwidth[31m=[32m"24"[31m
              [33mxmlns[31m=[32m"http://www.w3.org/2000/svg"[31m
            [36m>[31m
              [36m<path[31m
                [33md[31m=[32m"M16 21v-2a4 4 0 0 0-4-4H6a4 4 0 0 0-4 4v2"[31m
              [36m/>[31m
              [36m<circle[31m
                [33mcx[31m=[32m"9"[31m
                [33mcy[31m=[32m"7"[31m
                [33mr[31m=[32m"4"[31m
              [36m/>[31m
              [36m<path[31m
                [33md[31m=[32m"M22 21v-2a4 4 0 0 0-3-3.87"[31m
              [36m/>[31m
              [36m<path[31m
                [33md[31m=[32m"M16 3.13a4 4 0 0 1 0 7.75"[31m
              [36m/>[31m
            [36m</svg>[31m
            [36m<div>[31m
              [36m<h1[31m
                [33mclass[31m=[32m"text-2xl font-bold text-gray-900"[31m
                [33mdata-testid[31m=[32m"page-title"[31m
              [36m>[31m
                [0mCustomers[0m
              [36m</h1>[31m
              [36m<p[31m
                [33mclass[31m=[32m"text-gray-600"[31m
              [36m>[31m
                [0mManage your customer relationships[0m
              [36m</p>[31m
            [36m</div>[31m
          [36m</div>[31m
          [36m<div[31m
            [33mclass[31m=[32m"flex gap-2"[31m
          [36m>[31m
            [36m<button[31m
              [33mclass[31m=[32m"justify-center gap-2 whitespace-nowrap rounded-md text-sm font-medium ring-offset-background transition-colors focus-visible:outline-none focus-visible:ring-2 focus-visible:ring-ring focus-visible:ring-offset-2 disabled:pointer-events-none disabled:opacity-50 [&_svg]:pointer-events-none [&_svg]:size-4 [&_svg]:shrink-0 border border-input bg-background hover:bg-accent hover:text-accent-foreground h-10 px-4 py-2 flex items-center space-x-2"[31m
            [36m>[31m
              [36m<svg[31m
                [33mclass[31m=[32m"lucide lucide-test-tube h-4 w-4"[31m
                [33mfill[31m=[32m"none"[31m
                [33mheight[31m=[32m"24"[31m
                [33mstroke[31m=[32m"currentColor"[31m
                [33mstroke-linecap[31m=[32m"round"[31m
                [33mstroke-linejoin[31m=[32m"round"[31m
                [33mstroke-width[31m=[32m"2"[31m
                [33mviewBox[31m=[32m"0 0 24 24"[31m
                [33mwidth[31m=[32m"24"[31m
                [33mxmlns[31m=[32m"http://www.w3.org/2000/svg"[31m
              [36m>[31m
                [36m<path[31m
                  [33md[31m=[32m"M14.5 2v17.5c0 1.4-1.1 2.5-2.5 2.5c-1.4 0-2.5-1.1-2.5-2.5V2"[31m
                [36m/>[31m
                [36m<path[31m
                  [33md[31m=[32m"M8.5 2h7"[31m
                [36m/>[31m
                [36m<path[31m
                  [33md[31m=[32m"M14.5 16h-5"[31m
                [36m/>[31m
              [36m</svg>[31m
              [36m<span>[31m
                [0mRun All Tests[0m
              [36m</span>[31m
            [36m</button>[31m
            [36m<button[31m
              [33mclass[31m=[32m"justify-center gap-2 whitespace-nowrap rounded-md text-sm font-medium ring-offset-background transition-colors focus-visible:outline-none focus-visible:ring-2 focus-visible:ring-ring focus-visible:ring-offset-2 disabled:pointer-events-none disabled:opacity-50 [&_svg]:pointer-events-none [&_svg]:size-4 [&_svg]:shrink-0 border border-input bg-background hover:bg-accent hover:text-accent-foreground h-10 px-4 py-2 flex items-center space-x-2"[31m
            [36m>[31m
              [36m<svg[31m
                [33mclass[31m=[32m"lucide lucide-plus h-4 w-4"[31m
                [33mfill[31m=[32m"none"[31m
                [33mheight[31m=[32m"24"[31m
                [33mstroke[31m=[32m"currentColor"[31m
                [33mstroke-linecap[31m=[32m"round"[31m
                [33mstroke-linejoin[31m=[32m"round"[31m
                [33mstroke-width[31m=[32m"2"[31m
                [33mviewBox[31m=[32m"0 0 24 24"[31m
                [33mwidth[31m=[32m"24"[31m
                [33mxmlns[31m=[32m"http://www.w3.org/2000/svg"[31m
              [36m>[31m
                [36m<path[31m
                  [33md[31m=[32m"M5 12h14"[31m
                [36m/>[31m
                [36m<path[31m
                  [33md[31m=[32m"M12 5v14"[31m
                [36m/>[31m
              [36m</svg>[31m
              [36m<span>[31m
                [0mAdd Demo Data[0m
              [36m</span>[31m
            [36m</button>[31m
            [36m<button[31m
              [33mclass[31m=[32m"justify-center gap-2 whitespace-nowrap rounded-md text-sm font-medium ring-offset-background transition-colors focus-visible:outline-none focus-visible:ring-2 focus-visible:ring-ring focus-visible:ring-offset-2 disabled:pointer-events-none disabled:opacity-50 [&_svg]:pointer-events-none [&_svg]:size-4 [&_svg]:shrink-0 border border-input bg-background hover:bg-accent hover:text-accent-foreground h-10 px-4 py-2 flex items-center space-x-2"[31m
            [36m>[31m
              [36m<svg[31m
                [33mclass[31m=[32m"lucide lucide-trash2 h-4 w-4"[31m
                [33mfill[31m=[32m"none"[31m
                [33mheight[31m=[32m"24"[31m
                [33mstroke[31m=[32m"currentColor"[31m
                [33mstroke-linecap[31m=[32m"round"[31m
                [33mstroke-linejoin[31m=[32m"round"[31m
                [33mstroke-width[31m=[32m"2"[31m
                [33mviewBox[31m=[32m"0 0 24 24"[31m
                [33mwidth[31m=[32m"24"[31m
                [33mxmlns[31m=[32m"http://www.w3.org/2000/svg"[31m
              [36m>[31m
                [36m<path[31m
                  [33md[31m=[32m"M3 6h18"[31m
                [36m/>[31m
                [36m<path[31m
                  [33md[31m=[32m"M19 6v14c0 1-1 2-2 2H7c-1 0-2-1-2-2V6"[31m
                [36m/>[31m
                [36m<path[31m
                  [33md[39...[39m
[31m   [31m×[31m Customers Component[2m > [22mCustomer Display[2m > [22mshould display customer status badge[39m[33m 1057[2mms[22m[39m
[31m     → [2mexpect([22m[31melement[31m[2m).toHaveClass([22m[32m[32m"bg-green-100"[32m[31m[2m)[22m

Expected the element to have class:
[32m  bg-green-100[31m
Received:
[31m[31m

Ignored nodes: comments, script, style
[36m<html>[31m
  [36m<head />[31m
  [36m<body>[31m
    [36m<div>[31m
      [36m<div[31m
        [33mclass[31m=[32m"p-6"[31m
      [36m>[31m
        [36m<div[31m
          [33mclass[31m=[32m"flex justify-between items-center mb-6"[31m
        [36m>[31m
          [36m<div[31m
            [33mclass[31m=[32m"flex items-center space-x-3"[31m
          [36m>[31m
            [36m<svg[31m
              [33mclass[31m=[32m"lucide lucide-users h-8 w-8 text-blue-600"[31m
              [33mfill[31m=[32m"none"[31m
              [33mheight[31m=[32m"24"[31m
              [33mstroke[31m=[32m"currentColor"[31m
              [33mstroke-linecap[31m=[32m"round"[31m
              [33mstroke-linejoin[31m=[32m"round"[31m
              [33mstroke-width[31m=[32m"2"[31m
              [33mviewBox[31m=[32m"0 0 24 24"[31m
              [33mwidth[31m=[32m"24"[31m
              [33mxmlns[31m=[32m"http://www.w3.org/2000/svg"[31m
            [36m>[31m
              [36m<path[31m
                [33md[31m=[32m"M16 21v-2a4 4 0 0 0-4-4H6a4 4 0 0 0-4 4v2"[31m
              [36m/>[31m
              [36m<circle[31m
                [33mcx[31m=[32m"9"[31m
                [33mcy[31m=[32m"7"[31m
                [33mr[31m=[32m"4"[31m
              [36m/>[31m
              [36m<path[31m
                [33md[31m=[32m"M22 21v-2a4 4 0 0 0-3-3.87"[31m
              [36m/>[31m
              [36m<path[31m
                [33md[31m=[32m"M16 3.13a4 4 0 0 1 0 7.75"[31m
              [36m/>[31m
            [36m</svg>[31m
            [36m<div>[31m
              [36m<h1[31m
                [33mclass[31m=[32m"text-2xl font-bold text-gray-900"[31m
                [33mdata-testid[31m=[32m"page-title"[31m
              [36m>[31m
                [0mCustomers[0m
              [36m</h1>[31m
              [36m<p[31m
                [33mclass[31m=[32m"text-gray-600"[31m
              [36m>[31m
                [0mManage your customer relationships[0m
              [36m</p>[31m
            [36m</div>[31m
          [36m</div>[31m
          [36m<div[31m
            [33mclass[31m=[32m"flex gap-2"[31m
          [36m>[31m
            [36m<button[31m
              [33mclass[31m=[32m"justify-center gap-2 whitespace-nowrap rounded-md text-sm font-medium ring-offset-background transition-colors focus-visible:outline-none focus-visible:ring-2 focus-visible:ring-ring focus-visible:ring-offset-2 disabled:pointer-events-none disabled:opacity-50 [&_svg]:pointer-events-none [&_svg]:size-4 [&_svg]:shrink-0 border border-input bg-background hover:bg-accent hover:text-accent-foreground h-10 px-4 py-2 flex items-center space-x-2"[31m
            [36m>[31m
              [36m<svg[31m
                [33mclass[31m=[32m"lucide lucide-test-tube h-4 w-4"[31m
                [33mfill[31m=[32m"none"[31m
                [33mheight[31m=[32m"24"[31m
                [33mstroke[31m=[32m"currentColor"[31m
                [33mstroke-linecap[31m=[32m"round"[31m
                [33mstroke-linejoin[31m=[32m"round"[31m
                [33mstroke-width[31m=[32m"2"[31m
                [33mviewBox[31m=[32m"0 0 24 24"[31m
                [33mwidth[31m=[32m"24"[31m
                [33mxmlns[31m=[32m"http://www.w3.org/2000/svg"[31m
              [36m>[31m
                [36m<path[31m
                  [33md[31m=[32m"M14.5 2v17.5c0 1.4-1.1 2.5-2.5 2.5c-1.4 0-2.5-1.1-2.5-2.5V2"[31m
                [36m/>[31m
                [36m<path[31m
                  [33md[31m=[32m"M8.5 2h7"[31m
                [36m/>[31m
                [36m<path[31m
                  [33md[31m=[32m"M14.5 16h-5"[31m
                [36m/>[31m
              [36m</svg>[31m
              [36m<span>[31m
                [0mRun All Tests[0m
              [36m</span>[31m
            [36m</button>[31m
            [36m<button[31m
              [33mclass[31m=[32m"justify-center gap-2 whitespace-nowrap rounded-md text-sm font-medium ring-offset-background transition-colors focus-visible:outline-none focus-visible:ring-2 focus-visible:ring-ring focus-visible:ring-offset-2 disabled:pointer-events-none disabled:opacity-50 [&_svg]:pointer-events-none [&_svg]:size-4 [&_svg]:shrink-0 border border-input bg-background hover:bg-accent hover:text-accent-foreground h-10 px-4 py-2 flex items-center space-x-2"[31m
            [36m>[31m
              [36m<svg[31m
                [33mclass[31m=[32m"lucide lucide-plus h-4 w-4"[31m
                [33mfill[31m=[32m"none"[31m
                [33mheight[31m=[32m"24"[31m
                [33mstroke[31m=[32m"currentColor"[31m
                [33mstroke-linecap[31m=[32m"round"[31m
                [33mstroke-linejoin[31m=[32m"round"[31m
                [33mstroke-width[31m=[32m"2"[31m
                [33mviewBox[31m=[32m"0 0 24 24"[31m
                [33mwidth[31m=[32m"24"[31m
                [33mxmlns[31m=[32m"http://www.w3.org/2000/svg"[31m
              [36m>[31m
                [36m<path[31m
                  [33md[31m=[32m"M5 12h14"[31m
                [36m/>[31m
                [36m<path[31m
                  [33md[31m=[32m"M12 5v14"[31m
                [36m/>[31m
              [36m</svg>[31m
              [36m<span>[31m
                [0mAdd Demo Data[0m
              [36m</span>[31m
            [36m</button>[31m
            [36m<button[31m
              [33mclass[31m=[32m"justify-center gap-2 whitespace-nowrap rounded-md text-sm font-medium ring-offset-background transition-colors focus-visible:outline-none focus-visible:ring-2 focus-visible:ring-ring focus-visible:ring-offset-2 disabled:pointer-events-none disabled:opacity-50 [&_svg]:pointer-events-none [&_svg]:size-4 [&_svg]:shrink-0 border border-input bg-background hover:bg-accent hover:text-accent-foreground h-10 px-4 py-2 flex items-center space-x-2"[31m
            [36m>[31m
              [36m<svg[31m
                [33mclass[31m=[32m"lucide lucide-trash2 h-4 w-4"[31m
                [33mfill[31m=[32m"none"[31m
                [33mheight[31m=[32m"24"[31m
                [33mstroke[31m=[32m"currentColor"[31m
                [33mstroke-linecap[31m=[32m"round"[31m
                [33mstroke-linejoin[31m=[32m"round"[31m
                [33mstroke-width[31m=[32m"2"[31m
                [33mviewBox[31m=[32m"0 0 24 24"[31m
                [33mwidth[31m=[32m"24"[31m
                [33mxmlns[31m=[32m"http://www.w3.org/2000/svg"[31m
              [36m>[31m
                [36m<path[31m
                  [33md[31m=[32m"M3 6h18"[31m
                [36m/>[31m
                [36m<path[31m
                  [33md[31m=[32m"M19 6v14c0 1-1 2-2 2H7c-1 0-2-1-2-2V6"[31m
                [36m/>[31m
                [36m<path[31m
                  [33md[39...[39m
[31m   [31m×[31m Customers Component[2m > [22mEdit Mode[2m > [22mshould enter edit mode when edit button is clicked[39m[33m 1069[2mms[22m[39m
[31m     → Unable to find an element with the text: Test Customer. This could be because the text is broken up by multiple elements. In this case, you can provide a function for your text matcher to make your matcher more flexible.

Ignored nodes: comments, script, style
[36m<body>[31m
  [36m<div>[31m
    [36m<div[31m
      [33mclass[31m=[32m"p-6"[31m
    [36m>[31m
      [36m<div[31m
        [33mclass[31m=[32m"flex justify-between items-center mb-6"[31m
      [36m>[31m
        [36m<div[31m
          [33mclass[31m=[32m"flex items-center space-x-3"[31m
        [36m>[31m
          [36m<svg[31m
            [33mclass[31m=[32m"lucide lucide-users h-8 w-8 text-blue-600"[31m
            [33mfill[31m=[32m"none"[31m
            [33mheight[31m=[32m"24"[31m
            [33mstroke[31m=[32m"currentColor"[31m
            [33mstroke-linecap[31m=[32m"round"[31m
            [33mstroke-linejoin[31m=[32m"round"[31m
            [33mstroke-width[31m=[32m"2"[31m
            [33mviewBox[31m=[32m"0 0 24 24"[31m
            [33mwidth[31m=[32m"24"[31m
            [33mxmlns[31m=[32m"http://www.w3.org/2000/svg"[31m
          [36m>[31m
            [36m<path[31m
              [33md[31m=[32m"M16 21v-2a4 4 0 0 0-4-4H6a4 4 0 0 0-4 4v2"[31m
            [36m/>[31m
            [36m<circle[31m
              [33mcx[31m=[32m"9"[31m
              [33mcy[31m=[32m"7"[31m
              [33mr[31m=[32m"4"[31m
            [36m/>[31m
            [36m<path[31m
              [33md[31m=[32m"M22 21v-2a4 4 0 0 0-3-3.87"[31m
            [36m/>[31m
            [36m<path[31m
              [33md[31m=[32m"M16 3.13a4 4 0 0 1 0 7.75"[31m
            [36m/>[31m
          [36m</svg>[31m
          [36m<div>[31m
            [36m<h1[31m
              [33mclass[31m=[32m"text-2xl font-bold text-gray-900"[31m
              [33mdata-testid[31m=[32m"page-title"[31m
            [36m>[31m
              [0mCustomers[0m
            [36m</h1>[31m
            [36m<p[31m
              [33mclass[31m=[32m"text-gray-600"[31m
            [36m>[31m
              [0mManage your customer relationships[0m
            [36m</p>[31m
          [36m</div>[31m
        [36m</div>[31m
        [36m<div[31m
          [33mclass[31m=[32m"flex gap-2"[31m
        [36m>[31m
          [36m<button[31m
            [33mclass[31m=[32m"justify-center gap-2 whitespace-nowrap rounded-md text-sm font-medium ring-offset-background transition-colors focus-visible:outline-none focus-visible:ring-2 focus-visible:ring-ring focus-visible:ring-offset-2 disabled:pointer-events-none disabled:opacity-50 [&_svg]:pointer-events-none [&_svg]:size-4 [&_svg]:shrink-0 border border-input bg-background hover:bg-accent hover:text-accent-foreground h-10 px-4 py-2 flex items-center space-x-2"[31m
          [36m>[31m
            [36m<svg[31m
              [33mclass[31m=[32m"lucide lucide-test-tube h-4 w-4"[31m
              [33mfill[31m=[32m"none"[31m
              [33mheight[31m=[32m"24"[31m
              [33mstroke[31m=[32m"currentColor"[31m
              [33mstroke-linecap[31m=[32m"round"[31m
              [33mstroke-linejoin[31m=[32m"round"[31m
              [33mstroke-width[31m=[32m"2"[31m
              [33mviewBox[31m=[32m"0 0 24 24"[31m
              [33mwidth[31m=[32m"24"[31m
              [33mxmlns[31m=[32m"http://www.w3.org/2000/svg"[31m
            [36m>[31m
              [36m<path[31m
                [33md[31m=[32m"M14.5 2v17.5c0 1.4-1.1 2.5-2.5 2.5c-1.4 0-2.5-1.1-2.5-2.5V2"[31m
              [36m/>[31m
              [36m<path[31m
                [33md[31m=[32m"M8.5 2h7"[31m
              [36m/>[31m
              [36m<path[31m
                [33md[31m=[32m"M14.5 16h-5"[31m
              [36m/>[31m
            [36m</svg>[31m
            [36m<span>[31m
              [0mRun All Tests[0m
            [36m</span>[31m
          [36m</button>[31m
          [36m<button[31m
            [33mclass[31m=[32m"justify-center gap-2 whitespace-nowrap rounded-md text-sm font-medium ring-offset-background transition-colors focus-visible:outline-none focus-visible:ring-2 focus-visible:ring-ring focus-visible:ring-offset-2 disabled:pointer-events-none disabled:opacity-50 [&_svg]:pointer-events-none [&_svg]:size-4 [&_svg]:shrink-0 border border-input bg-background hover:bg-accent hover:text-accent-foreground h-10 px-4 py-2 flex items-center space-x-2"[31m
          [36m>[31m
            [36m<svg[31m
              [33mclass[31m=[32m"lucide lucide-plus h-4 w-4"[31m
              [33mfill[31m=[32m"none"[31m
              [33mheight[31m=[32m"24"[31m
              [33mstroke[31m=[32m"currentColor"[31m
              [33mstroke-linecap[31m=[32m"round"[31m
              [33mstroke-linejoin[31m=[32m"round"[31m
              [33mstroke-width[31m=[32m"2"[31m
              [33mviewBox[31m=[32m"0 0 24 24"[31m
              [33mwidth[31m=[32m"24"[31m
              [33mxmlns[31m=[32m"http://www.w3.org/2000/svg"[31m
            [36m>[31m
              [36m<path[31m
                [33md[31m=[32m"M5 12h14"[31m
              [36m/>[31m
              [36m<path[31m
                [33md[31m=[32m"M12 5v14"[31m
              [36m/>[31m
            [36m</svg>[31m
            [36m<span>[31m
              [0mAdd Demo Data[0m
            [36m</span>[31m
          [36m</button>[31m
          [36m<button[31m
            [33mclass[31m=[32m"justify-center gap-2 whitespace-nowrap rounded-md text-sm font-medium ring-offset-background transition-colors focus-visible:outline-none focus-visible:ring-2 focus-visible:ring-ring focus-visible:ring-offset-2 disabled:pointer-events-none disabled:opacity-50 [&_svg]:pointer-events-none [&_svg]:size-4 [&_svg]:shrink-0 border border-input bg-background hover:bg-accent hover:text-accent-foreground h-10 px-4 py-2 flex items-center space-x-2"[31m
          [36m>[31m
            [36m<svg[31m
              [33mclass[31m=[32m"lucide lucide-trash2 h-4 w-4"[31m
              [33mfill[31m=[32m"none"[31m
              [33mheight[31m=[32m"24"[31m
              [33mstroke[31m=[32m"currentColor"[31m
              [33mstroke-linecap[31m=[32m"round"[31m
              [33mstroke-linejoin[31m=[32m"round"[31m
              [33mstroke-width[31m=[32m"2"[31m
              [33mviewBox[31m=[32m"0 0 24 24"[31m
              [33mwidth[31m=[32m"24"[31m
              [33mxmlns[31m=[32m"http://www.w3.org/2000/svg"[31m
            [36m>[31m
              [36m<path[31m
                [33md[31m=[32m"M3 6h18"[31m
              [36m/>[31m
              [36m<path[31m
                [33md[31m=[32m"M19 6v14c0 1-1 2-2 2H7c-1 0-2-1-2-2V6"[31m
              [36m/>[31m
              [36m<path[31m
                [33md[31m=[32m"M8 6V4c0-1 1-2 2-2h4c1 0 2 1 2 2v2"[31m
              [36m/>[31m
              [36m<line[31m
                [33mx1[31m=[32m"10"[31m
                [33mx2[31m=[32m"10"[31m
                [33my1[31m=[32m"11"[31m
                [33my2[31m=[32m"17"[31m
              [36m/>...

Ignored nodes: comments, script, style
[36m<html>[31m
  [36m<head />[31m
  [36m<body>[31m
    [36m<div>[31m
      [36m<div[31m
        [33mclass[31m=[32m"p-6"[31m
      [36m>[31m
        [36m<div[31m
          [33mclass[31m=[32m"flex justify-between items-center mb-6"[31m
        [36m>[31m
          [36m<div[31m
            [33mclass[31m=[32m"flex items-center space-x-3"[31m
          [36m>[31m
            [36m<svg[31m
              [33mclass[31m=[32m"lucide lucide-users h-8 w-8 text-blue-600"[31m
              [33mfill[31m=[32m"none"[31m
              [33mheight[31m=[32m"24"[31m
              [33mstroke[31m=[32m"currentColor"[31m
              [33mstroke-linecap[31m=[32m"round"[31m
              [33mstroke-linejoin[31m=[32m"round"[31m
              [33mstroke-width[31m=[32m"2"[31m
              [33mviewBox[31m=[32m"0 0 24 24"[31m
              [33mwidth[31m=[32m"24"[31m
              [33mxmlns[31m=[32m"http://www.w3.org/2000/svg"[31m
            [36m>[31m
              [36m<path[31m
                [33md[31m=[32m"M16 21v-2a4 4 0 0 0-4-4H6a4 4 0 0 0-4 4v2"[31m
              [36m/>[31m
              [36m<circle[31m
                [33mcx[31m=[32m"9"[31m
                [33mcy[31m=[32m"7"[31m
                [33mr[31m=[32m"4"[31m
              [36m/>[31m
              [36m<path[31m
                [33md[31m=[32m"M22 21v-2a4 4 0 0 0-3-3.87"[31m
              [36m/>[31m
              [36m<path[31m
                [33md[31m=[32m"M16 3.13a4 4 0 0 1 0 7.75"[31m
              [36m/>[31m
            [36m</svg>[31m
            [36m<div>[31m
              [36m<h1[31m
                [33mclass[31m=[32m"text-2xl font-bold text-gray-900"[31m
                [33mdata-testid[31m=[32m"page-title"[31m
              [36m>[31m
                [0mCustomers[0m
              [36m</h1>[31m
              [36m<p[31m
                [33mclass[31m=[32m"text-gray-600"[31m
              [36m>[31m
                [0mManage your customer relationships[0m
              [36m</p>[31m
            [36m</div>[31m
          [36m</div>[31m
          [36m<div[31m
            [33mclass[31m=[32m"flex gap-2"[31m
          [36m>[31m
            [36m<button[31m
              [33mclass[31m=[32m"justify-center gap-2 whitespace-nowrap rounded-md text-sm font-medium ring-offset-background transition-colors focus-visible:outline-none focus-visible:ring-2 focus-visible:ring-ring focus-visible:ring-offset-2 disabled:pointer-events-none disabled:opacity-50 [&_svg]:pointer-events-none [&_svg]:size-4 [&_svg]:shrink-0 border border-input bg-background hover:bg-accent hover:text-accent-foreground h-10 px-4 py-2 flex items-center space-x-2"[31m
            [36m>[31m
              [36m<svg[31m
                [33mclass[31m=[32m"lucide lucide-test-tube h-4 w-4"[31m
                [33mfill[31m=[32m"none"[31m
                [33mheight[31m=[32m"24"[31m
                [33mstroke[31m=[32m"currentColor"[31m
                [33mstroke-linecap[31m=[32m"round"[31m
                [33mstroke-linejoin[31m=[32m"round"[31m
                [33mstroke-width[31m=[32m"2"[31m
                [33mviewBox[31m=[32m"0 0 24 24"[31m
                [33mwidth[31m=[32m"24"[31m
                [33mxmlns[31m=[32m"http://www.w3.org/2000/svg"[31m
              [36m>[31m
                [36m<path[31m
                  [33md[31m=[32m"M14.5 2v17.5c0 1.4-1.1 2.5-2.5 2.5c-1.4 0-2.5-1.1-2.5-2.5V2"[31m
                [36m/>[31m
                [36m<path[31m
                  [33md[31m=[32m"M8.5 2h7"[31m
                [36m/>[31m
                [36m<path[31m
                  [33md[31m=[32m"M14.5 16h-5"[31m
                [36m/>[31m
              [36m</svg>[31m
              [36m<span>[31m
                [0mRun All Tests[0m
              [36m</span>[31m
            [36m</button>[31m
            [36m<button[31m
              [33mclass[31m=[32m"justify-center gap-2 whitespace-nowrap rounded-md text-sm font-medium ring-offset-background transition-colors focus-visible:outline-none focus-visible:ring-2 focus-visible:ring-ring focus-visible:ring-offset-2 disabled:pointer-events-none disabled:opacity-50 [&_svg]:pointer-events-none [&_svg]:size-4 [&_svg]:shrink-0 border border-input bg-background hover:bg-accent hover:text-accent-foreground h-10 px-4 py-2 flex items-center space-x-2"[31m
            [36m>[31m
              [36m<svg[31m
                [33mclass[31m=[32m"lucide lucide-plus h-4 w-4"[31m
                [33mfill[31m=[32m"none"[31m
                [33mheight[31m=[32m"24"[31m
                [33mstroke[31m=[32m"currentColor"[31m
                [33mstroke-linecap[31m=[32m"round"[31m
                [33mstroke-linejoin[31m=[32m"round"[31m
                [33mstroke-width[31m=[32m"2"[31m
                [33mviewBox[31m=[32m"0 0 24 24"[31m
                [33mwidth[31m=[32m"24"[31m
                [33mxmlns[31m=[32m"http://www.w3.org/2000/svg"[31m
              [36m>[31m
                [36m<path[31m
                  [33md[31m=[32m"M5 12h14"[31m
                [36m/>[31m
                [36m<path[31m
                  [33md[31m=[32m"M12 5v14"[31m
                [36m/>[31m
              [36m</svg>[31m
              [36m<span>[31m
                [0mAdd Demo Data[0m
              [36m</span>[31m
            [36m</button>[31m
            [36m<button[31m
              [33mclass[31m=[32m"justify-center gap-2 whitespace-nowrap rounded-md text-sm font-medium ring-offset-background transition-colors focus-visible:outline-none focus-visible:ring-2 focus-visible:ring-ring focus-visible:ring-offset-2 disabled:pointer-events-none disabled:opacity-50 [&_svg]:pointer-events-none [&_svg]:size-4 [&_svg]:shrink-0 border border-input bg-background hover:bg-accent hover:text-accent-foreground h-10 px-4 py-2 flex items-center space-x-2"[31m
            [36m>[31m
              [36m<svg[31m
                [33mclass[31m=[32m"lucide lucide-trash2 h-4 w-4"[31m
                [33mfill[31m=[32m"none"[31m
                [33mheight[31m=[32m"24"[31m
                [33mstroke[31m=[32m"currentColor"[31m
                [33mstroke-linecap[31m=[32m"round"[31m
                [33mstroke-linejoin[31m=[32m"round"[31m
                [33mstroke-width[31m=[32m"2"[31m
                [33mviewBox[31m=[32m"0 0 24 24"[31m
                [33mwidth[31m=[32m"24"[31m
                [33mxmlns[31m=[32m"http://www.w3.org/2000/svg"[31m
              [36m>[31m
                [36m<path[31m
                  [33md[31m=[32m"M3 6h18"[31m
                [36m/>[31m
                [36m<path[31m
                  [33md[31m=[32m"M19 6v14c0 1-1 2-2 2H7c-1 0-2-1-2-2V6"[31m
                [36m/>[31m
                [36m<path[31m
                  [33md[39...[39m
[31m   [31m×[31m Customers Component[2m > [22mEdit Mode[2m > [22mshould cancel edit mode when cancel button is clicked[39m[33m 1059[2mms[22m[39m
[31m     → Unable to find an element with the text: Test Customer. This could be because the text is broken up by multiple elements. In this case, you can provide a function for your text matcher to make your matcher more flexible.

Ignored nodes: comments, script, style
[36m<body>[31m
  [36m<div>[31m
    [36m<div[31m
      [33mclass[31m=[32m"p-6"[31m
    [36m>[31m
      [36m<div[31m
        [33mclass[31m=[32m"flex justify-between items-center mb-6"[31m
      [36m>[31m
        [36m<div[31m
          [33mclass[31m=[32m"flex items-center space-x-3"[31m
        [36m>[31m
          [36m<svg[31m
            [33mclass[31m=[32m"lucide lucide-users h-8 w-8 text-blue-600"[31m
            [33mfill[31m=[32m"none"[31m
            [33mheight[31m=[32m"24"[31m
            [33mstroke[31m=[32m"currentColor"[31m
            [33mstroke-linecap[31m=[32m"round"[31m
            [33mstroke-linejoin[31m=[32m"round"[31m
            [33mstroke-width[31m=[32m"2"[31m
            [33mviewBox[31m=[32m"0 0 24 24"[31m
            [33mwidth[31m=[32m"24"[31m
            [33mxmlns[31m=[32m"http://www.w3.org/2000/svg"[31m
          [36m>[31m
            [36m<path[31m
              [33md[31m=[32m"M16 21v-2a4 4 0 0 0-4-4H6a4 4 0 0 0-4 4v2"[31m
            [36m/>[31m
            [36m<circle[31m
              [33mcx[31m=[32m"9"[31m
              [33mcy[31m=[32m"7"[31m
              [33mr[31m=[32m"4"[31m
            [36m/>[31m
            [36m<path[31m
              [33md[31m=[32m"M22 21v-2a4 4 0 0 0-3-3.87"[31m
            [36m/>[31m
            [36m<path[31m
              [33md[31m=[32m"M16 3.13a4 4 0 0 1 0 7.75"[31m
            [36m/>[31m
          [36m</svg>[31m
          [36m<div>[31m
            [36m<h1[31m
              [33mclass[31m=[32m"text-2xl font-bold text-gray-900"[31m
              [33mdata-testid[31m=[32m"page-title"[31m
            [36m>[31m
              [0mCustomers[0m
            [36m</h1>[31m
            [36m<p[31m
              [33mclass[31m=[32m"text-gray-600"[31m
            [36m>[31m
              [0mManage your customer relationships[0m
            [36m</p>[31m
          [36m</div>[31m
        [36m</div>[31m
        [36m<div[31m
          [33mclass[31m=[32m"flex gap-2"[31m
        [36m>[31m
          [36m<button[31m
            [33mclass[31m=[32m"justify-center gap-2 whitespace-nowrap rounded-md text-sm font-medium ring-offset-background transition-colors focus-visible:outline-none focus-visible:ring-2 focus-visible:ring-ring focus-visible:ring-offset-2 disabled:pointer-events-none disabled:opacity-50 [&_svg]:pointer-events-none [&_svg]:size-4 [&_svg]:shrink-0 border border-input bg-background hover:bg-accent hover:text-accent-foreground h-10 px-4 py-2 flex items-center space-x-2"[31m
          [36m>[31m
            [36m<svg[31m
              [33mclass[31m=[32m"lucide lucide-test-tube h-4 w-4"[31m
              [33mfill[31m=[32m"none"[31m
              [33mheight[31m=[32m"24"[31m
              [33mstroke[31m=[32m"currentColor"[31m
              [33mstroke-linecap[31m=[32m"round"[31m
              [33mstroke-linejoin[31m=[32m"round"[31m
              [33mstroke-width[31m=[32m"2"[31m
              [33mviewBox[31m=[32m"0 0 24 24"[31m
              [33mwidth[31m=[32m"24"[31m
              [33mxmlns[31m=[32m"http://www.w3.org/2000/svg"[31m
            [36m>[31m
              [36m<path[31m
                [33md[31m=[32m"M14.5 2v17.5c0 1.4-1.1 2.5-2.5 2.5c-1.4 0-2.5-1.1-2.5-2.5V2"[31m
              [36m/>[31m
              [36m<path[31m
                [33md[31m=[32m"M8.5 2h7"[31m
              [36m/>[31m
              [36m<path[31m
                [33md[31m=[32m"M14.5 16h-5"[31m
              [36m/>[31m
            [36m</svg>[31m
            [36m<span>[31m
              [0mRun All Tests[0m
            [36m</span>[31m
          [36m</button>[31m
          [36m<button[31m
            [33mclass[31m=[32m"justify-center gap-2 whitespace-nowrap rounded-md text-sm font-medium ring-offset-background transition-colors focus-visible:outline-none focus-visible:ring-2 focus-visible:ring-ring focus-visible:ring-offset-2 disabled:pointer-events-none disabled:opacity-50 [&_svg]:pointer-events-none [&_svg]:size-4 [&_svg]:shrink-0 border border-input bg-background hover:bg-accent hover:text-accent-foreground h-10 px-4 py-2 flex items-center space-x-2"[31m
          [36m>[31m
            [36m<svg[31m
              [33mclass[31m=[32m"lucide lucide-plus h-4 w-4"[31m
              [33mfill[31m=[32m"none"[31m
              [33mheight[31m=[32m"24"[31m
              [33mstroke[31m=[32m"currentColor"[31m
              [33mstroke-linecap[31m=[32m"round"[31m
              [33mstroke-linejoin[31m=[32m"round"[31m
              [33mstroke-width[31m=[32m"2"[31m
              [33mviewBox[31m=[32m"0 0 24 24"[31m
              [33mwidth[31m=[32m"24"[31m
              [33mxmlns[31m=[32m"http://www.w3.org/2000/svg"[31m
            [36m>[31m
              [36m<path[31m
                [33md[31m=[32m"M5 12h14"[31m
              [36m/>[31m
              [36m<path[31m
                [33md[31m=[32m"M12 5v14"[31m
              [36m/>[31m
            [36m</svg>[31m
            [36m<span>[31m
              [0mAdd Demo Data[0m
            [36m</span>[31m
          [36m</button>[31m
          [36m<button[31m
            [33mclass[31m=[32m"justify-center gap-2 whitespace-nowrap rounded-md text-sm font-medium ring-offset-background transition-colors focus-visible:outline-none focus-visible:ring-2 focus-visible:ring-ring focus-visible:ring-offset-2 disabled:pointer-events-none disabled:opacity-50 [&_svg]:pointer-events-none [&_svg]:size-4 [&_svg]:shrink-0 border border-input bg-background hover:bg-accent hover:text-accent-foreground h-10 px-4 py-2 flex items-center space-x-2"[31m
          [36m>[31m
            [36m<svg[31m
              [33mclass[31m=[32m"lucide lucide-trash2 h-4 w-4"[31m
              [33mfill[31m=[32m"none"[31m
              [33mheight[31m=[32m"24"[31m
              [33mstroke[31m=[32m"currentColor"[31m
              [33mstroke-linecap[31m=[32m"round"[31m
              [33mstroke-linejoin[31m=[32m"round"[31m
              [33mstroke-width[31m=[32m"2"[31m
              [33mviewBox[31m=[32m"0 0 24 24"[31m
              [33mwidth[31m=[32m"24"[31m
              [33mxmlns[31m=[32m"http://www.w3.org/2000/svg"[31m
            [36m>[31m
              [36m<path[31m
                [33md[31m=[32m"M3 6h18"[31m
              [36m/>[31m
              [36m<path[31m
                [33md[31m=[32m"M19 6v14c0 1-1 2-2 2H7c-1 0-2-1-2-2V6"[31m
              [36m/>[31m
              [36m<path[31m
                [33md[31m=[32m"M8 6V4c0-1 1-2 2-2h4c1 0 2 1 2 2v2"[31m
              [36m/>[31m
              [36m<line[31m
                [33mx1[31m=[32m"10"[31m
                [33mx2[31m=[32m"10"[31m
                [33my1[31m=[32m"11"[31m
                [33my2[31m=[32m"17"[31m
              [36m/>...

Ignored nodes: comments, script, style
[36m<html>[31m
  [36m<head />[31m
  [36m<body>[31m
    [36m<div>[31m
      [36m<div[31m
        [33mclass[31m=[32m"p-6"[31m
      [36m>[31m
        [36m<div[31m
          [33mclass[31m=[32m"flex justify-between items-center mb-6"[31m
        [36m>[31m
          [36m<div[31m
            [33mclass[31m=[32m"flex items-center space-x-3"[31m
          [36m>[31m
            [36m<svg[31m
              [33mclass[31m=[32m"lucide lucide-users h-8 w-8 text-blue-600"[31m
              [33mfill[31m=[32m"none"[31m
              [33mheight[31m=[32m"24"[31m
              [33mstroke[31m=[32m"currentColor"[31m
              [33mstroke-linecap[31m=[32m"round"[31m
              [33mstroke-linejoin[31m=[32m"round"[31m
              [33mstroke-width[31m=[32m"2"[31m
              [33mviewBox[31m=[32m"0 0 24 24"[31m
              [33mwidth[31m=[32m"24"[31m
              [33mxmlns[31m=[32m"http://www.w3.org/2000/svg"[31m
            [36m>[31m
              [36m<path[31m
                [33md[31m=[32m"M16 21v-2a4 4 0 0 0-4-4H6a4 4 0 0 0-4 4v2"[31m
              [36m/>[31m
              [36m<circle[31m
                [33mcx[31m=[32m"9"[31m
                [33mcy[31m=[32m"7"[31m
                [33mr[31m=[32m"4"[31m
              [36m/>[31m
              [36m<path[31m
                [33md[31m=[32m"M22 21v-2a4 4 0 0 0-3-3.87"[31m
              [36m/>[31m
              [36m<path[31m
                [33md[31m=[32m"M16 3.13a4 4 0 0 1 0 7.75"[31m
              [36m/>[31m
            [36m</svg>[31m
            [36m<div>[31m
              [36m<h1[31m
                [33mclass[31m=[32m"text-2xl font-bold text-gray-900"[31m
                [33mdata-testid[31m=[32m"page-title"[31m
              [36m>[31m
                [0mCustomers[0m
              [36m</h1>[31m
              [36m<p[31m
                [33mclass[31m=[32m"text-gray-600"[31m
              [36m>[31m
                [0mManage your customer relationships[0m
              [36m</p>[31m
            [36m</div>[31m
          [36m</div>[31m
          [36m<div[31m
            [33mclass[31m=[32m"flex gap-2"[31m
          [36m>[31m
            [36m<button[31m
              [33mclass[31m=[32m"justify-center gap-2 whitespace-nowrap rounded-md text-sm font-medium ring-offset-background transition-colors focus-visible:outline-none focus-visible:ring-2 focus-visible:ring-ring focus-visible:ring-offset-2 disabled:pointer-events-none disabled:opacity-50 [&_svg]:pointer-events-none [&_svg]:size-4 [&_svg]:shrink-0 border border-input bg-background hover:bg-accent hover:text-accent-foreground h-10 px-4 py-2 flex items-center space-x-2"[31m
            [36m>[31m
              [36m<svg[31m
                [33mclass[31m=[32m"lucide lucide-test-tube h-4 w-4"[31m
                [33mfill[31m=[32m"none"[31m
                [33mheight[31m=[32m"24"[31m
                [33mstroke[31m=[32m"currentColor"[31m
                [33mstroke-linecap[31m=[32m"round"[31m
                [33mstroke-linejoin[31m=[32m"round"[31m
                [33mstroke-width[31m=[32m"2"[31m
                [33mviewBox[31m=[32m"0 0 24 24"[31m
                [33mwidth[31m=[32m"24"[31m
                [33mxmlns[31m=[32m"http://www.w3.org/2000/svg"[31m
              [36m>[31m
                [36m<path[31m
                  [33md[31m=[32m"M14.5 2v17.5c0 1.4-1.1 2.5-2.5 2.5c-1.4 0-2.5-1.1-2.5-2.5V2"[31m
                [36m/>[31m
                [36m<path[31m
                  [33md[31m=[32m"M8.5 2h7"[31m
                [36m/>[31m
                [36m<path[31m
                  [33md[31m=[32m"M14.5 16h-5"[31m
                [36m/>[31m
              [36m</svg>[31m
              [36m<span>[31m
                [0mRun All Tests[0m
              [36m</span>[31m
            [36m</button>[31m
            [36m<button[31m
              [33mclass[31m=[32m"justify-center gap-2 whitespace-nowrap rounded-md text-sm font-medium ring-offset-background transition-colors focus-visible:outline-none focus-visible:ring-2 focus-visible:ring-ring focus-visible:ring-offset-2 disabled:pointer-events-none disabled:opacity-50 [&_svg]:pointer-events-none [&_svg]:size-4 [&_svg]:shrink-0 border border-input bg-background hover:bg-accent hover:text-accent-foreground h-10 px-4 py-2 flex items-center space-x-2"[31m
            [36m>[31m
              [36m<svg[31m
                [33mclass[31m=[32m"lucide lucide-plus h-4 w-4"[31m
                [33mfill[31m=[32m"none"[31m
                [33mheight[31m=[32m"24"[31m
                [33mstroke[31m=[32m"currentColor"[31m
                [33mstroke-linecap[31m=[32m"round"[31m
                [33mstroke-linejoin[31m=[32m"round"[31m
                [33mstroke-width[31m=[32m"2"[31m
                [33mviewBox[31m=[32m"0 0 24 24"[31m
                [33mwidth[31m=[32m"24"[31m
                [33mxmlns[31m=[32m"http://www.w3.org/2000/svg"[31m
              [36m>[31m
                [36m<path[31m
                  [33md[31m=[32m"M5 12h14"[31m
                [36m/>[31m
                [36m<path[31m
                  [33md[31m=[32m"M12 5v14"[31m
                [36m/>[31m
              [36m</svg>[31m
              [36m<span>[31m
                [0mAdd Demo Data[0m
              [36m</span>[31m
            [36m</button>[31m
            [36m<button[31m
              [33mclass[31m=[32m"justify-center gap-2 whitespace-nowrap rounded-md text-sm font-medium ring-offset-background transition-colors focus-visible:outline-none focus-visible:ring-2 focus-visible:ring-ring focus-visible:ring-offset-2 disabled:pointer-events-none disabled:opacity-50 [&_svg]:pointer-events-none [&_svg]:size-4 [&_svg]:shrink-0 border border-input bg-background hover:bg-accent hover:text-accent-foreground h-10 px-4 py-2 flex items-center space-x-2"[31m
            [36m>[31m
              [36m<svg[31m
                [33mclass[31m=[32m"lucide lucide-trash2 h-4 w-4"[31m
                [33mfill[31m=[32m"none"[31m
                [33mheight[31m=[32m"24"[31m
                [33mstroke[31m=[32m"currentColor"[31m
                [33mstroke-linecap[31m=[32m"round"[31m
                [33mstroke-linejoin[31m=[32m"round"[31m
                [33mstroke-width[31m=[32m"2"[31m
                [33mviewBox[31m=[32m"0 0 24 24"[31m
                [33mwidth[31m=[32m"24"[31m
                [33mxmlns[31m=[32m"http://www.w3.org/2000/svg"[31m
              [36m>[31m
                [36m<path[31m
                  [33md[31m=[32m"M3 6h18"[31m
                [36m/>[31m
                [36m<path[31m
                  [33md[31m=[32m"M19 6v14c0 1-1 2-2 2H7c-1 0-2-1-2-2V6"[31m
                [36m/>[31m
                [36m<path[31m
                  [33md[39...[39m
[31m   [31m×[31m Customers Component[2m > [22mSave Functionality[2m > [22mshould save customer changes successfully[39m[33m 1078[2mms[22m[39m
[31m     → Unable to find an element with the text: Test Customer. This could be because the text is broken up by multiple elements. In this case, you can provide a function for your text matcher to make your matcher more flexible.

Ignored nodes: comments, script, style
[36m<body>[31m
  [36m<div>[31m
    [36m<div[31m
      [33mclass[31m=[32m"p-6"[31m
    [36m>[31m
      [36m<div[31m
        [33mclass[31m=[32m"flex justify-between items-center mb-6"[31m
      [36m>[31m
        [36m<div[31m
          [33mclass[31m=[32m"flex items-center space-x-3"[31m
        [36m>[31m
          [36m<svg[31m
            [33mclass[31m=[32m"lucide lucide-users h-8 w-8 text-blue-600"[31m
            [33mfill[31m=[32m"none"[31m
            [33mheight[31m=[32m"24"[31m
            [33mstroke[31m=[32m"currentColor"[31m
            [33mstroke-linecap[31m=[32m"round"[31m
            [33mstroke-linejoin[31m=[32m"round"[31m
            [33mstroke-width[31m=[32m"2"[31m
            [33mviewBox[31m=[32m"0 0 24 24"[31m
            [33mwidth[31m=[32m"24"[31m
            [33mxmlns[31m=[32m"http://www.w3.org/2000/svg"[31m
          [36m>[31m
            [36m<path[31m
              [33md[31m=[32m"M16 21v-2a4 4 0 0 0-4-4H6a4 4 0 0 0-4 4v2"[31m
            [36m/>[31m
            [36m<circle[31m
              [33mcx[31m=[32m"9"[31m
              [33mcy[31m=[32m"7"[31m
              [33mr[31m=[32m"4"[31m
            [36m/>[31m
            [36m<path[31m
              [33md[31m=[32m"M22 21v-2a4 4 0 0 0-3-3.87"[31m
            [36m/>[31m
            [36m<path[31m
              [33md[31m=[32m"M16 3.13a4 4 0 0 1 0 7.75"[31m
            [36m/>[31m
          [36m</svg>[31m
          [36m<div>[31m
            [36m<h1[31m
              [33mclass[31m=[32m"text-2xl font-bold text-gray-900"[31m
              [33mdata-testid[31m=[32m"page-title"[31m
            [36m>[31m
              [0mCustomers[0m
            [36m</h1>[31m
            [36m<p[31m
              [33mclass[31m=[32m"text-gray-600"[31m
            [36m>[31m
              [0mManage your customer relationships[0m
            [36m</p>[31m
          [36m</div>[31m
        [36m</div>[31m
        [36m<div[31m
          [33mclass[31m=[32m"flex gap-2"[31m
        [36m>[31m
          [36m<button[31m
            [33mclass[31m=[32m"justify-center gap-2 whitespace-nowrap rounded-md text-sm font-medium ring-offset-background transition-colors focus-visible:outline-none focus-visible:ring-2 focus-visible:ring-ring focus-visible:ring-offset-2 disabled:pointer-events-none disabled:opacity-50 [&_svg]:pointer-events-none [&_svg]:size-4 [&_svg]:shrink-0 border border-input bg-background hover:bg-accent hover:text-accent-foreground h-10 px-4 py-2 flex items-center space-x-2"[31m
          [36m>[31m
            [36m<svg[31m
              [33mclass[31m=[32m"lucide lucide-test-tube h-4 w-4"[31m
              [33mfill[31m=[32m"none"[31m
              [33mheight[31m=[32m"24"[31m
              [33mstroke[31m=[32m"currentColor"[31m
              [33mstroke-linecap[31m=[32m"round"[31m
              [33mstroke-linejoin[31m=[32m"round"[31m
              [33mstroke-width[31m=[32m"2"[31m
              [33mviewBox[31m=[32m"0 0 24 24"[31m
              [33mwidth[31m=[32m"24"[31m
              [33mxmlns[31m=[32m"http://www.w3.org/2000/svg"[31m
            [36m>[31m
              [36m<path[31m
                [33md[31m=[32m"M14.5 2v17.5c0 1.4-1.1 2.5-2.5 2.5c-1.4 0-2.5-1.1-2.5-2.5V2"[31m
              [36m/>[31m
              [36m<path[31m
                [33md[31m=[32m"M8.5 2h7"[31m
              [36m/>[31m
              [36m<path[31m
                [33md[31m=[32m"M14.5 16h-5"[31m
              [36m/>[31m
            [36m</svg>[31m
            [36m<span>[31m
              [0mRun All Tests[0m
            [36m</span>[31m
          [36m</button>[31m
          [36m<button[31m
            [33mclass[31m=[32m"justify-center gap-2 whitespace-nowrap rounded-md text-sm font-medium ring-offset-background transition-colors focus-visible:outline-none focus-visible:ring-2 focus-visible:ring-ring focus-visible:ring-offset-2 disabled:pointer-events-none disabled:opacity-50 [&_svg]:pointer-events-none [&_svg]:size-4 [&_svg]:shrink-0 border border-input bg-background hover:bg-accent hover:text-accent-foreground h-10 px-4 py-2 flex items-center space-x-2"[31m
          [36m>[31m
            [36m<svg[31m
              [33mclass[31m=[32m"lucide lucide-plus h-4 w-4"[31m
              [33mfill[31m=[32m"none"[31m
              [33mheight[31m=[32m"24"[31m
              [33mstroke[31m=[32m"currentColor"[31m
              [33mstroke-linecap[31m=[32m"round"[31m
              [33mstroke-linejoin[31m=[32m"round"[31m
              [33mstroke-width[31m=[32m"2"[31m
              [33mviewBox[31m=[32m"0 0 24 24"[31m
              [33mwidth[31m=[32m"24"[31m
              [33mxmlns[31m=[32m"http://www.w3.org/2000/svg"[31m
            [36m>[31m
              [36m<path[31m
                [33md[31m=[32m"M5 12h14"[31m
              [36m/>[31m
              [36m<path[31m
                [33md[31m=[32m"M12 5v14"[31m
              [36m/>[31m
            [36m</svg>[31m
            [36m<span>[31m
              [0mAdd Demo Data[0m
            [36m</span>[31m
          [36m</button>[31m
          [36m<button[31m
            [33mclass[31m=[32m"justify-center gap-2 whitespace-nowrap rounded-md text-sm font-medium ring-offset-background transition-colors focus-visible:outline-none focus-visible:ring-2 focus-visible:ring-ring focus-visible:ring-offset-2 disabled:pointer-events-none disabled:opacity-50 [&_svg]:pointer-events-none [&_svg]:size-4 [&_svg]:shrink-0 border border-input bg-background hover:bg-accent hover:text-accent-foreground h-10 px-4 py-2 flex items-center space-x-2"[31m
          [36m>[31m
            [36m<svg[31m
              [33mclass[31m=[32m"lucide lucide-trash2 h-4 w-4"[31m
              [33mfill[31m=[32m"none"[31m
              [33mheight[31m=[32m"24"[31m
              [33mstroke[31m=[32m"currentColor"[31m
              [33mstroke-linecap[31m=[32m"round"[31m
              [33mstroke-linejoin[31m=[32m"round"[31m
              [33mstroke-width[31m=[32m"2"[31m
              [33mviewBox[31m=[32m"0 0 24 24"[31m
              [33mwidth[31m=[32m"24"[31m
              [33mxmlns[31m=[32m"http://www.w3.org/2000/svg"[31m
            [36m>[31m
              [36m<path[31m
                [33md[31m=[32m"M3 6h18"[31m
              [36m/>[31m
              [36m<path[31m
                [33md[31m=[32m"M19 6v14c0 1-1 2-2 2H7c-1 0-2-1-2-2V6"[31m
              [36m/>[31m
              [36m<path[31m
                [33md[31m=[32m"M8 6V4c0-1 1-2 2-2h4c1 0 2 1 2 2v2"[31m
              [36m/>[31m
              [36m<line[31m
                [33mx1[31m=[32m"10"[31m
                [33mx2[31m=[32m"10"[31m
                [33my1[31m=[32m"11"[31m
                [33my2[31m=[32m"17"[31m
              [36m/>...

Ignored nodes: comments, script, style
[36m<html>[31m
  [36m<head />[31m
  [36m<body>[31m
    [36m<div>[31m
      [36m<div[31m
        [33mclass[31m=[32m"p-6"[31m
      [36m>[31m
        [36m<div[31m
          [33mclass[31m=[32m"flex justify-between items-center mb-6"[31m
        [36m>[31m
          [36m<div[31m
            [33mclass[31m=[32m"flex items-center space-x-3"[31m
          [36m>[31m
            [36m<svg[31m
              [33mclass[31m=[32m"lucide lucide-users h-8 w-8 text-blue-600"[31m
              [33mfill[31m=[32m"none"[31m
              [33mheight[31m=[32m"24"[31m
              [33mstroke[31m=[32m"currentColor"[31m
              [33mstroke-linecap[31m=[32m"round"[31m
              [33mstroke-linejoin[31m=[32m"round"[31m
              [33mstroke-width[31m=[32m"2"[31m
              [33mviewBox[31m=[32m"0 0 24 24"[31m
              [33mwidth[31m=[32m"24"[31m
              [33mxmlns[31m=[32m"http://www.w3.org/2000/svg"[31m
            [36m>[31m
              [36m<path[31m
                [33md[31m=[32m"M16 21v-2a4 4 0 0 0-4-4H6a4 4 0 0 0-4 4v2"[31m
              [36m/>[31m
              [36m<circle[31m
                [33mcx[31m=[32m"9"[31m
                [33mcy[31m=[32m"7"[31m
                [33mr[31m=[32m"4"[31m
              [36m/>[31m
              [36m<path[31m
                [33md[31m=[32m"M22 21v-2a4 4 0 0 0-3-3.87"[31m
              [36m/>[31m
              [36m<path[31m
                [33md[31m=[32m"M16 3.13a4 4 0 0 1 0 7.75"[31m
              [36m/>[31m
            [36m</svg>[31m
            [36m<div>[31m
              [36m<h1[31m
                [33mclass[31m=[32m"text-2xl font-bold text-gray-900"[31m
                [33mdata-testid[31m=[32m"page-title"[31m
              [36m>[31m
                [0mCustomers[0m
              [36m</h1>[31m
              [36m<p[31m
                [33mclass[31m=[32m"text-gray-600"[31m
              [36m>[31m
                [0mManage your customer relationships[0m
              [36m</p>[31m
            [36m</div>[31m
          [36m</div>[31m
          [36m<div[31m
            [33mclass[31m=[32m"flex gap-2"[31m
          [36m>[31m
            [36m<button[31m
              [33mclass[31m=[32m"justify-center gap-2 whitespace-nowrap rounded-md text-sm font-medium ring-offset-background transition-colors focus-visible:outline-none focus-visible:ring-2 focus-visible:ring-ring focus-visible:ring-offset-2 disabled:pointer-events-none disabled:opacity-50 [&_svg]:pointer-events-none [&_svg]:size-4 [&_svg]:shrink-0 border border-input bg-background hover:bg-accent hover:text-accent-foreground h-10 px-4 py-2 flex items-center space-x-2"[31m
            [36m>[31m
              [36m<svg[31m
                [33mclass[31m=[32m"lucide lucide-test-tube h-4 w-4"[31m
                [33mfill[31m=[32m"none"[31m
                [33mheight[31m=[32m"24"[31m
                [33mstroke[31m=[32m"currentColor"[31m
                [33mstroke-linecap[31m=[32m"round"[31m
                [33mstroke-linejoin[31m=[32m"round"[31m
                [33mstroke-width[31m=[32m"2"[31m
                [33mviewBox[31m=[32m"0 0 24 24"[31m
                [33mwidth[31m=[32m"24"[31m
                [33mxmlns[31m=[32m"http://www.w3.org/2000/svg"[31m
              [36m>[31m
                [36m<path[31m
                  [33md[31m=[32m"M14.5 2v17.5c0 1.4-1.1 2.5-2.5 2.5c-1.4 0-2.5-1.1-2.5-2.5V2"[31m
                [36m/>[31m
                [36m<path[31m
                  [33md[31m=[32m"M8.5 2h7"[31m
                [36m/>[31m
                [36m<path[31m
                  [33md[31m=[32m"M14.5 16h-5"[31m
                [36m/>[31m
              [36m</svg>[31m
              [36m<span>[31m
                [0mRun All Tests[0m
              [36m</span>[31m
            [36m</button>[31m
            [36m<button[31m
              [33mclass[31m=[32m"justify-center gap-2 whitespace-nowrap rounded-md text-sm font-medium ring-offset-background transition-colors focus-visible:outline-none focus-visible:ring-2 focus-visible:ring-ring focus-visible:ring-offset-2 disabled:pointer-events-none disabled:opacity-50 [&_svg]:pointer-events-none [&_svg]:size-4 [&_svg]:shrink-0 border border-input bg-background hover:bg-accent hover:text-accent-foreground h-10 px-4 py-2 flex items-center space-x-2"[31m
            [36m>[31m
              [36m<svg[31m
                [33mclass[31m=[32m"lucide lucide-plus h-4 w-4"[31m
                [33mfill[31m=[32m"none"[31m
                [33mheight[31m=[32m"24"[31m
                [33mstroke[31m=[32m"currentColor"[31m
                [33mstroke-linecap[31m=[32m"round"[31m
                [33mstroke-linejoin[31m=[32m"round"[31m
                [33mstroke-width[31m=[32m"2"[31m
                [33mviewBox[31m=[32m"0 0 24 24"[31m
                [33mwidth[31m=[32m"24"[31m
                [33mxmlns[31m=[32m"http://www.w3.org/2000/svg"[31m
              [36m>[31m
                [36m<path[31m
                  [33md[31m=[32m"M5 12h14"[31m
                [36m/>[31m
                [36m<path[31m
                  [33md[31m=[32m"M12 5v14"[31m
                [36m/>[31m
              [36m</svg>[31m
              [36m<span>[31m
                [0mAdd Demo Data[0m
              [36m</span>[31m
            [36m</button>[31m
            [36m<button[31m
              [33mclass[31m=[32m"justify-center gap-2 whitespace-nowrap rounded-md text-sm font-medium ring-offset-background transition-colors focus-visible:outline-none focus-visible:ring-2 focus-visible:ring-ring focus-visible:ring-offset-2 disabled:pointer-events-none disabled:opacity-50 [&_svg]:pointer-events-none [&_svg]:size-4 [&_svg]:shrink-0 border border-input bg-background hover:bg-accent hover:text-accent-foreground h-10 px-4 py-2 flex items-center space-x-2"[31m
            [36m>[31m
              [36m<svg[31m
                [33mclass[31m=[32m"lucide lucide-trash2 h-4 w-4"[31m
                [33mfill[31m=[32m"none"[31m
                [33mheight[31m=[32m"24"[31m
                [33mstroke[31m=[32m"currentColor"[31m
                [33mstroke-linecap[31m=[32m"round"[31m
                [33mstroke-linejoin[31m=[32m"round"[31m
                [33mstroke-width[31m=[32m"2"[31m
                [33mviewBox[31m=[32m"0 0 24 24"[31m
                [33mwidth[31m=[32m"24"[31m
                [33mxmlns[31m=[32m"http://www.w3.org/2000/svg"[31m
              [36m>[31m
                [36m<path[31m
                  [33md[31m=[32m"M3 6h18"[31m
                [36m/>[31m
                [36m<path[31m
                  [33md[31m=[32m"M19 6v14c0 1-1 2-2 2H7c-1 0-2-1-2-2V6"[31m
                [36m/>[31m
                [36m<path[31m
                  [33md[39...[39m
[31m   [31m×[31m Customers Component[2m > [22mSave Functionality[2m > [22mshould validate required fields before saving[39m[33m 1054[2mms[22m[39m
[31m     → Unable to find an element with the text: Test Customer. This could be because the text is broken up by multiple elements. In this case, you can provide a function for your text matcher to make your matcher more flexible.

Ignored nodes: comments, script, style
[36m<body>[31m
  [36m<div>[31m
    [36m<div[31m
      [33mclass[31m=[32m"p-6"[31m
    [36m>[31m
      [36m<div[31m
        [33mclass[31m=[32m"flex justify-between items-center mb-6"[31m
      [36m>[31m
        [36m<div[31m
          [33mclass[31m=[32m"flex items-center space-x-3"[31m
        [36m>[31m
          [36m<svg[31m
            [33mclass[31m=[32m"lucide lucide-users h-8 w-8 text-blue-600"[31m
            [33mfill[31m=[32m"none"[31m
            [33mheight[31m=[32m"24"[31m
            [33mstroke[31m=[32m"currentColor"[31m
            [33mstroke-linecap[31m=[32m"round"[31m
            [33mstroke-linejoin[31m=[32m"round"[31m
            [33mstroke-width[31m=[32m"2"[31m
            [33mviewBox[31m=[32m"0 0 24 24"[31m
            [33mwidth[31m=[32m"24"[31m
            [33mxmlns[31m=[32m"http://www.w3.org/2000/svg"[31m
          [36m>[31m
            [36m<path[31m
              [33md[31m=[32m"M16 21v-2a4 4 0 0 0-4-4H6a4 4 0 0 0-4 4v2"[31m
            [36m/>[31m
            [36m<circle[31m
              [33mcx[31m=[32m"9"[31m
              [33mcy[31m=[32m"7"[31m
              [33mr[31m=[32m"4"[31m
            [36m/>[31m
            [36m<path[31m
              [33md[31m=[32m"M22 21v-2a4 4 0 0 0-3-3.87"[31m
            [36m/>[31m
            [36m<path[31m
              [33md[31m=[32m"M16 3.13a4 4 0 0 1 0 7.75"[31m
            [36m/>[31m
          [36m</svg>[31m
          [36m<div>[31m
            [36m<h1[31m
              [33mclass[31m=[32m"text-2xl font-bold text-gray-900"[31m
              [33mdata-testid[31m=[32m"page-title"[31m
            [36m>[31m
              [0mCustomers[0m
            [36m</h1>[31m
            [36m<p[31m
              [33mclass[31m=[32m"text-gray-600"[31m
            [36m>[31m
              [0mManage your customer relationships[0m
            [36m</p>[31m
          [36m</div>[31m
        [36m</div>[31m
        [36m<div[31m
          [33mclass[31m=[32m"flex gap-2"[31m
        [36m>[31m
          [36m<button[31m
            [33mclass[31m=[32m"justify-center gap-2 whitespace-nowrap rounded-md text-sm font-medium ring-offset-background transition-colors focus-visible:outline-none focus-visible:ring-2 focus-visible:ring-ring focus-visible:ring-offset-2 disabled:pointer-events-none disabled:opacity-50 [&_svg]:pointer-events-none [&_svg]:size-4 [&_svg]:shrink-0 border border-input bg-background hover:bg-accent hover:text-accent-foreground h-10 px-4 py-2 flex items-center space-x-2"[31m
          [36m>[31m
            [36m<svg[31m
              [33mclass[31m=[32m"lucide lucide-test-tube h-4 w-4"[31m
              [33mfill[31m=[32m"none"[31m
              [33mheight[31m=[32m"24"[31m
              [33mstroke[31m=[32m"currentColor"[31m
              [33mstroke-linecap[31m=[32m"round"[31m
              [33mstroke-linejoin[31m=[32m"round"[31m
              [33mstroke-width[31m=[32m"2"[31m
              [33mviewBox[31m=[32m"0 0 24 24"[31m
              [33mwidth[31m=[32m"24"[31m
              [33mxmlns[31m=[32m"http://www.w3.org/2000/svg"[31m
            [36m>[31m
              [36m<path[31m
                [33md[31m=[32m"M14.5 2v17.5c0 1.4-1.1 2.5-2.5 2.5c-1.4 0-2.5-1.1-2.5-2.5V2"[31m
              [36m/>[31m
              [36m<path[31m
                [33md[31m=[32m"M8.5 2h7"[31m
              [36m/>[31m
              [36m<path[31m
                [33md[31m=[32m"M14.5 16h-5"[31m
              [36m/>[31m
            [36m</svg>[31m
            [36m<span>[31m
              [0mRun All Tests[0m
            [36m</span>[31m
          [36m</button>[31m
          [36m<button[31m
            [33mclass[31m=[32m"justify-center gap-2 whitespace-nowrap rounded-md text-sm font-medium ring-offset-background transition-colors focus-visible:outline-none focus-visible:ring-2 focus-visible:ring-ring focus-visible:ring-offset-2 disabled:pointer-events-none disabled:opacity-50 [&_svg]:pointer-events-none [&_svg]:size-4 [&_svg]:shrink-0 border border-input bg-background hover:bg-accent hover:text-accent-foreground h-10 px-4 py-2 flex items-center space-x-2"[31m
          [36m>[31m
            [36m<svg[31m
              [33mclass[31m=[32m"lucide lucide-plus h-4 w-4"[31m
              [33mfill[31m=[32m"none"[31m
              [33mheight[31m=[32m"24"[31m
              [33mstroke[31m=[32m"currentColor"[31m
              [33mstroke-linecap[31m=[32m"round"[31m
              [33mstroke-linejoin[31m=[32m"round"[31m
              [33mstroke-width[31m=[32m"2"[31m
              [33mviewBox[31m=[32m"0 0 24 24"[31m
              [33mwidth[31m=[32m"24"[31m
              [33mxmlns[31m=[32m"http://www.w3.org/2000/svg"[31m
            [36m>[31m
              [36m<path[31m
                [33md[31m=[32m"M5 12h14"[31m
              [36m/>[31m
              [36m<path[31m
                [33md[31m=[32m"M12 5v14"[31m
              [36m/>[31m
            [36m</svg>[31m
            [36m<span>[31m
              [0mAdd Demo Data[0m
            [36m</span>[31m
          [36m</button>[31m
          [36m<button[31m
            [33mclass[31m=[32m"justify-center gap-2 whitespace-nowrap rounded-md text-sm font-medium ring-offset-background transition-colors focus-visible:outline-none focus-visible:ring-2 focus-visible:ring-ring focus-visible:ring-offset-2 disabled:pointer-events-none disabled:opacity-50 [&_svg]:pointer-events-none [&_svg]:size-4 [&_svg]:shrink-0 border border-input bg-background hover:bg-accent hover:text-accent-foreground h-10 px-4 py-2 flex items-center space-x-2"[31m
          [36m>[31m
            [36m<svg[31m
              [33mclass[31m=[32m"lucide lucide-trash2 h-4 w-4"[31m
              [33mfill[31m=[32m"none"[31m
              [33mheight[31m=[32m"24"[31m
              [33mstroke[31m=[32m"currentColor"[31m
              [33mstroke-linecap[31m=[32m"round"[31m
              [33mstroke-linejoin[31m=[32m"round"[31m
              [33mstroke-width[31m=[32m"2"[31m
              [33mviewBox[31m=[32m"0 0 24 24"[31m
              [33mwidth[31m=[32m"24"[31m
              [33mxmlns[31m=[32m"http://www.w3.org/2000/svg"[31m
            [36m>[31m
              [36m<path[31m
                [33md[31m=[32m"M3 6h18"[31m
              [36m/>[31m
              [36m<path[31m
                [33md[31m=[32m"M19 6v14c0 1-1 2-2 2H7c-1 0-2-1-2-2V6"[31m
              [36m/>[31m
              [36m<path[31m
                [33md[31m=[32m"M8 6V4c0-1 1-2 2-2h4c1 0 2 1 2 2v2"[31m
              [36m/>[31m
              [36m<line[31m
                [33mx1[31m=[32m"10"[31m
                [33mx2[31m=[32m"10"[31m
                [33my1[31m=[32m"11"[31m
                [33my2[31m=[32m"17"[31m
              [36m/>...

Ignored nodes: comments, script, style
[36m<html>[31m
  [36m<head />[31m
  [36m<body>[31m
    [36m<div>[31m
      [36m<div[31m
        [33mclass[31m=[32m"p-6"[31m
      [36m>[31m
        [36m<div[31m
          [33mclass[31m=[32m"flex justify-between items-center mb-6"[31m
        [36m>[31m
          [36m<div[31m
            [33mclass[31m=[32m"flex items-center space-x-3"[31m
          [36m>[31m
            [36m<svg[31m
              [33mclass[31m=[32m"lucide lucide-users h-8 w-8 text-blue-600"[31m
              [33mfill[31m=[32m"none"[31m
              [33mheight[31m=[32m"24"[31m
              [33mstroke[31m=[32m"currentColor"[31m
              [33mstroke-linecap[31m=[32m"round"[31m
              [33mstroke-linejoin[31m=[32m"round"[31m
              [33mstroke-width[31m=[32m"2"[31m
              [33mviewBox[31m=[32m"0 0 24 24"[31m
              [33mwidth[31m=[32m"24"[31m
              [33mxmlns[31m=[32m"http://www.w3.org/2000/svg"[31m
            [36m>[31m
              [36m<path[31m
                [33md[31m=[32m"M16 21v-2a4 4 0 0 0-4-4H6a4 4 0 0 0-4 4v2"[31m
              [36m/>[31m
              [36m<circle[31m
                [33mcx[31m=[32m"9"[31m
                [33mcy[31m=[32m"7"[31m
                [33mr[31m=[32m"4"[31m
              [36m/>[31m
              [36m<path[31m
                [33md[31m=[32m"M22 21v-2a4 4 0 0 0-3-3.87"[31m
              [36m/>[31m
              [36m<path[31m
                [33md[31m=[32m"M16 3.13a4 4 0 0 1 0 7.75"[31m
              [36m/>[31m
            [36m</svg>[31m
            [36m<div>[31m
              [36m<h1[31m
                [33mclass[31m=[32m"text-2xl font-bold text-gray-900"[31m
                [33mdata-testid[31m=[32m"page-title"[31m
              [36m>[31m
                [0mCustomers[0m
              [36m</h1>[31m
              [36m<p[31m
                [33mclass[31m=[32m"text-gray-600"[31m
              [36m>[31m
                [0mManage your customer relationships[0m
              [36m</p>[31m
            [36m</div>[31m
          [36m</div>[31m
          [36m<div[31m
            [33mclass[31m=[32m"flex gap-2"[31m
          [36m>[31m
            [36m<button[31m
              [33mclass[31m=[32m"justify-center gap-2 whitespace-nowrap rounded-md text-sm font-medium ring-offset-background transition-colors focus-visible:outline-none focus-visible:ring-2 focus-visible:ring-ring focus-visible:ring-offset-2 disabled:pointer-events-none disabled:opacity-50 [&_svg]:pointer-events-none [&_svg]:size-4 [&_svg]:shrink-0 border border-input bg-background hover:bg-accent hover:text-accent-foreground h-10 px-4 py-2 flex items-center space-x-2"[31m
            [36m>[31m
              [36m<svg[31m
                [33mclass[31m=[32m"lucide lucide-test-tube h-4 w-4"[31m
                [33mfill[31m=[32m"none"[31m
                [33mheight[31m=[32m"24"[31m
                [33mstroke[31m=[32m"currentColor"[31m
                [33mstroke-linecap[31m=[32m"round"[31m
                [33mstroke-linejoin[31m=[32m"round"[31m
                [33mstroke-width[31m=[32m"2"[31m
                [33mviewBox[31m=[32m"0 0 24 24"[31m
                [33mwidth[31m=[32m"24"[31m
                [33mxmlns[31m=[32m"http://www.w3.org/2000/svg"[31m
              [36m>[31m
                [36m<path[31m
                  [33md[31m=[32m"M14.5 2v17.5c0 1.4-1.1 2.5-2.5 2.5c-1.4 0-2.5-1.1-2.5-2.5V2"[31m
                [36m/>[31m
                [36m<path[31m
                  [33md[31m=[32m"M8.5 2h7"[31m
                [36m/>[31m
                [36m<path[31m
                  [33md[31m=[32m"M14.5 16h-5"[31m
                [36m/>[31m
              [36m</svg>[31m
              [36m<span>[31m
                [0mRun All Tests[0m
              [36m</span>[31m
            [36m</button>[31m
            [36m<button[31m
              [33mclass[31m=[32m"justify-center gap-2 whitespace-nowrap rounded-md text-sm font-medium ring-offset-background transition-colors focus-visible:outline-none focus-visible:ring-2 focus-visible:ring-ring focus-visible:ring-offset-2 disabled:pointer-events-none disabled:opacity-50 [&_svg]:pointer-events-none [&_svg]:size-4 [&_svg]:shrink-0 border border-input bg-background hover:bg-accent hover:text-accent-foreground h-10 px-4 py-2 flex items-center space-x-2"[31m
            [36m>[31m
              [36m<svg[31m
                [33mclass[31m=[32m"lucide lucide-plus h-4 w-4"[31m
                [33mfill[31m=[32m"none"[31m
                [33mheight[31m=[32m"24"[31m
                [33mstroke[31m=[32m"currentColor"[31m
                [33mstroke-linecap[31m=[32m"round"[31m
                [33mstroke-linejoin[31m=[32m"round"[31m
                [33mstroke-width[31m=[32m"2"[31m
                [33mviewBox[31m=[32m"0 0 24 24"[31m
                [33mwidth[31m=[32m"24"[31m
                [33mxmlns[31m=[32m"http://www.w3.org/2000/svg"[31m
              [36m>[31m
                [36m<path[31m
                  [33md[31m=[32m"M5 12h14"[31m
                [36m/>[31m
                [36m<path[31m
                  [33md[31m=[32m"M12 5v14"[31m
                [36m/>[31m
              [36m</svg>[31m
              [36m<span>[31m
                [0mAdd Demo Data[0m
              [36m</span>[31m
            [36m</button>[31m
            [36m<button[31m
              [33mclass[31m=[32m"justify-center gap-2 whitespace-nowrap rounded-md text-sm font-medium ring-offset-background transition-colors focus-visible:outline-none focus-visible:ring-2 focus-visible:ring-ring focus-visible:ring-offset-2 disabled:pointer-events-none disabled:opacity-50 [&_svg]:pointer-events-none [&_svg]:size-4 [&_svg]:shrink-0 border border-input bg-background hover:bg-accent hover:text-accent-foreground h-10 px-4 py-2 flex items-center space-x-2"[31m
            [36m>[31m
              [36m<svg[31m
                [33mclass[31m=[32m"lucide lucide-trash2 h-4 w-4"[31m
                [33mfill[31m=[32m"none"[31m
                [33mheight[31m=[32m"24"[31m
                [33mstroke[31m=[32m"currentColor"[31m
                [33mstroke-linecap[31m=[32m"round"[31m
                [33mstroke-linejoin[31m=[32m"round"[31m
                [33mstroke-width[31m=[32m"2"[31m
                [33mviewBox[31m=[32m"0 0 24 24"[31m
                [33mwidth[31m=[32m"24"[31m
                [33mxmlns[31m=[32m"http://www.w3.org/2000/svg"[31m
              [36m>[31m
                [36m<path[31m
                  [33md[31m=[32m"M3 6h18"[31m
                [36m/>[31m
                [36m<path[31m
                  [33md[31m=[32m"M19 6v14c0 1-1 2-2 2H7c-1 0-2-1-2-2V6"[31m
                [36m/>[31m
                [36m<path[31m
                  [33md[39...[39m
[31m   [31m×[31m Customers Component[2m > [22mError Handling[2m > [22mshould handle fetch errors gracefully[39m[33m 1050[2mms[22m[39m
[31m     → Unable to find an element with the text: Error: Customer not found. This could be because the text is broken up by multiple elements. In this case, you can provide a function for your text matcher to make your matcher more flexible.

Ignored nodes: comments, script, style
[36m<body>[31m
  [36m<div>[31m
    [36m<div[31m
      [33mclass[31m=[32m"p-6"[31m
    [36m>[31m
      [36m<div[31m
        [33mclass[31m=[32m"flex justify-between items-center mb-6"[31m
      [36m>[31m
        [36m<div[31m
          [33mclass[31m=[32m"flex items-center space-x-3"[31m
        [36m>[31m
          [36m<svg[31m
            [33mclass[31m=[32m"lucide lucide-users h-8 w-8 text-blue-600"[31m
            [33mfill[31m=[32m"none"[31m
            [33mheight[31m=[32m"24"[31m
            [33mstroke[31m=[32m"currentColor"[31m
            [33mstroke-linecap[31m=[32m"round"[31m
            [33mstroke-linejoin[31m=[32m"round"[31m
            [33mstroke-width[31m=[32m"2"[31m
            [33mviewBox[31m=[32m"0 0 24 24"[31m
            [33mwidth[31m=[32m"24"[31m
            [33mxmlns[31m=[32m"http://www.w3.org/2000/svg"[31m
          [36m>[31m
            [36m<path[31m
              [33md[31m=[32m"M16 21v-2a4 4 0 0 0-4-4H6a4 4 0 0 0-4 4v2"[31m
            [36m/>[31m
            [36m<circle[31m
              [33mcx[31m=[32m"9"[31m
              [33mcy[31m=[32m"7"[31m
              [33mr[31m=[32m"4"[31m
            [36m/>[31m
            [36m<path[31m
              [33md[31m=[32m"M22 21v-2a4 4 0 0 0-3-3.87"[31m
            [36m/>[31m
            [36m<path[31m
              [33md[31m=[32m"M16 3.13a4 4 0 0 1 0 7.75"[31m
            [36m/>[31m
          [36m</svg>[31m
          [36m<div>[31m
            [36m<h1[31m
              [33mclass[31m=[32m"text-2xl font-bold text-gray-900"[31m
              [33mdata-testid[31m=[32m"page-title"[31m
            [36m>[31m
              [0mCustomers[0m
            [36m</h1>[31m
            [36m<p[31m
              [33mclass[31m=[32m"text-gray-600"[31m
            [36m>[31m
              [0mManage your customer relationships[0m
            [36m</p>[31m
          [36m</div>[31m
        [36m</div>[31m
        [36m<div[31m
          [33mclass[31m=[32m"flex gap-2"[31m
        [36m>[31m
          [36m<button[31m
            [33mclass[31m=[32m"justify-center gap-2 whitespace-nowrap rounded-md text-sm font-medium ring-offset-background transition-colors focus-visible:outline-none focus-visible:ring-2 focus-visible:ring-ring focus-visible:ring-offset-2 disabled:pointer-events-none disabled:opacity-50 [&_svg]:pointer-events-none [&_svg]:size-4 [&_svg]:shrink-0 border border-input bg-background hover:bg-accent hover:text-accent-foreground h-10 px-4 py-2 flex items-center space-x-2"[31m
          [36m>[31m
            [36m<svg[31m
              [33mclass[31m=[32m"lucide lucide-test-tube h-4 w-4"[31m
              [33mfill[31m=[32m"none"[31m
              [33mheight[31m=[32m"24"[31m
              [33mstroke[31m=[32m"currentColor"[31m
              [33mstroke-linecap[31m=[32m"round"[31m
              [33mstroke-linejoin[31m=[32m"round"[31m
              [33mstroke-width[31m=[32m"2"[31m
              [33mviewBox[31m=[32m"0 0 24 24"[31m
              [33mwidth[31m=[32m"24"[31m
              [33mxmlns[31m=[32m"http://www.w3.org/2000/svg"[31m
            [36m>[31m
              [36m<path[31m
                [33md[31m=[32m"M14.5 2v17.5c0 1.4-1.1 2.5-2.5 2.5c-1.4 0-2.5-1.1-2.5-2.5V2"[31m
              [36m/>[31m
              [36m<path[31m
                [33md[31m=[32m"M8.5 2h7"[31m
              [36m/>[31m
              [36m<path[31m
                [33md[31m=[32m"M14.5 16h-5"[31m
              [36m/>[31m
            [36m</svg>[31m
            [36m<span>[31m
              [0mRun All Tests[0m
            [36m</span>[31m
          [36m</button>[31m
          [36m<button[31m
            [33mclass[31m=[32m"justify-center gap-2 whitespace-nowrap rounded-md text-sm font-medium ring-offset-background transition-colors focus-visible:outline-none focus-visible:ring-2 focus-visible:ring-ring focus-visible:ring-offset-2 disabled:pointer-events-none disabled:opacity-50 [&_svg]:pointer-events-none [&_svg]:size-4 [&_svg]:shrink-0 border border-input bg-background hover:bg-accent hover:text-accent-foreground h-10 px-4 py-2 flex items-center space-x-2"[31m
          [36m>[31m
            [36m<svg[31m
              [33mclass[31m=[32m"lucide lucide-plus h-4 w-4"[31m
              [33mfill[31m=[32m"none"[31m
              [33mheight[31m=[32m"24"[31m
              [33mstroke[31m=[32m"currentColor"[31m
              [33mstroke-linecap[31m=[32m"round"[31m
              [33mstroke-linejoin[31m=[32m"round"[31m
              [33mstroke-width[31m=[32m"2"[31m
              [33mviewBox[31m=[32m"0 0 24 24"[31m
              [33mwidth[31m=[32m"24"[31m
              [33mxmlns[31m=[32m"http://www.w3.org/2000/svg"[31m
            [36m>[31m
              [36m<path[31m
                [33md[31m=[32m"M5 12h14"[31m
              [36m/>[31m
              [36m<path[31m
                [33md[31m=[32m"M12 5v14"[31m
              [36m/>[31m
            [36m</svg>[31m
            [36m<span>[31m
              [0mAdd Demo Data[0m
            [36m</span>[31m
          [36m</button>[31m
          [36m<button[31m
            [33mclass[31m=[32m"justify-center gap-2 whitespace-nowrap rounded-md text-sm font-medium ring-offset-background transition-colors focus-visible:outline-none focus-visible:ring-2 focus-visible:ring-ring focus-visible:ring-offset-2 disabled:pointer-events-none disabled:opacity-50 [&_svg]:pointer-events-none [&_svg]:size-4 [&_svg]:shrink-0 border border-input bg-background hover:bg-accent hover:text-accent-foreground h-10 px-4 py-2 flex items-center space-x-2"[31m
          [36m>[31m
            [36m<svg[31m
              [33mclass[31m=[32m"lucide lucide-trash2 h-4 w-4"[31m
              [33mfill[31m=[32m"none"[31m
              [33mheight[31m=[32m"24"[31m
              [33mstroke[31m=[32m"currentColor"[31m
              [33mstroke-linecap[31m=[32m"round"[31m
              [33mstroke-linejoin[31m=[32m"round"[31m
              [33mstroke-width[31m=[32m"2"[31m
              [33mviewBox[31m=[32m"0 0 24 24"[31m
              [33mwidth[31m=[32m"24"[31m
              [33mxmlns[31m=[32m"http://www.w3.org/2000/svg"[31m
            [36m>[31m
              [36m<path[31m
                [33md[31m=[32m"M3 6h18"[31m
              [36m/>[31m
              [36m<path[31m
                [33md[31m=[32m"M19 6v14c0 1-1 2-2 2H7c-1 0-2-1-2-2V6"[31m
              [36m/>[31m
              [36m<path[31m
                [33md[31m=[32m"M8 6V4c0-1 1-2 2-2h4c1 0 2 1 2 2v2"[31m
              [36m/>[31m
              [36m<line[31m
                [33mx1[31m=[32m"10"[31m
                [33mx2[31m=[32m"10"[31m
                [33my1[31m=[32m"11"[31m
                [33my2[31m=[32m"17"[31m
              [36m/>...

Ignored nodes: comments, script, style
[36m<html>[31m
  [36m<head />[31m
  [36m<body>[31m
    [36m<div>[31m
      [36m<div[31m
        [33mclass[31m=[32m"p-6"[31m
      [36m>[31m
        [36m<div[31m
          [33mclass[31m=[32m"flex justify-between items-center mb-6"[31m
        [36m>[31m
          [36m<div[31m
            [33mclass[31m=[32m"flex items-center space-x-3"[31m
          [36m>[31m
            [36m<svg[31m
              [33mclass[31m=[32m"lucide lucide-users h-8 w-8 text-blue-600"[31m
              [33mfill[31m=[32m"none"[31m
              [33mheight[31m=[32m"24"[31m
              [33mstroke[31m=[32m"currentColor"[31m
              [33mstroke-linecap[31m=[32m"round"[31m
              [33mstroke-linejoin[31m=[32m"round"[31m
              [33mstroke-width[31m=[32m"2"[31m
              [33mviewBox[31m=[32m"0 0 24 24"[31m
              [33mwidth[31m=[32m"24"[31m
              [33mxmlns[31m=[32m"http://www.w3.org/2000/svg"[31m
            [36m>[31m
              [36m<path[31m
                [33md[31m=[32m"M16 21v-2a4 4 0 0 0-4-4H6a4 4 0 0 0-4 4v2"[31m
              [36m/>[31m
              [36m<circle[31m
                [33mcx[31m=[32m"9"[31m
                [33mcy[31m=[32m"7"[31m
                [33mr[31m=[32m"4"[31m
              [36m/>[31m
              [36m<path[31m
                [33md[31m=[32m"M22 21v-2a4 4 0 0 0-3-3.87"[31m
              [36m/>[31m
              [36m<path[31m
                [33md[31m=[32m"M16 3.13a4 4 0 0 1 0 7.75"[31m
              [36m/>[31m
            [36m</svg>[31m
            [36m<div>[31m
              [36m<h1[31m
                [33mclass[31m=[32m"text-2xl font-bold text-gray-900"[31m
                [33mdata-testid[31m=[32m"page-title"[31m
              [36m>[31m
                [0mCustomers[0m
              [36m</h1>[31m
              [36m<p[31m
                [33mclass[31m=[32m"text-gray-600"[31m
              [36m>[31m
                [0mManage your customer relationships[0m
              [36m</p>[31m
            [36m</div>[31m
          [36m</div>[31m
          [36m<div[31m
            [33mclass[31m=[32m"flex gap-2"[31m
          [36m>[31m
            [36m<button[31m
              [33mclass[31m=[32m"justify-center gap-2 whitespace-nowrap rounded-md text-sm font-medium ring-offset-background transition-colors focus-visible:outline-none focus-visible:ring-2 focus-visible:ring-ring focus-visible:ring-offset-2 disabled:pointer-events-none disabled:opacity-50 [&_svg]:pointer-events-none [&_svg]:size-4 [&_svg]:shrink-0 border border-input bg-background hover:bg-accent hover:text-accent-foreground h-10 px-4 py-2 flex items-center space-x-2"[31m
            [36m>[31m
              [36m<svg[31m
                [33mclass[31m=[32m"lucide lucide-test-tube h-4 w-4"[31m
                [33mfill[31m=[32m"none"[31m
                [33mheight[31m=[32m"24"[31m
                [33mstroke[31m=[32m"currentColor"[31m
                [33mstroke-linecap[31m=[32m"round"[31m
                [33mstroke-linejoin[31m=[32m"round"[31m
                [33mstroke-width[31m=[32m"2"[31m
                [33mviewBox[31m=[32m"0 0 24 24"[31m
                [33mwidth[31m=[32m"24"[31m
                [33mxmlns[31m=[32m"http://www.w3.org/2000/svg"[31m
              [36m>[31m
                [36m<path[31m
                  [33md[31m=[32m"M14.5 2v17.5c0 1.4-1.1 2.5-2.5 2.5c-1.4 0-2.5-1.1-2.5-2.5V2"[31m
                [36m/>[31m
                [36m<path[31m
                  [33md[31m=[32m"M8.5 2h7"[31m
                [36m/>[31m
                [36m<path[31m
                  [33md[31m=[32m"M14.5 16h-5"[31m
                [36m/>[31m
              [36m</svg>[31m
              [36m<span>[31m
                [0mRun All Tests[0m
              [36m</span>[31m
            [36m</button>[31m
            [36m<button[31m
              [33mclass[31m=[32m"justify-center gap-2 whitespace-nowrap rounded-md text-sm font-medium ring-offset-background transition-colors focus-visible:outline-none focus-visible:ring-2 focus-visible:ring-ring focus-visible:ring-offset-2 disabled:pointer-events-none disabled:opacity-50 [&_svg]:pointer-events-none [&_svg]:size-4 [&_svg]:shrink-0 border border-input bg-background hover:bg-accent hover:text-accent-foreground h-10 px-4 py-2 flex items-center space-x-2"[31m
            [36m>[31m
              [36m<svg[31m
                [33mclass[31m=[32m"lucide lucide-plus h-4 w-4"[31m
                [33mfill[31m=[32m"none"[31m
                [33mheight[31m=[32m"24"[31m
                [33mstroke[31m=[32m"currentColor"[31m
                [33mstroke-linecap[31m=[32m"round"[31m
                [33mstroke-linejoin[31m=[32m"round"[31m
                [33mstroke-width[31m=[32m"2"[31m
                [33mviewBox[31m=[32m"0 0 24 24"[31m
                [33mwidth[31m=[32m"24"[31m
                [33mxmlns[31m=[32m"http://www.w3.org/2000/svg"[31m
              [36m>[31m
                [36m<path[31m
                  [33md[31m=[32m"M5 12h14"[31m
                [36m/>[31m
                [36m<path[31m
                  [33md[31m=[32m"M12 5v14"[31m
                [36m/>[31m
              [36m</svg>[31m
              [36m<span>[31m
                [0mAdd Demo Data[0m
              [36m</span>[31m
            [36m</button>[31m
            [36m<button[31m
              [33mclass[31m=[32m"justify-center gap-2 whitespace-nowrap rounded-md text-sm font-medium ring-offset-background transition-colors focus-visible:outline-none focus-visible:ring-2 focus-visible:ring-ring focus-visible:ring-offset-2 disabled:pointer-events-none disabled:opacity-50 [&_svg]:pointer-events-none [&_svg]:size-4 [&_svg]:shrink-0 border border-input bg-background hover:bg-accent hover:text-accent-foreground h-10 px-4 py-2 flex items-center space-x-2"[31m
            [36m>[31m
              [36m<svg[31m
                [33mclass[31m=[32m"lucide lucide-trash2 h-4 w-4"[31m
                [33mfill[31m=[32m"none"[31m
                [33mheight[31m=[32m"24"[31m
                [33mstroke[31m=[32m"currentColor"[31m
                [33mstroke-linecap[31m=[32m"round"[31m
                [33mstroke-linejoin[31m=[32m"round"[31m
                [33mstroke-width[31m=[32m"2"[31m
                [33mviewBox[31m=[32m"0 0 24 24"[31m
                [33mwidth[31m=[32m"24"[31m
                [33mxmlns[31m=[32m"http://www.w3.org/2000/svg"[31m
              [36m>[31m
                [36m<path[31m
                  [33md[31m=[32m"M3 6h18"[31m
                [36m/>[31m
                [36m<path[31m
                  [33md[31m=[32m"M19 6v14c0 1-1 2-2 2H7c-1 0-2-1-2-2V6"[31m
                [36m/>[31m
                [36m<path[31m
                  [33md[39...[39m
[31m   [31m×[31m Customers Component[2m > [22mError Handling[2m > [22mshould handle save errors gracefully[39m[33m 1051[2mms[22m[39m
[31m     → Unable to find an element with the display value: John Doe.

Ignored nodes: comments, script, style
[36m<body>[31m
  [36m<div>[31m
    [36m<div[31m
      [33mclass[31m=[32m"p-6"[31m
    [36m>[31m
      [36m<div[31m
        [33mclass[31m=[32m"flex justify-between items-center mb-6"[31m
      [36m>[31m
        [36m<div[31m
          [33mclass[31m=[32m"flex items-center space-x-3"[31m
        [36m>[31m
          [36m<svg[31m
            [33mclass[31m=[32m"lucide lucide-users h-8 w-8 text-blue-600"[31m
            [33mfill[31m=[32m"none"[31m
            [33mheight[31m=[32m"24"[31m
            [33mstroke[31m=[32m"currentColor"[31m
            [33mstroke-linecap[31m=[32m"round"[31m
            [33mstroke-linejoin[31m=[32m"round"[31m
            [33mstroke-width[31m=[32m"2"[31m
            [33mviewBox[31m=[32m"0 0 24 24"[31m
            [33mwidth[31m=[32m"24"[31m
            [33mxmlns[31m=[32m"http://www.w3.org/2000/svg"[31m
          [36m>[31m
            [36m<path[31m
              [33md[31m=[32m"M16 21v-2a4 4 0 0 0-4-4H6a4 4 0 0 0-4 4v2"[31m
            [36m/>[31m
            [36m<circle[31m
              [33mcx[31m=[32m"9"[31m
              [33mcy[31m=[32m"7"[31m
              [33mr[31m=[32m"4"[31m
            [36m/>[31m
            [36m<path[31m
              [33md[31m=[32m"M22 21v-2a4 4 0 0 0-3-3.87"[31m
            [36m/>[31m
            [36m<path[31m
              [33md[31m=[32m"M16 3.13a4 4 0 0 1 0 7.75"[31m
            [36m/>[31m
          [36m</svg>[31m
          [36m<div>[31m
            [36m<h1[31m
              [33mclass[31m=[32m"text-2xl font-bold text-gray-900"[31m
              [33mdata-testid[31m=[32m"page-title"[31m
            [36m>[31m
              [0mCustomers[0m
            [36m</h1>[31m
            [36m<p[31m
              [33mclass[31m=[32m"text-gray-600"[31m
            [36m>[31m
              [0mManage your customer relationships[0m
            [36m</p>[31m
          [36m</div>[31m
        [36m</div>[31m
        [36m<div[31m
          [33mclass[31m=[32m"flex gap-2"[31m
        [36m>[31m
          [36m<button[31m
            [33mclass[31m=[32m"justify-center gap-2 whitespace-nowrap rounded-md text-sm font-medium ring-offset-background transition-colors focus-visible:outline-none focus-visible:ring-2 focus-visible:ring-ring focus-visible:ring-offset-2 disabled:pointer-events-none disabled:opacity-50 [&_svg]:pointer-events-none [&_svg]:size-4 [&_svg]:shrink-0 border border-input bg-background hover:bg-accent hover:text-accent-foreground h-10 px-4 py-2 flex items-center space-x-2"[31m
          [36m>[31m
            [36m<svg[31m
              [33mclass[31m=[32m"lucide lucide-test-tube h-4 w-4"[31m
              [33mfill[31m=[32m"none"[31m
              [33mheight[31m=[32m"24"[31m
              [33mstroke[31m=[32m"currentColor"[31m
              [33mstroke-linecap[31m=[32m"round"[31m
              [33mstroke-linejoin[31m=[32m"round"[31m
              [33mstroke-width[31m=[32m"2"[31m
              [33mviewBox[31m=[32m"0 0 24 24"[31m
              [33mwidth[31m=[32m"24"[31m
              [33mxmlns[31m=[32m"http://www.w3.org/2000/svg"[31m
            [36m>[31m
              [36m<path[31m
                [33md[31m=[32m"M14.5 2v17.5c0 1.4-1.1 2.5-2.5 2.5c-1.4 0-2.5-1.1-2.5-2.5V2"[31m
              [36m/>[31m
              [36m<path[31m
                [33md[31m=[32m"M8.5 2h7"[31m
              [36m/>[31m
              [36m<path[31m
                [33md[31m=[32m"M14.5 16h-5"[31m
              [36m/>[31m
            [36m</svg>[31m
            [36m<span>[31m
              [0mRun All Tests[0m
            [36m</span>[31m
          [36m</button>[31m
          [36m<button[31m
            [33mclass[31m=[32m"justify-center gap-2 whitespace-nowrap rounded-md text-sm font-medium ring-offset-background transition-colors focus-visible:outline-none focus-visible:ring-2 focus-visible:ring-ring focus-visible:ring-offset-2 disabled:pointer-events-none disabled:opacity-50 [&_svg]:pointer-events-none [&_svg]:size-4 [&_svg]:shrink-0 border border-input bg-background hover:bg-accent hover:text-accent-foreground h-10 px-4 py-2 flex items-center space-x-2"[31m
          [36m>[31m
            [36m<svg[31m
              [33mclass[31m=[32m"lucide lucide-plus h-4 w-4"[31m
              [33mfill[31m=[32m"none"[31m
              [33mheight[31m=[32m"24"[31m
              [33mstroke[31m=[32m"currentColor"[31m
              [33mstroke-linecap[31m=[32m"round"[31m
              [33mstroke-linejoin[31m=[32m"round"[31m
              [33mstroke-width[31m=[32m"2"[31m
              [33mviewBox[31m=[32m"0 0 24 24"[31m
              [33mwidth[31m=[32m"24"[31m
              [33mxmlns[31m=[32m"http://www.w3.org/2000/svg"[31m
            [36m>[31m
              [36m<path[31m
                [33md[31m=[32m"M5 12h14"[31m
              [36m/>[31m
              [36m<path[31m
                [33md[31m=[32m"M12 5v14"[31m
              [36m/>[31m
            [36m</svg>[31m
            [36m<span>[31m
              [0mAdd Demo Data[0m
            [36m</span>[31m
          [36m</button>[31m
          [36m<button[31m
            [33mclass[31m=[32m"justify-center gap-2 whitespace-nowrap rounded-md text-sm font-medium ring-offset-background transition-colors focus-visible:outline-none focus-visible:ring-2 focus-visible:ring-ring focus-visible:ring-offset-2 disabled:pointer-events-none disabled:opacity-50 [&_svg]:pointer-events-none [&_svg]:size-4 [&_svg]:shrink-0 border border-input bg-background hover:bg-accent hover:text-accent-foreground h-10 px-4 py-2 flex items-center space-x-2"[31m
          [36m>[31m
            [36m<svg[31m
              [33mclass[31m=[32m"lucide lucide-trash2 h-4 w-4"[31m
              [33mfill[31m=[32m"none"[31m
              [33mheight[31m=[32m"24"[31m
              [33mstroke[31m=[32m"currentColor"[31m
              [33mstroke-linecap[31m=[32m"round"[31m
              [33mstroke-linejoin[31m=[32m"round"[31m
              [33mstroke-width[31m=[32m"2"[31m
              [33mviewBox[31m=[32m"0 0 24 24"[31m
              [33mwidth[31m=[32m"24"[31m
              [33mxmlns[31m=[32m"http://www.w3.org/2000/svg"[31m
            [36m>[31m
              [36m<path[31m
                [33md[31m=[32m"M3 6h18"[31m
              [36m/>[31m
              [36m<path[31m
                [33md[31m=[32m"M19 6v14c0 1-1 2-2 2H7c-1 0-2-1-2-2V6"[31m
              [36m/>[31m
              [36m<path[31m
                [33md[31m=[32m"M8 6V4c0-1 1-2 2-2h4c1 0 2 1 2 2v2"[31m
              [36m/>[31m
              [36m<line[31m
                [33mx1[31m=[32m"10"[31m
                [33mx2[31m=[32m"10"[31m
                [33my1[31m=[32m"11"[31m
                [33my2[31m=[32m"17"[31m
              [36m/>...

Ignored nodes: comments, script, style
[36m<html>[31m
  [36m<head />[31m
  [36m<body>[31m
    [36m<div>[31m
      [36m<div[31m
        [33mclass[31m=[32m"p-6"[31m
      [36m>[31m
        [36m<div[31m
          [33mclass[31m=[32m"flex justify-between items-center mb-6"[31m
        [36m>[31m
          [36m<div[31m
            [33mclass[31m=[32m"flex items-center space-x-3"[31m
          [36m>[31m
            [36m<svg[31m
              [33mclass[31m=[32m"lucide lucide-users h-8 w-8 text-blue-600"[31m
              [33mfill[31m=[32m"none"[31m
              [33mheight[31m=[32m"24"[31m
              [33mstroke[31m=[32m"currentColor"[31m
              [33mstroke-linecap[31m=[32m"round"[31m
              [33mstroke-linejoin[31m=[32m"round"[31m
              [33mstroke-width[31m=[32m"2"[31m
              [33mviewBox[31m=[32m"0 0 24 24"[31m
              [33mwidth[31m=[32m"24"[31m
              [33mxmlns[31m=[32m"http://www.w3.org/2000/svg"[31m
            [36m>[31m
              [36m<path[31m
                [33md[31m=[32m"M16 21v-2a4 4 0 0 0-4-4H6a4 4 0 0 0-4 4v2"[31m
              [36m/>[31m
              [36m<circle[31m
                [33mcx[31m=[32m"9"[31m
                [33mcy[31m=[32m"7"[31m
                [33mr[31m=[32m"4"[31m
              [36m/>[31m
              [36m<path[31m
                [33md[31m=[32m"M22 21v-2a4 4 0 0 0-3-3.87"[31m
              [36m/>[31m
              [36m<path[31m
                [33md[31m=[32m"M16 3.13a4 4 0 0 1 0 7.75"[31m
              [36m/>[31m
            [36m</svg>[31m
            [36m<div>[31m
              [36m<h1[31m
                [33mclass[31m=[32m"text-2xl font-bold text-gray-900"[31m
                [33mdata-testid[31m=[32m"page-title"[31m
              [36m>[31m
                [0mCustomers[0m
              [36m</h1>[31m
              [36m<p[31m
                [33mclass[31m=[32m"text-gray-600"[31m
              [36m>[31m
                [0mManage your customer relationships[0m
              [36m</p>[31m
            [36m</div>[31m
          [36m</div>[31m
          [36m<div[31m
            [33mclass[31m=[32m"flex gap-2"[31m
          [36m>[31m
            [36m<button[31m
              [33mclass[31m=[32m"justify-center gap-2 whitespace-nowrap rounded-md text-sm font-medium ring-offset-background transition-colors focus-visible:outline-none focus-visible:ring-2 focus-visible:ring-ring focus-visible:ring-offset-2 disabled:pointer-events-none disabled:opacity-50 [&_svg]:pointer-events-none [&_svg]:size-4 [&_svg]:shrink-0 border border-input bg-background hover:bg-accent hover:text-accent-foreground h-10 px-4 py-2 flex items-center space-x-2"[31m
            [36m>[31m
              [36m<svg[31m
                [33mclass[31m=[32m"lucide lucide-test-tube h-4 w-4"[31m
                [33mfill[31m=[32m"none"[31m
                [33mheight[31m=[32m"24"[31m
                [33mstroke[31m=[32m"currentColor"[31m
                [33mstroke-linecap[31m=[32m"round"[31m
                [33mstroke-linejoin[31m=[32m"round"[31m
                [33mstroke-width[31m=[32m"2"[31m
                [33mviewBox[31m=[32m"0 0 24 24"[31m
                [33mwidth[31m=[32m"24"[31m
                [33mxmlns[31m=[32m"http://www.w3.org/2000/svg"[31m
              [36m>[31m
                [36m<path[31m
                  [33md[31m=[32m"M14.5 2v17.5c0 1.4-1.1 2.5-2.5 2.5c-1.4 0-2.5-1.1-2.5-2.5V2"[31m
                [36m/>[31m
                [36m<path[31m
                  [33md[31m=[32m"M8.5 2h7"[31m
                [36m/>[31m
                [36m<path[31m
                  [33md[31m=[32m"M14.5 16h-5"[31m
                [36m/>[31m
              [36m</svg>[31m
              [36m<span>[31m
                [0mRun All Tests[0m
              [36m</span>[31m
            [36m</button>[31m
            [36m<button[31m
              [33mclass[31m=[32m"justify-center gap-2 whitespace-nowrap rounded-md text-sm font-medium ring-offset-background transition-colors focus-visible:outline-none focus-visible:ring-2 focus-visible:ring-ring focus-visible:ring-offset-2 disabled:pointer-events-none disabled:opacity-50 [&_svg]:pointer-events-none [&_svg]:size-4 [&_svg]:shrink-0 border border-input bg-background hover:bg-accent hover:text-accent-foreground h-10 px-4 py-2 flex items-center space-x-2"[31m
            [36m>[31m
              [36m<svg[31m
                [33mclass[31m=[32m"lucide lucide-plus h-4 w-4"[31m
                [33mfill[31m=[32m"none"[31m
                [33mheight[31m=[32m"24"[31m
                [33mstroke[31m=[32m"currentColor"[31m
                [33mstroke-linecap[31m=[32m"round"[31m
                [33mstroke-linejoin[31m=[32m"round"[31m
                [33mstroke-width[31m=[32m"2"[31m
                [33mviewBox[31m=[32m"0 0 24 24"[31m
                [33mwidth[31m=[32m"24"[31m
                [33mxmlns[31m=[32m"http://www.w3.org/2000/svg"[31m
              [36m>[31m
                [36m<path[31m
                  [33md[31m=[32m"M5 12h14"[31m
                [36m/>[31m
                [36m<path[31m
                  [33md[31m=[32m"M12 5v14"[31m
                [36m/>[31m
              [36m</svg>[31m
              [36m<span>[31m
                [0mAdd Demo Data[0m
              [36m</span>[31m
            [36m</button>[31m
            [36m<button[31m
              [33mclass[31m=[32m"justify-center gap-2 whitespace-nowrap rounded-md text-sm font-medium ring-offset-background transition-colors focus-visible:outline-none focus-visible:ring-2 focus-visible:ring-ring focus-visible:ring-offset-2 disabled:pointer-events-none disabled:opacity-50 [&_svg]:pointer-events-none [&_svg]:size-4 [&_svg]:shrink-0 border border-input bg-background hover:bg-accent hover:text-accent-foreground h-10 px-4 py-2 flex items-center space-x-2"[31m
            [36m>[31m
              [36m<svg[31m
                [33mclass[31m=[32m"lucide lucide-trash2 h-4 w-4"[31m
                [33mfill[31m=[32m"none"[31m
                [33mheight[31m=[32m"24"[31m
                [33mstroke[31m=[32m"currentColor"[31m
                [33mstroke-linecap[31m=[32m"round"[31m
                [33mstroke-linejoin[31m=[32m"round"[31m
                [33mstroke-width[31m=[32m"2"[31m
                [33mviewBox[31m=[32m"0 0 24 24"[31m
                [33mwidth[31m=[32m"24"[31m
                [33mxmlns[31m=[32m"http://www.w3.org/2000/svg"[31m
              [36m>[31m
                [36m<path[31m
                  [33md[31m=[32m"M3 6h18"[31m
                [36m/>[31m
                [36m<path[31m
                  [33md[31m=[32m"M19 6v14c0 1-1 2-2 2H7c-1 0-2-1-2-2V6"[31m
                [36m/>[31m
                [36m<path[31m
                  [33md[39...[39m
[31m   [31m×[31m Customers Component[2m > [22mDelete Customer[2m > [22mshould delete customer when delete button is clicked[39m[33m 1049[2mms[22m[39m
[31m     → Unable to find an element with the text: Test Customer. This could be because the text is broken up by multiple elements. In this case, you can provide a function for your text matcher to make your matcher more flexible.

Ignored nodes: comments, script, style
[36m<body>[31m
  [36m<div>[31m
    [36m<div[31m
      [33mclass[31m=[32m"p-6"[31m
    [36m>[31m
      [36m<div[31m
        [33mclass[31m=[32m"flex justify-between items-center mb-6"[31m
      [36m>[31m
        [36m<div[31m
          [33mclass[31m=[32m"flex items-center space-x-3"[31m
        [36m>[31m
          [36m<svg[31m
            [33mclass[31m=[32m"lucide lucide-users h-8 w-8 text-blue-600"[31m
            [33mfill[31m=[32m"none"[31m
            [33mheight[31m=[32m"24"[31m
            [33mstroke[31m=[32m"currentColor"[31m
            [33mstroke-linecap[31m=[32m"round"[31m
            [33mstroke-linejoin[31m=[32m"round"[31m
            [33mstroke-width[31m=[32m"2"[31m
            [33mviewBox[31m=[32m"0 0 24 24"[31m
            [33mwidth[31m=[32m"24"[31m
            [33mxmlns[31m=[32m"http://www.w3.org/2000/svg"[31m
          [36m>[31m
            [36m<path[31m
              [33md[31m=[32m"M16 21v-2a4 4 0 0 0-4-4H6a4 4 0 0 0-4 4v2"[31m
            [36m/>[31m
            [36m<circle[31m
              [33mcx[31m=[32m"9"[31m
              [33mcy[31m=[32m"7"[31m
              [33mr[31m=[32m"4"[31m
            [36m/>[31m
            [36m<path[31m
              [33md[31m=[32m"M22 21v-2a4 4 0 0 0-3-3.87"[31m
            [36m/>[31m
            [36m<path[31m
              [33md[31m=[32m"M16 3.13a4 4 0 0 1 0 7.75"[31m
            [36m/>[31m
          [36m</svg>[31m
          [36m<div>[31m
            [36m<h1[31m
              [33mclass[31m=[32m"text-2xl font-bold text-gray-900"[31m
              [33mdata-testid[31m=[32m"page-title"[31m
            [36m>[31m
              [0mCustomers[0m
            [36m</h1>[31m
            [36m<p[31m
              [33mclass[31m=[32m"text-gray-600"[31m
            [36m>[31m
              [0mManage your customer relationships[0m
            [36m</p>[31m
          [36m</div>[31m
        [36m</div>[31m
        [36m<div[31m
          [33mclass[31m=[32m"flex gap-2"[31m
        [36m>[31m
          [36m<button[31m
            [33mclass[31m=[32m"justify-center gap-2 whitespace-nowrap rounded-md text-sm font-medium ring-offset-background transition-colors focus-visible:outline-none focus-visible:ring-2 focus-visible:ring-ring focus-visible:ring-offset-2 disabled:pointer-events-none disabled:opacity-50 [&_svg]:pointer-events-none [&_svg]:size-4 [&_svg]:shrink-0 border border-input bg-background hover:bg-accent hover:text-accent-foreground h-10 px-4 py-2 flex items-center space-x-2"[31m
          [36m>[31m
            [36m<svg[31m
              [33mclass[31m=[32m"lucide lucide-test-tube h-4 w-4"[31m
              [33mfill[31m=[32m"none"[31m
              [33mheight[31m=[32m"24"[31m
              [33mstroke[31m=[32m"currentColor"[31m
              [33mstroke-linecap[31m=[32m"round"[31m
              [33mstroke-linejoin[31m=[32m"round"[31m
              [33mstroke-width[31m=[32m"2"[31m
              [33mviewBox[31m=[32m"0 0 24 24"[31m
              [33mwidth[31m=[32m"24"[31m
              [33mxmlns[31m=[32m"http://www.w3.org/2000/svg"[31m
            [36m>[31m
              [36m<path[31m
                [33md[31m=[32m"M14.5 2v17.5c0 1.4-1.1 2.5-2.5 2.5c-1.4 0-2.5-1.1-2.5-2.5V2"[31m
              [36m/>[31m
              [36m<path[31m
                [33md[31m=[32m"M8.5 2h7"[31m
              [36m/>[31m
              [36m<path[31m
                [33md[31m=[32m"M14.5 16h-5"[31m
              [36m/>[31m
            [36m</svg>[31m
            [36m<span>[31m
              [0mRun All Tests[0m
            [36m</span>[31m
          [36m</button>[31m
          [36m<button[31m
            [33mclass[31m=[32m"justify-center gap-2 whitespace-nowrap rounded-md text-sm font-medium ring-offset-background transition-colors focus-visible:outline-none focus-visible:ring-2 focus-visible:ring-ring focus-visible:ring-offset-2 disabled:pointer-events-none disabled:opacity-50 [&_svg]:pointer-events-none [&_svg]:size-4 [&_svg]:shrink-0 border border-input bg-background hover:bg-accent hover:text-accent-foreground h-10 px-4 py-2 flex items-center space-x-2"[31m
          [36m>[31m
            [36m<svg[31m
              [33mclass[31m=[32m"lucide lucide-plus h-4 w-4"[31m
              [33mfill[31m=[32m"none"[31m
              [33mheight[31m=[32m"24"[31m
              [33mstroke[31m=[32m"currentColor"[31m
              [33mstroke-linecap[31m=[32m"round"[31m
              [33mstroke-linejoin[31m=[32m"round"[31m
              [33mstroke-width[31m=[32m"2"[31m
              [33mviewBox[31m=[32m"0 0 24 24"[31m
              [33mwidth[31m=[32m"24"[31m
              [33mxmlns[31m=[32m"http://www.w3.org/2000/svg"[31m
            [36m>[31m
              [36m<path[31m
                [33md[31m=[32m"M5 12h14"[31m
              [36m/>[31m
              [36m<path[31m
                [33md[31m=[32m"M12 5v14"[31m
              [36m/>[31m
            [36m</svg>[31m
            [36m<span>[31m
              [0mAdd Demo Data[0m
            [36m</span>[31m
          [36m</button>[31m
          [36m<button[31m
            [33mclass[31m=[32m"justify-center gap-2 whitespace-nowrap rounded-md text-sm font-medium ring-offset-background transition-colors focus-visible:outline-none focus-visible:ring-2 focus-visible:ring-ring focus-visible:ring-offset-2 disabled:pointer-events-none disabled:opacity-50 [&_svg]:pointer-events-none [&_svg]:size-4 [&_svg]:shrink-0 border border-input bg-background hover:bg-accent hover:text-accent-foreground h-10 px-4 py-2 flex items-center space-x-2"[31m
          [36m>[31m
            [36m<svg[31m
              [33mclass[31m=[32m"lucide lucide-trash2 h-4 w-4"[31m
              [33mfill[31m=[32m"none"[31m
              [33mheight[31m=[32m"24"[31m
              [33mstroke[31m=[32m"currentColor"[31m
              [33mstroke-linecap[31m=[32m"round"[31m
              [33mstroke-linejoin[31m=[32m"round"[31m
              [33mstroke-width[31m=[32m"2"[31m
              [33mviewBox[31m=[32m"0 0 24 24"[31m
              [33mwidth[31m=[32m"24"[31m
              [33mxmlns[31m=[32m"http://www.w3.org/2000/svg"[31m
            [36m>[31m
              [36m<path[31m
                [33md[31m=[32m"M3 6h18"[31m
              [36m/>[31m
              [36m<path[31m
                [33md[31m=[32m"M19 6v14c0 1-1 2-2 2H7c-1 0-2-1-2-2V6"[31m
              [36m/>[31m
              [36m<path[31m
                [33md[31m=[32m"M8 6V4c0-1 1-2 2-2h4c1 0 2 1 2 2v2"[31m
              [36m/>[31m
              [36m<line[31m
                [33mx1[31m=[32m"10"[31m
                [33mx2[31m=[32m"10"[31m
                [33my1[31m=[32m"11"[31m
                [33my2[31m=[32m"17"[31m
              [36m/>...

Ignored nodes: comments, script, style
[36m<html>[31m
  [36m<head />[31m
  [36m<body>[31m
    [36m<div>[31m
      [36m<div[31m
        [33mclass[31m=[32m"p-6"[31m
      [36m>[31m
        [36m<div[31m
          [33mclass[31m=[32m"flex justify-between items-center mb-6"[31m
        [36m>[31m
          [36m<div[31m
            [33mclass[31m=[32m"flex items-center space-x-3"[31m
          [36m>[31m
            [36m<svg[31m
              [33mclass[31m=[32m"lucide lucide-users h-8 w-8 text-blue-600"[31m
              [33mfill[31m=[32m"none"[31m
              [33mheight[31m=[32m"24"[31m
              [33mstroke[31m=[32m"currentColor"[31m
              [33mstroke-linecap[31m=[32m"round"[31m
              [33mstroke-linejoin[31m=[32m"round"[31m
              [33mstroke-width[31m=[32m"2"[31m
              [33mviewBox[31m=[32m"0 0 24 24"[31m
              [33mwidth[31m=[32m"24"[31m
              [33mxmlns[31m=[32m"http://www.w3.org/2000/svg"[31m
            [36m>[31m
              [36m<path[31m
                [33md[31m=[32m"M16 21v-2a4 4 0 0 0-4-4H6a4 4 0 0 0-4 4v2"[31m
              [36m/>[31m
              [36m<circle[31m
                [33mcx[31m=[32m"9"[31m
                [33mcy[31m=[32m"7"[31m
                [33mr[31m=[32m"4"[31m
              [36m/>[31m
              [36m<path[31m
                [33md[31m=[32m"M22 21v-2a4 4 0 0 0-3-3.87"[31m
              [36m/>[31m
              [36m<path[31m
                [33md[31m=[32m"M16 3.13a4 4 0 0 1 0 7.75"[31m
              [36m/>[31m
            [36m</svg>[31m
            [36m<div>[31m
              [36m<h1[31m
                [33mclass[31m=[32m"text-2xl font-bold text-gray-900"[31m
                [33mdata-testid[31m=[32m"page-title"[31m
              [36m>[31m
                [0mCustomers[0m
              [36m</h1>[31m
              [36m<p[31m
                [33mclass[31m=[32m"text-gray-600"[31m
              [36m>[31m
                [0mManage your customer relationships[0m
              [36m</p>[31m
            [36m</div>[31m
          [36m</div>[31m
          [36m<div[31m
            [33mclass[31m=[32m"flex gap-2"[31m
          [36m>[31m
            [36m<button[31m
              [33mclass[31m=[32m"justify-center gap-2 whitespace-nowrap rounded-md text-sm font-medium ring-offset-background transition-colors focus-visible:outline-none focus-visible:ring-2 focus-visible:ring-ring focus-visible:ring-offset-2 disabled:pointer-events-none disabled:opacity-50 [&_svg]:pointer-events-none [&_svg]:size-4 [&_svg]:shrink-0 border border-input bg-background hover:bg-accent hover:text-accent-foreground h-10 px-4 py-2 flex items-center space-x-2"[31m
            [36m>[31m
              [36m<svg[31m
                [33mclass[31m=[32m"lucide lucide-test-tube h-4 w-4"[31m
                [33mfill[31m=[32m"none"[31m
                [33mheight[31m=[32m"24"[31m
                [33mstroke[31m=[32m"currentColor"[31m
                [33mstroke-linecap[31m=[32m"round"[31m
                [33mstroke-linejoin[31m=[32m"round"[31m
                [33mstroke-width[31m=[32m"2"[31m
                [33mviewBox[31m=[32m"0 0 24 24"[31m
                [33mwidth[31m=[32m"24"[31m
                [33mxmlns[31m=[32m"http://www.w3.org/2000/svg"[31m
              [36m>[31m
                [36m<path[31m
                  [33md[31m=[32m"M14.5 2v17.5c0 1.4-1.1 2.5-2.5 2.5c-1.4 0-2.5-1.1-2.5-2.5V2"[31m
                [36m/>[31m
                [36m<path[31m
                  [33md[31m=[32m"M8.5 2h7"[31m
                [36m/>[31m
                [36m<path[31m
                  [33md[31m=[32m"M14.5 16h-5"[31m
                [36m/>[31m
              [36m</svg>[31m
              [36m<span>[31m
                [0mRun All Tests[0m
              [36m</span>[31m
            [36m</button>[31m
            [36m<button[31m
              [33mclass[31m=[32m"justify-center gap-2 whitespace-nowrap rounded-md text-sm font-medium ring-offset-background transition-colors focus-visible:outline-none focus-visible:ring-2 focus-visible:ring-ring focus-visible:ring-offset-2 disabled:pointer-events-none disabled:opacity-50 [&_svg]:pointer-events-none [&_svg]:size-4 [&_svg]:shrink-0 border border-input bg-background hover:bg-accent hover:text-accent-foreground h-10 px-4 py-2 flex items-center space-x-2"[31m
            [36m>[31m
              [36m<svg[31m
                [33mclass[31m=[32m"lucide lucide-plus h-4 w-4"[31m
                [33mfill[31m=[32m"none"[31m
                [33mheight[31m=[32m"24"[31m
                [33mstroke[31m=[32m"currentColor"[31m
                [33mstroke-linecap[31m=[32m"round"[31m
                [33mstroke-linejoin[31m=[32m"round"[31m
                [33mstroke-width[31m=[32m"2"[31m
                [33mviewBox[31m=[32m"0 0 24 24"[31m
                [33mwidth[31m=[32m"24"[31m
                [33mxmlns[31m=[32m"http://www.w3.org/2000/svg"[31m
              [36m>[31m
                [36m<path[31m
                  [33md[31m=[32m"M5 12h14"[31m
                [36m/>[31m
                [36m<path[31m
                  [33md[31m=[32m"M12 5v14"[31m
                [36m/>[31m
              [36m</svg>[31m
              [36m<span>[31m
                [0mAdd Demo Data[0m
              [36m</span>[31m
            [36m</button>[31m
            [36m<button[31m
              [33mclass[31m=[32m"justify-center gap-2 whitespace-nowrap rounded-md text-sm font-medium ring-offset-background transition-colors focus-visible:outline-none focus-visible:ring-2 focus-visible:ring-ring focus-visible:ring-offset-2 disabled:pointer-events-none disabled:opacity-50 [&_svg]:pointer-events-none [&_svg]:size-4 [&_svg]:shrink-0 border border-input bg-background hover:bg-accent hover:text-accent-foreground h-10 px-4 py-2 flex items-center space-x-2"[31m
            [36m>[31m
              [36m<svg[31m
                [33mclass[31m=[32m"lucide lucide-trash2 h-4 w-4"[31m
                [33mfill[31m=[32m"none"[31m
                [33mheight[31m=[32m"24"[31m
                [33mstroke[31m=[32m"currentColor"[31m
                [33mstroke-linecap[31m=[32m"round"[31m
                [33mstroke-linejoin[31m=[32m"round"[31m
                [33mstroke-width[31m=[32m"2"[31m
                [33mviewBox[31m=[32m"0 0 24 24"[31m
                [33mwidth[31m=[32m"24"[31m
                [33mxmlns[31m=[32m"http://www.w3.org/2000/svg"[31m
              [36m>[31m
                [36m<path[31m
                  [33md[31m=[32m"M3 6h18"[31m
                [36m/>[31m
                [36m<path[31m
                  [33md[31m=[32m"M19 6v14c0 1-1 2-2 2H7c-1 0-2-1-2-2V6"[31m
                [36m/>[31m
                [36m<path[31m
                  [33md[39...[39m
[31m   [31m×[31m Customers Component[2m > [22mDelete Customer[2m > [22mshould not delete customer when confirmation is cancelled[39m[33m 1059[2mms[22m[39m
[31m     → Unable to find an element with the text: Test Customer. This could be because the text is broken up by multiple elements. In this case, you can provide a function for your text matcher to make your matcher more flexible.

Ignored nodes: comments, script, style
[36m<body>[31m
  [36m<div>[31m
    [36m<div[31m
      [33mclass[31m=[32m"p-6"[31m
    [36m>[31m
      [36m<div[31m
        [33mclass[31m=[32m"flex justify-between items-center mb-6"[31m
      [36m>[31m
        [36m<div[31m
          [33mclass[31m=[32m"flex items-center space-x-3"[31m
        [36m>[31m
          [36m<svg[31m
            [33mclass[31m=[32m"lucide lucide-users h-8 w-8 text-blue-600"[31m
            [33mfill[31m=[32m"none"[31m
            [33mheight[31m=[32m"24"[31m
            [33mstroke[31m=[32m"currentColor"[31m
            [33mstroke-linecap[31m=[32m"round"[31m
            [33mstroke-linejoin[31m=[32m"round"[31m
            [33mstroke-width[31m=[32m"2"[31m
            [33mviewBox[31m=[32m"0 0 24 24"[31m
            [33mwidth[31m=[32m"24"[31m
            [33mxmlns[31m=[32m"http://www.w3.org/2000/svg"[31m
          [36m>[31m
            [36m<path[31m
              [33md[31m=[32m"M16 21v-2a4 4 0 0 0-4-4H6a4 4 0 0 0-4 4v2"[31m
            [36m/>[31m
            [36m<circle[31m
              [33mcx[31m=[32m"9"[31m
              [33mcy[31m=[32m"7"[31m
              [33mr[31m=[32m"4"[31m
            [36m/>[31m
            [36m<path[31m
              [33md[31m=[32m"M22 21v-2a4 4 0 0 0-3-3.87"[31m
            [36m/>[31m
            [36m<path[31m
              [33md[31m=[32m"M16 3.13a4 4 0 0 1 0 7.75"[31m
            [36m/>[31m
          [36m</svg>[31m
          [36m<div>[31m
            [36m<h1[31m
              [33mclass[31m=[32m"text-2xl font-bold text-gray-900"[31m
              [33mdata-testid[31m=[32m"page-title"[31m
            [36m>[31m
              [0mCustomers[0m
            [36m</h1>[31m
            [36m<p[31m
              [33mclass[31m=[32m"text-gray-600"[31m
            [36m>[31m
              [0mManage your customer relationships[0m
            [36m</p>[31m
          [36m</div>[31m
        [36m</div>[31m
        [36m<div[31m
          [33mclass[31m=[32m"flex gap-2"[31m
        [36m>[31m
          [36m<button[31m
            [33mclass[31m=[32m"justify-center gap-2 whitespace-nowrap rounded-md text-sm font-medium ring-offset-background transition-colors focus-visible:outline-none focus-visible:ring-2 focus-visible:ring-ring focus-visible:ring-offset-2 disabled:pointer-events-none disabled:opacity-50 [&_svg]:pointer-events-none [&_svg]:size-4 [&_svg]:shrink-0 border border-input bg-background hover:bg-accent hover:text-accent-foreground h-10 px-4 py-2 flex items-center space-x-2"[31m
          [36m>[31m
            [36m<svg[31m
              [33mclass[31m=[32m"lucide lucide-test-tube h-4 w-4"[31m
              [33mfill[31m=[32m"none"[31m
              [33mheight[31m=[32m"24"[31m
              [33mstroke[31m=[32m"currentColor"[31m
              [33mstroke-linecap[31m=[32m"round"[31m
              [33mstroke-linejoin[31m=[32m"round"[31m
              [33mstroke-width[31m=[32m"2"[31m
              [33mviewBox[31m=[32m"0 0 24 24"[31m
              [33mwidth[31m=[32m"24"[31m
              [33mxmlns[31m=[32m"http://www.w3.org/2000/svg"[31m
            [36m>[31m
              [36m<path[31m
                [33md[31m=[32m"M14.5 2v17.5c0 1.4-1.1 2.5-2.5 2.5c-1.4 0-2.5-1.1-2.5-2.5V2"[31m
              [36m/>[31m
              [36m<path[31m
                [33md[31m=[32m"M8.5 2h7"[31m
              [36m/>[31m
              [36m<path[31m
                [33md[31m=[32m"M14.5 16h-5"[31m
              [36m/>[31m
            [36m</svg>[31m
            [36m<span>[31m
              [0mRun All Tests[0m
            [36m</span>[31m
          [36m</button>[31m
          [36m<button[31m
            [33mclass[31m=[32m"justify-center gap-2 whitespace-nowrap rounded-md text-sm font-medium ring-offset-background transition-colors focus-visible:outline-none focus-visible:ring-2 focus-visible:ring-ring focus-visible:ring-offset-2 disabled:pointer-events-none disabled:opacity-50 [&_svg]:pointer-events-none [&_svg]:size-4 [&_svg]:shrink-0 border border-input bg-background hover:bg-accent hover:text-accent-foreground h-10 px-4 py-2 flex items-center space-x-2"[31m
          [36m>[31m
            [36m<svg[31m
              [33mclass[31m=[32m"lucide lucide-plus h-4 w-4"[31m
              [33mfill[31m=[32m"none"[31m
              [33mheight[31m=[32m"24"[31m
              [33mstroke[31m=[32m"currentColor"[31m
              [33mstroke-linecap[31m=[32m"round"[31m
              [33mstroke-linejoin[31m=[32m"round"[31m
              [33mstroke-width[31m=[32m"2"[31m
              [33mviewBox[31m=[32m"0 0 24 24"[31m
              [33mwidth[31m=[32m"24"[31m
              [33mxmlns[31m=[32m"http://www.w3.org/2000/svg"[31m
            [36m>[31m
              [36m<path[31m
                [33md[31m=[32m"M5 12h14"[31m
              [36m/>[31m
              [36m<path[31m
                [33md[31m=[32m"M12 5v14"[31m
              [36m/>[31m
            [36m</svg>[31m
            [36m<span>[31m
              [0mAdd Demo Data[0m
            [36m</span>[31m
          [36m</button>[31m
          [36m<button[31m
            [33mclass[31m=[32m"justify-center gap-2 whitespace-nowrap rounded-md text-sm font-medium ring-offset-background transition-colors focus-visible:outline-none focus-visible:ring-2 focus-visible:ring-ring focus-visible:ring-offset-2 disabled:pointer-events-none disabled:opacity-50 [&_svg]:pointer-events-none [&_svg]:size-4 [&_svg]:shrink-0 border border-input bg-background hover:bg-accent hover:text-accent-foreground h-10 px-4 py-2 flex items-center space-x-2"[31m
          [36m>[31m
            [36m<svg[31m
              [33mclass[31m=[32m"lucide lucide-trash2 h-4 w-4"[31m
              [33mfill[31m=[32m"none"[31m
              [33mheight[31m=[32m"24"[31m
              [33mstroke[31m=[32m"currentColor"[31m
              [33mstroke-linecap[31m=[32m"round"[31m
              [33mstroke-linejoin[31m=[32m"round"[31m
              [33mstroke-width[31m=[32m"2"[31m
              [33mviewBox[31m=[32m"0 0 24 24"[31m
              [33mwidth[31m=[32m"24"[31m
              [33mxmlns[31m=[32m"http://www.w3.org/2000/svg"[31m
            [36m>[31m
              [36m<path[31m
                [33md[31m=[32m"M3 6h18"[31m
              [36m/>[31m
              [36m<path[31m
                [33md[31m=[32m"M19 6v14c0 1-1 2-2 2H7c-1 0-2-1-2-2V6"[31m
              [36m/>[31m
              [36m<path[31m
                [33md[31m=[32m"M8 6V4c0-1 1-2 2-2h4c1 0 2 1 2 2v2"[31m
              [36m/>[31m
              [36m<line[31m
                [33mx1[31m=[32m"10"[31m
                [33mx2[31m=[32m"10"[31m
                [33my1[31m=[32m"11"[31m
                [33my2[31m=[32m"17"[31m
              [36m/>...

Ignored nodes: comments, script, style
[36m<html>[31m
  [36m<head />[31m
  [36m<body>[31m
    [36m<div>[31m
      [36m<div[31m
        [33mclass[31m=[32m"p-6"[31m
      [36m>[31m
        [36m<div[31m
          [33mclass[31m=[32m"flex justify-between items-center mb-6"[31m
        [36m>[31m
          [36m<div[31m
            [33mclass[31m=[32m"flex items-center space-x-3"[31m
          [36m>[31m
            [36m<svg[31m
              [33mclass[31m=[32m"lucide lucide-users h-8 w-8 text-blue-600"[31m
              [33mfill[31m=[32m"none"[31m
              [33mheight[31m=[32m"24"[31m
              [33mstroke[31m=[32m"currentColor"[31m
              [33mstroke-linecap[31m=[32m"round"[31m
              [33mstroke-linejoin[31m=[32m"round"[31m
              [33mstroke-width[31m=[32m"2"[31m
              [33mviewBox[31m=[32m"0 0 24 24"[31m
              [33mwidth[31m=[32m"24"[31m
              [33mxmlns[31m=[32m"http://www.w3.org/2000/svg"[31m
            [36m>[31m
              [36m<path[31m
                [33md[31m=[32m"M16 21v-2a4 4 0 0 0-4-4H6a4 4 0 0 0-4 4v2"[31m
              [36m/>[31m
              [36m<circle[31m
                [33mcx[31m=[32m"9"[31m
                [33mcy[31m=[32m"7"[31m
                [33mr[31m=[32m"4"[31m
              [36m/>[31m
              [36m<path[31m
                [33md[31m=[32m"M22 21v-2a4 4 0 0 0-3-3.87"[31m
              [36m/>[31m
              [36m<path[31m
                [33md[31m=[32m"M16 3.13a4 4 0 0 1 0 7.75"[31m
              [36m/>[31m
            [36m</svg>[31m
            [36m<div>[31m
              [36m<h1[31m
                [33mclass[31m=[32m"text-2xl font-bold text-gray-900"[31m
                [33mdata-testid[31m=[32m"page-title"[31m
              [36m>[31m
                [0mCustomers[0m
              [36m</h1>[31m
              [36m<p[31m
                [33mclass[31m=[32m"text-gray-600"[31m
              [36m>[31m
                [0mManage your customer relationships[0m
              [36m</p>[31m
            [36m</div>[31m
          [36m</div>[31m
          [36m<div[31m
            [33mclass[31m=[32m"flex gap-2"[31m
          [36m>[31m
            [36m<button[31m
              [33mclass[31m=[32m"justify-center gap-2 whitespace-nowrap rounded-md text-sm font-medium ring-offset-background transition-colors focus-visible:outline-none focus-visible:ring-2 focus-visible:ring-ring focus-visible:ring-offset-2 disabled:pointer-events-none disabled:opacity-50 [&_svg]:pointer-events-none [&_svg]:size-4 [&_svg]:shrink-0 border border-input bg-background hover:bg-accent hover:text-accent-foreground h-10 px-4 py-2 flex items-center space-x-2"[31m
            [36m>[31m
              [36m<svg[31m
                [33mclass[31m=[32m"lucide lucide-test-tube h-4 w-4"[31m
                [33mfill[31m=[32m"none"[31m
                [33mheight[31m=[32m"24"[31m
                [33mstroke[31m=[32m"currentColor"[31m
                [33mstroke-linecap[31m=[32m"round"[31m
                [33mstroke-linejoin[31m=[32m"round"[31m
                [33mstroke-width[31m=[32m"2"[31m
                [33mviewBox[31m=[32m"0 0 24 24"[31m
                [33mwidth[31m=[32m"24"[31m
                [33mxmlns[31m=[32m"http://www.w3.org/2000/svg"[31m
              [36m>[31m
                [36m<path[31m
                  [33md[31m=[32m"M14.5 2v17.5c0 1.4-1.1 2.5-2.5 2.5c-1.4 0-2.5-1.1-2.5-2.5V2"[31m
                [36m/>[31m
                [36m<path[31m
                  [33md[31m=[32m"M8.5 2h7"[31m
                [36m/>[31m
                [36m<path[31m
                  [33md[31m=[32m"M14.5 16h-5"[31m
                [36m/>[31m
              [36m</svg>[31m
              [36m<span>[31m
                [0mRun All Tests[0m
              [36m</span>[31m
            [36m</button>[31m
            [36m<button[31m
              [33mclass[31m=[32m"justify-center gap-2 whitespace-nowrap rounded-md text-sm font-medium ring-offset-background transition-colors focus-visible:outline-none focus-visible:ring-2 focus-visible:ring-ring focus-visible:ring-offset-2 disabled:pointer-events-none disabled:opacity-50 [&_svg]:pointer-events-none [&_svg]:size-4 [&_svg]:shrink-0 border border-input bg-background hover:bg-accent hover:text-accent-foreground h-10 px-4 py-2 flex items-center space-x-2"[31m
            [36m>[31m
              [36m<svg[31m
                [33mclass[31m=[32m"lucide lucide-plus h-4 w-4"[31m
                [33mfill[31m=[32m"none"[31m
                [33mheight[31m=[32m"24"[31m
                [33mstroke[31m=[32m"currentColor"[31m
                [33mstroke-linecap[31m=[32m"round"[31m
                [33mstroke-linejoin[31m=[32m"round"[31m
                [33mstroke-width[31m=[32m"2"[31m
                [33mviewBox[31m=[32m"0 0 24 24"[31m
                [33mwidth[31m=[32m"24"[31m
                [33mxmlns[31m=[32m"http://www.w3.org/2000/svg"[31m
              [36m>[31m
                [36m<path[31m
                  [33md[31m=[32m"M5 12h14"[31m
                [36m/>[31m
                [36m<path[31m
                  [33md[31m=[32m"M12 5v14"[31m
                [36m/>[31m
              [36m</svg>[31m
              [36m<span>[31m
                [0mAdd Demo Data[0m
              [36m</span>[31m
            [36m</button>[31m
            [36m<button[31m
              [33mclass[31m=[32m"justify-center gap-2 whitespace-nowrap rounded-md text-sm font-medium ring-offset-background transition-colors focus-visible:outline-none focus-visible:ring-2 focus-visible:ring-ring focus-visible:ring-offset-2 disabled:pointer-events-none disabled:opacity-50 [&_svg]:pointer-events-none [&_svg]:size-4 [&_svg]:shrink-0 border border-input bg-background hover:bg-accent hover:text-accent-foreground h-10 px-4 py-2 flex items-center space-x-2"[31m
            [36m>[31m
              [36m<svg[31m
                [33mclass[31m=[32m"lucide lucide-trash2 h-4 w-4"[31m
                [33mfill[31m=[32m"none"[31m
                [33mheight[31m=[32m"24"[31m
                [33mstroke[31m=[32m"currentColor"[31m
                [33mstroke-linecap[31m=[32m"round"[31m
                [33mstroke-linejoin[31m=[32m"round"[31m
                [33mstroke-width[31m=[32m"2"[31m
                [33mviewBox[31m=[32m"0 0 24 24"[31m
                [33mwidth[31m=[32m"24"[31m
                [33mxmlns[31m=[32m"http://www.w3.org/2000/svg"[31m
              [36m>[31m
                [36m<path[31m
                  [33md[31m=[32m"M3 6h18"[31m
                [36m/>[31m
                [36m<path[31m
                  [33md[31m=[32m"M19 6v14c0 1-1 2-2 2H7c-1 0-2-1-2-2V6"[31m
                [36m/>[31m
                [36m<path[31m
                  [33md[39...[39m
[31m   [31m×[31m Customers Component[2m > [22mDelete Customer[2m > [22mshould handle delete errors gracefully[39m[33m 1099[2mms[22m[39m
[31m     → Unable to find an element with the text: Test Customer. This could be because the text is broken up by multiple elements. In this case, you can provide a function for your text matcher to make your matcher more flexible.

Ignored nodes: comments, script, style
[36m<body>[31m
  [36m<div>[31m
    [36m<div[31m
      [33mclass[31m=[32m"p-6"[31m
    [36m>[31m
      [36m<div[31m
        [33mclass[31m=[32m"flex justify-between items-center mb-6"[31m
      [36m>[31m
        [36m<div[31m
          [33mclass[31m=[32m"flex items-center space-x-3"[31m
        [36m>[31m
          [36m<svg[31m
            [33mclass[31m=[32m"lucide lucide-users h-8 w-8 text-blue-600"[31m
            [33mfill[31m=[32m"none"[31m
            [33mheight[31m=[32m"24"[31m
            [33mstroke[31m=[32m"currentColor"[31m
            [33mstroke-linecap[31m=[32m"round"[31m
            [33mstroke-linejoin[31m=[32m"round"[31m
            [33mstroke-width[31m=[32m"2"[31m
            [33mviewBox[31m=[32m"0 0 24 24"[31m
            [33mwidth[31m=[32m"24"[31m
            [33mxmlns[31m=[32m"http://www.w3.org/2000/svg"[31m
          [36m>[31m
            [36m<path[31m
              [33md[31m=[32m"M16 21v-2a4 4 0 0 0-4-4H6a4 4 0 0 0-4 4v2"[31m
            [36m/>[31m
            [36m<circle[31m
              [33mcx[31m=[32m"9"[31m
              [33mcy[31m=[32m"7"[31m
              [33mr[31m=[32m"4"[31m
            [36m/>[31m
            [36m<path[31m
              [33md[31m=[32m"M22 21v-2a4 4 0 0 0-3-3.87"[31m
            [36m/>[31m
            [36m<path[31m
              [33md[31m=[32m"M16 3.13a4 4 0 0 1 0 7.75"[31m
            [36m/>[31m
          [36m</svg>[31m
          [36m<div>[31m
            [36m<h1[31m
              [33mclass[31m=[32m"text-2xl font-bold text-gray-900"[31m
              [33mdata-testid[31m=[32m"page-title"[31m
            [36m>[31m
              [0mCustomers[0m
            [36m</h1>[31m
            [36m<p[31m
              [33mclass[31m=[32m"text-gray-600"[31m
            [36m>[31m
              [0mManage your customer relationships[0m
            [36m</p>[31m
          [36m</div>[31m
        [36m</div>[31m
        [36m<div[31m
          [33mclass[31m=[32m"flex gap-2"[31m
        [36m>[31m
          [36m<button[31m
            [33mclass[31m=[32m"justify-center gap-2 whitespace-nowrap rounded-md text-sm font-medium ring-offset-background transition-colors focus-visible:outline-none focus-visible:ring-2 focus-visible:ring-ring focus-visible:ring-offset-2 disabled:pointer-events-none disabled:opacity-50 [&_svg]:pointer-events-none [&_svg]:size-4 [&_svg]:shrink-0 border border-input bg-background hover:bg-accent hover:text-accent-foreground h-10 px-4 py-2 flex items-center space-x-2"[31m
          [36m>[31m
            [36m<svg[31m
              [33mclass[31m=[32m"lucide lucide-test-tube h-4 w-4"[31m
              [33mfill[31m=[32m"none"[31m
              [33mheight[31m=[32m"24"[31m
              [33mstroke[31m=[32m"currentColor"[31m
              [33mstroke-linecap[31m=[32m"round"[31m
              [33mstroke-linejoin[31m=[32m"round"[31m
              [33mstroke-width[31m=[32m"2"[31m
              [33mviewBox[31m=[32m"0 0 24 24"[31m
              [33mwidth[31m=[32m"24"[31m
              [33mxmlns[31m=[32m"http://www.w3.org/2000/svg"[31m
            [36m>[31m
              [36m<path[31m
                [33md[31m=[32m"M14.5 2v17.5c0 1.4-1.1 2.5-2.5 2.5c-1.4 0-2.5-1.1-2.5-2.5V2"[31m
              [36m/>[31m
              [36m<path[31m
                [33md[31m=[32m"M8.5 2h7"[31m
              [36m/>[31m
              [36m<path[31m
                [33md[31m=[32m"M14.5 16h-5"[31m
              [36m/>[31m
            [36m</svg>[31m
            [36m<span>[31m
              [0mRun All Tests[0m
            [36m</span>[31m
          [36m</button>[31m
          [36m<button[31m
            [33mclass[31m=[32m"justify-center gap-2 whitespace-nowrap rounded-md text-sm font-medium ring-offset-background transition-colors focus-visible:outline-none focus-visible:ring-2 focus-visible:ring-ring focus-visible:ring-offset-2 disabled:pointer-events-none disabled:opacity-50 [&_svg]:pointer-events-none [&_svg]:size-4 [&_svg]:shrink-0 border border-input bg-background hover:bg-accent hover:text-accent-foreground h-10 px-4 py-2 flex items-center space-x-2"[31m
          [36m>[31m
            [36m<svg[31m
              [33mclass[31m=[32m"lucide lucide-plus h-4 w-4"[31m
              [33mfill[31m=[32m"none"[31m
              [33mheight[31m=[32m"24"[31m
              [33mstroke[31m=[32m"currentColor"[31m
              [33mstroke-linecap[31m=[32m"round"[31m
              [33mstroke-linejoin[31m=[32m"round"[31m
              [33mstroke-width[31m=[32m"2"[31m
              [33mviewBox[31m=[32m"0 0 24 24"[31m
              [33mwidth[31m=[32m"24"[31m
              [33mxmlns[31m=[32m"http://www.w3.org/2000/svg"[31m
            [36m>[31m
              [36m<path[31m
                [33md[31m=[32m"M5 12h14"[31m
              [36m/>[31m
              [36m<path[31m
                [33md[31m=[32m"M12 5v14"[31m
              [36m/>[31m
            [36m</svg>[31m
            [36m<span>[31m
              [0mAdd Demo Data[0m
            [36m</span>[31m
          [36m</button>[31m
          [36m<button[31m
            [33mclass[31m=[32m"justify-center gap-2 whitespace-nowrap rounded-md text-sm font-medium ring-offset-background transition-colors focus-visible:outline-none focus-visible:ring-2 focus-visible:ring-ring focus-visible:ring-offset-2 disabled:pointer-events-none disabled:opacity-50 [&_svg]:pointer-events-none [&_svg]:size-4 [&_svg]:shrink-0 border border-input bg-background hover:bg-accent hover:text-accent-foreground h-10 px-4 py-2 flex items-center space-x-2"[31m
          [36m>[31m
            [36m<svg[31m
              [33mclass[31m=[32m"lucide lucide-trash2 h-4 w-4"[31m
              [33mfill[31m=[32m"none"[31m
              [33mheight[31m=[32m"24"[31m
              [33mstroke[31m=[32m"currentColor"[31m
              [33mstroke-linecap[31m=[32m"round"[31m
              [33mstroke-linejoin[31m=[32m"round"[31m
              [33mstroke-width[31m=[32m"2"[31m
              [33mviewBox[31m=[32m"0 0 24 24"[31m
              [33mwidth[31m=[32m"24"[31m
              [33mxmlns[31m=[32m"http://www.w3.org/2000/svg"[31m
            [36m>[31m
              [36m<path[31m
                [33md[31m=[32m"M3 6h18"[31m
              [36m/>[31m
              [36m<path[31m
                [33md[31m=[32m"M19 6v14c0 1-1 2-2 2H7c-1 0-2-1-2-2V6"[31m
              [36m/>[31m
              [36m<path[31m
                [33md[31m=[32m"M8 6V4c0-1 1-2 2-2h4c1 0 2 1 2 2v2"[31m
              [36m/>[31m
              [36m<line[31m
                [33mx1[31m=[32m"10"[31m
                [33mx2[31m=[32m"10"[31m
                [33my1[31m=[32m"11"[31m
                [33my2[31m=[32m"17"[31m
              [36m/>...

Ignored nodes: comments, script, style
[36m<html>[31m
  [36m<head />[31m
  [36m<body>[31m
    [36m<div>[31m
      [36m<div[31m
        [33mclass[31m=[32m"p-6"[31m
      [36m>[31m
        [36m<div[31m
          [33mclass[31m=[32m"flex justify-between items-center mb-6"[31m
        [36m>[31m
          [36m<div[31m
            [33mclass[31m=[32m"flex items-center space-x-3"[31m
          [36m>[31m
            [36m<svg[31m
              [33mclass[31m=[32m"lucide lucide-users h-8 w-8 text-blue-600"[31m
              [33mfill[31m=[32m"none"[31m
              [33mheight[31m=[32m"24"[31m
              [33mstroke[31m=[32m"currentColor"[31m
              [33mstroke-linecap[31m=[32m"round"[31m
              [33mstroke-linejoin[31m=[32m"round"[31m
              [33mstroke-width[31m=[32m"2"[31m
              [33mviewBox[31m=[32m"0 0 24 24"[31m
              [33mwidth[31m=[32m"24"[31m
              [33mxmlns[31m=[32m"http://www.w3.org/2000/svg"[31m
            [36m>[31m
              [36m<path[31m
                [33md[31m=[32m"M16 21v-2a4 4 0 0 0-4-4H6a4 4 0 0 0-4 4v2"[31m
              [36m/>[31m
              [36m<circle[31m
                [33mcx[31m=[32m"9"[31m
                [33mcy[31m=[32m"7"[31m
                [33mr[31m=[32m"4"[31m
              [36m/>[31m
              [36m<path[31m
                [33md[31m=[32m"M22 21v-2a4 4 0 0 0-3-3.87"[31m
              [36m/>[31m
              [36m<path[31m
                [33md[31m=[32m"M16 3.13a4 4 0 0 1 0 7.75"[31m
              [36m/>[31m
            [36m</svg>[31m
            [36m<div>[31m
              [36m<h1[31m
                [33mclass[31m=[32m"text-2xl font-bold text-gray-900"[31m
                [33mdata-testid[31m=[32m"page-title"[31m
              [36m>[31m
                [0mCustomers[0m
              [36m</h1>[31m
              [36m<p[31m
                [33mclass[31m=[32m"text-gray-600"[31m
              [36m>[31m
                [0mManage your customer relationships[0m
              [36m</p>[31m
            [36m</div>[31m
          [36m</div>[31m
          [36m<div[31m
            [33mclass[31m=[32m"flex gap-2"[31m
          [36m>[31m
            [36m<button[31m
              [33mclass[31m=[32m"justify-center gap-2 whitespace-nowrap rounded-md text-sm font-medium ring-offset-background transition-colors focus-visible:outline-none focus-visible:ring-2 focus-visible:ring-ring focus-visible:ring-offset-2 disabled:pointer-events-none disabled:opacity-50 [&_svg]:pointer-events-none [&_svg]:size-4 [&_svg]:shrink-0 border border-input bg-background hover:bg-accent hover:text-accent-foreground h-10 px-4 py-2 flex items-center space-x-2"[31m
            [36m>[31m
              [36m<svg[31m
                [33mclass[31m=[32m"lucide lucide-test-tube h-4 w-4"[31m
                [33mfill[31m=[32m"none"[31m
                [33mheight[31m=[32m"24"[31m
                [33mstroke[31m=[32m"currentColor"[31m
                [33mstroke-linecap[31m=[32m"round"[31m
                [33mstroke-linejoin[31m=[32m"round"[31m
                [33mstroke-width[31m=[32m"2"[31m
                [33mviewBox[31m=[32m"0 0 24 24"[31m
                [33mwidth[31m=[32m"24"[31m
                [33mxmlns[31m=[32m"http://www.w3.org/2000/svg"[31m
              [36m>[31m
                [36m<path[31m
                  [33md[31m=[32m"M14.5 2v17.5c0 1.4-1.1 2.5-2.5 2.5c-1.4 0-2.5-1.1-2.5-2.5V2"[31m
                [36m/>[31m
                [36m<path[31m
                  [33md[31m=[32m"M8.5 2h7"[31m
                [36m/>[31m
                [36m<path[31m
                  [33md[31m=[32m"M14.5 16h-5"[31m
                [36m/>[31m
              [36m</svg>[31m
              [36m<span>[31m
                [0mRun All Tests[0m
              [36m</span>[31m
            [36m</button>[31m
            [36m<button[31m
              [33mclass[31m=[32m"justify-center gap-2 whitespace-nowrap rounded-md text-sm font-medium ring-offset-background transition-colors focus-visible:outline-none focus-visible:ring-2 focus-visible:ring-ring focus-visible:ring-offset-2 disabled:pointer-events-none disabled:opacity-50 [&_svg]:pointer-events-none [&_svg]:size-4 [&_svg]:shrink-0 border border-input bg-background hover:bg-accent hover:text-accent-foreground h-10 px-4 py-2 flex items-center space-x-2"[31m
            [36m>[31m
              [36m<svg[31m
                [33mclass[31m=[32m"lucide lucide-plus h-4 w-4"[31m
                [33mfill[31m=[32m"none"[31m
                [33mheight[31m=[32m"24"[31m
                [33mstroke[31m=[32m"currentColor"[31m
                [33mstroke-linecap[31m=[32m"round"[31m
                [33mstroke-linejoin[31m=[32m"round"[31m
                [33mstroke-width[31m=[32m"2"[31m
                [33mviewBox[31m=[32m"0 0 24 24"[31m
                [33mwidth[31m=[32m"24"[31m
                [33mxmlns[31m=[32m"http://www.w3.org/2000/svg"[31m
              [36m>[31m
                [36m<path[31m
                  [33md[31m=[32m"M5 12h14"[31m
                [36m/>[31m
                [36m<path[31m
                  [33md[31m=[32m"M12 5v14"[31m
                [36m/>[31m
              [36m</svg>[31m
              [36m<span>[31m
                [0mAdd Demo Data[0m
              [36m</span>[31m
            [36m</button>[31m
            [36m<button[31m
              [33mclass[31m=[32m"justify-center gap-2 whitespace-nowrap rounded-md text-sm font-medium ring-offset-background transition-colors focus-visible:outline-none focus-visible:ring-2 focus-visible:ring-ring focus-visible:ring-offset-2 disabled:pointer-events-none disabled:opacity-50 [&_svg]:pointer-events-none [&_svg]:size-4 [&_svg]:shrink-0 border border-input bg-background hover:bg-accent hover:text-accent-foreground h-10 px-4 py-2 flex items-center space-x-2"[31m
            [36m>[31m
              [36m<svg[31m
                [33mclass[31m=[32m"lucide lucide-trash2 h-4 w-4"[31m
                [33mfill[31m=[32m"none"[31m
                [33mheight[31m=[32m"24"[31m
                [33mstroke[31m=[32m"currentColor"[31m
                [33mstroke-linecap[31m=[32m"round"[31m
                [33mstroke-linejoin[31m=[32m"round"[31m
                [33mstroke-width[31m=[32m"2"[31m
                [33mviewBox[31m=[32m"0 0 24 24"[31m
                [33mwidth[31m=[32m"24"[31m
                [33mxmlns[31m=[32m"http://www.w3.org/2000/svg"[31m
              [36m>[31m
                [36m<path[31m
                  [33md[31m=[32m"M3 6h18"[31m
                [36m/>[31m
                [36m<path[31m
                  [33md[31m=[32m"M19 6v14c0 1-1 2-2 2H7c-1 0-2-1-2-2V6"[31m
                [36m/>[31m
                [36m<path[31m
                  [33md[39...[39m
[31m   [31m×[31m Customers Component[2m > [22mAccessibility[2m > [22mshould have proper form labels and structure[39m[33m 1052[2mms[22m[39m
[31m     → Unable to find an element with the text: Test Customer. This could be because the text is broken up by multiple elements. In this case, you can provide a function for your text matcher to make your matcher more flexible.

Ignored nodes: comments, script, style
[36m<body>[31m
  [36m<div>[31m
    [36m<div[31m
      [33mclass[31m=[32m"p-6"[31m
    [36m>[31m
      [36m<div[31m
        [33mclass[31m=[32m"flex justify-between items-center mb-6"[31m
      [36m>[31m
        [36m<div[31m
          [33mclass[31m=[32m"flex items-center space-x-3"[31m
        [36m>[31m
          [36m<svg[31m
            [33mclass[31m=[32m"lucide lucide-users h-8 w-8 text-blue-600"[31m
            [33mfill[31m=[32m"none"[31m
            [33mheight[31m=[32m"24"[31m
            [33mstroke[31m=[32m"currentColor"[31m
            [33mstroke-linecap[31m=[32m"round"[31m
            [33mstroke-linejoin[31m=[32m"round"[31m
            [33mstroke-width[31m=[32m"2"[31m
            [33mviewBox[31m=[32m"0 0 24 24"[31m
            [33mwidth[31m=[32m"24"[31m
            [33mxmlns[31m=[32m"http://www.w3.org/2000/svg"[31m
          [36m>[31m
            [36m<path[31m
              [33md[31m=[32m"M16 21v-2a4 4 0 0 0-4-4H6a4 4 0 0 0-4 4v2"[31m
            [36m/>[31m
            [36m<circle[31m
              [33mcx[31m=[32m"9"[31m
              [33mcy[31m=[32m"7"[31m
              [33mr[31m=[32m"4"[31m
            [36m/>[31m
            [36m<path[31m
              [33md[31m=[32m"M22 21v-2a4 4 0 0 0-3-3.87"[31m
            [36m/>[31m
            [36m<path[31m
              [33md[31m=[32m"M16 3.13a4 4 0 0 1 0 7.75"[31m
            [36m/>[31m
          [36m</svg>[31m
          [36m<div>[31m
            [36m<h1[31m
              [33mclass[31m=[32m"text-2xl font-bold text-gray-900"[31m
              [33mdata-testid[31m=[32m"page-title"[31m
            [36m>[31m
              [0mCustomers[0m
            [36m</h1>[31m
            [36m<p[31m
              [33mclass[31m=[32m"text-gray-600"[31m
            [36m>[31m
              [0mManage your customer relationships[0m
            [36m</p>[31m
          [36m</div>[31m
        [36m</div>[31m
        [36m<div[31m
          [33mclass[31m=[32m"flex gap-2"[31m
        [36m>[31m
          [36m<button[31m
            [33mclass[31m=[32m"justify-center gap-2 whitespace-nowrap rounded-md text-sm font-medium ring-offset-background transition-colors focus-visible:outline-none focus-visible:ring-2 focus-visible:ring-ring focus-visible:ring-offset-2 disabled:pointer-events-none disabled:opacity-50 [&_svg]:pointer-events-none [&_svg]:size-4 [&_svg]:shrink-0 border border-input bg-background hover:bg-accent hover:text-accent-foreground h-10 px-4 py-2 flex items-center space-x-2"[31m
          [36m>[31m
            [36m<svg[31m
              [33mclass[31m=[32m"lucide lucide-test-tube h-4 w-4"[31m
              [33mfill[31m=[32m"none"[31m
              [33mheight[31m=[32m"24"[31m
              [33mstroke[31m=[32m"currentColor"[31m
              [33mstroke-linecap[31m=[32m"round"[31m
              [33mstroke-linejoin[31m=[32m"round"[31m
              [33mstroke-width[31m=[32m"2"[31m
              [33mviewBox[31m=[32m"0 0 24 24"[31m
              [33mwidth[31m=[32m"24"[31m
              [33mxmlns[31m=[32m"http://www.w3.org/2000/svg"[31m
            [36m>[31m
              [36m<path[31m
                [33md[31m=[32m"M14.5 2v17.5c0 1.4-1.1 2.5-2.5 2.5c-1.4 0-2.5-1.1-2.5-2.5V2"[31m
              [36m/>[31m
              [36m<path[31m
                [33md[31m=[32m"M8.5 2h7"[31m
              [36m/>[31m
              [36m<path[31m
                [33md[31m=[32m"M14.5 16h-5"[31m
              [36m/>[31m
            [36m</svg>[31m
            [36m<span>[31m
              [0mRun All Tests[0m
            [36m</span>[31m
          [36m</button>[31m
          [36m<button[31m
            [33mclass[31m=[32m"justify-center gap-2 whitespace-nowrap rounded-md text-sm font-medium ring-offset-background transition-colors focus-visible:outline-none focus-visible:ring-2 focus-visible:ring-ring focus-visible:ring-offset-2 disabled:pointer-events-none disabled:opacity-50 [&_svg]:pointer-events-none [&_svg]:size-4 [&_svg]:shrink-0 border border-input bg-background hover:bg-accent hover:text-accent-foreground h-10 px-4 py-2 flex items-center space-x-2"[31m
          [36m>[31m
            [36m<svg[31m
              [33mclass[31m=[32m"lucide lucide-plus h-4 w-4"[31m
              [33mfill[31m=[32m"none"[31m
              [33mheight[31m=[32m"24"[31m
              [33mstroke[31m=[32m"currentColor"[31m
              [33mstroke-linecap[31m=[32m"round"[31m
              [33mstroke-linejoin[31m=[32m"round"[31m
              [33mstroke-width[31m=[32m"2"[31m
              [33mviewBox[31m=[32m"0 0 24 24"[31m
              [33mwidth[31m=[32m"24"[31m
              [33mxmlns[31m=[32m"http://www.w3.org/2000/svg"[31m
            [36m>[31m
              [36m<path[31m
                [33md[31m=[32m"M5 12h14"[31m
              [36m/>[31m
              [36m<path[31m
                [33md[31m=[32m"M12 5v14"[31m
              [36m/>[31m
            [36m</svg>[31m
            [36m<span>[31m
              [0mAdd Demo Data[0m
            [36m</span>[31m
          [36m</button>[31m
          [36m<button[31m
            [33mclass[31m=[32m"justify-center gap-2 whitespace-nowrap rounded-md text-sm font-medium ring-offset-background transition-colors focus-visible:outline-none focus-visible:ring-2 focus-visible:ring-ring focus-visible:ring-offset-2 disabled:pointer-events-none disabled:opacity-50 [&_svg]:pointer-events-none [&_svg]:size-4 [&_svg]:shrink-0 border border-input bg-background hover:bg-accent hover:text-accent-foreground h-10 px-4 py-2 flex items-center space-x-2"[31m
          [36m>[31m
            [36m<svg[31m
              [33mclass[31m=[32m"lucide lucide-trash2 h-4 w-4"[31m
              [33mfill[31m=[32m"none"[31m
              [33mheight[31m=[32m"24"[31m
              [33mstroke[31m=[32m"currentColor"[31m
              [33mstroke-linecap[31m=[32m"round"[31m
              [33mstroke-linejoin[31m=[32m"round"[31m
              [33mstroke-width[31m=[32m"2"[31m
              [33mviewBox[31m=[32m"0 0 24 24"[31m
              [33mwidth[31m=[32m"24"[31m
              [33mxmlns[31m=[32m"http://www.w3.org/2000/svg"[31m
            [36m>[31m
              [36m<path[31m
                [33md[31m=[32m"M3 6h18"[31m
              [36m/>[31m
              [36m<path[31m
                [33md[31m=[32m"M19 6v14c0 1-1 2-2 2H7c-1 0-2-1-2-2V6"[31m
              [36m/>[31m
              [36m<path[31m
                [33md[31m=[32m"M8 6V4c0-1 1-2 2-2h4c1 0 2 1 2 2v2"[31m
              [36m/>[31m
              [36m<line[31m
                [33mx1[31m=[32m"10"[31m
                [33mx2[31m=[32m"10"[31m
                [33my1[31m=[32m"11"[31m
                [33my2[31m=[32m"17"[31m
              [36m/>...

Ignored nodes: comments, script, style
[36m<html>[31m
  [36m<head />[31m
  [36m<body>[31m
    [36m<div>[31m
      [36m<div[31m
        [33mclass[31m=[32m"p-6"[31m
      [36m>[31m
        [36m<div[31m
          [33mclass[31m=[32m"flex justify-between items-center mb-6"[31m
        [36m>[31m
          [36m<div[31m
            [33mclass[31m=[32m"flex items-center space-x-3"[31m
          [36m>[31m
            [36m<svg[31m
              [33mclass[31m=[32m"lucide lucide-users h-8 w-8 text-blue-600"[31m
              [33mfill[31m=[32m"none"[31m
              [33mheight[31m=[32m"24"[31m
              [33mstroke[31m=[32m"currentColor"[31m
              [33mstroke-linecap[31m=[32m"round"[31m
              [33mstroke-linejoin[31m=[32m"round"[31m
              [33mstroke-width[31m=[32m"2"[31m
              [33mviewBox[31m=[32m"0 0 24 24"[31m
              [33mwidth[31m=[32m"24"[31m
              [33mxmlns[31m=[32m"http://www.w3.org/2000/svg"[31m
            [36m>[31m
              [36m<path[31m
                [33md[31m=[32m"M16 21v-2a4 4 0 0 0-4-4H6a4 4 0 0 0-4 4v2"[31m
              [36m/>[31m
              [36m<circle[31m
                [33mcx[31m=[32m"9"[31m
                [33mcy[31m=[32m"7"[31m
                [33mr[31m=[32m"4"[31m
              [36m/>[31m
              [36m<path[31m
                [33md[31m=[32m"M22 21v-2a4 4 0 0 0-3-3.87"[31m
              [36m/>[31m
              [36m<path[31m
                [33md[31m=[32m"M16 3.13a4 4 0 0 1 0 7.75"[31m
              [36m/>[31m
            [36m</svg>[31m
            [36m<div>[31m
              [36m<h1[31m
                [33mclass[31m=[32m"text-2xl font-bold text-gray-900"[31m
                [33mdata-testid[31m=[32m"page-title"[31m
              [36m>[31m
                [0mCustomers[0m
              [36m</h1>[31m
              [36m<p[31m
                [33mclass[31m=[32m"text-gray-600"[31m
              [36m>[31m
                [0mManage your customer relationships[0m
              [36m</p>[31m
            [36m</div>[31m
          [36m</div>[31m
          [36m<div[31m
            [33mclass[31m=[32m"flex gap-2"[31m
          [36m>[31m
            [36m<button[31m
              [33mclass[31m=[32m"justify-center gap-2 whitespace-nowrap rounded-md text-sm font-medium ring-offset-background transition-colors focus-visible:outline-none focus-visible:ring-2 focus-visible:ring-ring focus-visible:ring-offset-2 disabled:pointer-events-none disabled:opacity-50 [&_svg]:pointer-events-none [&_svg]:size-4 [&_svg]:shrink-0 border border-input bg-background hover:bg-accent hover:text-accent-foreground h-10 px-4 py-2 flex items-center space-x-2"[31m
            [36m>[31m
              [36m<svg[31m
                [33mclass[31m=[32m"lucide lucide-test-tube h-4 w-4"[31m
                [33mfill[31m=[32m"none"[31m
                [33mheight[31m=[32m"24"[31m
                [33mstroke[31m=[32m"currentColor"[31m
                [33mstroke-linecap[31m=[32m"round"[31m
                [33mstroke-linejoin[31m=[32m"round"[31m
                [33mstroke-width[31m=[32m"2"[31m
                [33mviewBox[31m=[32m"0 0 24 24"[31m
                [33mwidth[31m=[32m"24"[31m
                [33mxmlns[31m=[32m"http://www.w3.org/2000/svg"[31m
              [36m>[31m
                [36m<path[31m
                  [33md[31m=[32m"M14.5 2v17.5c0 1.4-1.1 2.5-2.5 2.5c-1.4 0-2.5-1.1-2.5-2.5V2"[31m
                [36m/>[31m
                [36m<path[31m
                  [33md[31m=[32m"M8.5 2h7"[31m
                [36m/>[31m
                [36m<path[31m
                  [33md[31m=[32m"M14.5 16h-5"[31m
                [36m/>[31m
              [36m</svg>[31m
              [36m<span>[31m
                [0mRun All Tests[0m
              [36m</span>[31m
            [36m</button>[31m
            [36m<button[31m
              [33mclass[31m=[32m"justify-center gap-2 whitespace-nowrap rounded-md text-sm font-medium ring-offset-background transition-colors focus-visible:outline-none focus-visible:ring-2 focus-visible:ring-ring focus-visible:ring-offset-2 disabled:pointer-events-none disabled:opacity-50 [&_svg]:pointer-events-none [&_svg]:size-4 [&_svg]:shrink-0 border border-input bg-background hover:bg-accent hover:text-accent-foreground h-10 px-4 py-2 flex items-center space-x-2"[31m
            [36m>[31m
              [36m<svg[31m
                [33mclass[31m=[32m"lucide lucide-plus h-4 w-4"[31m
                [33mfill[31m=[32m"none"[31m
                [33mheight[31m=[32m"24"[31m
                [33mstroke[31m=[32m"currentColor"[31m
                [33mstroke-linecap[31m=[32m"round"[31m
                [33mstroke-linejoin[31m=[32m"round"[31m
                [33mstroke-width[31m=[32m"2"[31m
                [33mviewBox[31m=[32m"0 0 24 24"[31m
                [33mwidth[31m=[32m"24"[31m
                [33mxmlns[31m=[32m"http://www.w3.org/2000/svg"[31m
              [36m>[31m
                [36m<path[31m
                  [33md[31m=[32m"M5 12h14"[31m
                [36m/>[31m
                [36m<path[31m
                  [33md[31m=[32m"M12 5v14"[31m
                [36m/>[31m
              [36m</svg>[31m
              [36m<span>[31m
                [0mAdd Demo Data[0m
              [36m</span>[31m
            [36m</button>[31m
            [36m<button[31m
              [33mclass[31m=[32m"justify-center gap-2 whitespace-nowrap rounded-md text-sm font-medium ring-offset-background transition-colors focus-visible:outline-none focus-visible:ring-2 focus-visible:ring-ring focus-visible:ring-offset-2 disabled:pointer-events-none disabled:opacity-50 [&_svg]:pointer-events-none [&_svg]:size-4 [&_svg]:shrink-0 border border-input bg-background hover:bg-accent hover:text-accent-foreground h-10 px-4 py-2 flex items-center space-x-2"[31m
            [36m>[31m
              [36m<svg[31m
                [33mclass[31m=[32m"lucide lucide-trash2 h-4 w-4"[31m
                [33mfill[31m=[32m"none"[31m
                [33mheight[31m=[32m"24"[31m
                [33mstroke[31m=[32m"currentColor"[31m
                [33mstroke-linecap[31m=[32m"round"[31m
                [33mstroke-linejoin[31m=[32m"round"[31m
                [33mstroke-width[31m=[32m"2"[31m
                [33mviewBox[31m=[32m"0 0 24 24"[31m
                [33mwidth[31m=[32m"24"[31m
                [33mxmlns[31m=[32m"http://www.w3.org/2000/svg"[31m
              [36m>[31m
                [36m<path[31m
                  [33md[31m=[32m"M3 6h18"[31m
                [36m/>[31m
                [36m<path[31m
                  [33md[31m=[32m"M19 6v14c0 1-1 2-2 2H7c-1 0-2-1-2-2V6"[31m
                [36m/>[31m
                [36m<path[31m
                  [33md[39...[39m
[31m   [31m×[31m Customers Component[2m > [22mAccessibility[2m > [22mshould have proper heading structure[39m[33m 1040[2mms[22m[39m
[31m     → [2mexpect([22m[31melement[31m[2m).toHaveTextContent()[22m

Expected element to have text content:
[32m  Customer Details[31m
Received:
[31m  Customers[31m

Ignored nodes: comments, script, style
[36m<html>[31m
  [36m<head />[31m
  [36m<body>[31m
    [36m<div>[31m
      [36m<div[31m
        [33mclass[31m=[32m"p-6"[31m
      [36m>[31m
        [36m<div[31m
          [33mclass[31m=[32m"flex justify-between items-center mb-6"[31m
        [36m>[31m
          [36m<div[31m
            [33mclass[31m=[32m"flex items-center space-x-3"[31m
          [36m>[31m
            [36m<svg[31m
              [33mclass[31m=[32m"lucide lucide-users h-8 w-8 text-blue-600"[31m
              [33mfill[31m=[32m"none"[31m
              [33mheight[31m=[32m"24"[31m
              [33mstroke[31m=[32m"currentColor"[31m
              [33mstroke-linecap[31m=[32m"round"[31m
              [33mstroke-linejoin[31m=[32m"round"[31m
              [33mstroke-width[31m=[32m"2"[31m
              [33mviewBox[31m=[32m"0 0 24 24"[31m
              [33mwidth[31m=[32m"24"[31m
              [33mxmlns[31m=[32m"http://www.w3.org/2000/svg"[31m
            [36m>[31m
              [36m<path[31m
                [33md[31m=[32m"M16 21v-2a4 4 0 0 0-4-4H6a4 4 0 0 0-4 4v2"[31m
              [36m/>[31m
              [36m<circle[31m
                [33mcx[31m=[32m"9"[31m
                [33mcy[31m=[32m"7"[31m
                [33mr[31m=[32m"4"[31m
              [36m/>[31m
              [36m<path[31m
                [33md[31m=[32m"M22 21v-2a4 4 0 0 0-3-3.87"[31m
              [36m/>[31m
              [36m<path[31m
                [33md[31m=[32m"M16 3.13a4 4 0 0 1 0 7.75"[31m
              [36m/>[31m
            [36m</svg>[31m
            [36m<div>[31m
              [36m<h1[31m
                [33mclass[31m=[32m"text-2xl font-bold text-gray-900"[31m
                [33mdata-testid[31m=[32m"page-title"[31m
              [36m>[31m
                [0mCustomers[0m
              [36m</h1>[31m
              [36m<p[31m
                [33mclass[31m=[32m"text-gray-600"[31m
              [36m>[31m
                [0mManage your customer relationships[0m
              [36m</p>[31m
            [36m</div>[31m
          [36m</div>[31m
          [36m<div[31m
            [33mclass[31m=[32m"flex gap-2"[31m
          [36m>[31m
            [36m<button[31m
              [33mclass[31m=[32m"justify-center gap-2 whitespace-nowrap rounded-md text-sm font-medium ring-offset-background transition-colors focus-visible:outline-none focus-visible:ring-2 focus-visible:ring-ring focus-visible:ring-offset-2 disabled:pointer-events-none disabled:opacity-50 [&_svg]:pointer-events-none [&_svg]:size-4 [&_svg]:shrink-0 border border-input bg-background hover:bg-accent hover:text-accent-foreground h-10 px-4 py-2 flex items-center space-x-2"[31m
            [36m>[31m
              [36m<svg[31m
                [33mclass[31m=[32m"lucide lucide-test-tube h-4 w-4"[31m
                [33mfill[31m=[32m"none"[31m
                [33mheight[31m=[32m"24"[31m
                [33mstroke[31m=[32m"currentColor"[31m
                [33mstroke-linecap[31m=[32m"round"[31m
                [33mstroke-linejoin[31m=[32m"round"[31m
                [33mstroke-width[31m=[32m"2"[31m
                [33mviewBox[31m=[32m"0 0 24 24"[31m
                [33mwidth[31m=[32m"24"[31m
                [33mxmlns[31m=[32m"http://www.w3.org/2000/svg"[31m
              [36m>[31m
                [36m<path[31m
                  [33md[31m=[32m"M14.5 2v17.5c0 1.4-1.1 2.5-2.5 2.5c-1.4 0-2.5-1.1-2.5-2.5V2"[31m
                [36m/>[31m
                [36m<path[31m
                  [33md[31m=[32m"M8.5 2h7"[31m
                [36m/>[31m
                [36m<path[31m
                  [33md[31m=[32m"M14.5 16h-5"[31m
                [36m/>[31m
              [36m</svg>[31m
              [36m<span>[31m
                [0mRun All Tests[0m
              [36m</span>[31m
            [36m</button>[31m
            [36m<button[31m
              [33mclass[31m=[32m"justify-center gap-2 whitespace-nowrap rounded-md text-sm font-medium ring-offset-background transition-colors focus-visible:outline-none focus-visible:ring-2 focus-visible:ring-ring focus-visible:ring-offset-2 disabled:pointer-events-none disabled:opacity-50 [&_svg]:pointer-events-none [&_svg]:size-4 [&_svg]:shrink-0 border border-input bg-background hover:bg-accent hover:text-accent-foreground h-10 px-4 py-2 flex items-center space-x-2"[31m
            [36m>[31m
              [36m<svg[31m
                [33mclass[31m=[32m"lucide lucide-plus h-4 w-4"[31m
                [33mfill[31m=[32m"none"[31m
                [33mheight[31m=[32m"24"[31m
                [33mstroke[31m=[32m"currentColor"[31m
                [33mstroke-linecap[31m=[32m"round"[31m
                [33mstroke-linejoin[31m=[32m"round"[31m
                [33mstroke-width[31m=[32m"2"[31m
                [33mviewBox[31m=[32m"0 0 24 24"[31m
                [33mwidth[31m=[32m"24"[31m
                [33mxmlns[31m=[32m"http://www.w3.org/2000/svg"[31m
              [36m>[31m
                [36m<path[31m
                  [33md[31m=[32m"M5 12h14"[31m
                [36m/>[31m
                [36m<path[31m
                  [33md[31m=[32m"M12 5v14"[31m
                [36m/>[31m
              [36m</svg>[31m
              [36m<span>[31m
                [0mAdd Demo Data[0m
              [36m</span>[31m
            [36m</button>[31m
            [36m<button[31m
              [33mclass[31m=[32m"justify-center gap-2 whitespace-nowrap rounded-md text-sm font-medium ring-offset-background transition-colors focus-visible:outline-none focus-visible:ring-2 focus-visible:ring-ring focus-visible:ring-offset-2 disabled:pointer-events-none disabled:opacity-50 [&_svg]:pointer-events-none [&_svg]:size-4 [&_svg]:shrink-0 border border-input bg-background hover:bg-accent hover:text-accent-foreground h-10 px-4 py-2 flex items-center space-x-2"[31m
            [36m>[31m
              [36m<svg[31m
                [33mclass[31m=[32m"lucide lucide-trash2 h-4 w-4"[31m
                [33mfill[31m=[32m"none"[31m
                [33mheight[31m=[32m"24"[31m
                [33mstroke[31m=[32m"currentColor"[31m
                [33mstroke-linecap[31m=[32m"round"[31m
                [33mstroke-linejoin[31m=[32m"round"[31m
                [33mstroke-width[31m=[32m"2"[31m
                [33mviewBox[31m=[32m"0 0 24 24"[31m
                [33mwidth[31m=[32m"24"[31m
                [33mxmlns[31m=[32m"http://www.w3.org/2000/svg"[31m
              [36m>[31m
                [36m<path[31m
                  [33md[31m=[32m"M3 6h18"[31m
                [36m/>[31m
                [36m<path[31m
                  [33md[31m=[32m"M19 6v14c0 1-1 2-2 2H7c-1 0-2-1-2-2V6"[31m
                [36m/>[31m
                [36m<path[31m
                  [33md[39...[39m
 [31m❯[39m src/pages/Proposals.test.tsx [2m([22m[2m17 tests[22m[2m | [22m[31m17 failed[39m[2m)[22m[33m 13983[2mms[22m[39m
[31m   [31m×[31m Proposals[2m > [22mrenders proposals page with header[39m[32m 174[2mms[22m[39m
[31m     → Unable to find an element with the text: Proposals. This could be because the text is broken up by multiple elements. In this case, you can provide a function for your text matcher to make your matcher more flexible.

Ignored nodes: comments, script, style
[36m<body>[31m
  [36m<div>[31m
    [36m<div[31m
      [33mclass[31m=[32m"flex items-center justify-center h-64"[31m
    [36m>[31m
      [36m<div[31m
        [33mclass[31m=[32m"animate-spin rounded-full h-8 w-8 border-b-2 border-blue-600"[31m
      [36m/>[31m
    [36m</div>[31m
  [36m</div>[31m
[36m</body>[31m[39m
[31m   [31m×[31m Proposals[2m > [22mdisplays loading state initially[39m[32m 32[2mms[22m[39m
[31m     → Unable to find an element with the text: Loading proposals.... This could be because the text is broken up by multiple elements. In this case, you can provide a function for your text matcher to make your matcher more flexible.

Ignored nodes: comments, script, style
[36m<body>[31m
  [36m<div>[31m
    [36m<div[31m
      [33mclass[31m=[32m"flex items-center justify-center h-64"[31m
    [36m>[31m
      [36m<div[31m
        [33mclass[31m=[32m"animate-spin rounded-full h-8 w-8 border-b-2 border-blue-600"[31m
      [36m/>[31m
    [36m</div>[31m
  [36m</div>[31m
[36m</body>[31m[39m
[31m   [31m×[31m Proposals[2m > [22mdisplays proposals statistics correctly[39m[33m 1144[2mms[22m[39m
[31m     → Unable to find an element with the text: Total Proposals. This could be because the text is broken up by multiple elements. In this case, you can provide a function for your text matcher to make your matcher more flexible.

Ignored nodes: comments, script, style
[36m<body>[31m
  [36m<div>[31m
    [36m<div[31m
      [33mclass[31m=[32m"p-6 max-w-7xl mx-auto"[31m
    [36m>[31m
      [36m<div[31m
        [33mclass[31m=[32m"flex items-center justify-between mb-6"[31m
      [36m>[31m
        [36m<div>[31m
          [36m<h1[31m
            [33mclass[31m=[32m"text-2xl font-bold flex items-center gap-2"[31m
          [36m>[31m
            [36m<svg[31m
              [33mclass[31m=[32m"lucide lucide-file-text h-6 w-6"[31m
              [33mfill[31m=[32m"none"[31m
              [33mheight[31m=[32m"24"[31m
              [33mstroke[31m=[32m"currentColor"[31m
              [33mstroke-linecap[31m=[32m"round"[31m
              [33mstroke-linejoin[31m=[32m"round"[31m
              [33mstroke-width[31m=[32m"2"[31m
              [33mviewBox[31m=[32m"0 0 24 24"[31m
              [33mwidth[31m=[32m"24"[31m
              [33mxmlns[31m=[32m"http://www.w3.org/2000/svg"[31m
            [36m>[31m
              [36m<path[31m
                [33md[31m=[32m"M15 2H6a2 2 0 0 0-2 2v16a2 2 0 0 0 2 2h12a2 2 0 0 0 2-2V7Z"[31m
              [36m/>[31m
              [36m<path[31m
                [33md[31m=[32m"M14 2v4a2 2 0 0 0 2 2h4"[31m
              [36m/>[31m
              [36m<path[31m
                [33md[31m=[32m"M10 9H8"[31m
              [36m/>[31m
              [36m<path[31m
                [33md[31m=[32m"M16 13H8"[31m
              [36m/>[31m
              [36m<path[31m
                [33md[31m=[32m"M16 17H8"[31m
              [36m/>[31m
            [36m</svg>[31m
            [0mProposals & Templates[0m
          [36m</h1>[31m
          [36m<p[31m
            [33mclass[31m=[32m"text-gray-600 mt-1"[31m
          [36m>[31m
            [0mCreate, manage, and send professional proposals[0m
          [36m</p>[31m
        [36m</div>[31m
        [36m<div[31m
          [33mclass[31m=[32m"flex items-center space-x-2"[31m
        [36m>[31m
          [36m<button[31m
            [33mclass[31m=[32m"inline-flex items-center justify-center gap-2 whitespace-nowrap rounded-md text-sm font-medium ring-offset-background transition-colors focus-visible:outline-none focus-visible:ring-2 focus-visible:ring-ring focus-visible:ring-offset-2 disabled:pointer-events-none disabled:opacity-50 [&_svg]:pointer-events-none [&_svg]:size-4 [&_svg]:shrink-0 border border-input bg-background hover:bg-accent hover:text-accent-foreground h-10 px-4 py-2"[31m
          [36m>[31m
            [36m<svg[31m
              [33mclass[31m=[32m"lucide lucide-search h-4 w-4 mr-2"[31m
              [33mfill[31m=[32m"none"[31m
              [33mheight[31m=[32m"24"[31m
              [33mstroke[31m=[32m"currentColor"[31m
              [33mstroke-linecap[31m=[32m"round"[31m
              [33mstroke-linejoin[31m=[32m"round"[31m
              [33mstroke-width[31m=[32m"2"[31m
              [33mviewBox[31m=[32m"0 0 24 24"[31m
              [33mwidth[31m=[32m"24"[31m
              [33mxmlns[31m=[32m"http://www.w3.org/2000/svg"[31m
            [36m>[31m
              [36m<circle[31m
                [33mcx[31m=[32m"11"[31m
                [33mcy[31m=[32m"11"[31m
                [33mr[31m=[32m"8"[31m
              [36m/>[31m
              [36m<path[31m
                [33md[31m=[32m"m21 21-4.3-4.3"[31m
              [36m/>[31m
            [36m</svg>[31m
            [0mRefresh[0m
          [36m</button>[31m
        [36m</div>[31m
      [36m</div>[31m
      [36m<div[31m
        [33mclass[31m=[32m"w-full"[31m
      [36m>[31m
        [36m<div[31m
          [33mclass[31m=[32m"h-10 items-center justify-center rounded-md bg-gray-100 p-1 text-gray-500 grid w-full grid-cols-2"[31m
        [36m>[31m
          [36m<button[31m
            [33mclass[31m=[32m"inline-flex items-center justify-center whitespace-nowrap rounded-sm px-3 py-1.5 text-sm font-medium transition-all focus-visible:outline-none focus-visible:ring-2 focus-visible:ring-blue-500 focus-visible:ring-offset-2 disabled:pointer-events-none disabled:opacity-50 bg-white text-gray-900 shadow-sm"[31m
          [36m>[31m
            [0mProposals ([0m
            [0m0[0m
            [0m)[0m
          [36m</button>[31m
          [36m<button[31m
            [33mclass[31m=[32m"inline-flex items-center justify-center whitespace-nowrap rounded-sm px-3 py-1.5 text-sm font-medium transition-all focus-visible:outline-none focus-visible:ring-2 focus-visible:ring-blue-500 focus-visible:ring-offset-2 disabled:pointer-events-none disabled:opacity-50 text-gray-600 hover:text-gray-900"[31m
          [36m>[31m
            [0mTemplates ([0m
            [0m0[0m
            [0m)[0m
          [36m</button>[31m
        [36m</div>[31m
        [36m<div[31m
          [33mclass[31m=[32m"mt-2 focus-visible:outline-none focus-visible:ring-2 focus-visible:ring-blue-500 focus-visible:ring-offset-2 space-y-6"[31m
        [36m>[31m
          [36m<div[31m
            [33mclass[31m=[32m"flex items-center justify-between"[31m
          [36m>[31m
            [36m<div[31m
              [33mclass[31m=[32m"flex items-center space-x-4"[31m
            [36m>[31m
              [36m<div[31m
                [33mclass[31m=[32m"relative"[31m
              [36m>[31m
                [36m<svg[31m
                  [33mclass[31m=[32m"lucide lucide-search absolute left-3 top-1/2 transform -translate-y-1/2 text-gray-400 h-4 w-4"[31m
                  [33mfill[31m=[32m"none"[31m
                  [33mheight[31m=[32m"24"[31m
                  [33mstroke[31m=[32m"currentColor"[31m
                  [33mstroke-linecap[31m=[32m"round"[31m
                  [33mstroke-linejoin[31m=[32m"round"[31m
                  [33mstroke-width[31m=[32m"2"[31m
                  [33mviewBox[31m=[32m"0 0 24 24"[31m
                  [33mwidth[31m=[32m"24"[31m
                  [33mxmlns[31m=[32m"http://www.w3.org/2000/svg"[31m
                [36m>[31m
                  [36m<circle[31m
                    [33mcx[31m=[32m"11"[31m
                    [33mcy[31m=[32m"11"[31m
                    [33mr[31m=[32m"8"[31m
                  [36m/>[31m
                  [36m<path[31m
                    [33md[31m=[32m"m21 21-4.3-4.3"[31m
                  [36m/>[31m
                [36m</svg>[31m
                [36m<input[31m
                  [33mclass[31m=[32m"flex h-10 rounded-md border border-input bg-background px-3 py-2 text-sm ring-offset-background file:border-0 file:bg-transparent file:text-sm file:font-medium placeholder:text-muted-foreground focus-visible:outline-none focus-visible:ring-2 focus-visible:ring-ring focus-visible:ring-offset-2 disabled:cursor-not-allowed disabled:opacity-50 pl-10 w-64"[31m
                  [33mplaceholder[31m=[32m"Search proposals..."[31m
                  [33mvalue[31m=[32m""[31m
                [36m/>[31m
              [36m</div>[31m
              [36m<button[31m
                [33maria-autocomplete[31m=[32m"none"[31m
                [33maria-controls[31m=[32m"radix-:r0:"[31m
                [33maria-expanded[31m=[32m"false"[31m
                [33mclass[31m=[32m"flex h-10 items-center justify-between rounded-md border border-input bg-background px-3 py-2 text-sm ring-offset-background data-[placeholder]:text-muted-foreground focus:outline-none focus:ring-2 focus:ring-ring focus:ring-offset-2 disabled:cursor-not-allowed disabled:opacity-50 [&>span]:line-clamp-1 w-40"[31m
                [33mdata-state[31m=[32m"closed"[31m
                [33mdir[31m=[32m"ltr"[31m
                [33mrole[31m=[32m"combobox"[31m
                [33mtype[31m=[32m"button"[31m
              [36m>[31m
                [36m<svg[31m
                  [33mclass[31m=[32m"lucide lucide-filter h-4 w-4 mr-2"[31m
                  [33mfill[31m=[32m"none"[31m
                  [33mheight[31m=[32m"24"[31m
                  [33mstroke[31m=[32m"currentColor"[31m
                  [33mstroke-linecap[31m=[32m"round"[31m
                  [33mstroke-linejoin[31m=[32m"round"[31m
                  [33mstroke-width[31m=[32m"2"[31m
                  [33mviewBox[31m=[32m"0 0 24 24"[31m
                  [33mwidth[31m=[32m"24"[31m
                  [33mxmlns[31m=[32m"http://www.w3.org/2000/svg"[31m
                [36m>[31m
                  [36m<polygon[31m
                    [33mpoints[31m=[32m"22 3 2 3 10 12.46 10 19 14 21 14 12.46 22 3"[31m
                  [36m/>[31m
                [36m</svg>[31m
                [36m<span[31m
                  [33mstyle[31m=[32m"pointer-events: none;"[31m
                [36m>[31m
                  [0mAll Status[0m
                [36m</span>[31m
                [36m<svg[31m
                  [33maria-hidden[31m=[32m"true"[31m
                  [33mclass[31m=[32m"lucide lucide-chevron-down h-4 w-4 opacity-50"[31m
                  [33mfill[31m=[32m"none"[31m
                  [33mheight[31m=[32m"24"[31m
                  [33mstroke[31m=[32m"currentColor"[31m
                  [33mstroke-linecap[31m=[32m"round"[31m
                  [33mstroke-linejoin[31m=[32m"round"[31m
                  [33mstroke-width[31m=[32m"2"[31m
                  [33mviewBox[31m=[32m"0 0 24 24"[31m
                  [33mwidth[31m=[32m"24"[31m
                  [33mxmlns[31m=[32m"http://www.w3.org/2000/svg"[31m
                [36m>[31m
                  [36m<path[31m
                    [33md[31m=[32m"m6 9 6 6 6-6"[31m
                  [36m/>[31m
                [36m</svg>[31m
              [36m</button>[31m
            [36m</div>[31m
            [36m<button[31m
              [33mclass[31m=[32m"inline-flex items-center justify-center gap-2 whitespace-nowrap rounded-md text-sm font-medium ring-offset-background transition-colors focus-visible:outline-none focus-visible:ring-2 focus-visible:ring-ring focus-visible:ring-offset-2 disabled:pointer-events-none disabled:opacity-50 [&_svg]:pointer-events-none [&_svg]:size-4 [&_svg]:shrink-0 bg-primary text-primary-foreground hover:bg-primary/90 h-10 px-4 py-2"[31m
            [36m>[31m
              [36m<svg[31m
                [33mclass[31m=[32m"lucide lucide-plus h-4 w-4 mr-2"[31m
                [33mfill[31m=[32m"none"[31m
                [33mheight[31m=[32m"24"[31m
                [33mstroke[31m=[32m"currentColor"[31m
                [33mstroke-linecap[31m=[32m"round"[31m
                [33mstroke-linejoin[31m=[32m"round"[31m
                [33mstroke-width[31m=[32m"2"[31m
                [33mviewBox[31m=[32m"0 0 24 24"[31m
                [33mwidth[31m=[32m"24"[31m
                [33mxmlns[31m=[32m"http://www.w3.org/2000/svg"[31m
              [36m>[31m
                [36m<path[31m
                  [33md[31m=[32m"M5 12h14"[31m
                [36m/>[31m
                [36m<path[31m
                  [33md[31m=[32m"M12 5v14"[31m
                [36m/>[31m
              [36m</svg>[31m
              [0mNew Proposal[0m
            [36m</button>[31m
          [36m</div>[31m
          [36m<div[31m
            [33mclass[31m=[32m"grid grid-cols-1 md:grid-cols-2 lg:grid-cols-3 gap-6"[31m
          [36m/>[31m
          [36m<div[31m
            [33mclass[31m=[32m"text-center py-12"[31m
          [36m>[31m
            [36m<svg[31m
              [33mclass[31m=[32m"lucide lucide-file-text h-12 w-12 text-gray-400 mx-auto mb-4"[31m
              [33mfill[31m=[32m"none"[31m
              [33mheight[31m=[32m"24"[31m
              [33mstroke[31m=[32m"currentColor"[31m
              [33mstroke-linecap[31m=[32m"round"[31m
              [33mstroke-linejoin[31m=[32m"round"[31m
              [33mstroke-width[31m=[32m"2"[31m
              [33mviewBox[31m=[32m"0 0 24 24"[31m
              [33mwidth[31m=[32m"24"[31m
              [33mxmlns[31m=[32m"http://www.w3.org/2000/svg"[31m
            [36m>[31m
              [36m<path[31m
                [33md[31m=[32m"M15 2H6a2 2 0 0 0-2 2v16a2 2 0 0 0 2 2h12a2 2 0 0 0 2-2V7Z"[31m
              [36m/>[31m
              [36m<path[31m
                [33md[31m=[32m"M14 2v4a2 2 0 0 0 2 2h4"[31m
              [36m/>[31m
              [36m<path[31m
                [33md[31m=[32m"M10 9H8"[31m
              [36m/>[31m
              [36m<path[31m
                [33md[31m=[32m"M16 13H8"[31m
              [36m/>[31m
              [36m<path[31m
                [33md[31m=[32m"M16 17H8"[31m
              [36m/>[31m
            [36m</svg>[31m
            [36m<h3[31m
              [33mclass[31m=[32m"text-lg font-medium text-gray-900 mb-2"[31m
            [36m>[31m
              [0mNo proposals found[0m
            [36m</h3>[31m
            [36m<p[31m
              [33mclass[31m=[32m"text-gray-600 mb-4"[31m
            [36m>[31m
              [0mGet started by creating your first proposal[0m
            [36m</p>[31m
            [36m<button[31m
              [33mclass[31m=[32m"inline-flex items-center justify-center gap-2 whitespace-nowrap rounded-md text-sm font-medium ring-offset-background transition-colors focus-visible:outline-none focus-visible:ring-2 focus-visible:ring-ring focus-visible:ring-offset-2 disabled:pointer-events-none disabled:opacity-50 [&_svg]:pointer-events-none [&_svg]:size-4 [&_svg]:shrink-0 bg-primary text-primary-foreground hover:bg-primary/90 h-10 px-4 py-2"[31m
            [36m>[31m
              [36m<svg[31m
                [33mclass[31m=[32m"lucide lucide-plus h-4 w-4 mr-2"[31m
                [33mfill[31m=[32m"none"[31m
                [33mheight[31m=[32m"24"[31m
                [33mstroke[31m=[32m"currentColor"[31m
                [33mstroke-linecap[31m=[32m"round"[31m
                [33mstroke-linejoin[31m=[32m"round"[31m
                [33mstroke-width[31m=[32m"2"[31m
                [33mviewBox[31m=[32m"0 0 24 24"[31m
                [33mwidth[31m=[32m"24"[31m
                [33mxmlns[31m=[32m"http://www.w3.org/2000/svg"[31m
              [36m>[31m
                [36m<path[31m
                  [33md[31m=[32m"M5 12h14"[31m
                [36m/>[31m
                [36m<path[31m
                  [33md[31m=[32m"M12 5v14"[31m
                [36m/>[31m
              [36m</svg>[31m
              [0mCreate Proposal[0m
            [36m</button>[31m
          [36m</div>[31m
        [36m</div>[31m
      [36m</div>[31m
    [36m</div>[31m
  [36m</div>[31m
[36m</body>[31m

Ignored nodes: comments, script, style
[36m<html>[31m
  [36m<head />[31m
  [36m<body>[31m
    [36m<div>[31m
      [36m<div[31m
        [33mclass[31m=[32m"p-6 max-w-7xl mx-auto"[31m
      [36m>[31m
        [36m<div[31m
          [33mclass[31m=[32m"flex items-center justify-between mb-6"[31m
        [36m>[31m
          [36m<div>[31m
            [36m<h1[31m
              [33mclass[31m=[32m"text-2xl font-bold flex items-center gap-2"[31m
            [36m>[31m
              [36m<svg[31m
                [33mclass[31m=[32m"lucide lucide-file-text h-6 w-6"[31m
                [33mfill[31m=[32m"none"[31m
                [33mheight[31m=[32m"24"[31m
                [33mstroke[31m=[32m"currentColor"[31m
                [33mstroke-linecap[31m=[32m"round"[31m
                [33mstroke-linejoin[31m=[32m"round"[31m
                [33mstroke-width[31m=[32m"2"[31m
                [33mviewBox[31m=[32m"0 0 24 24"[31m
                [33mwidth[31m=[32m"24"[31m
                [33mxmlns[31m=[32m"http://www.w3.org/2000/svg"[31m
              [36m>[31m
                [36m<path[31m
                  [33md[31m=[32m"M15 2H6a2 2 0 0 0-2 2v16a2 2 0 0 0 2 2h12a2 2 0 0 0 2-2V7Z"[31m
                [36m/>[31m
                [36m<path[31m
                  [33md[31m=[32m"M14 2v4a2 2 0 0 0 2 2h4"[31m
                [36m/>[31m
                [36m<path[31m
                  [33md[31m=[32m"M10 9H8"[31m
                [36m/>[31m
                [36m<path[31m
                  [33md[31m=[32m"M16 13H8"[31m
                [36m/>[31m
                [36m<path[31m
                  [33md[31m=[32m"M16 17H8"[31m
                [36m/>[31m
              [36m</svg>[31m
              [0mProposals & Templates[0m
            [36m</h1>[31m
            [36m<p[31m
              [33mclass[31m=[32m"text-gray-600 mt-1"[31m
            [36m>[31m
              [0mCreate, manage, and send professional proposals[0m
            [36m</p>[31m
          [36m</div>[31m
          [36m<div[31m
            [33mclass[31m=[32m"flex items-center space-x-2"[31m
          [36m>[31m
            [36m<button[31m
              [33mclass[31m=[32m"inline-flex items-center justify-center gap-2 whitespace-nowrap rounded-md text-sm font-medium ring-offset-background transition-colors focus-visible:outline-none focus-visible:ring-2 focus-visible:ring-ring focus-visible:ring-offset-2 disabled:pointer-events-none disabled:opacity-50 [&_svg]:pointer-events-none [&_svg]:size-4 [&_svg]:shrink-0 border border-input bg-background hover:bg-accent hover:text-accent-foreground h-10 px-4 py-2"[31m
            [36m>[31m
              [36m<svg[31m
                [33mclass[31m=[32m"lucide lucide-search h-4 w-4 mr-2"[31m
                [33mfill[31m=[32m"none"[31m
                [33mheight[31m=[32m"24"[31m
                [33mstroke[31m=[32m"currentColor"[31m
                [33mstroke-linecap[31m=[32m"round"[31m
                [33mstroke-linejoin[31m=[32m"round"[31m
                [33mstroke-width[31m=[32m"2"[31m
                [33mviewBox[31m=[32m"0 0 24 24"[31m
                [33mwidth[31m=[32m"24"[31m
                [33mxmlns[31m=[32m"http://www.w3.org/2000/svg"[31m
              [36m>[31m
                [36m<circle[31m
                  [33mcx[31m=[32m"11"[31m
                  [33mcy[31m=[32m"11"[31m
                  [33mr[31m=[32m"8"[31m
                [36m/>[31m
                [36m<path[31m
                  [33md[31m=[32m"m21 21-4.3-4.3"[31m
                [36m/>[31m
              [36m</svg>[31m
              [0mRefresh[0m
            [36m</button>[31m
          [36m</div>[31m
        [36m</div>[31m
        [36m<div[31m
          [33mclass[31m=[32m"w-full"[31m
        [36m>[31m
          [36m<div[31m
            [33mclass[31m=[32m"h-10 items-center justify-center rounded-md bg-gray-100 p-1 text-gray-500 grid w-full grid-cols-2"[31m
          [36m>[31m
            [36m<button[31m
              [33mclass[31m=[32m"inline-flex items-center justify-center whitespace-nowrap rounded-sm px-3 py-1.5 text-sm font-medium transition-all focus-visible:outline-none focus-visible:ring-2 focus-visible:ring-blue-500 focus-visible:ring-offset-2 disabled:pointer-events-none disabled:opacity-50 bg-white text-gray-900 shadow-sm"[31m
            [36m>[31m
              [0mProposals ([0m
              [0m0[0m
              [0m)[0m
            [36m</button>[31m
            [36m<button[31m
              [33mclass[31m=[32m"inline-flex items-center justify-center whitespace-nowrap rounded-sm px-3 py-1.5 text-sm font-medium transition-all focus-visible:outline-none focus-visible:ring-2 focus-visible:ring-blue-500 focus-visible:ring-offset-2 disabled:pointer-events-none disabled:opacity-50 text-gray-600 hover:text-gray-900"[31m
            [36m>[31m
              [0mTemplates ([0m
              [0m0[0m
              [0m)[0m
            [36m</button>[31m
          [36m</div>[31m
          [36m<div[31m
            [33mclass[31m=[32m"mt-2 focus-visible:outline-none focus-visible:ring-2 focus-visible:ring-blue-500 focus-visible:ring-offset-2 space-y-6"[31m
          [36m>[31m
            [36m<div[31m
              [33mclass[31m=[32m"flex items-center justify-between"[31m
            [36m>[31m
              [36m<div[31m
                [33mclass[31m=[32m"flex items-center space-x-4"[31m
              [36m>[31m
                [36m<div[31m
                  [33mclass[31m=[32m"relative"[31m
                [36m>[31m
                  [36m<svg[31m
                    [33mclass[31m=[32m"lucide lucide-search absolute left-3 top-1/2 transform -translate-y-1/2 text-gray-400 h-4 w-4"[31m
                    [33mfill[31m=[32m"none"[31m
                    [33mheight[31m=[32m"24"[31m
                    [33mstroke[31m=[32m"currentColor"[31m
                    [33mstroke-linecap[31m=[32m"round"[31m
                    [33mstroke-linejoin[31m=[32m"round"[31m
                    [33mstroke-width[31m=[32m"2"[31m
                    [33mviewBox[31m=[32m"0 0 24 24"[31m
                    [33mwidth[31m=[32m"24"[31m
                    [33mxmlns[31m=[32m"http://www.w3.org/2000/svg"[31m
                  [36m>[31m
                    [36m<circle[31m
                      [33mcx[31m=[32m"11"[31m
                      [33mcy[31m=[32m"11"[31m
                      [33mr[31m=[32m"8"[31m
                    [36m/>[31m
                    [36m<path[31m
                      [33md[31m=[32m"m21 21-4.3-4.3"[31m
                    [36m/>[31m
                  [36m</svg>[31m
                  [36m<input[31m
                    [33mclass[31m=[32m"flex h-10 rounded-md border border-input bg-background px-3 py-2 text-sm ring-offset-background file:border...[39m
[31m   [31m×[31m Proposals[2m > [22mdisplays proposals table when data is loaded[39m[33m 1113[2mms[22m[39m
[31m     → Unable to find an element by: [data-testid="proposals-table"]

Ignored nodes: comments, script, style
[36m<body>[31m
  [36m<div>[31m
    [36m<div[31m
      [33mclass[31m=[32m"p-6 max-w-7xl mx-auto"[31m
    [36m>[31m
      [36m<div[31m
        [33mclass[31m=[32m"flex items-center justify-between mb-6"[31m
      [36m>[31m
        [36m<div>[31m
          [36m<h1[31m
            [33mclass[31m=[32m"text-2xl font-bold flex items-center gap-2"[31m
          [36m>[31m
            [36m<svg[31m
              [33mclass[31m=[32m"lucide lucide-file-text h-6 w-6"[31m
              [33mfill[31m=[32m"none"[31m
              [33mheight[31m=[32m"24"[31m
              [33mstroke[31m=[32m"currentColor"[31m
              [33mstroke-linecap[31m=[32m"round"[31m
              [33mstroke-linejoin[31m=[32m"round"[31m
              [33mstroke-width[31m=[32m"2"[31m
              [33mviewBox[31m=[32m"0 0 24 24"[31m
              [33mwidth[31m=[32m"24"[31m
              [33mxmlns[31m=[32m"http://www.w3.org/2000/svg"[31m
            [36m>[31m
              [36m<path[31m
                [33md[31m=[32m"M15 2H6a2 2 0 0 0-2 2v16a2 2 0 0 0 2 2h12a2 2 0 0 0 2-2V7Z"[31m
              [36m/>[31m
              [36m<path[31m
                [33md[31m=[32m"M14 2v4a2 2 0 0 0 2 2h4"[31m
              [36m/>[31m
              [36m<path[31m
                [33md[31m=[32m"M10 9H8"[31m
              [36m/>[31m
              [36m<path[31m
                [33md[31m=[32m"M16 13H8"[31m
              [36m/>[31m
              [36m<path[31m
                [33md[31m=[32m"M16 17H8"[31m
              [36m/>[31m
            [36m</svg>[31m
            [0mProposals & Templates[0m
          [36m</h1>[31m
          [36m<p[31m
            [33mclass[31m=[32m"text-gray-600 mt-1"[31m
          [36m>[31m
            [0mCreate, manage, and send professional proposals[0m
          [36m</p>[31m
        [36m</div>[31m
        [36m<div[31m
          [33mclass[31m=[32m"flex items-center space-x-2"[31m
        [36m>[31m
          [36m<button[31m
            [33mclass[31m=[32m"inline-flex items-center justify-center gap-2 whitespace-nowrap rounded-md text-sm font-medium ring-offset-background transition-colors focus-visible:outline-none focus-visible:ring-2 focus-visible:ring-ring focus-visible:ring-offset-2 disabled:pointer-events-none disabled:opacity-50 [&_svg]:pointer-events-none [&_svg]:size-4 [&_svg]:shrink-0 border border-input bg-background hover:bg-accent hover:text-accent-foreground h-10 px-4 py-2"[31m
          [36m>[31m
            [36m<svg[31m
              [33mclass[31m=[32m"lucide lucide-search h-4 w-4 mr-2"[31m
              [33mfill[31m=[32m"none"[31m
              [33mheight[31m=[32m"24"[31m
              [33mstroke[31m=[32m"currentColor"[31m
              [33mstroke-linecap[31m=[32m"round"[31m
              [33mstroke-linejoin[31m=[32m"round"[31m
              [33mstroke-width[31m=[32m"2"[31m
              [33mviewBox[31m=[32m"0 0 24 24"[31m
              [33mwidth[31m=[32m"24"[31m
              [33mxmlns[31m=[32m"http://www.w3.org/2000/svg"[31m
            [36m>[31m
              [36m<circle[31m
                [33mcx[31m=[32m"11"[31m
                [33mcy[31m=[32m"11"[31m
                [33mr[31m=[32m"8"[31m
              [36m/>[31m
              [36m<path[31m
                [33md[31m=[32m"m21 21-4.3-4.3"[31m
              [36m/>[31m
            [36m</svg>[31m
            [0mRefresh[0m
          [36m</button>[31m
        [36m</div>[31m
      [36m</div>[31m
      [36m<div[31m
        [33mclass[31m=[32m"w-full"[31m
      [36m>[31m
        [36m<div[31m
          [33mclass[31m=[32m"h-10 items-center justify-center rounded-md bg-gray-100 p-1 text-gray-500 grid w-full grid-cols-2"[31m
        [36m>[31m
          [36m<button[31m
            [33mclass[31m=[32m"inline-flex items-center justify-center whitespace-nowrap rounded-sm px-3 py-1.5 text-sm font-medium transition-all focus-visible:outline-none focus-visible:ring-2 focus-visible:ring-blue-500 focus-visible:ring-offset-2 disabled:pointer-events-none disabled:opacity-50 bg-white text-gray-900 shadow-sm"[31m
          [36m>[31m
            [0mProposals ([0m
            [0m0[0m
            [0m)[0m
          [36m</button>[31m
          [36m<button[31m
            [33mclass[31m=[32m"inline-flex items-center justify-center whitespace-nowrap rounded-sm px-3 py-1.5 text-sm font-medium transition-all focus-visible:outline-none focus-visible:ring-2 focus-visible:ring-blue-500 focus-visible:ring-offset-2 disabled:pointer-events-none disabled:opacity-50 text-gray-600 hover:text-gray-900"[31m
          [36m>[31m
            [0mTemplates ([0m
            [0m0[0m
            [0m)[0m
          [36m</button>[31m
        [36m</div>[31m
        [36m<div[31m
          [33mclass[31m=[32m"mt-2 focus-visible:outline-none focus-visible:ring-2 focus-visible:ring-blue-500 focus-visible:ring-offset-2 space-y-6"[31m
        [36m>[31m
          [36m<div[31m
            [33mclass[31m=[32m"flex items-center justify-between"[31m
          [36m>[31m
            [36m<div[31m
              [33mclass[31m=[32m"flex items-center space-x-4"[31m
            [36m>[31m
              [36m<div[31m
                [33mclass[31m=[32m"relative"[31m
              [36m>[31m
                [36m<svg[31m
                  [33mclass[31m=[32m"lucide lucide-search absolute left-3 top-1/2 transform -translate-y-1/2 text-gray-400 h-4 w-4"[31m
                  [33mfill[31m=[32m"none"[31m
                  [33mheight[31m=[32m"24"[31m
                  [33mstroke[31m=[32m"currentColor"[31m
                  [33mstroke-linecap[31m=[32m"round"[31m
                  [33mstroke-linejoin[31m=[32m"round"[31m
                  [33mstroke-width[31m=[32m"2"[31m
                  [33mviewBox[31m=[32m"0 0 24 24"[31m
                  [33mwidth[31m=[32m"24"[31m
                  [33mxmlns[31m=[32m"http://www.w3.org/2000/svg"[31m
                [36m>[31m
                  [36m<circle[31m
                    [33mcx[31m=[32m"11"[31m
                    [33mcy[31m=[32m"11"[31m
                    [33mr[31m=[32m"8"[31m
                  [36m/>[31m
                  [36m<path[31m
                    [33md[31m=[32m"m21 21-4.3-4.3"[31m
                  [36m/>[31m
                [36m</svg>[31m
                [36m<input[31m
                  [33mclass[31m=[32m"flex h-10 rounded-md border border-input bg-background px-3 py-2 text-sm ring-offset-background file:border-0 file:bg-transparent file:text-sm file:font-medium placeholder:text-muted-foreground focus-visible:outline-none focus-visible:ring-2 focus-visible:ring-ring focus-visible:ring-offset-2 disabled:cursor-not-allowed disabled:opacity-50 pl-10 w-64"[31m
                  [33mplaceholder[31m=[32m"Search proposals..."[31m
                  [33mvalue[31m=[32m""[31m
                [36m/>[31m
              [36m</div>[31m
              [36m<button[31m
                [33maria-autocomplete[31m=[32m"none"[31m
                [33maria-controls[31m=[32m"radix-:re:"[31m
                [33maria-expanded[31m=[32m"false"[31m
                [33mclass[31m=[32m"flex h-10 items-center justify-between rounded-md border border-input bg-background px-3 py-2 text-sm ring-offset-background data-[placeholder]:text-muted-foreground focus:outline-none focus:ring-2 focus:ring-ring focus:ring-offset-2 disabled:cursor-not-allowed disabled:opacity-50 [&>span]:line-clamp-1 w-40"[31m
                [33mdata-state[31m=[32m"closed"[31m
                [33mdir[31m=[32m"ltr"[31m
                [33mrole[31m=[32m"combobox"[31m
                [33mtype[31m=[32m"button"[31m
              [36m>[31m
                [36m<svg[31m
                  [33mclass[31m=[32m"lucide lucide-filter h-4 w-4 mr-2"[31m
                  [33mfill[31m=[32m"none"[31m
                  [33mheight[31m=[32m"24"[31m
                  [33mstroke[31m=[32m"currentColor"[31m
                  [33mstroke-linecap[31m=[32m"round"[31m
                  [33mstroke-linejoin[31m=[32m"round"[31m
                  [33mstroke-width[31m=[32m"2"[31m
                  [33mviewBox[31m=[32m"0 0 24 24"[31m
                  [33mwidth[31m=[32m"24"[31m
                  [33mxmlns[31m=[32m"http://www.w3.org/2000/svg"[31m
                [36m>[31m
                  [36m<polygon[31m
                    [33mpoints[31m=[32m"22 3 2 3 10 12.46 10 19 14 21 14 12.46 22 3"[31m
                  [36m/>[31m
                [36m</svg>[31m
                [36m<span[31m
                  [33mstyle[31m=[32m"pointer-events: none;"[31m
                [36m>[31m
                  [0mAll Status[0m
                [36m</span>[31m
                [36m<svg[31m
                  [33maria-hidden[31m=[32m"true"[31m
                  [33mclass[31m=[32m"lucide lucide-chevron-down h-4 w-4 opacity-50"[31m
                  [33mfill[31m=[32m"none"[31m
                  [33mheight[31m=[32m"24"[31m
                  [33mstroke[31m=[32m"currentColor"[31m
                  [33mstroke-linecap[31m=[32m"round"[31m
                  [33mstroke-linejoin[31m=[32m"round"[31m
                  [33mstroke-width[31m=[32m"2"[31m
                  [33mviewBox[31m=[32m"0 0 24 24"[31m
                  [33mwidth[31m=[32m"24"[31m
                  [33mxmlns[31m=[32m"http://www.w3.org/2000/svg"[31m
                [36m>[31m
                  [36m<path[31m
                    [33md[31m=[32m"m6 9 6 6 6-6"[31m
                  [36m/>[31m
                [36m</svg>[31m
              [36m</button>[31m
            [36m</div>[31m
            [36m<button[31m
              [33mclass[31m=[32m"inline-flex items-center justify-center gap-2 whitespace-nowrap rounded-md text-sm font-medium ring-offset-background transition-colors focus-visible:outline-none focus-visible:ring-2 focus-visible:ring-ring focus-visible:ring-offset-2 disabled:pointer-events-none disabled:opacity-50 [&_svg]:pointer-events-none [&_svg]:size-4 [&_svg]:shrink-0 bg-primary text-primary-foreground hover:bg-primary/90 h-10 px-4 py-2"[31m
            [36m>[31m
              [36m<svg[31m
                [33mclass[31m=[32m"lucide lucide-plus h-4 w-4 mr-2"[31m
                [33mfill[31m=[32m"none"[31m
                [33mheight[31m=[32m"24"[31m
                [33mstroke[31m=[32m"currentColor"[31m
                [33mstroke-linecap[31m=[32m"round"[31m
                [33mstroke-linejoin[31m=[32m"round"[31m
                [33mstroke-width[31m=[32m"2"[31m
                [33mviewBox[31m=[32m"0 0 24 24"[31m
                [33mwidth[31m=[32m"24"[31m
                [33mxmlns[31m=[32m"http://www.w3.org/2000/svg"[31m
              [36m>[31m
                [36m<path[31m
                  [33md[31m=[32m"M5 12h14"[31m
                [36m/>[31m
                [36m<path[31m
                  [33md[31m=[32m"M12 5v14"[31m
                [36m/>[31m
              [36m</svg>[31m
              [0mNew Proposal[0m
            [36m</button>[31m
          [36m</div>[31m
          [36m<div[31m
            [33mclass[31m=[32m"grid grid-cols-1 md:grid-cols-2 lg:grid-cols-3 gap-6"[31m
          [36m/>[31m
          [36m<div[31m
            [33mclass[31m=[32m"text-center py-12"[31m
          [36m>[31m
            [36m<svg[31m
              [33mclass[31m=[32m"lucide lucide-file-text h-12 w-12 text-gray-400 mx-auto mb-4"[31m
              [33mfill[31m=[32m"none"[31m
              [33mheight[31m=[32m"24"[31m
              [33mstroke[31m=[32m"currentColor"[31m
              [33mstroke-linecap[31m=[32m"round"[31m
              [33mstroke-linejoin[31m=[32m"round"[31m
              [33mstroke-width[31m=[32m"2"[31m
              [33mviewBox[31m=[32m"0 0 24 24"[31m
              [33mwidth[31m=[32m"24"[31m
              [33mxmlns[31m=[32m"http://www.w3.org/2000/svg"[31m
            [36m>[31m
              [36m<path[31m
                [33md[31m=[32m"M15 2H6a2 2 0 0 0-2 2v16a2 2 0 0 0 2 2h12a2 2 0 0 0 2-2V7Z"[31m
              [36m/>[31m
              [36m<path[31m
                [33md[31m=[32m"M14 2v4a2 2 0 0 0 2 2h4"[31m
              [36m/>[31m
              [36m<path[31m
                [33md[31m=[32m"M10 9H8"[31m
              [36m/>[31m
              [36m<path[31m
                [33md[31m=[32m"M16 13H8"[31m
              [36m/>[31m
              [36m<path[31m
                [33md[31m=[32m"M16 17H8"[31m
              [36m/>[31m
            [36m</svg>[31m
            [36m<h3[31m
              [33mclass[31m=[32m"text-lg font-medium text-gray-900 mb-2"[31m
            [36m>[31m
              [0mNo proposals found[0m
            [36m</h3>[31m
            [36m<p[31m
              [33mclass[31m=[32m"text-gray-600 mb-4"[31m
            [36m>[31m
              [0mGet started by creating your first proposal[0m
            [36m</p>[31m
            [36m<button[31m
              [33mclass[31m=[32m"inline-flex items-center justify-center gap-2 whitespace-nowrap rounded-md text-sm font-medium ring-offset-background transition-colors focus-visible:outline-none focus-visible:ring-2 focus-visible:ring-ring focus-visible:ring-offset-2 disabled:pointer-events-none disabled:opacity-50 [&_svg]:pointer-events-none [&_svg]:size-4 [&_svg]:shrink-0 bg-primary text-primary-foreground hover:bg-primary/90 h-10 px-4 py-2"[31m
            [36m>[31m
              [36m<svg[31m
                [33mclass[31m=[32m"lucide lucide-plus h-4 w-4 mr-2"[31m
                [33mfill[31m=[32m"none"[31m
                [33mheight[31m=[32m"24"[31m
                [33mstroke[31m=[32m"currentColor"[31m
                [33mstroke-linecap[31m=[32m"round"[31m
                [33mstroke-linejoin[31m=[32m"round"[31m
                [33mstroke-width[31m=[32m"2"[31m
                [33mviewBox[31m=[32m"0 0 24 24"[31m
                [33mwidth[31m=[32m"24"[31m
                [33mxmlns[31m=[32m"http://www.w3.org/2000/svg"[31m
              [36m>[31m
                [36m<path[31m
                  [33md[31m=[32m"M5 12h14"[31m
                [36m/>[31m
                [36m<path[31m
                  [33md[31m=[32m"M12 5v14"[31m
                [36m/>[31m
              [36m</svg>[31m
              [0mCreate Proposal[0m
            [36m</button>[31m
          [36m</div>[31m
        [36m</div>[31m
      [36m</div>[31m
    [36m</div>[31m
  [36m</div>[31m
[36m</body>[31m

Ignored nodes: comments, script, style
[36m<html>[31m
  [36m<head />[31m
  [36m<body>[31m
    [36m<div>[31m
      [36m<div[31m
        [33mclass[31m=[32m"p-6 max-w-7xl mx-auto"[31m
      [36m>[31m
        [36m<div[31m
          [33mclass[31m=[32m"flex items-center justify-between mb-6"[31m
        [36m>[31m
          [36m<div>[31m
            [36m<h1[31m
              [33mclass[31m=[32m"text-2xl font-bold flex items-center gap-2"[31m
            [36m>[31m
              [36m<svg[31m
                [33mclass[31m=[32m"lucide lucide-file-text h-6 w-6"[31m
                [33mfill[31m=[32m"none"[31m
                [33mheight[31m=[32m"24"[31m
                [33mstroke[31m=[32m"currentColor"[31m
                [33mstroke-linecap[31m=[32m"round"[31m
                [33mstroke-linejoin[31m=[32m"round"[31m
                [33mstroke-width[31m=[32m"2"[31m
                [33mviewBox[31m=[32m"0 0 24 24"[31m
                [33mwidth[31m=[32m"24"[31m
                [33mxmlns[31m=[32m"http://www.w3.org/2000/svg"[31m
              [36m>[31m
                [36m<path[31m
                  [33md[31m=[32m"M15 2H6a2 2 0 0 0-2 2v16a2 2 0 0 0 2 2h12a2 2 0 0 0 2-2V7Z"[31m
                [36m/>[31m
                [36m<path[31m
                  [33md[31m=[32m"M14 2v4a2 2 0 0 0 2 2h4"[31m
                [36m/>[31m
                [36m<path[31m
                  [33md[31m=[32m"M10 9H8"[31m
                [36m/>[31m
                [36m<path[31m
                  [33md[31m=[32m"M16 13H8"[31m
                [36m/>[31m
                [36m<path[31m
                  [33md[31m=[32m"M16 17H8"[31m
                [36m/>[31m
              [36m</svg>[31m
              [0mProposals & Templates[0m
            [36m</h1>[31m
            [36m<p[31m
              [33mclass[31m=[32m"text-gray-600 mt-1"[31m
            [36m>[31m
              [0mCreate, manage, and send professional proposals[0m
            [36m</p>[31m
          [36m</div>[31m
          [36m<div[31m
            [33mclass[31m=[32m"flex items-center space-x-2"[31m
          [36m>[31m
            [36m<button[31m
              [33mclass[31m=[32m"inline-flex items-center justify-center gap-2 whitespace-nowrap rounded-md text-sm font-medium ring-offset-background transition-colors focus-visible:outline-none focus-visible:ring-2 focus-visible:ring-ring focus-visible:ring-offset-2 disabled:pointer-events-none disabled:opacity-50 [&_svg]:pointer-events-none [&_svg]:size-4 [&_svg]:shrink-0 border border-input bg-background hover:bg-accent hover:text-accent-foreground h-10 px-4 py-2"[31m
            [36m>[31m
              [36m<svg[31m
                [33mclass[31m=[32m"lucide lucide-search h-4 w-4 mr-2"[31m
                [33mfill[31m=[32m"none"[31m
                [33mheight[31m=[32m"24"[31m
                [33mstroke[31m=[32m"currentColor"[31m
                [33mstroke-linecap[31m=[32m"round"[31m
                [33mstroke-linejoin[31m=[32m"round"[31m
                [33mstroke-width[31m=[32m"2"[31m
                [33mviewBox[31m=[32m"0 0 24 24"[31m
                [33mwidth[31m=[32m"24"[31m
                [33mxmlns[31m=[32m"http://www.w3.org/2000/svg"[31m
              [36m>[31m
                [36m<circle[31m
                  [33mcx[31m=[32m"11"[31m
                  [33mcy[31m=[32m"11"[31m
                  [33mr[31m=[32m"8"[31m
                [36m/>[31m
                [36m<path[31m
                  [33md[31m=[32m"m21 21-4.3-4.3"[31m
                [36m/>[31m
              [36m</svg>[31m
              [0mRefresh[0m
            [36m</button>[31m
          [36m</div>[31m
        [36m</div>[31m
        [36m<div[31m
          [33mclass[31m=[32m"w-full"[31m
        [36m>[31m
          [36m<div[31m
            [33mclass[31m=[32m"h-10 items-center justify-center rounded-md bg-gray-100 p-1 text-gray-500 grid w-full grid-cols-2"[31m
          [36m>[31m
            [36m<button[31m
              [33mclass[31m=[32m"inline-flex items-center justify-center whitespace-nowrap rounded-sm px-3 py-1.5 text-sm font-medium transition-all focus-visible:outline-none focus-visible:ring-2 focus-visible:ring-blue-500 focus-visible:ring-offset-2 disabled:pointer-events-none disabled:opacity-50 bg-white text-gray-900 shadow-sm"[31m
            [36m>[31m
              [0mProposals ([0m
              [0m0[0m
              [0m)[0m
            [36m</button>[31m
            [36m<button[31m
              [33mclass[31m=[32m"inline-flex items-center justify-center whitespace-nowrap rounded-sm px-3 py-1.5 text-sm font-medium transition-all focus-visible:outline-none focus-visible:ring-2 focus-visible:ring-blue-500 focus-visible:ring-offset-2 disabled:pointer-events-none disabled:opacity-50 text-gray-600 hover:text-gray-900"[31m
            [36m>[31m
              [0mTemplates ([0m
              [0m0[0m
              [0m)[0m
            [36m</button>[31m
          [36m</div>[31m
          [36m<div[31m
            [33mclass[31m=[32m"mt-2 focus-visible:outline-none focus-visible:ring-2 focus-visible:ring-blue-500 focus-visible:ring-offset-2 space-y-6"[31m
          [36m>[31m
            [36m<div[31m
              [33mclass[31m=[32m"flex items-center justify-between"[31m
            [36m>[31m
              [36m<div[31m
                [33mclass[31m=[32m"flex items-center space-x-4"[31m
              [36m>[31m
                [36m<div[31m
                  [33mclass[31m=[32m"relative"[31m
                [36m>[31m
                  [36m<svg[31m
                    [33mclass[31m=[32m"lucide lucide-search absolute left-3 top-1/2 transform -translate-y-1/2 text-gray-400 h-4 w-4"[31m
                    [33mfill[31m=[32m"none"[31m
                    [33mheight[31m=[32m"24"[31m
                    [33mstroke[31m=[32m"currentColor"[31m
                    [33mstroke-linecap[31m=[32m"round"[31m
                    [33mstroke-linejoin[31m=[32m"round"[31m
                    [33mstroke-width[31m=[32m"2"[31m
                    [33mviewBox[31m=[32m"0 0 24 24"[31m
                    [33mwidth[31m=[32m"24"[31m
                    [33mxmlns[31m=[32m"http://www.w3.org/2000/svg"[31m
                  [36m>[31m
                    [36m<circle[31m
                      [33mcx[31m=[32m"11"[31m
                      [33mcy[31m=[32m"11"[31m
                      [33mr[31m=[32m"8"[31m
                    [36m/>[31m
                    [36m<path[31m
                      [33md[31m=[32m"m21 21-4.3-4.3"[31m
                    [36m/>[31m
                  [36m</svg>[31m
                  [36m<input[31m
                    [33mclass[31m=[32m"flex h-10 rounded-md border border-input bg-background px-3 py-2 text-sm ring-offset-background file:border...[39m
[31m   [31m×[31m Proposals[2m > [22mdisplays empty state when no proposals exist[39m[33m 1037[2mms[22m[39m
[31m     → Unable to find an element with the text: No proposals yet. This could be because the text is broken up by multiple elements. In this case, you can provide a function for your text matcher to make your matcher more flexible.

Ignored nodes: comments, script, style
[36m<body>[31m
  [36m<div>[31m
    [36m<div[31m
      [33mclass[31m=[32m"p-6 max-w-7xl mx-auto"[31m
    [36m>[31m
      [36m<div[31m
        [33mclass[31m=[32m"flex items-center justify-between mb-6"[31m
      [36m>[31m
        [36m<div>[31m
          [36m<h1[31m
            [33mclass[31m=[32m"text-2xl font-bold flex items-center gap-2"[31m
          [36m>[31m
            [36m<svg[31m
              [33mclass[31m=[32m"lucide lucide-file-text h-6 w-6"[31m
              [33mfill[31m=[32m"none"[31m
              [33mheight[31m=[32m"24"[31m
              [33mstroke[31m=[32m"currentColor"[31m
              [33mstroke-linecap[31m=[32m"round"[31m
              [33mstroke-linejoin[31m=[32m"round"[31m
              [33mstroke-width[31m=[32m"2"[31m
              [33mviewBox[31m=[32m"0 0 24 24"[31m
              [33mwidth[31m=[32m"24"[31m
              [33mxmlns[31m=[32m"http://www.w3.org/2000/svg"[31m
            [36m>[31m
              [36m<path[31m
                [33md[31m=[32m"M15 2H6a2 2 0 0 0-2 2v16a2 2 0 0 0 2 2h12a2 2 0 0 0 2-2V7Z"[31m
              [36m/>[31m
              [36m<path[31m
                [33md[31m=[32m"M14 2v4a2 2 0 0 0 2 2h4"[31m
              [36m/>[31m
              [36m<path[31m
                [33md[31m=[32m"M10 9H8"[31m
              [36m/>[31m
              [36m<path[31m
                [33md[31m=[32m"M16 13H8"[31m
              [36m/>[31m
              [36m<path[31m
                [33md[31m=[32m"M16 17H8"[31m
              [36m/>[31m
            [36m</svg>[31m
            [0mProposals & Templates[0m
          [36m</h1>[31m
          [36m<p[31m
            [33mclass[31m=[32m"text-gray-600 mt-1"[31m
          [36m>[31m
            [0mCreate, manage, and send professional proposals[0m
          [36m</p>[31m
        [36m</div>[31m
        [36m<div[31m
          [33mclass[31m=[32m"flex items-center space-x-2"[31m
        [36m>[31m
          [36m<button[31m
            [33mclass[31m=[32m"inline-flex items-center justify-center gap-2 whitespace-nowrap rounded-md text-sm font-medium ring-offset-background transition-colors focus-visible:outline-none focus-visible:ring-2 focus-visible:ring-ring focus-visible:ring-offset-2 disabled:pointer-events-none disabled:opacity-50 [&_svg]:pointer-events-none [&_svg]:size-4 [&_svg]:shrink-0 border border-input bg-background hover:bg-accent hover:text-accent-foreground h-10 px-4 py-2"[31m
          [36m>[31m
            [36m<svg[31m
              [33mclass[31m=[32m"lucide lucide-search h-4 w-4 mr-2"[31m
              [33mfill[31m=[32m"none"[31m
              [33mheight[31m=[32m"24"[31m
              [33mstroke[31m=[32m"currentColor"[31m
              [33mstroke-linecap[31m=[32m"round"[31m
              [33mstroke-linejoin[31m=[32m"round"[31m
              [33mstroke-width[31m=[32m"2"[31m
              [33mviewBox[31m=[32m"0 0 24 24"[31m
              [33mwidth[31m=[32m"24"[31m
              [33mxmlns[31m=[32m"http://www.w3.org/2000/svg"[31m
            [36m>[31m
              [36m<circle[31m
                [33mcx[31m=[32m"11"[31m
                [33mcy[31m=[32m"11"[31m
                [33mr[31m=[32m"8"[31m
              [36m/>[31m
              [36m<path[31m
                [33md[31m=[32m"m21 21-4.3-4.3"[31m
              [36m/>[31m
            [36m</svg>[31m
            [0mRefresh[0m
          [36m</button>[31m
        [36m</div>[31m
      [36m</div>[31m
      [36m<div[31m
        [33mclass[31m=[32m"w-full"[31m
      [36m>[31m
        [36m<div[31m
          [33mclass[31m=[32m"h-10 items-center justify-center rounded-md bg-gray-100 p-1 text-gray-500 grid w-full grid-cols-2"[31m
        [36m>[31m
          [36m<button[31m
            [33mclass[31m=[32m"inline-flex items-center justify-center whitespace-nowrap rounded-sm px-3 py-1.5 text-sm font-medium transition-all focus-visible:outline-none focus-visible:ring-2 focus-visible:ring-blue-500 focus-visible:ring-offset-2 disabled:pointer-events-none disabled:opacity-50 bg-white text-gray-900 shadow-sm"[31m
          [36m>[31m
            [0mProposals ([0m
            [0m0[0m
            [0m)[0m
          [36m</button>[31m
          [36m<button[31m
            [33mclass[31m=[32m"inline-flex items-center justify-center whitespace-nowrap rounded-sm px-3 py-1.5 text-sm font-medium transition-all focus-visible:outline-none focus-visible:ring-2 focus-visible:ring-blue-500 focus-visible:ring-offset-2 disabled:pointer-events-none disabled:opacity-50 text-gray-600 hover:text-gray-900"[31m
          [36m>[31m
            [0mTemplates ([0m
            [0m0[0m
            [0m)[0m
          [36m</button>[31m
        [36m</div>[31m
        [36m<div[31m
          [33mclass[31m=[32m"mt-2 focus-visible:outline-none focus-visible:ring-2 focus-visible:ring-blue-500 focus-visible:ring-offset-2 space-y-6"[31m
        [36m>[31m
          [36m<div[31m
            [33mclass[31m=[32m"flex items-center justify-between"[31m
          [36m>[31m
            [36m<div[31m
              [33mclass[31m=[32m"flex items-center space-x-4"[31m
            [36m>[31m
              [36m<div[31m
                [33mclass[31m=[32m"relative"[31m
              [36m>[31m
                [36m<svg[31m
                  [33mclass[31m=[32m"lucide lucide-search absolute left-3 top-1/2 transform -translate-y-1/2 text-gray-400 h-4 w-4"[31m
                  [33mfill[31m=[32m"none"[31m
                  [33mheight[31m=[32m"24"[31m
                  [33mstroke[31m=[32m"currentColor"[31m
                  [33mstroke-linecap[31m=[32m"round"[31m
                  [33mstroke-linejoin[31m=[32m"round"[31m
                  [33mstroke-width[31m=[32m"2"[31m
                  [33mviewBox[31m=[32m"0 0 24 24"[31m
                  [33mwidth[31m=[32m"24"[31m
                  [33mxmlns[31m=[32m"http://www.w3.org/2000/svg"[31m
                [36m>[31m
                  [36m<circle[31m
                    [33mcx[31m=[32m"11"[31m
                    [33mcy[31m=[32m"11"[31m
                    [33mr[31m=[32m"8"[31m
                  [36m/>[31m
                  [36m<path[31m
                    [33md[31m=[32m"m21 21-4.3-4.3"[31m
                  [36m/>[31m
                [36m</svg>[31m
                [36m<input[31m
                  [33mclass[31m=[32m"flex h-10 rounded-md border border-input bg-background px-3 py-2 text-sm ring-offset-background file:border-0 file:bg-transparent file:text-sm file:font-medium placeholder:text-muted-foreground focus-visible:outline-none focus-visible:ring-2 focus-visible:ring-ring focus-visible:ring-offset-2 disabled:cursor-not-allowed disabled:opacity-50 pl-10 w-64"[31m
                  [33mplaceholder[31m=[32m"Search proposals..."[31m
                  [33mvalue[31m=[32m""[31m
                [36m/>[31m
              [36m</div>[31m
              [36m<button[31m
                [33maria-autocomplete[31m=[32m"none"[31m
                [33maria-controls[31m=[32m"radix-:rs:"[31m
                [33maria-expanded[31m=[32m"false"[31m
                [33mclass[31m=[32m"flex h-10 items-center justify-between rounded-md border border-input bg-background px-3 py-2 text-sm ring-offset-background data-[placeholder]:text-muted-foreground focus:outline-none focus:ring-2 focus:ring-ring focus:ring-offset-2 disabled:cursor-not-allowed disabled:opacity-50 [&>span]:line-clamp-1 w-40"[31m
                [33mdata-state[31m=[32m"closed"[31m
                [33mdir[31m=[32m"ltr"[31m
                [33mrole[31m=[32m"combobox"[31m
                [33mtype[31m=[32m"button"[31m
              [36m>[31m
                [36m<svg[31m
                  [33mclass[31m=[32m"lucide lucide-filter h-4 w-4 mr-2"[31m
                  [33mfill[31m=[32m"none"[31m
                  [33mheight[31m=[32m"24"[31m
                  [33mstroke[31m=[32m"currentColor"[31m
                  [33mstroke-linecap[31m=[32m"round"[31m
                  [33mstroke-linejoin[31m=[32m"round"[31m
                  [33mstroke-width[31m=[32m"2"[31m
                  [33mviewBox[31m=[32m"0 0 24 24"[31m
                  [33mwidth[31m=[32m"24"[31m
                  [33mxmlns[31m=[32m"http://www.w3.org/2000/svg"[31m
                [36m>[31m
                  [36m<polygon[31m
                    [33mpoints[31m=[32m"22 3 2 3 10 12.46 10 19 14 21 14 12.46 22 3"[31m
                  [36m/>[31m
                [36m</svg>[31m
                [36m<span[31m
                  [33mstyle[31m=[32m"pointer-events: none;"[31m
                [36m>[31m
                  [0mAll Status[0m
                [36m</span>[31m
                [36m<svg[31m
                  [33maria-hidden[31m=[32m"true"[31m
                  [33mclass[31m=[32m"lucide lucide-chevron-down h-4 w-4 opacity-50"[31m
                  [33mfill[31m=[32m"none"[31m
                  [33mheight[31m=[32m"24"[31m
                  [33mstroke[31m=[32m"currentColor"[31m
                  [33mstroke-linecap[31m=[32m"round"[31m
                  [33mstroke-linejoin[31m=[32m"round"[31m
                  [33mstroke-width[31m=[32m"2"[31m
                  [33mviewBox[31m=[32m"0 0 24 24"[31m
                  [33mwidth[31m=[32m"24"[31m
                  [33mxmlns[31m=[32m"http://www.w3.org/2000/svg"[31m
                [36m>[31m
                  [36m<path[31m
                    [33md[31m=[32m"m6 9 6 6 6-6"[31m
                  [36m/>[31m
                [36m</svg>[31m
              [36m</button>[31m
            [36m</div>[31m
            [36m<button[31m
              [33mclass[31m=[32m"inline-flex items-center justify-center gap-2 whitespace-nowrap rounded-md text-sm font-medium ring-offset-background transition-colors focus-visible:outline-none focus-visible:ring-2 focus-visible:ring-ring focus-visible:ring-offset-2 disabled:pointer-events-none disabled:opacity-50 [&_svg]:pointer-events-none [&_svg]:size-4 [&_svg]:shrink-0 bg-primary text-primary-foreground hover:bg-primary/90 h-10 px-4 py-2"[31m
            [36m>[31m
              [36m<svg[31m
                [33mclass[31m=[32m"lucide lucide-plus h-4 w-4 mr-2"[31m
                [33mfill[31m=[32m"none"[31m
                [33mheight[31m=[32m"24"[31m
                [33mstroke[31m=[32m"currentColor"[31m
                [33mstroke-linecap[31m=[32m"round"[31m
                [33mstroke-linejoin[31m=[32m"round"[31m
                [33mstroke-width[31m=[32m"2"[31m
                [33mviewBox[31m=[32m"0 0 24 24"[31m
                [33mwidth[31m=[32m"24"[31m
                [33mxmlns[31m=[32m"http://www.w3.org/2000/svg"[31m
              [36m>[31m
                [36m<path[31m
                  [33md[31m=[32m"M5 12h14"[31m
                [36m/>[31m
                [36m<path[31m
                  [33md[31m=[32m"M12 5v14"[31m
                [36m/>[31m
              [36m</svg>[31m
              [0mNew Proposal[0m
            [36m</button>[31m
          [36m</div>[31m
          [36m<div[31m
            [33mclass[31m=[32m"grid grid-cols-1 md:grid-cols-2 lg:grid-cols-3 gap-6"[31m
          [36m/>[31m
          [36m<div[31m
            [33mclass[31m=[32m"text-center py-12"[31m
          [36m>[31m
            [36m<svg[31m
              [33mclass[31m=[32m"lucide lucide-file-text h-12 w-12 text-gray-400 mx-auto mb-4"[31m
              [33mfill[31m=[32m"none"[31m
              [33mheight[31m=[32m"24"[31m
              [33mstroke[31m=[32m"currentColor"[31m
              [33mstroke-linecap[31m=[32m"round"[31m
              [33mstroke-linejoin[31m=[32m"round"[31m
              [33mstroke-width[31m=[32m"2"[31m
              [33mviewBox[31m=[32m"0 0 24 24"[31m
              [33mwidth[31m=[32m"24"[31m
              [33mxmlns[31m=[32m"http://www.w3.org/2000/svg"[31m
            [36m>[31m
              [36m<path[31m
                [33md[31m=[32m"M15 2H6a2 2 0 0 0-2 2v16a2 2 0 0 0 2 2h12a2 2 0 0 0 2-2V7Z"[31m
              [36m/>[31m
              [36m<path[31m
                [33md[31m=[32m"M14 2v4a2 2 0 0 0 2 2h4"[31m
              [36m/>[31m
              [36m<path[31m
                [33md[31m=[32m"M10 9H8"[31m
              [36m/>[31m
              [36m<path[31m
                [33md[31m=[32m"M16 13H8"[31m
              [36m/>[31m
              [36m<path[31m
                [33md[31m=[32m"M16 17H8"[31m
              [36m/>[31m
            [36m</svg>[31m
            [36m<h3[31m
              [33mclass[31m=[32m"text-lg font-medium text-gray-900 mb-2"[31m
            [36m>[31m
              [0mNo proposals found[0m
            [36m</h3>[31m
            [36m<p[31m
              [33mclass[31m=[32m"text-gray-600 mb-4"[31m
            [36m>[31m
              [0mGet started by creating your first proposal[0m
            [36m</p>[31m
            [36m<button[31m
              [33mclass[31m=[32m"inline-flex items-center justify-center gap-2 whitespace-nowrap rounded-md text-sm font-medium ring-offset-background transition-colors focus-visible:outline-none focus-visible:ring-2 focus-visible:ring-ring focus-visible:ring-offset-2 disabled:pointer-events-none disabled:opacity-50 [&_svg]:pointer-events-none [&_svg]:size-4 [&_svg]:shrink-0 bg-primary text-primary-foreground hover:bg-primary/90 h-10 px-4 py-2"[31m
            [36m>[31m
              [36m<svg[31m
                [33mclass[31m=[32m"lucide lucide-plus h-4 w-4 mr-2"[31m
                [33mfill[31m=[32m"none"[31m
                [33mheight[31m=[32m"24"[31m
                [33mstroke[31m=[32m"currentColor"[31m
                [33mstroke-linecap[31m=[32m"round"[31m
                [33mstroke-linejoin[31m=[32m"round"[31m
                [33mstroke-width[31m=[32m"2"[31m
                [33mviewBox[31m=[32m"0 0 24 24"[31m
                [33mwidth[31m=[32m"24"[31m
                [33mxmlns[31m=[32m"http://www.w3.org/2000/svg"[31m
              [36m>[31m
                [36m<path[31m
                  [33md[31m=[32m"M5 12h14"[31m
                [36m/>[31m
                [36m<path[31m
                  [33md[31m=[32m"M12 5v14"[31m
                [36m/>[31m
              [36m</svg>[31m
              [0mCreate Proposal[0m
            [36m</button>[31m
          [36m</div>[31m
        [36m</div>[31m
      [36m</div>[31m
    [36m</div>[31m
  [36m</div>[31m
[36m</body>[31m

Ignored nodes: comments, script, style
[36m<html>[31m
  [36m<head />[31m
  [36m<body>[31m
    [36m<div>[31m
      [36m<div[31m
        [33mclass[31m=[32m"p-6 max-w-7xl mx-auto"[31m
      [36m>[31m
        [36m<div[31m
          [33mclass[31m=[32m"flex items-center justify-between mb-6"[31m
        [36m>[31m
          [36m<div>[31m
            [36m<h1[31m
              [33mclass[31m=[32m"text-2xl font-bold flex items-center gap-2"[31m
            [36m>[31m
              [36m<svg[31m
                [33mclass[31m=[32m"lucide lucide-file-text h-6 w-6"[31m
                [33mfill[31m=[32m"none"[31m
                [33mheight[31m=[32m"24"[31m
                [33mstroke[31m=[32m"currentColor"[31m
                [33mstroke-linecap[31m=[32m"round"[31m
                [33mstroke-linejoin[31m=[32m"round"[31m
                [33mstroke-width[31m=[32m"2"[31m
                [33mviewBox[31m=[32m"0 0 24 24"[31m
                [33mwidth[31m=[32m"24"[31m
                [33mxmlns[31m=[32m"http://www.w3.org/2000/svg"[31m
              [36m>[31m
                [36m<path[31m
                  [33md[31m=[32m"M15 2H6a2 2 0 0 0-2 2v16a2 2 0 0 0 2 2h12a2 2 0 0 0 2-2V7Z"[31m
                [36m/>[31m
                [36m<path[31m
                  [33md[31m=[32m"M14 2v4a2 2 0 0 0 2 2h4"[31m
                [36m/>[31m
                [36m<path[31m
                  [33md[31m=[32m"M10 9H8"[31m
                [36m/>[31m
                [36m<path[31m
                  [33md[31m=[32m"M16 13H8"[31m
                [36m/>[31m
                [36m<path[31m
                  [33md[31m=[32m"M16 17H8"[31m
                [36m/>[31m
              [36m</svg>[31m
              [0mProposals & Templates[0m
            [36m</h1>[31m
            [36m<p[31m
              [33mclass[31m=[32m"text-gray-600 mt-1"[31m
            [36m>[31m
              [0mCreate, manage, and send professional proposals[0m
            [36m</p>[31m
          [36m</div>[31m
          [36m<div[31m
            [33mclass[31m=[32m"flex items-center space-x-2"[31m
          [36m>[31m
            [36m<button[31m
              [33mclass[31m=[32m"inline-flex items-center justify-center gap-2 whitespace-nowrap rounded-md text-sm font-medium ring-offset-background transition-colors focus-visible:outline-none focus-visible:ring-2 focus-visible:ring-ring focus-visible:ring-offset-2 disabled:pointer-events-none disabled:opacity-50 [&_svg]:pointer-events-none [&_svg]:size-4 [&_svg]:shrink-0 border border-input bg-background hover:bg-accent hover:text-accent-foreground h-10 px-4 py-2"[31m
            [36m>[31m
              [36m<svg[31m
                [33mclass[31m=[32m"lucide lucide-search h-4 w-4 mr-2"[31m
                [33mfill[31m=[32m"none"[31m
                [33mheight[31m=[32m"24"[31m
                [33mstroke[31m=[32m"currentColor"[31m
                [33mstroke-linecap[31m=[32m"round"[31m
                [33mstroke-linejoin[31m=[32m"round"[31m
                [33mstroke-width[31m=[32m"2"[31m
                [33mviewBox[31m=[32m"0 0 24 24"[31m
                [33mwidth[31m=[32m"24"[31m
                [33mxmlns[31m=[32m"http://www.w3.org/2000/svg"[31m
              [36m>[31m
                [36m<circle[31m
                  [33mcx[31m=[32m"11"[31m
                  [33mcy[31m=[32m"11"[31m
                  [33mr[31m=[32m"8"[31m
                [36m/>[31m
                [36m<path[31m
                  [33md[31m=[32m"m21 21-4.3-4.3"[31m
                [36m/>[31m
              [36m</svg>[31m
              [0mRefresh[0m
            [36m</button>[31m
          [36m</div>[31m
        [36m</div>[31m
        [36m<div[31m
          [33mclass[31m=[32m"w-full"[31m
        [36m>[31m
          [36m<div[31m
            [33mclass[31m=[32m"h-10 items-center justify-center rounded-md bg-gray-100 p-1 text-gray-500 grid w-full grid-cols-2"[31m
          [36m>[31m
            [36m<button[31m
              [33mclass[31m=[32m"inline-flex items-center justify-center whitespace-nowrap rounded-sm px-3 py-1.5 text-sm font-medium transition-all focus-visible:outline-none focus-visible:ring-2 focus-visible:ring-blue-500 focus-visible:ring-offset-2 disabled:pointer-events-none disabled:opacity-50 bg-white text-gray-900 shadow-sm"[31m
            [36m>[31m
              [0mProposals ([0m
              [0m0[0m
              [0m)[0m
            [36m</button>[31m
            [36m<button[31m
              [33mclass[31m=[32m"inline-flex items-center justify-center whitespace-nowrap rounded-sm px-3 py-1.5 text-sm font-medium transition-all focus-visible:outline-none focus-visible:ring-2 focus-visible:ring-blue-500 focus-visible:ring-offset-2 disabled:pointer-events-none disabled:opacity-50 text-gray-600 hover:text-gray-900"[31m
            [36m>[31m
              [0mTemplates ([0m
              [0m0[0m
              [0m)[0m
            [36m</button>[31m
          [36m</div>[31m
          [36m<div[31m
            [33mclass[31m=[32m"mt-2 focus-visible:outline-none focus-visible:ring-2 focus-visible:ring-blue-500 focus-visible:ring-offset-2 space-y-6"[31m
          [36m>[31m
            [36m<div[31m
              [33mclass[31m=[32m"flex items-center justify-between"[31m
            [36m>[31m
              [36m<div[31m
                [33mclass[31m=[32m"flex items-center space-x-4"[31m
              [36m>[31m
                [36m<div[31m
                  [33mclass[31m=[32m"relative"[31m
                [36m>[31m
                  [36m<svg[31m
                    [33mclass[31m=[32m"lucide lucide-search absolute left-3 top-1/2 transform -translate-y-1/2 text-gray-400 h-4 w-4"[31m
                    [33mfill[31m=[32m"none"[31m
                    [33mheight[31m=[32m"24"[31m
                    [33mstroke[31m=[32m"currentColor"[31m
                    [33mstroke-linecap[31m=[32m"round"[31m
                    [33mstroke-linejoin[31m=[32m"round"[31m
                    [33mstroke-width[31m=[32m"2"[31m
                    [33mviewBox[31m=[32m"0 0 24 24"[31m
                    [33mwidth[31m=[32m"24"[31m
                    [33mxmlns[31m=[32m"http://www.w3.org/2000/svg"[31m
                  [36m>[31m
                    [36m<circle[31m
                      [33mcx[31m=[32m"11"[31m
                      [33mcy[31m=[32m"11"[31m
                      [33mr[31m=[32m"8"[31m
                    [36m/>[31m
                    [36m<path[31m
                      [33md[31m=[32m"m21 21-4.3-4.3"[31m
                    [36m/>[31m
                  [36m</svg>[31m
                  [36m<input[31m
                    [33mclass[31m=[32m"flex h-10 rounded-md border border-input bg-background px-3 py-2 text-sm ring-offset-background file:border...[39m
[31m   [31m×[31m Proposals[2m > [22mopens add proposal modal when create button is clicked[39m[33m 732[2mms[22m[39m
[31m     → Unable to find an element with the text: Fill in the details to create a new proposal.. This could be because the text is broken up by multiple elements. In this case, you can provide a function for your text matcher to make your matcher more flexible.

Ignored nodes: comments, script, style
[36m<body[31m
  [33mdata-scroll-locked[31m=[32m"1"[31m
  [33mstyle[31m=[32m"pointer-events: none;"[31m
[36m>[31m
  [36m<span[31m
    [33maria-hidden[31m=[32m"true"[31m
    [33mdata-aria-hidden[31m=[32m"true"[31m
    [33mdata-radix-focus-guard[31m=[32m""[31m
    [33mstyle[31m=[32m"outline: none; opacity: 0; position: fixed; pointer-events: none;"[31m
    [33mtabindex[31m=[32m"0"[31m
  [36m/>[31m
  [36m<div[31m
    [33maria-hidden[31m=[32m"true"[31m
    [33mdata-aria-hidden[31m=[32m"true"[31m
  [36m>[31m
    [36m<div[31m
      [33mclass[31m=[32m"p-6 max-w-7xl mx-auto"[31m
    [36m>[31m
      [36m<div[31m
        [33mclass[31m=[32m"flex items-center justify-between mb-6"[31m
      [36m>[31m
        [36m<div>[31m
          [36m<h1[31m
            [33mclass[31m=[32m"text-2xl font-bold flex items-center gap-2"[31m
          [36m>[31m
            [36m<svg[31m
              [33mclass[31m=[32m"lucide lucide-file-text h-6 w-6"[31m
              [33mfill[31m=[32m"none"[31m
              [33mheight[31m=[32m"24"[31m
              [33mstroke[31m=[32m"currentColor"[31m
              [33mstroke-linecap[31m=[32m"round"[31m
              [33mstroke-linejoin[31m=[32m"round"[31m
              [33mstroke-width[31m=[32m"2"[31m
              [33mviewBox[31m=[32m"0 0 24 24"[31m
              [33mwidth[31m=[32m"24"[31m
              [33mxmlns[31m=[32m"http://www.w3.org/2000/svg"[31m
            [36m>[31m
              [36m<path[31m
                [33md[31m=[32m"M15 2H6a2 2 0 0 0-2 2v16a2 2 0 0 0 2 2h12a2 2 0 0 0 2-2V7Z"[31m
              [36m/>[31m
              [36m<path[31m
                [33md[31m=[32m"M14 2v4a2 2 0 0 0 2 2h4"[31m
              [36m/>[31m
              [36m<path[31m
                [33md[31m=[32m"M10 9H8"[31m
              [36m/>[31m
              [36m<path[31m
                [33md[31m=[32m"M16 13H8"[31m
              [36m/>[31m
              [36m<path[31m
                [33md[31m=[32m"M16 17H8"[31m
              [36m/>[31m
            [36m</svg>[31m
            [0mProposals & Templates[0m
          [36m</h1>[31m
          [36m<p[31m
            [33mclass[31m=[32m"text-gray-600 mt-1"[31m
          [36m>[31m
            [0mCreate, manage, and send professional proposals[0m
          [36m</p>[31m
        [36m</div>[31m
        [36m<div[31m
          [33mclass[31m=[32m"flex items-center space-x-2"[31m
        [36m>[31m
          [36m<button[31m
            [33mclass[31m=[32m"inline-flex items-center justify-center gap-2 whitespace-nowrap rounded-md text-sm font-medium ring-offset-background transition-colors focus-visible:outline-none focus-visible:ring-2 focus-visible:ring-ring focus-visible:ring-offset-2 disabled:pointer-events-none disabled:opacity-50 [&_svg]:pointer-events-none [&_svg]:size-4 [&_svg]:shrink-0 border border-input bg-background hover:bg-accent hover:text-accent-foreground h-10 px-4 py-2"[31m
          [36m>[31m
            [36m<svg[31m
              [33mclass[31m=[32m"lucide lucide-search h-4 w-4 mr-2"[31m
              [33mfill[31m=[32m"none"[31m
              [33mheight[31m=[32m"24"[31m
              [33mstroke[31m=[32m"currentColor"[31m
              [33mstroke-linecap[31m=[32m"round"[31m
              [33mstroke-linejoin[31m=[32m"round"[31m
              [33mstroke-width[31m=[32m"2"[31m
              [33mviewBox[31m=[32m"0 0 24 24"[31m
              [33mwidth[31m=[32m"24"[31m
              [33mxmlns[31m=[32m"http://www.w3.org/2000/svg"[31m
            [36m>[31m
              [36m<circle[31m
                [33mcx[31m=[32m"11"[31m
                [33mcy[31m=[32m"11"[31m
                [33mr[31m=[32m"8"[31m
              [36m/>[31m
              [36m<path[31m
                [33md[31m=[32m"m21 21-4.3-4.3"[31m
              [36m/>[31m
            [36m</svg>[31m
            [0mRefresh[0m
          [36m</button>[31m
        [36m</div>[31m
      [36m</div>[31m
      [36m<div[31m
        [33mclass[31m=[32m"w-full"[31m
      [36m>[31m
        [36m<div[31m
          [33mclass[31m=[32m"h-10 items-center justify-center rounded-md bg-gray-100 p-1 text-gray-500 grid w-full grid-cols-2"[31m
        [36m>[31m
          [36m<button[31m
            [33mclass[31m=[32m"inline-flex items-center justify-center whitespace-nowrap rounded-sm px-3 py-1.5 text-sm font-medium transition-all focus-visible:outline-none focus-visible:ring-2 focus-visible:ring-blue-500 focus-visible:ring-offset-2 disabled:pointer-events-none disabled:opacity-50 bg-white text-gray-900 shadow-sm"[31m
          [36m>[31m
            [0mProposals ([0m
            [0m0[0m
            [0m)[0m
          [36m</button>[31m
          [36m<button[31m
            [33mclass[31m=[32m"inline-flex items-center justify-center whitespace-nowrap rounded-sm px-3 py-1.5 text-sm font-medium transition-all focus-visible:outline-none focus-visible:ring-2 focus-visible:ring-blue-500 focus-visible:ring-offset-2 disabled:pointer-events-none disabled:opacity-50 text-gray-600 hover:text-gray-900"[31m
          [36m>[31m
            [0mTemplates ([0m
            [0m0[0m
            [0m)[0m
          [36m</button>[31m
        [36m</div>[31m
        [36m<div[31m
          [33mclass[31m=[32m"mt-2 focus-visible:outline-none focus-visible:ring-2 focus-visible:ring-blue-500 focus-visible:ring-offset-2 space-y-6"[31m
        [36m>[31m
          [36m<div[31m
            [33mclass[31m=[32m"flex items-center justify-between"[31m
          [36m>[31m
            [36m<div[31m
              [33mclass[31m=[32m"flex items-center space-x-4"[31m
            [36m>[31m
              [36m<div[31m
                [33mclass[31m=[32m"relative"[31m
              [36m>[31m
                [36m<svg[31m
                  [33mclass[31m=[32m"lucide lucide-search absolute left-3 top-1/2 transform -translate-y-1/2 text-gray-400 h-4 w-4"[31m
                  [33mfill[31m=[32m"none"[31m
                  [33mheight[31m=[32m"24"[31m
                  [33mstroke[31m=[32m"currentColor"[31m
                  [33mstroke-linecap[31m=[32m"round"[31m
                  [33mstroke-linejoin[31m=[32m"round"[31m
                  [33mstroke-width[31m=[32m"2"[31m
                  [33mviewBox[31m=[32m"0 0 24 24"[31m
                  [33mwidth[31m=[32m"24"[31m
                  [33mxmlns[31m=[32m"http://www.w3.org/2000/svg"[31m
                [36m>[31m
                  [36m<circle[31m
                    [33mcx[31m=[32m"11"[31m
                    [33mcy[31m=[32m"11"[31m
                    [33mr[31m=[32m"8"[31m
                  [36m/>[31m
                  [36m<path[31m
                    [33md[31m=[32m"m21 21-4.3-4.3"[31m
                  [36m/>[31m
...[39m
[31m   [31m×[31m Proposals[2m > [22mopens edit modal when edit button is clicked[39m[33m 1038[2mms[22m[39m
[31m     → Unable to find an element with the text: Edit. This could be because the text is broken up by multiple elements. In this case, you can provide a function for your text matcher to make your matcher more flexible.

Ignored nodes: comments, script, style
[36m<body[31m
  [33mstyle[31m=[32m""[31m
[36m>[31m
  [36m<div>[31m
    [36m<div[31m
      [33mclass[31m=[32m"p-6 max-w-7xl mx-auto"[31m
    [36m>[31m
      [36m<div[31m
        [33mclass[31m=[32m"flex items-center justify-between mb-6"[31m
      [36m>[31m
        [36m<div>[31m
          [36m<h1[31m
            [33mclass[31m=[32m"text-2xl font-bold flex items-center gap-2"[31m
          [36m>[31m
            [36m<svg[31m
              [33mclass[31m=[32m"lucide lucide-file-text h-6 w-6"[31m
              [33mfill[31m=[32m"none"[31m
              [33mheight[31m=[32m"24"[31m
              [33mstroke[31m=[32m"currentColor"[31m
              [33mstroke-linecap[31m=[32m"round"[31m
              [33mstroke-linejoin[31m=[32m"round"[31m
              [33mstroke-width[31m=[32m"2"[31m
              [33mviewBox[31m=[32m"0 0 24 24"[31m
              [33mwidth[31m=[32m"24"[31m
              [33mxmlns[31m=[32m"http://www.w3.org/2000/svg"[31m
            [36m>[31m
              [36m<path[31m
                [33md[31m=[32m"M15 2H6a2 2 0 0 0-2 2v16a2 2 0 0 0 2 2h12a2 2 0 0 0 2-2V7Z"[31m
              [36m/>[31m
              [36m<path[31m
                [33md[31m=[32m"M14 2v4a2 2 0 0 0 2 2h4"[31m
              [36m/>[31m
              [36m<path[31m
                [33md[31m=[32m"M10 9H8"[31m
              [36m/>[31m
              [36m<path[31m
                [33md[31m=[32m"M16 13H8"[31m
              [36m/>[31m
              [36m<path[31m
                [33md[31m=[32m"M16 17H8"[31m
              [36m/>[31m
            [36m</svg>[31m
            [0mProposals & Templates[0m
          [36m</h1>[31m
          [36m<p[31m
            [33mclass[31m=[32m"text-gray-600 mt-1"[31m
          [36m>[31m
            [0mCreate, manage, and send professional proposals[0m
          [36m</p>[31m
        [36m</div>[31m
        [36m<div[31m
          [33mclass[31m=[32m"flex items-center space-x-2"[31m
        [36m>[31m
          [36m<button[31m
            [33mclass[31m=[32m"inline-flex items-center justify-center gap-2 whitespace-nowrap rounded-md text-sm font-medium ring-offset-background transition-colors focus-visible:outline-none focus-visible:ring-2 focus-visible:ring-ring focus-visible:ring-offset-2 disabled:pointer-events-none disabled:opacity-50 [&_svg]:pointer-events-none [&_svg]:size-4 [&_svg]:shrink-0 border border-input bg-background hover:bg-accent hover:text-accent-foreground h-10 px-4 py-2"[31m
          [36m>[31m
            [36m<svg[31m
              [33mclass[31m=[32m"lucide lucide-search h-4 w-4 mr-2"[31m
              [33mfill[31m=[32m"none"[31m
              [33mheight[31m=[32m"24"[31m
              [33mstroke[31m=[32m"currentColor"[31m
              [33mstroke-linecap[31m=[32m"round"[31m
              [33mstroke-linejoin[31m=[32m"round"[31m
              [33mstroke-width[31m=[32m"2"[31m
              [33mviewBox[31m=[32m"0 0 24 24"[31m
              [33mwidth[31m=[32m"24"[31m
              [33mxmlns[31m=[32m"http://www.w3.org/2000/svg"[31m
            [36m>[31m
              [36m<circle[31m
                [33mcx[31m=[32m"11"[31m
                [33mcy[31m=[32m"11"[31m
                [33mr[31m=[32m"8"[31m
              [36m/>[31m
              [36m<path[31m
                [33md[31m=[32m"m21 21-4.3-4.3"[31m
              [36m/>[31m
            [36m</svg>[31m
            [0mRefresh[0m
          [36m</button>[31m
        [36m</div>[31m
      [36m</div>[31m
      [36m<div[31m
        [33mclass[31m=[32m"w-full"[31m
      [36m>[31m
        [36m<div[31m
          [33mclass[31m=[32m"h-10 items-center justify-center rounded-md bg-gray-100 p-1 text-gray-500 grid w-full grid-cols-2"[31m
        [36m>[31m
          [36m<button[31m
            [33mclass[31m=[32m"inline-flex items-center justify-center whitespace-nowrap rounded-sm px-3 py-1.5 text-sm font-medium transition-all focus-visible:outline-none focus-visible:ring-2 focus-visible:ring-blue-500 focus-visible:ring-offset-2 disabled:pointer-events-none disabled:opacity-50 bg-white text-gray-900 shadow-sm"[31m
          [36m>[31m
            [0mProposals ([0m
            [0m0[0m
            [0m)[0m
          [36m</button>[31m
          [36m<button[31m
            [33mclass[31m=[32m"inline-flex items-center justify-center whitespace-nowrap rounded-sm px-3 py-1.5 text-sm font-medium transition-all focus-visible:outline-none focus-visible:ring-2 focus-visible:ring-blue-500 focus-visible:ring-offset-2 disabled:pointer-events-none disabled:opacity-50 text-gray-600 hover:text-gray-900"[31m
          [36m>[31m
            [0mTemplates ([0m
            [0m0[0m
            [0m)[0m
          [36m</button>[31m
        [36m</div>[31m
        [36m<div[31m
          [33mclass[31m=[32m"mt-2 focus-visible:outline-none focus-visible:ring-2 focus-visible:ring-blue-500 focus-visible:ring-offset-2 space-y-6"[31m
        [36m>[31m
          [36m<div[31m
            [33mclass[31m=[32m"flex items-center justify-between"[31m
          [36m>[31m
            [36m<div[31m
              [33mclass[31m=[32m"flex items-center space-x-4"[31m
            [36m>[31m
              [36m<div[31m
                [33mclass[31m=[32m"relative"[31m
              [36m>[31m
                [36m<svg[31m
                  [33mclass[31m=[32m"lucide lucide-search absolute left-3 top-1/2 transform -translate-y-1/2 text-gray-400 h-4 w-4"[31m
                  [33mfill[31m=[32m"none"[31m
                  [33mheight[31m=[32m"24"[31m
                  [33mstroke[31m=[32m"currentColor"[31m
                  [33mstroke-linecap[31m=[32m"round"[31m
                  [33mstroke-linejoin[31m=[32m"round"[31m
                  [33mstroke-width[31m=[32m"2"[31m
                  [33mviewBox[31m=[32m"0 0 24 24"[31m
                  [33mwidth[31m=[32m"24"[31m
                  [33mxmlns[31m=[32m"http://www.w3.org/2000/svg"[31m
                [36m>[31m
                  [36m<circle[31m
                    [33mcx[31m=[32m"11"[31m
                    [33mcy[31m=[32m"11"[31m
                    [33mr[31m=[32m"8"[31m
                  [36m/>[31m
                  [36m<path[31m
                    [33md[31m=[32m"m21 21-4.3-4.3"[31m
                  [36m/>[31m
                [36m</svg>[31m
                [36m<input[31m
                  [33mclass[31m=[32m"flex h-10 rounded-md border border-input bg-background px-3 py-2 text-sm ring-offset-background file:border-0 file:bg-transparent file:text-sm file:font-medium placeholder:text-muted-foreground focus-visible:outline-none focus-visible:ring-2 focus-visible:ring-ring focus-visible:ring-offset-2 disabled:cursor-not-allowed disabled:opacity-50 pl-10 w-64"[31m
                  [33mplaceholder[31m=[32m"Search proposals..."[31m
                  [33mvalue[31m=[32m""[31m
                [36m/>[31m
              [36m</div>[31m
              [36m<button[31m
                [33maria-autocomplete[31m=[32m"none"[31m
                [33maria-controls[31m=[32m"radix-:r1v:"[31m
                [33maria-expanded[31m=[32m"false"[31m
                [33mclass[31m=[32m"flex h-10 items-center justify-between rounded-md border border-input bg-background px-3 py-2 text-sm ring-offset-background data-[placeholder]:text-muted-foreground focus:outline-none focus:ring-2 focus:ring-ring focus:ring-offset-2 disabled:cursor-not-allowed disabled:opacity-50 [&>span]:line-clamp-1 w-40"[31m
                [33mdata-state[31m=[32m"closed"[31m
                [33mdir[31m=[32m"ltr"[31m
                [33mrole[31m=[32m"combobox"[31m
                [33mtype[31m=[32m"button"[31m
              [36m>[31m
                [36m<svg[31m
                  [33mclass[31m=[32m"lucide lucide-filter h-4 w-4 mr-2"[31m
                  [33mfill[31m=[32m"none"[31m
                  [33mheight[31m=[32m"24"[31m
                  [33mstroke[31m=[32m"currentColor"[31m
                  [33mstroke-linecap[31m=[32m"round"[31m
                  [33mstroke-linejoin[31m=[32m"round"[31m
                  [33mstroke-width[31m=[32m"2"[31m
                  [33mviewBox[31m=[32m"0 0 24 24"[31m
                  [33mwidth[31m=[32m"24"[31m
                  [33mxmlns[31m=[32m"http://www.w3.org/2000/svg"[31m
                [36m>[31m
                  [36m<polygon[31m
                    [33mpoints[31m=[32m"22 3 2 3 10 12.46 10 19 14 21 14 12.46 22 3"[31m
                  [36m/>[31m
                [36m</svg>[31m
                [36m<span[31m
                  [33mstyle[31m=[32m"pointer-events: none;"[31m
                [36m>[31m
                  [0mAll Status[0m
                [36m</span>[31m
                [36m<svg[31m
                  [33maria-hidden[31m=[32m"true"[31m
                  [33mclass[31m=[32m"lucide lucide-chevron-down h-4 w-4 opacity-50"[31m
                  [33mfill[31m=[32m"none"[31m
                  [33mheight[31m=[32m"24"[31m
                  [33mstroke[31m=[32m"currentColor"[31m
                  [33mstroke-linecap[31m=[32m"round"[31m
                  [33mstroke-linejoin[31m=[32m"round"[31m
                  [33mstroke-width[31m=[32m"2"[31m
                  [33mviewBox[31m=[32m"0 0 24 24"[31m
                  [33mwidth[31m=[32m"24"[31m
                  [33mxmlns[31m=[32m"http://www.w3.org/2000/svg"[31m
                [36m>[31m
                  [36m<path[31m
                    [33md[31m=[32m"m6 9 6 6 6-6"[31m
                  [36m/>[31m
                [36m</svg>[31m
              [36m</button>[31m
            [36m</div>[31m
            [36m<button[31m
              [33mclass[31m=[32m"inline-flex items-center justify-center gap-2 whitespace-nowrap rounded-md text-sm font-medium ring-offset-background transition-colors focus-visible:outline-none focus-visible:ring-2 focus-visible:ring-ring focus-visible:ring-offset-2 disabled:pointer-events-none disabled:opacity-50 [&_svg]:pointer-events-none [&_svg]:size-4 [&_svg]:shrink-0 bg-primary text-primary-foreground hover:bg-primary/90 h-10 px-4 py-2"[31m
            [36m>[31m
              [36m<svg[31m
                [33mclass[31m=[32m"lucide lucide-plus h-4 w-4 mr-2"[31m
                [33mfill[31m=[32m"none"[31m
                [33mheight[31m=[32m"24"[31m
                [33mstroke[31m=[32m"currentColor"[31m
                [33mstroke-linecap[31m=[32m"round"[31m
                [33mstroke-linejoin[31m=[32m"round"[31m
                [33mstroke-width[31m=[32m"2"[31m
                [33mviewBox[31m=[32m"0 0 24 24"[31m
                [33mwidth[31m=[32m"24"[31m
                [33mxmlns[31m=[32m"http://www.w3.org/2000/svg"[31m
              [36m>[31m
                [36m<path[31m
                  [33md[31m=[32m"M5 12h14"[31m
                [36m/>[31m
                [36m<path[31m
                  [33md[31m=[32m"M12 5v14"[31m
                [36m/>[31m
              [36m</svg>[31m
              [0mNew Proposal[0m
            [36m</button>[31m
          [36m</div>[31m
          [36m<div[31m
            [33mclass[31m=[32m"grid grid-cols-1 md:grid-cols-2 lg:grid-cols-3 gap-6"[31m
          [36m/>[31m
          [36m<div[31m
            [33mclass[31m=[32m"text-center py-12"[31m
          [36m>[31m
            [36m<svg[31m
              [33mclass[31m=[32m"lucide lucide-file-text h-12 w-12 text-gray-400 mx-auto mb-4"[31m
              [33mfill[31m=[32m"none"[31m
              [33mheight[31m=[32m"24"[31m
              [33mstroke[31m=[32m"currentColor"[31m
              [33mstroke-linecap[31m=[32m"round"[31m
              [33mstroke-linejoin[31m=[32m"round"[31m
              [33mstroke-width[31m=[32m"2"[31m
              [33mviewBox[31m=[32m"0 0 24 24"[31m
              [33mwidth[31m=[32m"24"[31m
              [33mxmlns[31m=[32m"http://www.w3.org/2000/svg"[31m
            [36m>[31m
              [36m<path[31m
                [33md[31m=[32m"M15 2H6a2 2 0 0 0-2 2v16a2 2 0 0 0 2 2h12a2 2 0 0 0 2-2V7Z"[31m
              [36m/>[31m
              [36m<path[31m
                [33md[31m=[32m"M14 2v4a2 2 0 0 0 2 2h4"[31m
              [36m/>[31m
              [36m<path[31m
                [33md[31m=[32m"M10 9H8"[31m
              [36m/>[31m
              [36m<path[31m
                [33md[31m=[32m"M16 13H8"[31m
              [36m/>[31m
              [36m<path[31m
                [33md[31m=[32m"M16 17H8"[31m
              [36m/>[31m
            [36m</svg>[31m
            [36m<h3[31m
              [33mclass[31m=[32m"text-lg font-medium text-gray-900 mb-2"[31m
            [36m>[31m
              [0mNo proposals found[0m
            [36m</h3>[31m
            [36m<p[31m
              [33mclass[31m=[32m"text-gray-600 mb-4"[31m
            [36m>[31m
              [0mGet started by creating your first proposal[0m
            [36m</p>[31m
            [36m<button[31m
              [33mclass[31m=[32m"inline-flex items-center justify-center gap-2 whitespace-nowrap rounded-md text-sm font-medium ring-offset-background transition-colors focus-visible:outline-none focus-visible:ring-2 focus-visible:ring-ring focus-visible:ring-offset-2 disabled:pointer-events-none disabled:opacity-50 [&_svg]:pointer-events-none [&_svg]:size-4 [&_svg]:shrink-0 bg-primary text-primary-foreground hover:bg-primary/90 h-10 px-4 py-2"[31m
            [36m>[31m
              [36m<svg[31m
                [33mclass[31m=[32m"lucide lucide-plus h-4 w-4 mr-2"[31m
                [33mfill[31m=[32m"none"[31m
                [33mheight[31m=[32m"24"[31m
                [33mstroke[31m=[32m"currentColor"[31m
                [33mstroke-linecap[31m=[32m"round"[31m
                [33mstroke-linejoin[31m=[32m"round"[31m
                [33mstroke-width[31m=[32m"2"[31m
                [33mviewBox[31m=[32m"0 0 24 24"[31m
                [33mwidth[31m=[32m"24"[31m
                [33mxmlns[31m=[32m"http://www.w3.org/2000/svg"[31m
              [36m>[31m
                [36m<path[31m
                  [33md[31m=[32m"M5 12h14"[31m
                [36m/>[31m
                [36m<path[31m
                  [33md[31m=[32m"M12 5v14"[31m
                [36m/>[31m
              [36m</svg>[31m
              [0mCreate Proposal[0m
            [36m</button>[31m
          [36m</div>[31m
        [36m</div>[31m
      [36m</div>[31m
    [36m</div>[31m
  [36m</div>[31m
[36m</body>[31m

Ignored nodes: comments, script, style
[36m<html>[31m
  [36m<head />[31m
  [36m<body[31m
    [33mstyle[31m=[32m""[31m
  [36m>[31m
    [36m<div>[31m
      [36m<div[31m
        [33mclass[31m=[32m"p-6 max-w-7xl mx-auto"[31m
      [36m>[31m
        [36m<div[31m
          [33mclass[31m=[32m"flex items-center justify-between mb-6"[31m
        [36m>[31m
          [36m<div>[31m
            [36m<h1[31m
              [33mclass[31m=[32m"text-2xl font-bold flex items-center gap-2"[31m
            [36m>[31m
              [36m<svg[31m
                [33mclass[31m=[32m"lucide lucide-file-text h-6 w-6"[31m
                [33mfill[31m=[32m"none"[31m
                [33mheight[31m=[32m"24"[31m
                [33mstroke[31m=[32m"currentColor"[31m
                [33mstroke-linecap[31m=[32m"round"[31m
                [33mstroke-linejoin[31m=[32m"round"[31m
                [33mstroke-width[31m=[32m"2"[31m
                [33mviewBox[31m=[32m"0 0 24 24"[31m
                [33mwidth[31m=[32m"24"[31m
                [33mxmlns[31m=[32m"http://www.w3.org/2000/svg"[31m
              [36m>[31m
                [36m<path[31m
                  [33md[31m=[32m"M15 2H6a2 2 0 0 0-2 2v16a2 2 0 0 0 2 2h12a2 2 0 0 0 2-2V7Z"[31m
                [36m/>[31m
                [36m<path[31m
                  [33md[31m=[32m"M14 2v4a2 2 0 0 0 2 2h4"[31m
                [36m/>[31m
                [36m<path[31m
                  [33md[31m=[32m"M10 9H8"[31m
                [36m/>[31m
                [36m<path[31m
                  [33md[31m=[32m"M16 13H8"[31m
                [36m/>[31m
                [36m<path[31m
                  [33md[31m=[32m"M16 17H8"[31m
                [36m/>[31m
              [36m</svg>[31m
              [0mProposals & Templates[0m
            [36m</h1>[31m
            [36m<p[31m
              [33mclass[31m=[32m"text-gray-600 mt-1"[31m
            [36m>[31m
              [0mCreate, manage, and send professional proposals[0m
            [36m</p>[31m
          [36m</div>[31m
          [36m<div[31m
            [33mclass[31m=[32m"flex items-center space-x-2"[31m
          [36m>[31m
            [36m<button[31m
              [33mclass[31m=[32m"inline-flex items-center justify-center gap-2 whitespace-nowrap rounded-md text-sm font-medium ring-offset-background transition-colors focus-visible:outline-none focus-visible:ring-2 focus-visible:ring-ring focus-visible:ring-offset-2 disabled:pointer-events-none disabled:opacity-50 [&_svg]:pointer-events-none [&_svg]:size-4 [&_svg]:shrink-0 border border-input bg-background hover:bg-accent hover:text-accent-foreground h-10 px-4 py-2"[31m
            [36m>[31m
              [36m<svg[31m
                [33mclass[31m=[32m"lucide lucide-search h-4 w-4 mr-2"[31m
                [33mfill[31m=[32m"none"[31m
                [33mheight[31m=[32m"24"[31m
                [33mstroke[31m=[32m"currentColor"[31m
                [33mstroke-linecap[31m=[32m"round"[31m
                [33mstroke-linejoin[31m=[32m"round"[31m
                [33mstroke-width[31m=[32m"2"[31m
                [33mviewBox[31m=[32m"0 0 24 24"[31m
                [33mwidth[31m=[32m"24"[31m
                [33mxmlns[31m=[32m"http://www.w3.org/2000/svg"[31m
              [36m>[31m
                [36m<circle[31m
                  [33mcx[31m=[32m"11"[31m
                  [33mcy[31m=[32m"11"[31m
                  [33mr[31m=[32m"8"[31m
                [36m/>[31m
                [36m<path[31m
                  [33md[31m=[32m"m21 21-4.3-4.3"[31m
                [36m/>[31m
              [36m</svg>[31m
              [0mRefresh[0m
            [36m</button>[31m
          [36m</div>[31m
        [36m</div>[31m
        [36m<div[31m
          [33mclass[31m=[32m"w-full"[31m
        [36m>[31m
          [36m<div[31m
            [33mclass[31m=[32m"h-10 items-center justify-center rounded-md bg-gray-100 p-1 text-gray-500 grid w-full grid-cols-2"[31m
          [36m>[31m
            [36m<button[31m
              [33mclass[31m=[32m"inline-flex items-center justify-center whitespace-nowrap rounded-sm px-3 py-1.5 text-sm font-medium transition-all focus-visible:outline-none focus-visible:ring-2 focus-visible:ring-blue-500 focus-visible:ring-offset-2 disabled:pointer-events-none disabled:opacity-50 bg-white text-gray-900 shadow-sm"[31m
            [36m>[31m
              [0mProposals ([0m
              [0m0[0m
              [0m)[0m
            [36m</button>[31m
            [36m<button[31m
              [33mclass[31m=[32m"inline-flex items-center justify-center whitespace-nowrap rounded-sm px-3 py-1.5 text-sm font-medium transition-all focus-visible:outline-none focus-visible:ring-2 focus-visible:ring-blue-500 focus-visible:ring-offset-2 disabled:pointer-events-none disabled:opacity-50 text-gray-600 hover:text-gray-900"[31m
            [36m>[31m
              [0mTemplates ([0m
              [0m0[0m
              [0m)[0m
            [36m</button>[31m
          [36m</div>[31m
          [36m<div[31m
            [33mclass[31m=[32m"mt-2 focus-visible:outline-none focus-visible:ring-2 focus-visible:ring-blue-500 focus-visible:ring-offset-2 space-y-6"[31m
          [36m>[31m
            [36m<div[31m
              [33mclass[31m=[32m"flex items-center justify-between"[31m
            [36m>[31m
              [36m<div[31m
                [33mclass[31m=[32m"flex items-center space-x-4"[31m
              [36m>[31m
                [36m<div[31m
                  [33mclass[31m=[32m"relative"[31m
                [36m>[31m
                  [36m<svg[31m
                    [33mclass[31m=[32m"lucide lucide-search absolute left-3 top-1/2 transform -translate-y-1/2 text-gray-400 h-4 w-4"[31m
                    [33mfill[31m=[32m"none"[31m
                    [33mheight[31m=[32m"24"[31m
                    [33mstroke[31m=[32m"currentColor"[31m
                    [33mstroke-linecap[31m=[32m"round"[31m
                    [33mstroke-linejoin[31m=[32m"round"[31m
                    [33mstroke-width[31m=[32m"2"[31m
                    [33mviewBox[31m=[32m"0 0 24 24"[31m
                    [33mwidth[31m=[32m"24"[31m
                    [33mxmlns[31m=[32m"http://www.w3.org/2000/svg"[31m
                  [36m>[31m
                    [36m<circle[31m
                      [33mcx[31m=[32m"11"[31m
                      [33mcy[31m=[32m"11"[31m
                      [33mr[31m=[32m"8"[31m
                    [36m/>[31m
                    [36m<path[31m
                      [33md[31m=[32m"m21 21-4.3-4.3"[31m
                    [36m/>[31m
                  [36m</svg>[31m
                  [36m<input[31m
                    [33mclass[31m=[32m"flex h-10 rounded-md border border-input bg-background px-3 p...[39m
[31m   [31m×[31m Proposals[2m > [22mopens view modal when view button is clicked[39m[33m 1040[2mms[22m[39m
[31m     → Unable to find an element with the text: View. This could be because the text is broken up by multiple elements. In this case, you can provide a function for your text matcher to make your matcher more flexible.

Ignored nodes: comments, script, style
[36m<body[31m
  [33mstyle[31m=[32m""[31m
[36m>[31m
  [36m<div>[31m
    [36m<div[31m
      [33mclass[31m=[32m"p-6 max-w-7xl mx-auto"[31m
    [36m>[31m
      [36m<div[31m
        [33mclass[31m=[32m"flex items-center justify-between mb-6"[31m
      [36m>[31m
        [36m<div>[31m
          [36m<h1[31m
            [33mclass[31m=[32m"text-2xl font-bold flex items-center gap-2"[31m
          [36m>[31m
            [36m<svg[31m
              [33mclass[31m=[32m"lucide lucide-file-text h-6 w-6"[31m
              [33mfill[31m=[32m"none"[31m
              [33mheight[31m=[32m"24"[31m
              [33mstroke[31m=[32m"currentColor"[31m
              [33mstroke-linecap[31m=[32m"round"[31m
              [33mstroke-linejoin[31m=[32m"round"[31m
              [33mstroke-width[31m=[32m"2"[31m
              [33mviewBox[31m=[32m"0 0 24 24"[31m
              [33mwidth[31m=[32m"24"[31m
              [33mxmlns[31m=[32m"http://www.w3.org/2000/svg"[31m
            [36m>[31m
              [36m<path[31m
                [33md[31m=[32m"M15 2H6a2 2 0 0 0-2 2v16a2 2 0 0 0 2 2h12a2 2 0 0 0 2-2V7Z"[31m
              [36m/>[31m
              [36m<path[31m
                [33md[31m=[32m"M14 2v4a2 2 0 0 0 2 2h4"[31m
              [36m/>[31m
              [36m<path[31m
                [33md[31m=[32m"M10 9H8"[31m
              [36m/>[31m
              [36m<path[31m
                [33md[31m=[32m"M16 13H8"[31m
              [36m/>[31m
              [36m<path[31m
                [33md[31m=[32m"M16 17H8"[31m
              [36m/>[31m
            [36m</svg>[31m
            [0mProposals & Templates[0m
          [36m</h1>[31m
          [36m<p[31m
            [33mclass[31m=[32m"text-gray-600 mt-1"[31m
          [36m>[31m
            [0mCreate, manage, and send professional proposals[0m
          [36m</p>[31m
        [36m</div>[31m
        [36m<div[31m
          [33mclass[31m=[32m"flex items-center space-x-2"[31m
        [36m>[31m
          [36m<button[31m
            [33mclass[31m=[32m"inline-flex items-center justify-center gap-2 whitespace-nowrap rounded-md text-sm font-medium ring-offset-background transition-colors focus-visible:outline-none focus-visible:ring-2 focus-visible:ring-ring focus-visible:ring-offset-2 disabled:pointer-events-none disabled:opacity-50 [&_svg]:pointer-events-none [&_svg]:size-4 [&_svg]:shrink-0 border border-input bg-background hover:bg-accent hover:text-accent-foreground h-10 px-4 py-2"[31m
          [36m>[31m
            [36m<svg[31m
              [33mclass[31m=[32m"lucide lucide-search h-4 w-4 mr-2"[31m
              [33mfill[31m=[32m"none"[31m
              [33mheight[31m=[32m"24"[31m
              [33mstroke[31m=[32m"currentColor"[31m
              [33mstroke-linecap[31m=[32m"round"[31m
              [33mstroke-linejoin[31m=[32m"round"[31m
              [33mstroke-width[31m=[32m"2"[31m
              [33mviewBox[31m=[32m"0 0 24 24"[31m
              [33mwidth[31m=[32m"24"[31m
              [33mxmlns[31m=[32m"http://www.w3.org/2000/svg"[31m
            [36m>[31m
              [36m<circle[31m
                [33mcx[31m=[32m"11"[31m
                [33mcy[31m=[32m"11"[31m
                [33mr[31m=[32m"8"[31m
              [36m/>[31m
              [36m<path[31m
                [33md[31m=[32m"m21 21-4.3-4.3"[31m
              [36m/>[31m
            [36m</svg>[31m
            [0mRefresh[0m
          [36m</button>[31m
        [36m</div>[31m
      [36m</div>[31m
      [36m<div[31m
        [33mclass[31m=[32m"w-full"[31m
      [36m>[31m
        [36m<div[31m
          [33mclass[31m=[32m"h-10 items-center justify-center rounded-md bg-gray-100 p-1 text-gray-500 grid w-full grid-cols-2"[31m
        [36m>[31m
          [36m<button[31m
            [33mclass[31m=[32m"inline-flex items-center justify-center whitespace-nowrap rounded-sm px-3 py-1.5 text-sm font-medium transition-all focus-visible:outline-none focus-visible:ring-2 focus-visible:ring-blue-500 focus-visible:ring-offset-2 disabled:pointer-events-none disabled:opacity-50 bg-white text-gray-900 shadow-sm"[31m
          [36m>[31m
            [0mProposals ([0m
            [0m0[0m
            [0m)[0m
          [36m</button>[31m
          [36m<button[31m
            [33mclass[31m=[32m"inline-flex items-center justify-center whitespace-nowrap rounded-sm px-3 py-1.5 text-sm font-medium transition-all focus-visible:outline-none focus-visible:ring-2 focus-visible:ring-blue-500 focus-visible:ring-offset-2 disabled:pointer-events-none disabled:opacity-50 text-gray-600 hover:text-gray-900"[31m
          [36m>[31m
            [0mTemplates ([0m
            [0m0[0m
            [0m)[0m
          [36m</button>[31m
        [36m</div>[31m
        [36m<div[31m
          [33mclass[31m=[32m"mt-2 focus-visible:outline-none focus-visible:ring-2 focus-visible:ring-blue-500 focus-visible:ring-offset-2 space-y-6"[31m
        [36m>[31m
          [36m<div[31m
            [33mclass[31m=[32m"flex items-center justify-between"[31m
          [36m>[31m
            [36m<div[31m
              [33mclass[31m=[32m"flex items-center space-x-4"[31m
            [36m>[31m
              [36m<div[31m
                [33mclass[31m=[32m"relative"[31m
              [36m>[31m
                [36m<svg[31m
                  [33mclass[31m=[32m"lucide lucide-search absolute left-3 top-1/2 transform -translate-y-1/2 text-gray-400 h-4 w-4"[31m
                  [33mfill[31m=[32m"none"[31m
                  [33mheight[31m=[32m"24"[31m
                  [33mstroke[31m=[32m"currentColor"[31m
                  [33mstroke-linecap[31m=[32m"round"[31m
                  [33mstroke-linejoin[31m=[32m"round"[31m
                  [33mstroke-width[31m=[32m"2"[31m
                  [33mviewBox[31m=[32m"0 0 24 24"[31m
                  [33mwidth[31m=[32m"24"[31m
                  [33mxmlns[31m=[32m"http://www.w3.org/2000/svg"[31m
                [36m>[31m
                  [36m<circle[31m
                    [33mcx[31m=[32m"11"[31m
                    [33mcy[31m=[32m"11"[31m
                    [33mr[31m=[32m"8"[31m
                  [36m/>[31m
                  [36m<path[31m
                    [33md[31m=[32m"m21 21-4.3-4.3"[31m
                  [36m/>[31m
                [36m</svg>[31m
                [36m<input[31m
                  [33mclass[31m=[32m"flex h-10 rounded-md border border-input bg-background px-3 py-2 text-sm ring-offset-background file:border-0 file:bg-transparent file:text-sm file:font-medium placeholder:text-muted-foreground focus-visible:outline-none focus-visible:ring-2 focus-visible:ring-ring focus-visible:ring-offset-2 disabled:cursor-not-allowed disabled:opacity-50 pl-10 w-64"[31m
                  [33mplaceholder[31m=[32m"Search proposals..."[31m
                  [33mvalue[31m=[32m""[31m
                [36m/>[31m
              [36m</div>[31m
              [36m<button[31m
                [33maria-autocomplete[31m=[32m"none"[31m
                [33maria-controls[31m=[32m"radix-:r2d:"[31m
                [33maria-expanded[31m=[32m"false"[31m
                [33mclass[31m=[32m"flex h-10 items-center justify-between rounded-md border border-input bg-background px-3 py-2 text-sm ring-offset-background data-[placeholder]:text-muted-foreground focus:outline-none focus:ring-2 focus:ring-ring focus:ring-offset-2 disabled:cursor-not-allowed disabled:opacity-50 [&>span]:line-clamp-1 w-40"[31m
                [33mdata-state[31m=[32m"closed"[31m
                [33mdir[31m=[32m"ltr"[31m
                [33mrole[31m=[32m"combobox"[31m
                [33mtype[31m=[32m"button"[31m
              [36m>[31m
                [36m<svg[31m
                  [33mclass[31m=[32m"lucide lucide-filter h-4 w-4 mr-2"[31m
                  [33mfill[31m=[32m"none"[31m
                  [33mheight[31m=[32m"24"[31m
                  [33mstroke[31m=[32m"currentColor"[31m
                  [33mstroke-linecap[31m=[32m"round"[31m
                  [33mstroke-linejoin[31m=[32m"round"[31m
                  [33mstroke-width[31m=[32m"2"[31m
                  [33mviewBox[31m=[32m"0 0 24 24"[31m
                  [33mwidth[31m=[32m"24"[31m
                  [33mxmlns[31m=[32m"http://www.w3.org/2000/svg"[31m
                [36m>[31m
                  [36m<polygon[31m
                    [33mpoints[31m=[32m"22 3 2 3 10 12.46 10 19 14 21 14 12.46 22 3"[31m
                  [36m/>[31m
                [36m</svg>[31m
                [36m<span[31m
                  [33mstyle[31m=[32m"pointer-events: none;"[31m
                [36m>[31m
                  [0mAll Status[0m
                [36m</span>[31m
                [36m<svg[31m
                  [33maria-hidden[31m=[32m"true"[31m
                  [33mclass[31m=[32m"lucide lucide-chevron-down h-4 w-4 opacity-50"[31m
                  [33mfill[31m=[32m"none"[31m
                  [33mheight[31m=[32m"24"[31m
                  [33mstroke[31m=[32m"currentColor"[31m
                  [33mstroke-linecap[31m=[32m"round"[31m
                  [33mstroke-linejoin[31m=[32m"round"[31m
                  [33mstroke-width[31m=[32m"2"[31m
                  [33mviewBox[31m=[32m"0 0 24 24"[31m
                  [33mwidth[31m=[32m"24"[31m
                  [33mxmlns[31m=[32m"http://www.w3.org/2000/svg"[31m
                [36m>[31m
                  [36m<path[31m
                    [33md[31m=[32m"m6 9 6 6 6-6"[31m
                  [36m/>[31m
                [36m</svg>[31m
              [36m</button>[31m
            [36m</div>[31m
            [36m<button[31m
              [33mclass[31m=[32m"inline-flex items-center justify-center gap-2 whitespace-nowrap rounded-md text-sm font-medium ring-offset-background transition-colors focus-visible:outline-none focus-visible:ring-2 focus-visible:ring-ring focus-visible:ring-offset-2 disabled:pointer-events-none disabled:opacity-50 [&_svg]:pointer-events-none [&_svg]:size-4 [&_svg]:shrink-0 bg-primary text-primary-foreground hover:bg-primary/90 h-10 px-4 py-2"[31m
            [36m>[31m
              [36m<svg[31m
                [33mclass[31m=[32m"lucide lucide-plus h-4 w-4 mr-2"[31m
                [33mfill[31m=[32m"none"[31m
                [33mheight[31m=[32m"24"[31m
                [33mstroke[31m=[32m"currentColor"[31m
                [33mstroke-linecap[31m=[32m"round"[31m
                [33mstroke-linejoin[31m=[32m"round"[31m
                [33mstroke-width[31m=[32m"2"[31m
                [33mviewBox[31m=[32m"0 0 24 24"[31m
                [33mwidth[31m=[32m"24"[31m
                [33mxmlns[31m=[32m"http://www.w3.org/2000/svg"[31m
              [36m>[31m
                [36m<path[31m
                  [33md[31m=[32m"M5 12h14"[31m
                [36m/>[31m
                [36m<path[31m
                  [33md[31m=[32m"M12 5v14"[31m
                [36m/>[31m
              [36m</svg>[31m
              [0mNew Proposal[0m
            [36m</button>[31m
          [36m</div>[31m
          [36m<div[31m
            [33mclass[31m=[32m"grid grid-cols-1 md:grid-cols-2 lg:grid-cols-3 gap-6"[31m
          [36m/>[31m
          [36m<div[31m
            [33mclass[31m=[32m"text-center py-12"[31m
          [36m>[31m
            [36m<svg[31m
              [33mclass[31m=[32m"lucide lucide-file-text h-12 w-12 text-gray-400 mx-auto mb-4"[31m
              [33mfill[31m=[32m"none"[31m
              [33mheight[31m=[32m"24"[31m
              [33mstroke[31m=[32m"currentColor"[31m
              [33mstroke-linecap[31m=[32m"round"[31m
              [33mstroke-linejoin[31m=[32m"round"[31m
              [33mstroke-width[31m=[32m"2"[31m
              [33mviewBox[31m=[32m"0 0 24 24"[31m
              [33mwidth[31m=[32m"24"[31m
              [33mxmlns[31m=[32m"http://www.w3.org/2000/svg"[31m
            [36m>[31m
              [36m<path[31m
                [33md[31m=[32m"M15 2H6a2 2 0 0 0-2 2v16a2 2 0 0 0 2 2h12a2 2 0 0 0 2-2V7Z"[31m
              [36m/>[31m
              [36m<path[31m
                [33md[31m=[32m"M14 2v4a2 2 0 0 0 2 2h4"[31m
              [36m/>[31m
              [36m<path[31m
                [33md[31m=[32m"M10 9H8"[31m
              [36m/>[31m
              [36m<path[31m
                [33md[31m=[32m"M16 13H8"[31m
              [36m/>[31m
              [36m<path[31m
                [33md[31m=[32m"M16 17H8"[31m
              [36m/>[31m
            [36m</svg>[31m
            [36m<h3[31m
              [33mclass[31m=[32m"text-lg font-medium text-gray-900 mb-2"[31m
            [36m>[31m
              [0mNo proposals found[0m
            [36m</h3>[31m
            [36m<p[31m
              [33mclass[31m=[32m"text-gray-600 mb-4"[31m
            [36m>[31m
              [0mGet started by creating your first proposal[0m
            [36m</p>[31m
            [36m<button[31m
              [33mclass[31m=[32m"inline-flex items-center justify-center gap-2 whitespace-nowrap rounded-md text-sm font-medium ring-offset-background transition-colors focus-visible:outline-none focus-visible:ring-2 focus-visible:ring-ring focus-visible:ring-offset-2 disabled:pointer-events-none disabled:opacity-50 [&_svg]:pointer-events-none [&_svg]:size-4 [&_svg]:shrink-0 bg-primary text-primary-foreground hover:bg-primary/90 h-10 px-4 py-2"[31m
            [36m>[31m
              [36m<svg[31m
                [33mclass[31m=[32m"lucide lucide-plus h-4 w-4 mr-2"[31m
                [33mfill[31m=[32m"none"[31m
                [33mheight[31m=[32m"24"[31m
                [33mstroke[31m=[32m"currentColor"[31m
                [33mstroke-linecap[31m=[32m"round"[31m
                [33mstroke-linejoin[31m=[32m"round"[31m
                [33mstroke-width[31m=[32m"2"[31m
                [33mviewBox[31m=[32m"0 0 24 24"[31m
                [33mwidth[31m=[32m"24"[31m
                [33mxmlns[31m=[32m"http://www.w3.org/2000/svg"[31m
              [36m>[31m
                [36m<path[31m
                  [33md[31m=[32m"M5 12h14"[31m
                [36m/>[31m
                [36m<path[31m
                  [33md[31m=[32m"M12 5v14"[31m
                [36m/>[31m
              [36m</svg>[31m
              [0mCreate Proposal[0m
            [36m</button>[31m
          [36m</div>[31m
        [36m</div>[31m
      [36m</div>[31m
    [36m</div>[31m
  [36m</div>[31m
[36m</body>[31m

Ignored nodes: comments, script, style
[36m<html>[31m
  [36m<head />[31m
  [36m<body[31m
    [33mstyle[31m=[32m""[31m
  [36m>[31m
    [36m<div>[31m
      [36m<div[31m
        [33mclass[31m=[32m"p-6 max-w-7xl mx-auto"[31m
      [36m>[31m
        [36m<div[31m
          [33mclass[31m=[32m"flex items-center justify-between mb-6"[31m
        [36m>[31m
          [36m<div>[31m
            [36m<h1[31m
              [33mclass[31m=[32m"text-2xl font-bold flex items-center gap-2"[31m
            [36m>[31m
              [36m<svg[31m
                [33mclass[31m=[32m"lucide lucide-file-text h-6 w-6"[31m
                [33mfill[31m=[32m"none"[31m
                [33mheight[31m=[32m"24"[31m
                [33mstroke[31m=[32m"currentColor"[31m
                [33mstroke-linecap[31m=[32m"round"[31m
                [33mstroke-linejoin[31m=[32m"round"[31m
                [33mstroke-width[31m=[32m"2"[31m
                [33mviewBox[31m=[32m"0 0 24 24"[31m
                [33mwidth[31m=[32m"24"[31m
                [33mxmlns[31m=[32m"http://www.w3.org/2000/svg"[31m
              [36m>[31m
                [36m<path[31m
                  [33md[31m=[32m"M15 2H6a2 2 0 0 0-2 2v16a2 2 0 0 0 2 2h12a2 2 0 0 0 2-2V7Z"[31m
                [36m/>[31m
                [36m<path[31m
                  [33md[31m=[32m"M14 2v4a2 2 0 0 0 2 2h4"[31m
                [36m/>[31m
                [36m<path[31m
                  [33md[31m=[32m"M10 9H8"[31m
                [36m/>[31m
                [36m<path[31m
                  [33md[31m=[32m"M16 13H8"[31m
                [36m/>[31m
                [36m<path[31m
                  [33md[31m=[32m"M16 17H8"[31m
                [36m/>[31m
              [36m</svg>[31m
              [0mProposals & Templates[0m
            [36m</h1>[31m
            [36m<p[31m
              [33mclass[31m=[32m"text-gray-600 mt-1"[31m
            [36m>[31m
              [0mCreate, manage, and send professional proposals[0m
            [36m</p>[31m
          [36m</div>[31m
          [36m<div[31m
            [33mclass[31m=[32m"flex items-center space-x-2"[31m
          [36m>[31m
            [36m<button[31m
              [33mclass[31m=[32m"inline-flex items-center justify-center gap-2 whitespace-nowrap rounded-md text-sm font-medium ring-offset-background transition-colors focus-visible:outline-none focus-visible:ring-2 focus-visible:ring-ring focus-visible:ring-offset-2 disabled:pointer-events-none disabled:opacity-50 [&_svg]:pointer-events-none [&_svg]:size-4 [&_svg]:shrink-0 border border-input bg-background hover:bg-accent hover:text-accent-foreground h-10 px-4 py-2"[31m
            [36m>[31m
              [36m<svg[31m
                [33mclass[31m=[32m"lucide lucide-search h-4 w-4 mr-2"[31m
                [33mfill[31m=[32m"none"[31m
                [33mheight[31m=[32m"24"[31m
                [33mstroke[31m=[32m"currentColor"[31m
                [33mstroke-linecap[31m=[32m"round"[31m
                [33mstroke-linejoin[31m=[32m"round"[31m
                [33mstroke-width[31m=[32m"2"[31m
                [33mviewBox[31m=[32m"0 0 24 24"[31m
                [33mwidth[31m=[32m"24"[31m
                [33mxmlns[31m=[32m"http://www.w3.org/2000/svg"[31m
              [36m>[31m
                [36m<circle[31m
                  [33mcx[31m=[32m"11"[31m
                  [33mcy[31m=[32m"11"[31m
                  [33mr[31m=[32m"8"[31m
                [36m/>[31m
                [36m<path[31m
                  [33md[31m=[32m"m21 21-4.3-4.3"[31m
                [36m/>[31m
              [36m</svg>[31m
              [0mRefresh[0m
            [36m</button>[31m
          [36m</div>[31m
        [36m</div>[31m
        [36m<div[31m
          [33mclass[31m=[32m"w-full"[31m
        [36m>[31m
          [36m<div[31m
            [33mclass[31m=[32m"h-10 items-center justify-center rounded-md bg-gray-100 p-1 text-gray-500 grid w-full grid-cols-2"[31m
          [36m>[31m
            [36m<button[31m
              [33mclass[31m=[32m"inline-flex items-center justify-center whitespace-nowrap rounded-sm px-3 py-1.5 text-sm font-medium transition-all focus-visible:outline-none focus-visible:ring-2 focus-visible:ring-blue-500 focus-visible:ring-offset-2 disabled:pointer-events-none disabled:opacity-50 bg-white text-gray-900 shadow-sm"[31m
            [36m>[31m
              [0mProposals ([0m
              [0m0[0m
              [0m)[0m
            [36m</button>[31m
            [36m<button[31m
              [33mclass[31m=[32m"inline-flex items-center justify-center whitespace-nowrap rounded-sm px-3 py-1.5 text-sm font-medium transition-all focus-visible:outline-none focus-visible:ring-2 focus-visible:ring-blue-500 focus-visible:ring-offset-2 disabled:pointer-events-none disabled:opacity-50 text-gray-600 hover:text-gray-900"[31m
            [36m>[31m
              [0mTemplates ([0m
              [0m0[0m
              [0m)[0m
            [36m</button>[31m
          [36m</div>[31m
          [36m<div[31m
            [33mclass[31m=[32m"mt-2 focus-visible:outline-none focus-visible:ring-2 focus-visible:ring-blue-500 focus-visible:ring-offset-2 space-y-6"[31m
          [36m>[31m
            [36m<div[31m
              [33mclass[31m=[32m"flex items-center justify-between"[31m
            [36m>[31m
              [36m<div[31m
                [33mclass[31m=[32m"flex items-center space-x-4"[31m
              [36m>[31m
                [36m<div[31m
                  [33mclass[31m=[32m"relative"[31m
                [36m>[31m
                  [36m<svg[31m
                    [33mclass[31m=[32m"lucide lucide-search absolute left-3 top-1/2 transform -translate-y-1/2 text-gray-400 h-4 w-4"[31m
                    [33mfill[31m=[32m"none"[31m
                    [33mheight[31m=[32m"24"[31m
                    [33mstroke[31m=[32m"currentColor"[31m
                    [33mstroke-linecap[31m=[32m"round"[31m
                    [33mstroke-linejoin[31m=[32m"round"[31m
                    [33mstroke-width[31m=[32m"2"[31m
                    [33mviewBox[31m=[32m"0 0 24 24"[31m
                    [33mwidth[31m=[32m"24"[31m
                    [33mxmlns[31m=[32m"http://www.w3.org/2000/svg"[31m
                  [36m>[31m
                    [36m<circle[31m
                      [33mcx[31m=[32m"11"[31m
                      [33mcy[31m=[32m"11"[31m
                      [33mr[31m=[32m"8"[31m
                    [36m/>[31m
                    [36m<path[31m
                      [33md[31m=[32m"m21 21-4.3-4.3"[31m
                    [36m/>[31m
                  [36m</svg>[31m
                  [36m<input[31m
                    [33mclass[31m=[32m"flex h-10 rounded-md border border-input bg-background px-3 p...[39m
[31m   [31m×[31m Proposals[2m > [22mhandles proposal creation successfully[39m[33m 405[2mms[22m[39m
[31m     → Unable to find an element with the placeholder text of: Enter proposal title

Ignored nodes: comments, script, style
[36m<body[31m
  [33mdata-scroll-locked[31m=[32m"1"[31m
  [33mstyle[31m=[32m"pointer-events: none;"[31m
[36m>[31m
  [36m<span[31m
    [33maria-hidden[31m=[32m"true"[31m
    [33mdata-aria-hidden[31m=[32m"true"[31m
    [33mdata-radix-focus-guard[31m=[32m""[31m
    [33mstyle[31m=[32m"outline: none; opacity: 0; position: fixed; pointer-events: none;"[31m
    [33mtabindex[31m=[32m"0"[31m
  [36m/>[31m
  [36m<div[31m
    [33maria-hidden[31m=[32m"true"[31m
    [33mdata-aria-hidden[31m=[32m"true"[31m
  [36m>[31m
    [36m<div[31m
      [33mclass[31m=[32m"p-6 max-w-7xl mx-auto"[31m
    [36m>[31m
      [36m<div[31m
        [33mclass[31m=[32m"flex items-center justify-between mb-6"[31m
      [36m>[31m
        [36m<div>[31m
          [36m<h1[31m
            [33mclass[31m=[32m"text-2xl font-bold flex items-center gap-2"[31m
          [36m>[31m
            [36m<svg[31m
              [33mclass[31m=[32m"lucide lucide-file-text h-6 w-6"[31m
              [33mfill[31m=[32m"none"[31m
              [33mheight[31m=[32m"24"[31m
              [33mstroke[31m=[32m"currentColor"[31m
              [33mstroke-linecap[31m=[32m"round"[31m
              [33mstroke-linejoin[31m=[32m"round"[31m
              [33mstroke-width[31m=[32m"2"[31m
              [33mviewBox[31m=[32m"0 0 24 24"[31m
              [33mwidth[31m=[32m"24"[31m
              [33mxmlns[31m=[32m"http://www.w3.org/2000/svg"[31m
            [36m>[31m
              [36m<path[31m
                [33md[31m=[32m"M15 2H6a2 2 0 0 0-2 2v16a2 2 0 0 0 2 2h12a2 2 0 0 0 2-2V7Z"[31m
              [36m/>[31m
              [36m<path[31m
                [33md[31m=[32m"M14 2v4a2 2 0 0 0 2 2h4"[31m
              [36m/>[31m
              [36m<path[31m
                [33md[31m=[32m"M10 9H8"[31m
              [36m/>[31m
              [36m<path[31m
                [33md[31m=[32m"M16 13H8"[31m
              [36m/>[31m
              [36m<path[31m
                [33md[31m=[32m"M16 17H8"[31m
              [36m/>[31m
            [36m</svg>[31m
            [0mProposals & Templates[0m
          [36m</h1>[31m
          [36m<p[31m
            [33mclass[31m=[32m"text-gray-600 mt-1"[31m
          [36m>[31m
            [0mCreate, manage, and send professional proposals[0m
          [36m</p>[31m
        [36m</div>[31m
        [36m<div[31m
          [33mclass[31m=[32m"flex items-center space-x-2"[31m
        [36m>[31m
          [36m<button[31m
            [33mclass[31m=[32m"inline-flex items-center justify-center gap-2 whitespace-nowrap rounded-md text-sm font-medium ring-offset-background transition-colors focus-visible:outline-none focus-visible:ring-2 focus-visible:ring-ring focus-visible:ring-offset-2 disabled:pointer-events-none disabled:opacity-50 [&_svg]:pointer-events-none [&_svg]:size-4 [&_svg]:shrink-0 border border-input bg-background hover:bg-accent hover:text-accent-foreground h-10 px-4 py-2"[31m
          [36m>[31m
            [36m<svg[31m
              [33mclass[31m=[32m"lucide lucide-search h-4 w-4 mr-2"[31m
              [33mfill[31m=[32m"none"[31m
              [33mheight[31m=[32m"24"[31m
              [33mstroke[31m=[32m"currentColor"[31m
              [33mstroke-linecap[31m=[32m"round"[31m
              [33mstroke-linejoin[31m=[32m"round"[31m
              [33mstroke-width[31m=[32m"2"[31m
              [33mviewBox[31m=[32m"0 0 24 24"[31m
              [33mwidth[31m=[32m"24"[31m
              [33mxmlns[31m=[32m"http://www.w3.org/2000/svg"[31m
            [36m>[31m
              [36m<circle[31m
                [33mcx[31m=[32m"11"[31m
                [33mcy[31m=[32m"11"[31m
                [33mr[31m=[32m"8"[31m
              [36m/>[31m
              [36m<path[31m
                [33md[31m=[32m"m21 21-4.3-4.3"[31m
              [36m/>[31m
            [36m</svg>[31m
            [0mRefresh[0m
          [36m</button>[31m
        [36m</div>[31m
      [36m</div>[31m
      [36m<div[31m
        [33mclass[31m=[32m"w-full"[31m
      [36m>[31m
        [36m<div[31m
          [33mclass[31m=[32m"h-10 items-center justify-center rounded-md bg-gray-100 p-1 text-gray-500 grid w-full grid-cols-2"[31m
        [36m>[31m
          [36m<button[31m
            [33mclass[31m=[32m"inline-flex items-center justify-center whitespace-nowrap rounded-sm px-3 py-1.5 text-sm font-medium transition-all focus-visible:outline-none focus-visible:ring-2 focus-visible:ring-blue-500 focus-visible:ring-offset-2 disabled:pointer-events-none disabled:opacity-50 bg-white text-gray-900 shadow-sm"[31m
          [36m>[31m
            [0mProposals ([0m
            [0m0[0m
            [0m)[0m
          [36m</button>[31m
          [36m<button[31m
            [33mclass[31m=[32m"inline-flex items-center justify-center whitespace-nowrap rounded-sm px-3 py-1.5 text-sm font-medium transition-all focus-visible:outline-none focus-visible:ring-2 focus-visible:ring-blue-500 focus-visible:ring-offset-2 disabled:pointer-events-none disabled:opacity-50 text-gray-600 hover:text-gray-900"[31m
          [36m>[31m
            [0mTemplates ([0m
            [0m0[0m
            [0m)[0m
          [36m</button>[31m
        [36m</div>[31m
        [36m<div[31m
          [33mclass[31m=[32m"mt-2 focus-visible:outline-none focus-visible:ring-2 focus-visible:ring-blue-500 focus-visible:ring-offset-2 space-y-6"[31m
        [36m>[31m
          [36m<div[31m
            [33mclass[31m=[32m"flex items-center justify-between"[31m
          [36m>[31m
            [36m<div[31m
              [33mclass[31m=[32m"flex items-center space-x-4"[31m
            [36m>[31m
              [36m<div[31m
                [33mclass[31m=[32m"relative"[31m
              [36m>[31m
                [36m<svg[31m
                  [33mclass[31m=[32m"lucide lucide-search absolute left-3 top-1/2 transform -translate-y-1/2 text-gray-400 h-4 w-4"[31m
                  [33mfill[31m=[32m"none"[31m
                  [33mheight[31m=[32m"24"[31m
                  [33mstroke[31m=[32m"currentColor"[31m
                  [33mstroke-linecap[31m=[32m"round"[31m
                  [33mstroke-linejoin[31m=[32m"round"[31m
                  [33mstroke-width[31m=[32m"2"[31m
                  [33mviewBox[31m=[32m"0 0 24 24"[31m
                  [33mwidth[31m=[32m"24"[31m
                  [33mxmlns[31m=[32m"http://www.w3.org/2000/svg"[31m
                [36m>[31m
                  [36m<circle[31m
                    [33mcx[31m=[32m"11"[31m
                    [33mcy[31m=[32m"11"[31m
                    [33mr[31m=[32m"8"[31m
                  [36m/>[31m
                  [36m<path[31m
                    [33md[31m=[32m"m21 21-4.3-4.3"[31m
                  [36m/>[31m
...[39m
[31m   [31m×[31m Proposals[2m > [22mhandles proposal update successfully[39m[33m 1022[2mms[22m[39m
[31m     → Unable to find an element with the text: Edit. This could be because the text is broken up by multiple elements. In this case, you can provide a function for your text matcher to make your matcher more flexible.

Ignored nodes: comments, script, style
[36m<body[31m
  [33mstyle[31m=[32m""[31m
[36m>[31m
  [36m<div>[31m
    [36m<div[31m
      [33mclass[31m=[32m"p-6 max-w-7xl mx-auto"[31m
    [36m>[31m
      [36m<div[31m
        [33mclass[31m=[32m"flex items-center justify-between mb-6"[31m
      [36m>[31m
        [36m<div>[31m
          [36m<h1[31m
            [33mclass[31m=[32m"text-2xl font-bold flex items-center gap-2"[31m
          [36m>[31m
            [36m<svg[31m
              [33mclass[31m=[32m"lucide lucide-file-text h-6 w-6"[31m
              [33mfill[31m=[32m"none"[31m
              [33mheight[31m=[32m"24"[31m
              [33mstroke[31m=[32m"currentColor"[31m
              [33mstroke-linecap[31m=[32m"round"[31m
              [33mstroke-linejoin[31m=[32m"round"[31m
              [33mstroke-width[31m=[32m"2"[31m
              [33mviewBox[31m=[32m"0 0 24 24"[31m
              [33mwidth[31m=[32m"24"[31m
              [33mxmlns[31m=[32m"http://www.w3.org/2000/svg"[31m
            [36m>[31m
              [36m<path[31m
                [33md[31m=[32m"M15 2H6a2 2 0 0 0-2 2v16a2 2 0 0 0 2 2h12a2 2 0 0 0 2-2V7Z"[31m
              [36m/>[31m
              [36m<path[31m
                [33md[31m=[32m"M14 2v4a2 2 0 0 0 2 2h4"[31m
              [36m/>[31m
              [36m<path[31m
                [33md[31m=[32m"M10 9H8"[31m
              [36m/>[31m
              [36m<path[31m
                [33md[31m=[32m"M16 13H8"[31m
              [36m/>[31m
              [36m<path[31m
                [33md[31m=[32m"M16 17H8"[31m
              [36m/>[31m
            [36m</svg>[31m
            [0mProposals & Templates[0m
          [36m</h1>[31m
          [36m<p[31m
            [33mclass[31m=[32m"text-gray-600 mt-1"[31m
          [36m>[31m
            [0mCreate, manage, and send professional proposals[0m
          [36m</p>[31m
        [36m</div>[31m
        [36m<div[31m
          [33mclass[31m=[32m"flex items-center space-x-2"[31m
        [36m>[31m
          [36m<button[31m
            [33mclass[31m=[32m"inline-flex items-center justify-center gap-2 whitespace-nowrap rounded-md text-sm font-medium ring-offset-background transition-colors focus-visible:outline-none focus-visible:ring-2 focus-visible:ring-ring focus-visible:ring-offset-2 disabled:pointer-events-none disabled:opacity-50 [&_svg]:pointer-events-none [&_svg]:size-4 [&_svg]:shrink-0 border border-input bg-background hover:bg-accent hover:text-accent-foreground h-10 px-4 py-2"[31m
          [36m>[31m
            [36m<svg[31m
              [33mclass[31m=[32m"lucide lucide-search h-4 w-4 mr-2"[31m
              [33mfill[31m=[32m"none"[31m
              [33mheight[31m=[32m"24"[31m
              [33mstroke[31m=[32m"currentColor"[31m
              [33mstroke-linecap[31m=[32m"round"[31m
              [33mstroke-linejoin[31m=[32m"round"[31m
              [33mstroke-width[31m=[32m"2"[31m
              [33mviewBox[31m=[32m"0 0 24 24"[31m
              [33mwidth[31m=[32m"24"[31m
              [33mxmlns[31m=[32m"http://www.w3.org/2000/svg"[31m
            [36m>[31m
              [36m<circle[31m
                [33mcx[31m=[32m"11"[31m
                [33mcy[31m=[32m"11"[31m
                [33mr[31m=[32m"8"[31m
              [36m/>[31m
              [36m<path[31m
                [33md[31m=[32m"m21 21-4.3-4.3"[31m
              [36m/>[31m
            [36m</svg>[31m
            [0mRefresh[0m
          [36m</button>[31m
        [36m</div>[31m
      [36m</div>[31m
      [36m<div[31m
        [33mclass[31m=[32m"w-full"[31m
      [36m>[31m
        [36m<div[31m
          [33mclass[31m=[32m"h-10 items-center justify-center rounded-md bg-gray-100 p-1 text-gray-500 grid w-full grid-cols-2"[31m
        [36m>[31m
          [36m<button[31m
            [33mclass[31m=[32m"inline-flex items-center justify-center whitespace-nowrap rounded-sm px-3 py-1.5 text-sm font-medium transition-all focus-visible:outline-none focus-visible:ring-2 focus-visible:ring-blue-500 focus-visible:ring-offset-2 disabled:pointer-events-none disabled:opacity-50 bg-white text-gray-900 shadow-sm"[31m
          [36m>[31m
            [0mProposals ([0m
            [0m0[0m
            [0m)[0m
          [36m</button>[31m
          [36m<button[31m
            [33mclass[31m=[32m"inline-flex items-center justify-center whitespace-nowrap rounded-sm px-3 py-1.5 text-sm font-medium transition-all focus-visible:outline-none focus-visible:ring-2 focus-visible:ring-blue-500 focus-visible:ring-offset-2 disabled:pointer-events-none disabled:opacity-50 text-gray-600 hover:text-gray-900"[31m
          [36m>[31m
            [0mTemplates ([0m
            [0m0[0m
            [0m)[0m
          [36m</button>[31m
        [36m</div>[31m
        [36m<div[31m
          [33mclass[31m=[32m"mt-2 focus-visible:outline-none focus-visible:ring-2 focus-visible:ring-blue-500 focus-visible:ring-offset-2 space-y-6"[31m
        [36m>[31m
          [36m<div[31m
            [33mclass[31m=[32m"flex items-center justify-between"[31m
          [36m>[31m
            [36m<div[31m
              [33mclass[31m=[32m"flex items-center space-x-4"[31m
            [36m>[31m
              [36m<div[31m
                [33mclass[31m=[32m"relative"[31m
              [36m>[31m
                [36m<svg[31m
                  [33mclass[31m=[32m"lucide lucide-search absolute left-3 top-1/2 transform -translate-y-1/2 text-gray-400 h-4 w-4"[31m
                  [33mfill[31m=[32m"none"[31m
                  [33mheight[31m=[32m"24"[31m
                  [33mstroke[31m=[32m"currentColor"[31m
                  [33mstroke-linecap[31m=[32m"round"[31m
                  [33mstroke-linejoin[31m=[32m"round"[31m
                  [33mstroke-width[31m=[32m"2"[31m
                  [33mviewBox[31m=[32m"0 0 24 24"[31m
                  [33mwidth[31m=[32m"24"[31m
                  [33mxmlns[31m=[32m"http://www.w3.org/2000/svg"[31m
                [36m>[31m
                  [36m<circle[31m
                    [33mcx[31m=[32m"11"[31m
                    [33mcy[31m=[32m"11"[31m
                    [33mr[31m=[32m"8"[31m
                  [36m/>[31m
                  [36m<path[31m
                    [33md[31m=[32m"m21 21-4.3-4.3"[31m
                  [36m/>[31m
                [36m</svg>[31m
                [36m<input[31m
                  [33mclass[31m=[32m"flex h-10 rounded-md border border-input bg-background px-3 py-2 text-sm ring-offset-background file:border-0 file:bg-transparent file:text-sm file:font-medium placeholder:text-muted-foreground focus-visible:outline-none focus-visible:ring-2 focus-visible:ring-ring focus-visible:ring-offset-2 disabled:cursor-not-allowed disabled:opacity-50 pl-10 w-64"[31m
                  [33mplaceholder[31m=[32m"Search proposals..."[31m
                  [33mvalue[31m=[32m""[31m
                [36m/>[31m
              [36m</div>[31m
              [36m<button[31m
                [33maria-autocomplete[31m=[32m"none"[31m
                [33maria-controls[31m=[32m"radix-:r3g:"[31m
                [33maria-expanded[31m=[32m"false"[31m
                [33mclass[31m=[32m"flex h-10 items-center justify-between rounded-md border border-input bg-background px-3 py-2 text-sm ring-offset-background data-[placeholder]:text-muted-foreground focus:outline-none focus:ring-2 focus:ring-ring focus:ring-offset-2 disabled:cursor-not-allowed disabled:opacity-50 [&>span]:line-clamp-1 w-40"[31m
                [33mdata-state[31m=[32m"closed"[31m
                [33mdir[31m=[32m"ltr"[31m
                [33mrole[31m=[32m"combobox"[31m
                [33mtype[31m=[32m"button"[31m
              [36m>[31m
                [36m<svg[31m
                  [33mclass[31m=[32m"lucide lucide-filter h-4 w-4 mr-2"[31m
                  [33mfill[31m=[32m"none"[31m
                  [33mheight[31m=[32m"24"[31m
                  [33mstroke[31m=[32m"currentColor"[31m
                  [33mstroke-linecap[31m=[32m"round"[31m
                  [33mstroke-linejoin[31m=[32m"round"[31m
                  [33mstroke-width[31m=[32m"2"[31m
                  [33mviewBox[31m=[32m"0 0 24 24"[31m
                  [33mwidth[31m=[32m"24"[31m
                  [33mxmlns[31m=[32m"http://www.w3.org/2000/svg"[31m
                [36m>[31m
                  [36m<polygon[31m
                    [33mpoints[31m=[32m"22 3 2 3 10 12.46 10 19 14 21 14 12.46 22 3"[31m
                  [36m/>[31m
                [36m</svg>[31m
                [36m<span[31m
                  [33mstyle[31m=[32m"pointer-events: none;"[31m
                [36m>[31m
                  [0mAll Status[0m
                [36m</span>[31m
                [36m<svg[31m
                  [33maria-hidden[31m=[32m"true"[31m
                  [33mclass[31m=[32m"lucide lucide-chevron-down h-4 w-4 opacity-50"[31m
                  [33mfill[31m=[32m"none"[31m
                  [33mheight[31m=[32m"24"[31m
                  [33mstroke[31m=[32m"currentColor"[31m
                  [33mstroke-linecap[31m=[32m"round"[31m
                  [33mstroke-linejoin[31m=[32m"round"[31m
                  [33mstroke-width[31m=[32m"2"[31m
                  [33mviewBox[31m=[32m"0 0 24 24"[31m
                  [33mwidth[31m=[32m"24"[31m
                  [33mxmlns[31m=[32m"http://www.w3.org/2000/svg"[31m
                [36m>[31m
                  [36m<path[31m
                    [33md[31m=[32m"m6 9 6 6 6-6"[31m
                  [36m/>[31m
                [36m</svg>[31m
              [36m</button>[31m
            [36m</div>[31m
            [36m<button[31m
              [33mclass[31m=[32m"inline-flex items-center justify-center gap-2 whitespace-nowrap rounded-md text-sm font-medium ring-offset-background transition-colors focus-visible:outline-none focus-visible:ring-2 focus-visible:ring-ring focus-visible:ring-offset-2 disabled:pointer-events-none disabled:opacity-50 [&_svg]:pointer-events-none [&_svg]:size-4 [&_svg]:shrink-0 bg-primary text-primary-foreground hover:bg-primary/90 h-10 px-4 py-2"[31m
            [36m>[31m
              [36m<svg[31m
                [33mclass[31m=[32m"lucide lucide-plus h-4 w-4 mr-2"[31m
                [33mfill[31m=[32m"none"[31m
                [33mheight[31m=[32m"24"[31m
                [33mstroke[31m=[32m"currentColor"[31m
                [33mstroke-linecap[31m=[32m"round"[31m
                [33mstroke-linejoin[31m=[32m"round"[31m
                [33mstroke-width[31m=[32m"2"[31m
                [33mviewBox[31m=[32m"0 0 24 24"[31m
                [33mwidth[31m=[32m"24"[31m
                [33mxmlns[31m=[32m"http://www.w3.org/2000/svg"[31m
              [36m>[31m
                [36m<path[31m
                  [33md[31m=[32m"M5 12h14"[31m
                [36m/>[31m
                [36m<path[31m
                  [33md[31m=[32m"M12 5v14"[31m
                [36m/>[31m
              [36m</svg>[31m
              [0mNew Proposal[0m
            [36m</button>[31m
          [36m</div>[31m
          [36m<div[31m
            [33mclass[31m=[32m"grid grid-cols-1 md:grid-cols-2 lg:grid-cols-3 gap-6"[31m
          [36m/>[31m
          [36m<div[31m
            [33mclass[31m=[32m"text-center py-12"[31m
          [36m>[31m
            [36m<svg[31m
              [33mclass[31m=[32m"lucide lucide-file-text h-12 w-12 text-gray-400 mx-auto mb-4"[31m
              [33mfill[31m=[32m"none"[31m
              [33mheight[31m=[32m"24"[31m
              [33mstroke[31m=[32m"currentColor"[31m
              [33mstroke-linecap[31m=[32m"round"[31m
              [33mstroke-linejoin[31m=[32m"round"[31m
              [33mstroke-width[31m=[32m"2"[31m
              [33mviewBox[31m=[32m"0 0 24 24"[31m
              [33mwidth[31m=[32m"24"[31m
              [33mxmlns[31m=[32m"http://www.w3.org/2000/svg"[31m
            [36m>[31m
              [36m<path[31m
                [33md[31m=[32m"M15 2H6a2 2 0 0 0-2 2v16a2 2 0 0 0 2 2h12a2 2 0 0 0 2-2V7Z"[31m
              [36m/>[31m
              [36m<path[31m
                [33md[31m=[32m"M14 2v4a2 2 0 0 0 2 2h4"[31m
              [36m/>[31m
              [36m<path[31m
                [33md[31m=[32m"M10 9H8"[31m
              [36m/>[31m
              [36m<path[31m
                [33md[31m=[32m"M16 13H8"[31m
              [36m/>[31m
              [36m<path[31m
                [33md[31m=[32m"M16 17H8"[31m
              [36m/>[31m
            [36m</svg>[31m
            [36m<h3[31m
              [33mclass[31m=[32m"text-lg font-medium text-gray-900 mb-2"[31m
            [36m>[31m
              [0mNo proposals found[0m
            [36m</h3>[31m
            [36m<p[31m
              [33mclass[31m=[32m"text-gray-600 mb-4"[31m
            [36m>[31m
              [0mGet started by creating your first proposal[0m
            [36m</p>[31m
            [36m<button[31m
              [33mclass[31m=[32m"inline-flex items-center justify-center gap-2 whitespace-nowrap rounded-md text-sm font-medium ring-offset-background transition-colors focus-visible:outline-none focus-visible:ring-2 focus-visible:ring-ring focus-visible:ring-offset-2 disabled:pointer-events-none disabled:opacity-50 [&_svg]:pointer-events-none [&_svg]:size-4 [&_svg]:shrink-0 bg-primary text-primary-foreground hover:bg-primary/90 h-10 px-4 py-2"[31m
            [36m>[31m
              [36m<svg[31m
                [33mclass[31m=[32m"lucide lucide-plus h-4 w-4 mr-2"[31m
                [33mfill[31m=[32m"none"[31m
                [33mheight[31m=[32m"24"[31m
                [33mstroke[31m=[32m"currentColor"[31m
                [33mstroke-linecap[31m=[32m"round"[31m
                [33mstroke-linejoin[31m=[32m"round"[31m
                [33mstroke-width[31m=[32m"2"[31m
                [33mviewBox[31m=[32m"0 0 24 24"[31m
                [33mwidth[31m=[32m"24"[31m
                [33mxmlns[31m=[32m"http://www.w3.org/2000/svg"[31m
              [36m>[31m
                [36m<path[31m
                  [33md[31m=[32m"M5 12h14"[31m
                [36m/>[31m
                [36m<path[31m
                  [33md[31m=[32m"M12 5v14"[31m
                [36m/>[31m
              [36m</svg>[31m
              [0mCreate Proposal[0m
            [36m</button>[31m
          [36m</div>[31m
        [36m</div>[31m
      [36m</div>[31m
    [36m</div>[31m
  [36m</div>[31m
[36m</body>[31m

Ignored nodes: comments, script, style
[36m<html>[31m
  [36m<head />[31m
  [36m<body[31m
    [33mstyle[31m=[32m""[31m
  [36m>[31m
    [36m<div>[31m
      [36m<div[31m
        [33mclass[31m=[32m"p-6 max-w-7xl mx-auto"[31m
      [36m>[31m
        [36m<div[31m
          [33mclass[31m=[32m"flex items-center justify-between mb-6"[31m
        [36m>[31m
          [36m<div>[31m
            [36m<h1[31m
              [33mclass[31m=[32m"text-2xl font-bold flex items-center gap-2"[31m
            [36m>[31m
              [36m<svg[31m
                [33mclass[31m=[32m"lucide lucide-file-text h-6 w-6"[31m
                [33mfill[31m=[32m"none"[31m
                [33mheight[31m=[32m"24"[31m
                [33mstroke[31m=[32m"currentColor"[31m
                [33mstroke-linecap[31m=[32m"round"[31m
                [33mstroke-linejoin[31m=[32m"round"[31m
                [33mstroke-width[31m=[32m"2"[31m
                [33mviewBox[31m=[32m"0 0 24 24"[31m
                [33mwidth[31m=[32m"24"[31m
                [33mxmlns[31m=[32m"http://www.w3.org/2000/svg"[31m
              [36m>[31m
                [36m<path[31m
                  [33md[31m=[32m"M15 2H6a2 2 0 0 0-2 2v16a2 2 0 0 0 2 2h12a2 2 0 0 0 2-2V7Z"[31m
                [36m/>[31m
                [36m<path[31m
                  [33md[31m=[32m"M14 2v4a2 2 0 0 0 2 2h4"[31m
                [36m/>[31m
                [36m<path[31m
                  [33md[31m=[32m"M10 9H8"[31m
                [36m/>[31m
                [36m<path[31m
                  [33md[31m=[32m"M16 13H8"[31m
                [36m/>[31m
                [36m<path[31m
                  [33md[31m=[32m"M16 17H8"[31m
                [36m/>[31m
              [36m</svg>[31m
              [0mProposals & Templates[0m
            [36m</h1>[31m
            [36m<p[31m
              [33mclass[31m=[32m"text-gray-600 mt-1"[31m
            [36m>[31m
              [0mCreate, manage, and send professional proposals[0m
            [36m</p>[31m
          [36m</div>[31m
          [36m<div[31m
            [33mclass[31m=[32m"flex items-center space-x-2"[31m
          [36m>[31m
            [36m<button[31m
              [33mclass[31m=[32m"inline-flex items-center justify-center gap-2 whitespace-nowrap rounded-md text-sm font-medium ring-offset-background transition-colors focus-visible:outline-none focus-visible:ring-2 focus-visible:ring-ring focus-visible:ring-offset-2 disabled:pointer-events-none disabled:opacity-50 [&_svg]:pointer-events-none [&_svg]:size-4 [&_svg]:shrink-0 border border-input bg-background hover:bg-accent hover:text-accent-foreground h-10 px-4 py-2"[31m
            [36m>[31m
              [36m<svg[31m
                [33mclass[31m=[32m"lucide lucide-search h-4 w-4 mr-2"[31m
                [33mfill[31m=[32m"none"[31m
                [33mheight[31m=[32m"24"[31m
                [33mstroke[31m=[32m"currentColor"[31m
                [33mstroke-linecap[31m=[32m"round"[31m
                [33mstroke-linejoin[31m=[32m"round"[31m
                [33mstroke-width[31m=[32m"2"[31m
                [33mviewBox[31m=[32m"0 0 24 24"[31m
                [33mwidth[31m=[32m"24"[31m
                [33mxmlns[31m=[32m"http://www.w3.org/2000/svg"[31m
              [36m>[31m
                [36m<circle[31m
                  [33mcx[31m=[32m"11"[31m
                  [33mcy[31m=[32m"11"[31m
                  [33mr[31m=[32m"8"[31m
                [36m/>[31m
                [36m<path[31m
                  [33md[31m=[32m"m21 21-4.3-4.3"[31m
                [36m/>[31m
              [36m</svg>[31m
              [0mRefresh[0m
            [36m</button>[31m
          [36m</div>[31m
        [36m</div>[31m
        [36m<div[31m
          [33mclass[31m=[32m"w-full"[31m
        [36m>[31m
          [36m<div[31m
            [33mclass[31m=[32m"h-10 items-center justify-center rounded-md bg-gray-100 p-1 text-gray-500 grid w-full grid-cols-2"[31m
          [36m>[31m
            [36m<button[31m
              [33mclass[31m=[32m"inline-flex items-center justify-center whitespace-nowrap rounded-sm px-3 py-1.5 text-sm font-medium transition-all focus-visible:outline-none focus-visible:ring-2 focus-visible:ring-blue-500 focus-visible:ring-offset-2 disabled:pointer-events-none disabled:opacity-50 bg-white text-gray-900 shadow-sm"[31m
            [36m>[31m
              [0mProposals ([0m
              [0m0[0m
              [0m)[0m
            [36m</button>[31m
            [36m<button[31m
              [33mclass[31m=[32m"inline-flex items-center justify-center whitespace-nowrap rounded-sm px-3 py-1.5 text-sm font-medium transition-all focus-visible:outline-none focus-visible:ring-2 focus-visible:ring-blue-500 focus-visible:ring-offset-2 disabled:pointer-events-none disabled:opacity-50 text-gray-600 hover:text-gray-900"[31m
            [36m>[31m
              [0mTemplates ([0m
              [0m0[0m
              [0m)[0m
            [36m</button>[31m
          [36m</div>[31m
          [36m<div[31m
            [33mclass[31m=[32m"mt-2 focus-visible:outline-none focus-visible:ring-2 focus-visible:ring-blue-500 focus-visible:ring-offset-2 space-y-6"[31m
          [36m>[31m
            [36m<div[31m
              [33mclass[31m=[32m"flex items-center justify-between"[31m
            [36m>[31m
              [36m<div[31m
                [33mclass[31m=[32m"flex items-center space-x-4"[31m
              [36m>[31m
                [36m<div[31m
                  [33mclass[31m=[32m"relative"[31m
                [36m>[31m
                  [36m<svg[31m
                    [33mclass[31m=[32m"lucide lucide-search absolute left-3 top-1/2 transform -translate-y-1/2 text-gray-400 h-4 w-4"[31m
                    [33mfill[31m=[32m"none"[31m
                    [33mheight[31m=[32m"24"[31m
                    [33mstroke[31m=[32m"currentColor"[31m
                    [33mstroke-linecap[31m=[32m"round"[31m
                    [33mstroke-linejoin[31m=[32m"round"[31m
                    [33mstroke-width[31m=[32m"2"[31m
                    [33mviewBox[31m=[32m"0 0 24 24"[31m
                    [33mwidth[31m=[32m"24"[31m
                    [33mxmlns[31m=[32m"http://www.w3.org/2000/svg"[31m
                  [36m>[31m
                    [36m<circle[31m
                      [33mcx[31m=[32m"11"[31m
                      [33mcy[31m=[32m"11"[31m
                      [33mr[31m=[32m"8"[31m
                    [36m/>[31m
                    [36m<path[31m
                      [33md[31m=[32m"m21 21-4.3-4.3"[31m
                    [36m/>[31m
                  [36m</svg>[31m
                  [36m<input[31m
                    [33mclass[31m=[32m"flex h-10 rounded-md border border-input bg-background px-3 p...[39m
[31m   [31m×[31m Proposals[2m > [22mhandles proposal deletion successfully[39m[33m 1045[2mms[22m[39m
[31m     → Unable to find an element with the text: Delete. This could be because the text is broken up by multiple elements. In this case, you can provide a function for your text matcher to make your matcher more flexible.

Ignored nodes: comments, script, style
[36m<body[31m
  [33mstyle[31m=[32m""[31m
[36m>[31m
  [36m<div>[31m
    [36m<div[31m
      [33mclass[31m=[32m"p-6 max-w-7xl mx-auto"[31m
    [36m>[31m
      [36m<div[31m
        [33mclass[31m=[32m"flex items-center justify-between mb-6"[31m
      [36m>[31m
        [36m<div>[31m
          [36m<h1[31m
            [33mclass[31m=[32m"text-2xl font-bold flex items-center gap-2"[31m
          [36m>[31m
            [36m<svg[31m
              [33mclass[31m=[32m"lucide lucide-file-text h-6 w-6"[31m
              [33mfill[31m=[32m"none"[31m
              [33mheight[31m=[32m"24"[31m
              [33mstroke[31m=[32m"currentColor"[31m
              [33mstroke-linecap[31m=[32m"round"[31m
              [33mstroke-linejoin[31m=[32m"round"[31m
              [33mstroke-width[31m=[32m"2"[31m
              [33mviewBox[31m=[32m"0 0 24 24"[31m
              [33mwidth[31m=[32m"24"[31m
              [33mxmlns[31m=[32m"http://www.w3.org/2000/svg"[31m
            [36m>[31m
              [36m<path[31m
                [33md[31m=[32m"M15 2H6a2 2 0 0 0-2 2v16a2 2 0 0 0 2 2h12a2 2 0 0 0 2-2V7Z"[31m
              [36m/>[31m
              [36m<path[31m
                [33md[31m=[32m"M14 2v4a2 2 0 0 0 2 2h4"[31m
              [36m/>[31m
              [36m<path[31m
                [33md[31m=[32m"M10 9H8"[31m
              [36m/>[31m
              [36m<path[31m
                [33md[31m=[32m"M16 13H8"[31m
              [36m/>[31m
              [36m<path[31m
                [33md[31m=[32m"M16 17H8"[31m
              [36m/>[31m
            [36m</svg>[31m
            [0mProposals & Templates[0m
          [36m</h1>[31m
          [36m<p[31m
            [33mclass[31m=[32m"text-gray-600 mt-1"[31m
          [36m>[31m
            [0mCreate, manage, and send professional proposals[0m
          [36m</p>[31m
        [36m</div>[31m
        [36m<div[31m
          [33mclass[31m=[32m"flex items-center space-x-2"[31m
        [36m>[31m
          [36m<button[31m
            [33mclass[31m=[32m"inline-flex items-center justify-center gap-2 whitespace-nowrap rounded-md text-sm font-medium ring-offset-background transition-colors focus-visible:outline-none focus-visible:ring-2 focus-visible:ring-ring focus-visible:ring-offset-2 disabled:pointer-events-none disabled:opacity-50 [&_svg]:pointer-events-none [&_svg]:size-4 [&_svg]:shrink-0 border border-input bg-background hover:bg-accent hover:text-accent-foreground h-10 px-4 py-2"[31m
          [36m>[31m
            [36m<svg[31m
              [33mclass[31m=[32m"lucide lucide-search h-4 w-4 mr-2"[31m
              [33mfill[31m=[32m"none"[31m
              [33mheight[31m=[32m"24"[31m
              [33mstroke[31m=[32m"currentColor"[31m
              [33mstroke-linecap[31m=[32m"round"[31m
              [33mstroke-linejoin[31m=[32m"round"[31m
              [33mstroke-width[31m=[32m"2"[31m
              [33mviewBox[31m=[32m"0 0 24 24"[31m
              [33mwidth[31m=[32m"24"[31m
              [33mxmlns[31m=[32m"http://www.w3.org/2000/svg"[31m
            [36m>[31m
              [36m<circle[31m
                [33mcx[31m=[32m"11"[31m
                [33mcy[31m=[32m"11"[31m
                [33mr[31m=[32m"8"[31m
              [36m/>[31m
              [36m<path[31m
                [33md[31m=[32m"m21 21-4.3-4.3"[31m
              [36m/>[31m
            [36m</svg>[31m
            [0mRefresh[0m
          [36m</button>[31m
        [36m</div>[31m
      [36m</div>[31m
      [36m<div[31m
        [33mclass[31m=[32m"w-full"[31m
      [36m>[31m
        [36m<div[31m
          [33mclass[31m=[32m"h-10 items-center justify-center rounded-md bg-gray-100 p-1 text-gray-500 grid w-full grid-cols-2"[31m
        [36m>[31m
          [36m<button[31m
            [33mclass[31m=[32m"inline-flex items-center justify-center whitespace-nowrap rounded-sm px-3 py-1.5 text-sm font-medium transition-all focus-visible:outline-none focus-visible:ring-2 focus-visible:ring-blue-500 focus-visible:ring-offset-2 disabled:pointer-events-none disabled:opacity-50 bg-white text-gray-900 shadow-sm"[31m
          [36m>[31m
            [0mProposals ([0m
            [0m0[0m
            [0m)[0m
          [36m</button>[31m
          [36m<button[31m
            [33mclass[31m=[32m"inline-flex items-center justify-center whitespace-nowrap rounded-sm px-3 py-1.5 text-sm font-medium transition-all focus-visible:outline-none focus-visible:ring-2 focus-visible:ring-blue-500 focus-visible:ring-offset-2 disabled:pointer-events-none disabled:opacity-50 text-gray-600 hover:text-gray-900"[31m
          [36m>[31m
            [0mTemplates ([0m
            [0m0[0m
            [0m)[0m
          [36m</button>[31m
        [36m</div>[31m
        [36m<div[31m
          [33mclass[31m=[32m"mt-2 focus-visible:outline-none focus-visible:ring-2 focus-visible:ring-blue-500 focus-visible:ring-offset-2 space-y-6"[31m
        [36m>[31m
          [36m<div[31m
            [33mclass[31m=[32m"flex items-center justify-between"[31m
          [36m>[31m
            [36m<div[31m
              [33mclass[31m=[32m"flex items-center space-x-4"[31m
            [36m>[31m
              [36m<div[31m
                [33mclass[31m=[32m"relative"[31m
              [36m>[31m
                [36m<svg[31m
                  [33mclass[31m=[32m"lucide lucide-search absolute left-3 top-1/2 transform -translate-y-1/2 text-gray-400 h-4 w-4"[31m
                  [33mfill[31m=[32m"none"[31m
                  [33mheight[31m=[32m"24"[31m
                  [33mstroke[31m=[32m"currentColor"[31m
                  [33mstroke-linecap[31m=[32m"round"[31m
                  [33mstroke-linejoin[31m=[32m"round"[31m
                  [33mstroke-width[31m=[32m"2"[31m
                  [33mviewBox[31m=[32m"0 0 24 24"[31m
                  [33mwidth[31m=[32m"24"[31m
                  [33mxmlns[31m=[32m"http://www.w3.org/2000/svg"[31m
                [36m>[31m
                  [36m<circle[31m
                    [33mcx[31m=[32m"11"[31m
                    [33mcy[31m=[32m"11"[31m
                    [33mr[31m=[32m"8"[31m
                  [36m/>[31m
                  [36m<path[31m
                    [33md[31m=[32m"m21 21-4.3-4.3"[31m
                  [36m/>[31m
                [36m</svg>[31m
                [36m<input[31m
                  [33mclass[31m=[32m"flex h-10 rounded-md border border-input bg-background px-3 py-2 text-sm ring-offset-background file:border-0 file:bg-transparent file:text-sm file:font-medium placeholder:text-muted-foreground focus-visible:outline-none focus-visible:ring-2 focus-visible:ring-ring focus-visible:ring-offset-2 disabled:cursor-not-allowed disabled:opacity-50 pl-10 w-64"[31m
                  [33mplaceholder[31m=[32m"Search proposals..."[31m
                  [33mvalue[31m=[32m""[31m
                [36m/>[31m
              [36m</div>[31m
              [36m<button[31m
                [33maria-autocomplete[31m=[32m"none"[31m
                [33maria-controls[31m=[32m"radix-:r3u:"[31m
                [33maria-expanded[31m=[32m"false"[31m
                [33mclass[31m=[32m"flex h-10 items-center justify-between rounded-md border border-input bg-background px-3 py-2 text-sm ring-offset-background data-[placeholder]:text-muted-foreground focus:outline-none focus:ring-2 focus:ring-ring focus:ring-offset-2 disabled:cursor-not-allowed disabled:opacity-50 [&>span]:line-clamp-1 w-40"[31m
                [33mdata-state[31m=[32m"closed"[31m
                [33mdir[31m=[32m"ltr"[31m
                [33mrole[31m=[32m"combobox"[31m
                [33mtype[31m=[32m"button"[31m
              [36m>[31m
                [36m<svg[31m
                  [33mclass[31m=[32m"lucide lucide-filter h-4 w-4 mr-2"[31m
                  [33mfill[31m=[32m"none"[31m
                  [33mheight[31m=[32m"24"[31m
                  [33mstroke[31m=[32m"currentColor"[31m
                  [33mstroke-linecap[31m=[32m"round"[31m
                  [33mstroke-linejoin[31m=[32m"round"[31m
                  [33mstroke-width[31m=[32m"2"[31m
                  [33mviewBox[31m=[32m"0 0 24 24"[31m
                  [33mwidth[31m=[32m"24"[31m
                  [33mxmlns[31m=[32m"http://www.w3.org/2000/svg"[31m
                [36m>[31m
                  [36m<polygon[31m
                    [33mpoints[31m=[32m"22 3 2 3 10 12.46 10 19 14 21 14 12.46 22 3"[31m
                  [36m/>[31m
                [36m</svg>[31m
                [36m<span[31m
                  [33mstyle[31m=[32m"pointer-events: none;"[31m
                [36m>[31m
                  [0mAll Status[0m
                [36m</span>[31m
                [36m<svg[31m
                  [33maria-hidden[31m=[32m"true"[31m
                  [33mclass[31m=[32m"lucide lucide-chevron-down h-4 w-4 opacity-50"[31m
                  [33mfill[31m=[32m"none"[31m
                  [33mheight[31m=[32m"24"[31m
                  [33mstroke[31m=[32m"currentColor"[31m
                  [33mstroke-linecap[31m=[32m"round"[31m
                  [33mstroke-linejoin[31m=[32m"round"[31m
                  [33mstroke-width[31m=[32m"2"[31m
                  [33mviewBox[31m=[32m"0 0 24 24"[31m
                  [33mwidth[31m=[32m"24"[31m
                  [33mxmlns[31m=[32m"http://www.w3.org/2000/svg"[31m
                [36m>[31m
                  [36m<path[31m
                    [33md[31m=[32m"m6 9 6 6 6-6"[31m
                  [36m/>[31m
                [36m</svg>[31m
              [36m</button>[31m
            [36m</div>[31m
            [36m<button[31m
              [33mclass[31m=[32m"inline-flex items-center justify-center gap-2 whitespace-nowrap rounded-md text-sm font-medium ring-offset-background transition-colors focus-visible:outline-none focus-visible:ring-2 focus-visible:ring-ring focus-visible:ring-offset-2 disabled:pointer-events-none disabled:opacity-50 [&_svg]:pointer-events-none [&_svg]:size-4 [&_svg]:shrink-0 bg-primary text-primary-foreground hover:bg-primary/90 h-10 px-4 py-2"[31m
            [36m>[31m
              [36m<svg[31m
                [33mclass[31m=[32m"lucide lucide-plus h-4 w-4 mr-2"[31m
                [33mfill[31m=[32m"none"[31m
                [33mheight[31m=[32m"24"[31m
                [33mstroke[31m=[32m"currentColor"[31m
                [33mstroke-linecap[31m=[32m"round"[31m
                [33mstroke-linejoin[31m=[32m"round"[31m
                [33mstroke-width[31m=[32m"2"[31m
                [33mviewBox[31m=[32m"0 0 24 24"[31m
                [33mwidth[31m=[32m"24"[31m
                [33mxmlns[31m=[32m"http://www.w3.org/2000/svg"[31m
              [36m>[31m
                [36m<path[31m
                  [33md[31m=[32m"M5 12h14"[31m
                [36m/>[31m
                [36m<path[31m
                  [33md[31m=[32m"M12 5v14"[31m
                [36m/>[31m
              [36m</svg>[31m
              [0mNew Proposal[0m
            [36m</button>[31m
          [36m</div>[31m
          [36m<div[31m
            [33mclass[31m=[32m"grid grid-cols-1 md:grid-cols-2 lg:grid-cols-3 gap-6"[31m
          [36m/>[31m
          [36m<div[31m
            [33mclass[31m=[32m"text-center py-12"[31m
          [36m>[31m
            [36m<svg[31m
              [33mclass[31m=[32m"lucide lucide-file-text h-12 w-12 text-gray-400 mx-auto mb-4"[31m
              [33mfill[31m=[32m"none"[31m
              [33mheight[31m=[32m"24"[31m
              [33mstroke[31m=[32m"currentColor"[31m
              [33mstroke-linecap[31m=[32m"round"[31m
              [33mstroke-linejoin[31m=[32m"round"[31m
              [33mstroke-width[31m=[32m"2"[31m
              [33mviewBox[31m=[32m"0 0 24 24"[31m
              [33mwidth[31m=[32m"24"[31m
              [33mxmlns[31m=[32m"http://www.w3.org/2000/svg"[31m
            [36m>[31m
              [36m<path[31m
                [33md[31m=[32m"M15 2H6a2 2 0 0 0-2 2v16a2 2 0 0 0 2 2h12a2 2 0 0 0 2-2V7Z"[31m
              [36m/>[31m
              [36m<path[31m
                [33md[31m=[32m"M14 2v4a2 2 0 0 0 2 2h4"[31m
              [36m/>[31m
              [36m<path[31m
                [33md[31m=[32m"M10 9H8"[31m
              [36m/>[31m
              [36m<path[31m
                [33md[31m=[32m"M16 13H8"[31m
              [36m/>[31m
              [36m<path[31m
                [33md[31m=[32m"M16 17H8"[31m
              [36m/>[31m
            [36m</svg>[31m
            [36m<h3[31m
              [33mclass[31m=[32m"text-lg font-medium text-gray-900 mb-2"[31m
            [36m>[31m
              [0mNo proposals found[0m
            [36m</h3>[31m
            [36m<p[31m
              [33mclass[31m=[32m"text-gray-600 mb-4"[31m
            [36m>[31m
              [0mGet started by creating your first proposal[0m
            [36m</p>[31m
            [36m<button[31m
              [33mclass[31m=[32m"inline-flex items-center justify-center gap-2 whitespace-nowrap rounded-md text-sm font-medium ring-offset-background transition-colors focus-visible:outline-none focus-visible:ring-2 focus-visible:ring-ring focus-visible:ring-offset-2 disabled:pointer-events-none disabled:opacity-50 [&_svg]:pointer-events-none [&_svg]:size-4 [&_svg]:shrink-0 bg-primary text-primary-foreground hover:bg-primary/90 h-10 px-4 py-2"[31m
            [36m>[31m
              [36m<svg[31m
                [33mclass[31m=[32m"lucide lucide-plus h-4 w-4 mr-2"[31m
                [33mfill[31m=[32m"none"[31m
                [33mheight[31m=[32m"24"[31m
                [33mstroke[31m=[32m"currentColor"[31m
                [33mstroke-linecap[31m=[32m"round"[31m
                [33mstroke-linejoin[31m=[32m"round"[31m
                [33mstroke-width[31m=[32m"2"[31m
                [33mviewBox[31m=[32m"0 0 24 24"[31m
                [33mwidth[31m=[32m"24"[31m
                [33mxmlns[31m=[32m"http://www.w3.org/2000/svg"[31m
              [36m>[31m
                [36m<path[31m
                  [33md[31m=[32m"M5 12h14"[31m
                [36m/>[31m
                [36m<path[31m
                  [33md[31m=[32m"M12 5v14"[31m
                [36m/>[31m
              [36m</svg>[31m
              [0mCreate Proposal[0m
            [36m</button>[31m
          [36m</div>[31m
        [36m</div>[31m
      [36m</div>[31m
    [36m</div>[31m
  [36m</div>[31m
[36m</body>[31m

Ignored nodes: comments, script, style
[36m<html>[31m
  [36m<head />[31m
  [36m<body[31m
    [33mstyle[31m=[32m""[31m
  [36m>[31m
    [36m<div>[31m
      [36m<div[31m
        [33mclass[31m=[32m"p-6 max-w-7xl mx-auto"[31m
      [36m>[31m
        [36m<div[31m
          [33mclass[31m=[32m"flex items-center justify-between mb-6"[31m
        [36m>[31m
          [36m<div>[31m
            [36m<h1[31m
              [33mclass[31m=[32m"text-2xl font-bold flex items-center gap-2"[31m
            [36m>[31m
              [36m<svg[31m
                [33mclass[31m=[32m"lucide lucide-file-text h-6 w-6"[31m
                [33mfill[31m=[32m"none"[31m
                [33mheight[31m=[32m"24"[31m
                [33mstroke[31m=[32m"currentColor"[31m
                [33mstroke-linecap[31m=[32m"round"[31m
                [33mstroke-linejoin[31m=[32m"round"[31m
                [33mstroke-width[31m=[32m"2"[31m
                [33mviewBox[31m=[32m"0 0 24 24"[31m
                [33mwidth[31m=[32m"24"[31m
                [33mxmlns[31m=[32m"http://www.w3.org/2000/svg"[31m
              [36m>[31m
                [36m<path[31m
                  [33md[31m=[32m"M15 2H6a2 2 0 0 0-2 2v16a2 2 0 0 0 2 2h12a2 2 0 0 0 2-2V7Z"[31m
                [36m/>[31m
                [36m<path[31m
                  [33md[31m=[32m"M14 2v4a2 2 0 0 0 2 2h4"[31m
                [36m/>[31m
                [36m<path[31m
                  [33md[31m=[32m"M10 9H8"[31m
                [36m/>[31m
                [36m<path[31m
                  [33md[31m=[32m"M16 13H8"[31m
                [36m/>[31m
                [36m<path[31m
                  [33md[31m=[32m"M16 17H8"[31m
                [36m/>[31m
              [36m</svg>[31m
              [0mProposals & Templates[0m
            [36m</h1>[31m
            [36m<p[31m
              [33mclass[31m=[32m"text-gray-600 mt-1"[31m
            [36m>[31m
              [0mCreate, manage, and send professional proposals[0m
            [36m</p>[31m
          [36m</div>[31m
          [36m<div[31m
            [33mclass[31m=[32m"flex items-center space-x-2"[31m
          [36m>[31m
            [36m<button[31m
              [33mclass[31m=[32m"inline-flex items-center justify-center gap-2 whitespace-nowrap rounded-md text-sm font-medium ring-offset-background transition-colors focus-visible:outline-none focus-visible:ring-2 focus-visible:ring-ring focus-visible:ring-offset-2 disabled:pointer-events-none disabled:opacity-50 [&_svg]:pointer-events-none [&_svg]:size-4 [&_svg]:shrink-0 border border-input bg-background hover:bg-accent hover:text-accent-foreground h-10 px-4 py-2"[31m
            [36m>[31m
              [36m<svg[31m
                [33mclass[31m=[32m"lucide lucide-search h-4 w-4 mr-2"[31m
                [33mfill[31m=[32m"none"[31m
                [33mheight[31m=[32m"24"[31m
                [33mstroke[31m=[32m"currentColor"[31m
                [33mstroke-linecap[31m=[32m"round"[31m
                [33mstroke-linejoin[31m=[32m"round"[31m
                [33mstroke-width[31m=[32m"2"[31m
                [33mviewBox[31m=[32m"0 0 24 24"[31m
                [33mwidth[31m=[32m"24"[31m
                [33mxmlns[31m=[32m"http://www.w3.org/2000/svg"[31m
              [36m>[31m
                [36m<circle[31m
                  [33mcx[31m=[32m"11"[31m
                  [33mcy[31m=[32m"11"[31m
                  [33mr[31m=[32m"8"[31m
                [36m/>[31m
                [36m<path[31m
                  [33md[31m=[32m"m21 21-4.3-4.3"[31m
                [36m/>[31m
              [36m</svg>[31m
              [0mRefresh[0m
            [36m</button>[31m
          [36m</div>[31m
        [36m</div>[31m
        [36m<div[31m
          [33mclass[31m=[32m"w-full"[31m
        [36m>[31m
          [36m<div[31m
            [33mclass[31m=[32m"h-10 items-center justify-center rounded-md bg-gray-100 p-1 text-gray-500 grid w-full grid-cols-2"[31m
          [36m>[31m
            [36m<button[31m
              [33mclass[31m=[32m"inline-flex items-center justify-center whitespace-nowrap rounded-sm px-3 py-1.5 text-sm font-medium transition-all focus-visible:outline-none focus-visible:ring-2 focus-visible:ring-blue-500 focus-visible:ring-offset-2 disabled:pointer-events-none disabled:opacity-50 bg-white text-gray-900 shadow-sm"[31m
            [36m>[31m
              [0mProposals ([0m
              [0m0[0m
              [0m)[0m
            [36m</button>[31m
            [36m<button[31m
              [33mclass[31m=[32m"inline-flex items-center justify-center whitespace-nowrap rounded-sm px-3 py-1.5 text-sm font-medium transition-all focus-visible:outline-none focus-visible:ring-2 focus-visible:ring-blue-500 focus-visible:ring-offset-2 disabled:pointer-events-none disabled:opacity-50 text-gray-600 hover:text-gray-900"[31m
            [36m>[31m
              [0mTemplates ([0m
              [0m0[0m
              [0m)[0m
            [36m</button>[31m
          [36m</div>[31m
          [36m<div[31m
            [33mclass[31m=[32m"mt-2 focus-visible:outline-none focus-visible:ring-2 focus-visible:ring-blue-500 focus-visible:ring-offset-2 space-y-6"[31m
          [36m>[31m
            [36m<div[31m
              [33mclass[31m=[32m"flex items-center justify-between"[31m
            [36m>[31m
              [36m<div[31m
                [33mclass[31m=[32m"flex items-center space-x-4"[31m
              [36m>[31m
                [36m<div[31m
                  [33mclass[31m=[32m"relative"[31m
                [36m>[31m
                  [36m<svg[31m
                    [33mclass[31m=[32m"lucide lucide-search absolute left-3 top-1/2 transform -translate-y-1/2 text-gray-400 h-4 w-4"[31m
                    [33mfill[31m=[32m"none"[31m
                    [33mheight[31m=[32m"24"[31m
                    [33mstroke[31m=[32m"currentColor"[31m
                    [33mstroke-linecap[31m=[32m"round"[31m
                    [33mstroke-linejoin[31m=[32m"round"[31m
                    [33mstroke-width[31m=[32m"2"[31m
                    [33mviewBox[31m=[32m"0 0 24 24"[31m
                    [33mwidth[31m=[32m"24"[31m
                    [33mxmlns[31m=[32m"http://www.w3.org/2000/svg"[31m
                  [36m>[31m
                    [36m<circle[31m
                      [33mcx[31m=[32m"11"[31m
                      [33mcy[31m=[32m"11"[31m
                      [33mr[31m=[32m"8"[31m
                    [36m/>[31m
                    [36m<path[31m
                      [33md[31m=[32m"m21 21-4.3-4.3"[31m
                    [36m/>[31m
                  [36m</svg>[31m
                  [36m<input[31m
                    [33mclass[31m=[32m"flex h-10 rounded-md border border-input bg-background px-3 p...[39m
[31m   [31m×[31m Proposals[2m > [22mhandles status update successfully[39m[33m 1020[2mms[22m[39m
[31m     → Unable to find an element with the text: Update Status. This could be because the text is broken up by multiple elements. In this case, you can provide a function for your text matcher to make your matcher more flexible.

Ignored nodes: comments, script, style
[36m<body[31m
  [33mstyle[31m=[32m""[31m
[36m>[31m
  [36m<div>[31m
    [36m<div[31m
      [33mclass[31m=[32m"p-6 max-w-7xl mx-auto"[31m
    [36m>[31m
      [36m<div[31m
        [33mclass[31m=[32m"flex items-center justify-between mb-6"[31m
      [36m>[31m
        [36m<div>[31m
          [36m<h1[31m
            [33mclass[31m=[32m"text-2xl font-bold flex items-center gap-2"[31m
          [36m>[31m
            [36m<svg[31m
              [33mclass[31m=[32m"lucide lucide-file-text h-6 w-6"[31m
              [33mfill[31m=[32m"none"[31m
              [33mheight[31m=[32m"24"[31m
              [33mstroke[31m=[32m"currentColor"[31m
              [33mstroke-linecap[31m=[32m"round"[31m
              [33mstroke-linejoin[31m=[32m"round"[31m
              [33mstroke-width[31m=[32m"2"[31m
              [33mviewBox[31m=[32m"0 0 24 24"[31m
              [33mwidth[31m=[32m"24"[31m
              [33mxmlns[31m=[32m"http://www.w3.org/2000/svg"[31m
            [36m>[31m
              [36m<path[31m
                [33md[31m=[32m"M15 2H6a2 2 0 0 0-2 2v16a2 2 0 0 0 2 2h12a2 2 0 0 0 2-2V7Z"[31m
              [36m/>[31m
              [36m<path[31m
                [33md[31m=[32m"M14 2v4a2 2 0 0 0 2 2h4"[31m
              [36m/>[31m
              [36m<path[31m
                [33md[31m=[32m"M10 9H8"[31m
              [36m/>[31m
              [36m<path[31m
                [33md[31m=[32m"M16 13H8"[31m
              [36m/>[31m
              [36m<path[31m
                [33md[31m=[32m"M16 17H8"[31m
              [36m/>[31m
            [36m</svg>[31m
            [0mProposals & Templates[0m
          [36m</h1>[31m
          [36m<p[31m
            [33mclass[31m=[32m"text-gray-600 mt-1"[31m
          [36m>[31m
            [0mCreate, manage, and send professional proposals[0m
          [36m</p>[31m
        [36m</div>[31m
        [36m<div[31m
          [33mclass[31m=[32m"flex items-center space-x-2"[31m
        [36m>[31m
          [36m<button[31m
            [33mclass[31m=[32m"inline-flex items-center justify-center gap-2 whitespace-nowrap rounded-md text-sm font-medium ring-offset-background transition-colors focus-visible:outline-none focus-visible:ring-2 focus-visible:ring-ring focus-visible:ring-offset-2 disabled:pointer-events-none disabled:opacity-50 [&_svg]:pointer-events-none [&_svg]:size-4 [&_svg]:shrink-0 border border-input bg-background hover:bg-accent hover:text-accent-foreground h-10 px-4 py-2"[31m
          [36m>[31m
            [36m<svg[31m
              [33mclass[31m=[32m"lucide lucide-search h-4 w-4 mr-2"[31m
              [33mfill[31m=[32m"none"[31m
              [33mheight[31m=[32m"24"[31m
              [33mstroke[31m=[32m"currentColor"[31m
              [33mstroke-linecap[31m=[32m"round"[31m
              [33mstroke-linejoin[31m=[32m"round"[31m
              [33mstroke-width[31m=[32m"2"[31m
              [33mviewBox[31m=[32m"0 0 24 24"[31m
              [33mwidth[31m=[32m"24"[31m
              [33mxmlns[31m=[32m"http://www.w3.org/2000/svg"[31m
            [36m>[31m
              [36m<circle[31m
                [33mcx[31m=[32m"11"[31m
                [33mcy[31m=[32m"11"[31m
                [33mr[31m=[32m"8"[31m
              [36m/>[31m
              [36m<path[31m
                [33md[31m=[32m"m21 21-4.3-4.3"[31m
              [36m/>[31m
            [36m</svg>[31m
            [0mRefresh[0m
          [36m</button>[31m
        [36m</div>[31m
      [36m</div>[31m
      [36m<div[31m
        [33mclass[31m=[32m"w-full"[31m
      [36m>[31m
        [36m<div[31m
          [33mclass[31m=[32m"h-10 items-center justify-center rounded-md bg-gray-100 p-1 text-gray-500 grid w-full grid-cols-2"[31m
        [36m>[31m
          [36m<button[31m
            [33mclass[31m=[32m"inline-flex items-center justify-center whitespace-nowrap rounded-sm px-3 py-1.5 text-sm font-medium transition-all focus-visible:outline-none focus-visible:ring-2 focus-visible:ring-blue-500 focus-visible:ring-offset-2 disabled:pointer-events-none disabled:opacity-50 bg-white text-gray-900 shadow-sm"[31m
          [36m>[31m
            [0mProposals ([0m
            [0m0[0m
            [0m)[0m
          [36m</button>[31m
          [36m<button[31m
            [33mclass[31m=[32m"inline-flex items-center justify-center whitespace-nowrap rounded-sm px-3 py-1.5 text-sm font-medium transition-all focus-visible:outline-none focus-visible:ring-2 focus-visible:ring-blue-500 focus-visible:ring-offset-2 disabled:pointer-events-none disabled:opacity-50 text-gray-600 hover:text-gray-900"[31m
          [36m>[31m
            [0mTemplates ([0m
            [0m0[0m
            [0m)[0m
          [36m</button>[31m
        [36m</div>[31m
        [36m<div[31m
          [33mclass[31m=[32m"mt-2 focus-visible:outline-none focus-visible:ring-2 focus-visible:ring-blue-500 focus-visible:ring-offset-2 space-y-6"[31m
        [36m>[31m
          [36m<div[31m
            [33mclass[31m=[32m"flex items-center justify-between"[31m
          [36m>[31m
            [36m<div[31m
              [33mclass[31m=[32m"flex items-center space-x-4"[31m
            [36m>[31m
              [36m<div[31m
                [33mclass[31m=[32m"relative"[31m
              [36m>[31m
                [36m<svg[31m
                  [33mclass[31m=[32m"lucide lucide-search absolute left-3 top-1/2 transform -translate-y-1/2 text-gray-400 h-4 w-4"[31m
                  [33mfill[31m=[32m"none"[31m
                  [33mheight[31m=[32m"24"[31m
                  [33mstroke[31m=[32m"currentColor"[31m
                  [33mstroke-linecap[31m=[32m"round"[31m
                  [33mstroke-linejoin[31m=[32m"round"[31m
                  [33mstroke-width[31m=[32m"2"[31m
                  [33mviewBox[31m=[32m"0 0 24 24"[31m
                  [33mwidth[31m=[32m"24"[31m
                  [33mxmlns[31m=[32m"http://www.w3.org/2000/svg"[31m
                [36m>[31m
                  [36m<circle[31m
                    [33mcx[31m=[32m"11"[31m
                    [33mcy[31m=[32m"11"[31m
                    [33mr[31m=[32m"8"[31m
                  [36m/>[31m
                  [36m<path[31m
                    [33md[31m=[32m"m21 21-4.3-4.3"[31m
                  [36m/>[31m
                [36m</svg>[31m
                [36m<input[31m
                  [33mclass[31m=[32m"flex h-10 rounded-md border border-input bg-background px-3 py-2 text-sm ring-offset-background file:border-0 file:bg-transparent file:text-sm file:font-medium placeholder:text-muted-foreground focus-visible:outline-none focus-visible:ring-2 focus-visible:ring-ring focus-visible:ring-offset-2 disabled:cursor-not-allowed disabled:opacity-50 pl-10 w-64"[31m
                  [33mplaceholder[31m=[32m"Search proposals..."[31m
                  [33mvalue[31m=[32m""[31m
                [36m/>[31m
              [36m</div>[31m
              [36m<button[31m
                [33maria-autocomplete[31m=[32m"none"[31m
                [33maria-controls[31m=[32m"radix-:r4c:"[31m
                [33maria-expanded[31m=[32m"false"[31m
                [33mclass[31m=[32m"flex h-10 items-center justify-between rounded-md border border-input bg-background px-3 py-2 text-sm ring-offset-background data-[placeholder]:text-muted-foreground focus:outline-none focus:ring-2 focus:ring-ring focus:ring-offset-2 disabled:cursor-not-allowed disabled:opacity-50 [&>span]:line-clamp-1 w-40"[31m
                [33mdata-state[31m=[32m"closed"[31m
                [33mdir[31m=[32m"ltr"[31m
                [33mrole[31m=[32m"combobox"[31m
                [33mtype[31m=[32m"button"[31m
              [36m>[31m
                [36m<svg[31m
                  [33mclass[31m=[32m"lucide lucide-filter h-4 w-4 mr-2"[31m
                  [33mfill[31m=[32m"none"[31m
                  [33mheight[31m=[32m"24"[31m
                  [33mstroke[31m=[32m"currentColor"[31m
                  [33mstroke-linecap[31m=[32m"round"[31m
                  [33mstroke-linejoin[31m=[32m"round"[31m
                  [33mstroke-width[31m=[32m"2"[31m
                  [33mviewBox[31m=[32m"0 0 24 24"[31m
                  [33mwidth[31m=[32m"24"[31m
                  [33mxmlns[31m=[32m"http://www.w3.org/2000/svg"[31m
                [36m>[31m
                  [36m<polygon[31m
                    [33mpoints[31m=[32m"22 3 2 3 10 12.46 10 19 14 21 14 12.46 22 3"[31m
                  [36m/>[31m
                [36m</svg>[31m
                [36m<span[31m
                  [33mstyle[31m=[32m"pointer-events: none;"[31m
                [36m>[31m
                  [0mAll Status[0m
                [36m</span>[31m
                [36m<svg[31m
                  [33maria-hidden[31m=[32m"true"[31m
                  [33mclass[31m=[32m"lucide lucide-chevron-down h-4 w-4 opacity-50"[31m
                  [33mfill[31m=[32m"none"[31m
                  [33mheight[31m=[32m"24"[31m
                  [33mstroke[31m=[32m"currentColor"[31m
                  [33mstroke-linecap[31m=[32m"round"[31m
                  [33mstroke-linejoin[31m=[32m"round"[31m
                  [33mstroke-width[31m=[32m"2"[31m
                  [33mviewBox[31m=[32m"0 0 24 24"[31m
                  [33mwidth[31m=[32m"24"[31m
                  [33mxmlns[31m=[32m"http://www.w3.org/2000/svg"[31m
                [36m>[31m
                  [36m<path[31m
                    [33md[31m=[32m"m6 9 6 6 6-6"[31m
                  [36m/>[31m
                [36m</svg>[31m
              [36m</button>[31m
            [36m</div>[31m
            [36m<button[31m
              [33mclass[31m=[32m"inline-flex items-center justify-center gap-2 whitespace-nowrap rounded-md text-sm font-medium ring-offset-background transition-colors focus-visible:outline-none focus-visible:ring-2 focus-visible:ring-ring focus-visible:ring-offset-2 disabled:pointer-events-none disabled:opacity-50 [&_svg]:pointer-events-none [&_svg]:size-4 [&_svg]:shrink-0 bg-primary text-primary-foreground hover:bg-primary/90 h-10 px-4 py-2"[31m
            [36m>[31m
              [36m<svg[31m
                [33mclass[31m=[32m"lucide lucide-plus h-4 w-4 mr-2"[31m
                [33mfill[31m=[32m"none"[31m
                [33mheight[31m=[32m"24"[31m
                [33mstroke[31m=[32m"currentColor"[31m
                [33mstroke-linecap[31m=[32m"round"[31m
                [33mstroke-linejoin[31m=[32m"round"[31m
                [33mstroke-width[31m=[32m"2"[31m
                [33mviewBox[31m=[32m"0 0 24 24"[31m
                [33mwidth[31m=[32m"24"[31m
                [33mxmlns[31m=[32m"http://www.w3.org/2000/svg"[31m
              [36m>[31m
                [36m<path[31m
                  [33md[31m=[32m"M5 12h14"[31m
                [36m/>[31m
                [36m<path[31m
                  [33md[31m=[32m"M12 5v14"[31m
                [36m/>[31m
              [36m</svg>[31m
              [0mNew Proposal[0m
            [36m</button>[31m
          [36m</div>[31m
          [36m<div[31m
            [33mclass[31m=[32m"grid grid-cols-1 md:grid-cols-2 lg:grid-cols-3 gap-6"[31m
          [36m/>[31m
          [36m<div[31m
            [33mclass[31m=[32m"text-center py-12"[31m
          [36m>[31m
            [36m<svg[31m
              [33mclass[31m=[32m"lucide lucide-file-text h-12 w-12 text-gray-400 mx-auto mb-4"[31m
              [33mfill[31m=[32m"none"[31m
              [33mheight[31m=[32m"24"[31m
              [33mstroke[31m=[32m"currentColor"[31m
              [33mstroke-linecap[31m=[32m"round"[31m
              [33mstroke-linejoin[31m=[32m"round"[31m
              [33mstroke-width[31m=[32m"2"[31m
              [33mviewBox[31m=[32m"0 0 24 24"[31m
              [33mwidth[31m=[32m"24"[31m
              [33mxmlns[31m=[32m"http://www.w3.org/2000/svg"[31m
            [36m>[31m
              [36m<path[31m
                [33md[31m=[32m"M15 2H6a2 2 0 0 0-2 2v16a2 2 0 0 0 2 2h12a2 2 0 0 0 2-2V7Z"[31m
              [36m/>[31m
              [36m<path[31m
                [33md[31m=[32m"M14 2v4a2 2 0 0 0 2 2h4"[31m
              [36m/>[31m
              [36m<path[31m
                [33md[31m=[32m"M10 9H8"[31m
              [36m/>[31m
              [36m<path[31m
                [33md[31m=[32m"M16 13H8"[31m
              [36m/>[31m
              [36m<path[31m
                [33md[31m=[32m"M16 17H8"[31m
              [36m/>[31m
            [36m</svg>[31m
            [36m<h3[31m
              [33mclass[31m=[32m"text-lg font-medium text-gray-900 mb-2"[31m
            [36m>[31m
              [0mNo proposals found[0m
            [36m</h3>[31m
            [36m<p[31m
              [33mclass[31m=[32m"text-gray-600 mb-4"[31m
            [36m>[31m
              [0mGet started by creating your first proposal[0m
            [36m</p>[31m
            [36m<button[31m
              [33mclass[31m=[32m"inline-flex items-center justify-center gap-2 whitespace-nowrap rounded-md text-sm font-medium ring-offset-background transition-colors focus-visible:outline-none focus-visible:ring-2 focus-visible:ring-ring focus-visible:ring-offset-2 disabled:pointer-events-none disabled:opacity-50 [&_svg]:pointer-events-none [&_svg]:size-4 [&_svg]:shrink-0 bg-primary text-primary-foreground hover:bg-primary/90 h-10 px-4 py-2"[31m
            [36m>[31m
              [36m<svg[31m
                [33mclass[31m=[32m"lucide lucide-plus h-4 w-4 mr-2"[31m
                [33mfill[31m=[32m"none"[31m
                [33mheight[31m=[32m"24"[31m
                [33mstroke[31m=[32m"currentColor"[31m
                [33mstroke-linecap[31m=[32m"round"[31m
                [33mstroke-linejoin[31m=[32m"round"[31m
                [33mstroke-width[31m=[32m"2"[31m
                [33mviewBox[31m=[32m"0 0 24 24"[31m
                [33mwidth[31m=[32m"24"[31m
                [33mxmlns[31m=[32m"http://www.w3.org/2000/svg"[31m
              [36m>[31m
                [36m<path[31m
                  [33md[31m=[32m"M5 12h14"[31m
                [36m/>[31m
                [36m<path[31m
                  [33md[31m=[32m"M12 5v14"[31m
                [36m/>[31m
              [36m</svg>[31m
              [0mCreate Proposal[0m
            [36m</button>[31m
          [36m</div>[31m
        [36m</div>[31m
      [36m</div>[31m
    [36m</div>[31m
  [36m</div>[31m
[36m</body>[31m

Ignored nodes: comments, script, style
[36m<html>[31m
  [36m<head />[31m
  [36m<body[31m
    [33mstyle[31m=[32m""[31m
  [36m>[31m
    [36m<div>[31m
      [36m<div[31m
        [33mclass[31m=[32m"p-6 max-w-7xl mx-auto"[31m
      [36m>[31m
        [36m<div[31m
          [33mclass[31m=[32m"flex items-center justify-between mb-6"[31m
        [36m>[31m
          [36m<div>[31m
            [36m<h1[31m
              [33mclass[31m=[32m"text-2xl font-bold flex items-center gap-2"[31m
            [36m>[31m
              [36m<svg[31m
                [33mclass[31m=[32m"lucide lucide-file-text h-6 w-6"[31m
                [33mfill[31m=[32m"none"[31m
                [33mheight[31m=[32m"24"[31m
                [33mstroke[31m=[32m"currentColor"[31m
                [33mstroke-linecap[31m=[32m"round"[31m
                [33mstroke-linejoin[31m=[32m"round"[31m
                [33mstroke-width[31m=[32m"2"[31m
                [33mviewBox[31m=[32m"0 0 24 24"[31m
                [33mwidth[31m=[32m"24"[31m
                [33mxmlns[31m=[32m"http://www.w3.org/2000/svg"[31m
              [36m>[31m
                [36m<path[31m
                  [33md[31m=[32m"M15 2H6a2 2 0 0 0-2 2v16a2 2 0 0 0 2 2h12a2 2 0 0 0 2-2V7Z"[31m
                [36m/>[31m
                [36m<path[31m
                  [33md[31m=[32m"M14 2v4a2 2 0 0 0 2 2h4"[31m
                [36m/>[31m
                [36m<path[31m
                  [33md[31m=[32m"M10 9H8"[31m
                [36m/>[31m
                [36m<path[31m
                  [33md[31m=[32m"M16 13H8"[31m
                [36m/>[31m
                [36m<path[31m
                  [33md[31m=[32m"M16 17H8"[31m
                [36m/>[31m
              [36m</svg>[31m
              [0mProposals & Templates[0m
            [36m</h1>[31m
            [36m<p[31m
              [33mclass[31m=[32m"text-gray-600 mt-1"[31m
            [36m>[31m
              [0mCreate, manage, and send professional proposals[0m
            [36m</p>[31m
          [36m</div>[31m
          [36m<div[31m
            [33mclass[31m=[32m"flex items-center space-x-2"[31m
          [36m>[31m
            [36m<button[31m
              [33mclass[31m=[32m"inline-flex items-center justify-center gap-2 whitespace-nowrap rounded-md text-sm font-medium ring-offset-background transition-colors focus-visible:outline-none focus-visible:ring-2 focus-visible:ring-ring focus-visible:ring-offset-2 disabled:pointer-events-none disabled:opacity-50 [&_svg]:pointer-events-none [&_svg]:size-4 [&_svg]:shrink-0 border border-input bg-background hover:bg-accent hover:text-accent-foreground h-10 px-4 py-2"[31m
            [36m>[31m
              [36m<svg[31m
                [33mclass[31m=[32m"lucide lucide-search h-4 w-4 mr-2"[31m
                [33mfill[31m=[32m"none"[31m
                [33mheight[31m=[32m"24"[31m
                [33mstroke[31m=[32m"currentColor"[31m
                [33mstroke-linecap[31m=[32m"round"[31m
                [33mstroke-linejoin[31m=[32m"round"[31m
                [33mstroke-width[31m=[32m"2"[31m
                [33mviewBox[31m=[32m"0 0 24 24"[31m
                [33mwidth[31m=[32m"24"[31m
                [33mxmlns[31m=[32m"http://www.w3.org/2000/svg"[31m
              [36m>[31m
                [36m<circle[31m
                  [33mcx[31m=[32m"11"[31m
                  [33mcy[31m=[32m"11"[31m
                  [33mr[31m=[32m"8"[31m
                [36m/>[31m
                [36m<path[31m
                  [33md[31m=[32m"m21 21-4.3-4.3"[31m
                [36m/>[31m
              [36m</svg>[31m
              [0mRefresh[0m
            [36m</button>[31m
          [36m</div>[31m
        [36m</div>[31m
        [36m<div[31m
          [33mclass[31m=[32m"w-full"[31m
        [36m>[31m
          [36m<div[31m
            [33mclass[31m=[32m"h-10 items-center justify-center rounded-md bg-gray-100 p-1 text-gray-500 grid w-full grid-cols-2"[31m
          [36m>[31m
            [36m<button[31m
              [33mclass[31m=[32m"inline-flex items-center justify-center whitespace-nowrap rounded-sm px-3 py-1.5 text-sm font-medium transition-all focus-visible:outline-none focus-visible:ring-2 focus-visible:ring-blue-500 focus-visible:ring-offset-2 disabled:pointer-events-none disabled:opacity-50 bg-white text-gray-900 shadow-sm"[31m
            [36m>[31m
              [0mProposals ([0m
              [0m0[0m
              [0m)[0m
            [36m</button>[31m
            [36m<button[31m
              [33mclass[31m=[32m"inline-flex items-center justify-center whitespace-nowrap rounded-sm px-3 py-1.5 text-sm font-medium transition-all focus-visible:outline-none focus-visible:ring-2 focus-visible:ring-blue-500 focus-visible:ring-offset-2 disabled:pointer-events-none disabled:opacity-50 text-gray-600 hover:text-gray-900"[31m
            [36m>[31m
              [0mTemplates ([0m
              [0m0[0m
              [0m)[0m
            [36m</button>[31m
          [36m</div>[31m
          [36m<div[31m
            [33mclass[31m=[32m"mt-2 focus-visible:outline-none focus-visible:ring-2 focus-visible:ring-blue-500 focus-visible:ring-offset-2 space-y-6"[31m
          [36m>[31m
            [36m<div[31m
              [33mclass[31m=[32m"flex items-center justify-between"[31m
            [36m>[31m
              [36m<div[31m
                [33mclass[31m=[32m"flex items-center space-x-4"[31m
              [36m>[31m
                [36m<div[31m
                  [33mclass[31m=[32m"relative"[31m
                [36m>[31m
                  [36m<svg[31m
                    [33mclass[31m=[32m"lucide lucide-search absolute left-3 top-1/2 transform -translate-y-1/2 text-gray-400 h-4 w-4"[31m
                    [33mfill[31m=[32m"none"[31m
                    [33mheight[31m=[32m"24"[31m
                    [33mstroke[31m=[32m"currentColor"[31m
                    [33mstroke-linecap[31m=[32m"round"[31m
                    [33mstroke-linejoin[31m=[32m"round"[31m
                    [33mstroke-width[31m=[32m"2"[31m
                    [33mviewBox[31m=[32m"0 0 24 24"[31m
                    [33mwidth[31m=[32m"24"[31m
                    [33mxmlns[31m=[32m"http://www.w3.org/2000/svg"[31m
                  [36m>[31m
                    [36m<circle[31m
                      [33mcx[31m=[32m"11"[31m
                      [33mcy[31m=[32m"11"[31m
                      [33mr[31m=[32m"8"[31m
                    [36m/>[31m
                    [36m<path[31m
                      [33md[31m=[32m"m21 21-4.3-4.3"[31m
                    [36m/>[31m
                  [36m</svg>[31m
                  [36m<input[31m
                    [33mclass[31m=[32m"flex h-10 rounded-md border border-input bg-background px-3 p...[39m
[31m   [31m×[31m Proposals[2m > [22mhandles template selection[39m[33m 371[2mms[22m[39m
[31m     → Unable to find an element with the text: Choose a template. This could be because the text is broken up by multiple elements. In this case, you can provide a function for your text matcher to make your matcher more flexible.

Ignored nodes: comments, script, style
[36m<body[31m
  [33mdata-scroll-locked[31m=[32m"1"[31m
  [33mstyle[31m=[32m"pointer-events: none;"[31m
[36m>[31m
  [36m<span[31m
    [33maria-hidden[31m=[32m"true"[31m
    [33mdata-aria-hidden[31m=[32m"true"[31m
    [33mdata-radix-focus-guard[31m=[32m""[31m
    [33mstyle[31m=[32m"outline: none; opacity: 0; position: fixed; pointer-events: none;"[31m
    [33mtabindex[31m=[32m"0"[31m
  [36m/>[31m
  [36m<div[31m
    [33maria-hidden[31m=[32m"true"[31m
    [33mdata-aria-hidden[31m=[32m"true"[31m
  [36m>[31m
    [36m<div[31m
      [33mclass[31m=[32m"p-6 max-w-7xl mx-auto"[31m
    [36m>[31m
      [36m<div[31m
        [33mclass[31m=[32m"flex items-center justify-between mb-6"[31m
      [36m>[31m
        [36m<div>[31m
          [36m<h1[31m
            [33mclass[31m=[32m"text-2xl font-bold flex items-center gap-2"[31m
          [36m>[31m
            [36m<svg[31m
              [33mclass[31m=[32m"lucide lucide-file-text h-6 w-6"[31m
              [33mfill[31m=[32m"none"[31m
              [33mheight[31m=[32m"24"[31m
              [33mstroke[31m=[32m"currentColor"[31m
              [33mstroke-linecap[31m=[32m"round"[31m
              [33mstroke-linejoin[31m=[32m"round"[31m
              [33mstroke-width[31m=[32m"2"[31m
              [33mviewBox[31m=[32m"0 0 24 24"[31m
              [33mwidth[31m=[32m"24"[31m
              [33mxmlns[31m=[32m"http://www.w3.org/2000/svg"[31m
            [36m>[31m
              [36m<path[31m
                [33md[31m=[32m"M15 2H6a2 2 0 0 0-2 2v16a2 2 0 0 0 2 2h12a2 2 0 0 0 2-2V7Z"[31m
              [36m/>[31m
              [36m<path[31m
                [33md[31m=[32m"M14 2v4a2 2 0 0 0 2 2h4"[31m
              [36m/>[31m
              [36m<path[31m
                [33md[31m=[32m"M10 9H8"[31m
              [36m/>[31m
              [36m<path[31m
                [33md[31m=[32m"M16 13H8"[31m
              [36m/>[31m
              [36m<path[31m
                [33md[31m=[32m"M16 17H8"[31m
              [36m/>[31m
            [36m</svg>[31m
            [0mProposals & Templates[0m
          [36m</h1>[31m
          [36m<p[31m
            [33mclass[31m=[32m"text-gray-600 mt-1"[31m
          [36m>[31m
            [0mCreate, manage, and send professional proposals[0m
          [36m</p>[31m
        [36m</div>[31m
        [36m<div[31m
          [33mclass[31m=[32m"flex items-center space-x-2"[31m
        [36m>[31m
          [36m<button[31m
            [33mclass[31m=[32m"inline-flex items-center justify-center gap-2 whitespace-nowrap rounded-md text-sm font-medium ring-offset-background transition-colors focus-visible:outline-none focus-visible:ring-2 focus-visible:ring-ring focus-visible:ring-offset-2 disabled:pointer-events-none disabled:opacity-50 [&_svg]:pointer-events-none [&_svg]:size-4 [&_svg]:shrink-0 border border-input bg-background hover:bg-accent hover:text-accent-foreground h-10 px-4 py-2"[31m
          [36m>[31m
            [36m<svg[31m
              [33mclass[31m=[32m"lucide lucide-search h-4 w-4 mr-2"[31m
              [33mfill[31m=[32m"none"[31m
              [33mheight[31m=[32m"24"[31m
              [33mstroke[31m=[32m"currentColor"[31m
              [33mstroke-linecap[31m=[32m"round"[31m
              [33mstroke-linejoin[31m=[32m"round"[31m
              [33mstroke-width[31m=[32m"2"[31m
              [33mviewBox[31m=[32m"0 0 24 24"[31m
              [33mwidth[31m=[32m"24"[31m
              [33mxmlns[31m=[32m"http://www.w3.org/2000/svg"[31m
            [36m>[31m
              [36m<circle[31m
                [33mcx[31m=[32m"11"[31m
                [33mcy[31m=[32m"11"[31m
                [33mr[31m=[32m"8"[31m
              [36m/>[31m
              [36m<path[31m
                [33md[31m=[32m"m21 21-4.3-4.3"[31m
              [36m/>[31m
            [36m</svg>[31m
            [0mRefresh[0m
          [36m</button>[31m
        [36m</div>[31m
      [36m</div>[31m
      [36m<div[31m
        [33mclass[31m=[32m"w-full"[31m
      [36m>[31m
        [36m<div[31m
          [33mclass[31m=[32m"h-10 items-center justify-center rounded-md bg-gray-100 p-1 text-gray-500 grid w-full grid-cols-2"[31m
        [36m>[31m
          [36m<button[31m
            [33mclass[31m=[32m"inline-flex items-center justify-center whitespace-nowrap rounded-sm px-3 py-1.5 text-sm font-medium transition-all focus-visible:outline-none focus-visible:ring-2 focus-visible:ring-blue-500 focus-visible:ring-offset-2 disabled:pointer-events-none disabled:opacity-50 bg-white text-gray-900 shadow-sm"[31m
          [36m>[31m
            [0mProposals ([0m
            [0m0[0m
            [0m)[0m
          [36m</button>[31m
          [36m<button[31m
            [33mclass[31m=[32m"inline-flex items-center justify-center whitespace-nowrap rounded-sm px-3 py-1.5 text-sm font-medium transition-all focus-visible:outline-none focus-visible:ring-2 focus-visible:ring-blue-500 focus-visible:ring-offset-2 disabled:pointer-events-none disabled:opacity-50 text-gray-600 hover:text-gray-900"[31m
          [36m>[31m
            [0mTemplates ([0m
            [0m0[0m
            [0m)[0m
          [36m</button>[31m
        [36m</div>[31m
        [36m<div[31m
          [33mclass[31m=[32m"mt-2 focus-visible:outline-none focus-visible:ring-2 focus-visible:ring-blue-500 focus-visible:ring-offset-2 space-y-6"[31m
        [36m>[31m
          [36m<div[31m
            [33mclass[31m=[32m"flex items-center justify-between"[31m
          [36m>[31m
            [36m<div[31m
              [33mclass[31m=[32m"flex items-center space-x-4"[31m
            [36m>[31m
              [36m<div[31m
                [33mclass[31m=[32m"relative"[31m
              [36m>[31m
                [36m<svg[31m
                  [33mclass[31m=[32m"lucide lucide-search absolute left-3 top-1/2 transform -translate-y-1/2 text-gray-400 h-4 w-4"[31m
                  [33mfill[31m=[32m"none"[31m
                  [33mheight[31m=[32m"24"[31m
                  [33mstroke[31m=[32m"currentColor"[31m
                  [33mstroke-linecap[31m=[32m"round"[31m
                  [33mstroke-linejoin[31m=[32m"round"[31m
                  [33mstroke-width[31m=[32m"2"[31m
                  [33mviewBox[31m=[32m"0 0 24 24"[31m
                  [33mwidth[31m=[32m"24"[31m
                  [33mxmlns[31m=[32m"http://www.w3.org/2000/svg"[31m
                [36m>[31m
                  [36m<circle[31m
                    [33mcx[31m=[32m"11"[31m
                    [33mcy[31m=[32m"11"[31m
                    [33mr[31m=[32m"8"[31m
                  [36m/>[31m
                  [36m<path[31m
                    [33md[31m=[32m"m21 21-4.3-4.3"[31m
                  [36m/>[31m
...[39m
[31m   [31m×[31m Proposals[2m > [22mhandles form validation errors[39m[33m 1441[2mms[22m[39m
[31m     → Unable to find an element with the text: Title is required. This could be because the text is broken up by multiple elements. In this case, you can provide a function for your text matcher to make your matcher more flexible.

Ignored nodes: comments, script, style
[36m<body[31m
  [33mdata-scroll-locked[31m=[32m"1"[31m
  [33mstyle[31m=[32m"pointer-events: none;"[31m
[36m>[31m
  [36m<span[31m
    [33maria-hidden[31m=[32m"true"[31m
    [33mdata-aria-hidden[31m=[32m"true"[31m
    [33mdata-radix-focus-guard[31m=[32m""[31m
    [33mstyle[31m=[32m"outline: none; opacity: 0; position: fixed; pointer-events: none;"[31m
    [33mtabindex[31m=[32m"0"[31m
  [36m/>[31m
  [36m<div[31m
    [33maria-hidden[31m=[32m"true"[31m
    [33mdata-aria-hidden[31m=[32m"true"[31m
  [36m>[31m
    [36m<div[31m
      [33mclass[31m=[32m"p-6 max-w-7xl mx-auto"[31m
    [36m>[31m
      [36m<div[31m
        [33mclass[31m=[32m"flex items-center justify-between mb-6"[31m
      [36m>[31m
        [36m<div>[31m
          [36m<h1[31m
            [33mclass[31m=[32m"text-2xl font-bold flex items-center gap-2"[31m
          [36m>[31m
            [36m<svg[31m
              [33mclass[31m=[32m"lucide lucide-file-text h-6 w-6"[31m
              [33mfill[31m=[32m"none"[31m
              [33mheight[31m=[32m"24"[31m
              [33mstroke[31m=[32m"currentColor"[31m
              [33mstroke-linecap[31m=[32m"round"[31m
              [33mstroke-linejoin[31m=[32m"round"[31m
              [33mstroke-width[31m=[32m"2"[31m
              [33mviewBox[31m=[32m"0 0 24 24"[31m
              [33mwidth[31m=[32m"24"[31m
              [33mxmlns[31m=[32m"http://www.w3.org/2000/svg"[31m
            [36m>[31m
              [36m<path[31m
                [33md[31m=[32m"M15 2H6a2 2 0 0 0-2 2v16a2 2 0 0 0 2 2h12a2 2 0 0 0 2-2V7Z"[31m
              [36m/>[31m
              [36m<path[31m
                [33md[31m=[32m"M14 2v4a2 2 0 0 0 2 2h4"[31m
              [36m/>[31m
              [36m<path[31m
                [33md[31m=[32m"M10 9H8"[31m
              [36m/>[31m
              [36m<path[31m
                [33md[31m=[32m"M16 13H8"[31m
              [36m/>[31m
              [36m<path[31m
                [33md[31m=[32m"M16 17H8"[31m
              [36m/>[31m
            [36m</svg>[31m
            [0mProposals & Templates[0m
          [36m</h1>[31m
          [36m<p[31m
            [33mclass[31m=[32m"text-gray-600 mt-1"[31m
          [36m>[31m
            [0mCreate, manage, and send professional proposals[0m
          [36m</p>[31m
        [36m</div>[31m
        [36m<div[31m
          [33mclass[31m=[32m"flex items-center space-x-2"[31m
        [36m>[31m
          [36m<button[31m
            [33mclass[31m=[32m"inline-flex items-center justify-center gap-2 whitespace-nowrap rounded-md text-sm font-medium ring-offset-background transition-colors focus-visible:outline-none focus-visible:ring-2 focus-visible:ring-ring focus-visible:ring-offset-2 disabled:pointer-events-none disabled:opacity-50 [&_svg]:pointer-events-none [&_svg]:size-4 [&_svg]:shrink-0 border border-input bg-background hover:bg-accent hover:text-accent-foreground h-10 px-4 py-2"[31m
          [36m>[31m
            [36m<svg[31m
              [33mclass[31m=[32m"lucide lucide-search h-4 w-4 mr-2"[31m
              [33mfill[31m=[32m"none"[31m
              [33mheight[31m=[32m"24"[31m
              [33mstroke[31m=[32m"currentColor"[31m
              [33mstroke-linecap[31m=[32m"round"[31m
              [33mstroke-linejoin[31m=[32m"round"[31m
              [33mstroke-width[31m=[32m"2"[31m
              [33mviewBox[31m=[32m"0 0 24 24"[31m
              [33mwidth[31m=[32m"24"[31m
              [33mxmlns[31m=[32m"http://www.w3.org/2000/svg"[31m
            [36m>[31m
              [36m<circle[31m
                [33mcx[31m=[32m"11"[31m
                [33mcy[31m=[32m"11"[31m
                [33mr[31m=[32m"8"[31m
              [36m/>[31m
              [36m<path[31m
                [33md[31m=[32m"m21 21-4.3-4.3"[31m
              [36m/>[31m
            [36m</svg>[31m
            [0mRefresh[0m
          [36m</button>[31m
        [36m</div>[31m
      [36m</div>[31m
      [36m<div[31m
        [33mclass[31m=[32m"w-full"[31m
      [36m>[31m
        [36m<div[31m
          [33mclass[31m=[32m"h-10 items-center justify-center rounded-md bg-gray-100 p-1 text-gray-500 grid w-full grid-cols-2"[31m
        [36m>[31m
          [36m<button[31m
            [33mclass[31m=[32m"inline-flex items-center justify-center whitespace-nowrap rounded-sm px-3 py-1.5 text-sm font-medium transition-all focus-visible:outline-none focus-visible:ring-2 focus-visible:ring-blue-500 focus-visible:ring-offset-2 disabled:pointer-events-none disabled:opacity-50 bg-white text-gray-900 shadow-sm"[31m
          [36m>[31m
            [0mProposals ([0m
            [0m0[0m
            [0m)[0m
          [36m</button>[31m
          [36m<button[31m
            [33mclass[31m=[32m"inline-flex items-center justify-center whitespace-nowrap rounded-sm px-3 py-1.5 text-sm font-medium transition-all focus-visible:outline-none focus-visible:ring-2 focus-visible:ring-blue-500 focus-visible:ring-offset-2 disabled:pointer-events-none disabled:opacity-50 text-gray-600 hover:text-gray-900"[31m
          [36m>[31m
            [0mTemplates ([0m
            [0m0[0m
            [0m)[0m
          [36m</button>[31m
        [36m</div>[31m
        [36m<div[31m
          [33mclass[31m=[32m"mt-2 focus-visible:outline-none focus-visible:ring-2 focus-visible:ring-blue-500 focus-visible:ring-offset-2 space-y-6"[31m
        [36m>[31m
          [36m<div[31m
            [33mclass[31m=[32m"flex items-center justify-between"[31m
          [36m>[31m
            [36m<div[31m
              [33mclass[31m=[32m"flex items-center space-x-4"[31m
            [36m>[31m
              [36m<div[31m
                [33mclass[31m=[32m"relative"[31m
              [36m>[31m
                [36m<svg[31m
                  [33mclass[31m=[32m"lucide lucide-search absolute left-3 top-1/2 transform -translate-y-1/2 text-gray-400 h-4 w-4"[31m
                  [33mfill[31m=[32m"none"[31m
                  [33mheight[31m=[32m"24"[31m
                  [33mstroke[31m=[32m"currentColor"[31m
                  [33mstroke-linecap[31m=[32m"round"[31m
                  [33mstroke-linejoin[31m=[32m"round"[31m
                  [33mstroke-width[31m=[32m"2"[31m
                  [33mviewBox[31m=[32m"0 0 24 24"[31m
                  [33mwidth[31m=[32m"24"[31m
                  [33mxmlns[31m=[32m"http://www.w3.org/2000/svg"[31m
                [36m>[31m
                  [36m<circle[31m
                    [33mcx[31m=[32m"11"[31m
                    [33mcy[31m=[32m"11"[31m
                    [33mr[31m=[32m"8"[31m
                  [36m/>[31m
                  [36m<path[31m
                    [33md[31m=[32m"m21 21-4.3-4.3"[31m
                  [36m/>[31m
...

Ignored nodes: comments, script, style
[36m<html>[31m
  [36m<head />[31m
  [36m<body[31m
    [33mdata-scroll-locked[31m=[32m"1"[31m
    [33mstyle[31m=[32m"pointer-events: none;"[31m
  [36m>[31m
    [36m<span[31m
      [33maria-hidden[31m=[32m"true"[31m
      [33mdata-aria-hidden[31m=[32m"true"[31m
      [33mdata-radix-focus-guard[31m=[32m""[31m
      [33mstyle[31m=[32m"outline: none; opacity: 0; position: fixed; pointer-events: none;"[31m
      [33mtabindex[31m=[32m"0"[31m
    [36m/>[31m
    [36m<div[31m
      [33maria-hidden[31m=[32m"true"[31m
      [33mdata-aria-hidden[31m=[32m"true"[31m
    [36m>[31m
      [36m<div[31m
        [33mclass[31m=[32m"p-6 max-w-7xl mx-auto"[31m
      [36m>[31m
        [36m<div[31m
          [33mclass[31m=[32m"flex items-center justify-between mb-6"[31m
        [36m>[31m
          [36m<div>[31m
            [36m<h1[31m
              [33mclass[31m=[32m"text-2xl font-bold flex items-center gap-2"[31m
            [36m>[31m
              [36m<svg[31m
                [33mclass[31m=[32m"lucide lucide-file-text h-6 w-6"[31m
                [33mfill[31m=[32m"none"[31m
                [33mheight[31m=[32m"24"[31m
                [33mstroke[31m=[32m"currentColor"[31m
                [33mstroke-linecap[31m=[32m"round"[31m
                [33mstroke-linejoin[31m=[32m"round"[31m
                [33mstroke-width[31m=[32m"2"[31m
                [33mviewBox[31m=[32m"0 0 24 24"[31m
                [33mwidth[31m=[32m"24"[31m
                [33mxmlns[31m=[32m"http://www.w3.org/2000/svg"[31m
              [36m>[31m
                [36m<path[31m
                  [33md[31m=[32m"M15 2H6a2 2 0 0 0-2 2v16a2 2 0 0 0 2 2h12a2 2 0 0 0 2-2V7Z"[31m
                [36m/>[31m
                [36m<path[31m
                  [33md[31m=[32m"M14 2v4a2 2 0 0 0 2 2h4"[31m
                [36m/>[31m
                [36m<path[31m
                  [33md[31m=[32m"M10 9H8"[31m
                [36m/>[31m
                [36m<path[31m
                  [33md[31m=[32m"M16 13H8"[31m
                [36m/>[31m
                [36m<path[31m
                  [33md[31m=[32m"M16 17H8"[31m
                [36m/>[31m
              [36m</svg>[31m
              [0mProposals & Templates[0m
            [36m</h1>[31m
            [36m<p[31m
              [33mclass[31m=[32m"text-gray-600 mt-1"[31m
            [36m>[31m
              [0mCreate, manage, and send professional proposals[0m
            [36m</p>[31m
          [36m</div>[31m
          [36m<div[31m
            [33mclass[31m=[32m"flex items-center space-x-2"[31m
          [36m>[31m
            [36m<button[31m
              [33mclass[31m=[32m"inline-flex items-center justify-center gap-2 whitespace-nowrap rounded-md text-sm font-medium ring-offset-background transition-colors focus-visible:outline-none focus-visible:ring-2 focus-visible:ring-ring focus-visible:ring-offset-2 disabled:pointer-events-none disabled:opacity-50 [&_svg]:pointer-events-none [&_svg]:size-4 [&_svg]:shrink-0 border border-input bg-background hover:bg-accent hover:text-accent-foreground h-10 px-4 py-2"[31m
            [36m>[31m
              [36m<svg[31m
                [33mclass[31m=[32m"lucide lucide-search h-4 w-4 mr-2"[31m
                [33mfill[31m=[32m"none"[31m
                [33mheight[31m=[32m"24"[31m
                [33mstroke[31m=[32m"currentColor"[31m
                [33mstroke-linecap[31m=[32m"round"[31m
                [33mstroke-linejoin[31m=[32m"round"[31m
                [33mstroke-width[31m=[32m"2"[31m
                [33mviewBox[31m=[32m"0 0 24 24"[31m
                [33mwidth[31m=[32m"24"[31m
                [33mxmlns[31m=[32m"http://www.w3.org/2000/svg"[31m
              [36m>[31m
                [36m<circle[31m
                  [33mcx[31m=[32m"11"[31m
                  [33mcy[31m=[32m"11"[31m
                  [33mr[31m=[32m"8"[31m
                [36m/>[31m
                [36m<path[31m
                  [33md[31m=[32m"m21 21-4.3-4.3"[31m
                [36m/>[31m
              [36m</svg>[31m
              [0mRefresh[0m
            [36m</button>[31m
          [36m</div>[31m
        [36m</div>[31m
        [36m<div[31m
          [33mclass[31m=[32m"w-full"[31m
        [36m>[31m
          [36m<div[31m
            [33mclass[31m=[32m"h-10 items-center justify-center rounded-md bg-gray-100 p-1 text-gray-500 grid w-full grid-cols-2"[31m
          [36m>[31m
            [36m<button[31m
              [33mclass[31m=[32m"inline-flex items-center justify-center whitespace-nowrap rounded-sm px-3 py-1.5 text-sm font-medium transition-all focus-visible:outline-none focus-visible:ring-2 focus-visible:ring-blue-500 focus-visible:ring-offset-2 disabled:pointer-events-none disabled:opacity-50 bg-white text-gray-900 shadow-sm"[31m
            [36m>[31m
              [0mProposals ([0m
              [0m0[0m
              [0m)[0m
            [36m</button>[31m
            [36m<button[31m
              [33mclass[31m=[32m"inline-flex items-center justify-center whitespace-nowrap rounded-sm px-3 py-1.5 text-sm font-medium transition-all focus-visible:outline-none focus-visible:ring-2 focus-visible:ring-blue-500 focus-visible:ring-offset-2 disabled:pointer-events-none disabled:opacity-50 text-gray-600 hover:text-gray-900"[31m
            [36m>[31m
              [0mTemplates ([0m
              [0m0[0m
              [0m)[0m
            [36m</button>[31m
          [36m</div>[31m
          [36m<div[31m
            [33mclass[31m=[32m"mt-2 focus-visible:outline-none focus-visible:ring-2 focus-visible:ring-blue-500 focus-visible:ring-offset-2 space-y-6"[31m
          [36m>[31m
            [36m<div[31m
              [33mclass[31m=[32m"flex items-center justify-between"[31m
            [36m>[31m
              [36m<div[31m
                [33mclass[31m=[32m"flex items-center space-x-4"[31m
              [36m>[31m
                [36m<div[31m
                  [33mclass[31m=[32m"relative"[31m
                [36m>[31m
                  [36m<svg[31m
                    [33mclass[31m=[32m"lucide lucide-search absolute left-3 top-1/2 transform -translate-y-1/2 text-gray-400 h-4 w-4"[31m
                    [33mfill[31m=[32m"none"[31m
                    [33mheight[31m=[32m"24"[31m
                    [33mstroke[31m=[32m"currentColor"[31m
                    [33mstroke-linecap[31m=[32m"round"[31m
                    [33mstroke-linejoin[31m=[32m"round"[31m
                    [33mstroke-width[31m=[32m"2"[31m
                    [33mviewBox[31m=[32m"0 0 24 24"[31m
                    [33mwidth[31m=[32m"24"[31m
                    [33mxmlns[31m=[32m"http://www.w3.org/2000/svg"[31m
                  [36m>[31m
                    ...[39m
[31m   [31m×[31m Proposals[2m > [22mhandles API errors gracefully[39m[33m 1035[2mms[22m[39m
[31m     → expected "spy" to be called with arguments: [ { title: 'Error', …(2) } ][90m

Number of calls: [1m0[22m
[31m

Ignored nodes: comments, script, style
[36m<html>[31m
  [36m<head />[31m
  [36m<body[31m
    [33mstyle[31m=[32m""[31m
  [36m>[31m
    [36m<div>[31m
      [36m<div[31m
        [33mclass[31m=[32m"p-6 max-w-7xl mx-auto"[31m
      [36m>[31m
        [36m<div[31m
          [33mclass[31m=[32m"flex items-center justify-between mb-6"[31m
        [36m>[31m
          [36m<div>[31m
            [36m<h1[31m
              [33mclass[31m=[32m"text-2xl font-bold flex items-center gap-2"[31m
            [36m>[31m
              [36m<svg[31m
                [33mclass[31m=[32m"lucide lucide-file-text h-6 w-6"[31m
                [33mfill[31m=[32m"none"[31m
                [33mheight[31m=[32m"24"[31m
                [33mstroke[31m=[32m"currentColor"[31m
                [33mstroke-linecap[31m=[32m"round"[31m
                [33mstroke-linejoin[31m=[32m"round"[31m
                [33mstroke-width[31m=[32m"2"[31m
                [33mviewBox[31m=[32m"0 0 24 24"[31m
                [33mwidth[31m=[32m"24"[31m
                [33mxmlns[31m=[32m"http://www.w3.org/2000/svg"[31m
              [36m>[31m
                [36m<path[31m
                  [33md[31m=[32m"M15 2H6a2 2 0 0 0-2 2v16a2 2 0 0 0 2 2h12a2 2 0 0 0 2-2V7Z"[31m
                [36m/>[31m
                [36m<path[31m
                  [33md[31m=[32m"M14 2v4a2 2 0 0 0 2 2h4"[31m
                [36m/>[31m
                [36m<path[31m
                  [33md[31m=[32m"M10 9H8"[31m
                [36m/>[31m
                [36m<path[31m
                  [33md[31m=[32m"M16 13H8"[31m
                [36m/>[31m
                [36m<path[31m
                  [33md[31m=[32m"M16 17H8"[31m
                [36m/>[31m
              [36m</svg>[31m
              [0mProposals & Templates[0m
            [36m</h1>[31m
            [36m<p[31m
              [33mclass[31m=[32m"text-gray-600 mt-1"[31m
            [36m>[31m
              [0mCreate, manage, and send professional proposals[0m
            [36m</p>[31m
          [36m</div>[31m
          [36m<div[31m
            [33mclass[31m=[32m"flex items-center space-x-2"[31m
          [36m>[31m
            [36m<button[31m
              [33mclass[31m=[32m"inline-flex items-center justify-center gap-2 whitespace-nowrap rounded-md text-sm font-medium ring-offset-background transition-colors focus-visible:outline-none focus-visible:ring-2 focus-visible:ring-ring focus-visible:ring-offset-2 disabled:pointer-events-none disabled:opacity-50 [&_svg]:pointer-events-none [&_svg]:size-4 [&_svg]:shrink-0 border border-input bg-background hover:bg-accent hover:text-accent-foreground h-10 px-4 py-2"[31m
            [36m>[31m
              [36m<svg[31m
                [33mclass[31m=[32m"lucide lucide-search h-4 w-4 mr-2"[31m
                [33mfill[31m=[32m"none"[31m
                [33mheight[31m=[32m"24"[31m
                [33mstroke[31m=[32m"currentColor"[31m
                [33mstroke-linecap[31m=[32m"round"[31m
                [33mstroke-linejoin[31m=[32m"round"[31m
                [33mstroke-width[31m=[32m"2"[31m
                [33mviewBox[31m=[32m"0 0 24 24"[31m
                [33mwidth[31m=[32m"24"[31m
                [33mxmlns[31m=[32m"http://www.w3.org/2000/svg"[31m
              [36m>[31m
                [36m<circle[31m
                  [33mcx[31m=[32m"11"[31m
                  [33mcy[31m=[32m"11"[31m
                  [33mr[31m=[32m"8"[31m
                [36m/>[31m
                [36m<path[31m
                  [33md[31m=[32m"m21 21-4.3-4.3"[31m
                [36m/>[31m
              [36m</svg>[31m
              [0mRefresh[0m
            [36m</button>[31m
          [36m</div>[31m
        [36m</div>[31m
        [36m<div[31m
          [33mclass[31m=[32m"w-full"[31m
        [36m>[31m
          [36m<div[31m
            [33mclass[31m=[32m"h-10 items-center justify-center rounded-md bg-gray-100 p-1 text-gray-500 grid w-full grid-cols-2"[31m
          [36m>[31m
            [36m<button[31m
              [33mclass[31m=[32m"inline-flex items-center justify-center whitespace-nowrap rounded-sm px-3 py-1.5 text-sm font-medium transition-all focus-visible:outline-none focus-visible:ring-2 focus-visible:ring-blue-500 focus-visible:ring-offset-2 disabled:pointer-events-none disabled:opacity-50 bg-white text-gray-900 shadow-sm"[31m
            [36m>[31m
              [0mProposals ([0m
              [0m0[0m
              [0m)[0m
            [36m</button>[31m
            [36m<button[31m
              [33mclass[31m=[32m"inline-flex items-center justify-center whitespace-nowrap rounded-sm px-3 py-1.5 text-sm font-medium transition-all focus-visible:outline-none focus-visible:ring-2 focus-visible:ring-blue-500 focus-visible:ring-offset-2 disabled:pointer-events-none disabled:opacity-50 text-gray-600 hover:text-gray-900"[31m
            [36m>[31m
              [0mTemplates ([0m
              [0m0[0m
              [0m)[0m
            [36m</button>[31m
          [36m</div>[31m
          [36m<div[31m
            [33mclass[31m=[32m"mt-2 focus-visible:outline-none focus-visible:ring-2 focus-visible:ring-blue-500 focus-visible:ring-offset-2 space-y-6"[31m
          [36m>[31m
            [36m<div[31m
              [33mclass[31m=[32m"flex items-center justify-between"[31m
            [36m>[31m
              [36m<div[31m
                [33mclass[31m=[32m"flex items-center space-x-4"[31m
              [36m>[31m
                [36m<div[31m
                  [33mclass[31m=[32m"relative"[31m
                [36m>[31m
                  [36m<svg[31m
                    [33mclass[31m=[32m"lucide lucide-search absolute left-3 top-1/2 transform -translate-y-1/2 text-gray-400 h-4 w-4"[31m
                    [33mfill[31m=[32m"none"[31m
                    [33mheight[31m=[32m"24"[31m
                    [33mstroke[31m=[32m"currentColor"[31m
                    [33mstroke-linecap[31m=[32m"round"[31m
                    [33mstroke-linejoin[31m=[32m"round"[31m
                    [33mstroke-width[31m=[32m"2"[31m
                    [33mviewBox[31m=[32m"0 0 24 24"[31m
                    [33mwidth[31m=[32m"24"[31m
                    [33mxmlns[31m=[32m"http://www.w3.org/2000/svg"[31m
                  [36m>[31m
                    [36m<circle[31m
                      [33mcx[31m=[32m"11"[31m
                      [33mcy[31m=[32m"11"[31m
                      [33mr[31m=[32m"8"[31m
                    [36m/>[31m
                    [36m<path[31m
                      [33md[31m=[32m"m21 21-4.3-4.3"[31m
                    [36m/>[31m
                  [36m</svg>[31m
                  [36m<input[31m
                    [33mclass[31m=[32m"flex h-10 rounded-md border border-input bg-background px-3 p...[39m
[31m   [31m×[31m Proposals[2m > [22mcancels deletion when user declines confirmation[39m[33m 1015[2mms[22m[39m
[31m     → Unable to find an element with the text: Delete. This could be because the text is broken up by multiple elements. In this case, you can provide a function for your text matcher to make your matcher more flexible.

Ignored nodes: comments, script, style
[36m<body[31m
  [33mstyle[31m=[32m""[31m
[36m>[31m
  [36m<div>[31m
    [36m<div[31m
      [33mclass[31m=[32m"p-6 max-w-7xl mx-auto"[31m
    [36m>[31m
      [36m<div[31m
        [33mclass[31m=[32m"flex items-center justify-between mb-6"[31m
      [36m>[31m
        [36m<div>[31m
          [36m<h1[31m
            [33mclass[31m=[32m"text-2xl font-bold flex items-center gap-2"[31m
          [36m>[31m
            [36m<svg[31m
              [33mclass[31m=[32m"lucide lucide-file-text h-6 w-6"[31m
              [33mfill[31m=[32m"none"[31m
              [33mheight[31m=[32m"24"[31m
              [33mstroke[31m=[32m"currentColor"[31m
              [33mstroke-linecap[31m=[32m"round"[31m
              [33mstroke-linejoin[31m=[32m"round"[31m
              [33mstroke-width[31m=[32m"2"[31m
              [33mviewBox[31m=[32m"0 0 24 24"[31m
              [33mwidth[31m=[32m"24"[31m
              [33mxmlns[31m=[32m"http://www.w3.org/2000/svg"[31m
            [36m>[31m
              [36m<path[31m
                [33md[31m=[32m"M15 2H6a2 2 0 0 0-2 2v16a2 2 0 0 0 2 2h12a2 2 0 0 0 2-2V7Z"[31m
              [36m/>[31m
              [36m<path[31m
                [33md[31m=[32m"M14 2v4a2 2 0 0 0 2 2h4"[31m
              [36m/>[31m
              [36m<path[31m
                [33md[31m=[32m"M10 9H8"[31m
              [36m/>[31m
              [36m<path[31m
                [33md[31m=[32m"M16 13H8"[31m
              [36m/>[31m
              [36m<path[31m
                [33md[31m=[32m"M16 17H8"[31m
              [36m/>[31m
            [36m</svg>[31m
            [0mProposals & Templates[0m
          [36m</h1>[31m
          [36m<p[31m
            [33mclass[31m=[32m"text-gray-600 mt-1"[31m
          [36m>[31m
            [0mCreate, manage, and send professional proposals[0m
          [36m</p>[31m
        [36m</div>[31m
        [36m<div[31m
          [33mclass[31m=[32m"flex items-center space-x-2"[31m
        [36m>[31m
          [36m<button[31m
            [33mclass[31m=[32m"inline-flex items-center justify-center gap-2 whitespace-nowrap rounded-md text-sm font-medium ring-offset-background transition-colors focus-visible:outline-none focus-visible:ring-2 focus-visible:ring-ring focus-visible:ring-offset-2 disabled:pointer-events-none disabled:opacity-50 [&_svg]:pointer-events-none [&_svg]:size-4 [&_svg]:shrink-0 border border-input bg-background hover:bg-accent hover:text-accent-foreground h-10 px-4 py-2"[31m
          [36m>[31m
            [36m<svg[31m
              [33mclass[31m=[32m"lucide lucide-search h-4 w-4 mr-2"[31m
              [33mfill[31m=[32m"none"[31m
              [33mheight[31m=[32m"24"[31m
              [33mstroke[31m=[32m"currentColor"[31m
              [33mstroke-linecap[31m=[32m"round"[31m
              [33mstroke-linejoin[31m=[32m"round"[31m
              [33mstroke-width[31m=[32m"2"[31m
              [33mviewBox[31m=[32m"0 0 24 24"[31m
              [33mwidth[31m=[32m"24"[31m
              [33mxmlns[31m=[32m"http://www.w3.org/2000/svg"[31m
            [36m>[31m
              [36m<circle[31m
                [33mcx[31m=[32m"11"[31m
                [33mcy[31m=[32m"11"[31m
                [33mr[31m=[32m"8"[31m
              [36m/>[31m
              [36m<path[31m
                [33md[31m=[32m"m21 21-4.3-4.3"[31m
              [36m/>[31m
            [36m</svg>[31m
            [0mRefresh[0m
          [36m</button>[31m
        [36m</div>[31m
      [36m</div>[31m
      [36m<div[31m
        [33mclass[31m=[32m"w-full"[31m
      [36m>[31m
        [36m<div[31m
          [33mclass[31m=[32m"h-10 items-center justify-center rounded-md bg-gray-100 p-1 text-gray-500 grid w-full grid-cols-2"[31m
        [36m>[31m
          [36m<button[31m
            [33mclass[31m=[32m"inline-flex items-center justify-center whitespace-nowrap rounded-sm px-3 py-1.5 text-sm font-medium transition-all focus-visible:outline-none focus-visible:ring-2 focus-visible:ring-blue-500 focus-visible:ring-offset-2 disabled:pointer-events-none disabled:opacity-50 bg-white text-gray-900 shadow-sm"[31m
          [36m>[31m
            [0mProposals ([0m
            [0m0[0m
            [0m)[0m
          [36m</button>[31m
          [36m<button[31m
            [33mclass[31m=[32m"inline-flex items-center justify-center whitespace-nowrap rounded-sm px-3 py-1.5 text-sm font-medium transition-all focus-visible:outline-none focus-visible:ring-2 focus-visible:ring-blue-500 focus-visible:ring-offset-2 disabled:pointer-events-none disabled:opacity-50 text-gray-600 hover:text-gray-900"[31m
          [36m>[31m
            [0mTemplates ([0m
            [0m0[0m
            [0m)[0m
          [36m</button>[31m
        [36m</div>[31m
        [36m<div[31m
          [33mclass[31m=[32m"mt-2 focus-visible:outline-none focus-visible:ring-2 focus-visible:ring-blue-500 focus-visible:ring-offset-2 space-y-6"[31m
        [36m>[31m
          [36m<div[31m
            [33mclass[31m=[32m"flex items-center justify-between"[31m
          [36m>[31m
            [36m<div[31m
              [33mclass[31m=[32m"flex items-center space-x-4"[31m
            [36m>[31m
              [36m<div[31m
                [33mclass[31m=[32m"relative"[31m
              [36m>[31m
                [36m<svg[31m
                  [33mclass[31m=[32m"lucide lucide-search absolute left-3 top-1/2 transform -translate-y-1/2 text-gray-400 h-4 w-4"[31m
                  [33mfill[31m=[32m"none"[31m
                  [33mheight[31m=[32m"24"[31m
                  [33mstroke[31m=[32m"currentColor"[31m
                  [33mstroke-linecap[31m=[32m"round"[31m
                  [33mstroke-linejoin[31m=[32m"round"[31m
                  [33mstroke-width[31m=[32m"2"[31m
                  [33mviewBox[31m=[32m"0 0 24 24"[31m
                  [33mwidth[31m=[32m"24"[31m
                  [33mxmlns[31m=[32m"http://www.w3.org/2000/svg"[31m
                [36m>[31m
                  [36m<circle[31m
                    [33mcx[31m=[32m"11"[31m
                    [33mcy[31m=[32m"11"[31m
                    [33mr[31m=[32m"8"[31m
                  [36m/>[31m
                  [36m<path[31m
                    [33md[31m=[32m"m21 21-4.3-4.3"[31m
                  [36m/>[31m
                [36m</svg>[31m
                [36m<input[31m
                  [33mclass[31m=[32m"flex h-10 rounded-md border border-input bg-background px-3 py-2 text-sm ring-offset-background file:border-0 file:bg-transparent file:text-sm file:font-medium placeholder:text-muted-foreground focus-visible:outline-none focus-visible:ring-2 focus-visible:ring-ring focus-visible:ring-offset-2 disabled:cursor-not-allowed disabled:opacity-50 pl-10 w-64"[31m
                  [33mplaceholder[31m=[32m"Search proposals..."[31m
                  [33mvalue[31m=[32m""[31m
                [36m/>[31m
              [36m</div>[31m
              [36m<button[31m
                [33maria-autocomplete[31m=[32m"none"[31m
                [33maria-controls[31m=[32m"radix-:r6i:"[31m
                [33maria-expanded[31m=[32m"false"[31m
                [33mclass[31m=[32m"flex h-10 items-center justify-between rounded-md border border-input bg-background px-3 py-2 text-sm ring-offset-background data-[placeholder]:text-muted-foreground focus:outline-none focus:ring-2 focus:ring-ring focus:ring-offset-2 disabled:cursor-not-allowed disabled:opacity-50 [&>span]:line-clamp-1 w-40"[31m
                [33mdata-state[31m=[32m"closed"[31m
                [33mdir[31m=[32m"ltr"[31m
                [33mrole[31m=[32m"combobox"[31m
                [33mtype[31m=[32m"button"[31m
              [36m>[31m
                [36m<svg[31m
                  [33mclass[31m=[32m"lucide lucide-filter h-4 w-4 mr-2"[31m
                  [33mfill[31m=[32m"none"[31m
                  [33mheight[31m=[32m"24"[31m
                  [33mstroke[31m=[32m"currentColor"[31m
                  [33mstroke-linecap[31m=[32m"round"[31m
                  [33mstroke-linejoin[31m=[32m"round"[31m
                  [33mstroke-width[31m=[32m"2"[31m
                  [33mviewBox[31m=[32m"0 0 24 24"[31m
                  [33mwidth[31m=[32m"24"[31m
                  [33mxmlns[31m=[32m"http://www.w3.org/2000/svg"[31m
                [36m>[31m
                  [36m<polygon[31m
                    [33mpoints[31m=[32m"22 3 2 3 10 12.46 10 19 14 21 14 12.46 22 3"[31m
                  [36m/>[31m
                [36m</svg>[31m
                [36m<span[31m
                  [33mstyle[31m=[32m"pointer-events: none;"[31m
                [36m>[31m
                  [0mAll Status[0m
                [36m</span>[31m
                [36m<svg[31m
                  [33maria-hidden[31m=[32m"true"[31m
                  [33mclass[31m=[32m"lucide lucide-chevron-down h-4 w-4 opacity-50"[31m
                  [33mfill[31m=[32m"none"[31m
                  [33mheight[31m=[32m"24"[31m
                  [33mstroke[31m=[32m"currentColor"[31m
                  [33mstroke-linecap[31m=[32m"round"[31m
                  [33mstroke-linejoin[31m=[32m"round"[31m
                  [33mstroke-width[31m=[32m"2"[31m
                  [33mviewBox[31m=[32m"0 0 24 24"[31m
                  [33mwidth[31m=[32m"24"[31m
                  [33mxmlns[31m=[32m"http://www.w3.org/2000/svg"[31m
                [36m>[31m
                  [36m<path[31m
                    [33md[31m=[32m"m6 9 6 6 6-6"[31m
                  [36m/>[31m
                [36m</svg>[31m
              [36m</button>[31m
            [36m</div>[31m
            [36m<button[31m
              [33mclass[31m=[32m"inline-flex items-center justify-center gap-2 whitespace-nowrap rounded-md text-sm font-medium ring-offset-background transition-colors focus-visible:outline-none focus-visible:ring-2 focus-visible:ring-ring focus-visible:ring-offset-2 disabled:pointer-events-none disabled:opacity-50 [&_svg]:pointer-events-none [&_svg]:size-4 [&_svg]:shrink-0 bg-primary text-primary-foreground hover:bg-primary/90 h-10 px-4 py-2"[31m
            [36m>[31m
              [36m<svg[31m
                [33mclass[31m=[32m"lucide lucide-plus h-4 w-4 mr-2"[31m
                [33mfill[31m=[32m"none"[31m
                [33mheight[31m=[32m"24"[31m
                [33mstroke[31m=[32m"currentColor"[31m
                [33mstroke-linecap[31m=[32m"round"[31m
                [33mstroke-linejoin[31m=[32m"round"[31m
                [33mstroke-width[31m=[32m"2"[31m
                [33mviewBox[31m=[32m"0 0 24 24"[31m
                [33mwidth[31m=[32m"24"[31m
                [33mxmlns[31m=[32m"http://www.w3.org/2000/svg"[31m
              [36m>[31m
                [36m<path[31m
                  [33md[31m=[32m"M5 12h14"[31m
                [36m/>[31m
                [36m<path[31m
                  [33md[31m=[32m"M12 5v14"[31m
                [36m/>[31m
              [36m</svg>[31m
              [0mNew Proposal[0m
            [36m</button>[31m
          [36m</div>[31m
          [36m<div[31m
            [33mclass[31m=[32m"grid grid-cols-1 md:grid-cols-2 lg:grid-cols-3 gap-6"[31m
          [36m/>[31m
          [36m<div[31m
            [33mclass[31m=[32m"text-center py-12"[31m
          [36m>[31m
            [36m<svg[31m
              [33mclass[31m=[32m"lucide lucide-file-text h-12 w-12 text-gray-400 mx-auto mb-4"[31m
              [33mfill[31m=[32m"none"[31m
              [33mheight[31m=[32m"24"[31m
              [33mstroke[31m=[32m"currentColor"[31m
              [33mstroke-linecap[31m=[32m"round"[31m
              [33mstroke-linejoin[31m=[32m"round"[31m
              [33mstroke-width[31m=[32m"2"[31m
              [33mviewBox[31m=[32m"0 0 24 24"[31m
              [33mwidth[31m=[32m"24"[31m
              [33mxmlns[31m=[32m"http://www.w3.org/2000/svg"[31m
            [36m>[31m
              [36m<path[31m
                [33md[31m=[32m"M15 2H6a2 2 0 0 0-2 2v16a2 2 0 0 0 2 2h12a2 2 0 0 0 2-2V7Z"[31m
              [36m/>[31m
              [36m<path[31m
                [33md[31m=[32m"M14 2v4a2 2 0 0 0 2 2h4"[31m
              [36m/>[31m
              [36m<path[31m
                [33md[31m=[32m"M10 9H8"[31m
              [36m/>[31m
              [36m<path[31m
                [33md[31m=[32m"M16 13H8"[31m
              [36m/>[31m
              [36m<path[31m
                [33md[31m=[32m"M16 17H8"[31m
              [36m/>[31m
            [36m</svg>[31m
            [36m<h3[31m
              [33mclass[31m=[32m"text-lg font-medium text-gray-900 mb-2"[31m
            [36m>[31m
              [0mNo proposals found[0m
            [36m</h3>[31m
            [36m<p[31m
              [33mclass[31m=[32m"text-gray-600 mb-4"[31m
            [36m>[31m
              [0mGet started by creating your first proposal[0m
            [36m</p>[31m
            [36m<button[31m
              [33mclass[31m=[32m"inline-flex items-center justify-center gap-2 whitespace-nowrap rounded-md text-sm font-medium ring-offset-background transition-colors focus-visible:outline-none focus-visible:ring-2 focus-visible:ring-ring focus-visible:ring-offset-2 disabled:pointer-events-none disabled:opacity-50 [&_svg]:pointer-events-none [&_svg]:size-4 [&_svg]:shrink-0 bg-primary text-primary-foreground hover:bg-primary/90 h-10 px-4 py-2"[31m
            [36m>[31m
              [36m<svg[31m
                [33mclass[31m=[32m"lucide lucide-plus h-4 w-4 mr-2"[31m
                [33mfill[31m=[32m"none"[31m
                [33mheight[31m=[32m"24"[31m
                [33mstroke[31m=[32m"currentColor"[31m
                [33mstroke-linecap[31m=[32m"round"[31m
                [33mstroke-linejoin[31m=[32m"round"[31m
                [33mstroke-width[31m=[32m"2"[31m
                [33mviewBox[31m=[32m"0 0 24 24"[31m
                [33mwidth[31m=[32m"24"[31m
                [33mxmlns[31m=[32m"http://www.w3.org/2000/svg"[31m
              [36m>[31m
                [36m<path[31m
                  [33md[31m=[32m"M5 12h14"[31m
                [36m/>[31m
                [36m<path[31m
                  [33md[31m=[32m"M12 5v14"[31m
                [36m/>[31m
              [36m</svg>[31m
              [0mCreate Proposal[0m
            [36m</button>[31m
          [36m</div>[31m
        [36m</div>[31m
      [36m</div>[31m
    [36m</div>[31m
  [36m</div>[31m
[36m</body>[31m

Ignored nodes: comments, script, style
[36m<html>[31m
  [36m<head />[31m
  [36m<body[31m
    [33mstyle[31m=[32m""[31m
  [36m>[31m
    [36m<div>[31m
      [36m<div[31m
        [33mclass[31m=[32m"p-6 max-w-7xl mx-auto"[31m
      [36m>[31m
        [36m<div[31m
          [33mclass[31m=[32m"flex items-center justify-between mb-6"[31m
        [36m>[31m
          [36m<div>[31m
            [36m<h1[31m
              [33mclass[31m=[32m"text-2xl font-bold flex items-center gap-2"[31m
            [36m>[31m
              [36m<svg[31m
                [33mclass[31m=[32m"lucide lucide-file-text h-6 w-6"[31m
                [33mfill[31m=[32m"none"[31m
                [33mheight[31m=[32m"24"[31m
                [33mstroke[31m=[32m"currentColor"[31m
                [33mstroke-linecap[31m=[32m"round"[31m
                [33mstroke-linejoin[31m=[32m"round"[31m
                [33mstroke-width[31m=[32m"2"[31m
                [33mviewBox[31m=[32m"0 0 24 24"[31m
                [33mwidth[31m=[32m"24"[31m
                [33mxmlns[31m=[32m"http://www.w3.org/2000/svg"[31m
              [36m>[31m
                [36m<path[31m
                  [33md[31m=[32m"M15 2H6a2 2 0 0 0-2 2v16a2 2 0 0 0 2 2h12a2 2 0 0 0 2-2V7Z"[31m
                [36m/>[31m
                [36m<path[31m
                  [33md[31m=[32m"M14 2v4a2 2 0 0 0 2 2h4"[31m
                [36m/>[31m
                [36m<path[31m
                  [33md[31m=[32m"M10 9H8"[31m
                [36m/>[31m
                [36m<path[31m
                  [33md[31m=[32m"M16 13H8"[31m
                [36m/>[31m
                [36m<path[31m
                  [33md[31m=[32m"M16 17H8"[31m
                [36m/>[31m
              [36m</svg>[31m
              [0mProposals & Templates[0m
            [36m</h1>[31m
            [36m<p[31m
              [33mclass[31m=[32m"text-gray-600 mt-1"[31m
            [36m>[31m
              [0mCreate, manage, and send professional proposals[0m
            [36m</p>[31m
          [36m</div>[31m
          [36m<div[31m
            [33mclass[31m=[32m"flex items-center space-x-2"[31m
          [36m>[31m
            [36m<button[31m
              [33mclass[31m=[32m"inline-flex items-center justify-center gap-2 whitespace-nowrap rounded-md text-sm font-medium ring-offset-background transition-colors focus-visible:outline-none focus-visible:ring-2 focus-visible:ring-ring focus-visible:ring-offset-2 disabled:pointer-events-none disabled:opacity-50 [&_svg]:pointer-events-none [&_svg]:size-4 [&_svg]:shrink-0 border border-input bg-background hover:bg-accent hover:text-accent-foreground h-10 px-4 py-2"[31m
            [36m>[31m
              [36m<svg[31m
                [33mclass[31m=[32m"lucide lucide-search h-4 w-4 mr-2"[31m
                [33mfill[31m=[32m"none"[31m
                [33mheight[31m=[32m"24"[31m
                [33mstroke[31m=[32m"currentColor"[31m
                [33mstroke-linecap[31m=[32m"round"[31m
                [33mstroke-linejoin[31m=[32m"round"[31m
                [33mstroke-width[31m=[32m"2"[31m
                [33mviewBox[31m=[32m"0 0 24 24"[31m
                [33mwidth[31m=[32m"24"[31m
                [33mxmlns[31m=[32m"http://www.w3.org/2000/svg"[31m
              [36m>[31m
                [36m<circle[31m
                  [33mcx[31m=[32m"11"[31m
                  [33mcy[31m=[32m"11"[31m
                  [33mr[31m=[32m"8"[31m
                [36m/>[31m
                [36m<path[31m
                  [33md[31m=[32m"m21 21-4.3-4.3"[31m
                [36m/>[31m
              [36m</svg>[31m
              [0mRefresh[0m
            [36m</button>[31m
          [36m</div>[31m
        [36m</div>[31m
        [36m<div[31m
          [33mclass[31m=[32m"w-full"[31m
        [36m>[31m
          [36m<div[31m
            [33mclass[31m=[32m"h-10 items-center justify-center rounded-md bg-gray-100 p-1 text-gray-500 grid w-full grid-cols-2"[31m
          [36m>[31m
            [36m<button[31m
              [33mclass[31m=[32m"inline-flex items-center justify-center whitespace-nowrap rounded-sm px-3 py-1.5 text-sm font-medium transition-all focus-visible:outline-none focus-visible:ring-2 focus-visible:ring-blue-500 focus-visible:ring-offset-2 disabled:pointer-events-none disabled:opacity-50 bg-white text-gray-900 shadow-sm"[31m
            [36m>[31m
              [0mProposals ([0m
              [0m0[0m
              [0m)[0m
            [36m</button>[31m
            [36m<button[31m
              [33mclass[31m=[32m"inline-flex items-center justify-center whitespace-nowrap rounded-sm px-3 py-1.5 text-sm font-medium transition-all focus-visible:outline-none focus-visible:ring-2 focus-visible:ring-blue-500 focus-visible:ring-offset-2 disabled:pointer-events-none disabled:opacity-50 text-gray-600 hover:text-gray-900"[31m
            [36m>[31m
              [0mTemplates ([0m
              [0m0[0m
              [0m)[0m
            [36m</button>[31m
          [36m</div>[31m
          [36m<div[31m
            [33mclass[31m=[32m"mt-2 focus-visible:outline-none focus-visible:ring-2 focus-visible:ring-blue-500 focus-visible:ring-offset-2 space-y-6"[31m
          [36m>[31m
            [36m<div[31m
              [33mclass[31m=[32m"flex items-center justify-between"[31m
            [36m>[31m
              [36m<div[31m
                [33mclass[31m=[32m"flex items-center space-x-4"[31m
              [36m>[31m
                [36m<div[31m
                  [33mclass[31m=[32m"relative"[31m
                [36m>[31m
                  [36m<svg[31m
                    [33mclass[31m=[32m"lucide lucide-search absolute left-3 top-1/2 transform -translate-y-1/2 text-gray-400 h-4 w-4"[31m
                    [33mfill[31m=[32m"none"[31m
                    [33mheight[31m=[32m"24"[31m
                    [33mstroke[31m=[32m"currentColor"[31m
                    [33mstroke-linecap[31m=[32m"round"[31m
                    [33mstroke-linejoin[31m=[32m"round"[31m
                    [33mstroke-width[31m=[32m"2"[31m
                    [33mviewBox[31m=[32m"0 0 24 24"[31m
                    [33mwidth[31m=[32m"24"[31m
                    [33mxmlns[31m=[32m"http://www.w3.org/2000/svg"[31m
                  [36m>[31m
                    [36m<circle[31m
                      [33mcx[31m=[32m"11"[31m
                      [33mcy[31m=[32m"11"[31m
                      [33mr[31m=[32m"8"[31m
                    [36m/>[31m
                    [36m<path[31m
                      [33md[31m=[32m"m21 21-4.3-4.3"[31m
                    [36m/>[31m
                  [36m</svg>[31m
                  [36m<input[31m
                    [33mclass[31m=[32m"flex h-10 rounded-md border border-input bg-background px-3 p...[39m
[31m   [31m×[31m Proposals[2m > [22mcloses modals when cancel is clicked[39m[32m 299[2mms[22m[39m
[31m     → Unable to find an element with the text: Cancel. This could be because the text is broken up by multiple elements. In this case, you can provide a function for your text matcher to make your matcher more flexible.

Ignored nodes: comments, script, style
[36m<body[31m
  [33mdata-scroll-locked[31m=[32m"1"[31m
  [33mstyle[31m=[32m"pointer-events: none;"[31m
[36m>[31m
  [36m<span[31m
    [33maria-hidden[31m=[32m"true"[31m
    [33mdata-aria-hidden[31m=[32m"true"[31m
    [33mdata-radix-focus-guard[31m=[32m""[31m
    [33mstyle[31m=[32m"outline: none; opacity: 0; position: fixed; pointer-events: none;"[31m
    [33mtabindex[31m=[32m"0"[31m
  [36m/>[31m
  [36m<div[31m
    [33maria-hidden[31m=[32m"true"[31m
    [33mdata-aria-hidden[31m=[32m"true"[31m
  [36m>[31m
    [36m<div[31m
      [33mclass[31m=[32m"p-6 max-w-7xl mx-auto"[31m
    [36m>[31m
      [36m<div[31m
        [33mclass[31m=[32m"flex items-center justify-between mb-6"[31m
      [36m>[31m
        [36m<div>[31m
          [36m<h1[31m
            [33mclass[31m=[32m"text-2xl font-bold flex items-center gap-2"[31m
          [36m>[31m
            [36m<svg[31m
              [33mclass[31m=[32m"lucide lucide-file-text h-6 w-6"[31m
              [33mfill[31m=[32m"none"[31m
              [33mheight[31m=[32m"24"[31m
              [33mstroke[31m=[32m"currentColor"[31m
              [33mstroke-linecap[31m=[32m"round"[31m
              [33mstroke-linejoin[31m=[32m"round"[31m
              [33mstroke-width[31m=[32m"2"[31m
              [33mviewBox[31m=[32m"0 0 24 24"[31m
              [33mwidth[31m=[32m"24"[31m
              [33mxmlns[31m=[32m"http://www.w3.org/2000/svg"[31m
            [36m>[31m
              [36m<path[31m
                [33md[31m=[32m"M15 2H6a2 2 0 0 0-2 2v16a2 2 0 0 0 2 2h12a2 2 0 0 0 2-2V7Z"[31m
              [36m/>[31m
              [36m<path[31m
                [33md[31m=[32m"M14 2v4a2 2 0 0 0 2 2h4"[31m
              [36m/>[31m
              [36m<path[31m
                [33md[31m=[32m"M10 9H8"[31m
              [36m/>[31m
              [36m<path[31m
                [33md[31m=[32m"M16 13H8"[31m
              [36m/>[31m
              [36m<path[31m
                [33md[31m=[32m"M16 17H8"[31m
              [36m/>[31m
            [36m</svg>[31m
            [0mProposals & Templates[0m
          [36m</h1>[31m
          [36m<p[31m
            [33mclass[31m=[32m"text-gray-600 mt-1"[31m
          [36m>[31m
            [0mCreate, manage, and send professional proposals[0m
          [36m</p>[31m
        [36m</div>[31m
        [36m<div[31m
          [33mclass[31m=[32m"flex items-center space-x-2"[31m
        [36m>[31m
          [36m<button[31m
            [33mclass[31m=[32m"inline-flex items-center justify-center gap-2 whitespace-nowrap rounded-md text-sm font-medium ring-offset-background transition-colors focus-visible:outline-none focus-visible:ring-2 focus-visible:ring-ring focus-visible:ring-offset-2 disabled:pointer-events-none disabled:opacity-50 [&_svg]:pointer-events-none [&_svg]:size-4 [&_svg]:shrink-0 border border-input bg-background hover:bg-accent hover:text-accent-foreground h-10 px-4 py-2"[31m
          [36m>[31m
            [36m<svg[31m
              [33mclass[31m=[32m"lucide lucide-search h-4 w-4 mr-2"[31m
              [33mfill[31m=[32m"none"[31m
              [33mheight[31m=[32m"24"[31m
              [33mstroke[31m=[32m"currentColor"[31m
              [33mstroke-linecap[31m=[32m"round"[31m
              [33mstroke-linejoin[31m=[32m"round"[31m
              [33mstroke-width[31m=[32m"2"[31m
              [33mviewBox[31m=[32m"0 0 24 24"[31m
              [33mwidth[31m=[32m"24"[31m
              [33mxmlns[31m=[32m"http://www.w3.org/2000/svg"[31m
            [36m>[31m
              [36m<circle[31m
                [33mcx[31m=[32m"11"[31m
                [33mcy[31m=[32m"11"[31m
                [33mr[31m=[32m"8"[31m
              [36m/>[31m
              [36m<path[31m
                [33md[31m=[32m"m21 21-4.3-4.3"[31m
              [36m/>[31m
            [36m</svg>[31m
            [0mRefresh[0m
          [36m</button>[31m
        [36m</div>[31m
      [36m</div>[31m
      [36m<div[31m
        [33mclass[31m=[32m"w-full"[31m
      [36m>[31m
        [36m<div[31m
          [33mclass[31m=[32m"h-10 items-center justify-center rounded-md bg-gray-100 p-1 text-gray-500 grid w-full grid-cols-2"[31m
        [36m>[31m
          [36m<button[31m
            [33mclass[31m=[32m"inline-flex items-center justify-center whitespace-nowrap rounded-sm px-3 py-1.5 text-sm font-medium transition-all focus-visible:outline-none focus-visible:ring-2 focus-visible:ring-blue-500 focus-visible:ring-offset-2 disabled:pointer-events-none disabled:opacity-50 bg-white text-gray-900 shadow-sm"[31m
          [36m>[31m
            [0mProposals ([0m
            [0m0[0m
            [0m)[0m
          [36m</button>[31m
          [36m<button[31m
            [33mclass[31m=[32m"inline-flex items-center justify-center whitespace-nowrap rounded-sm px-3 py-1.5 text-sm font-medium transition-all focus-visible:outline-none focus-visible:ring-2 focus-visible:ring-blue-500 focus-visible:ring-offset-2 disabled:pointer-events-none disabled:opacity-50 text-gray-600 hover:text-gray-900"[31m
          [36m>[31m
            [0mTemplates ([0m
            [0m0[0m
            [0m)[0m
          [36m</button>[31m
        [36m</div>[31m
        [36m<div[31m
          [33mclass[31m=[32m"mt-2 focus-visible:outline-none focus-visible:ring-2 focus-visible:ring-blue-500 focus-visible:ring-offset-2 space-y-6"[31m
        [36m>[31m
          [36m<div[31m
            [33mclass[31m=[32m"flex items-center justify-between"[31m
          [36m>[31m
            [36m<div[31m
              [33mclass[31m=[32m"flex items-center space-x-4"[31m
            [36m>[31m
              [36m<div[31m
                [33mclass[31m=[32m"relative"[31m
              [36m>[31m
                [36m<svg[31m
                  [33mclass[31m=[32m"lucide lucide-search absolute left-3 top-1/2 transform -translate-y-1/2 text-gray-400 h-4 w-4"[31m
                  [33mfill[31m=[32m"none"[31m
                  [33mheight[31m=[32m"24"[31m
                  [33mstroke[31m=[32m"currentColor"[31m
                  [33mstroke-linecap[31m=[32m"round"[31m
                  [33mstroke-linejoin[31m=[32m"round"[31m
                  [33mstroke-width[31m=[32m"2"[31m
                  [33mviewBox[31m=[32m"0 0 24 24"[31m
                  [33mwidth[31m=[32m"24"[31m
                  [33mxmlns[31m=[32m"http://www.w3.org/2000/svg"[31m
                [36m>[31m
                  [36m<circle[31m
                    [33mcx[31m=[32m"11"[31m
                    [33mcy[31m=[32m"11"[31m
                    [33mr[31m=[32m"8"[31m
                  [36m/>[31m
                  [36m<path[31m
                    [33md[31m=[32m"m21 21-4.3-4.3"[31m
                  [36m/>[31m
...[39m
[90mstdout[2m | src/pages/Customers.test.tsx[2m > [22m[2mCustomers[2m > [22m[2merror handling[2m > [22m[2mshould handle delete customer error
[22m[39m🚀 Customers component is mounting
📡 Supabase client available: [33mtrue[39m
🔥 useEffect triggered - calling loadCustomers
🔄 Starting loadCustomers function
📱 Loading customers from offline service

[90mstdout[2m | src/pages/Customers.test.tsx[2m > [22m[2mCustomers[2m > [22m[2merror handling[2m > [22m[2mshould handle delete customer error
[22m[39m✅ Customers loaded from offline service: []
🏁 Setting loading to false

[90mstdout[2m | src/test/unit/Dashboard.test.tsx[2m > [22m[2mDashboard Component[2m > [22m[2mRecent Activities[2m > [22m[2mshould display recent customers
[22m[39m📱 Loading dashboard data from offline service

 [31m❯[39m src/pages/Customers.test.tsx [2m([22m[2m28 tests[22m[2m | [22m[31m8 failed[39m[2m)[22m[33m 16009[2mms[22m[39m
   [33m[2m✓[22m[39m Customers[2m > [22mrendering[2m > [22mshould render customers page title and description [33m 446[2mms[22m[39m
   [32m✓[39m Customers[2m > [22mrendering[2m > [22mshould render add customer button[32m 239[2mms[22m[39m
   [32m✓[39m Customers[2m > [22mrendering[2m > [22mshould render search input and status filter[32m 151[2mms[22m[39m
   [32m✓[39m Customers[2m > [22mrendering[2m > [22mshould render customer list when customers exist[32m 113[2mms[22m[39m
   [32m✓[39m Customers[2m > [22mrendering[2m > [22mshould show loading state[32m 47[2mms[22m[39m
   [32m✓[39m Customers[2m > [22mrendering[2m > [22mshould show empty state when no customers[32m 83[2mms[22m[39m
   [32m✓[39m Customers[2m > [22mcustomer display[2m > [22mshould display customer information correctly[32m 253[2mms[22m[39m
   [32m✓[39m Customers[2m > [22mcustomer display[2m > [22mshould show customer notes when available[32m 166[2mms[22m[39m
   [32m✓[39m Customers[2m > [22mcustomer display[2m > [22mshould render edit and delete buttons for each customer[32m 140[2mms[22m[39m
   [33m[2m✓[22m[39m Customers[2m > [22msearch functionality[2m > [22mshould filter customers by name [33m 891[2mms[22m[39m
   [33m[2m✓[22m[39m Customers[2m > [22msearch functionality[2m > [22mshould filter customers by email [33m 611[2mms[22m[39m
   [33m[2m✓[22m[39m Customers[2m > [22msearch functionality[2m > [22mshould filter customers by company [33m 355[2mms[22m[39m
   [33m[2m✓[22m[39m Customers[2m > [22msearch functionality[2m > [22mshould show no results message when search has no matches [33m 391[2mms[22m[39m
   [32m✓[39m Customers[2m > [22mstatus filtering[2m > [22mshould filter customers by active status[32m 171[2mms[22m[39m
   [32m✓[39m Customers[2m > [22mstatus filtering[2m > [22mshould filter customers by prospect status[32m 155[2mms[22m[39m
   [32m✓[39m Customers[2m > [22mstatus filtering[2m > [22mshould show all customers when filter is set to all[32m 184[2mms[22m[39m
   [32m✓[39m Customers[2m > [22madd customer modal[2m > [22mshould open add customer modal when button is clicked[32m 132[2mms[22m[39m
   [32m✓[39m Customers[2m > [22madd customer modal[2m > [22mshould close modal when cancel button is clicked[32m 292[2mms[22m[39m
[31m   [31m×[31m Customers[2m > [22madd customer modal[2m > [22mshould validate required fields[39m[33m 369[2mms[22m[39m
[31m     → Unable to find an element by: [data-testid="customer-name-error"]

Ignored nodes: comments, script, style
[36m<body>[31m
  [36m<div>[31m
    [36m<div[31m
      [33mclass[31m=[32m"p-6"[31m
    [36m>[31m
      [36m<div[31m
        [33mclass[31m=[32m"flex justify-between items-center mb-6"[31m
      [36m>[31m
        [36m<div[31m
          [33mclass[31m=[32m"flex items-center space-x-3"[31m
        [36m>[31m
          [36m<svg[31m
            [33mclass[31m=[32m"lucide lucide-users h-8 w-8 text-blue-600"[31m
            [33mfill[31m=[32m"none"[31m
            [33mheight[31m=[32m"24"[31m
            [33mstroke[31m=[32m"currentColor"[31m
            [33mstroke-linecap[31m=[32m"round"[31m
            [33mstroke-linejoin[31m=[32m"round"[31m
            [33mstroke-width[31m=[32m"2"[31m
            [33mviewBox[31m=[32m"0 0 24 24"[31m
            [33mwidth[31m=[32m"24"[31m
            [33mxmlns[31m=[32m"http://www.w3.org/2000/svg"[31m
          [36m>[31m
            [36m<path[31m
              [33md[31m=[32m"M16 21v-2a4 4 0 0 0-4-4H6a4 4 0 0 0-4 4v2"[31m
            [36m/>[31m
            [36m<circle[31m
              [33mcx[31m=[32m"9"[31m
              [33mcy[31m=[32m"7"[31m
              [33mr[31m=[32m"4"[31m
            [36m/>[31m
            [36m<path[31m
              [33md[31m=[32m"M22 21v-2a4 4 0 0 0-3-3.87"[31m
            [36m/>[31m
            [36m<path[31m
              [33md[31m=[32m"M16 3.13a4 4 0 0 1 0 7.75"[31m
            [36m/>[31m
          [36m</svg>[31m
          [36m<div>[31m
            [36m<h1[31m
              [33mclass[31m=[32m"text-2xl font-bold text-gray-900"[31m
              [33mdata-testid[31m=[32m"page-title"[31m
            [36m>[31m
              [0mCustomers[0m
            [36m</h1>[31m
            [36m<p[31m
              [33mclass[31m=[32m"text-gray-600"[31m
            [36m>[31m
              [0mManage your customer relationships[0m
            [36m</p>[31m
          [36m</div>[31m
        [36m</div>[31m
        [36m<div[31m
          [33mclass[31m=[32m"flex gap-2"[31m
        [36m>[31m
          [36m<button[31m
            [33mclass[31m=[32m"justify-center gap-2 whitespace-nowrap rounded-md text-sm font-medium ring-offset-background transition-colors focus-visible:outline-none focus-visible:ring-2 focus-visible:ring-ring focus-visible:ring-offset-2 disabled:pointer-events-none disabled:opacity-50 [&_svg]:pointer-events-none [&_svg]:size-4 [&_svg]:shrink-0 border border-input bg-background hover:bg-accent hover:text-accent-foreground h-10 px-4 py-2 flex items-center space-x-2"[31m
          [36m>[31m
            [36m<svg[31m
              [33mclass[31m=[32m"lucide lucide-test-tube h-4 w-4"[31m
              [33mfill[31m=[32m"none"[31m
              [33mheight[31m=[32m"24"[31m
              [33mstroke[31m=[32m"currentColor"[31m
              [33mstroke-linecap[31m=[32m"round"[31m
              [33mstroke-linejoin[31m=[32m"round"[31m
              [33mstroke-width[31m=[32m"2"[31m
              [33mviewBox[31m=[32m"0 0 24 24"[31m
              [33mwidth[31m=[32m"24"[31m
              [33mxmlns[31m=[32m"http://www.w3.org/2000/svg"[31m
            [36m>[31m
              [36m<path[31m
                [33md[31m=[32m"M14.5 2v17.5c0 1.4-1.1 2.5-2.5 2.5c-1.4 0-2.5-1.1-2.5-2.5V2"[31m
              [36m/>[31m
              [36m<path[31m
                [33md[31m=[32m"M8.5 2h7"[31m
              [36m/>[31m
              [36m<path[31m
                [33md[31m=[32m"M14.5 16h-5"[31m
              [36m/>[31m
            [36m</svg>[31m
            [36m<span>[31m
              [0mRun All Tests[0m
            [36m</span>[31m
          [36m</button>[31m
          [36m<button[31m
            [33mclass[31m=[32m"justify-center gap-2 whitespace-nowrap rounded-md text-sm font-medium ring-offset-background transition-colors focus-visible:outline-none focus-visible:ring-2 focus-visible:ring-ring focus-visible:ring-offset-2 disabled:pointer-events-none disabled:opacity-50 [&_svg]:pointer-events-none [&_svg]:size-4 [&_svg]:shrink-0 border border-input bg-background hover:bg-accent hover:text-accent-foreground h-10 px-4 py-2 flex items-center space-x-2"[31m
          [36m>[31m
            [36m<svg[31m
              [33mclass[31m=[32m"lucide lucide-plus h-4 w-4"[31m
              [33mfill[31m=[32m"none"[31m
              [33mheight[31m=[32m"24"[31m
              [33mstroke[31m=[32m"currentColor"[31m
              [33mstroke-linecap[31m=[32m"round"[31m
              [33mstroke-linejoin[31m=[32m"round"[31m
              [33mstroke-width[31m=[32m"2"[31m
              [33mviewBox[31m=[32m"0 0 24 24"[31m
              [33mwidth[31m=[32m"24"[31m
              [33mxmlns[31m=[32m"http://www.w3.org/2000/svg"[31m
            [36m>[31m
              [36m<path[31m
                [33md[31m=[32m"M5 12h14"[31m
              [36m/>[31m
              [36m<path[31m
                [33md[31m=[32m"M12 5v14"[31m
              [36m/>[31m
            [36m</svg>[31m
            [36m<span>[31m
              [0mAdd Demo Data[0m
            [36m</span>[31m
          [36m</button>[31m
          [36m<button[31m
            [33mclass[31m=[32m"justify-center gap-2 whitespace-nowrap rounded-md text-sm font-medium ring-offset-background transition-colors focus-visible:outline-none focus-visible:ring-2 focus-visible:ring-ring focus-visible:ring-offset-2 disabled:pointer-events-none disabled:opacity-50 [&_svg]:pointer-events-none [&_svg]:size-4 [&_svg]:shrink-0 border border-input bg-background hover:bg-accent hover:text-accent-foreground h-10 px-4 py-2 flex items-center space-x-2"[31m
          [36m>[31m
            [36m<svg[31m
              [33mclass[31m=[32m"lucide lucide-trash2 h-4 w-4"[31m
              [33mfill[31m=[32m"none"[31m
              [33mheight[31m=[32m"24"[31m
              [33mstroke[31m=[32m"currentColor"[31m
              [33mstroke-linecap[31m=[32m"round"[31m
              [33mstroke-linejoin[31m=[32m"round"[31m
              [33mstroke-width[31m=[32m"2"[31m
              [33mviewBox[31m=[32m"0 0 24 24"[31m
              [33mwidth[31m=[32m"24"[31m
              [33mxmlns[31m=[32m"http://www.w3.org/2000/svg"[31m
            [36m>[31m
              [36m<path[31m
                [33md[31m=[32m"M3 6h18"[31m
              [36m/>[31m
              [36m<path[31m
                [33md[31m=[32m"M19 6v14c0 1-1 2-2 2H7c-1 0-2-1-2-2V6"[31m
              [36m/>[31m
              [36m<path[31m
                [33md[31m=[32m"M8 6V4c0-1 1-2 2-2h4c1 0 2 1 2 2v2"[31m
              [36m/>[31m
              [36m<line[31m
                [33mx1[31m=[32m"10"[31m
                [33mx2[31m=[32m"10"[31m
                [33my1[31m=[32m"11"[31m
                [33my2[31m=[32m"17"[31m
              [36m/>...[39m
[31m   [31m×[31m Customers[2m > [22madd customer modal[2m > [22mshould validate email format[39m[33m 1176[2mms[22m[39m
[31m     → Unable to find an element by: [data-testid="customer-email-error"]

Ignored nodes: comments, script, style
[36m<body>[31m
  [36m<div>[31m
    [36m<div[31m
      [33mclass[31m=[32m"p-6"[31m
    [36m>[31m
      [36m<div[31m
        [33mclass[31m=[32m"flex justify-between items-center mb-6"[31m
      [36m>[31m
        [36m<div[31m
          [33mclass[31m=[32m"flex items-center space-x-3"[31m
        [36m>[31m
          [36m<svg[31m
            [33mclass[31m=[32m"lucide lucide-users h-8 w-8 text-blue-600"[31m
            [33mfill[31m=[32m"none"[31m
            [33mheight[31m=[32m"24"[31m
            [33mstroke[31m=[32m"currentColor"[31m
            [33mstroke-linecap[31m=[32m"round"[31m
            [33mstroke-linejoin[31m=[32m"round"[31m
            [33mstroke-width[31m=[32m"2"[31m
            [33mviewBox[31m=[32m"0 0 24 24"[31m
            [33mwidth[31m=[32m"24"[31m
            [33mxmlns[31m=[32m"http://www.w3.org/2000/svg"[31m
          [36m>[31m
            [36m<path[31m
              [33md[31m=[32m"M16 21v-2a4 4 0 0 0-4-4H6a4 4 0 0 0-4 4v2"[31m
            [36m/>[31m
            [36m<circle[31m
              [33mcx[31m=[32m"9"[31m
              [33mcy[31m=[32m"7"[31m
              [33mr[31m=[32m"4"[31m
            [36m/>[31m
            [36m<path[31m
              [33md[31m=[32m"M22 21v-2a4 4 0 0 0-3-3.87"[31m
            [36m/>[31m
            [36m<path[31m
              [33md[31m=[32m"M16 3.13a4 4 0 0 1 0 7.75"[31m
            [36m/>[31m
          [36m</svg>[31m
          [36m<div>[31m
            [36m<h1[31m
              [33mclass[31m=[32m"text-2xl font-bold text-gray-900"[31m
              [33mdata-testid[31m=[32m"page-title"[31m
            [36m>[31m
              [0mCustomers[0m
            [36m</h1>[31m
            [36m<p[31m
              [33mclass[31m=[32m"text-gray-600"[31m
            [36m>[31m
              [0mManage your customer relationships[0m
            [36m</p>[31m
          [36m</div>[31m
        [36m</div>[31m
        [36m<div[31m
          [33mclass[31m=[32m"flex gap-2"[31m
        [36m>[31m
          [36m<button[31m
            [33mclass[31m=[32m"justify-center gap-2 whitespace-nowrap rounded-md text-sm font-medium ring-offset-background transition-colors focus-visible:outline-none focus-visible:ring-2 focus-visible:ring-ring focus-visible:ring-offset-2 disabled:pointer-events-none disabled:opacity-50 [&_svg]:pointer-events-none [&_svg]:size-4 [&_svg]:shrink-0 border border-input bg-background hover:bg-accent hover:text-accent-foreground h-10 px-4 py-2 flex items-center space-x-2"[31m
          [36m>[31m
            [36m<svg[31m
              [33mclass[31m=[32m"lucide lucide-test-tube h-4 w-4"[31m
              [33mfill[31m=[32m"none"[31m
              [33mheight[31m=[32m"24"[31m
              [33mstroke[31m=[32m"currentColor"[31m
              [33mstroke-linecap[31m=[32m"round"[31m
              [33mstroke-linejoin[31m=[32m"round"[31m
              [33mstroke-width[31m=[32m"2"[31m
              [33mviewBox[31m=[32m"0 0 24 24"[31m
              [33mwidth[31m=[32m"24"[31m
              [33mxmlns[31m=[32m"http://www.w3.org/2000/svg"[31m
            [36m>[31m
              [36m<path[31m
                [33md[31m=[32m"M14.5 2v17.5c0 1.4-1.1 2.5-2.5 2.5c-1.4 0-2.5-1.1-2.5-2.5V2"[31m
              [36m/>[31m
              [36m<path[31m
                [33md[31m=[32m"M8.5 2h7"[31m
              [36m/>[31m
              [36m<path[31m
                [33md[31m=[32m"M14.5 16h-5"[31m
              [36m/>[31m
            [36m</svg>[31m
            [36m<span>[31m
              [0mRun All Tests[0m
            [36m</span>[31m
          [36m</button>[31m
          [36m<button[31m
            [33mclass[31m=[32m"justify-center gap-2 whitespace-nowrap rounded-md text-sm font-medium ring-offset-background transition-colors focus-visible:outline-none focus-visible:ring-2 focus-visible:ring-ring focus-visible:ring-offset-2 disabled:pointer-events-none disabled:opacity-50 [&_svg]:pointer-events-none [&_svg]:size-4 [&_svg]:shrink-0 border border-input bg-background hover:bg-accent hover:text-accent-foreground h-10 px-4 py-2 flex items-center space-x-2"[31m
          [36m>[31m
            [36m<svg[31m
              [33mclass[31m=[32m"lucide lucide-plus h-4 w-4"[31m
              [33mfill[31m=[32m"none"[31m
              [33mheight[31m=[32m"24"[31m
              [33mstroke[31m=[32m"currentColor"[31m
              [33mstroke-linecap[31m=[32m"round"[31m
              [33mstroke-linejoin[31m=[32m"round"[31m
              [33mstroke-width[31m=[32m"2"[31m
              [33mviewBox[31m=[32m"0 0 24 24"[31m
              [33mwidth[31m=[32m"24"[31m
              [33mxmlns[31m=[32m"http://www.w3.org/2000/svg"[31m
            [36m>[31m
              [36m<path[31m
                [33md[31m=[32m"M5 12h14"[31m
              [36m/>[31m
              [36m<path[31m
                [33md[31m=[32m"M12 5v14"[31m
              [36m/>[31m
            [36m</svg>[31m
            [36m<span>[31m
              [0mAdd Demo Data[0m
            [36m</span>[31m
          [36m</button>[31m
          [36m<button[31m
            [33mclass[31m=[32m"justify-center gap-2 whitespace-nowrap rounded-md text-sm font-medium ring-offset-background transition-colors focus-visible:outline-none focus-visible:ring-2 focus-visible:ring-ring focus-visible:ring-offset-2 disabled:pointer-events-none disabled:opacity-50 [&_svg]:pointer-events-none [&_svg]:size-4 [&_svg]:shrink-0 border border-input bg-background hover:bg-accent hover:text-accent-foreground h-10 px-4 py-2 flex items-center space-x-2"[31m
          [36m>[31m
            [36m<svg[31m
              [33mclass[31m=[32m"lucide lucide-trash2 h-4 w-4"[31m
              [33mfill[31m=[32m"none"[31m
              [33mheight[31m=[32m"24"[31m
              [33mstroke[31m=[32m"currentColor"[31m
              [33mstroke-linecap[31m=[32m"round"[31m
              [33mstroke-linejoin[31m=[32m"round"[31m
              [33mstroke-width[31m=[32m"2"[31m
              [33mviewBox[31m=[32m"0 0 24 24"[31m
              [33mwidth[31m=[32m"24"[31m
              [33mxmlns[31m=[32m"http://www.w3.org/2000/svg"[31m
            [36m>[31m
              [36m<path[31m
                [33md[31m=[32m"M3 6h18"[31m
              [36m/>[31m
              [36m<path[31m
                [33md[31m=[32m"M19 6v14c0 1-1 2-2 2H7c-1 0-2-1-2-2V6"[31m
              [36m/>[31m
              [36m<path[31m
                [33md[31m=[32m"M8 6V4c0-1 1-2 2-2h4c1 0 2 1 2 2v2"[31m
              [36m/>[31m
              [36m<line[31m
                [33mx1[31m=[32m"10"[31m
                [33mx2[31m=[32m"10"[31m
                [33my1[31m=[32m"11"[31m
                [33my2[31m=[32m"17"[31m
              [36m/>...[39m
[31m   [31m×[31m Customers[2m > [22madd customer modal[2m > [22mshould create new customer successfully[39m[33m 2695[2mms[22m[39m
[31m     → expected "spy" to be called with arguments: [ 'Customer added successfully' ][90m

Received: 

[1m  1st spy call:

[22m[2m  [[22m
[32m-   "Customer added successfully",[90m
[31m+   "Customers loaded (offline mode)",[90m
[2m  ][22m

[1m  2nd spy call:

[22m[2m  [[22m
[32m-   "Customer added successfully",[90m
[31m+   "Customer added successfully (offline)",[90m
[2m  ][22m
[31m[90m

Number of calls: [1m2[22m
[31m

Ignored nodes: comments, script, style
[36m<html>[31m
  [36m<head />[31m
  [36m<body>[31m
    [36m<div>[31m
      [36m<div[31m
        [33mclass[31m=[32m"p-6"[31m
      [36m>[31m
        [36m<div[31m
          [33mclass[31m=[32m"flex justify-between items-center mb-6"[31m
        [36m>[31m
          [36m<div[31m
            [33mclass[31m=[32m"flex items-center space-x-3"[31m
          [36m>[31m
            [36m<svg[31m
              [33mclass[31m=[32m"lucide lucide-users h-8 w-8 text-blue-600"[31m
              [33mfill[31m=[32m"none"[31m
              [33mheight[31m=[32m"24"[31m
              [33mstroke[31m=[32m"currentColor"[31m
              [33mstroke-linecap[31m=[32m"round"[31m
              [33mstroke-linejoin[31m=[32m"round"[31m
              [33mstroke-width[31m=[32m"2"[31m
              [33mviewBox[31m=[32m"0 0 24 24"[31m
              [33mwidth[31m=[32m"24"[31m
              [33mxmlns[31m=[32m"http://www.w3.org/2000/svg"[31m
            [36m>[31m
              [36m<path[31m
                [33md[31m=[32m"M16 21v-2a4 4 0 0 0-4-4H6a4 4 0 0 0-4 4v2"[31m
              [36m/>[31m
              [36m<circle[31m
                [33mcx[31m=[32m"9"[31m
                [33mcy[31m=[32m"7"[31m
                [33mr[31m=[32m"4"[31m
              [36m/>[31m
              [36m<path[31m
                [33md[31m=[32m"M22 21v-2a4 4 0 0 0-3-3.87"[31m
              [36m/>[31m
              [36m<path[31m
                [33md[31m=[32m"M16 3.13a4 4 0 0 1 0 7.75"[31m
              [36m/>[31m
            [36m</svg>[31m
            [36m<div>[31m
              [36m<h1[31m
                [33mclass[31m=[32m"text-2xl font-bold text-gray-900"[31m
                [33mdata-testid[31m=[32m"page-title"[31m
              [36m>[31m
                [0mCustomers[0m
              [36m</h1>[31m
              [36m<p[31m
                [33mclass[31m=[32m"text-gray-600"[31m
              [36m>[31m
                [0mManage your customer relationships[0m
              [36m</p>[31m
            [36m</div>[31m
          [36m</div>[31m
          [36m<div[31m
            [33mclass[31m=[32m"flex gap-2"[31m
          [36m>[31m
            [36m<button[31m
              [33mclass[31m=[32m"justify-center gap-2 whitespace-nowrap rounded-md text-sm font-medium ring-offset-background transition-colors focus-visible:outline-none focus-visible:ring-2 focus-visible:ring-ring focus-visible:ring-offset-2 disabled:pointer-events-none disabled:opacity-50 [&_svg]:pointer-events-none [&_svg]:size-4 [&_svg]:shrink-0 border border-input bg-background hover:bg-accent hover:text-accent-foreground h-10 px-4 py-2 flex items-center space-x-2"[31m
            [36m>[31m
              [36m<svg[31m
                [33mclass[31m=[32m"lucide lucide-test-tube h-4 w-4"[31m
                [33mfill[31m=[32m"none"[31m
                [33mheight[31m=[32m"24"[31m
                [33mstroke[31m=[32m"currentColor"[31m
                [33mstroke-linecap[31m=[32m"round"[31m
                [33mstroke-linejoin[31m=[32m"round"[31m
                [33mstroke-width[31m=[32m"2"[31m
                [33mviewBox[31m=[32m"0 0 24 24"[31m
                [33mwidth[31m=[32m"24"[31m
                [33mxmlns[31m=[32m"http://www.w3.org/2000/svg"[31m
              [36m>[31m
                [36m<path[31m
                  [33md[31m=[32m"M14.5 2v17.5c0 1.4-1.1 2.5-2.5 2.5c-1.4 0-2.5-1.1-2.5-2.5V2"[31m
                [36m/>[31m
                [36m<path[31m
                  [33md[31m=[32m"M8.5 2h7"[31m
                [36m/>[31m
                [36m<path[31m
                  [33md[31m=[32m"M14.5 16h-5"[31m
                [36m/>[31m
              [36m</svg>[31m
              [36m<span>[31m
                [0mRun All Tests[0m
              [36m</span>[31m
            [36m</button>[31m
            [36m<button[31m
              [33mclass[31m=[32m"justify-center gap-2 whitespace-nowrap rounded-md text-sm font-medium ring-offset-background transition-colors focus-visible:outline-none focus-visible:ring-2 focus-visible:ring-ring focus-visible:ring-offset-2 disabled:pointer-events-none disabled:opacity-50 [&_svg]:pointer-events-none [&_svg]:size-4 [&_svg]:shrink-0 border border-input bg-background hover:bg-accent hover:text-accent-foreground h-10 px-4 py-2 flex items-center space-x-2"[31m
            [36m>[31m
              [36m<svg[31m
                [33mclass[31m=[32m"lucide lucide-plus h-4 w-4"[31m
                [33mfill[31m=[32m"none"[31m
                [33mheight[31m=[32m"24"[31m
                [33mstroke[31m=[32m"currentColor"[31m
                [33mstroke-linecap[31m=[32m"round"[31m
                [33mstroke-linejoin[31m=[32m"round"[31m
                [33mstroke-width[31m=[32m"2"[31m
                [33mviewBox[31m=[32m"0 0 24 24"[31m
                [33mwidth[31m=[32m"24"[31m
                [33mxmlns[31m=[32m"http://www.w3.org/2000/svg"[31m
              [36m>[31m
                [36m<path[31m
                  [33md[31m=[32m"M5 12h14"[31m
                [36m/>[31m
                [36m<path[31m
                  [33md[31m=[32m"M12 5v14"[31m
                [36m/>[31m
              [36m</svg>[31m
              [36m<span>[31m
                [0mAdd Demo Data[0m
              [36m</span>[31m
            [36m</button>[31m
            [36m<button[31m
              [33mclass[31m=[32m"justify-center gap-2 whitespace-nowrap rounded-md text-sm font-medium ring-offset-background transition-colors focus-visible:outline-none focus-visible:ring-2 focus-visible:ring-ring focus-visible:ring-offset-2 disabled:pointer-events-none disabled:opacity-50 [&_svg]:pointer-events-none [&_svg]:size-4 [&_svg]:shrink-0 border border-input bg-background hover:bg-accent hover:text-accent-foreground h-10 px-4 py-2 flex items-center space-x-2"[31m
            [36m>[31m
              [36m<svg[31m
                [33mclass[31m=[32m"lucide lucide-trash2 h-4 w-4"[31m
                [33mfill[31m=[32m"none"[31m
                [33mheight[31m=[32m"24"[31m
                [33mstroke[31m=[32m"currentColor"[31m
                [33mstroke-linecap[31m=[32m"round"[31m
                [33mstroke-linejoin[31m=[32m"round"[31m
                [33mstroke-width[31m=[32m"2"[31m
                [33mviewBox[31m=[32m"0 0 24 24"[31m
                [33mwidth[31m=[32m"24"[31m
                [33mxmlns[31m=[32m"http://www.w3.org/2000/svg"[31m
              [36m>[31m
                [36m<path[31m
                  [33md[31m=[32m"M3 6h18"[31m
                [36m/>[31m
                [36m<path[31m
                  [33md[31m=[32m"M19 6v14c0 1-1 2-2 2H7c-1 0-2-1-2-2V6"[31m
                [36m/>[31m
                [36m<path[31m
                  [33md[39...[39m
   [32m✓[39m Customers[2m > [22medit customer modal[2m > [22mshould open edit modal with customer data[32m 124[2mms[22m[39m
[31m   [31m×[31m Customers[2m > [22medit customer modal[2m > [22mshould update customer successfully[39m[33m 1694[2mms[22m[39m
[31m     → expected "spy" to be called at least once

Ignored nodes: comments, script, style
[36m<html>[31m
  [36m<head />[31m
  [36m<body>[31m
    [36m<div>[31m
      [36m<div[31m
        [33mclass[31m=[32m"p-6"[31m
      [36m>[31m
        [36m<div[31m
          [33mclass[31m=[32m"flex justify-between items-center mb-6"[31m
        [36m>[31m
          [36m<div[31m
            [33mclass[31m=[32m"flex items-center space-x-3"[31m
          [36m>[31m
            [36m<svg[31m
              [33mclass[31m=[32m"lucide lucide-users h-8 w-8 text-blue-600"[31m
              [33mfill[31m=[32m"none"[31m
              [33mheight[31m=[32m"24"[31m
              [33mstroke[31m=[32m"currentColor"[31m
              [33mstroke-linecap[31m=[32m"round"[31m
              [33mstroke-linejoin[31m=[32m"round"[31m
              [33mstroke-width[31m=[32m"2"[31m
              [33mviewBox[31m=[32m"0 0 24 24"[31m
              [33mwidth[31m=[32m"24"[31m
              [33mxmlns[31m=[32m"http://www.w3.org/2000/svg"[31m
            [36m>[31m
              [36m<path[31m
                [33md[31m=[32m"M16 21v-2a4 4 0 0 0-4-4H6a4 4 0 0 0-4 4v2"[31m
              [36m/>[31m
              [36m<circle[31m
                [33mcx[31m=[32m"9"[31m
                [33mcy[31m=[32m"7"[31m
                [33mr[31m=[32m"4"[31m
              [36m/>[31m
              [36m<path[31m
                [33md[31m=[32m"M22 21v-2a4 4 0 0 0-3-3.87"[31m
              [36m/>[31m
              [36m<path[31m
                [33md[31m=[32m"M16 3.13a4 4 0 0 1 0 7.75"[31m
              [36m/>[31m
            [36m</svg>[31m
            [36m<div>[31m
              [36m<h1[31m
                [33mclass[31m=[32m"text-2xl font-bold text-gray-900"[31m
                [33mdata-testid[31m=[32m"page-title"[31m
              [36m>[31m
                [0mCustomers[0m
              [36m</h1>[31m
              [36m<p[31m
                [33mclass[31m=[32m"text-gray-600"[31m
              [36m>[31m
                [0mManage your customer relationships[0m
              [36m</p>[31m
            [36m</div>[31m
          [36m</div>[31m
          [36m<div[31m
            [33mclass[31m=[32m"flex gap-2"[31m
          [36m>[31m
            [36m<button[31m
              [33mclass[31m=[32m"justify-center gap-2 whitespace-nowrap rounded-md text-sm font-medium ring-offset-background transition-colors focus-visible:outline-none focus-visible:ring-2 focus-visible:ring-ring focus-visible:ring-offset-2 disabled:pointer-events-none disabled:opacity-50 [&_svg]:pointer-events-none [&_svg]:size-4 [&_svg]:shrink-0 border border-input bg-background hover:bg-accent hover:text-accent-foreground h-10 px-4 py-2 flex items-center space-x-2"[31m
            [36m>[31m
              [36m<svg[31m
                [33mclass[31m=[32m"lucide lucide-test-tube h-4 w-4"[31m
                [33mfill[31m=[32m"none"[31m
                [33mheight[31m=[32m"24"[31m
                [33mstroke[31m=[32m"currentColor"[31m
                [33mstroke-linecap[31m=[32m"round"[31m
                [33mstroke-linejoin[31m=[32m"round"[31m
                [33mstroke-width[31m=[32m"2"[31m
                [33mviewBox[31m=[32m"0 0 24 24"[31m
                [33mwidth[31m=[32m"24"[31m
                [33mxmlns[31m=[32m"http://www.w3.org/2000/svg"[31m
              [36m>[31m
                [36m<path[31m
                  [33md[31m=[32m"M14.5 2v17.5c0 1.4-1.1 2.5-2.5 2.5c-1.4 0-2.5-1.1-2.5-2.5V2"[31m
                [36m/>[31m
                [36m<path[31m
                  [33md[31m=[32m"M8.5 2h7"[31m
                [36m/>[31m
                [36m<path[31m
                  [33md[31m=[32m"M14.5 16h-5"[31m
                [36m/>[31m
              [36m</svg>[31m
              [36m<span>[31m
                [0mRun All Tests[0m
              [36m</span>[31m
            [36m</button>[31m
            [36m<button[31m
              [33mclass[31m=[32m"justify-center gap-2 whitespace-nowrap rounded-md text-sm font-medium ring-offset-background transition-colors focus-visible:outline-none focus-visible:ring-2 focus-visible:ring-ring focus-visible:ring-offset-2 disabled:pointer-events-none disabled:opacity-50 [&_svg]:pointer-events-none [&_svg]:size-4 [&_svg]:shrink-0 border border-input bg-background hover:bg-accent hover:text-accent-foreground h-10 px-4 py-2 flex items-center space-x-2"[31m
            [36m>[31m
              [36m<svg[31m
                [33mclass[31m=[32m"lucide lucide-plus h-4 w-4"[31m
                [33mfill[31m=[32m"none"[31m
                [33mheight[31m=[32m"24"[31m
                [33mstroke[31m=[32m"currentColor"[31m
                [33mstroke-linecap[31m=[32m"round"[31m
                [33mstroke-linejoin[31m=[32m"round"[31m
                [33mstroke-width[31m=[32m"2"[31m
                [33mviewBox[31m=[32m"0 0 24 24"[31m
                [33mwidth[31m=[32m"24"[31m
                [33mxmlns[31m=[32m"http://www.w3.org/2000/svg"[31m
              [36m>[31m
                [36m<path[31m
                  [33md[31m=[32m"M5 12h14"[31m
                [36m/>[31m
                [36m<path[31m
                  [33md[31m=[32m"M12 5v14"[31m
                [36m/>[31m
              [36m</svg>[31m
              [36m<span>[31m
                [0mAdd Demo Data[0m
              [36m</span>[31m
            [36m</button>[31m
            [36m<button[31m
              [33mclass[31m=[32m"justify-center gap-2 whitespace-nowrap rounded-md text-sm font-medium ring-offset-background transition-colors focus-visible:outline-none focus-visible:ring-2 focus-visible:ring-ring focus-visible:ring-offset-2 disabled:pointer-events-none disabled:opacity-50 [&_svg]:pointer-events-none [&_svg]:size-4 [&_svg]:shrink-0 border border-input bg-background hover:bg-accent hover:text-accent-foreground h-10 px-4 py-2 flex items-center space-x-2"[31m
            [36m>[31m
              [36m<svg[31m
                [33mclass[31m=[32m"lucide lucide-trash2 h-4 w-4"[31m
                [33mfill[31m=[32m"none"[31m
                [33mheight[31m=[32m"24"[31m
                [33mstroke[31m=[32m"currentColor"[31m
                [33mstroke-linecap[31m=[32m"round"[31m
                [33mstroke-linejoin[31m=[32m"round"[31m
                [33mstroke-width[31m=[32m"2"[31m
                [33mviewBox[31m=[32m"0 0 24 24"[31m
                [33mwidth[31m=[32m"24"[31m
                [33mxmlns[31m=[32m"http://www.w3.org/2000/svg"[31m
              [36m>[31m
                [36m<path[31m
                  [33md[31m=[32m"M3 6h18"[31m
                [36m/>[31m
                [36m<path[31m
                  [33md[31m=[32m"M19 6v14c0 1-1 2-2 2H7c-1 0-2-1-2-2V6"[31m
                [36m/>[31m
                [36m<path[31m
                  [33md[39...[39m
[31m   [31m×[31m Customers[2m > [22mdelete customer[2m > [22mshould delete customer when confirmed[39m[33m 1141[2mms[22m[39m
[31m     → expected "spy" to be called with arguments: [ 'Customer deleted successfully' ][90m

Received: 

[1m  1st spy call:

[22m[2m  [[22m
[32m-   "Customer deleted successfully",[90m
[31m+   "Customers loaded (offline mode)",[90m
[2m  ][22m

[1m  2nd spy call:

[22m[2m  [[22m
[32m-   "Customer deleted successfully",[90m
[31m+   "Customer deleted successfully (offline)",[90m
[2m  ][22m
[31m[90m

Number of calls: [1m2[22m
[31m

Ignored nodes: comments, script, style
[36m<html>[31m
  [36m<head />[31m
  [36m<body>[31m
    [36m<div>[31m
      [36m<div[31m
        [33mclass[31m=[32m"p-6"[31m
      [36m>[31m
        [36m<div[31m
          [33mclass[31m=[32m"flex justify-between items-center mb-6"[31m
        [36m>[31m
          [36m<div[31m
            [33mclass[31m=[32m"flex items-center space-x-3"[31m
          [36m>[31m
            [36m<svg[31m
              [33mclass[31m=[32m"lucide lucide-users h-8 w-8 text-blue-600"[31m
              [33mfill[31m=[32m"none"[31m
              [33mheight[31m=[32m"24"[31m
              [33mstroke[31m=[32m"currentColor"[31m
              [33mstroke-linecap[31m=[32m"round"[31m
              [33mstroke-linejoin[31m=[32m"round"[31m
              [33mstroke-width[31m=[32m"2"[31m
              [33mviewBox[31m=[32m"0 0 24 24"[31m
              [33mwidth[31m=[32m"24"[31m
              [33mxmlns[31m=[32m"http://www.w3.org/2000/svg"[31m
            [36m>[31m
              [36m<path[31m
                [33md[31m=[32m"M16 21v-2a4 4 0 0 0-4-4H6a4 4 0 0 0-4 4v2"[31m
              [36m/>[31m
              [36m<circle[31m
                [33mcx[31m=[32m"9"[31m
                [33mcy[31m=[32m"7"[31m
                [33mr[31m=[32m"4"[31m
              [36m/>[31m
              [36m<path[31m
                [33md[31m=[32m"M22 21v-2a4 4 0 0 0-3-3.87"[31m
              [36m/>[31m
              [36m<path[31m
                [33md[31m=[32m"M16 3.13a4 4 0 0 1 0 7.75"[31m
              [36m/>[31m
            [36m</svg>[31m
            [36m<div>[31m
              [36m<h1[31m
                [33mclass[31m=[32m"text-2xl font-bold text-gray-900"[31m
                [33mdata-testid[31m=[32m"page-title"[31m
              [36m>[31m
                [0mCustomers[0m
              [36m</h1>[31m
              [36m<p[31m
                [33mclass[31m=[32m"text-gray-600"[31m
              [36m>[31m
                [0mManage your customer relationships[0m
              [36m</p>[31m
            [36m</div>[31m
          [36m</div>[31m
          [36m<div[31m
            [33mclass[31m=[32m"flex gap-2"[31m
          [36m>[31m
            [36m<button[31m
              [33mclass[31m=[32m"justify-center gap-2 whitespace-nowrap rounded-md text-sm font-medium ring-offset-background transition-colors focus-visible:outline-none focus-visible:ring-2 focus-visible:ring-ring focus-visible:ring-offset-2 disabled:pointer-events-none disabled:opacity-50 [&_svg]:pointer-events-none [&_svg]:size-4 [&_svg]:shrink-0 border border-input bg-background hover:bg-accent hover:text-accent-foreground h-10 px-4 py-2 flex items-center space-x-2"[31m
            [36m>[31m
              [36m<svg[31m
                [33mclass[31m=[32m"lucide lucide-test-tube h-4 w-4"[31m
                [33mfill[31m=[32m"none"[31m
                [33mheight[31m=[32m"24"[31m
                [33mstroke[31m=[32m"currentColor"[31m
                [33mstroke-linecap[31m=[32m"round"[31m
                [33mstroke-linejoin[31m=[32m"round"[31m
                [33mstroke-width[31m=[32m"2"[31m
                [33mviewBox[31m=[32m"0 0 24 24"[31m
                [33mwidth[31m=[32m"24"[31m
                [33mxmlns[31m=[32m"http://www.w3.org/2000/svg"[31m
              [36m>[31m
                [36m<path[31m
                  [33md[31m=[32m"M14.5 2v17.5c0 1.4-1.1 2.5-2.5 2.5c-1.4 0-2.5-1.1-2.5-2.5V2"[31m
                [36m/>[31m
                [36m<path[31m
                  [33md[31m=[32m"M8.5 2h7"[31m
                [36m/>[31m
                [36m<path[31m
                  [33md[31m=[32m"M14.5 16h-5"[31m
                [36m/>[31m
              [36m</svg>[31m
              [36m<span>[31m
                [0mRun All Tests[0m
              [36m</span>[31m
            [36m</button>[31m
            [36m<button[31m
              [33mclass[31m=[32m"justify-center gap-2 whitespace-nowrap rounded-md text-sm font-medium ring-offset-background transition-colors focus-visible:outline-none focus-visible:ring-2 focus-visible:ring-ring focus-visible:ring-offset-2 disabled:pointer-events-none disabled:opacity-50 [&_svg]:pointer-events-none [&_svg]:size-4 [&_svg]:shrink-0 border border-input bg-background hover:bg-accent hover:text-accent-foreground h-10 px-4 py-2 flex items-center space-x-2"[31m
            [36m>[31m
              [36m<svg[31m
                [33mclass[31m=[32m"lucide lucide-plus h-4 w-4"[31m
                [33mfill[31m=[32m"none"[31m
                [33mheight[31m=[32m"24"[31m
                [33mstroke[31m=[32m"currentColor"[31m
                [33mstroke-linecap[31m=[32m"round"[31m
                [33mstroke-linejoin[31m=[32m"round"[31m
                [33mstroke-width[31m=[32m"2"[31m
                [33mviewBox[31m=[32m"0 0 24 24"[31m
                [33mwidth[31m=[32m"24"[31m
                [33mxmlns[31m=[32m"http://www.w3.org/2000/svg"[31m
              [36m>[31m
                [36m<path[31m
                  [33md[31m=[32m"M5 12h14"[31m
                [36m/>[31m
                [36m<path[31m
                  [33md[31m=[32m"M12 5v14"[31m
                [36m/>[31m
              [36m</svg>[31m
              [36m<span>[31m
                [0mAdd Demo Data[0m
              [36m</span>[31m
            [36m</button>[31m
            [36m<button[31m
              [33mclass[31m=[32m"justify-center gap-2 whitespace-nowrap rounded-md text-sm font-medium ring-offset-background transition-colors focus-visible:outline-none focus-visible:ring-2 focus-visible:ring-ring focus-visible:ring-offset-2 disabled:pointer-events-none disabled:opacity-50 [&_svg]:pointer-events-none [&_svg]:size-4 [&_svg]:shrink-0 border border-input bg-background hover:bg-accent hover:text-accent-foreground h-10 px-4 py-2 flex items-center space-x-2"[31m
            [36m>[31m
              [36m<svg[31m
                [33mclass[31m=[32m"lucide lucide-trash2 h-4 w-4"[31m
                [33mfill[31m=[32m"none"[31m
                [33mheight[31m=[32m"24"[31m
                [33mstroke[31m=[32m"currentColor"[31m
                [33mstroke-linecap[31m=[32m"round"[31m
                [33mstroke-linejoin[31m=[32m"round"[31m
                [33mstroke-width[31m=[32m"2"[31m
                [33mviewBox[31m=[32m"0 0 24 24"[31m
                [33mwidth[31m=[32m"24"[31m
                [33mxmlns[31m=[32m"http://www.w3.org/2000/svg"[31m
              [36m>[31m
                [36m<path[31m
                  [33md[31m=[32m"M3 6h18"[31m
                [36m/>[31m
                [36m<path[31m
                  [33md[31m=[32m"M19 6v14c0 1-1 2-2 2H7c-1 0-2-1-2-2V6"[31m
                [36m/>[31m
                [36m<path[31m
                  [33md[39...[39m
   [32m✓[39m Customers[2m > [22mdelete customer[2m > [22mshould not delete customer when cancelled[32m 114[2mms[22m[39m
[31m   [31m×[31m Customers[2m > [22merror handling[2m > [22mshould handle load customers error[39m[33m 1072[2mms[22m[39m
[31m     → expected "spy" to be called with arguments: [ Array(1) ][90m

Number of calls: [1m0[22m
[31m

Ignored nodes: comments, script, style
[36m<html>[31m
  [36m<head />[31m
  [36m<body>[31m
    [36m<div>[31m
      [36m<div[31m
        [33mclass[31m=[32m"p-6"[31m
      [36m>[31m
        [36m<div[31m
          [33mclass[31m=[32m"flex justify-between items-center mb-6"[31m
        [36m>[31m
          [36m<div[31m
            [33mclass[31m=[32m"flex items-center space-x-3"[31m
          [36m>[31m
            [36m<svg[31m
              [33mclass[31m=[32m"lucide lucide-users h-8 w-8 text-blue-600"[31m
              [33mfill[31m=[32m"none"[31m
              [33mheight[31m=[32m"24"[31m
              [33mstroke[31m=[32m"currentColor"[31m
              [33mstroke-linecap[31m=[32m"round"[31m
              [33mstroke-linejoin[31m=[32m"round"[31m
              [33mstroke-width[31m=[32m"2"[31m
              [33mviewBox[31m=[32m"0 0 24 24"[31m
              [33mwidth[31m=[32m"24"[31m
              [33mxmlns[31m=[32m"http://www.w3.org/2000/svg"[31m
            [36m>[31m
              [36m<path[31m
                [33md[31m=[32m"M16 21v-2a4 4 0 0 0-4-4H6a4 4 0 0 0-4 4v2"[31m
              [36m/>[31m
              [36m<circle[31m
                [33mcx[31m=[32m"9"[31m
                [33mcy[31m=[32m"7"[31m
                [33mr[31m=[32m"4"[31m
              [36m/>[31m
              [36m<path[31m
                [33md[31m=[32m"M22 21v-2a4 4 0 0 0-3-3.87"[31m
              [36m/>[31m
              [36m<path[31m
                [33md[31m=[32m"M16 3.13a4 4 0 0 1 0 7.75"[31m
              [36m/>[31m
            [36m</svg>[31m
            [36m<div>[31m
              [36m<h1[31m
                [33mclass[31m=[32m"text-2xl font-bold text-gray-900"[31m
                [33mdata-testid[31m=[32m"page-title"[31m
              [36m>[31m
                [0mCustomers[0m
              [36m</h1>[31m
              [36m<p[31m
                [33mclass[31m=[32m"text-gray-600"[31m
              [36m>[31m
                [0mManage your customer relationships[0m
              [36m</p>[31m
            [36m</div>[31m
          [36m</div>[31m
          [36m<div[31m
            [33mclass[31m=[32m"flex gap-2"[31m
          [36m>[31m
            [36m<button[31m
              [33mclass[31m=[32m"justify-center gap-2 whitespace-nowrap rounded-md text-sm font-medium ring-offset-background transition-colors focus-visible:outline-none focus-visible:ring-2 focus-visible:ring-ring focus-visible:ring-offset-2 disabled:pointer-events-none disabled:opacity-50 [&_svg]:pointer-events-none [&_svg]:size-4 [&_svg]:shrink-0 border border-input bg-background hover:bg-accent hover:text-accent-foreground h-10 px-4 py-2 flex items-center space-x-2"[31m
            [36m>[31m
              [36m<svg[31m
                [33mclass[31m=[32m"lucide lucide-test-tube h-4 w-4"[31m
                [33mfill[31m=[32m"none"[31m
                [33mheight[31m=[32m"24"[31m
                [33mstroke[31m=[32m"currentColor"[31m
                [33mstroke-linecap[31m=[32m"round"[31m
                [33mstroke-linejoin[31m=[32m"round"[31m
                [33mstroke-width[31m=[32m"2"[31m
                [33mviewBox[31m=[32m"0 0 24 24"[31m
                [33mwidth[31m=[32m"24"[31m
                [33mxmlns[31m=[32m"http://www.w3.org/2000/svg"[31m
              [36m>[31m
                [36m<path[31m
                  [33md[31m=[32m"M14.5 2v17.5c0 1.4-1.1 2.5-2.5 2.5c-1.4 0-2.5-1.1-2.5-2.5V2"[31m
                [36m/>[31m
                [36m<path[31m
                  [33md[31m=[32m"M8.5 2h7"[31m
                [36m/>[31m
                [36m<path[31m
                  [33md[31m=[32m"M14.5 16h-5"[31m
                [36m/>[31m
              [36m</svg>[31m
              [36m<span>[31m
                [0mRun All Tests[0m
              [36m</span>[31m
            [36m</button>[31m
            [36m<button[31m
              [33mclass[31m=[32m"justify-center gap-2 whitespace-nowrap rounded-md text-sm font-medium ring-offset-background transition-colors focus-visible:outline-none focus-visible:ring-2 focus-visible:ring-ring focus-visible:ring-offset-2 disabled:pointer-events-none disabled:opacity-50 [&_svg]:pointer-events-none [&_svg]:size-4 [&_svg]:shrink-0 border border-input bg-background hover:bg-accent hover:text-accent-foreground h-10 px-4 py-2 flex items-center space-x-2"[31m
            [36m>[31m
              [36m<svg[31m
                [33mclass[31m=[32m"lucide lucide-plus h-4 w-4"[31m
                [33mfill[31m=[32m"none"[31m
                [33mheight[31m=[32m"24"[31m
                [33mstroke[31m=[32m"currentColor"[31m
                [33mstroke-linecap[31m=[32m"round"[31m
                [33mstroke-linejoin[31m=[32m"round"[31m
                [33mstroke-width[31m=[32m"2"[31m
                [33mviewBox[31m=[32m"0 0 24 24"[31m
                [33mwidth[31m=[32m"24"[31m
                [33mxmlns[31m=[32m"http://www.w3.org/2000/svg"[31m
              [36m>[31m
                [36m<path[31m
                  [33md[31m=[32m"M5 12h14"[31m
                [36m/>[31m
                [36m<path[31m
                  [33md[31m=[32m"M12 5v14"[31m
                [36m/>[31m
              [36m</svg>[31m
              [36m<span>[31m
                [0mAdd Demo Data[0m
              [36m</span>[31m
            [36m</button>[31m
            [36m<button[31m
              [33mclass[31m=[32m"justify-center gap-2 whitespace-nowrap rounded-md text-sm font-medium ring-offset-background transition-colors focus-visible:outline-none focus-visible:ring-2 focus-visible:ring-ring focus-visible:ring-offset-2 disabled:pointer-events-none disabled:opacity-50 [&_svg]:pointer-events-none [&_svg]:size-4 [&_svg]:shrink-0 border border-input bg-background hover:bg-accent hover:text-accent-foreground h-10 px-4 py-2 flex items-center space-x-2"[31m
            [36m>[31m
              [36m<svg[31m
                [33mclass[31m=[32m"lucide lucide-trash2 h-4 w-4"[31m
                [33mfill[31m=[32m"none"[31m
                [33mheight[31m=[32m"24"[31m
                [33mstroke[31m=[32m"currentColor"[31m
                [33mstroke-linecap[31m=[32m"round"[31m
                [33mstroke-linejoin[31m=[32m"round"[31m
                [33mstroke-width[31m=[32m"2"[31m
                [33mviewBox[31m=[32m"0 0 24 24"[31m
                [33mwidth[31m=[32m"24"[31m
                [33mxmlns[31m=[32m"http://www.w3.org/2000/svg"[31m
              [36m>[31m
                [36m<path[31m
                  [33md[31m=[32m"M3 6h18"[31m
                [36m/>[31m
                [36m<path[31m
                  [33md[31m=[32m"M19 6v14c0 1-1 2-2 2H7c-1 0-2-1-2-2V6"[31m
                [36m/>[31m
                [36m<path[31m
                  [33md[39...[39m
[31m   [31m×[31m Customers[2m > [22merror handling[2m > [22mshould handle create customer error[39m[33m 1620[2mms[22m[39m
[31m     → expected "spy" to be called with arguments: [ 'Failed to save customer' ][90m

Number of calls: [1m0[22m
[31m

Ignored nodes: comments, script, style
[36m<html>[31m
  [36m<head />[31m
  [36m<body>[31m
    [36m<div>[31m
      [36m<div[31m
        [33mclass[31m=[32m"p-6"[31m
      [36m>[31m
        [36m<div[31m
          [33mclass[31m=[32m"flex justify-between items-center mb-6"[31m
        [36m>[31m
          [36m<div[31m
            [33mclass[31m=[32m"flex items-center space-x-3"[31m
          [36m>[31m
            [36m<svg[31m
              [33mclass[31m=[32m"lucide lucide-users h-8 w-8 text-blue-600"[31m
              [33mfill[31m=[32m"none"[31m
              [33mheight[31m=[32m"24"[31m
              [33mstroke[31m=[32m"currentColor"[31m
              [33mstroke-linecap[31m=[32m"round"[31m
              [33mstroke-linejoin[31m=[32m"round"[31m
              [33mstroke-width[31m=[32m"2"[31m
              [33mviewBox[31m=[32m"0 0 24 24"[31m
              [33mwidth[31m=[32m"24"[31m
              [33mxmlns[31m=[32m"http://www.w3.org/2000/svg"[31m
            [36m>[31m
              [36m<path[31m
                [33md[31m=[32m"M16 21v-2a4 4 0 0 0-4-4H6a4 4 0 0 0-4 4v2"[31m
              [36m/>[31m
              [36m<circle[31m
                [33mcx[31m=[32m"9"[31m
                [33mcy[31m=[32m"7"[31m
                [33mr[31m=[32m"4"[31m
              [36m/>[31m
              [36m<path[31m
                [33md[31m=[32m"M22 21v-2a4 4 0 0 0-3-3.87"[31m
              [36m/>[31m
              [36m<path[31m
                [33md[31m=[32m"M16 3.13a4 4 0 0 1 0 7.75"[31m
              [36m/>[31m
            [36m</svg>[31m
            [36m<div>[31m
              [36m<h1[31m
                [33mclass[31m=[32m"text-2xl font-bold text-gray-900"[31m
                [33mdata-testid[31m=[32m"page-title"[31m
              [36m>[31m
                [0mCustomers[0m
              [36m</h1>[31m
              [36m<p[31m
                [33mclass[31m=[32m"text-gray-600"[31m
              [36m>[31m
                [0mManage your customer relationships[0m
              [36m</p>[31m
            [36m</div>[31m
          [36m</div>[31m
          [36m<div[31m
            [33mclass[31m=[32m"flex gap-2"[31m
          [36m>[31m
            [36m<button[31m
              [33mclass[31m=[32m"justify-center gap-2 whitespace-nowrap rounded-md text-sm font-medium ring-offset-background transition-colors focus-visible:outline-none focus-visible:ring-2 focus-visible:ring-ring focus-visible:ring-offset-2 disabled:pointer-events-none disabled:opacity-50 [&_svg]:pointer-events-none [&_svg]:size-4 [&_svg]:shrink-0 border border-input bg-background hover:bg-accent hover:text-accent-foreground h-10 px-4 py-2 flex items-center space-x-2"[31m
            [36m>[31m
              [36m<svg[31m
                [33mclass[31m=[32m"lucide lucide-test-tube h-4 w-4"[31m
                [33mfill[31m=[32m"none"[31m
                [33mheight[31m=[32m"24"[31m
                [33mstroke[31m=[32m"currentColor"[31m
                [33mstroke-linecap[31m=[32m"round"[31m
                [33mstroke-linejoin[31m=[32m"round"[31m
                [33mstroke-width[31m=[32m"2"[31m
                [33mviewBox[31m=[32m"0 0 24 24"[31m
                [33mwidth[31m=[32m"24"[31m
                [33mxmlns[31m=[32m"http://www.w3.org/2000/svg"[31m
              [36m>[31m
                [36m<path[31m
                  [33md[31m=[32m"M14.5 2v17.5c0 1.4-1.1 2.5-2.5 2.5c-1.4 0-2.5-1.1-2.5-2.5V2"[31m
                [36m/>[31m
                [36m<path[31m
                  [33md[31m=[32m"M8.5 2h7"[31m
                [36m/>[31m
                [36m<path[31m
                  [33md[31m=[32m"M14.5 16h-5"[31m
                [36m/>[31m
              [36m</svg>[31m
              [36m<span>[31m
                [0mRun All Tests[0m
              [36m</span>[31m
            [36m</button>[31m
            [36m<button[31m
              [33mclass[31m=[32m"justify-center gap-2 whitespace-nowrap rounded-md text-sm font-medium ring-offset-background transition-colors focus-visible:outline-none focus-visible:ring-2 focus-visible:ring-ring focus-visible:ring-offset-2 disabled:pointer-events-none disabled:opacity-50 [&_svg]:pointer-events-none [&_svg]:size-4 [&_svg]:shrink-0 border border-input bg-background hover:bg-accent hover:text-accent-foreground h-10 px-4 py-2 flex items-center space-x-2"[31m
            [36m>[31m
              [36m<svg[31m
                [33mclass[31m=[32m"lucide lucide-plus h-4 w-4"[31m
                [33mfill[31m=[32m"none"[31m
                [33mheight[31m=[32m"24"[31m
                [33mstroke[31m=[32m"currentColor"[31m
                [33mstroke-linecap[31m=[32m"round"[31m
                [33mstroke-linejoin[31m=[32m"round"[31m
                [33mstroke-width[31m=[32m"2"[31m
                [33mviewBox[31m=[32m"0 0 24 24"[31m
                [33mwidth[31m=[32m"24"[31m
                [33mxmlns[31m=[32m"http://www.w3.org/2000/svg"[31m
              [36m>[31m
                [36m<path[31m
                  [33md[31m=[32m"M5 12h14"[31m
                [36m/>[31m
                [36m<path[31m
                  [33md[31m=[32m"M12 5v14"[31m
                [36m/>[31m
              [36m</svg>[31m
              [36m<span>[31m
                [0mAdd Demo Data[0m
              [36m</span>[31m
            [36m</button>[31m
            [36m<button[31m
              [33mclass[31m=[32m"justify-center gap-2 whitespace-nowrap rounded-md text-sm font-medium ring-offset-background transition-colors focus-visible:outline-none focus-visible:ring-2 focus-visible:ring-ring focus-visible:ring-offset-2 disabled:pointer-events-none disabled:opacity-50 [&_svg]:pointer-events-none [&_svg]:size-4 [&_svg]:shrink-0 border border-input bg-background hover:bg-accent hover:text-accent-foreground h-10 px-4 py-2 flex items-center space-x-2"[31m
            [36m>[31m
              [36m<svg[31m
                [33mclass[31m=[32m"lucide lucide-trash2 h-4 w-4"[31m
                [33mfill[31m=[32m"none"[31m
                [33mheight[31m=[32m"24"[31m
                [33mstroke[31m=[32m"currentColor"[31m
                [33mstroke-linecap[31m=[32m"round"[31m
                [33mstroke-linejoin[31m=[32m"round"[31m
                [33mstroke-width[31m=[32m"2"[31m
                [33mviewBox[31m=[32m"0 0 24 24"[31m
                [33mwidth[31m=[32m"24"[31m
                [33mxmlns[31m=[32m"http://www.w3.org/2000/svg"[31m
              [36m>[31m
                [36m<path[31m
                  [33md[31m=[32m"M3 6h18"[31m
                [36m/>[31m
                [36m<path[31m
                  [33md[31m=[32m"M19 6v14c0 1-1 2-2 2H7c-1 0-2-1-2-2V6"[31m
                [36m/>[31m
                [36m<path[31m
                  [33md[39...[39m
[31m   [31m×[31m Customers[2m > [22merror handling[2m > [22mshould handle delete customer error[39m[33m 1177[2mms[22m[39m
[31m     → expected "spy" to be called with arguments: [ 'Failed to delete customer' ][90m

Number of calls: [1m0[22m
[31m

Ignored nodes: comments, script, style
[36m<html>[31m
  [36m<head />[31m
  [36m<body>[31m
    [36m<div>[31m
      [36m<div[31m
        [33mclass[31m=[32m"p-6"[31m
      [36m>[31m
        [36m<div[31m
          [33mclass[31m=[32m"flex justify-between items-center mb-6"[31m
        [36m>[31m
          [36m<div[31m
            [33mclass[31m=[32m"flex items-center space-x-3"[31m
          [36m>[31m
            [36m<svg[31m
              [33mclass[31m=[32m"lucide lucide-users h-8 w-8 text-blue-600"[31m
              [33mfill[31m=[32m"none"[31m
              [33mheight[31m=[32m"24"[31m
              [33mstroke[31m=[32m"currentColor"[31m
              [33mstroke-linecap[31m=[32m"round"[31m
              [33mstroke-linejoin[31m=[32m"round"[31m
              [33mstroke-width[31m=[32m"2"[31m
              [33mviewBox[31m=[32m"0 0 24 24"[31m
              [33mwidth[31m=[32m"24"[31m
              [33mxmlns[31m=[32m"http://www.w3.org/2000/svg"[31m
            [36m>[31m
              [36m<path[31m
                [33md[31m=[32m"M16 21v-2a4 4 0 0 0-4-4H6a4 4 0 0 0-4 4v2"[31m
              [36m/>[31m
              [36m<circle[31m
                [33mcx[31m=[32m"9"[31m
                [33mcy[31m=[32m"7"[31m
                [33mr[31m=[32m"4"[31m
              [36m/>[31m
              [36m<path[31m
                [33md[31m=[32m"M22 21v-2a4 4 0 0 0-3-3.87"[31m
              [36m/>[31m
              [36m<path[31m
                [33md[31m=[32m"M16 3.13a4 4 0 0 1 0 7.75"[31m
              [36m/>[31m
            [36m</svg>[31m
            [36m<div>[31m
              [36m<h1[31m
                [33mclass[31m=[32m"text-2xl font-bold text-gray-900"[31m
                [33mdata-testid[31m=[32m"page-title"[31m
              [36m>[31m
                [0mCustomers[0m
              [36m</h1>[31m
              [36m<p[31m
                [33mclass[31m=[32m"text-gray-600"[31m
              [36m>[31m
                [0mManage your customer relationships[0m
              [36m</p>[31m
            [36m</div>[31m
          [36m</div>[31m
          [36m<div[31m
            [33mclass[31m=[32m"flex gap-2"[31m
          [36m>[31m
            [36m<button[31m
              [33mclass[31m=[32m"justify-center gap-2 whitespace-nowrap rounded-md text-sm font-medium ring-offset-background transition-colors focus-visible:outline-none focus-visible:ring-2 focus-visible:ring-ring focus-visible:ring-offset-2 disabled:pointer-events-none disabled:opacity-50 [&_svg]:pointer-events-none [&_svg]:size-4 [&_svg]:shrink-0 border border-input bg-background hover:bg-accent hover:text-accent-foreground h-10 px-4 py-2 flex items-center space-x-2"[31m
            [36m>[31m
              [36m<svg[31m
                [33mclass[31m=[32m"lucide lucide-test-tube h-4 w-4"[31m
                [33mfill[31m=[32m"none"[31m
                [33mheight[31m=[32m"24"[31m
                [33mstroke[31m=[32m"currentColor"[31m
                [33mstroke-linecap[31m=[32m"round"[31m
                [33mstroke-linejoin[31m=[32m"round"[31m
                [33mstroke-width[31m=[32m"2"[31m
                [33mviewBox[31m=[32m"0 0 24 24"[31m
                [33mwidth[31m=[32m"24"[31m
                [33mxmlns[31m=[32m"http://www.w3.org/2000/svg"[31m
              [36m>[31m
                [36m<path[31m
                  [33md[31m=[32m"M14.5 2v17.5c0 1.4-1.1 2.5-2.5 2.5c-1.4 0-2.5-1.1-2.5-2.5V2"[31m
                [36m/>[31m
                [36m<path[31m
                  [33md[31m=[32m"M8.5 2h7"[31m
                [36m/>[31m
                [36m<path[31m
                  [33md[31m=[32m"M14.5 16h-5"[31m
                [36m/>[31m
              [36m</svg>[31m
              [36m<span>[31m
                [0mRun All Tests[0m
              [36m</span>[31m
            [36m</button>[31m
            [36m<button[31m
              [33mclass[31m=[32m"justify-center gap-2 whitespace-nowrap rounded-md text-sm font-medium ring-offset-background transition-colors focus-visible:outline-none focus-visible:ring-2 focus-visible:ring-ring focus-visible:ring-offset-2 disabled:pointer-events-none disabled:opacity-50 [&_svg]:pointer-events-none [&_svg]:size-4 [&_svg]:shrink-0 border border-input bg-background hover:bg-accent hover:text-accent-foreground h-10 px-4 py-2 flex items-center space-x-2"[31m
            [36m>[31m
              [36m<svg[31m
                [33mclass[31m=[32m"lucide lucide-plus h-4 w-4"[31m
                [33mfill[31m=[32m"none"[31m
                [33mheight[31m=[32m"24"[31m
                [33mstroke[31m=[32m"currentColor"[31m
                [33mstroke-linecap[31m=[32m"round"[31m
                [33mstroke-linejoin[31m=[32m"round"[31m
                [33mstroke-width[31m=[32m"2"[31m
                [33mviewBox[31m=[32m"0 0 24 24"[31m
                [33mwidth[31m=[32m"24"[31m
                [33mxmlns[31m=[32m"http://www.w3.org/2000/svg"[31m
              [36m>[31m
                [36m<path[31m
                  [33md[31m=[32m"M5 12h14"[31m
                [36m/>[31m
                [36m<path[31m
                  [33md[31m=[32m"M12 5v14"[31m
                [36m/>[31m
              [36m</svg>[31m
              [36m<span>[31m
                [0mAdd Demo Data[0m
              [36m</span>[31m
            [36m</button>[31m
            [36m<button[31m
              [33mclass[31m=[32m"justify-center gap-2 whitespace-nowrap rounded-md text-sm font-medium ring-offset-background transition-colors focus-visible:outline-none focus-visible:ring-2 focus-visible:ring-ring focus-visible:ring-offset-2 disabled:pointer-events-none disabled:opacity-50 [&_svg]:pointer-events-none [&_svg]:size-4 [&_svg]:shrink-0 border border-input bg-background hover:bg-accent hover:text-accent-foreground h-10 px-4 py-2 flex items-center space-x-2"[31m
            [36m>[31m
              [36m<svg[31m
                [33mclass[31m=[32m"lucide lucide-trash2 h-4 w-4"[31m
                [33mfill[31m=[32m"none"[31m
                [33mheight[31m=[32m"24"[31m
                [33mstroke[31m=[32m"currentColor"[31m
                [33mstroke-linecap[31m=[32m"round"[31m
                [33mstroke-linejoin[31m=[32m"round"[31m
                [33mstroke-width[31m=[32m"2"[31m
                [33mviewBox[31m=[32m"0 0 24 24"[31m
                [33mwidth[31m=[32m"24"[31m
                [33mxmlns[31m=[32m"http://www.w3.org/2000/svg"[31m
              [36m>[31m
                [36m<path[31m
                  [33md[31m=[32m"M3 6h18"[31m
                [36m/>[31m
                [36m<path[31m
                  [33md[31m=[32m"M19 6v14c0 1-1 2-2 2H7c-1 0-2-1-2-2V6"[31m
                [36m/>[31m
                [36m<path[31m
                  [33md[39...[39m
[90mstdout[2m | src/test/unit/Dashboard.test.tsx[2m > [22m[2mDashboard Component[2m > [22m[2mRecent Activities[2m > [22m[2mshould display recent deals
[22m[39m📱 Loading dashboard data from offline service

[90mstdout[2m | src/test/unit/Dashboard.test.tsx[2m > [22m[2mDashboard Component[2m > [22m[2mQuick Actions[2m > [22m[2mshould display quick action buttons
[22m[39m📱 Loading dashboard data from offline service

[90mstdout[2m | src/test/unit/Dashboard.test.tsx[2m > [22m[2mDashboard Component[2m > [22m[2mError Handling[2m > [22m[2mshould handle API errors gracefully
[22m[39m📱 Loading dashboard data from offline service

[90mstdout[2m | src/pages/Calendar.test.tsx
[22m[39m🔧 Offline data initialized

 [31m❯[39m src/test/unit/Dashboard.test.tsx [2m([22m[2m11 tests[22m[2m | [22m[31m7 failed[39m[2m)[22m[33m 7021[2mms[22m[39m
[31m   [31m×[31m Dashboard Component[2m > [22mLoading State[2m > [22mshould show loading state initially[39m[32m 168[2mms[22m[39m
[31m     → Unable to find an element with the text: Loading.... This could be because the text is broken up by multiple elements. In this case, you can provide a function for your text matcher to make your matcher more flexible.

Ignored nodes: comments, script, style
[36m<body>[31m
  [36m<div>[31m
    [36m<div[31m
      [33mclass[31m=[32m"fixed inset-0 z-50 flex items-center justify-center bg-background/80 backdrop-blur-sm"[31m
    [36m>[31m
      [36m<div[31m
        [33mclass[31m=[32m"flex flex-col items-center space-y-4"[31m
      [36m>[31m
        [36m<div[31m
          [33mclass[31m=[32m"animate-spin rounded-full border-2 border-gray-300 border-t-blue-600 h-8 w-8"[31m
        [36m/>[31m
        [36m<p[31m
          [33mclass[31m=[32m"text-sm text-muted-foreground"[31m
        [36m>[31m
          [0mLoading dashboard data...[0m
        [36m</p>[31m
      [36m</div>[31m
    [36m</div>[31m
  [36m</div>[31m
[36m</body>[31m[39m
[31m   [31m×[31m Dashboard Component[2m > [22mDashboard Stats[2m > [22mshould display customer statistics[39m[33m 1051[2mms[22m[39m
[31m     → Unable to find an element with the text: 2. This could be because the text is broken up by multiple elements. In this case, you can provide a function for your text matcher to make your matcher more flexible.

Ignored nodes: comments, script, style
[36m<body>[31m
  [36m<div>[31m
    [36m<div[31m
      [33mclass[31m=[32m"mx-auto px-4 sm:px-6 lg:px-8 max-w-7xl min-h-screen bg-background"[31m
    [36m>[31m
      [36m<div[31m
        [33mclass[31m=[32m"container mx-auto px-4 py-6 space-y-8"[31m
      [36m>[31m
        [36m<div[31m
          [33mclass[31m=[32m"flex flex-col sm:flex-row sm:items-center sm:justify-between gap-4"[31m
        [36m>[31m
          [36m<div[31m
            [33mclass[31m=[32m"space-y-2"[31m
          [36m>[31m
            [36m<h1[31m
              [33mclass[31m=[32m"text-4xl font-bold text-foreground tracking-tight"[31m
              [33mdata-testid[31m=[32m"page-title"[31m
            [36m>[31m
              [36m<span[31m
                [33mclass[31m=[32m"sr-only"[31m
              [36m>[31m
                [0mDashboard for [0m
              [36m</span>[31m
              [0mDashboard[0m
            [36m</h1>[31m
            [36m<p[31m
              [33mclass[31m=[32m"text-lg text-muted-foreground"[31m
            [36m>[31m
              [0mWelcome back, [0m
              [0mTest User[0m
              [0m! Here's what's happening with your business.[0m
            [36m</p>[31m
          [36m</div>[31m
          [36m<div[31m
            [33mclass[31m=[32m"flex items-center gap-3"[31m
          [36m>[31m
            [36m<div[31m
              [33mclass[31m=[32m"inline-flex items-center rounded-full border text-xs font-semibold transition-colors focus:outline-none focus:ring-2 focus:ring-ring focus:ring-offset-2 text-foreground px-3 py-1"[31m
            [36m>[31m
              [36m<svg[31m
                [33maria-hidden[31m=[32m"true"[31m
                [33mclass[31m=[32m"lucide lucide-activity h-3 w-3 mr-1"[31m
                [33mfill[31m=[32m"none"[31m
                [33mheight[31m=[32m"24"[31m
                [33mstroke[31m=[32m"currentColor"[31m
                [33mstroke-linecap[31m=[32m"round"[31m
                [33mstroke-linejoin[31m=[32m"round"[31m
                [33mstroke-width[31m=[32m"2"[31m
                [33mviewBox[31m=[32m"0 0 24 24"[31m
                [33mwidth[31m=[32m"24"[31m
                [33mxmlns[31m=[32m"http://www.w3.org/2000/svg"[31m
              [36m>[31m
                [36m<path[31m
                  [33md[31m=[32m"M22 12h-2.48a2 2 0 0 0-1.93 1.46l-2.35 8.36a.25.25 0 0 1-.48 0L9.24 2.18a.25.25 0 0 0-.48 0l-2.35 8.36A2 2 0 0 1 4.49 12H2"[31m
                [36m/>[31m
              [36m</svg>[31m
              [0mLive Data[0m
            [36m</div>[31m
            [36m<button[31m
              [33maria-busy[31m=[32m"false"[31m
              [33maria-label[31m=[32m"Refresh dashboard data"[31m
              [33mclass[31m=[32m"inline-flex items-center justify-center rounded-md text-sm font-medium focus-visible:outline-none focus-visible:ring-2 focus-visible:ring-ring focus-visible:ring-offset-2 disabled:pointer-events-none disabled:opacity-50 border border-input bg-background h-10 px-4 py-2 hover:bg-primary hover:text-primary-foreground transition-colors"[31m
            [36m>[31m
              [36m<svg[31m
                [33maria-hidden[31m=[32m"true"[31m
                [33mclass[31m=[32m"lucide lucide-refresh-cw h-4 w-4 mr-2"[31m
                [33mfill[31m=[32m"none"[31m
                [33mheight[31m=[32m"24"[31m
                [33mstroke[31m=[32m"currentColor"[31m
                [33mstroke-linecap[31m=[32m"round"[31m
                [33mstroke-linejoin[31m=[32m"round"[31m
                [33mstroke-width[31m=[32m"2"[31m
                [33mviewBox[31m=[32m"0 0 24 24"[31m
                [33mwidth[31m=[32m"24"[31m
                [33mxmlns[31m=[32m"http://www.w3.org/2000/svg"[31m
              [36m>[31m
                [36m<path[31m
                  [33md[31m=[32m"M3 12a9 9 0 0 1 9-9 9.75 9.75 0 0 1 6.74 2.74L21 8"[31m
                [36m/>[31m
                [36m<path[31m
                  [33md[31m=[32m"M21 3v5h-5"[31m
                [36m/>[31m
                [36m<path[31m
                  [33md[31m=[32m"M21 12a9 9 0 0 1-9 9 9.75 9.75 0 0 1-6.74-2.74L3 16"[31m
                [36m/>[31m
                [36m<path[31m
                  [33md[31m=[32m"M8 16H3v5"[31m
                [36m/>[31m
              [36m</svg>[31m
              [0mRefresh Data[0m
            [36m</button>[31m
          [36m</div>[31m
        [36m</div>[31m
        [36m<div[31m
          [33mclass[31m=[32m"grid md:grid-cols-3 grid-cols-1 sm:grid-cols-2 lg:grid-cols-4 gap-4 lg:gap-6 mb-8"[31m
        [36m>[31m
          [36m<div[31m
            [33mclass[31m=[32m"rounded-lg border bg-card text-card-foreground shadow p-4 md:p-6 hover:shadow-lg transition-all duration-200 hover:scale-[1.02] cursor-pointer group"[31m
          [36m>[31m
            [36m<div[31m
              [33mclass[31m=[32m"p-6"[31m
            [36m>[31m
              [36m<div[31m
                [33mclass[31m=[32m"flex items-center justify-between"[31m
              [36m>[31m
                [36m<div[31m
                  [33mclass[31m=[32m"space-y-2 flex-1"[31m
                [36m>[31m
                  [36m<div[31m
                    [33mclass[31m=[32m"flex items-center gap-2"[31m
                  [36m>[31m
                    [36m<p[31m
                      [33mclass[31m=[32m"text-sm font-medium text-muted-foreground"[31m
                    [36m>[31m
                      [0mTotal Customers[0m
                    [36m</p>[31m
                    [36m<div[31m
                      [33mclass[31m=[32m"inline-flex items-center rounded-full border font-semibold transition-colors focus:outline-none focus:ring-2 focus:ring-ring focus:ring-offset-2 border-transparent bg-secondary text-secondary-foreground hover:bg-secondary/80 text-xs px-2 py-0.5"[31m
                    [36m>[31m
                      [0mActive customer base[0m
                    [36m</div>[31m
                  [36m</div>[31m
                  [36m<p[31m
                    [33mclass[31m=[32m"text-3xl font-bold text-foreground tracking-tight"[31m
                  [36m>[31m
                    [0m0[0m
                  [36m</p>[31m
                  [36m<div[31m
                    [33mclass[31m=[32m"flex items-center gap-1"[31m
                  [36m>[31m
                    [36m<svg[31m
                      [33maria-hidden[31m=[32m"true"[31m
                      [33mclass[31m=[32m"lucide lucide-arrow-up-right h-4 w-4 text-green-600"[31m
                      [33mfill[31m=[32m"none"[31m
                      [33mheight[31m=[32m"24"[31m
                      [33mstroke[31m=[32m"currentColor"[31m
                      [33mstroke-linecap[31m=[32m"round"[39...

Ignored nodes: comments, script, style
[36m<html>[31m
  [36m<head />[31m
  [36m<body>[31m
    [36m<div>[31m
      [36m<div[31m
        [33mclass[31m=[32m"mx-auto px-4 sm:px-6 lg:px-8 max-w-7xl min-h-screen bg-background"[31m
      [36m>[31m
        [36m<div[31m
          [33mclass[31m=[32m"container mx-auto px-4 py-6 space-y-8"[31m
        [36m>[31m
          [36m<div[31m
            [33mclass[31m=[32m"flex flex-col sm:flex-row sm:items-center sm:justify-between gap-4"[31m
          [36m>[31m
            [36m<div[31m
              [33mclass[31m=[32m"space-y-2"[31m
            [36m>[31m
              [36m<h1[31m
                [33mclass[31m=[32m"text-4xl font-bold text-foreground tracking-tight"[31m
                [33mdata-testid[31m=[32m"page-title"[31m
              [36m>[31m
                [36m<span[31m
                  [33mclass[31m=[32m"sr-only"[31m
                [36m>[31m
                  [0mDashboard for [0m
                [36m</span>[31m
                [0mDashboard[0m
              [36m</h1>[31m
              [36m<p[31m
                [33mclass[31m=[32m"text-lg text-muted-foreground"[31m
              [36m>[31m
                [0mWelcome back, [0m
                [0mTest User[0m
                [0m! Here's what's happening with your business.[0m
              [36m</p>[31m
            [36m</div>[31m
            [36m<div[31m
              [33mclass[31m=[32m"flex items-center gap-3"[31m
            [36m>[31m
              [36m<div[31m
                [33mclass[31m=[32m"inline-flex items-center rounded-full border text-xs font-semibold transition-colors focus:outline-none focus:ring-2 focus:ring-ring focus:ring-offset-2 text-foreground px-3 py-1"[31m
              [36m>[31m
                [36m<svg[31m
                  [33maria-hidden[31m=[32m"true"[31m
                  [33mclass[31m=[32m"lucide lucide-activity h-3 w-3 mr-1"[31m
                  [33mfill[31m=[32m"none"[31m
                  [33mheight[31m=[32m"24"[31m
                  [33mstroke[31m=[32m"currentColor"[31m
                  [33mstroke-linecap[31m=[32m"round"[31m
                  [33mstroke-linejoin[31m=[32m"round"[31m
                  [33mstroke-width[31m=[32m"2"[31m
                  [33mviewBox[31m=[32m"0 0 24 24"[31m
                  [33mwidth[31m=[32m"24"[31m
                  [33mxmlns[31m=[32m"http://www.w3.org/2000/svg"[31m
                [36m>[31m
                  [36m<path[31m
                    [33md[31m=[32m"M22 12h-2.48a2 2 0 0 0-1.93 1.46l-2.35 8.36a.25.25 0 0 1-.48 0L9.24 2.18a.25.25 0 0 0-.48 0l-2.35 8.36A2 2 0 0 1 4.49 12H2"[31m
                  [36m/>[31m
                [36m</svg>[31m
                [0mLive Data[0m
              [36m</div>[31m
              [36m<button[31m
                [33maria-busy[31m=[32m"false"[31m
                [33maria-label[31m=[32m"Refresh dashboard data"[31m
                [33mclass[31m=[32m"inline-flex items-center justify-center rounded-md text-sm font-medium focus-visible:outline-none focus-visible:ring-2 focus-visible:ring-ring focus-visible:ring-offset-2 disabled:pointer-events-none disabled:opacity-50 border border-input bg-background h-10 px-4 py-2 hover:bg-primary hover:text-primary-foreground transition-colors"[31m
              [36m>[31m
                [36m<svg[31m
                  [33maria-hidden[31m=[32m"true"[31m
                  [33mclass[31m=[32m"lucide lucide-refresh-cw h-4 w-4 mr-2"[31m
                  [33mfill[31m=[32m"none"[31m
                  [33mheight[31m=[32m"24"[31m
                  [33mstroke[31m=[32m"currentColor"[31m
                  [33mstroke-linecap[31m=[32m"round"[31m
                  [33mstroke-linejoin[31m=[32m"round"[31m
                  [33mstroke-width[31m=[32m"2"[31m
                  [33mviewBox[31m=[32m"0 0 24 24"[31m
                  [33mwidth[31m=[32m"24"[31m
                  [33mxmlns[31m=[32m"http://www.w3.org/2000/svg"[31m
                [36m>[31m
                  [36m<path[31m
                    [33md[31m=[32m"M3 12a9 9 0 0 1 9-9 9.75 9.75 0 0 1 6.74 2.74L21 8"[31m
                  [36m/>[31m
                  [36m<path[31m
                    [33md[31m=[32m"M21 3v5h-5"[31m
                  [36m/>[31m
                  [36m<path[31m
                    [33md[31m=[32m"M21 12a9 9 0 0 1-9 9 9.75 9.75 0 0 1-6.74-2.74L3 16"[31m
                  [36m/>[31m
                  [36m<path[31m
                    [33md[31m=[32m"M8 16H3v5"[31m
                  [36m/>[31m
                [36m</svg>[31m
                [0mRefresh Data[0m
              [36m</button>[31m
            [36m</div>[31m
          [36m</div>[31m
          [36m<div[31m
            [33mclass[31m=[32m"grid md:grid-cols-3 grid-cols-1 sm:grid-cols-2 lg:grid-cols-4 gap-4 lg:gap-6 mb-8"[31m
          [36m>[31m
            [36m<div[31m
              [33mclass[31m=[32m"rounded-lg border bg-card text-card-foreground shadow p-4 md:p-6 hover:shadow-lg transition-all duration-200 hover:scale-[1.02] cursor-pointer group"[31m
            [36m>[31m
              [36m<div[31m
                [33mclass[31m=[32m"p-6"[31m
              [36m>[31m
                [36m<div[31m
                  [33mclass[31m=[32m"flex items-center justify-between"[31m
                [36m>[31m
                  [36m<div[31m
                    [33mclass[31m=[32m"space-y-2 flex-1"[31m
                  [36m>[31m
                    [36m<div[31m
                      [33mclass[31m=[32m"flex items-center gap-2"[31m
                    [36m>[31m
                      [36m<p[31m
                        [33mclass[31m=[32m"text-sm font-medium text-muted-foreground"[31m
                      [36m>[31m
                        [0mTotal Customers[0m
                      [36m</p>[31m
                      [36m<div[31m
                        [33mclass[31m=[32m"inline-flex items-center rounded-full border font-semibold transition-colors focus:outline-none focus:ring-2 focus:ring-ring focus:ring-offset-2 border-transparent bg-secondary text-secondary-foreground hover:bg-secondary/80 text-xs px-2 py-0.5"[31m
                      [36m>[31m
                        [0mActive customer base[0m
                      [36m</div>[31m
                    [36m</div>[31m
                    [36m<p[31m
                      [33mclass[31m=[32m"text-3xl font-bold text-foreground tracking-tight"[31m
                    [36m>[31m
                      [0m0[0m
                    [36m</p>[31m
                    [36m<div[31m
                      [33mclass[31m=[32m"flex items-center gap-1"[31m
                    [36m>[31m
                      [36m<svg[31m
                        [33maria-hidden[31m=[32m"true"[31m
                        [33mclass...[39m
[31m   [31m×[31m Dashboard Component[2m > [22mDashboard Stats[2m > [22mshould display lead statistics[39m[33m 1047[2mms[22m[39m
[31m     → Unable to find an element with the text: Total Leads. This could be because the text is broken up by multiple elements. In this case, you can provide a function for your text matcher to make your matcher more flexible.

Ignored nodes: comments, script, style
[36m<body>[31m
  [36m<div>[31m
    [36m<div[31m
      [33mclass[31m=[32m"mx-auto px-4 sm:px-6 lg:px-8 max-w-7xl min-h-screen bg-background"[31m
    [36m>[31m
      [36m<div[31m
        [33mclass[31m=[32m"container mx-auto px-4 py-6 space-y-8"[31m
      [36m>[31m
        [36m<div[31m
          [33mclass[31m=[32m"flex flex-col sm:flex-row sm:items-center sm:justify-between gap-4"[31m
        [36m>[31m
          [36m<div[31m
            [33mclass[31m=[32m"space-y-2"[31m
          [36m>[31m
            [36m<h1[31m
              [33mclass[31m=[32m"text-4xl font-bold text-foreground tracking-tight"[31m
              [33mdata-testid[31m=[32m"page-title"[31m
            [36m>[31m
              [36m<span[31m
                [33mclass[31m=[32m"sr-only"[31m
              [36m>[31m
                [0mDashboard for [0m
              [36m</span>[31m
              [0mDashboard[0m
            [36m</h1>[31m
            [36m<p[31m
              [33mclass[31m=[32m"text-lg text-muted-foreground"[31m
            [36m>[31m
              [0mWelcome back, [0m
              [0mTest User[0m
              [0m! Here's what's happening with your business.[0m
            [36m</p>[31m
          [36m</div>[31m
          [36m<div[31m
            [33mclass[31m=[32m"flex items-center gap-3"[31m
          [36m>[31m
            [36m<div[31m
              [33mclass[31m=[32m"inline-flex items-center rounded-full border text-xs font-semibold transition-colors focus:outline-none focus:ring-2 focus:ring-ring focus:ring-offset-2 text-foreground px-3 py-1"[31m
            [36m>[31m
              [36m<svg[31m
                [33maria-hidden[31m=[32m"true"[31m
                [33mclass[31m=[32m"lucide lucide-activity h-3 w-3 mr-1"[31m
                [33mfill[31m=[32m"none"[31m
                [33mheight[31m=[32m"24"[31m
                [33mstroke[31m=[32m"currentColor"[31m
                [33mstroke-linecap[31m=[32m"round"[31m
                [33mstroke-linejoin[31m=[32m"round"[31m
                [33mstroke-width[31m=[32m"2"[31m
                [33mviewBox[31m=[32m"0 0 24 24"[31m
                [33mwidth[31m=[32m"24"[31m
                [33mxmlns[31m=[32m"http://www.w3.org/2000/svg"[31m
              [36m>[31m
                [36m<path[31m
                  [33md[31m=[32m"M22 12h-2.48a2 2 0 0 0-1.93 1.46l-2.35 8.36a.25.25 0 0 1-.48 0L9.24 2.18a.25.25 0 0 0-.48 0l-2.35 8.36A2 2 0 0 1 4.49 12H2"[31m
                [36m/>[31m
              [36m</svg>[31m
              [0mLive Data[0m
            [36m</div>[31m
            [36m<button[31m
              [33maria-busy[31m=[32m"false"[31m
              [33maria-label[31m=[32m"Refresh dashboard data"[31m
              [33mclass[31m=[32m"inline-flex items-center justify-center rounded-md text-sm font-medium focus-visible:outline-none focus-visible:ring-2 focus-visible:ring-ring focus-visible:ring-offset-2 disabled:pointer-events-none disabled:opacity-50 border border-input bg-background h-10 px-4 py-2 hover:bg-primary hover:text-primary-foreground transition-colors"[31m
            [36m>[31m
              [36m<svg[31m
                [33maria-hidden[31m=[32m"true"[31m
                [33mclass[31m=[32m"lucide lucide-refresh-cw h-4 w-4 mr-2"[31m
                [33mfill[31m=[32m"none"[31m
                [33mheight[31m=[32m"24"[31m
                [33mstroke[31m=[32m"currentColor"[31m
                [33mstroke-linecap[31m=[32m"round"[31m
                [33mstroke-linejoin[31m=[32m"round"[31m
                [33mstroke-width[31m=[32m"2"[31m
                [33mviewBox[31m=[32m"0 0 24 24"[31m
                [33mwidth[31m=[32m"24"[31m
                [33mxmlns[31m=[32m"http://www.w3.org/2000/svg"[31m
              [36m>[31m
                [36m<path[31m
                  [33md[31m=[32m"M3 12a9 9 0 0 1 9-9 9.75 9.75 0 0 1 6.74 2.74L21 8"[31m
                [36m/>[31m
                [36m<path[31m
                  [33md[31m=[32m"M21 3v5h-5"[31m
                [36m/>[31m
                [36m<path[31m
                  [33md[31m=[32m"M21 12a9 9 0 0 1-9 9 9.75 9.75 0 0 1-6.74-2.74L3 16"[31m
                [36m/>[31m
                [36m<path[31m
                  [33md[31m=[32m"M8 16H3v5"[31m
                [36m/>[31m
              [36m</svg>[31m
              [0mRefresh Data[0m
            [36m</button>[31m
          [36m</div>[31m
        [36m</div>[31m
        [36m<div[31m
          [33mclass[31m=[32m"grid md:grid-cols-3 grid-cols-1 sm:grid-cols-2 lg:grid-cols-4 gap-4 lg:gap-6 mb-8"[31m
        [36m>[31m
          [36m<div[31m
            [33mclass[31m=[32m"rounded-lg border bg-card text-card-foreground shadow p-4 md:p-6 hover:shadow-lg transition-all duration-200 hover:scale-[1.02] cursor-pointer group"[31m
          [36m>[31m
            [36m<div[31m
              [33mclass[31m=[32m"p-6"[31m
            [36m>[31m
              [36m<div[31m
                [33mclass[31m=[32m"flex items-center justify-between"[31m
              [36m>[31m
                [36m<div[31m
                  [33mclass[31m=[32m"space-y-2 flex-1"[31m
                [36m>[31m
                  [36m<div[31m
                    [33mclass[31m=[32m"flex items-center gap-2"[31m
                  [36m>[31m
                    [36m<p[31m
                      [33mclass[31m=[32m"text-sm font-medium text-muted-foreground"[31m
                    [36m>[31m
                      [0mTotal Customers[0m
                    [36m</p>[31m
                    [36m<div[31m
                      [33mclass[31m=[32m"inline-flex items-center rounded-full border font-semibold transition-colors focus:outline-none focus:ring-2 focus:ring-ring focus:ring-offset-2 border-transparent bg-secondary text-secondary-foreground hover:bg-secondary/80 text-xs px-2 py-0.5"[31m
                    [36m>[31m
                      [0mActive customer base[0m
                    [36m</div>[31m
                  [36m</div>[31m
                  [36m<p[31m
                    [33mclass[31m=[32m"text-3xl font-bold text-foreground tracking-tight"[31m
                  [36m>[31m
                    [0m0[0m
                  [36m</p>[31m
                  [36m<div[31m
                    [33mclass[31m=[32m"flex items-center gap-1"[31m
                  [36m>[31m
                    [36m<svg[31m
                      [33maria-hidden[31m=[32m"true"[31m
                      [33mclass[31m=[32m"lucide lucide-arrow-up-right h-4 w-4 text-green-600"[31m
                      [33mfill[31m=[32m"none"[31m
                      [33mheight[31m=[32m"24"[31m
                      [33mstroke[31m=[32m"currentColor"[31m
                      [33mstroke-linecap[31m=[32m"round"[39...

Ignored nodes: comments, script, style
[36m<html>[31m
  [36m<head />[31m
  [36m<body>[31m
    [36m<div>[31m
      [36m<div[31m
        [33mclass[31m=[32m"mx-auto px-4 sm:px-6 lg:px-8 max-w-7xl min-h-screen bg-background"[31m
      [36m>[31m
        [36m<div[31m
          [33mclass[31m=[32m"container mx-auto px-4 py-6 space-y-8"[31m
        [36m>[31m
          [36m<div[31m
            [33mclass[31m=[32m"flex flex-col sm:flex-row sm:items-center sm:justify-between gap-4"[31m
          [36m>[31m
            [36m<div[31m
              [33mclass[31m=[32m"space-y-2"[31m
            [36m>[31m
              [36m<h1[31m
                [33mclass[31m=[32m"text-4xl font-bold text-foreground tracking-tight"[31m
                [33mdata-testid[31m=[32m"page-title"[31m
              [36m>[31m
                [36m<span[31m
                  [33mclass[31m=[32m"sr-only"[31m
                [36m>[31m
                  [0mDashboard for [0m
                [36m</span>[31m
                [0mDashboard[0m
              [36m</h1>[31m
              [36m<p[31m
                [33mclass[31m=[32m"text-lg text-muted-foreground"[31m
              [36m>[31m
                [0mWelcome back, [0m
                [0mTest User[0m
                [0m! Here's what's happening with your business.[0m
              [36m</p>[31m
            [36m</div>[31m
            [36m<div[31m
              [33mclass[31m=[32m"flex items-center gap-3"[31m
            [36m>[31m
              [36m<div[31m
                [33mclass[31m=[32m"inline-flex items-center rounded-full border text-xs font-semibold transition-colors focus:outline-none focus:ring-2 focus:ring-ring focus:ring-offset-2 text-foreground px-3 py-1"[31m
              [36m>[31m
                [36m<svg[31m
                  [33maria-hidden[31m=[32m"true"[31m
                  [33mclass[31m=[32m"lucide lucide-activity h-3 w-3 mr-1"[31m
                  [33mfill[31m=[32m"none"[31m
                  [33mheight[31m=[32m"24"[31m
                  [33mstroke[31m=[32m"currentColor"[31m
                  [33mstroke-linecap[31m=[32m"round"[31m
                  [33mstroke-linejoin[31m=[32m"round"[31m
                  [33mstroke-width[31m=[32m"2"[31m
                  [33mviewBox[31m=[32m"0 0 24 24"[31m
                  [33mwidth[31m=[32m"24"[31m
                  [33mxmlns[31m=[32m"http://www.w3.org/2000/svg"[31m
                [36m>[31m
                  [36m<path[31m
                    [33md[31m=[32m"M22 12h-2.48a2 2 0 0 0-1.93 1.46l-2.35 8.36a.25.25 0 0 1-.48 0L9.24 2.18a.25.25 0 0 0-.48 0l-2.35 8.36A2 2 0 0 1 4.49 12H2"[31m
                  [36m/>[31m
                [36m</svg>[31m
                [0mLive Data[0m
              [36m</div>[31m
              [36m<button[31m
                [33maria-busy[31m=[32m"false"[31m
                [33maria-label[31m=[32m"Refresh dashboard data"[31m
                [33mclass[31m=[32m"inline-flex items-center justify-center rounded-md text-sm font-medium focus-visible:outline-none focus-visible:ring-2 focus-visible:ring-ring focus-visible:ring-offset-2 disabled:pointer-events-none disabled:opacity-50 border border-input bg-background h-10 px-4 py-2 hover:bg-primary hover:text-primary-foreground transition-colors"[31m
              [36m>[31m
                [36m<svg[31m
                  [33maria-hidden[31m=[32m"true"[31m
                  [33mclass[31m=[32m"lucide lucide-refresh-cw h-4 w-4 mr-2"[31m
                  [33mfill[31m=[32m"none"[31m
                  [33mheight[31m=[32m"24"[31m
                  [33mstroke[31m=[32m"currentColor"[31m
                  [33mstroke-linecap[31m=[32m"round"[31m
                  [33mstroke-linejoin[31m=[32m"round"[31m
                  [33mstroke-width[31m=[32m"2"[31m
                  [33mviewBox[31m=[32m"0 0 24 24"[31m
                  [33mwidth[31m=[32m"24"[31m
                  [33mxmlns[31m=[32m"http://www.w3.org/2000/svg"[31m
                [36m>[31m
                  [36m<path[31m
                    [33md[31m=[32m"M3 12a9 9 0 0 1 9-9 9.75 9.75 0 0 1 6.74 2.74L21 8"[31m
                  [36m/>[31m
                  [36m<path[31m
                    [33md[31m=[32m"M21 3v5h-5"[31m
                  [36m/>[31m
                  [36m<path[31m
                    [33md[31m=[32m"M21 12a9 9 0 0 1-9 9 9.75 9.75 0 0 1-6.74-2.74L3 16"[31m
                  [36m/>[31m
                  [36m<path[31m
                    [33md[31m=[32m"M8 16H3v5"[31m
                  [36m/>[31m
                [36m</svg>[31m
                [0mRefresh Data[0m
              [36m</button>[31m
            [36m</div>[31m
          [36m</div>[31m
          [36m<div[31m
            [33mclass[31m=[32m"grid md:grid-cols-3 grid-cols-1 sm:grid-cols-2 lg:grid-cols-4 gap-4 lg:gap-6 mb-8"[31m
          [36m>[31m
            [36m<div[31m
              [33mclass[31m=[32m"rounded-lg border bg-card text-card-foreground shadow p-4 md:p-6 hover:shadow-lg transition-all duration-200 hover:scale-[1.02] cursor-pointer group"[31m
            [36m>[31m
              [36m<div[31m
                [33mclass[31m=[32m"p-6"[31m
              [36m>[31m
                [36m<div[31m
                  [33mclass[31m=[32m"flex items-center justify-between"[31m
                [36m>[31m
                  [36m<div[31m
                    [33mclass[31m=[32m"space-y-2 flex-1"[31m
                  [36m>[31m
                    [36m<div[31m
                      [33mclass[31m=[32m"flex items-center gap-2"[31m
                    [36m>[31m
                      [36m<p[31m
                        [33mclass[31m=[32m"text-sm font-medium text-muted-foreground"[31m
                      [36m>[31m
                        [0mTotal Customers[0m
                      [36m</p>[31m
                      [36m<div[31m
                        [33mclass[31m=[32m"inline-flex items-center rounded-full border font-semibold transition-colors focus:outline-none focus:ring-2 focus:ring-ring focus:ring-offset-2 border-transparent bg-secondary text-secondary-foreground hover:bg-secondary/80 text-xs px-2 py-0.5"[31m
                      [36m>[31m
                        [0mActive customer base[0m
                      [36m</div>[31m
                    [36m</div>[31m
                    [36m<p[31m
                      [33mclass[31m=[32m"text-3xl font-bold text-foreground tracking-tight"[31m
                    [36m>[31m
                      [0m0[0m
                    [36m</p>[31m
                    [36m<div[31m
                      [33mclass[31m=[32m"flex items-center gap-1"[31m
                    [36m>[31m
                      [36m<svg[31m
                        [33maria-hidden[31m=[32m"true"[31m
                        [33mclass...[39m
[31m   [31m×[31m Dashboard Component[2m > [22mDashboard Stats[2m > [22mshould display deal statistics[39m[33m 1035[2mms[22m[39m
[31m     → Unable to find an element with the text: Total Deals. This could be because the text is broken up by multiple elements. In this case, you can provide a function for your text matcher to make your matcher more flexible.

Ignored nodes: comments, script, style
[36m<body>[31m
  [36m<div>[31m
    [36m<div[31m
      [33mclass[31m=[32m"mx-auto px-4 sm:px-6 lg:px-8 max-w-7xl min-h-screen bg-background"[31m
    [36m>[31m
      [36m<div[31m
        [33mclass[31m=[32m"container mx-auto px-4 py-6 space-y-8"[31m
      [36m>[31m
        [36m<div[31m
          [33mclass[31m=[32m"flex flex-col sm:flex-row sm:items-center sm:justify-between gap-4"[31m
        [36m>[31m
          [36m<div[31m
            [33mclass[31m=[32m"space-y-2"[31m
          [36m>[31m
            [36m<h1[31m
              [33mclass[31m=[32m"text-4xl font-bold text-foreground tracking-tight"[31m
              [33mdata-testid[31m=[32m"page-title"[31m
            [36m>[31m
              [36m<span[31m
                [33mclass[31m=[32m"sr-only"[31m
              [36m>[31m
                [0mDashboard for [0m
              [36m</span>[31m
              [0mDashboard[0m
            [36m</h1>[31m
            [36m<p[31m
              [33mclass[31m=[32m"text-lg text-muted-foreground"[31m
            [36m>[31m
              [0mWelcome back, [0m
              [0mTest User[0m
              [0m! Here's what's happening with your business.[0m
            [36m</p>[31m
          [36m</div>[31m
          [36m<div[31m
            [33mclass[31m=[32m"flex items-center gap-3"[31m
          [36m>[31m
            [36m<div[31m
              [33mclass[31m=[32m"inline-flex items-center rounded-full border text-xs font-semibold transition-colors focus:outline-none focus:ring-2 focus:ring-ring focus:ring-offset-2 text-foreground px-3 py-1"[31m
            [36m>[31m
              [36m<svg[31m
                [33maria-hidden[31m=[32m"true"[31m
                [33mclass[31m=[32m"lucide lucide-activity h-3 w-3 mr-1"[31m
                [33mfill[31m=[32m"none"[31m
                [33mheight[31m=[32m"24"[31m
                [33mstroke[31m=[32m"currentColor"[31m
                [33mstroke-linecap[31m=[32m"round"[31m
                [33mstroke-linejoin[31m=[32m"round"[31m
                [33mstroke-width[31m=[32m"2"[31m
                [33mviewBox[31m=[32m"0 0 24 24"[31m
                [33mwidth[31m=[32m"24"[31m
                [33mxmlns[31m=[32m"http://www.w3.org/2000/svg"[31m
              [36m>[31m
                [36m<path[31m
                  [33md[31m=[32m"M22 12h-2.48a2 2 0 0 0-1.93 1.46l-2.35 8.36a.25.25 0 0 1-.48 0L9.24 2.18a.25.25 0 0 0-.48 0l-2.35 8.36A2 2 0 0 1 4.49 12H2"[31m
                [36m/>[31m
              [36m</svg>[31m
              [0mLive Data[0m
            [36m</div>[31m
            [36m<button[31m
              [33maria-busy[31m=[32m"false"[31m
              [33maria-label[31m=[32m"Refresh dashboard data"[31m
              [33mclass[31m=[32m"inline-flex items-center justify-center rounded-md text-sm font-medium focus-visible:outline-none focus-visible:ring-2 focus-visible:ring-ring focus-visible:ring-offset-2 disabled:pointer-events-none disabled:opacity-50 border border-input bg-background h-10 px-4 py-2 hover:bg-primary hover:text-primary-foreground transition-colors"[31m
            [36m>[31m
              [36m<svg[31m
                [33maria-hidden[31m=[32m"true"[31m
                [33mclass[31m=[32m"lucide lucide-refresh-cw h-4 w-4 mr-2"[31m
                [33mfill[31m=[32m"none"[31m
                [33mheight[31m=[32m"24"[31m
                [33mstroke[31m=[32m"currentColor"[31m
                [33mstroke-linecap[31m=[32m"round"[31m
                [33mstroke-linejoin[31m=[32m"round"[31m
                [33mstroke-width[31m=[32m"2"[31m
                [33mviewBox[31m=[32m"0 0 24 24"[31m
                [33mwidth[31m=[32m"24"[31m
                [33mxmlns[31m=[32m"http://www.w3.org/2000/svg"[31m
              [36m>[31m
                [36m<path[31m
                  [33md[31m=[32m"M3 12a9 9 0 0 1 9-9 9.75 9.75 0 0 1 6.74 2.74L21 8"[31m
                [36m/>[31m
                [36m<path[31m
                  [33md[31m=[32m"M21 3v5h-5"[31m
                [36m/>[31m
                [36m<path[31m
                  [33md[31m=[32m"M21 12a9 9 0 0 1-9 9 9.75 9.75 0 0 1-6.74-2.74L3 16"[31m
                [36m/>[31m
                [36m<path[31m
                  [33md[31m=[32m"M8 16H3v5"[31m
                [36m/>[31m
              [36m</svg>[31m
              [0mRefresh Data[0m
            [36m</button>[31m
          [36m</div>[31m
        [36m</div>[31m
        [36m<div[31m
          [33mclass[31m=[32m"grid md:grid-cols-3 grid-cols-1 sm:grid-cols-2 lg:grid-cols-4 gap-4 lg:gap-6 mb-8"[31m
        [36m>[31m
          [36m<div[31m
            [33mclass[31m=[32m"rounded-lg border bg-card text-card-foreground shadow p-4 md:p-6 hover:shadow-lg transition-all duration-200 hover:scale-[1.02] cursor-pointer group"[31m
          [36m>[31m
            [36m<div[31m
              [33mclass[31m=[32m"p-6"[31m
            [36m>[31m
              [36m<div[31m
                [33mclass[31m=[32m"flex items-center justify-between"[31m
              [36m>[31m
                [36m<div[31m
                  [33mclass[31m=[32m"space-y-2 flex-1"[31m
                [36m>[31m
                  [36m<div[31m
                    [33mclass[31m=[32m"flex items-center gap-2"[31m
                  [36m>[31m
                    [36m<p[31m
                      [33mclass[31m=[32m"text-sm font-medium text-muted-foreground"[31m
                    [36m>[31m
                      [0mTotal Customers[0m
                    [36m</p>[31m
                    [36m<div[31m
                      [33mclass[31m=[32m"inline-flex items-center rounded-full border font-semibold transition-colors focus:outline-none focus:ring-2 focus:ring-ring focus:ring-offset-2 border-transparent bg-secondary text-secondary-foreground hover:bg-secondary/80 text-xs px-2 py-0.5"[31m
                    [36m>[31m
                      [0mActive customer base[0m
                    [36m</div>[31m
                  [36m</div>[31m
                  [36m<p[31m
                    [33mclass[31m=[32m"text-3xl font-bold text-foreground tracking-tight"[31m
                  [36m>[31m
                    [0m0[0m
                  [36m</p>[31m
                  [36m<div[31m
                    [33mclass[31m=[32m"flex items-center gap-1"[31m
                  [36m>[31m
                    [36m<svg[31m
                      [33maria-hidden[31m=[32m"true"[31m
                      [33mclass[31m=[32m"lucide lucide-arrow-up-right h-4 w-4 text-green-600"[31m
                      [33mfill[31m=[32m"none"[31m
                      [33mheight[31m=[32m"24"[31m
                      [33mstroke[31m=[32m"currentColor"[31m
                      [33mstroke-linecap[31m=[32m"round"[39...

Ignored nodes: comments, script, style
[36m<html>[31m
  [36m<head />[31m
  [36m<body>[31m
    [36m<div>[31m
      [36m<div[31m
        [33mclass[31m=[32m"mx-auto px-4 sm:px-6 lg:px-8 max-w-7xl min-h-screen bg-background"[31m
      [36m>[31m
        [36m<div[31m
          [33mclass[31m=[32m"container mx-auto px-4 py-6 space-y-8"[31m
        [36m>[31m
          [36m<div[31m
            [33mclass[31m=[32m"flex flex-col sm:flex-row sm:items-center sm:justify-between gap-4"[31m
          [36m>[31m
            [36m<div[31m
              [33mclass[31m=[32m"space-y-2"[31m
            [36m>[31m
              [36m<h1[31m
                [33mclass[31m=[32m"text-4xl font-bold text-foreground tracking-tight"[31m
                [33mdata-testid[31m=[32m"page-title"[31m
              [36m>[31m
                [36m<span[31m
                  [33mclass[31m=[32m"sr-only"[31m
                [36m>[31m
                  [0mDashboard for [0m
                [36m</span>[31m
                [0mDashboard[0m
              [36m</h1>[31m
              [36m<p[31m
                [33mclass[31m=[32m"text-lg text-muted-foreground"[31m
              [36m>[31m
                [0mWelcome back, [0m
                [0mTest User[0m
                [0m! Here's what's happening with your business.[0m
              [36m</p>[31m
            [36m</div>[31m
            [36m<div[31m
              [33mclass[31m=[32m"flex items-center gap-3"[31m
            [36m>[31m
              [36m<div[31m
                [33mclass[31m=[32m"inline-flex items-center rounded-full border text-xs font-semibold transition-colors focus:outline-none focus:ring-2 focus:ring-ring focus:ring-offset-2 text-foreground px-3 py-1"[31m
              [36m>[31m
                [36m<svg[31m
                  [33maria-hidden[31m=[32m"true"[31m
                  [33mclass[31m=[32m"lucide lucide-activity h-3 w-3 mr-1"[31m
                  [33mfill[31m=[32m"none"[31m
                  [33mheight[31m=[32m"24"[31m
                  [33mstroke[31m=[32m"currentColor"[31m
                  [33mstroke-linecap[31m=[32m"round"[31m
                  [33mstroke-linejoin[31m=[32m"round"[31m
                  [33mstroke-width[31m=[32m"2"[31m
                  [33mviewBox[31m=[32m"0 0 24 24"[31m
                  [33mwidth[31m=[32m"24"[31m
                  [33mxmlns[31m=[32m"http://www.w3.org/2000/svg"[31m
                [36m>[31m
                  [36m<path[31m
                    [33md[31m=[32m"M22 12h-2.48a2 2 0 0 0-1.93 1.46l-2.35 8.36a.25.25 0 0 1-.48 0L9.24 2.18a.25.25 0 0 0-.48 0l-2.35 8.36A2 2 0 0 1 4.49 12H2"[31m
                  [36m/>[31m
                [36m</svg>[31m
                [0mLive Data[0m
              [36m</div>[31m
              [36m<button[31m
                [33maria-busy[31m=[32m"false"[31m
                [33maria-label[31m=[32m"Refresh dashboard data"[31m
                [33mclass[31m=[32m"inline-flex items-center justify-center rounded-md text-sm font-medium focus-visible:outline-none focus-visible:ring-2 focus-visible:ring-ring focus-visible:ring-offset-2 disabled:pointer-events-none disabled:opacity-50 border border-input bg-background h-10 px-4 py-2 hover:bg-primary hover:text-primary-foreground transition-colors"[31m
              [36m>[31m
                [36m<svg[31m
                  [33maria-hidden[31m=[32m"true"[31m
                  [33mclass[31m=[32m"lucide lucide-refresh-cw h-4 w-4 mr-2"[31m
                  [33mfill[31m=[32m"none"[31m
                  [33mheight[31m=[32m"24"[31m
                  [33mstroke[31m=[32m"currentColor"[31m
                  [33mstroke-linecap[31m=[32m"round"[31m
                  [33mstroke-linejoin[31m=[32m"round"[31m
                  [33mstroke-width[31m=[32m"2"[31m
                  [33mviewBox[31m=[32m"0 0 24 24"[31m
                  [33mwidth[31m=[32m"24"[31m
                  [33mxmlns[31m=[32m"http://www.w3.org/2000/svg"[31m
                [36m>[31m
                  [36m<path[31m
                    [33md[31m=[32m"M3 12a9 9 0 0 1 9-9 9.75 9.75 0 0 1 6.74 2.74L21 8"[31m
                  [36m/>[31m
                  [36m<path[31m
                    [33md[31m=[32m"M21 3v5h-5"[31m
                  [36m/>[31m
                  [36m<path[31m
                    [33md[31m=[32m"M21 12a9 9 0 0 1-9 9 9.75 9.75 0 0 1-6.74-2.74L3 16"[31m
                  [36m/>[31m
                  [36m<path[31m
                    [33md[31m=[32m"M8 16H3v5"[31m
                  [36m/>[31m
                [36m</svg>[31m
                [0mRefresh Data[0m
              [36m</button>[31m
            [36m</div>[31m
          [36m</div>[31m
          [36m<div[31m
            [33mclass[31m=[32m"grid md:grid-cols-3 grid-cols-1 sm:grid-cols-2 lg:grid-cols-4 gap-4 lg:gap-6 mb-8"[31m
          [36m>[31m
            [36m<div[31m
              [33mclass[31m=[32m"rounded-lg border bg-card text-card-foreground shadow p-4 md:p-6 hover:shadow-lg transition-all duration-200 hover:scale-[1.02] cursor-pointer group"[31m
            [36m>[31m
              [36m<div[31m
                [33mclass[31m=[32m"p-6"[31m
              [36m>[31m
                [36m<div[31m
                  [33mclass[31m=[32m"flex items-center justify-between"[31m
                [36m>[31m
                  [36m<div[31m
                    [33mclass[31m=[32m"space-y-2 flex-1"[31m
                  [36m>[31m
                    [36m<div[31m
                      [33mclass[31m=[32m"flex items-center gap-2"[31m
                    [36m>[31m
                      [36m<p[31m
                        [33mclass[31m=[32m"text-sm font-medium text-muted-foreground"[31m
                      [36m>[31m
                        [0mTotal Customers[0m
                      [36m</p>[31m
                      [36m<div[31m
                        [33mclass[31m=[32m"inline-flex items-center rounded-full border font-semibold transition-colors focus:outline-none focus:ring-2 focus:ring-ring focus:ring-offset-2 border-transparent bg-secondary text-secondary-foreground hover:bg-secondary/80 text-xs px-2 py-0.5"[31m
                      [36m>[31m
                        [0mActive customer base[0m
                      [36m</div>[31m
                    [36m</div>[31m
                    [36m<p[31m
                      [33mclass[31m=[32m"text-3xl font-bold text-foreground tracking-tight"[31m
                    [36m>[31m
                      [0m0[0m
                    [36m</p>[31m
                    [36m<div[31m
                      [33mclass[31m=[32m"flex items-center gap-1"[31m
                    [36m>[31m
                      [36m<svg[31m
                        [33maria-hidden[31m=[32m"true"[31m
                        [33mclass...[39m
   [32m✓[39m Dashboard Component[2m > [22mCharts and Visualizations[2m > [22mshould render revenue chart[32m 86[2mms[22m[39m
   [32m✓[39m Dashboard Component[2m > [22mCharts and Visualizations[2m > [22mshould render deals pipeline chart[32m 60[2mms[22m[39m
[31m   [31m×[31m Dashboard Component[2m > [22mCharts and Visualizations[2m > [22mshould render leads conversion chart[39m[33m 1057[2mms[22m[39m
[31m     → Unable to find an element with the text: Lead Conversion Trend. This could be because the text is broken up by multiple elements. In this case, you can provide a function for your text matcher to make your matcher more flexible.

Ignored nodes: comments, script, style
[36m<body>[31m
  [36m<div>[31m
    [36m<div[31m
      [33mclass[31m=[32m"mx-auto px-4 sm:px-6 lg:px-8 max-w-7xl min-h-screen bg-background"[31m
    [36m>[31m
      [36m<div[31m
        [33mclass[31m=[32m"container mx-auto px-4 py-6 space-y-8"[31m
      [36m>[31m
        [36m<div[31m
          [33mclass[31m=[32m"flex flex-col sm:flex-row sm:items-center sm:justify-between gap-4"[31m
        [36m>[31m
          [36m<div[31m
            [33mclass[31m=[32m"space-y-2"[31m
          [36m>[31m
            [36m<h1[31m
              [33mclass[31m=[32m"text-4xl font-bold text-foreground tracking-tight"[31m
              [33mdata-testid[31m=[32m"page-title"[31m
            [36m>[31m
              [36m<span[31m
                [33mclass[31m=[32m"sr-only"[31m
              [36m>[31m
                [0mDashboard for [0m
              [36m</span>[31m
              [0mDashboard[0m
            [36m</h1>[31m
            [36m<p[31m
              [33mclass[31m=[32m"text-lg text-muted-foreground"[31m
            [36m>[31m
              [0mWelcome back, [0m
              [0mTest User[0m
              [0m! Here's what's happening with your business.[0m
            [36m</p>[31m
          [36m</div>[31m
          [36m<div[31m
            [33mclass[31m=[32m"flex items-center gap-3"[31m
          [36m>[31m
            [36m<div[31m
              [33mclass[31m=[32m"inline-flex items-center rounded-full border text-xs font-semibold transition-colors focus:outline-none focus:ring-2 focus:ring-ring focus:ring-offset-2 text-foreground px-3 py-1"[31m
            [36m>[31m
              [36m<svg[31m
                [33maria-hidden[31m=[32m"true"[31m
                [33mclass[31m=[32m"lucide lucide-activity h-3 w-3 mr-1"[31m
                [33mfill[31m=[32m"none"[31m
                [33mheight[31m=[32m"24"[31m
                [33mstroke[31m=[32m"currentColor"[31m
                [33mstroke-linecap[31m=[32m"round"[31m
                [33mstroke-linejoin[31m=[32m"round"[31m
                [33mstroke-width[31m=[32m"2"[31m
                [33mviewBox[31m=[32m"0 0 24 24"[31m
                [33mwidth[31m=[32m"24"[31m
                [33mxmlns[31m=[32m"http://www.w3.org/2000/svg"[31m
              [36m>[31m
                [36m<path[31m
                  [33md[31m=[32m"M22 12h-2.48a2 2 0 0 0-1.93 1.46l-2.35 8.36a.25.25 0 0 1-.48 0L9.24 2.18a.25.25 0 0 0-.48 0l-2.35 8.36A2 2 0 0 1 4.49 12H2"[31m
                [36m/>[31m
              [36m</svg>[31m
              [0mLive Data[0m
            [36m</div>[31m
            [36m<button[31m
              [33maria-busy[31m=[32m"false"[31m
              [33maria-label[31m=[32m"Refresh dashboard data"[31m
              [33mclass[31m=[32m"inline-flex items-center justify-center rounded-md text-sm font-medium focus-visible:outline-none focus-visible:ring-2 focus-visible:ring-ring focus-visible:ring-offset-2 disabled:pointer-events-none disabled:opacity-50 border border-input bg-background h-10 px-4 py-2 hover:bg-primary hover:text-primary-foreground transition-colors"[31m
            [36m>[31m
              [36m<svg[31m
                [33maria-hidden[31m=[32m"true"[31m
                [33mclass[31m=[32m"lucide lucide-refresh-cw h-4 w-4 mr-2"[31m
                [33mfill[31m=[32m"none"[31m
                [33mheight[31m=[32m"24"[31m
                [33mstroke[31m=[32m"currentColor"[31m
                [33mstroke-linecap[31m=[32m"round"[31m
                [33mstroke-linejoin[31m=[32m"round"[31m
                [33mstroke-width[31m=[32m"2"[31m
                [33mviewBox[31m=[32m"0 0 24 24"[31m
                [33mwidth[31m=[32m"24"[31m
                [33mxmlns[31m=[32m"http://www.w3.org/2000/svg"[31m
              [36m>[31m
                [36m<path[31m
                  [33md[31m=[32m"M3 12a9 9 0 0 1 9-9 9.75 9.75 0 0 1 6.74 2.74L21 8"[31m
                [36m/>[31m
                [36m<path[31m
                  [33md[31m=[32m"M21 3v5h-5"[31m
                [36m/>[31m
                [36m<path[31m
                  [33md[31m=[32m"M21 12a9 9 0 0 1-9 9 9.75 9.75 0 0 1-6.74-2.74L3 16"[31m
                [36m/>[31m
                [36m<path[31m
                  [33md[31m=[32m"M8 16H3v5"[31m
                [36m/>[31m
              [36m</svg>[31m
              [0mRefresh Data[0m
            [36m</button>[31m
          [36m</div>[31m
        [36m</div>[31m
        [36m<div[31m
          [33mclass[31m=[32m"grid md:grid-cols-3 grid-cols-1 sm:grid-cols-2 lg:grid-cols-4 gap-4 lg:gap-6 mb-8"[31m
        [36m>[31m
          [36m<div[31m
            [33mclass[31m=[32m"rounded-lg border bg-card text-card-foreground shadow p-4 md:p-6 hover:shadow-lg transition-all duration-200 hover:scale-[1.02] cursor-pointer group"[31m
          [36m>[31m
            [36m<div[31m
              [33mclass[31m=[32m"p-6"[31m
            [36m>[31m
              [36m<div[31m
                [33mclass[31m=[32m"flex items-center justify-between"[31m
              [36m>[31m
                [36m<div[31m
                  [33mclass[31m=[32m"space-y-2 flex-1"[31m
                [36m>[31m
                  [36m<div[31m
                    [33mclass[31m=[32m"flex items-center gap-2"[31m
                  [36m>[31m
                    [36m<p[31m
                      [33mclass[31m=[32m"text-sm font-medium text-muted-foreground"[31m
                    [36m>[31m
                      [0mTotal Customers[0m
                    [36m</p>[31m
                    [36m<div[31m
                      [33mclass[31m=[32m"inline-flex items-center rounded-full border font-semibold transition-colors focus:outline-none focus:ring-2 focus:ring-ring focus:ring-offset-2 border-transparent bg-secondary text-secondary-foreground hover:bg-secondary/80 text-xs px-2 py-0.5"[31m
                    [36m>[31m
                      [0mActive customer base[0m
                    [36m</div>[31m
                  [36m</div>[31m
                  [36m<p[31m
                    [33mclass[31m=[32m"text-3xl font-bold text-foreground tracking-tight"[31m
                  [36m>[31m
                    [0m0[0m
                  [36m</p>[31m
                  [36m<div[31m
                    [33mclass[31m=[32m"flex items-center gap-1"[31m
                  [36m>[31m
                    [36m<svg[31m
                      [33maria-hidden[31m=[32m"true"[31m
                      [33mclass[31m=[32m"lucide lucide-arrow-up-right h-4 w-4 text-green-600"[31m
                      [33mfill[31m=[32m"none"[31m
                      [33mheight[31m=[32m"24"[31m
                      [33mstroke[31m=[32m"currentColor"[31m
                      [33mstroke-linecap[31m=[32m"round"[39...

Ignored nodes: comments, script, style
[36m<html>[31m
  [36m<head />[31m
  [36m<body>[31m
    [36m<div>[31m
      [36m<div[31m
        [33mclass[31m=[32m"mx-auto px-4 sm:px-6 lg:px-8 max-w-7xl min-h-screen bg-background"[31m
      [36m>[31m
        [36m<div[31m
          [33mclass[31m=[32m"container mx-auto px-4 py-6 space-y-8"[31m
        [36m>[31m
          [36m<div[31m
            [33mclass[31m=[32m"flex flex-col sm:flex-row sm:items-center sm:justify-between gap-4"[31m
          [36m>[31m
            [36m<div[31m
              [33mclass[31m=[32m"space-y-2"[31m
            [36m>[31m
              [36m<h1[31m
                [33mclass[31m=[32m"text-4xl font-bold text-foreground tracking-tight"[31m
                [33mdata-testid[31m=[32m"page-title"[31m
              [36m>[31m
                [36m<span[31m
                  [33mclass[31m=[32m"sr-only"[31m
                [36m>[31m
                  [0mDashboard for [0m
                [36m</span>[31m
                [0mDashboard[0m
              [36m</h1>[31m
              [36m<p[31m
                [33mclass[31m=[32m"text-lg text-muted-foreground"[31m
              [36m>[31m
                [0mWelcome back, [0m
                [0mTest User[0m
                [0m! Here's what's happening with your business.[0m
              [36m</p>[31m
            [36m</div>[31m
            [36m<div[31m
              [33mclass[31m=[32m"flex items-center gap-3"[31m
            [36m>[31m
              [36m<div[31m
                [33mclass[31m=[32m"inline-flex items-center rounded-full border text-xs font-semibold transition-colors focus:outline-none focus:ring-2 focus:ring-ring focus:ring-offset-2 text-foreground px-3 py-1"[31m
              [36m>[31m
                [36m<svg[31m
                  [33maria-hidden[31m=[32m"true"[31m
                  [33mclass[31m=[32m"lucide lucide-activity h-3 w-3 mr-1"[31m
                  [33mfill[31m=[32m"none"[31m
                  [33mheight[31m=[32m"24"[31m
                  [33mstroke[31m=[32m"currentColor"[31m
                  [33mstroke-linecap[31m=[32m"round"[31m
                  [33mstroke-linejoin[31m=[32m"round"[31m
                  [33mstroke-width[31m=[32m"2"[31m
                  [33mviewBox[31m=[32m"0 0 24 24"[31m
                  [33mwidth[31m=[32m"24"[31m
                  [33mxmlns[31m=[32m"http://www.w3.org/2000/svg"[31m
                [36m>[31m
                  [36m<path[31m
                    [33md[31m=[32m"M22 12h-2.48a2 2 0 0 0-1.93 1.46l-2.35 8.36a.25.25 0 0 1-.48 0L9.24 2.18a.25.25 0 0 0-.48 0l-2.35 8.36A2 2 0 0 1 4.49 12H2"[31m
                  [36m/>[31m
                [36m</svg>[31m
                [0mLive Data[0m
              [36m</div>[31m
              [36m<button[31m
                [33maria-busy[31m=[32m"false"[31m
                [33maria-label[31m=[32m"Refresh dashboard data"[31m
                [33mclass[31m=[32m"inline-flex items-center justify-center rounded-md text-sm font-medium focus-visible:outline-none focus-visible:ring-2 focus-visible:ring-ring focus-visible:ring-offset-2 disabled:pointer-events-none disabled:opacity-50 border border-input bg-background h-10 px-4 py-2 hover:bg-primary hover:text-primary-foreground transition-colors"[31m
              [36m>[31m
                [36m<svg[31m
                  [33maria-hidden[31m=[32m"true"[31m
                  [33mclass[31m=[32m"lucide lucide-refresh-cw h-4 w-4 mr-2"[31m
                  [33mfill[31m=[32m"none"[31m
                  [33mheight[31m=[32m"24"[31m
                  [33mstroke[31m=[32m"currentColor"[31m
                  [33mstroke-linecap[31m=[32m"round"[31m
                  [33mstroke-linejoin[31m=[32m"round"[31m
                  [33mstroke-width[31m=[32m"2"[31m
                  [33mviewBox[31m=[32m"0 0 24 24"[31m
                  [33mwidth[31m=[32m"24"[31m
                  [33mxmlns[31m=[32m"http://www.w3.org/2000/svg"[31m
                [36m>[31m
                  [36m<path[31m
                    [33md[31m=[32m"M3 12a9 9 0 0 1 9-9 9.75 9.75 0 0 1 6.74 2.74L21 8"[31m
                  [36m/>[31m
                  [36m<path[31m
                    [33md[31m=[32m"M21 3v5h-5"[31m
                  [36m/>[31m
                  [36m<path[31m
                    [33md[31m=[32m"M21 12a9 9 0 0 1-9 9 9.75 9.75 0 0 1-6.74-2.74L3 16"[31m
                  [36m/>[31m
                  [36m<path[31m
                    [33md[31m=[32m"M8 16H3v5"[31m
                  [36m/>[31m
                [36m</svg>[31m
                [0mRefresh Data[0m
              [36m</button>[31m
            [36m</div>[31m
          [36m</div>[31m
          [36m<div[31m
            [33mclass[31m=[32m"grid md:grid-cols-3 grid-cols-1 sm:grid-cols-2 lg:grid-cols-4 gap-4 lg:gap-6 mb-8"[31m
          [36m>[31m
            [36m<div[31m
              [33mclass[31m=[32m"rounded-lg border bg-card text-card-foreground shadow p-4 md:p-6 hover:shadow-lg transition-all duration-200 hover:scale-[1.02] cursor-pointer group"[31m
            [36m>[31m
              [36m<div[31m
                [33mclass[31m=[32m"p-6"[31m
              [36m>[31m
                [36m<div[31m
                  [33mclass[31m=[32m"flex items-center justify-between"[31m
                [36m>[31m
                  [36m<div[31m
                    [33mclass[31m=[32m"space-y-2 flex-1"[31m
                  [36m>[31m
                    [36m<div[31m
                      [33mclass[31m=[32m"flex items-center gap-2"[31m
                    [36m>[31m
                      [36m<p[31m
                        [33mclass[31m=[32m"text-sm font-medium text-muted-foreground"[31m
                      [36m>[31m
                        [0mTotal Customers[0m
                      [36m</p>[31m
                      [36m<div[31m
                        [33mclass[31m=[32m"inline-flex items-center rounded-full border font-semibold transition-colors focus:outline-none focus:ring-2 focus:ring-ring focus:ring-offset-2 border-transparent bg-secondary text-secondary-foreground hover:bg-secondary/80 text-xs px-2 py-0.5"[31m
                      [36m>[31m
                        [0mActive customer base[0m
                      [36m</div>[31m
                    [36m</div>[31m
                    [36m<p[31m
                      [33mclass[31m=[32m"text-3xl font-bold text-foreground tracking-tight"[31m
                    [36m>[31m
                      [0m0[0m
                    [36m</p>[31m
                    [36m<div[31m
                      [33mclass[31m=[32m"flex items-center gap-1"[31m
                    [36m>[31m
                      [36m<svg[31m
                        [33maria-hidden[31m=[32m"true"[31m
                        [33mclass...[39m
[31m   [31m×[31m Dashboard Component[2m > [22mRecent Activities[2m > [22mshould display recent customers[39m[33m 1159[2mms[22m[39m
[31m     → Unable to find an element with the text: Recent Customers. This could be because the text is broken up by multiple elements. In this case, you can provide a function for your text matcher to make your matcher more flexible.

Ignored nodes: comments, script, style
[36m<body>[31m
  [36m<div>[31m
    [36m<div[31m
      [33mclass[31m=[32m"mx-auto px-4 sm:px-6 lg:px-8 max-w-7xl min-h-screen bg-background"[31m
    [36m>[31m
      [36m<div[31m
        [33mclass[31m=[32m"container mx-auto px-4 py-6 space-y-8"[31m
      [36m>[31m
        [36m<div[31m
          [33mclass[31m=[32m"flex flex-col sm:flex-row sm:items-center sm:justify-between gap-4"[31m
        [36m>[31m
          [36m<div[31m
            [33mclass[31m=[32m"space-y-2"[31m
          [36m>[31m
            [36m<h1[31m
              [33mclass[31m=[32m"text-4xl font-bold text-foreground tracking-tight"[31m
              [33mdata-testid[31m=[32m"page-title"[31m
            [36m>[31m
              [36m<span[31m
                [33mclass[31m=[32m"sr-only"[31m
              [36m>[31m
                [0mDashboard for [0m
              [36m</span>[31m
              [0mDashboard[0m
            [36m</h1>[31m
            [36m<p[31m
              [33mclass[31m=[32m"text-lg text-muted-foreground"[31m
            [36m>[31m
              [0mWelcome back, [0m
              [0mTest User[0m
              [0m! Here's what's happening with your business.[0m
            [36m</p>[31m
          [36m</div>[31m
          [36m<div[31m
            [33mclass[31m=[32m"flex items-center gap-3"[31m
          [36m>[31m
            [36m<div[31m
              [33mclass[31m=[32m"inline-flex items-center rounded-full border text-xs font-semibold transition-colors focus:outline-none focus:ring-2 focus:ring-ring focus:ring-offset-2 text-foreground px-3 py-1"[31m
            [36m>[31m
              [36m<svg[31m
                [33maria-hidden[31m=[32m"true"[31m
                [33mclass[31m=[32m"lucide lucide-activity h-3 w-3 mr-1"[31m
                [33mfill[31m=[32m"none"[31m
                [33mheight[31m=[32m"24"[31m
                [33mstroke[31m=[32m"currentColor"[31m
                [33mstroke-linecap[31m=[32m"round"[31m
                [33mstroke-linejoin[31m=[32m"round"[31m
                [33mstroke-width[31m=[32m"2"[31m
                [33mviewBox[31m=[32m"0 0 24 24"[31m
                [33mwidth[31m=[32m"24"[31m
                [33mxmlns[31m=[32m"http://www.w3.org/2000/svg"[31m
              [36m>[31m
                [36m<path[31m
                  [33md[31m=[32m"M22 12h-2.48a2 2 0 0 0-1.93 1.46l-2.35 8.36a.25.25 0 0 1-.48 0L9.24 2.18a.25.25 0 0 0-.48 0l-2.35 8.36A2 2 0 0 1 4.49 12H2"[31m
                [36m/>[31m
              [36m</svg>[31m
              [0mLive Data[0m
            [36m</div>[31m
            [36m<button[31m
              [33maria-busy[31m=[32m"false"[31m
              [33maria-label[31m=[32m"Refresh dashboard data"[31m
              [33mclass[31m=[32m"inline-flex items-center justify-center rounded-md text-sm font-medium focus-visible:outline-none focus-visible:ring-2 focus-visible:ring-ring focus-visible:ring-offset-2 disabled:pointer-events-none disabled:opacity-50 border border-input bg-background h-10 px-4 py-2 hover:bg-primary hover:text-primary-foreground transition-colors"[31m
            [36m>[31m
              [36m<svg[31m
                [33maria-hidden[31m=[32m"true"[31m
                [33mclass[31m=[32m"lucide lucide-refresh-cw h-4 w-4 mr-2"[31m
                [33mfill[31m=[32m"none"[31m
                [33mheight[31m=[32m"24"[31m
                [33mstroke[31m=[32m"currentColor"[31m
                [33mstroke-linecap[31m=[32m"round"[31m
                [33mstroke-linejoin[31m=[32m"round"[31m
                [33mstroke-width[31m=[32m"2"[31m
                [33mviewBox[31m=[32m"0 0 24 24"[31m
                [33mwidth[31m=[32m"24"[31m
                [33mxmlns[31m=[32m"http://www.w3.org/2000/svg"[31m
              [36m>[31m
                [36m<path[31m
                  [33md[31m=[32m"M3 12a9 9 0 0 1 9-9 9.75 9.75 0 0 1 6.74 2.74L21 8"[31m
                [36m/>[31m
                [36m<path[31m
                  [33md[31m=[32m"M21 3v5h-5"[31m
                [36m/>[31m
                [36m<path[31m
                  [33md[31m=[32m"M21 12a9 9 0 0 1-9 9 9.75 9.75 0 0 1-6.74-2.74L3 16"[31m
                [36m/>[31m
                [36m<path[31m
                  [33md[31m=[32m"M8 16H3v5"[31m
                [36m/>[31m
              [36m</svg>[31m
              [0mRefresh Data[0m
            [36m</button>[31m
          [36m</div>[31m
        [36m</div>[31m
        [36m<div[31m
          [33mclass[31m=[32m"grid md:grid-cols-3 grid-cols-1 sm:grid-cols-2 lg:grid-cols-4 gap-4 lg:gap-6 mb-8"[31m
        [36m>[31m
          [36m<div[31m
            [33mclass[31m=[32m"rounded-lg border bg-card text-card-foreground shadow p-4 md:p-6 hover:shadow-lg transition-all duration-200 hover:scale-[1.02] cursor-pointer group"[31m
          [36m>[31m
            [36m<div[31m
              [33mclass[31m=[32m"p-6"[31m
            [36m>[31m
              [36m<div[31m
                [33mclass[31m=[32m"flex items-center justify-between"[31m
              [36m>[31m
                [36m<div[31m
                  [33mclass[31m=[32m"space-y-2 flex-1"[31m
                [36m>[31m
                  [36m<div[31m
                    [33mclass[31m=[32m"flex items-center gap-2"[31m
                  [36m>[31m
                    [36m<p[31m
                      [33mclass[31m=[32m"text-sm font-medium text-muted-foreground"[31m
                    [36m>[31m
                      [0mTotal Customers[0m
                    [36m</p>[31m
                    [36m<div[31m
                      [33mclass[31m=[32m"inline-flex items-center rounded-full border font-semibold transition-colors focus:outline-none focus:ring-2 focus:ring-ring focus:ring-offset-2 border-transparent bg-secondary text-secondary-foreground hover:bg-secondary/80 text-xs px-2 py-0.5"[31m
                    [36m>[31m
                      [0mActive customer base[0m
                    [36m</div>[31m
                  [36m</div>[31m
                  [36m<p[31m
                    [33mclass[31m=[32m"text-3xl font-bold text-foreground tracking-tight"[31m
                  [36m>[31m
                    [0m0[0m
                  [36m</p>[31m
                  [36m<div[31m
                    [33mclass[31m=[32m"flex items-center gap-1"[31m
                  [36m>[31m
                    [36m<svg[31m
                      [33maria-hidden[31m=[32m"true"[31m
                      [33mclass[31m=[32m"lucide lucide-arrow-up-right h-4 w-4 text-green-600"[31m
                      [33mfill[31m=[32m"none"[31m
                      [33mheight[31m=[32m"24"[31m
                      [33mstroke[31m=[32m"currentColor"[31m
                      [33mstroke-linecap[31m=[32m"round"[39...

Ignored nodes: comments, script, style
[36m<html>[31m
  [36m<head />[31m
  [36m<body>[31m
    [36m<div>[31m
      [36m<div[31m
        [33mclass[31m=[32m"mx-auto px-4 sm:px-6 lg:px-8 max-w-7xl min-h-screen bg-background"[31m
      [36m>[31m
        [36m<div[31m
          [33mclass[31m=[32m"container mx-auto px-4 py-6 space-y-8"[31m
        [36m>[31m
          [36m<div[31m
            [33mclass[31m=[32m"flex flex-col sm:flex-row sm:items-center sm:justify-between gap-4"[31m
          [36m>[31m
            [36m<div[31m
              [33mclass[31m=[32m"space-y-2"[31m
            [36m>[31m
              [36m<h1[31m
                [33mclass[31m=[32m"text-4xl font-bold text-foreground tracking-tight"[31m
                [33mdata-testid[31m=[32m"page-title"[31m
              [36m>[31m
                [36m<span[31m
                  [33mclass[31m=[32m"sr-only"[31m
                [36m>[31m
                  [0mDashboard for [0m
                [36m</span>[31m
                [0mDashboard[0m
              [36m</h1>[31m
              [36m<p[31m
                [33mclass[31m=[32m"text-lg text-muted-foreground"[31m
              [36m>[31m
                [0mWelcome back, [0m
                [0mTest User[0m
                [0m! Here's what's happening with your business.[0m
              [36m</p>[31m
            [36m</div>[31m
            [36m<div[31m
              [33mclass[31m=[32m"flex items-center gap-3"[31m
            [36m>[31m
              [36m<div[31m
                [33mclass[31m=[32m"inline-flex items-center rounded-full border text-xs font-semibold transition-colors focus:outline-none focus:ring-2 focus:ring-ring focus:ring-offset-2 text-foreground px-3 py-1"[31m
              [36m>[31m
                [36m<svg[31m
                  [33maria-hidden[31m=[32m"true"[31m
                  [33mclass[31m=[32m"lucide lucide-activity h-3 w-3 mr-1"[31m
                  [33mfill[31m=[32m"none"[31m
                  [33mheight[31m=[32m"24"[31m
                  [33mstroke[31m=[32m"currentColor"[31m
                  [33mstroke-linecap[31m=[32m"round"[31m
                  [33mstroke-linejoin[31m=[32m"round"[31m
                  [33mstroke-width[31m=[32m"2"[31m
                  [33mviewBox[31m=[32m"0 0 24 24"[31m
                  [33mwidth[31m=[32m"24"[31m
                  [33mxmlns[31m=[32m"http://www.w3.org/2000/svg"[31m
                [36m>[31m
                  [36m<path[31m
                    [33md[31m=[32m"M22 12h-2.48a2 2 0 0 0-1.93 1.46l-2.35 8.36a.25.25 0 0 1-.48 0L9.24 2.18a.25.25 0 0 0-.48 0l-2.35 8.36A2 2 0 0 1 4.49 12H2"[31m
                  [36m/>[31m
                [36m</svg>[31m
                [0mLive Data[0m
              [36m</div>[31m
              [36m<button[31m
                [33maria-busy[31m=[32m"false"[31m
                [33maria-label[31m=[32m"Refresh dashboard data"[31m
                [33mclass[31m=[32m"inline-flex items-center justify-center rounded-md text-sm font-medium focus-visible:outline-none focus-visible:ring-2 focus-visible:ring-ring focus-visible:ring-offset-2 disabled:pointer-events-none disabled:opacity-50 border border-input bg-background h-10 px-4 py-2 hover:bg-primary hover:text-primary-foreground transition-colors"[31m
              [36m>[31m
                [36m<svg[31m
                  [33maria-hidden[31m=[32m"true"[31m
                  [33mclass[31m=[32m"lucide lucide-refresh-cw h-4 w-4 mr-2"[31m
                  [33mfill[31m=[32m"none"[31m
                  [33mheight[31m=[32m"24"[31m
                  [33mstroke[31m=[32m"currentColor"[31m
                  [33mstroke-linecap[31m=[32m"round"[31m
                  [33mstroke-linejoin[31m=[32m"round"[31m
                  [33mstroke-width[31m=[32m"2"[31m
                  [33mviewBox[31m=[32m"0 0 24 24"[31m
                  [33mwidth[31m=[32m"24"[31m
                  [33mxmlns[31m=[32m"http://www.w3.org/2000/svg"[31m
                [36m>[31m
                  [36m<path[31m
                    [33md[31m=[32m"M3 12a9 9 0 0 1 9-9 9.75 9.75 0 0 1 6.74 2.74L21 8"[31m
                  [36m/>[31m
                  [36m<path[31m
                    [33md[31m=[32m"M21 3v5h-5"[31m
                  [36m/>[31m
                  [36m<path[31m
                    [33md[31m=[32m"M21 12a9 9 0 0 1-9 9 9.75 9.75 0 0 1-6.74-2.74L3 16"[31m
                  [36m/>[31m
                  [36m<path[31m
                    [33md[31m=[32m"M8 16H3v5"[31m
                  [36m/>[31m
                [36m</svg>[31m
                [0mRefresh Data[0m
              [36m</button>[31m
            [36m</div>[31m
          [36m</div>[31m
          [36m<div[31m
            [33mclass[31m=[32m"grid md:grid-cols-3 grid-cols-1 sm:grid-cols-2 lg:grid-cols-4 gap-4 lg:gap-6 mb-8"[31m
          [36m>[31m
            [36m<div[31m
              [33mclass[31m=[32m"rounded-lg border bg-card text-card-foreground shadow p-4 md:p-6 hover:shadow-lg transition-all duration-200 hover:scale-[1.02] cursor-pointer group"[31m
            [36m>[31m
              [36m<div[31m
                [33mclass[31m=[32m"p-6"[31m
              [36m>[31m
                [36m<div[31m
                  [33mclass[31m=[32m"flex items-center justify-between"[31m
                [36m>[31m
                  [36m<div[31m
                    [33mclass[31m=[32m"space-y-2 flex-1"[31m
                  [36m>[31m
                    [36m<div[31m
                      [33mclass[31m=[32m"flex items-center gap-2"[31m
                    [36m>[31m
                      [36m<p[31m
                        [33mclass[31m=[32m"text-sm font-medium text-muted-foreground"[31m
                      [36m>[31m
                        [0mTotal Customers[0m
                      [36m</p>[31m
                      [36m<div[31m
                        [33mclass[31m=[32m"inline-flex items-center rounded-full border font-semibold transition-colors focus:outline-none focus:ring-2 focus:ring-ring focus:ring-offset-2 border-transparent bg-secondary text-secondary-foreground hover:bg-secondary/80 text-xs px-2 py-0.5"[31m
                      [36m>[31m
                        [0mActive customer base[0m
                      [36m</div>[31m
                    [36m</div>[31m
                    [36m<p[31m
                      [33mclass[31m=[32m"text-3xl font-bold text-foreground tracking-tight"[31m
                    [36m>[31m
                      [0m0[0m
                    [36m</p>[31m
                    [36m<div[31m
                      [33mclass[31m=[32m"flex items-center gap-1"[31m
                    [36m>[31m
                      [36m<svg[31m
                        [33maria-hidden[31m=[32m"true"[31m
                        [33mclass...[39m
[31m   [31m×[31m Dashboard Component[2m > [22mRecent Activities[2m > [22mshould display recent deals[39m[33m 1087[2mms[22m[39m
[31m     → Unable to find an element with the text: Recent Deals. This could be because the text is broken up by multiple elements. In this case, you can provide a function for your text matcher to make your matcher more flexible.

Ignored nodes: comments, script, style
[36m<body>[31m
  [36m<div>[31m
    [36m<div[31m
      [33mclass[31m=[32m"mx-auto px-4 sm:px-6 lg:px-8 max-w-7xl min-h-screen bg-background"[31m
    [36m>[31m
      [36m<div[31m
        [33mclass[31m=[32m"container mx-auto px-4 py-6 space-y-8"[31m
      [36m>[31m
        [36m<div[31m
          [33mclass[31m=[32m"flex flex-col sm:flex-row sm:items-center sm:justify-between gap-4"[31m
        [36m>[31m
          [36m<div[31m
            [33mclass[31m=[32m"space-y-2"[31m
          [36m>[31m
            [36m<h1[31m
              [33mclass[31m=[32m"text-4xl font-bold text-foreground tracking-tight"[31m
              [33mdata-testid[31m=[32m"page-title"[31m
            [36m>[31m
              [36m<span[31m
                [33mclass[31m=[32m"sr-only"[31m
              [36m>[31m
                [0mDashboard for [0m
              [36m</span>[31m
              [0mDashboard[0m
            [36m</h1>[31m
            [36m<p[31m
              [33mclass[31m=[32m"text-lg text-muted-foreground"[31m
            [36m>[31m
              [0mWelcome back, [0m
              [0mTest User[0m
              [0m! Here's what's happening with your business.[0m
            [36m</p>[31m
          [36m</div>[31m
          [36m<div[31m
            [33mclass[31m=[32m"flex items-center gap-3"[31m
          [36m>[31m
            [36m<div[31m
              [33mclass[31m=[32m"inline-flex items-center rounded-full border text-xs font-semibold transition-colors focus:outline-none focus:ring-2 focus:ring-ring focus:ring-offset-2 text-foreground px-3 py-1"[31m
            [36m>[31m
              [36m<svg[31m
                [33maria-hidden[31m=[32m"true"[31m
                [33mclass[31m=[32m"lucide lucide-activity h-3 w-3 mr-1"[31m
                [33mfill[31m=[32m"none"[31m
                [33mheight[31m=[32m"24"[31m
                [33mstroke[31m=[32m"currentColor"[31m
                [33mstroke-linecap[31m=[32m"round"[31m
                [33mstroke-linejoin[31m=[32m"round"[31m
                [33mstroke-width[31m=[32m"2"[31m
                [33mviewBox[31m=[32m"0 0 24 24"[31m
                [33mwidth[31m=[32m"24"[31m
                [33mxmlns[31m=[32m"http://www.w3.org/2000/svg"[31m
              [36m>[31m
                [36m<path[31m
                  [33md[31m=[32m"M22 12h-2.48a2 2 0 0 0-1.93 1.46l-2.35 8.36a.25.25 0 0 1-.48 0L9.24 2.18a.25.25 0 0 0-.48 0l-2.35 8.36A2 2 0 0 1 4.49 12H2"[31m
                [36m/>[31m
              [36m</svg>[31m
              [0mLive Data[0m
            [36m</div>[31m
            [36m<button[31m
              [33maria-busy[31m=[32m"false"[31m
              [33maria-label[31m=[32m"Refresh dashboard data"[31m
              [33mclass[31m=[32m"inline-flex items-center justify-center rounded-md text-sm font-medium focus-visible:outline-none focus-visible:ring-2 focus-visible:ring-ring focus-visible:ring-offset-2 disabled:pointer-events-none disabled:opacity-50 border border-input bg-background h-10 px-4 py-2 hover:bg-primary hover:text-primary-foreground transition-colors"[31m
            [36m>[31m
              [36m<svg[31m
                [33maria-hidden[31m=[32m"true"[31m
                [33mclass[31m=[32m"lucide lucide-refresh-cw h-4 w-4 mr-2"[31m
                [33mfill[31m=[32m"none"[31m
                [33mheight[31m=[32m"24"[31m
                [33mstroke[31m=[32m"currentColor"[31m
                [33mstroke-linecap[31m=[32m"round"[31m
                [33mstroke-linejoin[31m=[32m"round"[31m
                [33mstroke-width[31m=[32m"2"[31m
                [33mviewBox[31m=[32m"0 0 24 24"[31m
                [33mwidth[31m=[32m"24"[31m
                [33mxmlns[31m=[32m"http://www.w3.org/2000/svg"[31m
              [36m>[31m
                [36m<path[31m
                  [33md[31m=[32m"M3 12a9 9 0 0 1 9-9 9.75 9.75 0 0 1 6.74 2.74L21 8"[31m
                [36m/>[31m
                [36m<path[31m
                  [33md[31m=[32m"M21 3v5h-5"[31m
                [36m/>[31m
                [36m<path[31m
                  [33md[31m=[32m"M21 12a9 9 0 0 1-9 9 9.75 9.75 0 0 1-6.74-2.74L3 16"[31m
                [36m/>[31m
                [36m<path[31m
                  [33md[31m=[32m"M8 16H3v5"[31m
                [36m/>[31m
              [36m</svg>[31m
              [0mRefresh Data[0m
            [36m</button>[31m
          [36m</div>[31m
        [36m</div>[31m
        [36m<div[31m
          [33mclass[31m=[32m"grid md:grid-cols-3 grid-cols-1 sm:grid-cols-2 lg:grid-cols-4 gap-4 lg:gap-6 mb-8"[31m
        [36m>[31m
          [36m<div[31m
            [33mclass[31m=[32m"rounded-lg border bg-card text-card-foreground shadow p-4 md:p-6 hover:shadow-lg transition-all duration-200 hover:scale-[1.02] cursor-pointer group"[31m
          [36m>[31m
            [36m<div[31m
              [33mclass[31m=[32m"p-6"[31m
            [36m>[31m
              [36m<div[31m
                [33mclass[31m=[32m"flex items-center justify-between"[31m
              [36m>[31m
                [36m<div[31m
                  [33mclass[31m=[32m"space-y-2 flex-1"[31m
                [36m>[31m
                  [36m<div[31m
                    [33mclass[31m=[32m"flex items-center gap-2"[31m
                  [36m>[31m
                    [36m<p[31m
                      [33mclass[31m=[32m"text-sm font-medium text-muted-foreground"[31m
                    [36m>[31m
                      [0mTotal Customers[0m
                    [36m</p>[31m
                    [36m<div[31m
                      [33mclass[31m=[32m"inline-flex items-center rounded-full border font-semibold transition-colors focus:outline-none focus:ring-2 focus:ring-ring focus:ring-offset-2 border-transparent bg-secondary text-secondary-foreground hover:bg-secondary/80 text-xs px-2 py-0.5"[31m
                    [36m>[31m
                      [0mActive customer base[0m
                    [36m</div>[31m
                  [36m</div>[31m
                  [36m<p[31m
                    [33mclass[31m=[32m"text-3xl font-bold text-foreground tracking-tight"[31m
                  [36m>[31m
                    [0m0[0m
                  [36m</p>[31m
                  [36m<div[31m
                    [33mclass[31m=[32m"flex items-center gap-1"[31m
                  [36m>[31m
                    [36m<svg[31m
                      [33maria-hidden[31m=[32m"true"[31m
                      [33mclass[31m=[32m"lucide lucide-arrow-up-right h-4 w-4 text-green-600"[31m
                      [33mfill[31m=[32m"none"[31m
                      [33mheight[31m=[32m"24"[31m
                      [33mstroke[31m=[32m"currentColor"[31m
                      [33mstroke-linecap[31m=[32m"round"[39...

Ignored nodes: comments, script, style
[36m<html>[31m
  [36m<head />[31m
  [36m<body>[31m
    [36m<div>[31m
      [36m<div[31m
        [33mclass[31m=[32m"mx-auto px-4 sm:px-6 lg:px-8 max-w-7xl min-h-screen bg-background"[31m
      [36m>[31m
        [36m<div[31m
          [33mclass[31m=[32m"container mx-auto px-4 py-6 space-y-8"[31m
        [36m>[31m
          [36m<div[31m
            [33mclass[31m=[32m"flex flex-col sm:flex-row sm:items-center sm:justify-between gap-4"[31m
          [36m>[31m
            [36m<div[31m
              [33mclass[31m=[32m"space-y-2"[31m
            [36m>[31m
              [36m<h1[31m
                [33mclass[31m=[32m"text-4xl font-bold text-foreground tracking-tight"[31m
                [33mdata-testid[31m=[32m"page-title"[31m
              [36m>[31m
                [36m<span[31m
                  [33mclass[31m=[32m"sr-only"[31m
                [36m>[31m
                  [0mDashboard for [0m
                [36m</span>[31m
                [0mDashboard[0m
              [36m</h1>[31m
              [36m<p[31m
                [33mclass[31m=[32m"text-lg text-muted-foreground"[31m
              [36m>[31m
                [0mWelcome back, [0m
                [0mTest User[0m
                [0m! Here's what's happening with your business.[0m
              [36m</p>[31m
            [36m</div>[31m
            [36m<div[31m
              [33mclass[31m=[32m"flex items-center gap-3"[31m
            [36m>[31m
              [36m<div[31m
                [33mclass[31m=[32m"inline-flex items-center rounded-full border text-xs font-semibold transition-colors focus:outline-none focus:ring-2 focus:ring-ring focus:ring-offset-2 text-foreground px-3 py-1"[31m
              [36m>[31m
                [36m<svg[31m
                  [33maria-hidden[31m=[32m"true"[31m
                  [33mclass[31m=[32m"lucide lucide-activity h-3 w-3 mr-1"[31m
                  [33mfill[31m=[32m"none"[31m
                  [33mheight[31m=[32m"24"[31m
                  [33mstroke[31m=[32m"currentColor"[31m
                  [33mstroke-linecap[31m=[32m"round"[31m
                  [33mstroke-linejoin[31m=[32m"round"[31m
                  [33mstroke-width[31m=[32m"2"[31m
                  [33mviewBox[31m=[32m"0 0 24 24"[31m
                  [33mwidth[31m=[32m"24"[31m
                  [33mxmlns[31m=[32m"http://www.w3.org/2000/svg"[31m
                [36m>[31m
                  [36m<path[31m
                    [33md[31m=[32m"M22 12h-2.48a2 2 0 0 0-1.93 1.46l-2.35 8.36a.25.25 0 0 1-.48 0L9.24 2.18a.25.25 0 0 0-.48 0l-2.35 8.36A2 2 0 0 1 4.49 12H2"[31m
                  [36m/>[31m
                [36m</svg>[31m
                [0mLive Data[0m
              [36m</div>[31m
              [36m<button[31m
                [33maria-busy[31m=[32m"false"[31m
                [33maria-label[31m=[32m"Refresh dashboard data"[31m
                [33mclass[31m=[32m"inline-flex items-center justify-center rounded-md text-sm font-medium focus-visible:outline-none focus-visible:ring-2 focus-visible:ring-ring focus-visible:ring-offset-2 disabled:pointer-events-none disabled:opacity-50 border border-input bg-background h-10 px-4 py-2 hover:bg-primary hover:text-primary-foreground transition-colors"[31m
              [36m>[31m
                [36m<svg[31m
                  [33maria-hidden[31m=[32m"true"[31m
                  [33mclass[31m=[32m"lucide lucide-refresh-cw h-4 w-4 mr-2"[31m
                  [33mfill[31m=[32m"none"[31m
                  [33mheight[31m=[32m"24"[31m
                  [33mstroke[31m=[32m"currentColor"[31m
                  [33mstroke-linecap[31m=[32m"round"[31m
                  [33mstroke-linejoin[31m=[32m"round"[31m
                  [33mstroke-width[31m=[32m"2"[31m
                  [33mviewBox[31m=[32m"0 0 24 24"[31m
                  [33mwidth[31m=[32m"24"[31m
                  [33mxmlns[31m=[32m"http://www.w3.org/2000/svg"[31m
                [36m>[31m
                  [36m<path[31m
                    [33md[31m=[32m"M3 12a9 9 0 0 1 9-9 9.75 9.75 0 0 1 6.74 2.74L21 8"[31m
                  [36m/>[31m
                  [36m<path[31m
                    [33md[31m=[32m"M21 3v5h-5"[31m
                  [36m/>[31m
                  [36m<path[31m
                    [33md[31m=[32m"M21 12a9 9 0 0 1-9 9 9.75 9.75 0 0 1-6.74-2.74L3 16"[31m
                  [36m/>[31m
                  [36m<path[31m
                    [33md[31m=[32m"M8 16H3v5"[31m
                  [36m/>[31m
                [36m</svg>[31m
                [0mRefresh Data[0m
              [36m</button>[31m
            [36m</div>[31m
          [36m</div>[31m
          [36m<div[31m
            [33mclass[31m=[32m"grid md:grid-cols-3 grid-cols-1 sm:grid-cols-2 lg:grid-cols-4 gap-4 lg:gap-6 mb-8"[31m
          [36m>[31m
            [36m<div[31m
              [33mclass[31m=[32m"rounded-lg border bg-card text-card-foreground shadow p-4 md:p-6 hover:shadow-lg transition-all duration-200 hover:scale-[1.02] cursor-pointer group"[31m
            [36m>[31m
              [36m<div[31m
                [33mclass[31m=[32m"p-6"[31m
              [36m>[31m
                [36m<div[31m
                  [33mclass[31m=[32m"flex items-center justify-between"[31m
                [36m>[31m
                  [36m<div[31m
                    [33mclass[31m=[32m"space-y-2 flex-1"[31m
                  [36m>[31m
                    [36m<div[31m
                      [33mclass[31m=[32m"flex items-center gap-2"[31m
                    [36m>[31m
                      [36m<p[31m
                        [33mclass[31m=[32m"text-sm font-medium text-muted-foreground"[31m
                      [36m>[31m
                        [0mTotal Customers[0m
                      [36m</p>[31m
                      [36m<div[31m
                        [33mclass[31m=[32m"inline-flex items-center rounded-full border font-semibold transition-colors focus:outline-none focus:ring-2 focus:ring-ring focus:ring-offset-2 border-transparent bg-secondary text-secondary-foreground hover:bg-secondary/80 text-xs px-2 py-0.5"[31m
                      [36m>[31m
                        [0mActive customer base[0m
                      [36m</div>[31m
                    [36m</div>[31m
                    [36m<p[31m
                      [33mclass[31m=[32m"text-3xl font-bold text-foreground tracking-tight"[31m
                    [36m>[31m
                      [0m0[0m
                    [36m</p>[31m
                    [36m<div[31m
                      [33mclass[31m=[32m"flex items-center gap-1"[31m
                    [36m>[31m
                      [36m<svg[31m
                        [33maria-hidden[31m=[32m"true"[31m
                        [33mclass...[39m
   [32m✓[39m Dashboard Component[2m > [22mQuick Actions[2m > [22mshould display quick action buttons[32m 115[2mms[22m[39m
   [32m✓[39m Dashboard Component[2m > [22mError Handling[2m > [22mshould handle API errors gracefully[32m 150[2mms[22m[39m
stderr | src/pages/Calendar.test.tsx
Multiple GoTrueClient instances detected in the same browser context. It is not an error, but this should be avoided as it may produce undefined behavior when used concurrently under the same storage key.

[90mstdout[2m | src/hooks/useAuth.test.ts
[22m[39m🔧 Supabase config: {
  url: [32m'https://rnqjqhqhqhqhqhqhqhqh.s...'[39m,
  key: [32m'eyJ0eXAiOiJKV1QiLCJh...'[39m,
  env: {
    AHA_CHROME_CRASHPAD_PIPE_NAME: [32m'\\\\.\\pipe\\crashpad_16336_DJYFJKOFGRPZHQIJ'[39m,
    ALLUSERSPROFILE: [32m'C:\\ProgramData'[39m,
    ANDROID_HOME: [32m'C:\\Users\\Lenovo\\AppData\\Local\\Android\\Sdk'[39m,
    APPDATA: [32m'C:\\Users\\Lenovo\\AppData\\Roaming'[39m,
    BASE_URL: [32m'/'[39m,
    CHOCOLATEYINSTALL: [32m'C:\\ProgramData\\chocolatey'[39m,
    COLOR: [32m'0'[39m,
    COLORTERM: [32m'truecolor'[39m,
    COMMONPROGRAMFILES: [32m'C:\\Program Files\\Common Files'[39m,
    [32m'COMMONPROGRAMFILES(X86)'[39m: [32m'C:\\Program Files (x86)\\Common Files'[39m,
    COMMONPROGRAMW6432: [32m'C:\\Program Files\\Common Files'[39m,
    COMPUTERNAME: [32m'DESKTOP-J595T7P'[39m,
    COMSPEC: [32m'C:\\WINDOWS\\system32\\cmd.exe'[39m,
    DEV: [32m'1'[39m,
    DRIVERDATA: [32m'C:\\Windows\\System32\\Drivers\\DriverData'[39m,
    EDITOR: [32m'C:\\WINDOWS\\notepad.exe'[39m,
    EFC_9244_1262719628: [32m'1'[39m,
    EFC_9244_1592913036: [32m'1'[39m,
    EFC_9244_2283032206: [32m'1'[39m,
    EFC_9244_2775293581: [32m'1'[39m,
    EFC_9244_3789132940: [32m'1'[39m,
    FORCE_TTY: [32m''[39m,
    FPS_BROWSER_APP_PROFILE_STRING: [32m'Internet Explorer'[39m,
    FPS_BROWSER_USER_PROFILE_STRING: [32m'Default'[39m,
    GIT_ASKPASS: [32m'c:\\Users\\Lenovo\\AppData\\Local\\Programs\\Trae\\resources\\app\\extensions\\git\\dist\\askpass.sh'[39m,
    GIT_LFS_PATH: [32m'C:\\Program Files\\Git LFS'[39m,
    GIT_PAGER: [32m''[39m,
    HOME: [32m'C:\\Users\\Lenovo'[39m,
    HOMEDRIVE: [32m'C:'[39m,
    HOMEPATH: [32m'\\Users\\Lenovo'[39m,
    INIT_CWD: [32m'C:\\Users\\Lenovo\\Desktop\\new_simple_crm'[39m,
    LANG: [32m'en_US.UTF-8'[39m,
    LOCALAPPDATA: [32m'C:\\Users\\Lenovo\\AppData\\Local'[39m,
    LOGONSERVER: [32m'\\\\DESKTOP-J595T7P'[39m,
    MODE: [32m'test'[39m,
    NODE: [32m'C:\\Program Files\\nodejs\\node.exe'[39m,
    NODE_ENV: [32m'test'[39m,
    NPM_COMMAND: [32m'exec'[39m,
    NPM_CONFIG_CACHE: [32m'C:\\Users\\Lenovo\\AppData\\Local\\npm-cache'[39m,
    NPM_CONFIG_GLOBALCONFIG: [32m'C:\\Users\\Lenovo\\AppData\\Roaming\\npm\\etc\\npmrc'[39m,
    NPM_CONFIG_GLOBAL_PREFIX: [32m'C:\\Users\\Lenovo\\AppData\\Roaming\\npm'[39m,
    NPM_CONFIG_INIT_MODULE: [32m'C:\\Users\\Lenovo\\.npm-init.js'[39m,
    NPM_CONFIG_LOCAL_PREFIX: [32m'C:\\Users\\Lenovo\\Desktop\\new_simple_crm'[39m,
    NPM_CONFIG_NODE_GYP: [32m'C:\\Program Files\\nodejs\\node_modules\\npm\\node_modules\\node-gyp\\bin\\node-gyp.js'[39m,
    NPM_CONFIG_NOPROXY: [32m''[39m,
    NPM_CONFIG_NPM_VERSION: [32m'10.9.2'[39m,
    NPM_CONFIG_PREFIX: [32m'C:\\Users\\Lenovo\\AppData\\Roaming\\npm'[39m,
    NPM_CONFIG_USERCONFIG: [32m'C:\\Users\\Lenovo\\.npmrc'[39m,
    NPM_CONFIG_USER_AGENT: [32m'npm/10.9.2 node/v22.14.0 win32 x64 workspaces/false'[39m,
    NPM_EXECPATH: [32m'C:\\Program Files\\nodejs\\node_modules\\npm\\bin\\npm-cli.js'[39m,
    NPM_LIFECYCLE_EVENT: [32m'npx'[39m,
    NPM_LIFECYCLE_SCRIPT: [32m'vitest'[39m,
    NPM_NODE_EXECPATH: [32m'C:\\Program Files\\nodejs\\node.exe'[39m,
    NPM_PACKAGE_JSON: [32m'C:\\Users\\Lenovo\\Desktop\\new_simple_crm\\package.json'[39m,
    NPM_PACKAGE_NAME: [32m'new_simple_crm'[39m,
    NPM_PACKAGE_VERSION: [32m'0.0.0'[39m,
    NUMBER_OF_PROCESSORS: [32m'8'[39m,
    OCULUSBASE: [32m'C:\\Program Files\\Oculus\\'[39m,
    ONEDRIVE: [32m'C:\\Users\\Lenovo\\OneDrive'[39m,
    OPENSSL_CONF: [32m'C:\\Program Files\\PostgreSQL\\psqlODBC\\etc\\openssl.cnf'[39m,
    ORIGINAL_XDG_CURRENT_DESKTOP: [32m'undefined'[39m,
    OS: [32m'Windows_NT'[39m,
    PAGER: [32m''[39m,
    PATH: [32m'C:\\Users\\Lenovo\\Desktop\\new_simple_crm\\node_modules\\.bin;C:\\Users\\Lenovo\\Desktop\\new_simple_crm\\node_modules\\.bin;C:\\Users\\Lenovo\\Desktop\\node_modules\\.bin;C:\\Users\\Lenovo\\node_modules\\.bin;C:\\Users\\node_modules\\.bin;C:\\node_modules\\.bin;C:\\Program Files\\nodejs\\node_modules\\npm\\node_modules\\@npmcli\\run-script\\lib\\node-gyp-bin;c:\\\\Users\\\\Lenovo\\\\.trae\\\\sdks\\\\workspaces\\\\29b78ebe\\\\versions\\\\node\\\\current;c:\\\\Users\\\\Lenovo\\\\.trae\\\\sdks\\\\versions\\\\node\\\\current;C:\\Program Files\\PowerShell\\7;c:\\Users\\Lenovo\\.trae\\sdks\\workspaces\\29b78ebe\\versions\\node\\current;c:\\Users\\Lenovo\\.trae\\sdks\\versions\\node\\current;C:\\Program Files\\Oculus\\Support\\oculus-runtime;c:\\Users\\Mr. Taha\\AppData\\Local\\Programs\\cursor\\resources\\app\\bin;C:\\flutter\\bin;C:\\Python313\\Scripts\\;C:\\Python313\\;C:\\WINDOWS\\system32;C:\\WINDOWS;C:\\WINDOWS\\System32\\Wbem;C:\\WINDOWS\\System32\\WindowsPowerShell\\v1.0\\;C:\\WINDOWS\\System32\\OpenSSH\\;C:\\Program Files\\nodejs\\;C:\\ProgramData\\chocolatey\\bin;C:\\Program Files\\dotnet\\;C:\\Program Files\\Git LFS;C:\\Users\\Lenovo\\AppData\\Local\\Microsoft\\WindowsApps;C:\\Users\\Lenovo\\AppData\\Local\\Microsoft\\WinGet\\Links;C:\\Program Files\\Git\\cmd;C:\\Program Files\\PowerShell\\7\\;C:\\Program Files\\Docker\\Docker\\resources\\bin;C:\\WINDOWS\\system32;C:\\WINDOWS;C:\\WINDOWS\\System32\\Wbem;C:\\WINDOWS\\System32\\WindowsPowerShell\\v1.0\\;C:\\WINDOWS\\System32\\OpenSSH\\;c:\\\\Users\\\\Lenovo\\\\.trae\\\\sdks\\\\workspaces\\\\abae64b8\\\\versions\\\\node\\\\current;c:\\\\Users\\\\Lenovo\\\\.trae\\\\sdks\\\\versions\\\\node\\\\current;C:\\Program Files\\PowerShell\\7;C:\\Users\\Lenovo\\Downloads\\Halati\\Halati\\flutter\\bin\\;c:\\Users\\Lenovo\\.trae\\sdks\\workspaces\\abae64b8\\versions\\node\\current;c:\\Users\\Lenovo\\.trae\\sdks\\versions\\node\\current;C:\\Program Files\\Oculus\\Support\\oculus-runtime;c:\\Users\\Mr. Taha\\AppData\\Local\\Programs\\cursor\\resources\\app\\bin;C:\\flutter\\bin;C:\\Python313\\Scripts\\;C:\\Python313\\;C:\\WINDOWS\\system32;C:\\WINDOWS;C:\\WINDOWS\\System32\\Wbem;C:\\WINDOWS\\System32\\WindowsPowerShell\\v1.0\\;C:\\WINDOWS\\System32\\OpenSSH\\;C:\\Program Files\\nodejs\\;C:\\ProgramData\\chocolatey\\bin;C:\\Program Files\\dotnet\\;C:\\Program Files\\Git LFS;C:\\Users\\Lenovo\\AppData\\Local\\Microsoft\\WindowsApps;C:\\Users\\Lenovo\\AppData\\Local\\Microsoft\\WinGet\\Links;C:\\Program Files\\PowerShell\\7\\;C:\\Program Files\\Git\\cmd;C:\\Users\\Lenovo\\.local\\bin;C:\\Program Files\\Docker\\Docker\\resources\\bin;C:\\Users\\Lenovo\\AppData\\Local\\Programs\\Microsoft VS Code Insiders\\bin;C:\\Users\\Lenovo\\AppData\\Local\\Programs\\cursor\\resources\\app\\bin;C:\\Users\\Lenovo\\AppData\\Local\\Android\\Sdk\\platform-tools;C:\\Users\\Lenovo\\.deno\\bin;C:\\Users\\Lenovo\\AppData\\Local\\Programs\\Qoder\\bin;%USERPROFILE%\\AppData\\Local\\Microsoft\\WindowsApps;'[39m,
    PATHEXT: [32m'.COM;.EXE;.BAT;.CMD;.VBS;.VBE;.JS;.JSE;.WSF;.WSH;.MSC;.PY;.PYW;.CPL'[39m,
    POWERSHELL_DISTRIBUTION_CHANNEL: [32m'MSI:Windows 10 Pro'[39m,
    PROCESSOR_ARCHITECTURE: [32m'AMD64'[39m,
    PROCESSOR_IDENTIFIER: [32m'Intel64 Family 6 Model 142 Stepping 12, GenuineIntel'[39m,
    PROCESSOR_LEVEL: [32m'6'[39m,
    PROCESSOR_REVISION: [32m'8e0c'[39m,
    PROD: [32m''[39m,
    PROGRAMDATA: [32m'C:\\ProgramData'[39m,
    PROGRAMFILES: [32m'C:\\Program Files'[39m,
    [32m'PROGRAMFILES(X86)'[39m: [32m'C:\\Program Files (x86)'[39m,
    PROGRAMW6432: [32m'C:\\Program Files'[39m,
    PROMPT: [32m'$P$G'[39m,
    PSMODULEPATH: [32m'C:\\Users\\Lenovo\\Documents\\PowerShell\\Modules;C:\\Program Files\\PowerShell\\Modules;c:\\program files\\powershell\\7\\Modules;C:\\Program Files\\WindowsPowerShell\\Modules;C:\\WINDOWS\\system32\\WindowsPowerShell\\v1.0\\Modules'[39m,
    PUBLIC: [32m'C:\\Users\\Public'[39m,
    SESSIONNAME: [32m'Console'[39m,
    SSR: [32m''[39m,
    SYSTEMDRIVE: [32m'C:'[39m,
    SYSTEMROOT: [32m'C:\\WINDOWS'[39m,
    TEMP: [32m'C:\\Users\\Lenovo\\AppData\\Local\\Temp'[39m,
    TERM_PRODUCT: [32m'Trae'[39m,
    TERM_PROGRAM: [32m'vscode'[39m,
    TERM_PROGRAM_VERSION: [32m'1.100.3'[39m,
    TEST: [32m'true'[39m,
    TINYPOOL_WORKER_ID: [32m'7'[39m,
    TMP: [32m'C:\\Users\\Lenovo\\AppData\\Local\\Temp'[39m,
    TRAE_AI_SHELL_ID: [32m'4'[39m,
    USERDOMAIN: [32m'DESKTOP-J595T7P'[39m,
    USERDOMAIN_ROAMINGPROFILE: [32m'DESKTOP-J595T7P'[39m,
    USERNAME: [32m'Lenovo'[39m,
    USERPROFILE: [32m'C:\\Users\\Lenovo'[39m,
    VITEST: [32m'true'[39m,
    VITEST_MODE: [32m'RUN'[39m,
    VITEST_POOL_ID: [32m'7'[39m,
    VITEST_WORKER_ID: [32m'11'[39m,
    VITE_APP_NAME: [32m'Nawras CRM'[39m,
    VITE_APP_VERSION: [32m'1.0.0'[39m,
    VITE_DEV_MODE: [32m'true'[39m,
    VITE_NODE_ENV: [32m'development'[39m,
    VITE_OFFLINE_MODE: [32m'true'[39m,
    VITE_SENTRY_DSN: [32m'your-sentry-dsn-here'[39m,
    VITE_SUPABASE_ANON_KEY: [32m'eyJ0eXAiOiJKV1QiLCJhbGciOiJIUzI1NiJ9.eyJpc3MiOiJzdXBhYmFzZSIsInJlZiI6InJucWpxaHFocWhxaHFocWhxaHFoIiwicm9sZSI6ImFub24iLCJpYXQiOjE3MzU3MzI4NzAsImV4cCI6MjA1MTMwODg3MH0.Ej8Ej8Ej8Ej8Ej8Ej8Ej8Ej8Ej8Ej8Ej8Ej8Ej8'[39m,
    VITE_SUPABASE_URL: [32m'https://rnqjqhqhqhqhqhqhqhqh.supabase.co'[39m,
    VSCODE_GIT_ASKPASS_EXTRA_ARGS: [32m''[39m,
    VSCODE_GIT_ASKPASS_MAIN: [32m'c:\\Users\\Lenovo\\AppData\\Local\\Programs\\Trae\\resources\\app\\extensions\\git\\dist\\askpass-main.js'[39m,
    VSCODE_GIT_ASKPASS_NODE: [32m'C:\\Users\\Lenovo\\AppData\\Local\\Programs\\Trae\\Trae.exe'[39m,
    VSCODE_GIT_IPC_HANDLE: [32m'\\\\.\\pipe\\vscode-git-f3eb346485-sock'[39m,
    VSCODE_INJECTION: [32m'1'[39m,
    WINDIR: [32m'C:\\WINDOWS'[39m,
    __PSLOCKDOWNPOLICY: [32m'0'[39m
  }
}

 [31m❯[39m src/pages/Calendar.test.tsx [2m([22m[2m19 tests[22m[2m | [22m[31m19 failed[39m[2m)[22m[33m 493[2mms[22m[39m
[31m   [31m×[31m Calendar[2m > [22mrenders calendar page with header[39m[32m 144[2mms[22m[39m
[31m     → Cannot access 'loadEvents' before initialization[39m
[31m   [31m×[31m Calendar[2m > [22mdisplays loading state initially[39m[32m 14[2mms[22m[39m
[31m     → Cannot access 'loadEvents' before initialization[39m
[31m   [31m×[31m Calendar[2m > [22mdisplays calendar statistics correctly[39m[32m 17[2mms[22m[39m
[31m     → Cannot access 'loadEvents' before initialization[39m
[31m   [31m×[31m Calendar[2m > [22mdisplays events table when data is loaded[39m[32m 14[2mms[22m[39m
[31m     → Cannot access 'loadEvents' before initialization[39m
[31m   [31m×[31m Calendar[2m > [22mdisplays empty state when no events exist[39m[32m 18[2mms[22m[39m
[31m     → Cannot access 'loadEvents' before initialization[39m
[31m   [31m×[31m Calendar[2m > [22mopens add event modal when schedule button is clicked[39m[32m 13[2mms[22m[39m
[31m     → Cannot access 'loadEvents' before initialization[39m
[31m   [31m×[31m Calendar[2m > [22mopens edit modal when edit button is clicked[39m[32m 46[2mms[22m[39m
[31m     → Cannot access 'loadEvents' before initialization[39m
[31m   [31m×[31m Calendar[2m > [22mhandles event creation successfully[39m[32m 21[2mms[22m[39m
[31m     → Cannot access 'loadEvents' before initialization[39m
[31m   [31m×[31m Calendar[2m > [22mhandles event update successfully[39m[32m 32[2mms[22m[39m
[31m     → Cannot access 'loadEvents' before initialization[39m
[31m   [31m×[31m Calendar[2m > [22mhandles event deletion successfully[39m[32m 10[2mms[22m[39m
[31m     → Cannot access 'loadEvents' before initialization[39m
[31m   [31m×[31m Calendar[2m > [22mhandles form validation errors[39m[32m 23[2mms[22m[39m
[31m     → Cannot access 'loadEvents' before initialization[39m
[31m   [31m×[31m Calendar[2m > [22mhandles API errors gracefully[39m[32m 37[2mms[22m[39m
[31m     → Cannot access 'loadEvents' before initialization[39m
[31m   [31m×[31m Calendar[2m > [22mcancels deletion when user declines confirmation[39m[32m 18[2mms[22m[39m
[31m     → Cannot access 'loadEvents' before initialization[39m
[31m   [31m×[31m Calendar[2m > [22mcloses modal when cancel is clicked[39m[32m 16[2mms[22m[39m
[31m     → Cannot access 'loadEvents' before initialization[39m
[31m   [31m×[31m Calendar[2m > [22mpopulates form correctly when editing event[39m[32m 14[2mms[22m[39m
[31m     → Cannot access 'loadEvents' before initialization[39m
[31m   [31m×[31m Calendar[2m > [22mhandles event type selection[39m[32m 11[2mms[22m[39m
[31m     → Cannot access 'loadEvents' before initialization[39m
[31m   [31m×[31m Calendar[2m > [22mhandles status selection[39m[32m 11[2mms[22m[39m
[31m     → Cannot access 'loadEvents' before initialization[39m
[31m   [31m×[31m Calendar[2m > [22mcalculates upcoming events correctly[39m[32m 11[2mms[22m[39m
[31m     → Cannot access 'loadEvents' before initialization[39m
[31m   [31m×[31m Calendar[2m > [22mhandles save errors gracefully[39m[32m 11[2mms[22m[39m
[31m     → Cannot access 'loadEvents' before initialization[39m
 [31m❯[39m src/hooks/useAuth.test.ts [2m([22m[2m19 tests[22m[2m | [22m[31m19 failed[39m[2m)[22m[33m 328[2mms[22m[39m
[31m   [31m×[31m useAuth Hook[2m > [22mInitialization[2m > [22mshould initialize with loading state[39m[32m 128[2mms[22m[39m
[31m     → useAuth must be used within an AuthProvider[39m
[31m   [31m×[31m useAuth Hook[2m > [22mInitialization[2m > [22mshould load existing session on mount[39m[32m 13[2mms[22m[39m
[31m     → useAuth must be used within an AuthProvider[39m
[31m   [31m×[31m useAuth Hook[2m > [22mInitialization[2m > [22mshould handle session loading errors[39m[32m 14[2mms[22m[39m
[31m     → useAuth must be used within an AuthProvider[39m
[31m   [31m×[31m useAuth Hook[2m > [22mInitialization[2m > [22mshould set up auth state change listener[39m[32m 11[2mms[22m[39m
[31m     → useAuth must be used within an AuthProvider[39m
[31m   [31m×[31m useAuth Hook[2m > [22mSign Up[2m > [22mshould successfully sign up a new user[39m[32m 14[2mms[22m[39m
[31m     → useAuth must be used within an AuthProvider[39m
[31m   [31m×[31m useAuth Hook[2m > [22mSign Up[2m > [22mshould handle sign up errors[39m[32m 16[2mms[22m[39m
[31m     → useAuth must be used within an AuthProvider[39m
[31m   [31m×[31m useAuth Hook[2m > [22mSign Up[2m > [22mshould handle sign up with email confirmation required[39m[32m 11[2mms[22m[39m
[31m     → useAuth must be used within an AuthProvider[39m
[31m   [31m×[31m useAuth Hook[2m > [22mSign In[2m > [22mshould successfully sign in a user[39m[32m 10[2mms[22m[39m
[31m     → useAuth must be used within an AuthProvider[39m
[31m   [31m×[31m useAuth Hook[2m > [22mSign In[2m > [22mshould handle sign in errors[39m[32m 13[2mms[22m[39m
[31m     → useAuth must be used within an AuthProvider[39m
[31m   [31m×[31m useAuth Hook[2m > [22mSign In[2m > [22mshould handle network errors during sign in[39m[32m 9[2mms[22m[39m
[31m     → useAuth must be used within an AuthProvider[39m
[31m   [31m×[31m useAuth Hook[2m > [22mSign Out[2m > [22mshould successfully sign out a user[39m[32m 8[2mms[22m[39m
[31m     → useAuth must be used within an AuthProvider[39m
[31m   [31m×[31m useAuth Hook[2m > [22mSign Out[2m > [22mshould handle sign out errors[39m[32m 10[2mms[22m[39m
[31m     → useAuth must be used within an AuthProvider[39m
[31m   [31m×[31m useAuth Hook[2m > [22mPassword Reset[2m > [22mshould successfully send password reset email[39m[32m 7[2mms[22m[39m
[31m     → useAuth must be used within an AuthProvider[39m
[31m   [31m×[31m useAuth Hook[2m > [22mPassword Reset[2m > [22mshould handle password reset errors[39m[32m 7[2mms[22m[39m
[31m     → useAuth must be used within an AuthProvider[39m
[31m   [31m×[31m useAuth Hook[2m > [22mAuth State Changes[2m > [22mshould update state when user signs in[39m[32m 8[2mms[22m[39m
[31m     → useAuth must be used within an AuthProvider[39m
[31m   [31m×[31m useAuth Hook[2m > [22mAuth State Changes[2m > [22mshould clear state when user signs out[39m[32m 10[2mms[22m[39m
[31m     → useAuth must be used within an AuthProvider[39m
[31m   [31m×[31m useAuth Hook[2m > [22mLoading States[2m > [22mshould set loading to true during sign in[39m[32m 8[2mms[22m[39m
[31m     → useAuth must be used within an AuthProvider[39m
[31m   [31m×[31m useAuth Hook[2m > [22mLoading States[2m > [22mshould set loading to true during sign up[39m[32m 10[2mms[22m[39m
[31m     → useAuth must be used within an AuthProvider[39m
[31m   [31m×[31m useAuth Hook[2m > [22mCleanup[2m > [22mshould unsubscribe from auth state changes on unmount[39m[32m 9[2mms[22m[39m
[31m     → useAuth must be used within an AuthProvider[39m
 [31m❯[39m src/components/HealthCheck.test.tsx [2m([22m[2m27 tests[22m[2m | [22m[31m18 failed[39m[2m)[22m[33m 17837[2mms[22m[39m
   [32m✓[39m HealthCheck Component[2m > [22mRendering[2m > [22mshould render health check title[32m 224[2mms[22m[39m
   [32m✓[39m HealthCheck Component[2m > [22mRendering[2m > [22mshould render loading state initially[32m 31[2mms[22m[39m
   [32m✓[39m HealthCheck Component[2m > [22mRendering[2m > [22mshould render system health overview after loading[32m 250[2mms[22m[39m
   [32m✓[39m HealthCheck Component[2m > [22mRendering[2m > [22mshould render performance metrics section[32m 149[2mms[22m[39m
   [32m✓[39m HealthCheck Component[2m > [22mRendering[2m > [22mshould render active alerts section[32m 64[2mms[22m[39m
   [32m✓[39m HealthCheck Component[2m > [22mRendering[2m > [22mshould render alert statistics section[32m 71[2mms[22m[39m
[31m   [31m×[31m HealthCheck Component[2m > [22mSystem Health Status[2m > [22mshould show healthy status when no critical alerts[39m[33m 1054[2mms[22m[39m
[31m     → Unable to find an element with the text: Healthy. This could be because the text is broken up by multiple elements. In this case, you can provide a function for your text matcher to make your matcher more flexible.

Ignored nodes: comments, script, style
[36m<body>[31m
  [36m<div>[31m
    [36m<div[31m
      [33mclass[31m=[32m"space-y-6"[31m
    [36m>[31m
      [36m<div[31m
        [33mclass[31m=[32m"rounded-lg border bg-card text-card-foreground shadow-sm"[31m
      [36m>[31m
        [36m<div[31m
          [33mclass[31m=[32m"flex flex-col space-y-1.5 p-6"[31m
        [36m>[31m
          [36m<h3[31m
            [33mclass[31m=[32m"tracking-tight text-lg font-medium flex items-center gap-2"[31m
          [36m>[31m
            [36m<svg[31m
              [33mclass[31m=[32m"lucide lucide-bell h-5 w-5 text-red-600"[31m
              [33mfill[31m=[32m"none"[31m
              [33mheight[31m=[32m"24"[31m
              [33mstroke[31m=[32m"currentColor"[31m
              [33mstroke-linecap[31m=[32m"round"[31m
              [33mstroke-linejoin[31m=[32m"round"[31m
              [33mstroke-width[31m=[32m"2"[31m
              [33mviewBox[31m=[32m"0 0 24 24"[31m
              [33mwidth[31m=[32m"24"[31m
              [33mxmlns[31m=[32m"http://www.w3.org/2000/svg"[31m
            [36m>[31m
              [36m<path[31m
                [33md[31m=[32m"M10.268 21a2 2 0 0 0 3.464 0"[31m
              [36m/>[31m
              [36m<path[31m
                [33md[31m=[32m"M3.262 15.326A1 1 0 0 0 4 17h16a1 1 0 0 0 .74-1.673C19.41 13.956 18 12.499 18 8A6 6 0 0 0 6 8c0 4.499-1.411 5.956-2.738 7.326"[31m
              [36m/>[31m
            [36m</svg>[31m
            [0mActive Alerts ([0m
            [0m1[0m
            [0m)[0m
          [36m</h3>[31m
        [36m</div>[31m
        [36m<div[31m
          [33mclass[31m=[32m"p-6 pt-0"[31m
        [36m>[31m
          [36m<div[31m
            [33mclass[31m=[32m"space-y-3"[31m
          [36m>[31m
            [36m<div[31m
              [33mclass[31m=[32m"flex items-center justify-between p-3 border rounded-lg"[31m
            [36m>[31m
              [36m<div[31m
                [33mclass[31m=[32m"flex-1"[31m
              [36m>[31m
                [36m<div[31m
                  [33mclass[31m=[32m"flex items-center gap-2 mb-1"[31m
                [36m>[31m
                  [36m<div[31m
                    [33mclass[31m=[32m"inline-flex items-center rounded-full border px-2.5 py-0.5 text-xs font-semibold transition-colors focus:outline-none focus:ring-2 focus:ring-ring focus:ring-offset-2 border-transparent hover:bg-primary/80 bg-gray-100 text-gray-800"[31m
                  [36m>[31m
                    [0mWARNING[0m
                  [36m</div>[31m
                  [36m<span[31m
                    [33mclass[31m=[32m"font-medium"[31m
                  [36m>[31m
                    [0mMemory usage is high[0m
                  [36m</span>[31m
                [36m</div>[31m
                [36m<p[31m
                  [33mclass[31m=[32m"text-sm text-gray-600"[31m
                [36m>[31m
                  [0mValue: [0m
                  [0m75[0m
                  [0m | Threshold: [0m
                  [0m80[0m
                  [0m | [0m
                  [0m5:40:33 PM[0m
                [36m</p>[31m
              [36m</div>[31m
              [36m<button[31m
                [33mclass[31m=[32m"inline-flex items-center justify-center gap-2 whitespace-nowrap text-sm font-medium ring-offset-background transition-colors focus-visible:outline-none focus-visible:ring-2 focus-visible:ring-ring focus-visible:ring-offset-2 disabled:pointer-events-none disabled:opacity-50 [&_svg]:pointer-events-none [&_svg]:size-4 [&_svg]:shrink-0 border border-input bg-background hover:bg-accent hover:text-accent-foreground h-9 rounded-md px-3"[31m
              [36m>[31m
                [0mAcknowledge[0m
              [36m</button>[31m
            [36m</div>[31m
          [36m</div>[31m
        [36m</div>[31m
      [36m</div>[31m
      [36m<div[31m
        [33mclass[31m=[32m"rounded-lg border bg-card text-card-foreground shadow-sm"[31m
      [36m>[31m
        [36m<div[31m
          [33mclass[31m=[32m"p-6 flex flex-row items-center justify-between space-y-0 pb-2"[31m
        [36m>[31m
          [36m<h3[31m
            [33mclass[31m=[32m"tracking-tight text-lg font-medium"[31m
          [36m>[31m
            [0mSystem Health[0m
          [36m</h3>[31m
          [36m<div[31m
            [33mclass[31m=[32m"flex items-center gap-2"[31m
          [36m>[31m
            [36m<button[31m
              [33mclass[31m=[32m"inline-flex items-center justify-center gap-2 whitespace-nowrap text-sm font-medium ring-offset-background transition-colors focus-visible:outline-none focus-visible:ring-2 focus-visible:ring-ring focus-visible:ring-offset-2 disabled:pointer-events-none disabled:opacity-50 [&_svg]:pointer-events-none [&_svg]:size-4 [&_svg]:shrink-0 hover:bg-accent hover:text-accent-foreground h-9 rounded-md px-3 text-green-600"[31m
            [36m>[31m
              [0mAuto-refresh [0m
              [0mON[0m
            [36m</button>[31m
            [36m<button[31m
              [33mclass[31m=[32m"inline-flex items-center justify-center gap-2 whitespace-nowrap text-sm font-medium ring-offset-background transition-colors focus-visible:outline-none focus-visible:ring-2 focus-visible:ring-ring focus-visible:ring-offset-2 disabled:pointer-events-none disabled:opacity-50 [&_svg]:pointer-events-none [&_svg]:size-4 [&_svg]:shrink-0 border border-input bg-background hover:bg-accent hover:text-accent-foreground h-9 rounded-md px-3"[31m
            [36m>[31m
              [36m<svg[31m
                [33mclass[31m=[32m"lucide lucide-refresh-cw h-4 w-4 mr-2"[31m
                [33mfill[31m=[32m"none"[31m
                [33mheight[31m=[32m"24"[31m
                [33mstroke[31m=[32m"currentColor"[31m
                [33mstroke-linecap[31m=[32m"round"[31m
                [33mstroke-linejoin[31m=[32m"round"[31m
                [33mstroke-width[31m=[32m"2"[31m
                [33mviewBox[31m=[32m"0 0 24 24"[31m
                [33mwidth[31m=[32m"24"[31m
                [33mxmlns[31m=[32m"http://www.w3.org/2000/svg"[31m
              [36m>[31m
                [36m<path[31m
                  [33md[31m=[32m"M3 12a9 9 0 0 1 9-9 9.75 9.75 0 0 1 6.74 2.74L21 8"[31m
                [36m/>[31m
                [36m<path[31m
                  [33md[31m=[32m"M21 3v5h-5"[31m
                [36m/>[31m
                [36m<path[31m
                  [33md[31m=[32m"M21 12a9 9 0 0 1-9 9 9.75 9.75 0 0 1-6.74-2.74L3 16"[31m
                [36m/>[31m
                [36m<path[31m
                  [33md[31m=[32m"M8 16H3v5"[31m
                [36m/>[31m
              [36m</svg>[31m
              [0mRefresh[0m
            [36m</button>[31m
          [36m</div>[31m
        [36m</div>[31m
        [36m<div[31m
      ...

Ignored nodes: comments, script, style
[36m<html>[31m
  [36m<head />[31m
  [36m<body>[31m
    [36m<div>[31m
      [36m<div[31m
        [33mclass[31m=[32m"space-y-6"[31m
      [36m>[31m
        [36m<div[31m
          [33mclass[31m=[32m"rounded-lg border bg-card text-card-foreground shadow-sm"[31m
        [36m>[31m
          [36m<div[31m
            [33mclass[31m=[32m"flex flex-col space-y-1.5 p-6"[31m
          [36m>[31m
            [36m<h3[31m
              [33mclass[31m=[32m"tracking-tight text-lg font-medium flex items-center gap-2"[31m
            [36m>[31m
              [36m<svg[31m
                [33mclass[31m=[32m"lucide lucide-bell h-5 w-5 text-red-600"[31m
                [33mfill[31m=[32m"none"[31m
                [33mheight[31m=[32m"24"[31m
                [33mstroke[31m=[32m"currentColor"[31m
                [33mstroke-linecap[31m=[32m"round"[31m
                [33mstroke-linejoin[31m=[32m"round"[31m
                [33mstroke-width[31m=[32m"2"[31m
                [33mviewBox[31m=[32m"0 0 24 24"[31m
                [33mwidth[31m=[32m"24"[31m
                [33mxmlns[31m=[32m"http://www.w3.org/2000/svg"[31m
              [36m>[31m
                [36m<path[31m
                  [33md[31m=[32m"M10.268 21a2 2 0 0 0 3.464 0"[31m
                [36m/>[31m
                [36m<path[31m
                  [33md[31m=[32m"M3.262 15.326A1 1 0 0 0 4 17h16a1 1 0 0 0 .74-1.673C19.41 13.956 18 12.499 18 8A6 6 0 0 0 6 8c0 4.499-1.411 5.956-2.738 7.326"[31m
                [36m/>[31m
              [36m</svg>[31m
              [0mActive Alerts ([0m
              [0m1[0m
              [0m)[0m
            [36m</h3>[31m
          [36m</div>[31m
          [36m<div[31m
            [33mclass[31m=[32m"p-6 pt-0"[31m
          [36m>[31m
            [36m<div[31m
              [33mclass[31m=[32m"space-y-3"[31m
            [36m>[31m
              [36m<div[31m
                [33mclass[31m=[32m"flex items-center justify-between p-3 border rounded-lg"[31m
              [36m>[31m
                [36m<div[31m
                  [33mclass[31m=[32m"flex-1"[31m
                [36m>[31m
                  [36m<div[31m
                    [33mclass[31m=[32m"flex items-center gap-2 mb-1"[31m
                  [36m>[31m
                    [36m<div[31m
                      [33mclass[31m=[32m"inline-flex items-center rounded-full border px-2.5 py-0.5 text-xs font-semibold transition-colors focus:outline-none focus:ring-2 focus:ring-ring focus:ring-offset-2 border-transparent hover:bg-primary/80 bg-gray-100 text-gray-800"[31m
                    [36m>[31m
                      [0mWARNING[0m
                    [36m</div>[31m
                    [36m<span[31m
                      [33mclass[31m=[32m"font-medium"[31m
                    [36m>[31m
                      [0mMemory usage is high[0m
                    [36m</span>[31m
                  [36m</div>[31m
                  [36m<p[31m
                    [33mclass[31m=[32m"text-sm text-gray-600"[31m
                  [36m>[31m
                    [0mValue: [0m
                    [0m75[0m
                    [0m | Threshold: [0m
                    [0m80[0m
                    [0m | [0m
                    [0m5:40:33 PM[0m
                  [36m</p>[31m
                [36m</div>[31m
                [36m<button[31m
                  [33mclass[31m=[32m"inline-flex items-center justify-center gap-2 whitespace-nowrap text-sm font-medium ring-offset-background transition-colors focus-visible:outline-none focus-visible:ring-2 focus-visible:ring-ring focus-visible:ring-offset-2 disabled:pointer-events-none disabled:opacity-50 [&_svg]:pointer-events-none [&_svg]:size-4 [&_svg]:shrink-0 border border-input bg-background hover:bg-accent hover:text-accent-foreground h-9 rounded-md px-3"[31m
                [36m>[31m
                  [0mAcknowledge[0m
                [36m</button>[31m
              [36m</div>[31m
            [36m</div>[31m
          [36m</div>[31m
        [36m</div>[31m
        [36m<div[31m
          [33mclass[31m=[32m"rounded-lg border bg-card text-card-foreground shadow-sm"[31m
        [36m>[31m
          [36m<div[31m
            [33mclass[31m=[32m"p-6 flex flex-row items-center justify-between space-y-0 pb-2"[31m
          [36m>[31m
            [36m<h3[31m
              [33mclass[31m=[32m"tracking-tight text-lg font-medium"[31m
            [36m>[31m
              [0mSystem Health[0m
            [36m</h3>[31m
            [36m<div[31m
              [33mclass[31m=[32m"flex items-center gap-2"[31m
            [36m>[31m
              [36m<button[31m
                [33mclass[31m=[32m"inline-flex items-center justify-center gap-2 whitespace-nowrap text-sm font-medium ring-offset-background transition-colors focus-visible:outline-none focus-visible:ring-2 focus-visible:ring-ring focus-visible:ring-offset-2 disabled:pointer-events-none disabled:opacity-50 [&_svg]:pointer-events-none [&_svg]:size-4 [&_svg]:shrink-0 hover:bg-accent hover:text-accent-foreground h-9 rounded-md px-3 text-green-600"[31m
              [36m>[31m
                [0mAuto-refresh [0m
                [0mON[0m
              [36m</button>[31m
              [36m<button[31m
                [33mclass[31m=[32m"inline-flex items-center justify-center gap-2 whitespace-nowrap text-sm font-medium ring-offset-background transition-colors focus-visible:outline-none focus-visible:ring-2 focus-visible:ring-ring focus-visible:ring-offset-2 disabled:pointer-events-none disabled:opacity-50 [&_svg]:pointer-events-none [&_svg]:size-4 [&_svg]:shrink-0 border border-input bg-background hover:bg-accent hover:text-accent-foreground h-9 rounded-md px-3"[31m
              [36m>[31m
                [36m<svg[31m
                  [33mclass[31m=[32m"lucide lucide-refresh-cw h-4 w-4 mr-2"[31m
                  [33mfill[31m=[32m"none"[31m
                  [33mheight[31m=[32m"24"[31m
                  [33mstroke[31m=[32m"currentColor"[31m
                  [33mstroke-linecap[31m=[32m"round"[31m
                  [33mstroke-linejoin[31m=[32m"round"[31m
                  [33mstroke-width[31m=[32m"2"[31m
                  [33mviewBox[31m=[32m"0 0 24 24"[31m
                  [33mwidth[31m=[32m"24"[31m
                  [33mxmlns[31m=[32m"http://www.w3.org/2000/svg"[31m
                [36m>[31m
                  [36m<path[31m
                    [33md[31m=[32m"M3 12a9 9 0 0 1 9-9 9.75 9.75 0 0 1 6.74 2.74L21 8"[31m
                  [36m/>[31m
                  [36m<path[31m
                    [33md[31m=[32m"M21 3v5h-5"[31m
                  [36m/>[31m
                  [36m<path[31m
                    [33md[31m=[32m"M21 12a9 9 0 0 1-9 9 9.75 9.75 0 0 1-6.74-2.74L3 16"[31m
                  [36m/...[39m
[31m   [31m×[31m HealthCheck Component[2m > [22mSystem Health Status[2m > [22mshould show degraded status when critical alerts exist[39m[33m 1046[2mms[22m[39m
[31m     → Unable to find an element with the text: Degraded. This could be because the text is broken up by multiple elements. In this case, you can provide a function for your text matcher to make your matcher more flexible.

Ignored nodes: comments, script, style
[36m<body>[31m
  [36m<div>[31m
    [36m<div[31m
      [33mclass[31m=[32m"space-y-6"[31m
    [36m>[31m
      [36m<div[31m
        [33mclass[31m=[32m"rounded-lg border bg-card text-card-foreground shadow-sm"[31m
      [36m>[31m
        [36m<div[31m
          [33mclass[31m=[32m"flex flex-col space-y-1.5 p-6"[31m
        [36m>[31m
          [36m<h3[31m
            [33mclass[31m=[32m"tracking-tight text-lg font-medium flex items-center gap-2"[31m
          [36m>[31m
            [36m<svg[31m
              [33mclass[31m=[32m"lucide lucide-bell h-5 w-5 text-red-600"[31m
              [33mfill[31m=[32m"none"[31m
              [33mheight[31m=[32m"24"[31m
              [33mstroke[31m=[32m"currentColor"[31m
              [33mstroke-linecap[31m=[32m"round"[31m
              [33mstroke-linejoin[31m=[32m"round"[31m
              [33mstroke-width[31m=[32m"2"[31m
              [33mviewBox[31m=[32m"0 0 24 24"[31m
              [33mwidth[31m=[32m"24"[31m
              [33mxmlns[31m=[32m"http://www.w3.org/2000/svg"[31m
            [36m>[31m
              [36m<path[31m
                [33md[31m=[32m"M10.268 21a2 2 0 0 0 3.464 0"[31m
              [36m/>[31m
              [36m<path[31m
                [33md[31m=[32m"M3.262 15.326A1 1 0 0 0 4 17h16a1 1 0 0 0 .74-1.673C19.41 13.956 18 12.499 18 8A6 6 0 0 0 6 8c0 4.499-1.411 5.956-2.738 7.326"[31m
              [36m/>[31m
            [36m</svg>[31m
            [0mActive Alerts ([0m
            [0m2[0m
            [0m)[0m
          [36m</h3>[31m
        [36m</div>[31m
        [36m<div[31m
          [33mclass[31m=[32m"p-6 pt-0"[31m
        [36m>[31m
          [36m<div[31m
            [33mclass[31m=[32m"space-y-3"[31m
          [36m>[31m
            [36m<div[31m
              [33mclass[31m=[32m"flex items-center justify-between p-3 border rounded-lg"[31m
            [36m>[31m
              [36m<div[31m
                [33mclass[31m=[32m"flex-1"[31m
              [36m>[31m
                [36m<div[31m
                  [33mclass[31m=[32m"flex items-center gap-2 mb-1"[31m
                [36m>[31m
                  [36m<div[31m
                    [33mclass[31m=[32m"inline-flex items-center rounded-full border px-2.5 py-0.5 text-xs font-semibold transition-colors focus:outline-none focus:ring-2 focus:ring-ring focus:ring-offset-2 border-transparent hover:bg-primary/80 bg-gray-100 text-gray-800"[31m
                  [36m>[31m
                    [0mWARNING[0m
                  [36m</div>[31m
                  [36m<span[31m
                    [33mclass[31m=[32m"font-medium"[31m
                  [36m>[31m
                    [0mMemory usage is high (85%)[0m
                  [36m</span>[31m
                [36m</div>[31m
                [36m<p[31m
                  [33mclass[31m=[32m"text-sm text-gray-600"[31m
                [36m>[31m
                  [0mValue: [0m
                  [0m85[0m
                  [0m | Threshold: [0m
                  [0m80[0m
                  [0m | [0m
                  [0m5:35:32 PM[0m
                [36m</p>[31m
              [36m</div>[31m
              [36m<button[31m
                [33mclass[31m=[32m"inline-flex items-center justify-center gap-2 whitespace-nowrap text-sm font-medium ring-offset-background transition-colors focus-visible:outline-none focus-visible:ring-2 focus-visible:ring-ring focus-visible:ring-offset-2 disabled:pointer-events-none disabled:opacity-50 [&_svg]:pointer-events-none [&_svg]:size-4 [&_svg]:shrink-0 border border-input bg-background hover:bg-accent hover:text-accent-foreground h-9 rounded-md px-3"[31m
              [36m>[31m
                [0mAcknowledge[0m
              [36m</button>[31m
            [36m</div>[31m
            [36m<div[31m
              [33mclass[31m=[32m"flex items-center justify-between p-3 border rounded-lg"[31m
            [36m>[31m
              [36m<div[31m
                [33mclass[31m=[32m"flex-1"[31m
              [36m>[31m
                [36m<div[31m
                  [33mclass[31m=[32m"flex items-center gap-2 mb-1"[31m
                [36m>[31m
                  [36m<div[31m
                    [33mclass[31m=[32m"inline-flex items-center rounded-full border px-2.5 py-0.5 text-xs font-semibold transition-colors focus:outline-none focus:ring-2 focus:ring-ring focus:ring-offset-2 border-transparent hover:bg-primary/80 bg-red-100 text-red-800"[31m
                  [36m>[31m
                    [0mCRITICAL[0m
                  [36m</div>[31m
                  [36m<span[31m
                    [33mclass[31m=[32m"font-medium"[31m
                  [36m>[31m
                    [0mNetwork latency is critically high (1500ms)[0m
                  [36m</span>[31m
                [36m</div>[31m
                [36m<p[31m
                  [33mclass[31m=[32m"text-sm text-gray-600"[31m
                [36m>[31m
                  [0mValue: [0m
                  [0m1500[0m
                  [0m | Threshold: [0m
                  [0m1000[0m
                  [0m | [0m
                  [0m5:30:32 PM[0m
                [36m</p>[31m
              [36m</div>[31m
              [36m<button[31m
                [33mclass[31m=[32m"inline-flex items-center justify-center gap-2 whitespace-nowrap text-sm font-medium ring-offset-background transition-colors focus-visible:outline-none focus-visible:ring-2 focus-visible:ring-ring focus-visible:ring-offset-2 disabled:pointer-events-none disabled:opacity-50 [&_svg]:pointer-events-none [&_svg]:size-4 [&_svg]:shrink-0 border border-input bg-background hover:bg-accent hover:text-accent-foreground h-9 rounded-md px-3"[31m
              [36m>[31m
                [0mAcknowledge[0m
              [36m</button>[31m
            [36m</div>[31m
          [36m</div>[31m
        [36m</div>[31m
      [36m</div>[31m
      [36m<div[31m
        [33mclass[31m=[32m"rounded-lg border bg-card text-card-foreground shadow-sm"[31m
      [36m>[31m
        [36m<div[31m
          [33mclass[31m=[32m"p-6 flex flex-row items-center justify-between space-y-0 pb-2"[31m
        [36m>[31m
          [36m<h3[31m
            [33mclass[31m=[32m"tracking-tight text-lg font-medium"[31m
          [36m>[31m
            [0mSystem Health[0m
          [36m</h3>[31m
          [36m<div[31m
            [33mclass[31m=[32m"flex items-center gap-2"[31m
          [36m>[31m
            [36m<button[31m
              [33mclass[31m=[32m"inline-flex items-center justify-center gap-2 whitespace-nowrap text-sm font-medium ring-offset-background transition-colors focus-visible:outline-none focus-visible:ring-2 focus-visible:ring-ring focus-visible:ring-offset-2 disabled:pointer-events-none disabled:opacity-50 [&_svg]:pointer-events-none [&_svg]:size-...

Ignored nodes: comments, script, style
[36m<html>[31m
  [36m<head />[31m
  [36m<body>[31m
    [36m<div>[31m
      [36m<div[31m
        [33mclass[31m=[32m"space-y-6"[31m
      [36m>[31m
        [36m<div[31m
          [33mclass[31m=[32m"rounded-lg border bg-card text-card-foreground shadow-sm"[31m
        [36m>[31m
          [36m<div[31m
            [33mclass[31m=[32m"flex flex-col space-y-1.5 p-6"[31m
          [36m>[31m
            [36m<h3[31m
              [33mclass[31m=[32m"tracking-tight text-lg font-medium flex items-center gap-2"[31m
            [36m>[31m
              [36m<svg[31m
                [33mclass[31m=[32m"lucide lucide-bell h-5 w-5 text-red-600"[31m
                [33mfill[31m=[32m"none"[31m
                [33mheight[31m=[32m"24"[31m
                [33mstroke[31m=[32m"currentColor"[31m
                [33mstroke-linecap[31m=[32m"round"[31m
                [33mstroke-linejoin[31m=[32m"round"[31m
                [33mstroke-width[31m=[32m"2"[31m
                [33mviewBox[31m=[32m"0 0 24 24"[31m
                [33mwidth[31m=[32m"24"[31m
                [33mxmlns[31m=[32m"http://www.w3.org/2000/svg"[31m
              [36m>[31m
                [36m<path[31m
                  [33md[31m=[32m"M10.268 21a2 2 0 0 0 3.464 0"[31m
                [36m/>[31m
                [36m<path[31m
                  [33md[31m=[32m"M3.262 15.326A1 1 0 0 0 4 17h16a1 1 0 0 0 .74-1.673C19.41 13.956 18 12.499 18 8A6 6 0 0 0 6 8c0 4.499-1.411 5.956-2.738 7.326"[31m
                [36m/>[31m
              [36m</svg>[31m
              [0mActive Alerts ([0m
              [0m2[0m
              [0m)[0m
            [36m</h3>[31m
          [36m</div>[31m
          [36m<div[31m
            [33mclass[31m=[32m"p-6 pt-0"[31m
          [36m>[31m
            [36m<div[31m
              [33mclass[31m=[32m"space-y-3"[31m
            [36m>[31m
              [36m<div[31m
                [33mclass[31m=[32m"flex items-center justify-between p-3 border rounded-lg"[31m
              [36m>[31m
                [36m<div[31m
                  [33mclass[31m=[32m"flex-1"[31m
                [36m>[31m
                  [36m<div[31m
                    [33mclass[31m=[32m"flex items-center gap-2 mb-1"[31m
                  [36m>[31m
                    [36m<div[31m
                      [33mclass[31m=[32m"inline-flex items-center rounded-full border px-2.5 py-0.5 text-xs font-semibold transition-colors focus:outline-none focus:ring-2 focus:ring-ring focus:ring-offset-2 border-transparent hover:bg-primary/80 bg-gray-100 text-gray-800"[31m
                    [36m>[31m
                      [0mWARNING[0m
                    [36m</div>[31m
                    [36m<span[31m
                      [33mclass[31m=[32m"font-medium"[31m
                    [36m>[31m
                      [0mMemory usage is high (85%)[0m
                    [36m</span>[31m
                  [36m</div>[31m
                  [36m<p[31m
                    [33mclass[31m=[32m"text-sm text-gray-600"[31m
                  [36m>[31m
                    [0mValue: [0m
                    [0m85[0m
                    [0m | Threshold: [0m
                    [0m80[0m
                    [0m | [0m
                    [0m5:35:32 PM[0m
                  [36m</p>[31m
                [36m</div>[31m
                [36m<button[31m
                  [33mclass[31m=[32m"inline-flex items-center justify-center gap-2 whitespace-nowrap text-sm font-medium ring-offset-background transition-colors focus-visible:outline-none focus-visible:ring-2 focus-visible:ring-ring focus-visible:ring-offset-2 disabled:pointer-events-none disabled:opacity-50 [&_svg]:pointer-events-none [&_svg]:size-4 [&_svg]:shrink-0 border border-input bg-background hover:bg-accent hover:text-accent-foreground h-9 rounded-md px-3"[31m
                [36m>[31m
                  [0mAcknowledge[0m
                [36m</button>[31m
              [36m</div>[31m
              [36m<div[31m
                [33mclass[31m=[32m"flex items-center justify-between p-3 border rounded-lg"[31m
              [36m>[31m
                [36m<div[31m
                  [33mclass[31m=[32m"flex-1"[31m
                [36m>[31m
                  [36m<div[31m
                    [33mclass[31m=[32m"flex items-center gap-2 mb-1"[31m
                  [36m>[31m
                    [36m<div[31m
                      [33mclass[31m=[32m"inline-flex items-center rounded-full border px-2.5 py-0.5 text-xs font-semibold transition-colors focus:outline-none focus:ring-2 focus:ring-ring focus:ring-offset-2 border-transparent hover:bg-primary/80 bg-red-100 text-red-800"[31m
                    [36m>[31m
                      [0mCRITICAL[0m
                    [36m</div>[31m
                    [36m<span[31m
                      [33mclass[31m=[32m"font-medium"[31m
                    [36m>[31m
                      [0mNetwork latency is critically high (1500ms)[0m
                    [36m</span>[31m
                  [36m</div>[31m
                  [36m<p[31m
                    [33mclass[31m=[32m"text-sm text-gray-600"[31m
                  [36m>[31m
                    [0mValue: [0m
                    [0m1500[0m
                    [0m | Threshold: [0m
                    [0m1000[0m
                    [0m | [0m
                    [0m5:30:32 PM[0m
                  [36m</p>[31m
                [36m</div>[31m
                [36m<button[31m
                  [33mclass[31m=[32m"inline-flex items-center justify-center gap-2 whitespace-nowrap text-sm font-medium ring-offset-background transition-colors focus-visible:outline-none focus-visible:ring-2 focus-visible:ring-ring focus-visible:ring-offset-2 disabled:pointer-events-none disabled:opacity-50 [&_svg]:pointer-events-none [&_svg]:size-4 [&_svg]:shrink-0 border border-input bg-background hover:bg-accent hover:text-accent-foreground h-9 rounded-md px-3"[31m
                [36m>[31m
                  [0mAcknowledge[0m
                [36m</button>[31m
              [36m</div>[31m
            [36m</div>[31m
          [36m</div>[31m
        [36m</div>[31m
        [36m<div[31m
          [33mclass[31m=[32m"rounded-lg border bg-card text-card-foreground shadow-sm"[31m
        [36m>[31m
          [36m<div[31m
            [33mclass[31m=[32m"p-6 flex flex-row items-center justify-between space-y-0 pb-2"[31m
          [36m>[31m
            [36m<h3[31m
              [33mclass[31m=[32m"tracking-tight text-lg font-medium"[31m
            [36m>[31m
              [0mSystem Health[0m
            [36m</h3>[31m
            [36m<div[31m
              [33mclass[31m=[32m"flex items-center gap-2"[31m
            [36m>[31m
              [36m<button[31m
                [33mclass[31m=[32m"inl...[39m
[31m   [31m×[31m HealthCheck Component[2m > [22mSystem Health Status[2m > [22mshould show optimal status when no alerts[39m[33m 1031[2mms[22m[39m
[31m     → Unable to find an element with the text: Optimal. This could be because the text is broken up by multiple elements. In this case, you can provide a function for your text matcher to make your matcher more flexible.

Ignored nodes: comments, script, style
[36m<body>[31m
  [36m<div>[31m
    [36m<div[31m
      [33mclass[31m=[32m"space-y-6"[31m
    [36m>[31m
      [36m<div[31m
        [33mclass[31m=[32m"rounded-lg border bg-card text-card-foreground shadow-sm"[31m
      [36m>[31m
        [36m<div[31m
          [33mclass[31m=[32m"p-6 flex flex-row items-center justify-between space-y-0 pb-2"[31m
        [36m>[31m
          [36m<h3[31m
            [33mclass[31m=[32m"tracking-tight text-lg font-medium"[31m
          [36m>[31m
            [0mSystem Health[0m
          [36m</h3>[31m
          [36m<div[31m
            [33mclass[31m=[32m"flex items-center gap-2"[31m
          [36m>[31m
            [36m<button[31m
              [33mclass[31m=[32m"inline-flex items-center justify-center gap-2 whitespace-nowrap text-sm font-medium ring-offset-background transition-colors focus-visible:outline-none focus-visible:ring-2 focus-visible:ring-ring focus-visible:ring-offset-2 disabled:pointer-events-none disabled:opacity-50 [&_svg]:pointer-events-none [&_svg]:size-4 [&_svg]:shrink-0 hover:bg-accent hover:text-accent-foreground h-9 rounded-md px-3 text-green-600"[31m
            [36m>[31m
              [0mAuto-refresh [0m
              [0mON[0m
            [36m</button>[31m
            [36m<button[31m
              [33mclass[31m=[32m"inline-flex items-center justify-center gap-2 whitespace-nowrap text-sm font-medium ring-offset-background transition-colors focus-visible:outline-none focus-visible:ring-2 focus-visible:ring-ring focus-visible:ring-offset-2 disabled:pointer-events-none disabled:opacity-50 [&_svg]:pointer-events-none [&_svg]:size-4 [&_svg]:shrink-0 border border-input bg-background hover:bg-accent hover:text-accent-foreground h-9 rounded-md px-3"[31m
            [36m>[31m
              [36m<svg[31m
                [33mclass[31m=[32m"lucide lucide-refresh-cw h-4 w-4 mr-2"[31m
                [33mfill[31m=[32m"none"[31m
                [33mheight[31m=[32m"24"[31m
                [33mstroke[31m=[32m"currentColor"[31m
                [33mstroke-linecap[31m=[32m"round"[31m
                [33mstroke-linejoin[31m=[32m"round"[31m
                [33mstroke-width[31m=[32m"2"[31m
                [33mviewBox[31m=[32m"0 0 24 24"[31m
                [33mwidth[31m=[32m"24"[31m
                [33mxmlns[31m=[32m"http://www.w3.org/2000/svg"[31m
              [36m>[31m
                [36m<path[31m
                  [33md[31m=[32m"M3 12a9 9 0 0 1 9-9 9.75 9.75 0 0 1 6.74 2.74L21 8"[31m
                [36m/>[31m
                [36m<path[31m
                  [33md[31m=[32m"M21 3v5h-5"[31m
                [36m/>[31m
                [36m<path[31m
                  [33md[31m=[32m"M21 12a9 9 0 0 1-9 9 9.75 9.75 0 0 1-6.74-2.74L3 16"[31m
                [36m/>[31m
                [36m<path[31m
                  [33md[31m=[32m"M8 16H3v5"[31m
                [36m/>[31m
              [36m</svg>[31m
              [0mRefresh[0m
            [36m</button>[31m
          [36m</div>[31m
        [36m</div>[31m
        [36m<div[31m
          [33mclass[31m=[32m"p-6 pt-0"[31m
        [36m>[31m
          [36m<div[31m
            [33mclass[31m=[32m"space-y-4"[31m
          [36m>[31m
            [36m<div[31m
              [33mclass[31m=[32m"flex items-center justify-between"[31m
            [36m>[31m
              [36m<span[31m
                [33mclass[31m=[32m"text-sm font-medium"[31m
              [36m>[31m
                [0mOverall Status[0m
              [36m</span>[31m
              [36m<div[31m
                [33mclass[31m=[32m"flex items-center gap-2"[31m
              [36m>[31m
                [36m<svg[31m
                  [33mclass[31m=[32m"lucide lucide-circle-check-big h-5 w-5 text-green-600"[31m
                  [33mfill[31m=[32m"none"[31m
                  [33mheight[31m=[32m"24"[31m
                  [33mstroke[31m=[32m"currentColor"[31m
                  [33mstroke-linecap[31m=[32m"round"[31m
                  [33mstroke-linejoin[31m=[32m"round"[31m
                  [33mstroke-width[31m=[32m"2"[31m
                  [33mviewBox[31m=[32m"0 0 24 24"[31m
                  [33mwidth[31m=[32m"24"[31m
                  [33mxmlns[31m=[32m"http://www.w3.org/2000/svg"[31m
                [36m>[31m
                  [36m<path[31m
                    [33md[31m=[32m"M21.801 10A10 10 0 1 1 17 3.335"[31m
                  [36m/>[31m
                  [36m<path[31m
                    [33md[31m=[32m"m9 11 3 3L22 4"[31m
                  [36m/>[31m
                [36m</svg>[31m
                [36m<div[31m
                  [33mclass[31m=[32m"inline-flex items-center rounded-full border px-2.5 py-0.5 text-xs font-semibold transition-colors focus:outline-none focus:ring-2 focus:ring-ring focus:ring-offset-2 border-transparent hover:bg-primary/80 bg-green-100 text-green-800"[31m
                [36m>[31m
                  [0mHEALTHY[0m
                [36m</div>[31m
              [36m</div>[31m
            [36m</div>[31m
            [36m<div[31m
              [33mclass[31m=[32m"grid grid-cols-1 md:grid-cols-3 gap-4"[31m
            [36m>[31m
              [36m<div[31m
                [33mclass[31m=[32m"space-y-2"[31m
              [36m>[31m
                [36m<div[31m
                  [33mclass[31m=[32m"flex items-center gap-2"[31m
                [36m>[31m
                  [36m<svg[31m
                    [33mclass[31m=[32m"lucide lucide-database h-4 w-4 text-blue-600"[31m
                    [33mfill[31m=[32m"none"[31m
                    [33mheight[31m=[32m"24"[31m
                    [33mstroke[31m=[32m"currentColor"[31m
                    [33mstroke-linecap[31m=[32m"round"[31m
                    [33mstroke-linejoin[31m=[32m"round"[31m
                    [33mstroke-width[31m=[32m"2"[31m
                    [33mviewBox[31m=[32m"0 0 24 24"[31m
                    [33mwidth[31m=[32m"24"[31m
                    [33mxmlns[31m=[32m"http://www.w3.org/2000/svg"[31m
                  [36m>[31m
                    [36m<ellipse[31m
                      [33mcx[31m=[32m"12"[31m
                      [33mcy[31m=[32m"5"[31m
                      [33mrx[31m=[32m"9"[31m
                      [33mry[31m=[32m"3"[31m
                    [36m/>[31m
                    [36m<path[31m
                      [33md[31m=[32m"M3 5V19A9 3 0 0 0 21 19V5"[31m
                    [36m/>[31m
                    [36m<path[31m
                      [33md[31m=[32m"M3 12A9 3 0 0 0 21 12"[31m
                    [36m/>[31m
                  [36m</svg>[31m
                  [36m<span[31m
                    [33mclass[31m=[32m"text-sm font-medium"[31m
                  [36m>[31m
                    [0mD...

Ignored nodes: comments, script, style
[36m<html>[31m
  [36m<head />[31m
  [36m<body>[31m
    [36m<div>[31m
      [36m<div[31m
        [33mclass[31m=[32m"space-y-6"[31m
      [36m>[31m
        [36m<div[31m
          [33mclass[31m=[32m"rounded-lg border bg-card text-card-foreground shadow-sm"[31m
        [36m>[31m
          [36m<div[31m
            [33mclass[31m=[32m"p-6 flex flex-row items-center justify-between space-y-0 pb-2"[31m
          [36m>[31m
            [36m<h3[31m
              [33mclass[31m=[32m"tracking-tight text-lg font-medium"[31m
            [36m>[31m
              [0mSystem Health[0m
            [36m</h3>[31m
            [36m<div[31m
              [33mclass[31m=[32m"flex items-center gap-2"[31m
            [36m>[31m
              [36m<button[31m
                [33mclass[31m=[32m"inline-flex items-center justify-center gap-2 whitespace-nowrap text-sm font-medium ring-offset-background transition-colors focus-visible:outline-none focus-visible:ring-2 focus-visible:ring-ring focus-visible:ring-offset-2 disabled:pointer-events-none disabled:opacity-50 [&_svg]:pointer-events-none [&_svg]:size-4 [&_svg]:shrink-0 hover:bg-accent hover:text-accent-foreground h-9 rounded-md px-3 text-green-600"[31m
              [36m>[31m
                [0mAuto-refresh [0m
                [0mON[0m
              [36m</button>[31m
              [36m<button[31m
                [33mclass[31m=[32m"inline-flex items-center justify-center gap-2 whitespace-nowrap text-sm font-medium ring-offset-background transition-colors focus-visible:outline-none focus-visible:ring-2 focus-visible:ring-ring focus-visible:ring-offset-2 disabled:pointer-events-none disabled:opacity-50 [&_svg]:pointer-events-none [&_svg]:size-4 [&_svg]:shrink-0 border border-input bg-background hover:bg-accent hover:text-accent-foreground h-9 rounded-md px-3"[31m
              [36m>[31m
                [36m<svg[31m
                  [33mclass[31m=[32m"lucide lucide-refresh-cw h-4 w-4 mr-2"[31m
                  [33mfill[31m=[32m"none"[31m
                  [33mheight[31m=[32m"24"[31m
                  [33mstroke[31m=[32m"currentColor"[31m
                  [33mstroke-linecap[31m=[32m"round"[31m
                  [33mstroke-linejoin[31m=[32m"round"[31m
                  [33mstroke-width[31m=[32m"2"[31m
                  [33mviewBox[31m=[32m"0 0 24 24"[31m
                  [33mwidth[31m=[32m"24"[31m
                  [33mxmlns[31m=[32m"http://www.w3.org/2000/svg"[31m
                [36m>[31m
                  [36m<path[31m
                    [33md[31m=[32m"M3 12a9 9 0 0 1 9-9 9.75 9.75 0 0 1 6.74 2.74L21 8"[31m
                  [36m/>[31m
                  [36m<path[31m
                    [33md[31m=[32m"M21 3v5h-5"[31m
                  [36m/>[31m
                  [36m<path[31m
                    [33md[31m=[32m"M21 12a9 9 0 0 1-9 9 9.75 9.75 0 0 1-6.74-2.74L3 16"[31m
                  [36m/>[31m
                  [36m<path[31m
                    [33md[31m=[32m"M8 16H3v5"[31m
                  [36m/>[31m
                [36m</svg>[31m
                [0mRefresh[0m
              [36m</button>[31m
            [36m</div>[31m
          [36m</div>[31m
          [36m<div[31m
            [33mclass[31m=[32m"p-6 pt-0"[31m
          [36m>[31m
            [36m<div[31m
              [33mclass[31m=[32m"space-y-4"[31m
            [36m>[31m
              [36m<div[31m
                [33mclass[31m=[32m"flex items-center justify-between"[31m
              [36m>[31m
                [36m<span[31m
                  [33mclass[31m=[32m"text-sm font-medium"[31m
                [36m>[31m
                  [0mOverall Status[0m
                [36m</span>[31m
                [36m<div[31m
                  [33mclass[31m=[32m"flex items-center gap-2"[31m
                [36m>[31m
                  [36m<svg[31m
                    [33mclass[31m=[32m"lucide lucide-circle-check-big h-5 w-5 text-green-600"[31m
                    [33mfill[31m=[32m"none"[31m
                    [33mheight[31m=[32m"24"[31m
                    [33mstroke[31m=[32m"currentColor"[31m
                    [33mstroke-linecap[31m=[32m"round"[31m
                    [33mstroke-linejoin[31m=[32m"round"[31m
                    [33mstroke-width[31m=[32m"2"[31m
                    [33mviewBox[31m=[32m"0 0 24 24"[31m
                    [33mwidth[31m=[32m"24"[31m
                    [33mxmlns[31m=[32m"http://www.w3.org/2000/svg"[31m
                  [36m>[31m
                    [36m<path[31m
                      [33md[31m=[32m"M21.801 10A10 10 0 1 1 17 3.335"[31m
                    [36m/>[31m
                    [36m<path[31m
                      [33md[31m=[32m"m9 11 3 3L22 4"[31m
                    [36m/>[31m
                  [36m</svg>[31m
                  [36m<div[31m
                    [33mclass[31m=[32m"inline-flex items-center rounded-full border px-2.5 py-0.5 text-xs font-semibold transition-colors focus:outline-none focus:ring-2 focus:ring-ring focus:ring-offset-2 border-transparent hover:bg-primary/80 bg-green-100 text-green-800"[31m
                  [36m>[31m
                    [0mHEALTHY[0m
                  [36m</div>[31m
                [36m</div>[31m
              [36m</div>[31m
              [36m<div[31m
                [33mclass[31m=[32m"grid grid-cols-1 md:grid-cols-3 gap-4"[31m
              [36m>[31m
                [36m<div[31m
                  [33mclass[31m=[32m"space-y-2"[31m
                [36m>[31m
                  [36m<div[31m
                    [33mclass[31m=[32m"flex items-center gap-2"[31m
                  [36m>[31m
                    [36m<svg[31m
                      [33mclass[31m=[32m"lucide lucide-database h-4 w-4 text-blue-600"[31m
                      [33mfill[31m=[32m"none"[31m
                      [33mheight[31m=[32m"24"[31m
                      [33mstroke[31m=[32m"currentColor"[31m
                      [33mstroke-linecap[31m=[32m"round"[31m
                      [33mstroke-linejoin[31m=[32m"round"[31m
                      [33mstroke-width[31m=[32m"2"[31m
                      [33mviewBox[31m=[32m"0 0 24 24"[31m
                      [33mwidth[31m=[32m"24"[31m
                      [33mxmlns[31m=[32m"http://www.w3.org/2000/svg"[31m
                    [36m>[31m
                      [36m<ellipse[31m
                        [33mcx[31m=[32m"12"[31m
                        [33mcy[31m=[32m"5"[31m
                        [33mrx[31m=[32m"9"[31m
                        [33mry[31m=[32m"3"[31m
                      [36m/>[31m
                      [36m<path[31m
                        [33md[31m=[32m"M3 5V19A9 3 0 0 0 21 19V5"[31m
                      [36m/>[31m
                      [36m<pat...[39m
[31m   [31m×[31m HealthCheck Component[2m > [22mPerformance Metrics Display[2m > [22mshould display memory usage with correct formatting[39m[33m 1049[2mms[22m[39m
[31m     → Unable to find an element with the text: 50.0%. This could be because the text is broken up by multiple elements. In this case, you can provide a function for your text matcher to make your matcher more flexible.

Ignored nodes: comments, script, style
[36m<body>[31m
  [36m<div>[31m
    [36m<div[31m
      [33mclass[31m=[32m"space-y-6"[31m
    [36m>[31m
      [36m<div[31m
        [33mclass[31m=[32m"rounded-lg border bg-card text-card-foreground shadow-sm"[31m
      [36m>[31m
        [36m<div[31m
          [33mclass[31m=[32m"flex flex-col space-y-1.5 p-6"[31m
        [36m>[31m
          [36m<h3[31m
            [33mclass[31m=[32m"tracking-tight text-lg font-medium flex items-center gap-2"[31m
          [36m>[31m
            [36m<svg[31m
              [33mclass[31m=[32m"lucide lucide-bell h-5 w-5 text-red-600"[31m
              [33mfill[31m=[32m"none"[31m
              [33mheight[31m=[32m"24"[31m
              [33mstroke[31m=[32m"currentColor"[31m
              [33mstroke-linecap[31m=[32m"round"[31m
              [33mstroke-linejoin[31m=[32m"round"[31m
              [33mstroke-width[31m=[32m"2"[31m
              [33mviewBox[31m=[32m"0 0 24 24"[31m
              [33mwidth[31m=[32m"24"[31m
              [33mxmlns[31m=[32m"http://www.w3.org/2000/svg"[31m
            [36m>[31m
              [36m<path[31m
                [33md[31m=[32m"M10.268 21a2 2 0 0 0 3.464 0"[31m
              [36m/>[31m
              [36m<path[31m
                [33md[31m=[32m"M3.262 15.326A1 1 0 0 0 4 17h16a1 1 0 0 0 .74-1.673C19.41 13.956 18 12.499 18 8A6 6 0 0 0 6 8c0 4.499-1.411 5.956-2.738 7.326"[31m
              [36m/>[31m
            [36m</svg>[31m
            [0mActive Alerts ([0m
            [0m2[0m
            [0m)[0m
          [36m</h3>[31m
        [36m</div>[31m
        [36m<div[31m
          [33mclass[31m=[32m"p-6 pt-0"[31m
        [36m>[31m
          [36m<div[31m
            [33mclass[31m=[32m"space-y-3"[31m
          [36m>[31m
            [36m<div[31m
              [33mclass[31m=[32m"flex items-center justify-between p-3 border rounded-lg"[31m
            [36m>[31m
              [36m<div[31m
                [33mclass[31m=[32m"flex-1"[31m
              [36m>[31m
                [36m<div[31m
                  [33mclass[31m=[32m"flex items-center gap-2 mb-1"[31m
                [36m>[31m
                  [36m<div[31m
                    [33mclass[31m=[32m"inline-flex items-center rounded-full border px-2.5 py-0.5 text-xs font-semibold transition-colors focus:outline-none focus:ring-2 focus:ring-ring focus:ring-offset-2 border-transparent hover:bg-primary/80 bg-gray-100 text-gray-800"[31m
                  [36m>[31m
                    [0mWARNING[0m
                  [36m</div>[31m
                  [36m<span[31m
                    [33mclass[31m=[32m"font-medium"[31m
                  [36m>[31m
                    [0mMemory usage is high (85%)[0m
                  [36m</span>[31m
                [36m</div>[31m
                [36m<p[31m
                  [33mclass[31m=[32m"text-sm text-gray-600"[31m
                [36m>[31m
                  [0mValue: [0m
                  [0m85[0m
                  [0m | Threshold: [0m
                  [0m80[0m
                  [0m | [0m
                  [0m5:35:32 PM[0m
                [36m</p>[31m
              [36m</div>[31m
              [36m<button[31m
                [33mclass[31m=[32m"inline-flex items-center justify-center gap-2 whitespace-nowrap text-sm font-medium ring-offset-background transition-colors focus-visible:outline-none focus-visible:ring-2 focus-visible:ring-ring focus-visible:ring-offset-2 disabled:pointer-events-none disabled:opacity-50 [&_svg]:pointer-events-none [&_svg]:size-4 [&_svg]:shrink-0 border border-input bg-background hover:bg-accent hover:text-accent-foreground h-9 rounded-md px-3"[31m
              [36m>[31m
                [0mAcknowledge[0m
              [36m</button>[31m
            [36m</div>[31m
            [36m<div[31m
              [33mclass[31m=[32m"flex items-center justify-between p-3 border rounded-lg"[31m
            [36m>[31m
              [36m<div[31m
                [33mclass[31m=[32m"flex-1"[31m
              [36m>[31m
                [36m<div[31m
                  [33mclass[31m=[32m"flex items-center gap-2 mb-1"[31m
                [36m>[31m
                  [36m<div[31m
                    [33mclass[31m=[32m"inline-flex items-center rounded-full border px-2.5 py-0.5 text-xs font-semibold transition-colors focus:outline-none focus:ring-2 focus:ring-ring focus:ring-offset-2 border-transparent hover:bg-primary/80 bg-red-100 text-red-800"[31m
                  [36m>[31m
                    [0mCRITICAL[0m
                  [36m</div>[31m
                  [36m<span[31m
                    [33mclass[31m=[32m"font-medium"[31m
                  [36m>[31m
                    [0mNetwork latency is critically high (1500ms)[0m
                  [36m</span>[31m
                [36m</div>[31m
                [36m<p[31m
                  [33mclass[31m=[32m"text-sm text-gray-600"[31m
                [36m>[31m
                  [0mValue: [0m
                  [0m1500[0m
                  [0m | Threshold: [0m
                  [0m1000[0m
                  [0m | [0m
                  [0m5:30:32 PM[0m
                [36m</p>[31m
              [36m</div>[31m
              [36m<button[31m
                [33mclass[31m=[32m"inline-flex items-center justify-center gap-2 whitespace-nowrap text-sm font-medium ring-offset-background transition-colors focus-visible:outline-none focus-visible:ring-2 focus-visible:ring-ring focus-visible:ring-offset-2 disabled:pointer-events-none disabled:opacity-50 [&_svg]:pointer-events-none [&_svg]:size-4 [&_svg]:shrink-0 border border-input bg-background hover:bg-accent hover:text-accent-foreground h-9 rounded-md px-3"[31m
              [36m>[31m
                [0mAcknowledge[0m
              [36m</button>[31m
            [36m</div>[31m
          [36m</div>[31m
        [36m</div>[31m
      [36m</div>[31m
      [36m<div[31m
        [33mclass[31m=[32m"rounded-lg border bg-card text-card-foreground shadow-sm"[31m
      [36m>[31m
        [36m<div[31m
          [33mclass[31m=[32m"p-6 flex flex-row items-center justify-between space-y-0 pb-2"[31m
        [36m>[31m
          [36m<h3[31m
            [33mclass[31m=[32m"tracking-tight text-lg font-medium"[31m
          [36m>[31m
            [0mSystem Health[0m
          [36m</h3>[31m
          [36m<div[31m
            [33mclass[31m=[32m"flex items-center gap-2"[31m
          [36m>[31m
            [36m<button[31m
              [33mclass[31m=[32m"inline-flex items-center justify-center gap-2 whitespace-nowrap text-sm font-medium ring-offset-background transition-colors focus-visible:outline-none focus-visible:ring-2 focus-visible:ring-ring focus-visible:ring-offset-2 disabled:pointer-events-none disabled:opacity-50 [&_svg]:pointer-events-none [&_svg]:size-...

Ignored nodes: comments, script, style
[36m<html>[31m
  [36m<head />[31m
  [36m<body>[31m
    [36m<div>[31m
      [36m<div[31m
        [33mclass[31m=[32m"space-y-6"[31m
      [36m>[31m
        [36m<div[31m
          [33mclass[31m=[32m"rounded-lg border bg-card text-card-foreground shadow-sm"[31m
        [36m>[31m
          [36m<div[31m
            [33mclass[31m=[32m"flex flex-col space-y-1.5 p-6"[31m
          [36m>[31m
            [36m<h3[31m
              [33mclass[31m=[32m"tracking-tight text-lg font-medium flex items-center gap-2"[31m
            [36m>[31m
              [36m<svg[31m
                [33mclass[31m=[32m"lucide lucide-bell h-5 w-5 text-red-600"[31m
                [33mfill[31m=[32m"none"[31m
                [33mheight[31m=[32m"24"[31m
                [33mstroke[31m=[32m"currentColor"[31m
                [33mstroke-linecap[31m=[32m"round"[31m
                [33mstroke-linejoin[31m=[32m"round"[31m
                [33mstroke-width[31m=[32m"2"[31m
                [33mviewBox[31m=[32m"0 0 24 24"[31m
                [33mwidth[31m=[32m"24"[31m
                [33mxmlns[31m=[32m"http://www.w3.org/2000/svg"[31m
              [36m>[31m
                [36m<path[31m
                  [33md[31m=[32m"M10.268 21a2 2 0 0 0 3.464 0"[31m
                [36m/>[31m
                [36m<path[31m
                  [33md[31m=[32m"M3.262 15.326A1 1 0 0 0 4 17h16a1 1 0 0 0 .74-1.673C19.41 13.956 18 12.499 18 8A6 6 0 0 0 6 8c0 4.499-1.411 5.956-2.738 7.326"[31m
                [36m/>[31m
              [36m</svg>[31m
              [0mActive Alerts ([0m
              [0m2[0m
              [0m)[0m
            [36m</h3>[31m
          [36m</div>[31m
          [36m<div[31m
            [33mclass[31m=[32m"p-6 pt-0"[31m
          [36m>[31m
            [36m<div[31m
              [33mclass[31m=[32m"space-y-3"[31m
            [36m>[31m
              [36m<div[31m
                [33mclass[31m=[32m"flex items-center justify-between p-3 border rounded-lg"[31m
              [36m>[31m
                [36m<div[31m
                  [33mclass[31m=[32m"flex-1"[31m
                [36m>[31m
                  [36m<div[31m
                    [33mclass[31m=[32m"flex items-center gap-2 mb-1"[31m
                  [36m>[31m
                    [36m<div[31m
                      [33mclass[31m=[32m"inline-flex items-center rounded-full border px-2.5 py-0.5 text-xs font-semibold transition-colors focus:outline-none focus:ring-2 focus:ring-ring focus:ring-offset-2 border-transparent hover:bg-primary/80 bg-gray-100 text-gray-800"[31m
                    [36m>[31m
                      [0mWARNING[0m
                    [36m</div>[31m
                    [36m<span[31m
                      [33mclass[31m=[32m"font-medium"[31m
                    [36m>[31m
                      [0mMemory usage is high (85%)[0m
                    [36m</span>[31m
                  [36m</div>[31m
                  [36m<p[31m
                    [33mclass[31m=[32m"text-sm text-gray-600"[31m
                  [36m>[31m
                    [0mValue: [0m
                    [0m85[0m
                    [0m | Threshold: [0m
                    [0m80[0m
                    [0m | [0m
                    [0m5:35:32 PM[0m
                  [36m</p>[31m
                [36m</div>[31m
                [36m<button[31m
                  [33mclass[31m=[32m"inline-flex items-center justify-center gap-2 whitespace-nowrap text-sm font-medium ring-offset-background transition-colors focus-visible:outline-none focus-visible:ring-2 focus-visible:ring-ring focus-visible:ring-offset-2 disabled:pointer-events-none disabled:opacity-50 [&_svg]:pointer-events-none [&_svg]:size-4 [&_svg]:shrink-0 border border-input bg-background hover:bg-accent hover:text-accent-foreground h-9 rounded-md px-3"[31m
                [36m>[31m
                  [0mAcknowledge[0m
                [36m</button>[31m
              [36m</div>[31m
              [36m<div[31m
                [33mclass[31m=[32m"flex items-center justify-between p-3 border rounded-lg"[31m
              [36m>[31m
                [36m<div[31m
                  [33mclass[31m=[32m"flex-1"[31m
                [36m>[31m
                  [36m<div[31m
                    [33mclass[31m=[32m"flex items-center gap-2 mb-1"[31m
                  [36m>[31m
                    [36m<div[31m
                      [33mclass[31m=[32m"inline-flex items-center rounded-full border px-2.5 py-0.5 text-xs font-semibold transition-colors focus:outline-none focus:ring-2 focus:ring-ring focus:ring-offset-2 border-transparent hover:bg-primary/80 bg-red-100 text-red-800"[31m
                    [36m>[31m
                      [0mCRITICAL[0m
                    [36m</div>[31m
                    [36m<span[31m
                      [33mclass[31m=[32m"font-medium"[31m
                    [36m>[31m
                      [0mNetwork latency is critically high (1500ms)[0m
                    [36m</span>[31m
                  [36m</div>[31m
                  [36m<p[31m
                    [33mclass[31m=[32m"text-sm text-gray-600"[31m
                  [36m>[31m
                    [0mValue: [0m
                    [0m1500[0m
                    [0m | Threshold: [0m
                    [0m1000[0m
                    [0m | [0m
                    [0m5:30:32 PM[0m
                  [36m</p>[31m
                [36m</div>[31m
                [36m<button[31m
                  [33mclass[31m=[32m"inline-flex items-center justify-center gap-2 whitespace-nowrap text-sm font-medium ring-offset-background transition-colors focus-visible:outline-none focus-visible:ring-2 focus-visible:ring-ring focus-visible:ring-offset-2 disabled:pointer-events-none disabled:opacity-50 [&_svg]:pointer-events-none [&_svg]:size-4 [&_svg]:shrink-0 border border-input bg-background hover:bg-accent hover:text-accent-foreground h-9 rounded-md px-3"[31m
                [36m>[31m
                  [0mAcknowledge[0m
                [36m</button>[31m
              [36m</div>[31m
            [36m</div>[31m
          [36m</div>[31m
        [36m</div>[31m
        [36m<div[31m
          [33mclass[31m=[32m"rounded-lg border bg-card text-card-foreground shadow-sm"[31m
        [36m>[31m
          [36m<div[31m
            [33mclass[31m=[32m"p-6 flex flex-row items-center justify-between space-y-0 pb-2"[31m
          [36m>[31m
            [36m<h3[31m
              [33mclass[31m=[32m"tracking-tight text-lg font-medium"[31m
            [36m>[31m
              [0mSystem Health[0m
            [36m</h3>[31m
            [36m<div[31m
              [33mclass[31m=[32m"flex items-center gap-2"[31m
            [36m>[31m
              [36m<button[31m
                [33mclass[31m=[32m"inl...[39m
[31m   [31m×[31m HealthCheck Component[2m > [22mPerformance Metrics Display[2m > [22mshould display network latency[39m[33m 1034[2mms[22m[39m
[31m     → Unable to find an element with the text: Network Latency. This could be because the text is broken up by multiple elements. In this case, you can provide a function for your text matcher to make your matcher more flexible.

Ignored nodes: comments, script, style
[36m<body>[31m
  [36m<div>[31m
    [36m<div[31m
      [33mclass[31m=[32m"space-y-6"[31m
    [36m>[31m
      [36m<div[31m
        [33mclass[31m=[32m"rounded-lg border bg-card text-card-foreground shadow-sm"[31m
      [36m>[31m
        [36m<div[31m
          [33mclass[31m=[32m"flex flex-col space-y-1.5 p-6"[31m
        [36m>[31m
          [36m<h3[31m
            [33mclass[31m=[32m"tracking-tight text-lg font-medium flex items-center gap-2"[31m
          [36m>[31m
            [36m<svg[31m
              [33mclass[31m=[32m"lucide lucide-bell h-5 w-5 text-red-600"[31m
              [33mfill[31m=[32m"none"[31m
              [33mheight[31m=[32m"24"[31m
              [33mstroke[31m=[32m"currentColor"[31m
              [33mstroke-linecap[31m=[32m"round"[31m
              [33mstroke-linejoin[31m=[32m"round"[31m
              [33mstroke-width[31m=[32m"2"[31m
              [33mviewBox[31m=[32m"0 0 24 24"[31m
              [33mwidth[31m=[32m"24"[31m
              [33mxmlns[31m=[32m"http://www.w3.org/2000/svg"[31m
            [36m>[31m
              [36m<path[31m
                [33md[31m=[32m"M10.268 21a2 2 0 0 0 3.464 0"[31m
              [36m/>[31m
              [36m<path[31m
                [33md[31m=[32m"M3.262 15.326A1 1 0 0 0 4 17h16a1 1 0 0 0 .74-1.673C19.41 13.956 18 12.499 18 8A6 6 0 0 0 6 8c0 4.499-1.411 5.956-2.738 7.326"[31m
              [36m/>[31m
            [36m</svg>[31m
            [0mActive Alerts ([0m
            [0m2[0m
            [0m)[0m
          [36m</h3>[31m
        [36m</div>[31m
        [36m<div[31m
          [33mclass[31m=[32m"p-6 pt-0"[31m
        [36m>[31m
          [36m<div[31m
            [33mclass[31m=[32m"space-y-3"[31m
          [36m>[31m
            [36m<div[31m
              [33mclass[31m=[32m"flex items-center justify-between p-3 border rounded-lg"[31m
            [36m>[31m
              [36m<div[31m
                [33mclass[31m=[32m"flex-1"[31m
              [36m>[31m
                [36m<div[31m
                  [33mclass[31m=[32m"flex items-center gap-2 mb-1"[31m
                [36m>[31m
                  [36m<div[31m
                    [33mclass[31m=[32m"inline-flex items-center rounded-full border px-2.5 py-0.5 text-xs font-semibold transition-colors focus:outline-none focus:ring-2 focus:ring-ring focus:ring-offset-2 border-transparent hover:bg-primary/80 bg-gray-100 text-gray-800"[31m
                  [36m>[31m
                    [0mWARNING[0m
                  [36m</div>[31m
                  [36m<span[31m
                    [33mclass[31m=[32m"font-medium"[31m
                  [36m>[31m
                    [0mMemory usage is high (85%)[0m
                  [36m</span>[31m
                [36m</div>[31m
                [36m<p[31m
                  [33mclass[31m=[32m"text-sm text-gray-600"[31m
                [36m>[31m
                  [0mValue: [0m
                  [0m85[0m
                  [0m | Threshold: [0m
                  [0m80[0m
                  [0m | [0m
                  [0m5:35:32 PM[0m
                [36m</p>[31m
              [36m</div>[31m
              [36m<button[31m
                [33mclass[31m=[32m"inline-flex items-center justify-center gap-2 whitespace-nowrap text-sm font-medium ring-offset-background transition-colors focus-visible:outline-none focus-visible:ring-2 focus-visible:ring-ring focus-visible:ring-offset-2 disabled:pointer-events-none disabled:opacity-50 [&_svg]:pointer-events-none [&_svg]:size-4 [&_svg]:shrink-0 border border-input bg-background hover:bg-accent hover:text-accent-foreground h-9 rounded-md px-3"[31m
              [36m>[31m
                [0mAcknowledge[0m
              [36m</button>[31m
            [36m</div>[31m
            [36m<div[31m
              [33mclass[31m=[32m"flex items-center justify-between p-3 border rounded-lg"[31m
            [36m>[31m
              [36m<div[31m
                [33mclass[31m=[32m"flex-1"[31m
              [36m>[31m
                [36m<div[31m
                  [33mclass[31m=[32m"flex items-center gap-2 mb-1"[31m
                [36m>[31m
                  [36m<div[31m
                    [33mclass[31m=[32m"inline-flex items-center rounded-full border px-2.5 py-0.5 text-xs font-semibold transition-colors focus:outline-none focus:ring-2 focus:ring-ring focus:ring-offset-2 border-transparent hover:bg-primary/80 bg-red-100 text-red-800"[31m
                  [36m>[31m
                    [0mCRITICAL[0m
                  [36m</div>[31m
                  [36m<span[31m
                    [33mclass[31m=[32m"font-medium"[31m
                  [36m>[31m
                    [0mNetwork latency is critically high (1500ms)[0m
                  [36m</span>[31m
                [36m</div>[31m
                [36m<p[31m
                  [33mclass[31m=[32m"text-sm text-gray-600"[31m
                [36m>[31m
                  [0mValue: [0m
                  [0m1500[0m
                  [0m | Threshold: [0m
                  [0m1000[0m
                  [0m | [0m
                  [0m5:30:32 PM[0m
                [36m</p>[31m
              [36m</div>[31m
              [36m<button[31m
                [33mclass[31m=[32m"inline-flex items-center justify-center gap-2 whitespace-nowrap text-sm font-medium ring-offset-background transition-colors focus-visible:outline-none focus-visible:ring-2 focus-visible:ring-ring focus-visible:ring-offset-2 disabled:pointer-events-none disabled:opacity-50 [&_svg]:pointer-events-none [&_svg]:size-4 [&_svg]:shrink-0 border border-input bg-background hover:bg-accent hover:text-accent-foreground h-9 rounded-md px-3"[31m
              [36m>[31m
                [0mAcknowledge[0m
              [36m</button>[31m
            [36m</div>[31m
          [36m</div>[31m
        [36m</div>[31m
      [36m</div>[31m
      [36m<div[31m
        [33mclass[31m=[32m"rounded-lg border bg-card text-card-foreground shadow-sm"[31m
      [36m>[31m
        [36m<div[31m
          [33mclass[31m=[32m"p-6 flex flex-row items-center justify-between space-y-0 pb-2"[31m
        [36m>[31m
          [36m<h3[31m
            [33mclass[31m=[32m"tracking-tight text-lg font-medium"[31m
          [36m>[31m
            [0mSystem Health[0m
          [36m</h3>[31m
          [36m<div[31m
            [33mclass[31m=[32m"flex items-center gap-2"[31m
          [36m>[31m
            [36m<button[31m
              [33mclass[31m=[32m"inline-flex items-center justify-center gap-2 whitespace-nowrap text-sm font-medium ring-offset-background transition-colors focus-visible:outline-none focus-visible:ring-2 focus-visible:ring-ring focus-visible:ring-offset-2 disabled:pointer-events-none disabled:opacity-50 [&_svg]:pointer-events-none [&_svg]:size-...

Ignored nodes: comments, script, style
[36m<html>[31m
  [36m<head />[31m
  [36m<body>[31m
    [36m<div>[31m
      [36m<div[31m
        [33mclass[31m=[32m"space-y-6"[31m
      [36m>[31m
        [36m<div[31m
          [33mclass[31m=[32m"rounded-lg border bg-card text-card-foreground shadow-sm"[31m
        [36m>[31m
          [36m<div[31m
            [33mclass[31m=[32m"flex flex-col space-y-1.5 p-6"[31m
          [36m>[31m
            [36m<h3[31m
              [33mclass[31m=[32m"tracking-tight text-lg font-medium flex items-center gap-2"[31m
            [36m>[31m
              [36m<svg[31m
                [33mclass[31m=[32m"lucide lucide-bell h-5 w-5 text-red-600"[31m
                [33mfill[31m=[32m"none"[31m
                [33mheight[31m=[32m"24"[31m
                [33mstroke[31m=[32m"currentColor"[31m
                [33mstroke-linecap[31m=[32m"round"[31m
                [33mstroke-linejoin[31m=[32m"round"[31m
                [33mstroke-width[31m=[32m"2"[31m
                [33mviewBox[31m=[32m"0 0 24 24"[31m
                [33mwidth[31m=[32m"24"[31m
                [33mxmlns[31m=[32m"http://www.w3.org/2000/svg"[31m
              [36m>[31m
                [36m<path[31m
                  [33md[31m=[32m"M10.268 21a2 2 0 0 0 3.464 0"[31m
                [36m/>[31m
                [36m<path[31m
                  [33md[31m=[32m"M3.262 15.326A1 1 0 0 0 4 17h16a1 1 0 0 0 .74-1.673C19.41 13.956 18 12.499 18 8A6 6 0 0 0 6 8c0 4.499-1.411 5.956-2.738 7.326"[31m
                [36m/>[31m
              [36m</svg>[31m
              [0mActive Alerts ([0m
              [0m2[0m
              [0m)[0m
            [36m</h3>[31m
          [36m</div>[31m
          [36m<div[31m
            [33mclass[31m=[32m"p-6 pt-0"[31m
          [36m>[31m
            [36m<div[31m
              [33mclass[31m=[32m"space-y-3"[31m
            [36m>[31m
              [36m<div[31m
                [33mclass[31m=[32m"flex items-center justify-between p-3 border rounded-lg"[31m
              [36m>[31m
                [36m<div[31m
                  [33mclass[31m=[32m"flex-1"[31m
                [36m>[31m
                  [36m<div[31m
                    [33mclass[31m=[32m"flex items-center gap-2 mb-1"[31m
                  [36m>[31m
                    [36m<div[31m
                      [33mclass[31m=[32m"inline-flex items-center rounded-full border px-2.5 py-0.5 text-xs font-semibold transition-colors focus:outline-none focus:ring-2 focus:ring-ring focus:ring-offset-2 border-transparent hover:bg-primary/80 bg-gray-100 text-gray-800"[31m
                    [36m>[31m
                      [0mWARNING[0m
                    [36m</div>[31m
                    [36m<span[31m
                      [33mclass[31m=[32m"font-medium"[31m
                    [36m>[31m
                      [0mMemory usage is high (85%)[0m
                    [36m</span>[31m
                  [36m</div>[31m
                  [36m<p[31m
                    [33mclass[31m=[32m"text-sm text-gray-600"[31m
                  [36m>[31m
                    [0mValue: [0m
                    [0m85[0m
                    [0m | Threshold: [0m
                    [0m80[0m
                    [0m | [0m
                    [0m5:35:32 PM[0m
                  [36m</p>[31m
                [36m</div>[31m
                [36m<button[31m
                  [33mclass[31m=[32m"inline-flex items-center justify-center gap-2 whitespace-nowrap text-sm font-medium ring-offset-background transition-colors focus-visible:outline-none focus-visible:ring-2 focus-visible:ring-ring focus-visible:ring-offset-2 disabled:pointer-events-none disabled:opacity-50 [&_svg]:pointer-events-none [&_svg]:size-4 [&_svg]:shrink-0 border border-input bg-background hover:bg-accent hover:text-accent-foreground h-9 rounded-md px-3"[31m
                [36m>[31m
                  [0mAcknowledge[0m
                [36m</button>[31m
              [36m</div>[31m
              [36m<div[31m
                [33mclass[31m=[32m"flex items-center justify-between p-3 border rounded-lg"[31m
              [36m>[31m
                [36m<div[31m
                  [33mclass[31m=[32m"flex-1"[31m
                [36m>[31m
                  [36m<div[31m
                    [33mclass[31m=[32m"flex items-center gap-2 mb-1"[31m
                  [36m>[31m
                    [36m<div[31m
                      [33mclass[31m=[32m"inline-flex items-center rounded-full border px-2.5 py-0.5 text-xs font-semibold transition-colors focus:outline-none focus:ring-2 focus:ring-ring focus:ring-offset-2 border-transparent hover:bg-primary/80 bg-red-100 text-red-800"[31m
                    [36m>[31m
                      [0mCRITICAL[0m
                    [36m</div>[31m
                    [36m<span[31m
                      [33mclass[31m=[32m"font-medium"[31m
                    [36m>[31m
                      [0mNetwork latency is critically high (1500ms)[0m
                    [36m</span>[31m
                  [36m</div>[31m
                  [36m<p[31m
                    [33mclass[31m=[32m"text-sm text-gray-600"[31m
                  [36m>[31m
                    [0mValue: [0m
                    [0m1500[0m
                    [0m | Threshold: [0m
                    [0m1000[0m
                    [0m | [0m
                    [0m5:30:32 PM[0m
                  [36m</p>[31m
                [36m</div>[31m
                [36m<button[31m
                  [33mclass[31m=[32m"inline-flex items-center justify-center gap-2 whitespace-nowrap text-sm font-medium ring-offset-background transition-colors focus-visible:outline-none focus-visible:ring-2 focus-visible:ring-ring focus-visible:ring-offset-2 disabled:pointer-events-none disabled:opacity-50 [&_svg]:pointer-events-none [&_svg]:size-4 [&_svg]:shrink-0 border border-input bg-background hover:bg-accent hover:text-accent-foreground h-9 rounded-md px-3"[31m
                [36m>[31m
                  [0mAcknowledge[0m
                [36m</button>[31m
              [36m</div>[31m
            [36m</div>[31m
          [36m</div>[31m
        [36m</div>[31m
        [36m<div[31m
          [33mclass[31m=[32m"rounded-lg border bg-card text-card-foreground shadow-sm"[31m
        [36m>[31m
          [36m<div[31m
            [33mclass[31m=[32m"p-6 flex flex-row items-center justify-between space-y-0 pb-2"[31m
          [36m>[31m
            [36m<h3[31m
              [33mclass[31m=[32m"tracking-tight text-lg font-medium"[31m
            [36m>[31m
              [0mSystem Health[0m
            [36m</h3>[31m
            [36m<div[31m
              [33mclass[31m=[32m"flex items-center gap-2"[31m
            [36m>[31m
              [36m<button[31m
                [33mclass[31m=[32m"inl...[39m
[31m   [31m×[31m HealthCheck Component[2m > [22mPerformance Metrics Display[2m > [22mshould display CPU cores information[39m[33m 1033[2mms[22m[39m
[31m     → Unable to find an element with the text: CPU Cores. This could be because the text is broken up by multiple elements. In this case, you can provide a function for your text matcher to make your matcher more flexible.

Ignored nodes: comments, script, style
[36m<body>[31m
  [36m<div>[31m
    [36m<div[31m
      [33mclass[31m=[32m"space-y-6"[31m
    [36m>[31m
      [36m<div[31m
        [33mclass[31m=[32m"rounded-lg border bg-card text-card-foreground shadow-sm"[31m
      [36m>[31m
        [36m<div[31m
          [33mclass[31m=[32m"flex flex-col space-y-1.5 p-6"[31m
        [36m>[31m
          [36m<h3[31m
            [33mclass[31m=[32m"tracking-tight text-lg font-medium flex items-center gap-2"[31m
          [36m>[31m
            [36m<svg[31m
              [33mclass[31m=[32m"lucide lucide-bell h-5 w-5 text-red-600"[31m
              [33mfill[31m=[32m"none"[31m
              [33mheight[31m=[32m"24"[31m
              [33mstroke[31m=[32m"currentColor"[31m
              [33mstroke-linecap[31m=[32m"round"[31m
              [33mstroke-linejoin[31m=[32m"round"[31m
              [33mstroke-width[31m=[32m"2"[31m
              [33mviewBox[31m=[32m"0 0 24 24"[31m
              [33mwidth[31m=[32m"24"[31m
              [33mxmlns[31m=[32m"http://www.w3.org/2000/svg"[31m
            [36m>[31m
              [36m<path[31m
                [33md[31m=[32m"M10.268 21a2 2 0 0 0 3.464 0"[31m
              [36m/>[31m
              [36m<path[31m
                [33md[31m=[32m"M3.262 15.326A1 1 0 0 0 4 17h16a1 1 0 0 0 .74-1.673C19.41 13.956 18 12.499 18 8A6 6 0 0 0 6 8c0 4.499-1.411 5.956-2.738 7.326"[31m
              [36m/>[31m
            [36m</svg>[31m
            [0mActive Alerts ([0m
            [0m2[0m
            [0m)[0m
          [36m</h3>[31m
        [36m</div>[31m
        [36m<div[31m
          [33mclass[31m=[32m"p-6 pt-0"[31m
        [36m>[31m
          [36m<div[31m
            [33mclass[31m=[32m"space-y-3"[31m
          [36m>[31m
            [36m<div[31m
              [33mclass[31m=[32m"flex items-center justify-between p-3 border rounded-lg"[31m
            [36m>[31m
              [36m<div[31m
                [33mclass[31m=[32m"flex-1"[31m
              [36m>[31m
                [36m<div[31m
                  [33mclass[31m=[32m"flex items-center gap-2 mb-1"[31m
                [36m>[31m
                  [36m<div[31m
                    [33mclass[31m=[32m"inline-flex items-center rounded-full border px-2.5 py-0.5 text-xs font-semibold transition-colors focus:outline-none focus:ring-2 focus:ring-ring focus:ring-offset-2 border-transparent hover:bg-primary/80 bg-gray-100 text-gray-800"[31m
                  [36m>[31m
                    [0mWARNING[0m
                  [36m</div>[31m
                  [36m<span[31m
                    [33mclass[31m=[32m"font-medium"[31m
                  [36m>[31m
                    [0mMemory usage is high (85%)[0m
                  [36m</span>[31m
                [36m</div>[31m
                [36m<p[31m
                  [33mclass[31m=[32m"text-sm text-gray-600"[31m
                [36m>[31m
                  [0mValue: [0m
                  [0m85[0m
                  [0m | Threshold: [0m
                  [0m80[0m
                  [0m | [0m
                  [0m5:35:32 PM[0m
                [36m</p>[31m
              [36m</div>[31m
              [36m<button[31m
                [33mclass[31m=[32m"inline-flex items-center justify-center gap-2 whitespace-nowrap text-sm font-medium ring-offset-background transition-colors focus-visible:outline-none focus-visible:ring-2 focus-visible:ring-ring focus-visible:ring-offset-2 disabled:pointer-events-none disabled:opacity-50 [&_svg]:pointer-events-none [&_svg]:size-4 [&_svg]:shrink-0 border border-input bg-background hover:bg-accent hover:text-accent-foreground h-9 rounded-md px-3"[31m
              [36m>[31m
                [0mAcknowledge[0m
              [36m</button>[31m
            [36m</div>[31m
            [36m<div[31m
              [33mclass[31m=[32m"flex items-center justify-between p-3 border rounded-lg"[31m
            [36m>[31m
              [36m<div[31m
                [33mclass[31m=[32m"flex-1"[31m
              [36m>[31m
                [36m<div[31m
                  [33mclass[31m=[32m"flex items-center gap-2 mb-1"[31m
                [36m>[31m
                  [36m<div[31m
                    [33mclass[31m=[32m"inline-flex items-center rounded-full border px-2.5 py-0.5 text-xs font-semibold transition-colors focus:outline-none focus:ring-2 focus:ring-ring focus:ring-offset-2 border-transparent hover:bg-primary/80 bg-red-100 text-red-800"[31m
                  [36m>[31m
                    [0mCRITICAL[0m
                  [36m</div>[31m
                  [36m<span[31m
                    [33mclass[31m=[32m"font-medium"[31m
                  [36m>[31m
                    [0mNetwork latency is critically high (1500ms)[0m
                  [36m</span>[31m
                [36m</div>[31m
                [36m<p[31m
                  [33mclass[31m=[32m"text-sm text-gray-600"[31m
                [36m>[31m
                  [0mValue: [0m
                  [0m1500[0m
                  [0m | Threshold: [0m
                  [0m1000[0m
                  [0m | [0m
                  [0m5:30:32 PM[0m
                [36m</p>[31m
              [36m</div>[31m
              [36m<button[31m
                [33mclass[31m=[32m"inline-flex items-center justify-center gap-2 whitespace-nowrap text-sm font-medium ring-offset-background transition-colors focus-visible:outline-none focus-visible:ring-2 focus-visible:ring-ring focus-visible:ring-offset-2 disabled:pointer-events-none disabled:opacity-50 [&_svg]:pointer-events-none [&_svg]:size-4 [&_svg]:shrink-0 border border-input bg-background hover:bg-accent hover:text-accent-foreground h-9 rounded-md px-3"[31m
              [36m>[31m
                [0mAcknowledge[0m
              [36m</button>[31m
            [36m</div>[31m
          [36m</div>[31m
        [36m</div>[31m
      [36m</div>[31m
      [36m<div[31m
        [33mclass[31m=[32m"rounded-lg border bg-card text-card-foreground shadow-sm"[31m
      [36m>[31m
        [36m<div[31m
          [33mclass[31m=[32m"p-6 flex flex-row items-center justify-between space-y-0 pb-2"[31m
        [36m>[31m
          [36m<h3[31m
            [33mclass[31m=[32m"tracking-tight text-lg font-medium"[31m
          [36m>[31m
            [0mSystem Health[0m
          [36m</h3>[31m
          [36m<div[31m
            [33mclass[31m=[32m"flex items-center gap-2"[31m
          [36m>[31m
            [36m<button[31m
              [33mclass[31m=[32m"inline-flex items-center justify-center gap-2 whitespace-nowrap text-sm font-medium ring-offset-background transition-colors focus-visible:outline-none focus-visible:ring-2 focus-visible:ring-ring focus-visible:ring-offset-2 disabled:pointer-events-none disabled:opacity-50 [&_svg]:pointer-events-none [&_svg]:size-...

Ignored nodes: comments, script, style
[36m<html>[31m
  [36m<head />[31m
  [36m<body>[31m
    [36m<div>[31m
      [36m<div[31m
        [33mclass[31m=[32m"space-y-6"[31m
      [36m>[31m
        [36m<div[31m
          [33mclass[31m=[32m"rounded-lg border bg-card text-card-foreground shadow-sm"[31m
        [36m>[31m
          [36m<div[31m
            [33mclass[31m=[32m"flex flex-col space-y-1.5 p-6"[31m
          [36m>[31m
            [36m<h3[31m
              [33mclass[31m=[32m"tracking-tight text-lg font-medium flex items-center gap-2"[31m
            [36m>[31m
              [36m<svg[31m
                [33mclass[31m=[32m"lucide lucide-bell h-5 w-5 text-red-600"[31m
                [33mfill[31m=[32m"none"[31m
                [33mheight[31m=[32m"24"[31m
                [33mstroke[31m=[32m"currentColor"[31m
                [33mstroke-linecap[31m=[32m"round"[31m
                [33mstroke-linejoin[31m=[32m"round"[31m
                [33mstroke-width[31m=[32m"2"[31m
                [33mviewBox[31m=[32m"0 0 24 24"[31m
                [33mwidth[31m=[32m"24"[31m
                [33mxmlns[31m=[32m"http://www.w3.org/2000/svg"[31m
              [36m>[31m
                [36m<path[31m
                  [33md[31m=[32m"M10.268 21a2 2 0 0 0 3.464 0"[31m
                [36m/>[31m
                [36m<path[31m
                  [33md[31m=[32m"M3.262 15.326A1 1 0 0 0 4 17h16a1 1 0 0 0 .74-1.673C19.41 13.956 18 12.499 18 8A6 6 0 0 0 6 8c0 4.499-1.411 5.956-2.738 7.326"[31m
                [36m/>[31m
              [36m</svg>[31m
              [0mActive Alerts ([0m
              [0m2[0m
              [0m)[0m
            [36m</h3>[31m
          [36m</div>[31m
          [36m<div[31m
            [33mclass[31m=[32m"p-6 pt-0"[31m
          [36m>[31m
            [36m<div[31m
              [33mclass[31m=[32m"space-y-3"[31m
            [36m>[31m
              [36m<div[31m
                [33mclass[31m=[32m"flex items-center justify-between p-3 border rounded-lg"[31m
              [36m>[31m
                [36m<div[31m
                  [33mclass[31m=[32m"flex-1"[31m
                [36m>[31m
                  [36m<div[31m
                    [33mclass[31m=[32m"flex items-center gap-2 mb-1"[31m
                  [36m>[31m
                    [36m<div[31m
                      [33mclass[31m=[32m"inline-flex items-center rounded-full border px-2.5 py-0.5 text-xs font-semibold transition-colors focus:outline-none focus:ring-2 focus:ring-ring focus:ring-offset-2 border-transparent hover:bg-primary/80 bg-gray-100 text-gray-800"[31m
                    [36m>[31m
                      [0mWARNING[0m
                    [36m</div>[31m
                    [36m<span[31m
                      [33mclass[31m=[32m"font-medium"[31m
                    [36m>[31m
                      [0mMemory usage is high (85%)[0m
                    [36m</span>[31m
                  [36m</div>[31m
                  [36m<p[31m
                    [33mclass[31m=[32m"text-sm text-gray-600"[31m
                  [36m>[31m
                    [0mValue: [0m
                    [0m85[0m
                    [0m | Threshold: [0m
                    [0m80[0m
                    [0m | [0m
                    [0m5:35:32 PM[0m
                  [36m</p>[31m
                [36m</div>[31m
                [36m<button[31m
                  [33mclass[31m=[32m"inline-flex items-center justify-center gap-2 whitespace-nowrap text-sm font-medium ring-offset-background transition-colors focus-visible:outline-none focus-visible:ring-2 focus-visible:ring-ring focus-visible:ring-offset-2 disabled:pointer-events-none disabled:opacity-50 [&_svg]:pointer-events-none [&_svg]:size-4 [&_svg]:shrink-0 border border-input bg-background hover:bg-accent hover:text-accent-foreground h-9 rounded-md px-3"[31m
                [36m>[31m
                  [0mAcknowledge[0m
                [36m</button>[31m
              [36m</div>[31m
              [36m<div[31m
                [33mclass[31m=[32m"flex items-center justify-between p-3 border rounded-lg"[31m
              [36m>[31m
                [36m<div[31m
                  [33mclass[31m=[32m"flex-1"[31m
                [36m>[31m
                  [36m<div[31m
                    [33mclass[31m=[32m"flex items-center gap-2 mb-1"[31m
                  [36m>[31m
                    [36m<div[31m
                      [33mclass[31m=[32m"inline-flex items-center rounded-full border px-2.5 py-0.5 text-xs font-semibold transition-colors focus:outline-none focus:ring-2 focus:ring-ring focus:ring-offset-2 border-transparent hover:bg-primary/80 bg-red-100 text-red-800"[31m
                    [36m>[31m
                      [0mCRITICAL[0m
                    [36m</div>[31m
                    [36m<span[31m
                      [33mclass[31m=[32m"font-medium"[31m
                    [36m>[31m
                      [0mNetwork latency is critically high (1500ms)[0m
                    [36m</span>[31m
                  [36m</div>[31m
                  [36m<p[31m
                    [33mclass[31m=[32m"text-sm text-gray-600"[31m
                  [36m>[31m
                    [0mValue: [0m
                    [0m1500[0m
                    [0m | Threshold: [0m
                    [0m1000[0m
                    [0m | [0m
                    [0m5:30:32 PM[0m
                  [36m</p>[31m
                [36m</div>[31m
                [36m<button[31m
                  [33mclass[31m=[32m"inline-flex items-center justify-center gap-2 whitespace-nowrap text-sm font-medium ring-offset-background transition-colors focus-visible:outline-none focus-visible:ring-2 focus-visible:ring-ring focus-visible:ring-offset-2 disabled:pointer-events-none disabled:opacity-50 [&_svg]:pointer-events-none [&_svg]:size-4 [&_svg]:shrink-0 border border-input bg-background hover:bg-accent hover:text-accent-foreground h-9 rounded-md px-3"[31m
                [36m>[31m
                  [0mAcknowledge[0m
                [36m</button>[31m
              [36m</div>[31m
            [36m</div>[31m
          [36m</div>[31m
        [36m</div>[31m
        [36m<div[31m
          [33mclass[31m=[32m"rounded-lg border bg-card text-card-foreground shadow-sm"[31m
        [36m>[31m
          [36m<div[31m
            [33mclass[31m=[32m"p-6 flex flex-row items-center justify-between space-y-0 pb-2"[31m
          [36m>[31m
            [36m<h3[31m
              [33mclass[31m=[32m"tracking-tight text-lg font-medium"[31m
            [36m>[31m
              [0mSystem Health[0m
            [36m</h3>[31m
            [36m<div[31m
              [33mclass[31m=[32m"flex items-center gap-2"[31m
            [36m>[31m
              [36m<button[31m
                [33mclass[31m=[32m"inl...[39m
[31m   [31m×[31m HealthCheck Component[2m > [22mPerformance Metrics Display[2m > [22mshould apply correct color coding for metrics[39m[33m 1027[2mms[22m[39m
[31m     → [2mexpect([22m[31mreceived[31m[2m).toHaveClass()[22m

[31mreceived[31m value must be an HTMLElement or an SVGElement.
Received has type:  Null
Received has value: [31mnull[31m

Ignored nodes: comments, script, style
[36m<html>[31m
  [36m<head />[31m
  [36m<body>[31m
    [36m<div>[31m
      [36m<div[31m
        [33mclass[31m=[32m"space-y-6"[31m
      [36m>[31m
        [36m<div[31m
          [33mclass[31m=[32m"rounded-lg border bg-card text-card-foreground shadow-sm"[31m
        [36m>[31m
          [36m<div[31m
            [33mclass[31m=[32m"flex flex-col space-y-1.5 p-6"[31m
          [36m>[31m
            [36m<h3[31m
              [33mclass[31m=[32m"tracking-tight text-lg font-medium flex items-center gap-2"[31m
            [36m>[31m
              [36m<svg[31m
                [33mclass[31m=[32m"lucide lucide-bell h-5 w-5 text-red-600"[31m
                [33mfill[31m=[32m"none"[31m
                [33mheight[31m=[32m"24"[31m
                [33mstroke[31m=[32m"currentColor"[31m
                [33mstroke-linecap[31m=[32m"round"[31m
                [33mstroke-linejoin[31m=[32m"round"[31m
                [33mstroke-width[31m=[32m"2"[31m
                [33mviewBox[31m=[32m"0 0 24 24"[31m
                [33mwidth[31m=[32m"24"[31m
                [33mxmlns[31m=[32m"http://www.w3.org/2000/svg"[31m
              [36m>[31m
                [36m<path[31m
                  [33md[31m=[32m"M10.268 21a2 2 0 0 0 3.464 0"[31m
                [36m/>[31m
                [36m<path[31m
                  [33md[31m=[32m"M3.262 15.326A1 1 0 0 0 4 17h16a1 1 0 0 0 .74-1.673C19.41 13.956 18 12.499 18 8A6 6 0 0 0 6 8c0 4.499-1.411 5.956-2.738 7.326"[31m
                [36m/>[31m
              [36m</svg>[31m
              [0mActive Alerts ([0m
              [0m2[0m
              [0m)[0m
            [36m</h3>[31m
          [36m</div>[31m
          [36m<div[31m
            [33mclass[31m=[32m"p-6 pt-0"[31m
          [36m>[31m
            [36m<div[31m
              [33mclass[31m=[32m"space-y-3"[31m
            [36m>[31m
              [36m<div[31m
                [33mclass[31m=[32m"flex items-center justify-between p-3 border rounded-lg"[31m
              [36m>[31m
                [36m<div[31m
                  [33mclass[31m=[32m"flex-1"[31m
                [36m>[31m
                  [36m<div[31m
                    [33mclass[31m=[32m"flex items-center gap-2 mb-1"[31m
                  [36m>[31m
                    [36m<div[31m
                      [33mclass[31m=[32m"inline-flex items-center rounded-full border px-2.5 py-0.5 text-xs font-semibold transition-colors focus:outline-none focus:ring-2 focus:ring-ring focus:ring-offset-2 border-transparent hover:bg-primary/80 bg-gray-100 text-gray-800"[31m
                    [36m>[31m
                      [0mWARNING[0m
                    [36m</div>[31m
                    [36m<span[31m
                      [33mclass[31m=[32m"font-medium"[31m
                    [36m>[31m
                      [0mMemory usage is high (85%)[0m
                    [36m</span>[31m
                  [36m</div>[31m
                  [36m<p[31m
                    [33mclass[31m=[32m"text-sm text-gray-600"[31m
                  [36m>[31m
                    [0mValue: [0m
                    [0m85[0m
                    [0m | Threshold: [0m
                    [0m80[0m
                    [0m | [0m
                    [0m5:35:32 PM[0m
                  [36m</p>[31m
                [36m</div>[31m
                [36m<button[31m
                  [33mclass[31m=[32m"inline-flex items-center justify-center gap-2 whitespace-nowrap text-sm font-medium ring-offset-background transition-colors focus-visible:outline-none focus-visible:ring-2 focus-visible:ring-ring focus-visible:ring-offset-2 disabled:pointer-events-none disabled:opacity-50 [&_svg]:pointer-events-none [&_svg]:size-4 [&_svg]:shrink-0 border border-input bg-background hover:bg-accent hover:text-accent-foreground h-9 rounded-md px-3"[31m
                [36m>[31m
                  [0mAcknowledge[0m
                [36m</button>[31m
              [36m</div>[31m
              [36m<div[31m
                [33mclass[31m=[32m"flex items-center justify-between p-3 border rounded-lg"[31m
              [36m>[31m
                [36m<div[31m
                  [33mclass[31m=[32m"flex-1"[31m
                [36m>[31m
                  [36m<div[31m
                    [33mclass[31m=[32m"flex items-center gap-2 mb-1"[31m
                  [36m>[31m
                    [36m<div[31m
                      [33mclass[31m=[32m"inline-flex items-center rounded-full border px-2.5 py-0.5 text-xs font-semibold transition-colors focus:outline-none focus:ring-2 focus:ring-ring focus:ring-offset-2 border-transparent hover:bg-primary/80 bg-red-100 text-red-800"[31m
                    [36m>[31m
                      [0mCRITICAL[0m
                    [36m</div>[31m
                    [36m<span[31m
                      [33mclass[31m=[32m"font-medium"[31m
                    [36m>[31m
                      [0mNetwork latency is critically high (1500ms)[0m
                    [36m</span>[31m
                  [36m</div>[31m
                  [36m<p[31m
                    [33mclass[31m=[32m"text-sm text-gray-600"[31m
                  [36m>[31m
                    [0mValue: [0m
                    [0m1500[0m
                    [0m | Threshold: [0m
                    [0m1000[0m
                    [0m | [0m
                    [0m5:30:32 PM[0m
                  [36m</p>[31m
                [36m</div>[31m
                [36m<button[31m
                  [33mclass[31m=[32m"inline-flex items-center justify-center gap-2 whitespace-nowrap text-sm font-medium ring-offset-background transition-colors focus-visible:outline-none focus-visible:ring-2 focus-visible:ring-ring focus-visible:ring-offset-2 disabled:pointer-events-none disabled:opacity-50 [&_svg]:pointer-events-none [&_svg]:size-4 [&_svg]:shrink-0 border border-input bg-background hover:bg-accent hover:text-accent-foreground h-9 rounded-md px-3"[31m
                [36m>[31m
                  [0mAcknowledge[0m
                [36m</button>[31m
              [36m</div>[31m
            [36m</div>[31m
          [36m</div>[31m
        [36m</div>[31m
        [36m<div[31m
          [33mclass[31m=[32m"rounded-lg border bg-card text-card-foreground shadow-sm"[31m
        [36m>[31m
          [36m<div[31m
            [33mclass[31m=[32m"p-6 flex flex-row items-center justify-between space-y-0 pb-2"[31m
          [36m>[31m
            [36m<h3[31m
              [33mclass[31m=[32m"tracking-tight text-lg font-medium"[31m
            [36m>[31m
              [0mSystem Health[0m
            [36m</h3>[31m
            [36m<div[31m
              [33mclass[31m=[32m"flex items-center gap-2"[31m
            [36m>[31m
              [36m<button[31m
                [33mclass[31m=[32m"inl...[39m
[31m   [31m×[31m HealthCheck Component[2m > [22mPerformance Metrics Display[2m > [22mshould show warning colors for high memory usage[39m[33m 1023[2mms[22m[39m
[31m     → [2mexpect([22m[31mreceived[31m[2m).toHaveClass()[22m

[31mreceived[31m value must be an HTMLElement or an SVGElement.
Received has type:  Null
Received has value: [31mnull[31m

Ignored nodes: comments, script, style
[36m<html>[31m
  [36m<head />[31m
  [36m<body>[31m
    [36m<div>[31m
      [36m<div[31m
        [33mclass[31m=[32m"space-y-6"[31m
      [36m>[31m
        [36m<div[31m
          [33mclass[31m=[32m"rounded-lg border bg-card text-card-foreground shadow-sm"[31m
        [36m>[31m
          [36m<div[31m
            [33mclass[31m=[32m"flex flex-col space-y-1.5 p-6"[31m
          [36m>[31m
            [36m<h3[31m
              [33mclass[31m=[32m"tracking-tight text-lg font-medium flex items-center gap-2"[31m
            [36m>[31m
              [36m<svg[31m
                [33mclass[31m=[32m"lucide lucide-bell h-5 w-5 text-red-600"[31m
                [33mfill[31m=[32m"none"[31m
                [33mheight[31m=[32m"24"[31m
                [33mstroke[31m=[32m"currentColor"[31m
                [33mstroke-linecap[31m=[32m"round"[31m
                [33mstroke-linejoin[31m=[32m"round"[31m
                [33mstroke-width[31m=[32m"2"[31m
                [33mviewBox[31m=[32m"0 0 24 24"[31m
                [33mwidth[31m=[32m"24"[31m
                [33mxmlns[31m=[32m"http://www.w3.org/2000/svg"[31m
              [36m>[31m
                [36m<path[31m
                  [33md[31m=[32m"M10.268 21a2 2 0 0 0 3.464 0"[31m
                [36m/>[31m
                [36m<path[31m
                  [33md[31m=[32m"M3.262 15.326A1 1 0 0 0 4 17h16a1 1 0 0 0 .74-1.673C19.41 13.956 18 12.499 18 8A6 6 0 0 0 6 8c0 4.499-1.411 5.956-2.738 7.326"[31m
                [36m/>[31m
              [36m</svg>[31m
              [0mActive Alerts ([0m
              [0m2[0m
              [0m)[0m
            [36m</h3>[31m
          [36m</div>[31m
          [36m<div[31m
            [33mclass[31m=[32m"p-6 pt-0"[31m
          [36m>[31m
            [36m<div[31m
              [33mclass[31m=[32m"space-y-3"[31m
            [36m>[31m
              [36m<div[31m
                [33mclass[31m=[32m"flex items-center justify-between p-3 border rounded-lg"[31m
              [36m>[31m
                [36m<div[31m
                  [33mclass[31m=[32m"flex-1"[31m
                [36m>[31m
                  [36m<div[31m
                    [33mclass[31m=[32m"flex items-center gap-2 mb-1"[31m
                  [36m>[31m
                    [36m<div[31m
                      [33mclass[31m=[32m"inline-flex items-center rounded-full border px-2.5 py-0.5 text-xs font-semibold transition-colors focus:outline-none focus:ring-2 focus:ring-ring focus:ring-offset-2 border-transparent hover:bg-primary/80 bg-gray-100 text-gray-800"[31m
                    [36m>[31m
                      [0mWARNING[0m
                    [36m</div>[31m
                    [36m<span[31m
                      [33mclass[31m=[32m"font-medium"[31m
                    [36m>[31m
                      [0mMemory usage is high (85%)[0m
                    [36m</span>[31m
                  [36m</div>[31m
                  [36m<p[31m
                    [33mclass[31m=[32m"text-sm text-gray-600"[31m
                  [36m>[31m
                    [0mValue: [0m
                    [0m85[0m
                    [0m | Threshold: [0m
                    [0m80[0m
                    [0m | [0m
                    [0m5:35:32 PM[0m
                  [36m</p>[31m
                [36m</div>[31m
                [36m<button[31m
                  [33mclass[31m=[32m"inline-flex items-center justify-center gap-2 whitespace-nowrap text-sm font-medium ring-offset-background transition-colors focus-visible:outline-none focus-visible:ring-2 focus-visible:ring-ring focus-visible:ring-offset-2 disabled:pointer-events-none disabled:opacity-50 [&_svg]:pointer-events-none [&_svg]:size-4 [&_svg]:shrink-0 border border-input bg-background hover:bg-accent hover:text-accent-foreground h-9 rounded-md px-3"[31m
                [36m>[31m
                  [0mAcknowledge[0m
                [36m</button>[31m
              [36m</div>[31m
              [36m<div[31m
                [33mclass[31m=[32m"flex items-center justify-between p-3 border rounded-lg"[31m
              [36m>[31m
                [36m<div[31m
                  [33mclass[31m=[32m"flex-1"[31m
                [36m>[31m
                  [36m<div[31m
                    [33mclass[31m=[32m"flex items-center gap-2 mb-1"[31m
                  [36m>[31m
                    [36m<div[31m
                      [33mclass[31m=[32m"inline-flex items-center rounded-full border px-2.5 py-0.5 text-xs font-semibold transition-colors focus:outline-none focus:ring-2 focus:ring-ring focus:ring-offset-2 border-transparent hover:bg-primary/80 bg-red-100 text-red-800"[31m
                    [36m>[31m
                      [0mCRITICAL[0m
                    [36m</div>[31m
                    [36m<span[31m
                      [33mclass[31m=[32m"font-medium"[31m
                    [36m>[31m
                      [0mNetwork latency is critically high (1500ms)[0m
                    [36m</span>[31m
                  [36m</div>[31m
                  [36m<p[31m
                    [33mclass[31m=[32m"text-sm text-gray-600"[31m
                  [36m>[31m
                    [0mValue: [0m
                    [0m1500[0m
                    [0m | Threshold: [0m
                    [0m1000[0m
                    [0m | [0m
                    [0m5:30:32 PM[0m
                  [36m</p>[31m
                [36m</div>[31m
                [36m<button[31m
                  [33mclass[31m=[32m"inline-flex items-center justify-center gap-2 whitespace-nowrap text-sm font-medium ring-offset-background transition-colors focus-visible:outline-none focus-visible:ring-2 focus-visible:ring-ring focus-visible:ring-offset-2 disabled:pointer-events-none disabled:opacity-50 [&_svg]:pointer-events-none [&_svg]:size-4 [&_svg]:shrink-0 border border-input bg-background hover:bg-accent hover:text-accent-foreground h-9 rounded-md px-3"[31m
                [36m>[31m
                  [0mAcknowledge[0m
                [36m</button>[31m
              [36m</div>[31m
            [36m</div>[31m
          [36m</div>[31m
        [36m</div>[31m
        [36m<div[31m
          [33mclass[31m=[32m"rounded-lg border bg-card text-card-foreground shadow-sm"[31m
        [36m>[31m
          [36m<div[31m
            [33mclass[31m=[32m"p-6 flex flex-row items-center justify-between space-y-0 pb-2"[31m
          [36m>[31m
            [36m<h3[31m
              [33mclass[31m=[32m"tracking-tight text-lg font-medium"[31m
            [36m>[31m
              [0mSystem Health[0m
            [36m</h3>[31m
            [36m<div[31m
              [33mclass[31m=[32m"flex items-center gap-2"[31m
            [36m>[31m
              [36m<button[31m
                [33mclass[31m=[32m"inl...[39m
[31m   [31m×[31m HealthCheck Component[2m > [22mPerformance Metrics Display[2m > [22mshould show critical colors for very high memory usage[39m[33m 1032[2mms[22m[39m
[31m     → [2mexpect([22m[31mreceived[31m[2m).toHaveClass()[22m

[31mreceived[31m value must be an HTMLElement or an SVGElement.
Received has type:  Null
Received has value: [31mnull[31m

Ignored nodes: comments, script, style
[36m<html>[31m
  [36m<head />[31m
  [36m<body>[31m
    [36m<div>[31m
      [36m<div[31m
        [33mclass[31m=[32m"space-y-6"[31m
      [36m>[31m
        [36m<div[31m
          [33mclass[31m=[32m"rounded-lg border bg-card text-card-foreground shadow-sm"[31m
        [36m>[31m
          [36m<div[31m
            [33mclass[31m=[32m"flex flex-col space-y-1.5 p-6"[31m
          [36m>[31m
            [36m<h3[31m
              [33mclass[31m=[32m"tracking-tight text-lg font-medium flex items-center gap-2"[31m
            [36m>[31m
              [36m<svg[31m
                [33mclass[31m=[32m"lucide lucide-bell h-5 w-5 text-red-600"[31m
                [33mfill[31m=[32m"none"[31m
                [33mheight[31m=[32m"24"[31m
                [33mstroke[31m=[32m"currentColor"[31m
                [33mstroke-linecap[31m=[32m"round"[31m
                [33mstroke-linejoin[31m=[32m"round"[31m
                [33mstroke-width[31m=[32m"2"[31m
                [33mviewBox[31m=[32m"0 0 24 24"[31m
                [33mwidth[31m=[32m"24"[31m
                [33mxmlns[31m=[32m"http://www.w3.org/2000/svg"[31m
              [36m>[31m
                [36m<path[31m
                  [33md[31m=[32m"M10.268 21a2 2 0 0 0 3.464 0"[31m
                [36m/>[31m
                [36m<path[31m
                  [33md[31m=[32m"M3.262 15.326A1 1 0 0 0 4 17h16a1 1 0 0 0 .74-1.673C19.41 13.956 18 12.499 18 8A6 6 0 0 0 6 8c0 4.499-1.411 5.956-2.738 7.326"[31m
                [36m/>[31m
              [36m</svg>[31m
              [0mActive Alerts ([0m
              [0m2[0m
              [0m)[0m
            [36m</h3>[31m
          [36m</div>[31m
          [36m<div[31m
            [33mclass[31m=[32m"p-6 pt-0"[31m
          [36m>[31m
            [36m<div[31m
              [33mclass[31m=[32m"space-y-3"[31m
            [36m>[31m
              [36m<div[31m
                [33mclass[31m=[32m"flex items-center justify-between p-3 border rounded-lg"[31m
              [36m>[31m
                [36m<div[31m
                  [33mclass[31m=[32m"flex-1"[31m
                [36m>[31m
                  [36m<div[31m
                    [33mclass[31m=[32m"flex items-center gap-2 mb-1"[31m
                  [36m>[31m
                    [36m<div[31m
                      [33mclass[31m=[32m"inline-flex items-center rounded-full border px-2.5 py-0.5 text-xs font-semibold transition-colors focus:outline-none focus:ring-2 focus:ring-ring focus:ring-offset-2 border-transparent hover:bg-primary/80 bg-gray-100 text-gray-800"[31m
                    [36m>[31m
                      [0mWARNING[0m
                    [36m</div>[31m
                    [36m<span[31m
                      [33mclass[31m=[32m"font-medium"[31m
                    [36m>[31m
                      [0mMemory usage is high (85%)[0m
                    [36m</span>[31m
                  [36m</div>[31m
                  [36m<p[31m
                    [33mclass[31m=[32m"text-sm text-gray-600"[31m
                  [36m>[31m
                    [0mValue: [0m
                    [0m85[0m
                    [0m | Threshold: [0m
                    [0m80[0m
                    [0m | [0m
                    [0m5:35:32 PM[0m
                  [36m</p>[31m
                [36m</div>[31m
                [36m<button[31m
                  [33mclass[31m=[32m"inline-flex items-center justify-center gap-2 whitespace-nowrap text-sm font-medium ring-offset-background transition-colors focus-visible:outline-none focus-visible:ring-2 focus-visible:ring-ring focus-visible:ring-offset-2 disabled:pointer-events-none disabled:opacity-50 [&_svg]:pointer-events-none [&_svg]:size-4 [&_svg]:shrink-0 border border-input bg-background hover:bg-accent hover:text-accent-foreground h-9 rounded-md px-3"[31m
                [36m>[31m
                  [0mAcknowledge[0m
                [36m</button>[31m
              [36m</div>[31m
              [36m<div[31m
                [33mclass[31m=[32m"flex items-center justify-between p-3 border rounded-lg"[31m
              [36m>[31m
                [36m<div[31m
                  [33mclass[31m=[32m"flex-1"[31m
                [36m>[31m
                  [36m<div[31m
                    [33mclass[31m=[32m"flex items-center gap-2 mb-1"[31m
                  [36m>[31m
                    [36m<div[31m
                      [33mclass[31m=[32m"inline-flex items-center rounded-full border px-2.5 py-0.5 text-xs font-semibold transition-colors focus:outline-none focus:ring-2 focus:ring-ring focus:ring-offset-2 border-transparent hover:bg-primary/80 bg-red-100 text-red-800"[31m
                    [36m>[31m
                      [0mCRITICAL[0m
                    [36m</div>[31m
                    [36m<span[31m
                      [33mclass[31m=[32m"font-medium"[31m
                    [36m>[31m
                      [0mNetwork latency is critically high (1500ms)[0m
                    [36m</span>[31m
                  [36m</div>[31m
                  [36m<p[31m
                    [33mclass[31m=[32m"text-sm text-gray-600"[31m
                  [36m>[31m
                    [0mValue: [0m
                    [0m1500[0m
                    [0m | Threshold: [0m
                    [0m1000[0m
                    [0m | [0m
                    [0m5:30:32 PM[0m
                  [36m</p>[31m
                [36m</div>[31m
                [36m<button[31m
                  [33mclass[31m=[32m"inline-flex items-center justify-center gap-2 whitespace-nowrap text-sm font-medium ring-offset-background transition-colors focus-visible:outline-none focus-visible:ring-2 focus-visible:ring-ring focus-visible:ring-offset-2 disabled:pointer-events-none disabled:opacity-50 [&_svg]:pointer-events-none [&_svg]:size-4 [&_svg]:shrink-0 border border-input bg-background hover:bg-accent hover:text-accent-foreground h-9 rounded-md px-3"[31m
                [36m>[31m
                  [0mAcknowledge[0m
                [36m</button>[31m
              [36m</div>[31m
            [36m</div>[31m
          [36m</div>[31m
        [36m</div>[31m
        [36m<div[31m
          [33mclass[31m=[32m"rounded-lg border bg-card text-card-foreground shadow-sm"[31m
        [36m>[31m
          [36m<div[31m
            [33mclass[31m=[32m"p-6 flex flex-row items-center justify-between space-y-0 pb-2"[31m
          [36m>[31m
            [36m<h3[31m
              [33mclass[31m=[32m"tracking-tight text-lg font-medium"[31m
            [36m>[31m
              [0mSystem Health[0m
            [36m</h3>[31m
            [36m<div[31m
              [33mclass[31m=[32m"flex items-center gap-2"[31m
            [36m>[31m
              [36m<button[31m
                [33mclass[31m=[32m"inl...[39m
   [32m✓[39m HealthCheck Component[2m > [22mActive Alerts[2m > [22mshould display active alerts with correct information[32m 118[2mms[22m[39m
   [32m✓[39m HealthCheck Component[2m > [22mActive Alerts[2m > [22mshould display severity badges correctly[32m 74[2mms[22m[39m
[31m   [31m×[31m HealthCheck Component[2m > [22mActive Alerts[2m > [22mshould display relative timestamps[39m[33m 1025[2mms[22m[39m
[31m     → Unable to find an element with the text: 5 minutes ago. This could be because the text is broken up by multiple elements. In this case, you can provide a function for your text matcher to make your matcher more flexible.

Ignored nodes: comments, script, style
[36m<body>[31m
  [36m<div>[31m
    [36m<div[31m
      [33mclass[31m=[32m"space-y-6"[31m
    [36m>[31m
      [36m<div[31m
        [33mclass[31m=[32m"rounded-lg border bg-card text-card-foreground shadow-sm"[31m
      [36m>[31m
        [36m<div[31m
          [33mclass[31m=[32m"flex flex-col space-y-1.5 p-6"[31m
        [36m>[31m
          [36m<h3[31m
            [33mclass[31m=[32m"tracking-tight text-lg font-medium flex items-center gap-2"[31m
          [36m>[31m
            [36m<svg[31m
              [33mclass[31m=[32m"lucide lucide-bell h-5 w-5 text-red-600"[31m
              [33mfill[31m=[32m"none"[31m
              [33mheight[31m=[32m"24"[31m
              [33mstroke[31m=[32m"currentColor"[31m
              [33mstroke-linecap[31m=[32m"round"[31m
              [33mstroke-linejoin[31m=[32m"round"[31m
              [33mstroke-width[31m=[32m"2"[31m
              [33mviewBox[31m=[32m"0 0 24 24"[31m
              [33mwidth[31m=[32m"24"[31m
              [33mxmlns[31m=[32m"http://www.w3.org/2000/svg"[31m
            [36m>[31m
              [36m<path[31m
                [33md[31m=[32m"M10.268 21a2 2 0 0 0 3.464 0"[31m
              [36m/>[31m
              [36m<path[31m
                [33md[31m=[32m"M3.262 15.326A1 1 0 0 0 4 17h16a1 1 0 0 0 .74-1.673C19.41 13.956 18 12.499 18 8A6 6 0 0 0 6 8c0 4.499-1.411 5.956-2.738 7.326"[31m
              [36m/>[31m
            [36m</svg>[31m
            [0mActive Alerts ([0m
            [0m2[0m
            [0m)[0m
          [36m</h3>[31m
        [36m</div>[31m
        [36m<div[31m
          [33mclass[31m=[32m"p-6 pt-0"[31m
        [36m>[31m
          [36m<div[31m
            [33mclass[31m=[32m"space-y-3"[31m
          [36m>[31m
            [36m<div[31m
              [33mclass[31m=[32m"flex items-center justify-between p-3 border rounded-lg"[31m
            [36m>[31m
              [36m<div[31m
                [33mclass[31m=[32m"flex-1"[31m
              [36m>[31m
                [36m<div[31m
                  [33mclass[31m=[32m"flex items-center gap-2 mb-1"[31m
                [36m>[31m
                  [36m<div[31m
                    [33mclass[31m=[32m"inline-flex items-center rounded-full border px-2.5 py-0.5 text-xs font-semibold transition-colors focus:outline-none focus:ring-2 focus:ring-ring focus:ring-offset-2 border-transparent hover:bg-primary/80 bg-gray-100 text-gray-800"[31m
                  [36m>[31m
                    [0mWARNING[0m
                  [36m</div>[31m
                  [36m<span[31m
                    [33mclass[31m=[32m"font-medium"[31m
                  [36m>[31m
                    [0mMemory usage is high (85%)[0m
                  [36m</span>[31m
                [36m</div>[31m
                [36m<p[31m
                  [33mclass[31m=[32m"text-sm text-gray-600"[31m
                [36m>[31m
                  [0mValue: [0m
                  [0m85[0m
                  [0m | Threshold: [0m
                  [0m80[0m
                  [0m | [0m
                  [0m5:35:32 PM[0m
                [36m</p>[31m
              [36m</div>[31m
              [36m<button[31m
                [33mclass[31m=[32m"inline-flex items-center justify-center gap-2 whitespace-nowrap text-sm font-medium ring-offset-background transition-colors focus-visible:outline-none focus-visible:ring-2 focus-visible:ring-ring focus-visible:ring-offset-2 disabled:pointer-events-none disabled:opacity-50 [&_svg]:pointer-events-none [&_svg]:size-4 [&_svg]:shrink-0 border border-input bg-background hover:bg-accent hover:text-accent-foreground h-9 rounded-md px-3"[31m
              [36m>[31m
                [0mAcknowledge[0m
              [36m</button>[31m
            [36m</div>[31m
            [36m<div[31m
              [33mclass[31m=[32m"flex items-center justify-between p-3 border rounded-lg"[31m
            [36m>[31m
              [36m<div[31m
                [33mclass[31m=[32m"flex-1"[31m
              [36m>[31m
                [36m<div[31m
                  [33mclass[31m=[32m"flex items-center gap-2 mb-1"[31m
                [36m>[31m
                  [36m<div[31m
                    [33mclass[31m=[32m"inline-flex items-center rounded-full border px-2.5 py-0.5 text-xs font-semibold transition-colors focus:outline-none focus:ring-2 focus:ring-ring focus:ring-offset-2 border-transparent hover:bg-primary/80 bg-red-100 text-red-800"[31m
                  [36m>[31m
                    [0mCRITICAL[0m
                  [36m</div>[31m
                  [36m<span[31m
                    [33mclass[31m=[32m"font-medium"[31m
                  [36m>[31m
                    [0mNetwork latency is critically high (1500ms)[0m
                  [36m</span>[31m
                [36m</div>[31m
                [36m<p[31m
                  [33mclass[31m=[32m"text-sm text-gray-600"[31m
                [36m>[31m
                  [0mValue: [0m
                  [0m1500[0m
                  [0m | Threshold: [0m
                  [0m1000[0m
                  [0m | [0m
                  [0m5:30:32 PM[0m
                [36m</p>[31m
              [36m</div>[31m
              [36m<button[31m
                [33mclass[31m=[32m"inline-flex items-center justify-center gap-2 whitespace-nowrap text-sm font-medium ring-offset-background transition-colors focus-visible:outline-none focus-visible:ring-2 focus-visible:ring-ring focus-visible:ring-offset-2 disabled:pointer-events-none disabled:opacity-50 [&_svg]:pointer-events-none [&_svg]:size-4 [&_svg]:shrink-0 border border-input bg-background hover:bg-accent hover:text-accent-foreground h-9 rounded-md px-3"[31m
              [36m>[31m
                [0mAcknowledge[0m
              [36m</button>[31m
            [36m</div>[31m
          [36m</div>[31m
        [36m</div>[31m
      [36m</div>[31m
      [36m<div[31m
        [33mclass[31m=[32m"rounded-lg border bg-card text-card-foreground shadow-sm"[31m
      [36m>[31m
        [36m<div[31m
          [33mclass[31m=[32m"p-6 flex flex-row items-center justify-between space-y-0 pb-2"[31m
        [36m>[31m
          [36m<h3[31m
            [33mclass[31m=[32m"tracking-tight text-lg font-medium"[31m
          [36m>[31m
            [0mSystem Health[0m
          [36m</h3>[31m
          [36m<div[31m
            [33mclass[31m=[32m"flex items-center gap-2"[31m
          [36m>[31m
            [36m<button[31m
              [33mclass[31m=[32m"inline-flex items-center justify-center gap-2 whitespace-nowrap text-sm font-medium ring-offset-background transition-colors focus-visible:outline-none focus-visible:ring-2 focus-visible:ring-ring focus-visible:ring-offset-2 disabled:pointer-events-none disabled:opacity-50 [&_svg]:pointer-events-none [&_svg]:size-...

Ignored nodes: comments, script, style
[36m<html>[31m
  [36m<head />[31m
  [36m<body>[31m
    [36m<div>[31m
      [36m<div[31m
        [33mclass[31m=[32m"space-y-6"[31m
      [36m>[31m
        [36m<div[31m
          [33mclass[31m=[32m"rounded-lg border bg-card text-card-foreground shadow-sm"[31m
        [36m>[31m
          [36m<div[31m
            [33mclass[31m=[32m"flex flex-col space-y-1.5 p-6"[31m
          [36m>[31m
            [36m<h3[31m
              [33mclass[31m=[32m"tracking-tight text-lg font-medium flex items-center gap-2"[31m
            [36m>[31m
              [36m<svg[31m
                [33mclass[31m=[32m"lucide lucide-bell h-5 w-5 text-red-600"[31m
                [33mfill[31m=[32m"none"[31m
                [33mheight[31m=[32m"24"[31m
                [33mstroke[31m=[32m"currentColor"[31m
                [33mstroke-linecap[31m=[32m"round"[31m
                [33mstroke-linejoin[31m=[32m"round"[31m
                [33mstroke-width[31m=[32m"2"[31m
                [33mviewBox[31m=[32m"0 0 24 24"[31m
                [33mwidth[31m=[32m"24"[31m
                [33mxmlns[31m=[32m"http://www.w3.org/2000/svg"[31m
              [36m>[31m
                [36m<path[31m
                  [33md[31m=[32m"M10.268 21a2 2 0 0 0 3.464 0"[31m
                [36m/>[31m
                [36m<path[31m
                  [33md[31m=[32m"M3.262 15.326A1 1 0 0 0 4 17h16a1 1 0 0 0 .74-1.673C19.41 13.956 18 12.499 18 8A6 6 0 0 0 6 8c0 4.499-1.411 5.956-2.738 7.326"[31m
                [36m/>[31m
              [36m</svg>[31m
              [0mActive Alerts ([0m
              [0m2[0m
              [0m)[0m
            [36m</h3>[31m
          [36m</div>[31m
          [36m<div[31m
            [33mclass[31m=[32m"p-6 pt-0"[31m
          [36m>[31m
            [36m<div[31m
              [33mclass[31m=[32m"space-y-3"[31m
            [36m>[31m
              [36m<div[31m
                [33mclass[31m=[32m"flex items-center justify-between p-3 border rounded-lg"[31m
              [36m>[31m
                [36m<div[31m
                  [33mclass[31m=[32m"flex-1"[31m
                [36m>[31m
                  [36m<div[31m
                    [33mclass[31m=[32m"flex items-center gap-2 mb-1"[31m
                  [36m>[31m
                    [36m<div[31m
                      [33mclass[31m=[32m"inline-flex items-center rounded-full border px-2.5 py-0.5 text-xs font-semibold transition-colors focus:outline-none focus:ring-2 focus:ring-ring focus:ring-offset-2 border-transparent hover:bg-primary/80 bg-gray-100 text-gray-800"[31m
                    [36m>[31m
                      [0mWARNING[0m
                    [36m</div>[31m
                    [36m<span[31m
                      [33mclass[31m=[32m"font-medium"[31m
                    [36m>[31m
                      [0mMemory usage is high (85%)[0m
                    [36m</span>[31m
                  [36m</div>[31m
                  [36m<p[31m
                    [33mclass[31m=[32m"text-sm text-gray-600"[31m
                  [36m>[31m
                    [0mValue: [0m
                    [0m85[0m
                    [0m | Threshold: [0m
                    [0m80[0m
                    [0m | [0m
                    [0m5:35:32 PM[0m
                  [36m</p>[31m
                [36m</div>[31m
                [36m<button[31m
                  [33mclass[31m=[32m"inline-flex items-center justify-center gap-2 whitespace-nowrap text-sm font-medium ring-offset-background transition-colors focus-visible:outline-none focus-visible:ring-2 focus-visible:ring-ring focus-visible:ring-offset-2 disabled:pointer-events-none disabled:opacity-50 [&_svg]:pointer-events-none [&_svg]:size-4 [&_svg]:shrink-0 border border-input bg-background hover:bg-accent hover:text-accent-foreground h-9 rounded-md px-3"[31m
                [36m>[31m
                  [0mAcknowledge[0m
                [36m</button>[31m
              [36m</div>[31m
              [36m<div[31m
                [33mclass[31m=[32m"flex items-center justify-between p-3 border rounded-lg"[31m
              [36m>[31m
                [36m<div[31m
                  [33mclass[31m=[32m"flex-1"[31m
                [36m>[31m
                  [36m<div[31m
                    [33mclass[31m=[32m"flex items-center gap-2 mb-1"[31m
                  [36m>[31m
                    [36m<div[31m
                      [33mclass[31m=[32m"inline-flex items-center rounded-full border px-2.5 py-0.5 text-xs font-semibold transition-colors focus:outline-none focus:ring-2 focus:ring-ring focus:ring-offset-2 border-transparent hover:bg-primary/80 bg-red-100 text-red-800"[31m
                    [36m>[31m
                      [0mCRITICAL[0m
                    [36m</div>[31m
                    [36m<span[31m
                      [33mclass[31m=[32m"font-medium"[31m
                    [36m>[31m
                      [0mNetwork latency is critically high (1500ms)[0m
                    [36m</span>[31m
                  [36m</div>[31m
                  [36m<p[31m
                    [33mclass[31m=[32m"text-sm text-gray-600"[31m
                  [36m>[31m
                    [0mValue: [0m
                    [0m1500[0m
                    [0m | Threshold: [0m
                    [0m1000[0m
                    [0m | [0m
                    [0m5:30:32 PM[0m
                  [36m</p>[31m
                [36m</div>[31m
                [36m<button[31m
                  [33mclass[31m=[32m"inline-flex items-center justify-center gap-2 whitespace-nowrap text-sm font-medium ring-offset-background transition-colors focus-visible:outline-none focus-visible:ring-2 focus-visible:ring-ring focus-visible:ring-offset-2 disabled:pointer-events-none disabled:opacity-50 [&_svg]:pointer-events-none [&_svg]:size-4 [&_svg]:shrink-0 border border-input bg-background hover:bg-accent hover:text-accent-foreground h-9 rounded-md px-3"[31m
                [36m>[31m
                  [0mAcknowledge[0m
                [36m</button>[31m
              [36m</div>[31m
            [36m</div>[31m
          [36m</div>[31m
        [36m</div>[31m
        [36m<div[31m
          [33mclass[31m=[32m"rounded-lg border bg-card text-card-foreground shadow-sm"[31m
        [36m>[31m
          [36m<div[31m
            [33mclass[31m=[32m"p-6 flex flex-row items-center justify-between space-y-0 pb-2"[31m
          [36m>[31m
            [36m<h3[31m
              [33mclass[31m=[32m"tracking-tight text-lg font-medium"[31m
            [36m>[31m
              [0mSystem Health[0m
            [36m</h3>[31m
            [36m<div[31m
              [33mclass[31m=[32m"flex items-center gap-2"[31m
            [36m>[31m
              [36m<button[31m
                [33mclass[31m=[32m"inl...[39m
   [32m✓[39m HealthCheck Component[2m > [22mActive Alerts[2m > [22mshould handle acknowledge button clicks[32m 127[2mms[22m[39m
[31m   [31m×[31m HealthCheck Component[2m > [22mActive Alerts[2m > [22mshould show message when no active alerts[39m[33m 1044[2mms[22m[39m
[31m     → Unable to find an element with the text: No active alerts. This could be because the text is broken up by multiple elements. In this case, you can provide a function for your text matcher to make your matcher more flexible.

Ignored nodes: comments, script, style
[36m<body>[31m
  [36m<div>[31m
    [36m<div[31m
      [33mclass[31m=[32m"space-y-6"[31m
    [36m>[31m
      [36m<div[31m
        [33mclass[31m=[32m"rounded-lg border bg-card text-card-foreground shadow-sm"[31m
      [36m>[31m
        [36m<div[31m
          [33mclass[31m=[32m"p-6 flex flex-row items-center justify-between space-y-0 pb-2"[31m
        [36m>[31m
          [36m<h3[31m
            [33mclass[31m=[32m"tracking-tight text-lg font-medium"[31m
          [36m>[31m
            [0mSystem Health[0m
          [36m</h3>[31m
          [36m<div[31m
            [33mclass[31m=[32m"flex items-center gap-2"[31m
          [36m>[31m
            [36m<button[31m
              [33mclass[31m=[32m"inline-flex items-center justify-center gap-2 whitespace-nowrap text-sm font-medium ring-offset-background transition-colors focus-visible:outline-none focus-visible:ring-2 focus-visible:ring-ring focus-visible:ring-offset-2 disabled:pointer-events-none disabled:opacity-50 [&_svg]:pointer-events-none [&_svg]:size-4 [&_svg]:shrink-0 hover:bg-accent hover:text-accent-foreground h-9 rounded-md px-3 text-green-600"[31m
            [36m>[31m
              [0mAuto-refresh [0m
              [0mON[0m
            [36m</button>[31m
            [36m<button[31m
              [33mclass[31m=[32m"inline-flex items-center justify-center gap-2 whitespace-nowrap text-sm font-medium ring-offset-background transition-colors focus-visible:outline-none focus-visible:ring-2 focus-visible:ring-ring focus-visible:ring-offset-2 disabled:pointer-events-none disabled:opacity-50 [&_svg]:pointer-events-none [&_svg]:size-4 [&_svg]:shrink-0 border border-input bg-background hover:bg-accent hover:text-accent-foreground h-9 rounded-md px-3"[31m
            [36m>[31m
              [36m<svg[31m
                [33mclass[31m=[32m"lucide lucide-refresh-cw h-4 w-4 mr-2"[31m
                [33mfill[31m=[32m"none"[31m
                [33mheight[31m=[32m"24"[31m
                [33mstroke[31m=[32m"currentColor"[31m
                [33mstroke-linecap[31m=[32m"round"[31m
                [33mstroke-linejoin[31m=[32m"round"[31m
                [33mstroke-width[31m=[32m"2"[31m
                [33mviewBox[31m=[32m"0 0 24 24"[31m
                [33mwidth[31m=[32m"24"[31m
                [33mxmlns[31m=[32m"http://www.w3.org/2000/svg"[31m
              [36m>[31m
                [36m<path[31m
                  [33md[31m=[32m"M3 12a9 9 0 0 1 9-9 9.75 9.75 0 0 1 6.74 2.74L21 8"[31m
                [36m/>[31m
                [36m<path[31m
                  [33md[31m=[32m"M21 3v5h-5"[31m
                [36m/>[31m
                [36m<path[31m
                  [33md[31m=[32m"M21 12a9 9 0 0 1-9 9 9.75 9.75 0 0 1-6.74-2.74L3 16"[31m
                [36m/>[31m
                [36m<path[31m
                  [33md[31m=[32m"M8 16H3v5"[31m
                [36m/>[31m
              [36m</svg>[31m
              [0mRefresh[0m
            [36m</button>[31m
          [36m</div>[31m
        [36m</div>[31m
        [36m<div[31m
          [33mclass[31m=[32m"p-6 pt-0"[31m
        [36m>[31m
          [36m<div[31m
            [33mclass[31m=[32m"space-y-4"[31m
          [36m>[31m
            [36m<div[31m
              [33mclass[31m=[32m"flex items-center justify-between"[31m
            [36m>[31m
              [36m<span[31m
                [33mclass[31m=[32m"text-sm font-medium"[31m
              [36m>[31m
                [0mOverall Status[0m
              [36m</span>[31m
              [36m<div[31m
                [33mclass[31m=[32m"flex items-center gap-2"[31m
              [36m>[31m
                [36m<svg[31m
                  [33mclass[31m=[32m"lucide lucide-circle-check-big h-5 w-5 text-green-600"[31m
                  [33mfill[31m=[32m"none"[31m
                  [33mheight[31m=[32m"24"[31m
                  [33mstroke[31m=[32m"currentColor"[31m
                  [33mstroke-linecap[31m=[32m"round"[31m
                  [33mstroke-linejoin[31m=[32m"round"[31m
                  [33mstroke-width[31m=[32m"2"[31m
                  [33mviewBox[31m=[32m"0 0 24 24"[31m
                  [33mwidth[31m=[32m"24"[31m
                  [33mxmlns[31m=[32m"http://www.w3.org/2000/svg"[31m
                [36m>[31m
                  [36m<path[31m
                    [33md[31m=[32m"M21.801 10A10 10 0 1 1 17 3.335"[31m
                  [36m/>[31m
                  [36m<path[31m
                    [33md[31m=[32m"m9 11 3 3L22 4"[31m
                  [36m/>[31m
                [36m</svg>[31m
                [36m<div[31m
                  [33mclass[31m=[32m"inline-flex items-center rounded-full border px-2.5 py-0.5 text-xs font-semibold transition-colors focus:outline-none focus:ring-2 focus:ring-ring focus:ring-offset-2 border-transparent hover:bg-primary/80 bg-green-100 text-green-800"[31m
                [36m>[31m
                  [0mHEALTHY[0m
                [36m</div>[31m
              [36m</div>[31m
            [36m</div>[31m
            [36m<div[31m
              [33mclass[31m=[32m"grid grid-cols-1 md:grid-cols-3 gap-4"[31m
            [36m>[31m
              [36m<div[31m
                [33mclass[31m=[32m"space-y-2"[31m
              [36m>[31m
                [36m<div[31m
                  [33mclass[31m=[32m"flex items-center gap-2"[31m
                [36m>[31m
                  [36m<svg[31m
                    [33mclass[31m=[32m"lucide lucide-database h-4 w-4 text-blue-600"[31m
                    [33mfill[31m=[32m"none"[31m
                    [33mheight[31m=[32m"24"[31m
                    [33mstroke[31m=[32m"currentColor"[31m
                    [33mstroke-linecap[31m=[32m"round"[31m
                    [33mstroke-linejoin[31m=[32m"round"[31m
                    [33mstroke-width[31m=[32m"2"[31m
                    [33mviewBox[31m=[32m"0 0 24 24"[31m
                    [33mwidth[31m=[32m"24"[31m
                    [33mxmlns[31m=[32m"http://www.w3.org/2000/svg"[31m
                  [36m>[31m
                    [36m<ellipse[31m
                      [33mcx[31m=[32m"12"[31m
                      [33mcy[31m=[32m"5"[31m
                      [33mrx[31m=[32m"9"[31m
                      [33mry[31m=[32m"3"[31m
                    [36m/>[31m
                    [36m<path[31m
                      [33md[31m=[32m"M3 5V19A9 3 0 0 0 21 19V5"[31m
                    [36m/>[31m
                    [36m<path[31m
                      [33md[31m=[32m"M3 12A9 3 0 0 0 21 12"[31m
                    [36m/>[31m
                  [36m</svg>[31m
                  [36m<span[31m
                    [33mclass[31m=[32m"text-sm font-medium"[31m
                  [36m>[31m
                    [0mD...

Ignored nodes: comments, script, style
[36m<html>[31m
  [36m<head />[31m
  [36m<body>[31m
    [36m<div>[31m
      [36m<div[31m
        [33mclass[31m=[32m"space-y-6"[31m
      [36m>[31m
        [36m<div[31m
          [33mclass[31m=[32m"rounded-lg border bg-card text-card-foreground shadow-sm"[31m
        [36m>[31m
          [36m<div[31m
            [33mclass[31m=[32m"p-6 flex flex-row items-center justify-between space-y-0 pb-2"[31m
          [36m>[31m
            [36m<h3[31m
              [33mclass[31m=[32m"tracking-tight text-lg font-medium"[31m
            [36m>[31m
              [0mSystem Health[0m
            [36m</h3>[31m
            [36m<div[31m
              [33mclass[31m=[32m"flex items-center gap-2"[31m
            [36m>[31m
              [36m<button[31m
                [33mclass[31m=[32m"inline-flex items-center justify-center gap-2 whitespace-nowrap text-sm font-medium ring-offset-background transition-colors focus-visible:outline-none focus-visible:ring-2 focus-visible:ring-ring focus-visible:ring-offset-2 disabled:pointer-events-none disabled:opacity-50 [&_svg]:pointer-events-none [&_svg]:size-4 [&_svg]:shrink-0 hover:bg-accent hover:text-accent-foreground h-9 rounded-md px-3 text-green-600"[31m
              [36m>[31m
                [0mAuto-refresh [0m
                [0mON[0m
              [36m</button>[31m
              [36m<button[31m
                [33mclass[31m=[32m"inline-flex items-center justify-center gap-2 whitespace-nowrap text-sm font-medium ring-offset-background transition-colors focus-visible:outline-none focus-visible:ring-2 focus-visible:ring-ring focus-visible:ring-offset-2 disabled:pointer-events-none disabled:opacity-50 [&_svg]:pointer-events-none [&_svg]:size-4 [&_svg]:shrink-0 border border-input bg-background hover:bg-accent hover:text-accent-foreground h-9 rounded-md px-3"[31m
              [36m>[31m
                [36m<svg[31m
                  [33mclass[31m=[32m"lucide lucide-refresh-cw h-4 w-4 mr-2"[31m
                  [33mfill[31m=[32m"none"[31m
                  [33mheight[31m=[32m"24"[31m
                  [33mstroke[31m=[32m"currentColor"[31m
                  [33mstroke-linecap[31m=[32m"round"[31m
                  [33mstroke-linejoin[31m=[32m"round"[31m
                  [33mstroke-width[31m=[32m"2"[31m
                  [33mviewBox[31m=[32m"0 0 24 24"[31m
                  [33mwidth[31m=[32m"24"[31m
                  [33mxmlns[31m=[32m"http://www.w3.org/2000/svg"[31m
                [36m>[31m
                  [36m<path[31m
                    [33md[31m=[32m"M3 12a9 9 0 0 1 9-9 9.75 9.75 0 0 1 6.74 2.74L21 8"[31m
                  [36m/>[31m
                  [36m<path[31m
                    [33md[31m=[32m"M21 3v5h-5"[31m
                  [36m/>[31m
                  [36m<path[31m
                    [33md[31m=[32m"M21 12a9 9 0 0 1-9 9 9.75 9.75 0 0 1-6.74-2.74L3 16"[31m
                  [36m/>[31m
                  [36m<path[31m
                    [33md[31m=[32m"M8 16H3v5"[31m
                  [36m/>[31m
                [36m</svg>[31m
                [0mRefresh[0m
              [36m</button>[31m
            [36m</div>[31m
          [36m</div>[31m
          [36m<div[31m
            [33mclass[31m=[32m"p-6 pt-0"[31m
          [36m>[31m
            [36m<div[31m
              [33mclass[31m=[32m"space-y-4"[31m
            [36m>[31m
              [36m<div[31m
                [33mclass[31m=[32m"flex items-center justify-between"[31m
              [36m>[31m
                [36m<span[31m
                  [33mclass[31m=[32m"text-sm font-medium"[31m
                [36m>[31m
                  [0mOverall Status[0m
                [36m</span>[31m
                [36m<div[31m
                  [33mclass[31m=[32m"flex items-center gap-2"[31m
                [36m>[31m
                  [36m<svg[31m
                    [33mclass[31m=[32m"lucide lucide-circle-check-big h-5 w-5 text-green-600"[31m
                    [33mfill[31m=[32m"none"[31m
                    [33mheight[31m=[32m"24"[31m
                    [33mstroke[31m=[32m"currentColor"[31m
                    [33mstroke-linecap[31m=[32m"round"[31m
                    [33mstroke-linejoin[31m=[32m"round"[31m
                    [33mstroke-width[31m=[32m"2"[31m
                    [33mviewBox[31m=[32m"0 0 24 24"[31m
                    [33mwidth[31m=[32m"24"[31m
                    [33mxmlns[31m=[32m"http://www.w3.org/2000/svg"[31m
                  [36m>[31m
                    [36m<path[31m
                      [33md[31m=[32m"M21.801 10A10 10 0 1 1 17 3.335"[31m
                    [36m/>[31m
                    [36m<path[31m
                      [33md[31m=[32m"m9 11 3 3L22 4"[31m
                    [36m/>[31m
                  [36m</svg>[31m
                  [36m<div[31m
                    [33mclass[31m=[32m"inline-flex items-center rounded-full border px-2.5 py-0.5 text-xs font-semibold transition-colors focus:outline-none focus:ring-2 focus:ring-ring focus:ring-offset-2 border-transparent hover:bg-primary/80 bg-green-100 text-green-800"[31m
                  [36m>[31m
                    [0mHEALTHY[0m
                  [36m</div>[31m
                [36m</div>[31m
              [36m</div>[31m
              [36m<div[31m
                [33mclass[31m=[32m"grid grid-cols-1 md:grid-cols-3 gap-4"[31m
              [36m>[31m
                [36m<div[31m
                  [33mclass[31m=[32m"space-y-2"[31m
                [36m>[31m
                  [36m<div[31m
                    [33mclass[31m=[32m"flex items-center gap-2"[31m
                  [36m>[31m
                    [36m<svg[31m
                      [33mclass[31m=[32m"lucide lucide-database h-4 w-4 text-blue-600"[31m
                      [33mfill[31m=[32m"none"[31m
                      [33mheight[31m=[32m"24"[31m
                      [33mstroke[31m=[32m"currentColor"[31m
                      [33mstroke-linecap[31m=[32m"round"[31m
                      [33mstroke-linejoin[31m=[32m"round"[31m
                      [33mstroke-width[31m=[32m"2"[31m
                      [33mviewBox[31m=[32m"0 0 24 24"[31m
                      [33mwidth[31m=[32m"24"[31m
                      [33mxmlns[31m=[32m"http://www.w3.org/2000/svg"[31m
                    [36m>[31m
                      [36m<ellipse[31m
                        [33mcx[31m=[32m"12"[31m
                        [33mcy[31m=[32m"5"[31m
                        [33mrx[31m=[32m"9"[31m
                        [33mry[31m=[32m"3"[31m
                      [36m/>[31m
                      [36m<path[31m
                        [33md[31m=[32m"M3 5V19A9 3 0 0 0 21 19V5"[31m
                      [36m/>[31m
                      [36m<pat...[39m
[31m   [31m×[31m HealthCheck Component[2m > [22mAlert Statistics[2m > [22mshould display correct alert statistics[39m[33m 1064[2mms[22m[39m
[31m     → Unable to find an element with the text: Active. This could be because the text is broken up by multiple elements. In this case, you can provide a function for your text matcher to make your matcher more flexible.

Ignored nodes: comments, script, style
[36m<body>[31m
  [36m<div>[31m
    [36m<div[31m
      [33mclass[31m=[32m"space-y-6"[31m
    [36m>[31m
      [36m<div[31m
        [33mclass[31m=[32m"rounded-lg border bg-card text-card-foreground shadow-sm"[31m
      [36m>[31m
        [36m<div[31m
          [33mclass[31m=[32m"flex flex-col space-y-1.5 p-6"[31m
        [36m>[31m
          [36m<h3[31m
            [33mclass[31m=[32m"tracking-tight text-lg font-medium flex items-center gap-2"[31m
          [36m>[31m
            [36m<svg[31m
              [33mclass[31m=[32m"lucide lucide-bell h-5 w-5 text-red-600"[31m
              [33mfill[31m=[32m"none"[31m
              [33mheight[31m=[32m"24"[31m
              [33mstroke[31m=[32m"currentColor"[31m
              [33mstroke-linecap[31m=[32m"round"[31m
              [33mstroke-linejoin[31m=[32m"round"[31m
              [33mstroke-width[31m=[32m"2"[31m
              [33mviewBox[31m=[32m"0 0 24 24"[31m
              [33mwidth[31m=[32m"24"[31m
              [33mxmlns[31m=[32m"http://www.w3.org/2000/svg"[31m
            [36m>[31m
              [36m<path[31m
                [33md[31m=[32m"M10.268 21a2 2 0 0 0 3.464 0"[31m
              [36m/>[31m
              [36m<path[31m
                [33md[31m=[32m"M3.262 15.326A1 1 0 0 0 4 17h16a1 1 0 0 0 .74-1.673C19.41 13.956 18 12.499 18 8A6 6 0 0 0 6 8c0 4.499-1.411 5.956-2.738 7.326"[31m
              [36m/>[31m
            [36m</svg>[31m
            [0mActive Alerts ([0m
            [0m2[0m
            [0m)[0m
          [36m</h3>[31m
        [36m</div>[31m
        [36m<div[31m
          [33mclass[31m=[32m"p-6 pt-0"[31m
        [36m>[31m
          [36m<div[31m
            [33mclass[31m=[32m"space-y-3"[31m
          [36m>[31m
            [36m<div[31m
              [33mclass[31m=[32m"flex items-center justify-between p-3 border rounded-lg"[31m
            [36m>[31m
              [36m<div[31m
                [33mclass[31m=[32m"flex-1"[31m
              [36m>[31m
                [36m<div[31m
                  [33mclass[31m=[32m"flex items-center gap-2 mb-1"[31m
                [36m>[31m
                  [36m<div[31m
                    [33mclass[31m=[32m"inline-flex items-center rounded-full border px-2.5 py-0.5 text-xs font-semibold transition-colors focus:outline-none focus:ring-2 focus:ring-ring focus:ring-offset-2 border-transparent hover:bg-primary/80 bg-gray-100 text-gray-800"[31m
                  [36m>[31m
                    [0mWARNING[0m
                  [36m</div>[31m
                  [36m<span[31m
                    [33mclass[31m=[32m"font-medium"[31m
                  [36m>[31m
                    [0mMemory usage is high (85%)[0m
                  [36m</span>[31m
                [36m</div>[31m
                [36m<p[31m
                  [33mclass[31m=[32m"text-sm text-gray-600"[31m
                [36m>[31m
                  [0mValue: [0m
                  [0m85[0m
                  [0m | Threshold: [0m
                  [0m80[0m
                  [0m | [0m
                  [0m5:35:32 PM[0m
                [36m</p>[31m
              [36m</div>[31m
              [36m<button[31m
                [33mclass[31m=[32m"inline-flex items-center justify-center gap-2 whitespace-nowrap text-sm font-medium ring-offset-background transition-colors focus-visible:outline-none focus-visible:ring-2 focus-visible:ring-ring focus-visible:ring-offset-2 disabled:pointer-events-none disabled:opacity-50 [&_svg]:pointer-events-none [&_svg]:size-4 [&_svg]:shrink-0 border border-input bg-background hover:bg-accent hover:text-accent-foreground h-9 rounded-md px-3"[31m
              [36m>[31m
                [0mAcknowledge[0m
              [36m</button>[31m
            [36m</div>[31m
            [36m<div[31m
              [33mclass[31m=[32m"flex items-center justify-between p-3 border rounded-lg"[31m
            [36m>[31m
              [36m<div[31m
                [33mclass[31m=[32m"flex-1"[31m
              [36m>[31m
                [36m<div[31m
                  [33mclass[31m=[32m"flex items-center gap-2 mb-1"[31m
                [36m>[31m
                  [36m<div[31m
                    [33mclass[31m=[32m"inline-flex items-center rounded-full border px-2.5 py-0.5 text-xs font-semibold transition-colors focus:outline-none focus:ring-2 focus:ring-ring focus:ring-offset-2 border-transparent hover:bg-primary/80 bg-red-100 text-red-800"[31m
                  [36m>[31m
                    [0mCRITICAL[0m
                  [36m</div>[31m
                  [36m<span[31m
                    [33mclass[31m=[32m"font-medium"[31m
                  [36m>[31m
                    [0mNetwork latency is critically high (1500ms)[0m
                  [36m</span>[31m
                [36m</div>[31m
                [36m<p[31m
                  [33mclass[31m=[32m"text-sm text-gray-600"[31m
                [36m>[31m
                  [0mValue: [0m
                  [0m1500[0m
                  [0m | Threshold: [0m
                  [0m1000[0m
                  [0m | [0m
                  [0m5:30:32 PM[0m
                [36m</p>[31m
              [36m</div>[31m
              [36m<button[31m
                [33mclass[31m=[32m"inline-flex items-center justify-center gap-2 whitespace-nowrap text-sm font-medium ring-offset-background transition-colors focus-visible:outline-none focus-visible:ring-2 focus-visible:ring-ring focus-visible:ring-offset-2 disabled:pointer-events-none disabled:opacity-50 [&_svg]:pointer-events-none [&_svg]:size-4 [&_svg]:shrink-0 border border-input bg-background hover:bg-accent hover:text-accent-foreground h-9 rounded-md px-3"[31m
              [36m>[31m
                [0mAcknowledge[0m
              [36m</button>[31m
            [36m</div>[31m
          [36m</div>[31m
        [36m</div>[31m
      [36m</div>[31m
      [36m<div[31m
        [33mclass[31m=[32m"rounded-lg border bg-card text-card-foreground shadow-sm"[31m
      [36m>[31m
        [36m<div[31m
          [33mclass[31m=[32m"p-6 flex flex-row items-center justify-between space-y-0 pb-2"[31m
        [36m>[31m
          [36m<h3[31m
            [33mclass[31m=[32m"tracking-tight text-lg font-medium"[31m
          [36m>[31m
            [0mSystem Health[0m
          [36m</h3>[31m
          [36m<div[31m
            [33mclass[31m=[32m"flex items-center gap-2"[31m
          [36m>[31m
            [36m<button[31m
              [33mclass[31m=[32m"inline-flex items-center justify-center gap-2 whitespace-nowrap text-sm font-medium ring-offset-background transition-colors focus-visible:outline-none focus-visible:ring-2 focus-visible:ring-ring focus-visible:ring-offset-2 disabled:pointer-events-none disabled:opacity-50 [&_svg]:pointer-events-none [&_svg]:size-...

Ignored nodes: comments, script, style
[36m<html>[31m
  [36m<head />[31m
  [36m<body>[31m
    [36m<div>[31m
      [36m<div[31m
        [33mclass[31m=[32m"space-y-6"[31m
      [36m>[31m
        [36m<div[31m
          [33mclass[31m=[32m"rounded-lg border bg-card text-card-foreground shadow-sm"[31m
        [36m>[31m
          [36m<div[31m
            [33mclass[31m=[32m"flex flex-col space-y-1.5 p-6"[31m
          [36m>[31m
            [36m<h3[31m
              [33mclass[31m=[32m"tracking-tight text-lg font-medium flex items-center gap-2"[31m
            [36m>[31m
              [36m<svg[31m
                [33mclass[31m=[32m"lucide lucide-bell h-5 w-5 text-red-600"[31m
                [33mfill[31m=[32m"none"[31m
                [33mheight[31m=[32m"24"[31m
                [33mstroke[31m=[32m"currentColor"[31m
                [33mstroke-linecap[31m=[32m"round"[31m
                [33mstroke-linejoin[31m=[32m"round"[31m
                [33mstroke-width[31m=[32m"2"[31m
                [33mviewBox[31m=[32m"0 0 24 24"[31m
                [33mwidth[31m=[32m"24"[31m
                [33mxmlns[31m=[32m"http://www.w3.org/2000/svg"[31m
              [36m>[31m
                [36m<path[31m
                  [33md[31m=[32m"M10.268 21a2 2 0 0 0 3.464 0"[31m
                [36m/>[31m
                [36m<path[31m
                  [33md[31m=[32m"M3.262 15.326A1 1 0 0 0 4 17h16a1 1 0 0 0 .74-1.673C19.41 13.956 18 12.499 18 8A6 6 0 0 0 6 8c0 4.499-1.411 5.956-2.738 7.326"[31m
                [36m/>[31m
              [36m</svg>[31m
              [0mActive Alerts ([0m
              [0m2[0m
              [0m)[0m
            [36m</h3>[31m
          [36m</div>[31m
          [36m<div[31m
            [33mclass[31m=[32m"p-6 pt-0"[31m
          [36m>[31m
            [36m<div[31m
              [33mclass[31m=[32m"space-y-3"[31m
            [36m>[31m
              [36m<div[31m
                [33mclass[31m=[32m"flex items-center justify-between p-3 border rounded-lg"[31m
              [36m>[31m
                [36m<div[31m
                  [33mclass[31m=[32m"flex-1"[31m
                [36m>[31m
                  [36m<div[31m
                    [33mclass[31m=[32m"flex items-center gap-2 mb-1"[31m
                  [36m>[31m
                    [36m<div[31m
                      [33mclass[31m=[32m"inline-flex items-center rounded-full border px-2.5 py-0.5 text-xs font-semibold transition-colors focus:outline-none focus:ring-2 focus:ring-ring focus:ring-offset-2 border-transparent hover:bg-primary/80 bg-gray-100 text-gray-800"[31m
                    [36m>[31m
                      [0mWARNING[0m
                    [36m</div>[31m
                    [36m<span[31m
                      [33mclass[31m=[32m"font-medium"[31m
                    [36m>[31m
                      [0mMemory usage is high (85%)[0m
                    [36m</span>[31m
                  [36m</div>[31m
                  [36m<p[31m
                    [33mclass[31m=[32m"text-sm text-gray-600"[31m
                  [36m>[31m
                    [0mValue: [0m
                    [0m85[0m
                    [0m | Threshold: [0m
                    [0m80[0m
                    [0m | [0m
                    [0m5:35:32 PM[0m
                  [36m</p>[31m
                [36m</div>[31m
                [36m<button[31m
                  [33mclass[31m=[32m"inline-flex items-center justify-center gap-2 whitespace-nowrap text-sm font-medium ring-offset-background transition-colors focus-visible:outline-none focus-visible:ring-2 focus-visible:ring-ring focus-visible:ring-offset-2 disabled:pointer-events-none disabled:opacity-50 [&_svg]:pointer-events-none [&_svg]:size-4 [&_svg]:shrink-0 border border-input bg-background hover:bg-accent hover:text-accent-foreground h-9 rounded-md px-3"[31m
                [36m>[31m
                  [0mAcknowledge[0m
                [36m</button>[31m
              [36m</div>[31m
              [36m<div[31m
                [33mclass[31m=[32m"flex items-center justify-between p-3 border rounded-lg"[31m
              [36m>[31m
                [36m<div[31m
                  [33mclass[31m=[32m"flex-1"[31m
                [36m>[31m
                  [36m<div[31m
                    [33mclass[31m=[32m"flex items-center gap-2 mb-1"[31m
                  [36m>[31m
                    [36m<div[31m
                      [33mclass[31m=[32m"inline-flex items-center rounded-full border px-2.5 py-0.5 text-xs font-semibold transition-colors focus:outline-none focus:ring-2 focus:ring-ring focus:ring-offset-2 border-transparent hover:bg-primary/80 bg-red-100 text-red-800"[31m
                    [36m>[31m
                      [0mCRITICAL[0m
                    [36m</div>[31m
                    [36m<span[31m
                      [33mclass[31m=[32m"font-medium"[31m
                    [36m>[31m
                      [0mNetwork latency is critically high (1500ms)[0m
                    [36m</span>[31m
                  [36m</div>[31m
                  [36m<p[31m
                    [33mclass[31m=[32m"text-sm text-gray-600"[31m
                  [36m>[31m
                    [0mValue: [0m
                    [0m1500[0m
                    [0m | Threshold: [0m
                    [0m1000[0m
                    [0m | [0m
                    [0m5:30:32 PM[0m
                  [36m</p>[31m
                [36m</div>[31m
                [36m<button[31m
                  [33mclass[31m=[32m"inline-flex items-center justify-center gap-2 whitespace-nowrap text-sm font-medium ring-offset-background transition-colors focus-visible:outline-none focus-visible:ring-2 focus-visible:ring-ring focus-visible:ring-offset-2 disabled:pointer-events-none disabled:opacity-50 [&_svg]:pointer-events-none [&_svg]:size-4 [&_svg]:shrink-0 border border-input bg-background hover:bg-accent hover:text-accent-foreground h-9 rounded-md px-3"[31m
                [36m>[31m
                  [0mAcknowledge[0m
                [36m</button>[31m
              [36m</div>[31m
            [36m</div>[31m
          [36m</div>[31m
        [36m</div>[31m
        [36m<div[31m
          [33mclass[31m=[32m"rounded-lg border bg-card text-card-foreground shadow-sm"[31m
        [36m>[31m
          [36m<div[31m
            [33mclass[31m=[32m"p-6 flex flex-row items-center justify-between space-y-0 pb-2"[31m
          [36m>[31m
            [36m<h3[31m
              [33mclass[31m=[32m"tracking-tight text-lg font-medium"[31m
            [36m>[31m
              [0mSystem Health[0m
            [36m</h3>[31m
            [36m<div[31m
              [33mclass[31m=[32m"flex items-center gap-2"[31m
            [36m>[31m
              [36m<button[31m
                [33mclass[31m=[32m"inl...[39m
[31m   [31m×[31m HealthCheck Component[2m > [22mData Refresh[2m > [22mshould refresh data when refresh button is clicked[39m[32m 36[2mms[22m[39m
[31m     → expected "spy" to be called 2 times, but got 1 times[39m
[31m   [31m×[31m HealthCheck Component[2m > [22mData Refresh[2m > [22mshould log user action when refresh is clicked[39m[32m 47[2mms[22m[39m
[31m     → expected "spy" to be called with arguments: [ 'health_check_refresh' ][90m

Number of calls: [1m0[22m
[31m[39m
[31m   [31m×[31m HealthCheck Component[2m > [22mError Handling[2m > [22mshould handle metrics collection errors gracefully[39m[33m 1036[2mms[22m[39m
[31m     → Unable to find an element with the text: Error loading metrics. This could be because the text is broken up by multiple elements. In this case, you can provide a function for your text matcher to make your matcher more flexible.

Ignored nodes: comments, script, style
[36m<body>[31m
  [36m<div>[31m
    [36m<div[31m
      [33mclass[31m=[32m"space-y-6"[31m
    [36m>[31m
      [36m<div[31m
        [33mclass[31m=[32m"rounded-lg border bg-card text-card-foreground shadow-sm"[31m
      [36m>[31m
        [36m<div[31m
          [33mclass[31m=[32m"p-6 flex flex-row items-center justify-between space-y-0 pb-2"[31m
        [36m>[31m
          [36m<h3[31m
            [33mclass[31m=[32m"tracking-tight text-lg font-medium"[31m
          [36m>[31m
            [0mSystem Health[0m
          [36m</h3>[31m
          [36m<div[31m
            [33mclass[31m=[32m"flex items-center gap-2"[31m
          [36m>[31m
            [36m<button[31m
              [33mclass[31m=[32m"inline-flex items-center justify-center gap-2 whitespace-nowrap text-sm font-medium ring-offset-background transition-colors focus-visible:outline-none focus-visible:ring-2 focus-visible:ring-ring focus-visible:ring-offset-2 disabled:pointer-events-none disabled:opacity-50 [&_svg]:pointer-events-none [&_svg]:size-4 [&_svg]:shrink-0 hover:bg-accent hover:text-accent-foreground h-9 rounded-md px-3 text-green-600"[31m
            [36m>[31m
              [0mAuto-refresh [0m
              [0mON[0m
            [36m</button>[31m
            [36m<button[31m
              [33mclass[31m=[32m"inline-flex items-center justify-center gap-2 whitespace-nowrap text-sm font-medium ring-offset-background transition-colors focus-visible:outline-none focus-visible:ring-2 focus-visible:ring-ring focus-visible:ring-offset-2 disabled:pointer-events-none disabled:opacity-50 [&_svg]:pointer-events-none [&_svg]:size-4 [&_svg]:shrink-0 border border-input bg-background hover:bg-accent hover:text-accent-foreground h-9 rounded-md px-3"[31m
            [36m>[31m
              [36m<svg[31m
                [33mclass[31m=[32m"lucide lucide-refresh-cw h-4 w-4 mr-2"[31m
                [33mfill[31m=[32m"none"[31m
                [33mheight[31m=[32m"24"[31m
                [33mstroke[31m=[32m"currentColor"[31m
                [33mstroke-linecap[31m=[32m"round"[31m
                [33mstroke-linejoin[31m=[32m"round"[31m
                [33mstroke-width[31m=[32m"2"[31m
                [33mviewBox[31m=[32m"0 0 24 24"[31m
                [33mwidth[31m=[32m"24"[31m
                [33mxmlns[31m=[32m"http://www.w3.org/2000/svg"[31m
              [36m>[31m
                [36m<path[31m
                  [33md[31m=[32m"M3 12a9 9 0 0 1 9-9 9.75 9.75 0 0 1 6.74 2.74L21 8"[31m
                [36m/>[31m
                [36m<path[31m
                  [33md[31m=[32m"M21 3v5h-5"[31m
                [36m/>[31m
                [36m<path[31m
                  [33md[31m=[32m"M21 12a9 9 0 0 1-9 9 9.75 9.75 0 0 1-6.74-2.74L3 16"[31m
                [36m/>[31m
                [36m<path[31m
                  [33md[31m=[32m"M8 16H3v5"[31m
                [36m/>[31m
              [36m</svg>[31m
              [0mRefresh[0m
            [36m</button>[31m
          [36m</div>[31m
        [36m</div>[31m
        [36m<div[31m
          [33mclass[31m=[32m"p-6 pt-0"[31m
        [36m>[31m
          [36m<div[31m
            [33mclass[31m=[32m"text-center py-8"[31m
          [36m>[31m
            [36m<p[31m
              [33mclass[31m=[32m"text-gray-500"[31m
            [36m>[31m
              [0mLoading health data...[0m
            [36m</p>[31m
          [36m</div>[31m
        [36m</div>[31m
      [36m</div>[31m
    [36m</div>[31m
  [36m</div>[31m
[36m</body>[31m

Ignored nodes: comments, script, style
[36m<html>[31m
  [36m<head />[31m
  [36m<body>[31m
    [36m<div>[31m
      [36m<div[31m
        [33mclass[31m=[32m"space-y-6"[31m
      [36m>[31m
        [36m<div[31m
          [33mclass[31m=[32m"rounded-lg border bg-card text-card-foreground shadow-sm"[31m
        [36m>[31m
          [36m<div[31m
            [33mclass[31m=[32m"p-6 flex flex-row items-center justify-between space-y-0 pb-2"[31m
          [36m>[31m
            [36m<h3[31m
              [33mclass[31m=[32m"tracking-tight text-lg font-medium"[31m
            [36m>[31m
              [0mSystem Health[0m
            [36m</h3>[31m
            [36m<div[31m
              [33mclass[31m=[32m"flex items-center gap-2"[31m
            [36m>[31m
              [36m<button[31m
                [33mclass[31m=[32m"inline-flex items-center justify-center gap-2 whitespace-nowrap text-sm font-medium ring-offset-background transition-colors focus-visible:outline-none focus-visible:ring-2 focus-visible:ring-ring focus-visible:ring-offset-2 disabled:pointer-events-none disabled:opacity-50 [&_svg]:pointer-events-none [&_svg]:size-4 [&_svg]:shrink-0 hover:bg-accent hover:text-accent-foreground h-9 rounded-md px-3 text-green-600"[31m
              [36m>[31m
                [0mAuto-refresh [0m
                [0mON[0m
              [36m</button>[31m
              [36m<button[31m
                [33mclass[31m=[32m"inline-flex items-center justify-center gap-2 whitespace-nowrap text-sm font-medium ring-offset-background transition-colors focus-visible:outline-none focus-visible:ring-2 focus-visible:ring-ring focus-visible:ring-offset-2 disabled:pointer-events-none disabled:opacity-50 [&_svg]:pointer-events-none [&_svg]:size-4 [&_svg]:shrink-0 border border-input bg-background hover:bg-accent hover:text-accent-foreground h-9 rounded-md px-3"[31m
              [36m>[31m
                [36m<svg[31m
                  [33mclass[31m=[32m"lucide lucide-refresh-cw h-4 w-4 mr-2"[31m
                  [33mfill[31m=[32m"none"[31m
                  [33mheight[31m=[32m"24"[31m
                  [33mstroke[31m=[32m"currentColor"[31m
                  [33mstroke-linecap[31m=[32m"round"[31m
                  [33mstroke-linejoin[31m=[32m"round"[31m
                  [33mstroke-width[31m=[32m"2"[31m
                  [33mviewBox[31m=[32m"0 0 24 24"[31m
                  [33mwidth[31m=[32m"24"[31m
                  [33mxmlns[31m=[32m"http://www.w3.org/2000/svg"[31m
                [36m>[31m
                  [36m<path[31m
                    [33md[31m=[32m"M3 12a9 9 0 0 1 9-9 9.75 9.75 0 0 1 6.74 2.74L21 8"[31m
                  [36m/>[31m
                  [36m<path[31m
                    [33md[31m=[32m"M21 3v5h-5"[31m
                  [36m/>[31m
                  [36m<path[31m
                    [33md[31m=[32m"M21 12a9 9 0 0 1-9 9 9.75 9.75 0 0 1-6.74-2.74L3 16"[31m
                  [36m/>[31m
                  [36m<path[31m
                    [33md[31m=[32m"M8 16H3v5"[31m
                  [36m/>[31m
                [36m</svg>[31m
                [0mRefresh[0m
              [36m</button>[31m
            [36m</div>[31m
          [36m</div>[31m
          [36m<div[31m
            [33mclass[31m=[32m"p-6 pt-0"[31m
          [36m>[31m
            [36m<div[31m
              [33mclass[31m=[32m"text-center py-8"[31m
            [36m>[31m
              [36m<p[31m
                [33mclass[31m=[32m"text-gray-500"[31m
              [36m>[31m
                [0mLoading health data...[0m
              [36m</p>[31m
            [36m</div>[31m
          [36m</div>[31m
        [36m</div>[31m
      [36m</div>[31m
    [36m</div>[31m
  [36m</body>[31m
[36m</html>[31m[39m
[31m   [31m×[31m HealthCheck Component[2m > [22mError Handling[2m > [22mshould handle missing performance API gracefully[39m[33m 1042[2mms[22m[39m
[31m     → Unable to find an element with the text: N/A. This could be because the text is broken up by multiple elements. In this case, you can provide a function for your text matcher to make your matcher more flexible.

Ignored nodes: comments, script, style
[36m<body>[31m
  [36m<div>[31m
    [36m<div[31m
      [33mclass[31m=[32m"space-y-6"[31m
    [36m>[31m
      [36m<div[31m
        [33mclass[31m=[32m"rounded-lg border bg-card text-card-foreground shadow-sm"[31m
      [36m>[31m
        [36m<div[31m
          [33mclass[31m=[32m"flex flex-col space-y-1.5 p-6"[31m
        [36m>[31m
          [36m<h3[31m
            [33mclass[31m=[32m"tracking-tight text-lg font-medium flex items-center gap-2"[31m
          [36m>[31m
            [36m<svg[31m
              [33mclass[31m=[32m"lucide lucide-bell h-5 w-5 text-red-600"[31m
              [33mfill[31m=[32m"none"[31m
              [33mheight[31m=[32m"24"[31m
              [33mstroke[31m=[32m"currentColor"[31m
              [33mstroke-linecap[31m=[32m"round"[31m
              [33mstroke-linejoin[31m=[32m"round"[31m
              [33mstroke-width[31m=[32m"2"[31m
              [33mviewBox[31m=[32m"0 0 24 24"[31m
              [33mwidth[31m=[32m"24"[31m
              [33mxmlns[31m=[32m"http://www.w3.org/2000/svg"[31m
            [36m>[31m
              [36m<path[31m
                [33md[31m=[32m"M10.268 21a2 2 0 0 0 3.464 0"[31m
              [36m/>[31m
              [36m<path[31m
                [33md[31m=[32m"M3.262 15.326A1 1 0 0 0 4 17h16a1 1 0 0 0 .74-1.673C19.41 13.956 18 12.499 18 8A6 6 0 0 0 6 8c0 4.499-1.411 5.956-2.738 7.326"[31m
              [36m/>[31m
            [36m</svg>[31m
            [0mActive Alerts ([0m
            [0m2[0m
            [0m)[0m
          [36m</h3>[31m
        [36m</div>[31m
        [36m<div[31m
          [33mclass[31m=[32m"p-6 pt-0"[31m
        [36m>[31m
          [36m<div[31m
            [33mclass[31m=[32m"space-y-3"[31m
          [36m>[31m
            [36m<div[31m
              [33mclass[31m=[32m"flex items-center justify-between p-3 border rounded-lg"[31m
            [36m>[31m
              [36m<div[31m
                [33mclass[31m=[32m"flex-1"[31m
              [36m>[31m
                [36m<div[31m
                  [33mclass[31m=[32m"flex items-center gap-2 mb-1"[31m
                [36m>[31m
                  [36m<div[31m
                    [33mclass[31m=[32m"inline-flex items-center rounded-full border px-2.5 py-0.5 text-xs font-semibold transition-colors focus:outline-none focus:ring-2 focus:ring-ring focus:ring-offset-2 border-transparent hover:bg-primary/80 bg-gray-100 text-gray-800"[31m
                  [36m>[31m
                    [0mWARNING[0m
                  [36m</div>[31m
                  [36m<span[31m
                    [33mclass[31m=[32m"font-medium"[31m
                  [36m>[31m
                    [0mMemory usage is high (85%)[0m
                  [36m</span>[31m
                [36m</div>[31m
                [36m<p[31m
                  [33mclass[31m=[32m"text-sm text-gray-600"[31m
                [36m>[31m
                  [0mValue: [0m
                  [0m85[0m
                  [0m | Threshold: [0m
                  [0m80[0m
                  [0m | [0m
                  [0m5:35:32 PM[0m
                [36m</p>[31m
              [36m</div>[31m
              [36m<button[31m
                [33mclass[31m=[32m"inline-flex items-center justify-center gap-2 whitespace-nowrap text-sm font-medium ring-offset-background transition-colors focus-visible:outline-none focus-visible:ring-2 focus-visible:ring-ring focus-visible:ring-offset-2 disabled:pointer-events-none disabled:opacity-50 [&_svg]:pointer-events-none [&_svg]:size-4 [&_svg]:shrink-0 border border-input bg-background hover:bg-accent hover:text-accent-foreground h-9 rounded-md px-3"[31m
              [36m>[31m
                [0mAcknowledge[0m
              [36m</button>[31m
            [36m</div>[31m
            [36m<div[31m
              [33mclass[31m=[32m"flex items-center justify-between p-3 border rounded-lg"[31m
            [36m>[31m
              [36m<div[31m
                [33mclass[31m=[32m"flex-1"[31m
              [36m>[31m
                [36m<div[31m
                  [33mclass[31m=[32m"flex items-center gap-2 mb-1"[31m
                [36m>[31m
                  [36m<div[31m
                    [33mclass[31m=[32m"inline-flex items-center rounded-full border px-2.5 py-0.5 text-xs font-semibold transition-colors focus:outline-none focus:ring-2 focus:ring-ring focus:ring-offset-2 border-transparent hover:bg-primary/80 bg-red-100 text-red-800"[31m
                  [36m>[31m
                    [0mCRITICAL[0m
                  [36m</div>[31m
                  [36m<span[31m
                    [33mclass[31m=[32m"font-medium"[31m
                  [36m>[31m
                    [0mNetwork latency is critically high (1500ms)[0m
                  [36m</span>[31m
                [36m</div>[31m
                [36m<p[31m
                  [33mclass[31m=[32m"text-sm text-gray-600"[31m
                [36m>[31m
                  [0mValue: [0m
                  [0m1500[0m
                  [0m | Threshold: [0m
                  [0m1000[0m
                  [0m | [0m
                  [0m5:30:32 PM[0m
                [36m</p>[31m
              [36m</div>[31m
              [36m<button[31m
                [33mclass[31m=[32m"inline-flex items-center justify-center gap-2 whitespace-nowrap text-sm font-medium ring-offset-background transition-colors focus-visible:outline-none focus-visible:ring-2 focus-visible:ring-ring focus-visible:ring-offset-2 disabled:pointer-events-none disabled:opacity-50 [&_svg]:pointer-events-none [&_svg]:size-4 [&_svg]:shrink-0 border border-input bg-background hover:bg-accent hover:text-accent-foreground h-9 rounded-md px-3"[31m
              [36m>[31m
                [0mAcknowledge[0m
              [36m</button>[31m
            [36m</div>[31m
          [36m</div>[31m
        [36m</div>[31m
      [36m</div>[31m
      [36m<div[31m
        [33mclass[31m=[32m"rounded-lg border bg-card text-card-foreground shadow-sm"[31m
      [36m>[31m
        [36m<div[31m
          [33mclass[31m=[32m"p-6 flex flex-row items-center justify-between space-y-0 pb-2"[31m
        [36m>[31m
          [36m<h3[31m
            [33mclass[31m=[32m"tracking-tight text-lg font-medium"[31m
          [36m>[31m
            [0mSystem Health[0m
          [36m</h3>[31m
          [36m<div[31m
            [33mclass[31m=[32m"flex items-center gap-2"[31m
          [36m>[31m
            [36m<button[31m
              [33mclass[31m=[32m"inline-flex items-center justify-center gap-2 whitespace-nowrap text-sm font-medium ring-offset-background transition-colors focus-visible:outline-none focus-visible:ring-2 focus-visible:ring-ring focus-visible:ring-offset-2 disabled:pointer-events-none disabled:opacity-50 [&_svg]:pointer-events-none [&_svg]:size-...

Ignored nodes: comments, script, style
[36m<html>[31m
  [36m<head />[31m
  [36m<body>[31m
    [36m<div>[31m
      [36m<div[31m
        [33mclass[31m=[32m"space-y-6"[31m
      [36m>[31m
        [36m<div[31m
          [33mclass[31m=[32m"rounded-lg border bg-card text-card-foreground shadow-sm"[31m
        [36m>[31m
          [36m<div[31m
            [33mclass[31m=[32m"flex flex-col space-y-1.5 p-6"[31m
          [36m>[31m
            [36m<h3[31m
              [33mclass[31m=[32m"tracking-tight text-lg font-medium flex items-center gap-2"[31m
            [36m>[31m
              [36m<svg[31m
                [33mclass[31m=[32m"lucide lucide-bell h-5 w-5 text-red-600"[31m
                [33mfill[31m=[32m"none"[31m
                [33mheight[31m=[32m"24"[31m
                [33mstroke[31m=[32m"currentColor"[31m
                [33mstroke-linecap[31m=[32m"round"[31m
                [33mstroke-linejoin[31m=[32m"round"[31m
                [33mstroke-width[31m=[32m"2"[31m
                [33mviewBox[31m=[32m"0 0 24 24"[31m
                [33mwidth[31m=[32m"24"[31m
                [33mxmlns[31m=[32m"http://www.w3.org/2000/svg"[31m
              [36m>[31m
                [36m<path[31m
                  [33md[31m=[32m"M10.268 21a2 2 0 0 0 3.464 0"[31m
                [36m/>[31m
                [36m<path[31m
                  [33md[31m=[32m"M3.262 15.326A1 1 0 0 0 4 17h16a1 1 0 0 0 .74-1.673C19.41 13.956 18 12.499 18 8A6 6 0 0 0 6 8c0 4.499-1.411 5.956-2.738 7.326"[31m
                [36m/>[31m
              [36m</svg>[31m
              [0mActive Alerts ([0m
              [0m2[0m
              [0m)[0m
            [36m</h3>[31m
          [36m</div>[31m
          [36m<div[31m
            [33mclass[31m=[32m"p-6 pt-0"[31m
          [36m>[31m
            [36m<div[31m
              [33mclass[31m=[32m"space-y-3"[31m
            [36m>[31m
              [36m<div[31m
                [33mclass[31m=[32m"flex items-center justify-between p-3 border rounded-lg"[31m
              [36m>[31m
                [36m<div[31m
                  [33mclass[31m=[32m"flex-1"[31m
                [36m>[31m
                  [36m<div[31m
                    [33mclass[31m=[32m"flex items-center gap-2 mb-1"[31m
                  [36m>[31m
                    [36m<div[31m
                      [33mclass[31m=[32m"inline-flex items-center rounded-full border px-2.5 py-0.5 text-xs font-semibold transition-colors focus:outline-none focus:ring-2 focus:ring-ring focus:ring-offset-2 border-transparent hover:bg-primary/80 bg-gray-100 text-gray-800"[31m
                    [36m>[31m
                      [0mWARNING[0m
                    [36m</div>[31m
                    [36m<span[31m
                      [33mclass[31m=[32m"font-medium"[31m
                    [36m>[31m
                      [0mMemory usage is high (85%)[0m
                    [36m</span>[31m
                  [36m</div>[31m
                  [36m<p[31m
                    [33mclass[31m=[32m"text-sm text-gray-600"[31m
                  [36m>[31m
                    [0mValue: [0m
                    [0m85[0m
                    [0m | Threshold: [0m
                    [0m80[0m
                    [0m | [0m
                    [0m5:35:32 PM[0m
                  [36m</p>[31m
                [36m</div>[31m
                [36m<button[31m
                  [33mclass[31m=[32m"inline-flex items-center justify-center gap-2 whitespace-nowrap text-sm font-medium ring-offset-background transition-colors focus-visible:outline-none focus-visible:ring-2 focus-visible:ring-ring focus-visible:ring-offset-2 disabled:pointer-events-none disabled:opacity-50 [&_svg]:pointer-events-none [&_svg]:size-4 [&_svg]:shrink-0 border border-input bg-background hover:bg-accent hover:text-accent-foreground h-9 rounded-md px-3"[31m
                [36m>[31m
                  [0mAcknowledge[0m
                [36m</button>[31m
              [36m</div>[31m
              [36m<div[31m
                [33mclass[31m=[32m"flex items-center justify-between p-3 border rounded-lg"[31m
              [36m>[31m
                [36m<div[31m
                  [33mclass[31m=[32m"flex-1"[31m
                [36m>[31m
                  [36m<div[31m
                    [33mclass[31m=[32m"flex items-center gap-2 mb-1"[31m
                  [36m>[31m
                    [36m<div[31m
                      [33mclass[31m=[32m"inline-flex items-center rounded-full border px-2.5 py-0.5 text-xs font-semibold transition-colors focus:outline-none focus:ring-2 focus:ring-ring focus:ring-offset-2 border-transparent hover:bg-primary/80 bg-red-100 text-red-800"[31m
                    [36m>[31m
                      [0mCRITICAL[0m
                    [36m</div>[31m
                    [36m<span[31m
                      [33mclass[31m=[32m"font-medium"[31m
                    [36m>[31m
                      [0mNetwork latency is critically high (1500ms)[0m
                    [36m</span>[31m
                  [36m</div>[31m
                  [36m<p[31m
                    [33mclass[31m=[32m"text-sm text-gray-600"[31m
                  [36m>[31m
                    [0mValue: [0m
                    [0m1500[0m
                    [0m | Threshold: [0m
                    [0m1000[0m
                    [0m | [0m
                    [0m5:30:32 PM[0m
                  [36m</p>[31m
                [36m</div>[31m
                [36m<button[31m
                  [33mclass[31m=[32m"inline-flex items-center justify-center gap-2 whitespace-nowrap text-sm font-medium ring-offset-background transition-colors focus-visible:outline-none focus-visible:ring-2 focus-visible:ring-ring focus-visible:ring-offset-2 disabled:pointer-events-none disabled:opacity-50 [&_svg]:pointer-events-none [&_svg]:size-4 [&_svg]:shrink-0 border border-input bg-background hover:bg-accent hover:text-accent-foreground h-9 rounded-md px-3"[31m
                [36m>[31m
                  [0mAcknowledge[0m
                [36m</button>[31m
              [36m</div>[31m
            [36m</div>[31m
          [36m</div>[31m
        [36m</div>[31m
        [36m<div[31m
          [33mclass[31m=[32m"rounded-lg border bg-card text-card-foreground shadow-sm"[31m
        [36m>[31m
          [36m<div[31m
            [33mclass[31m=[32m"p-6 flex flex-row items-center justify-between space-y-0 pb-2"[31m
          [36m>[31m
            [36m<h3[31m
              [33mclass[31m=[32m"tracking-tight text-lg font-medium"[31m
            [36m>[31m
              [0mSystem Health[0m
            [36m</h3>[31m
            [36m<div[31m
              [33mclass[31m=[32m"flex items-center gap-2"[31m
            [36m>[31m
              [36m<button[31m
                [33mclass[31m=[32m"inl...[39m
[31m   [31m×[31m HealthCheck Component[2m > [22mAccessibility[2m > [22mshould have proper ARIA labels[39m[33m 1059[2mms[22m[39m
[31m     → Found multiple elements with the role "button" and name `/refresh/i`

Here are the matching elements:

Ignored nodes: comments, script, style
[36m<button[31m
  [33mclass[31m=[32m"inline-flex items-center justify-center gap-2 whitespace-nowrap text-sm font-medium ring-offset-background transition-colors focus-visible:outline-none focus-visible:ring-2 focus-visible:ring-ring focus-visible:ring-offset-2 disabled:pointer-events-none disabled:opacity-50 [&_svg]:pointer-events-none [&_svg]:size-4 [&_svg]:shrink-0 hover:bg-accent hover:text-accent-foreground h-9 rounded-md px-3 text-green-600"[31m
[36m>[31m
  [0mAuto-refresh [0m
  [0mON[0m
[36m</button>[31m

Ignored nodes: comments, script, style
[36m<button[31m
  [33mclass[31m=[32m"inline-flex items-center justify-center gap-2 whitespace-nowrap text-sm font-medium ring-offset-background transition-colors focus-visible:outline-none focus-visible:ring-2 focus-visible:ring-ring focus-visible:ring-offset-2 disabled:pointer-events-none disabled:opacity-50 [&_svg]:pointer-events-none [&_svg]:size-4 [&_svg]:shrink-0 border border-input bg-background hover:bg-accent hover:text-accent-foreground h-9 rounded-md px-3"[31m
[36m>[31m
  [36m<svg[31m
    [33mclass[31m=[32m"lucide lucide-refresh-cw h-4 w-4 mr-2"[31m
    [33mfill[31m=[32m"none"[31m
    [33mheight[31m=[32m"24"[31m
    [33mstroke[31m=[32m"currentColor"[31m
    [33mstroke-linecap[31m=[32m"round"[31m
    [33mstroke-linejoin[31m=[32m"round"[31m
    [33mstroke-width[31m=[32m"2"[31m
    [33mviewBox[31m=[32m"0 0 24 24"[31m
    [33mwidth[31m=[32m"24"[31m
    [33mxmlns[31m=[32m"http://www.w3.org/2000/svg"[31m
  [36m>[31m
    [36m<path[31m
      [33md[31m=[32m"M3 12a9 9 0 0 1 9-9 9.75 9.75 0 0 1 6.74 2.74L21 8"[31m
    [36m/>[31m
    [36m<path[31m
      [33md[31m=[32m"M21 3v5h-5"[31m
    [36m/>[31m
    [36m<path[31m
      [33md[31m=[32m"M21 12a9 9 0 0 1-9 9 9.75 9.75 0 0 1-6.74-2.74L3 16"[31m
    [36m/>[31m
    [36m<path[31m
      [33md[31m=[32m"M8 16H3v5"[31m
    [36m/>[31m
  [36m</svg>[31m
  [0mRefresh[0m
[36m</button>[31m

(If this is intentional, then use the `*AllBy*` variant of the query (like `queryAllByText`, `getAllByText`, or `findAllByText`)).

Ignored nodes: comments, script, style
[36m<body>[31m
  [36m<div>[31m
    [36m<div[31m
      [33mclass[31m=[32m"space-y-6"[31m
    [36m>[31m
      [36m<div[31m
        [33mclass[31m=[32m"rounded-lg border bg-card text-card-foreground shadow-sm"[31m
      [36m>[31m
        [36m<div[31m
          [33mclass[31m=[32m"flex flex-col space-y-1.5 p-6"[31m
        [36m>[31m
          [36m<h3[31m
            [33mclass[31m=[32m"tracking-tight text-lg font-medium flex items-center gap-2"[31m
          [36m>[31m
            [36m<svg[31m
              [33mclass[31m=[32m"lucide lucide-bell h-5 w-5 text-red-600"[31m
              [33mfill[31m=[32m"none"[31m
              [33mheight[31m=[32m"24"[31m
              [33mstroke[31m=[32m"currentColor"[31m
              [33mstroke-linecap[31m=[32m"round"[31m
              [33mstroke-linejoin[31m=[32m"round"[31m
              [33mstroke-width[31m=[32m"2"[31m
              [33mviewBox[31m=[32m"0 0 24 24"[31m
              [33mwidth[31m=[32m"24"[31m
              [33mxmlns[31m=[32m"http://www.w3.org/2000/svg"[31m
            [36m>[31m
              [36m<path[31m
                [33md[31m=[32m"M10.268 21a2 2 0 0 0 3.464 0"[31m
              [36m/>[31m
              [36m<path[31m
                [33md[31m=[32m"M3.262 15.326A1 1 0 0 0 4 17h16a1 1 0 0 0 .74-1.673C19.41 13.956 18 12.499 18 8A6 6 0 0 0 6 8c0 4.499-1.411 5.956-2.738 7.326"[31m
              [36m/>[31m
            [36m</svg>[31m
            [0mActive Alerts ([0m
            [0m2[0m
            [0m)[0m
          [36m</h3>[31m
        [36m</div>[31m
        [36m<div[31m
          [33mclass[31m=[32m"p-6 pt-0"[31m
        [36m>[31m
          [36m<div[31m
            [33mclass[31m=[32m"space-y-3"[31m
          [36m>[31m
            [36m<div[31m
              [33mclass[31m=[32m"flex items-center justify-between p-3 border rounded-lg"[31m
            [36m>[31m
              [36m<div[31m
                [33mclass[31m=[32m"flex-1"[31m
              [36m>[31m
                [36m<div[31m
                  [33mclass[31m=[32m"flex items-center gap-2 mb-1"[31m
                [36m>[31m
                  [36m<div[31m
                    [33mclass[31m=[32m"inline-flex items-center rounded-full border px-2.5 py-0.5 text-xs font-semibold transition-colors focus:outline-none focus:ring-2 focus:ring-ring focus:ring-offset-2 border-transparent hover:bg-primary/80 bg-gray-100 text-gray-800"[31m
                  [36m>[31m
                    [0mWARNING[0m
                  [36m</div>[31m
                  [36m<span[31m
                    [33mclass[31m=[32m"font-medium"[31m
                  [36m>[31m
                    [0mMemory usage is high (85%)[0m
                  [36m</span>[31m
                [36m</div>[31m
                [36m<p[31m
                  [33mclass[31m=[32m"text-sm text-gray-600"[31m
                [36m>[31m
                  [0mValue: [0m
                  [0m85[0m
                  [0m | Threshold: [0m
                  [0m80[0m
                  [0m | [0m
                  [0m5:35:32 PM[0m
                [36m</p>[31m
              [36m</div>[31m
              [36m<button[31m
                [33mclass[31m=[32m"inline-flex items-center justify-center gap-2 whitespace-nowrap text-sm font-medium ring-offset-background transition-colors focus-visible:outline-none focus-visible:ring-2 focus-visible:ring-ring focus-visible:ring-offset-2 disabled:pointer-events-none disabled:opacity-50 [&_svg]:pointer-events-none [&_svg]:size-4 [&_svg]:shrink-0 border border-input bg-background hover:bg-accent hover:text-accent-foreground h-9 rounded-md px-3"[31m
              [36m>[31m
                [0mAcknowledge[0m
              [36m</button>[31m
            [36m</div>[31m
            [36m<div[31m
              [33mclass[31m=[32m"flex items-center justify-between p-3 border rounded-lg"[31m
            [36m>[31m
              [36m<div[31m
                [33mclass[31m=[32m"flex-1"[31m
              [36m>[31m
                [36m<div[31m
                  [33mclass[31m=[32m"flex items-center gap-2 mb-1"[31m
                [36m>[31m
                  [36m<div[31m
                    [33mclass[31m=[32m"inline-flex items-center rounded-full border px-2.5 py-0.5 text-xs font-semibold transition-colors focus:outline-none focus:ring-2 focus:ring-ring focus:ring-offset-2 border-transparent hover:bg-primary/80 bg-red-100 text-red-800"[31m
                  [36m>[31m
                    [0mCRITICAL[0m
                  [36m</div>[31m
                  [36m<span[31m
                    [33mclass[31m=[32m"font-medium"[31m
                  [36m>[31m
                    [0mNetwork latency is critically high (1500ms)[0m
                  [36m</span>[31m
                [36m</div>[31m
                [36m<p[31m
                  [33mclass[31m=[32m"text-sm text-gray-600"[31m
                [36m>[31m
                  [0mValue: [0m
                  [0m1500[0m
                  [0m | Threshold: [0m
                  [0m1000[0m
                  [0m | [0m
                  [0m5:30:32 PM[0m
                [36m</p>[31m
              [36m</div>[31m
              [36m<button[31m
                [33mclass[31m=[32m"inline-flex items-center justify-center gap-2 whitespace-nowrap text-sm font-medium ring-offset-background transition-colors focus-visible:outline-none focus-visible:ring-2 focus-visible:ring-ring focus-visible:ring-offset-2 disabled:pointer-events-none disabled:opacity-50 [&_svg]:pointer-events-none [&_svg]:size-4 [&_svg]:shrink-0 border border-input bg-background hover:bg-accent hover:text-accent-foreground h-9 rounded-md px-3"[31m
              [36m>[31m
                [0mAcknowledge[0m
              [36m</button>[31m
            [36m</div>[31m
          [36m</div>[31m
        [36m</div>[31m
      [36m</div>[31m
      [36m<div[31m
        [33mclass[31m=[32m"rounded-lg border bg-card text-card-foreground shadow-sm"[31m
      [36m>[31m
        [36m<div[31m
          [33mclass[31m=[32m"p-6 flex flex-row items-center justify-between space-y-0 pb-2"[31m
        [36m>[31m
          [36m<h3[31m
            [33mclass[31m=[32m"tracking-tight text-lg font-medium"[31m
          [36m>[31m
            [0mSystem Health[0m
          [36m</h3>[31m
          [36m<div[31m
            [33mclass[31m=[32m"flex items-center gap-2"[31m
          [36m>[31m
            [36m<button[31m
              [33mclass[31m=[32m"inline-flex items-center justify-center gap-2 whitespace-nowrap text-sm font-medium ring-offset-background transition-colors focus-visible:outline-none focus-visible:ring-2 focus-visible:ring-ring focus-visible:ring-offset-2 disabled:pointer-events-none disabled:opacity-50 [&_svg]:pointer-events-none [&_svg]:size-...

Ignored nodes: comments, script, style
[36m<html>[31m
  [36m<head />[31m
  [36m<body>[31m
    [36m<div>[31m
      [36m<div[31m
        [33mclass[31m=[32m"space-y-6"[31m
      [36m>[31m
        [36m<div[31m
          [33mclass[31m=[32m"rounded-lg border bg-card text-card-foreground shadow-sm"[31m
        [36m>[31m
          [36m<div[31m
            [33mclass[31m=[32m"flex flex-col space-y-1.5 p-6"[31m
          [36m>[31m
            [36m<h3[31m
              [33mclass[31m=[32m"tracking-tight text-lg font-medium flex items-center gap-2"[31m
            [36m>[31m
              [36m<svg[31m
                [33mclass[31m=[32m"lucide lucide-bell h-5 w-5 text-red-600"[31m
                [33mfill[31m=[32m"none"[31m
                [33mheight[31m=[32m"24"[31m
                [33mstroke[31m=[32m"currentColor"[31m
                [33mstroke-linecap[31m=[32m"round"[31m
                [33mstroke-linejoin[31m=[32m"round"[31m
                [33mstroke-width[31m=[32m"2"[31m
                [33mviewBox[31m=[32m"0 0 24 24"[31m
                [33mwidth[31m=[32m"24"[31m
                [33mxmlns[31m=[32m"http://www.w3.org/2000/svg"[31m
              [36m>[31m
                [36m<path[31m
                  [33md[31m=[32m"M10.268 21a2 2 0 0 0 3.464 0"[31m
                [36m/>[31m
                [36m<path[31m
                  [33md[31m=[32m"M3.262 15.326A1 1 0 0 0 4 17h16a1 1 0 0 0 .74-1.673C19.41 13.956 18 12.499 18 8A6 6 0 0 0 6 8c0 4.499-1.411 5.956-2.738 7.326"[31m
                [36m/>[31m
              [36m</svg>[31m
              [0mActive Alerts ([0m
              [0m2[0m
              [0m)[0m
            [36m</h3>[31m
          [36m</div>[31m
          [36m<div[31m
            [33mclass[31m=[32m"p-6 pt-0"[31m
          [36m>[31m
            [36m<div[31m
              [33mclass[31m=[32m"space-y-3"[31m
            [36m>[31m
              [36m<div[31m
                [33mclass[31m=[32m"flex items-center justify-between p-3 border rounded-lg"[31m
              [36m>[31m
                [36m<div[31m
                  [33mclass[31m=[32m"flex-1"[31m
                [36m>[31m
                  [36m<div[31m
                    [33mclass[31m=[32m"flex items-center gap-2 mb-1"[31m
                  [36m>[31m
                    [36m<div[31m
                      [33mclass[31m=[32m"inline-flex items-center rounded-full border px-2.5 py-0.5 text-xs font-semibold transition-colors focus:outline-none focus:ring-2 focus:ring-ring focus:ring-offset-2 border-transparent hover:bg-primary/80 bg-gray-100 text-gray-800"[31m
                    [36m>[31m
                      [0mWARNING[0m
                    [36m</div>[31m
                    [36m<span[31m
                      [33mclass[31m=[32m"font-medium"[31m
                    [36m>[31m
                      [0mMemory usage is high (85%)[0m
                    [36m</span>[31m
                  [36m</div>[31m
                  [36m<p[31m
                    [33mclass[31m=[32m"text-sm text-gray-600"[31m
                  [36m>[31m
                    [0mValue: [0m
                    [0m85[0m
                    [0m | Threshold: [0m
                    [0m80[0m
                    [0m | [0m
                    [0m5:35:32 PM[0m
                  [36m</p>[31m
                [36m</div>[31m
                [36m<button[31m
                  [33mclass[31m=[32m"inline-flex items-center justify-center gap-2 whitespace-nowrap text-sm font-medium ring-offset-background transition-colors focus-visible:outline-none focus-visible:ring-2 focus-visible:ring-ring focus-visible:ring-offset-2 disabled:pointer-events-none disabled:opacity-50 [&_svg]:pointer-events-none [&_svg]:size-4 [&_svg]:shrink-0 border border-input bg-background hover:bg-accent hover:text-accent-foreground h-9 rounded-md px-3"[31m
                [36m>[31m
                  [0mAcknowledge[0m
                [36m</button>[31m
              [36m</div>[31m
              [36m<div[31m
                [33mclass[31m=[32m"flex items-center justify-between p-3 border rounded-lg"[31m
              [36m>[31m
                [36m<div[31m
                  [33mclass[31m=[32m"flex-1"[31m
                [36m>[31m
                  [36m<div[31m
                    [33mclass[31m=[32m"flex items-center gap-2 mb-1"[31m
                  [36m>[31m
                    [36m<div[31m
                      [33mclass[31m=[32m"inline-flex items-center rounded-full border px-2.5 py-0.5 text-xs font-semibold transition-colors focus:outline-none focus:ring-2 focus:ring-ring focus:ring-offset-2 border-transparent hover:bg-primary/80 bg-red-100 text-red-800"[31m
                    [36m>[31m
                      [0mCRITICAL[0m
                    [36m</div>[31m
                    [36m<span[31m
                      [33mclass[31m=[32m"font-medium"[31m
                    [36m>[31m
                      [0mNetwork latency is critically high (1500ms)[0m
                    [36m</span>[31m
                  [36m</div>[31m
                  [36m<p[31m
                    [33mclass[31m=[32m"text-sm text-gray-600"[31m
                  [36m>[31m
                    [0mValue: [0m
                    [0m1500[0m
                    [0m | Threshold: [0m
                    [0m1000[0m
                    [0m | [0m
                    [0m5:30:32 PM[0m
                  [36m</p>[31m
                [36m</div>[31m
                [36m<button[31m
                  [33mclass[31m=[32m"inline-flex items-center justify-center gap-2 whitespace-nowrap text-sm font-medium ring-offset-background transition-colors focus-visible:outline-none focus-visible:ring-2 focus-visible:ring-ring focus-visible:ring-offset-2 disabled:pointer-events-none disabled:opacity-50 [&_svg]:pointer-events-none [&_svg]:size-4 [&_svg]:shrink-0 border border-input bg-background hover:bg-accent hover:text-accent-foreground h-9 rounded-md px-3"[31m
                [36m>[31m
                  [0mAcknowledge[0m
                [36m</button>[31m
              [36m</div>[31m
            [36m</div>[31m
          [36m</div>[31m
        [36m</div>[31m
        [36m<div[31m
          [33mclass[31m=[32m"rounded-lg border bg-card text-card-foreground shadow-sm"[31m
        [36m>[31m
          [36m<div[31m
            [33mclass[31m=[32m"p-6 flex flex-row items-center justify-between space-y-0 pb-2"[31m
          [36m>[31m
            [36m<h3[31m
              [33mclass[31m=[32m"tracking-tight text-lg font-medium"[31m
            [36m>[31m
              [0mSystem Health[0m
            [36m</h3>[31m
            [36m<div[31m
              [33mclass[31m=[32m"flex items-center gap-2"[31m
            [36m>[31m
              [36m<button[31m
                [33mclass[31m=[32m"inl...[39m
[31m   [31m×[31m HealthCheck Component[2m > [22mAccessibility[2m > [22mshould have proper heading structure[39m[33m 1034[2mms[22m[39m
[31m     → Unable to find role="heading" and name "System Health Check"

Ignored nodes: comments, script, style
[36m<body>[31m
  [36m<div>[31m
    [36m<div[31m
      [33mclass[31m=[32m"space-y-6"[31m
    [36m>[31m
      [36m<div[31m
        [33mclass[31m=[32m"rounded-lg border bg-card text-card-foreground shadow-sm"[31m
      [36m>[31m
        [36m<div[31m
          [33mclass[31m=[32m"flex flex-col space-y-1.5 p-6"[31m
        [36m>[31m
          [36m<h3[31m
            [33mclass[31m=[32m"tracking-tight text-lg font-medium flex items-center gap-2"[31m
          [36m>[31m
            [36m<svg[31m
              [33mclass[31m=[32m"lucide lucide-bell h-5 w-5 text-red-600"[31m
              [33mfill[31m=[32m"none"[31m
              [33mheight[31m=[32m"24"[31m
              [33mstroke[31m=[32m"currentColor"[31m
              [33mstroke-linecap[31m=[32m"round"[31m
              [33mstroke-linejoin[31m=[32m"round"[31m
              [33mstroke-width[31m=[32m"2"[31m
              [33mviewBox[31m=[32m"0 0 24 24"[31m
              [33mwidth[31m=[32m"24"[31m
              [33mxmlns[31m=[32m"http://www.w3.org/2000/svg"[31m
            [36m>[31m
              [36m<path[31m
                [33md[31m=[32m"M10.268 21a2 2 0 0 0 3.464 0"[31m
              [36m/>[31m
              [36m<path[31m
                [33md[31m=[32m"M3.262 15.326A1 1 0 0 0 4 17h16a1 1 0 0 0 .74-1.673C19.41 13.956 18 12.499 18 8A6 6 0 0 0 6 8c0 4.499-1.411 5.956-2.738 7.326"[31m
              [36m/>[31m
            [36m</svg>[31m
            [0mActive Alerts ([0m
            [0m2[0m
            [0m)[0m
          [36m</h3>[31m
        [36m</div>[31m
        [36m<div[31m
          [33mclass[31m=[32m"p-6 pt-0"[31m
        [36m>[31m
          [36m<div[31m
            [33mclass[31m=[32m"space-y-3"[31m
          [36m>[31m
            [36m<div[31m
              [33mclass[31m=[32m"flex items-center justify-between p-3 border rounded-lg"[31m
            [36m>[31m
              [36m<div[31m
                [33mclass[31m=[32m"flex-1"[31m
              [36m>[31m
                [36m<div[31m
                  [33mclass[31m=[32m"flex items-center gap-2 mb-1"[31m
                [36m>[31m
                  [36m<div[31m
                    [33mclass[31m=[32m"inline-flex items-center rounded-full border px-2.5 py-0.5 text-xs font-semibold transition-colors focus:outline-none focus:ring-2 focus:ring-ring focus:ring-offset-2 border-transparent hover:bg-primary/80 bg-gray-100 text-gray-800"[31m
                  [36m>[31m
                    [0mWARNING[0m
                  [36m</div>[31m
                  [36m<span[31m
                    [33mclass[31m=[32m"font-medium"[31m
                  [36m>[31m
                    [0mMemory usage is high (85%)[0m
                  [36m</span>[31m
                [36m</div>[31m
                [36m<p[31m
                  [33mclass[31m=[32m"text-sm text-gray-600"[31m
                [36m>[31m
                  [0mValue: [0m
                  [0m85[0m
                  [0m | Threshold: [0m
                  [0m80[0m
                  [0m | [0m
                  [0m5:35:32 PM[0m
                [36m</p>[31m
              [36m</div>[31m
              [36m<button[31m
                [33mclass[31m=[32m"inline-flex items-center justify-center gap-2 whitespace-nowrap text-sm font-medium ring-offset-background transition-colors focus-visible:outline-none focus-visible:ring-2 focus-visible:ring-ring focus-visible:ring-offset-2 disabled:pointer-events-none disabled:opacity-50 [&_svg]:pointer-events-none [&_svg]:size-4 [&_svg]:shrink-0 border border-input bg-background hover:bg-accent hover:text-accent-foreground h-9 rounded-md px-3"[31m
              [36m>[31m
                [0mAcknowledge[0m
              [36m</button>[31m
            [36m</div>[31m
            [36m<div[31m
              [33mclass[31m=[32m"flex items-center justify-between p-3 border rounded-lg"[31m
            [36m>[31m
              [36m<div[31m
                [33mclass[31m=[32m"flex-1"[31m
              [36m>[31m
                [36m<div[31m
                  [33mclass[31m=[32m"flex items-center gap-2 mb-1"[31m
                [36m>[31m
                  [36m<div[31m
                    [33mclass[31m=[32m"inline-flex items-center rounded-full border px-2.5 py-0.5 text-xs font-semibold transition-colors focus:outline-none focus:ring-2 focus:ring-ring focus:ring-offset-2 border-transparent hover:bg-primary/80 bg-red-100 text-red-800"[31m
                  [36m>[31m
                    [0mCRITICAL[0m
                  [36m</div>[31m
                  [36m<span[31m
                    [33mclass[31m=[32m"font-medium"[31m
                  [36m>[31m
                    [0mNetwork latency is critically high (1500ms)[0m
                  [36m</span>[31m
                [36m</div>[31m
                [36m<p[31m
                  [33mclass[31m=[32m"text-sm text-gray-600"[31m
                [36m>[31m
                  [0mValue: [0m
                  [0m1500[0m
                  [0m | Threshold: [0m
                  [0m1000[0m
                  [0m | [0m
                  [0m5:30:32 PM[0m
                [36m</p>[31m
              [36m</div>[31m
              [36m<button[31m
                [33mclass[31m=[32m"inline-flex items-center justify-center gap-2 whitespace-nowrap text-sm font-medium ring-offset-background transition-colors focus-visible:outline-none focus-visible:ring-2 focus-visible:ring-ring focus-visible:ring-offset-2 disabled:pointer-events-none disabled:opacity-50 [&_svg]:pointer-events-none [&_svg]:size-4 [&_svg]:shrink-0 border border-input bg-background hover:bg-accent hover:text-accent-foreground h-9 rounded-md px-3"[31m
              [36m>[31m
                [0mAcknowledge[0m
              [36m</button>[31m
            [36m</div>[31m
          [36m</div>[31m
        [36m</div>[31m
      [36m</div>[31m
      [36m<div[31m
        [33mclass[31m=[32m"rounded-lg border bg-card text-card-foreground shadow-sm"[31m
      [36m>[31m
        [36m<div[31m
          [33mclass[31m=[32m"p-6 flex flex-row items-center justify-between space-y-0 pb-2"[31m
        [36m>[31m
          [36m<h3[31m
            [33mclass[31m=[32m"tracking-tight text-lg font-medium"[31m
          [36m>[31m
            [0mSystem Health[0m
          [36m</h3>[31m
          [36m<div[31m
            [33mclass[31m=[32m"flex items-center gap-2"[31m
          [36m>[31m
            [36m<button[31m
              [33mclass[31m=[32m"inline-flex items-center justify-center gap-2 whitespace-nowrap text-sm font-medium ring-offset-background transition-colors focus-visible:outline-none focus-visible:ring-2 focus-visible:ring-ring focus-visible:ring-offset-2 disabled:pointer-events-none disabled:opacity-50 [&_svg]:pointer-events-none [&_svg]:size-...

Ignored nodes: comments, script, style
[36m<html>[31m
  [36m<head />[31m
  [36m<body>[31m
    [36m<div>[31m
      [36m<div[31m
        [33mclass[31m=[32m"space-y-6"[31m
      [36m>[31m
        [36m<div[31m
          [33mclass[31m=[32m"rounded-lg border bg-card text-card-foreground shadow-sm"[31m
        [36m>[31m
          [36m<div[31m
            [33mclass[31m=[32m"flex flex-col space-y-1.5 p-6"[31m
          [36m>[31m
            [36m<h3[31m
              [33mclass[31m=[32m"tracking-tight text-lg font-medium flex items-center gap-2"[31m
            [36m>[31m
              [36m<svg[31m
                [33mclass[31m=[32m"lucide lucide-bell h-5 w-5 text-red-600"[31m
                [33mfill[31m=[32m"none"[31m
                [33mheight[31m=[32m"24"[31m
                [33mstroke[31m=[32m"currentColor"[31m
                [33mstroke-linecap[31m=[32m"round"[31m
                [33mstroke-linejoin[31m=[32m"round"[31m
                [33mstroke-width[31m=[32m"2"[31m
                [33mviewBox[31m=[32m"0 0 24 24"[31m
                [33mwidth[31m=[32m"24"[31m
                [33mxmlns[31m=[32m"http://www.w3.org/2000/svg"[31m
              [36m>[31m
                [36m<path[31m
                  [33md[31m=[32m"M10.268 21a2 2 0 0 0 3.464 0"[31m
                [36m/>[31m
                [36m<path[31m
                  [33md[31m=[32m"M3.262 15.326A1 1 0 0 0 4 17h16a1 1 0 0 0 .74-1.673C19.41 13.956 18 12.499 18 8A6 6 0 0 0 6 8c0 4.499-1.411 5.956-2.738 7.326"[31m
                [36m/>[31m
              [36m</svg>[31m
              [0mActive Alerts ([0m
              [0m2[0m
              [0m)[0m
            [36m</h3>[31m
          [36m</div>[31m
          [36m<div[31m
            [33mclass[31m=[32m"p-6 pt-0"[31m
          [36m>[31m
            [36m<div[31m
              [33mclass[31m=[32m"space-y-3"[31m
            [36m>[31m
              [36m<div[31m
                [33mclass[31m=[32m"flex items-center justify-between p-3 border rounded-lg"[31m
              [36m>[31m
                [36m<div[31m
                  [33mclass[31m=[32m"flex-1"[31m
                [36m>[31m
                  [36m<div[31m
                    [33mclass[31m=[32m"flex items-center gap-2 mb-1"[31m
                  [36m>[31m
                    [36m<div[31m
                      [33mclass[31m=[32m"inline-flex items-center rounded-full border px-2.5 py-0.5 text-xs font-semibold transition-colors focus:outline-none focus:ring-2 focus:ring-ring focus:ring-offset-2 border-transparent hover:bg-primary/80 bg-gray-100 text-gray-800"[31m
                    [36m>[31m
                      [0mWARNING[0m
                    [36m</div>[31m
                    [36m<span[31m
                      [33mclass[31m=[32m"font-medium"[31m
                    [36m>[31m
                      [0mMemory usage is high (85%)[0m
                    [36m</span>[31m
                  [36m</div>[31m
                  [36m<p[31m
                    [33mclass[31m=[32m"text-sm text-gray-600"[31m
                  [36m>[31m
                    [0mValue: [0m
                    [0m85[0m
                    [0m | Threshold: [0m
                    [0m80[0m
                    [0m | [0m
                    [0m5:35:32 PM[0m
                  [36m</p>[31m
                [36m</div>[31m
                [36m<button[31m
                  [33mclass[31m=[32m"inline-flex items-center justify-center gap-2 whitespace-nowrap text-sm font-medium ring-offset-background transition-colors focus-visible:outline-none focus-visible:ring-2 focus-visible:ring-ring focus-visible:ring-offset-2 disabled:pointer-events-none disabled:opacity-50 [&_svg]:pointer-events-none [&_svg]:size-4 [&_svg]:shrink-0 border border-input bg-background hover:bg-accent hover:text-accent-foreground h-9 rounded-md px-3"[31m
                [36m>[31m
                  [0mAcknowledge[0m
                [36m</button>[31m
              [36m</div>[31m
              [36m<div[31m
                [33mclass[31m=[32m"flex items-center justify-between p-3 border rounded-lg"[31m
              [36m>[31m
                [36m<div[31m
                  [33mclass[31m=[32m"flex-1"[31m
                [36m>[31m
                  [36m<div[31m
                    [33mclass[31m=[32m"flex items-center gap-2 mb-1"[31m
                  [36m>[31m
                    [36m<div[31m
                      [33mclass[31m=[32m"inline-flex items-center rounded-full border px-2.5 py-0.5 text-xs font-semibold transition-colors focus:outline-none focus:ring-2 focus:ring-ring focus:ring-offset-2 border-transparent hover:bg-primary/80 bg-red-100 text-red-800"[31m
                    [36m>[31m
                      [0mCRITICAL[0m
                    [36m</div>[31m
                    [36m<span[31m
                      [33mclass[31m=[32m"font-medium"[31m
                    [36m>[31m
                      [0mNetwork latency is critically high (1500ms)[0m
                    [36m</span>[31m
                  [36m</div>[31m
                  [36m<p[31m
                    [33mclass[31m=[32m"text-sm text-gray-600"[31m
                  [36m>[31m
                    [0mValue: [0m
                    [0m1500[0m
                    [0m | Threshold: [0m
                    [0m1000[0m
                    [0m | [0m
                    [0m5:30:32 PM[0m
                  [36m</p>[31m
                [36m</div>[31m
                [36m<button[31m
                  [33mclass[31m=[32m"inline-flex items-center justify-center gap-2 whitespace-nowrap text-sm font-medium ring-offset-background transition-colors focus-visible:outline-none focus-visible:ring-2 focus-visible:ring-ring focus-visible:ring-offset-2 disabled:pointer-events-none disabled:opacity-50 [&_svg]:pointer-events-none [&_svg]:size-4 [&_svg]:shrink-0 border border-input bg-background hover:bg-accent hover:text-accent-foreground h-9 rounded-md px-3"[31m
                [36m>[31m
                  [0mAcknowledge[0m
                [36m</button>[31m
              [36m</div>[31m
            [36m</div>[31m
          [36m</div>[31m
        [36m</div>[31m
        [36m<div[31m
          [33mclass[31m=[32m"rounded-lg border bg-card text-card-foreground shadow-sm"[31m
        [36m>[31m
          [36m<div[31m
            [33mclass[31m=[32m"p-6 flex flex-row items-center justify-between space-y-0 pb-2"[31m
          [36m>[31m
            [36m<h3[31m
              [33mclass[31m=[32m"tracking-tight text-lg font-medium"[31m
            [36m>[31m
              [0mSystem Health[0m
            [36m</h3>[31m
            [36m<div[31m
              [33mclass[31m=[32m"flex items-center gap-2"[31m
            [36m>[31m
              [36m<button[31m
                [33mclass[31m=[32m"inl...[39m
[90mstdout[2m | src/hooks/useAuth.test.tsx[2m > [22m[2museAuth Hook[2m > [22m[2minitialization[2m > [22m[2mshould initialize with loading state
[22m[39m🔧 [DEV] Initializing auth state... { isOfflineMode: [33mtrue[39m }

[90mstdout[2m | src/hooks/useAuth.test.tsx[2m > [22m[2museAuth Hook[2m > [22m[2minitialization[2m > [22m[2mshould initialize with loading state
[22m[39m🔧 [DEV] Initial session (test): [90mundefined[39m

[90mstdout[2m | src/hooks/useAuth.test.tsx[2m > [22m[2museAuth Hook[2m > [22m[2minitialization[2m > [22m[2mshould set user when session exists
[22m[39m🔧 [DEV] Initializing auth state... { isOfflineMode: [33mtrue[39m }

[90mstdout[2m | src/hooks/useAuth.test.tsx[2m > [22m[2museAuth Hook[2m > [22m[2minitialization[2m > [22m[2mshould set user when session exists
[22m[39m🔧 [DEV] Initial session (test): test@example.com

[90mstdout[2m | src/hooks/useAuth.test.tsx[2m > [22m[2museAuth Hook[2m > [22m[2minitialization[2m > [22m[2mshould set user when session exists
[22m[39m🔧 [DEV] Initializing auth state... { isOfflineMode: [33mtrue[39m }

[90mstdout[2m | src/hooks/useAuth.test.tsx[2m > [22m[2museAuth Hook[2m > [22m[2minitialization[2m > [22m[2mshould set user when session exists
[22m[39m🔧 [DEV] Initial session (test): test@example.com

[90mstdout[2m | src/hooks/useAuth.test.tsx[2m > [22m[2museAuth Hook[2m > [22m[2msignIn[2m > [22m[2mshould sign in successfully
[22m[39m🔧 [DEV] Initializing auth state... { isOfflineMode: [33mtrue[39m }
🔐 Attempting to sign in with: test@example.com
🔧 [DEV] Initial session (test): [90mundefined[39m
✅ Sign in successful: test@example.com

[90mstdout[2m | src/hooks/useAuth.test.tsx[2m > [22m[2museAuth Hook[2m > [22m[2msignIn[2m > [22m[2mshould handle sign in error
[22m[39m🔧 [DEV] Initializing auth state... { isOfflineMode: [33mtrue[39m }
🔐 Attempting to sign in with: test@example.com
🔧 [DEV] Initial session (test): [90mundefined[39m

[90mstdout[2m | src/hooks/useAuth.test.tsx[2m > [22m[2museAuth Hook[2m > [22m[2msignUp[2m > [22m[2mshould sign up successfully
[22m[39m🔧 [DEV] Initializing auth state... { isOfflineMode: [33mtrue[39m }

[90mstdout[2m | src/hooks/useAuth.test.tsx[2m > [22m[2museAuth Hook[2m > [22m[2msignUp[2m > [22m[2mshould sign up successfully
[22m[39m🔧 [DEV] Initial session (test): [90mundefined[39m

[90mstdout[2m | src/hooks/useAuth.test.tsx[2m > [22m[2museAuth Hook[2m > [22m[2msignUp[2m > [22m[2mshould handle sign up error
[22m[39m🔧 [DEV] Initializing auth state... { isOfflineMode: [33mtrue[39m }

[90mstdout[2m | src/hooks/useAuth.test.tsx[2m > [22m[2museAuth Hook[2m > [22m[2msignUp[2m > [22m[2mshould handle sign up error
[22m[39m🔧 [DEV] Initial session (test): [90mundefined[39m

[90mstdout[2m | src/hooks/useAuth.test.tsx[2m > [22m[2museAuth Hook[2m > [22m[2msignOut[2m > [22m[2mshould sign out successfully
[22m[39m🔧 [DEV] Initializing auth state... { isOfflineMode: [33mtrue[39m }
🚪 Signing out user
🔧 [DEV] Initial session (test): [90mundefined[39m
✅ Sign out successful

[90mstdout[2m | src/hooks/useAuth.test.tsx[2m > [22m[2museAuth Hook[2m > [22m[2mupdateProfile[2m > [22m[2mshould update profile successfully
[22m[39m🔧 [DEV] Initializing auth state... { isOfflineMode: [33mtrue[39m }

[90mstdout[2m | src/hooks/useAuth.test.tsx[2m > [22m[2museAuth Hook[2m > [22m[2mupdateProfile[2m > [22m[2mshould update profile successfully
[22m[39m🔧 [DEV] Initial session (test): [90mundefined[39m

 [31m❯[39m src/hooks/useAuth.test.tsx [2m([22m[2m8 tests[22m[2m | [22m[31m2 failed[39m[2m)[22m[32m 276[2mms[22m[39m
   [32m✓[39m useAuth Hook[2m > [22minitialization[2m > [22mshould initialize with loading state[32m 90[2mms[22m[39m
   [32m✓[39m useAuth Hook[2m > [22minitialization[2m > [22mshould set user when session exists[32m 34[2mms[22m[39m
   [32m✓[39m useAuth Hook[2m > [22msignIn[2m > [22mshould sign in successfully[32m 24[2mms[22m[39m
   [32m✓[39m useAuth Hook[2m > [22msignIn[2m > [22mshould handle sign in error[32m 7[2mms[22m[39m
[31m   [31m×[31m useAuth Hook[2m > [22msignUp[2m > [22mshould sign up successfully[39m[32m 40[2mms[22m[39m
[31m     → expected undefined to deeply equal { id: '123', …(2) }[39m
   [32m✓[39m useAuth Hook[2m > [22msignUp[2m > [22mshould handle sign up error[32m 26[2mms[22m[39m
   [32m✓[39m useAuth Hook[2m > [22msignOut[2m > [22mshould sign out successfully[32m 14[2mms[22m[39m
[31m   [31m×[31m useAuth Hook[2m > [22mupdateProfile[2m > [22mshould update profile successfully[39m[32m 15[2mms[22m[39m
[31m     → expected Error: No user logged in to be null // Object.is equality[39m
 [31m❯[39m src/test/e2e/auth-flow.test.tsx [2m([22m[2m11 tests[22m[2m | [22m[31m11 failed[39m[2m)[22m[33m 412[2mms[22m[39m
[31m   [31m×[31m Authentication Flow E2E Tests[2m > [22mLogin Flow[2m > [22mshould render login form correctly[39m[32m 182[2mms[22m[39m
[31m     → Unable to find an element with the text: Welcome to Nawras CRM. This could be because the text is broken up by multiple elements. In this case, you can provide a function for your text matcher to make your matcher more flexible.

Ignored nodes: comments, script, style
[36m<body>[31m
  [36m<div />[31m
[36m</body>[31m[39m
[31m   [31m×[31m Authentication Flow E2E Tests[2m > [22mLogin Flow[2m > [22mshould handle successful login[39m[32m 48[2mms[22m[39m
[31m     → Unable to find a label with the text of: /email/i

Ignored nodes: comments, script, style
[36m<body>[31m
  [36m<div />[31m
[36m</body>[31m[39m
[31m   [31m×[31m Authentication Flow E2E Tests[2m > [22mLogin Flow[2m > [22mshould handle login errors[39m[32m 14[2mms[22m[39m
[31m     → Unable to find a label with the text of: /email/i

Ignored nodes: comments, script, style
[36m<body>[31m
  [36m<div />[31m
[36m</body>[31m[39m
[31m   [31m×[31m Authentication Flow E2E Tests[2m > [22mLogin Flow[2m > [22mshould show loading state during authentication[39m[32m 3[2mms[22m[39m
[31m     → mockUseAuth is not defined[39m
[31m   [31m×[31m Authentication Flow E2E Tests[2m > [22mSign Up Flow[2m > [22mshould switch to sign up mode[39m[32m 3[2mms[22m[39m
[31m     → mockUseAuth is not defined[39m
[31m   [31m×[31m Authentication Flow E2E Tests[2m > [22mSign Up Flow[2m > [22mshould handle successful sign up[39m[32m 2[2mms[22m[39m
[31m     → mockUseAuth is not defined[39m
[31m   [31m×[31m Authentication Flow E2E Tests[2m > [22mDashboard Access[2m > [22mshould render dashboard when user is authenticated[39m[32m 147[2mms[22m[39m
[31m     → Unable to find an element with the text: Dashboard. This could be because the text is broken up by multiple elements. In this case, you can provide a function for your text matcher to make your matcher more flexible.

Ignored nodes: comments, script, style
[36m<body>[31m
  [36m<div>[31m
    [36m<div[31m
      [33mclass[31m=[32m"fixed inset-0 z-50 flex items-center justify-center bg-background/80 backdrop-blur-sm"[31m
    [36m>[31m
      [36m<div[31m
        [33mclass[31m=[32m"flex flex-col items-center space-y-4"[31m
      [36m>[31m
        [36m<div[31m
          [33mclass[31m=[32m"animate-spin rounded-full border-2 border-gray-300 border-t-blue-600 h-8 w-8"[31m
        [36m/>[31m
        [36m<p[31m
          [33mclass[31m=[32m"text-sm text-muted-foreground"[31m
        [36m>[31m
          [0mLoading dashboard data...[0m
        [36m</p>[31m
      [36m</div>[31m
    [36m</div>[31m
  [36m</div>[31m
[36m</body>[31m[39m
[31m   [31m×[31m Authentication Flow E2E Tests[2m > [22mDashboard Access[2m > [22mshould handle sign out from dashboard[39m[32m 2[2mms[22m[39m
[31m     → mockUseAuth is not defined[39m
[31m   [31m×[31m Authentication Flow E2E Tests[2m > [22mForm Validation[2m > [22mshould validate email format[39m[32m 2[2mms[22m[39m
[31m     → mockUseAuth is not defined[39m
[31m   [31m×[31m Authentication Flow E2E Tests[2m > [22mForm Validation[2m > [22mshould validate required fields[39m[32m 2[2mms[22m[39m
[31m     → mockUseAuth is not defined[39m
[31m   [31m×[31m Authentication Flow E2E Tests[2m > [22mForm Validation[2m > [22mshould validate password strength for sign up[39m[32m 2[2mms[22m[39m
[31m     → mockUseAuth is not defined[39m
[90mstdout[2m | src/pages/Invoices.integration.test.tsx
[22m[39m🔧 Offline data initialized

 [31m❯[39m src/test/integration/customers.integration.test.ts [2m([22m[2m14 tests[22m[2m | [22m[31m1 failed[39m[2m)[22m[32m 53[2mms[22m[39m
   [32m✓[39m Customer CRUD Integration Tests[2m > [22mCreate Customer[2m > [22mshould create a new customer successfully[32m 10[2mms[22m[39m
   [32m✓[39m Customer CRUD Integration Tests[2m > [22mCreate Customer[2m > [22mshould handle validation errors when creating customer[32m 2[2mms[22m[39m
   [32m✓[39m Customer CRUD Integration Tests[2m > [22mCreate Customer[2m > [22mshould handle duplicate email errors[32m 1[2mms[22m[39m
   [32m✓[39m Customer CRUD Integration Tests[2m > [22mRead Customers[2m > [22mshould fetch all customers successfully[32m 3[2mms[22m[39m
   [32m✓[39m Customer CRUD Integration Tests[2m > [22mRead Customers[2m > [22mshould fetch a single customer by ID[32m 1[2mms[22m[39m
   [32m✓[39m Customer CRUD Integration Tests[2m > [22mRead Customers[2m > [22mshould handle customer not found[32m 1[2mms[22m[39m
   [32m✓[39m Customer CRUD Integration Tests[2m > [22mUpdate Customer[2m > [22mshould update customer successfully[32m 1[2mms[22m[39m
   [32m✓[39m Customer CRUD Integration Tests[2m > [22mUpdate Customer[2m > [22mshould handle update validation errors[32m 1[2mms[22m[39m
   [32m✓[39m Customer CRUD Integration Tests[2m > [22mDelete Customer[2m > [22mshould delete customer successfully[32m 1[2mms[22m[39m
   [32m✓[39m Customer CRUD Integration Tests[2m > [22mDelete Customer[2m > [22mshould handle delete constraints (customer has related records)[32m 1[2mms[22m[39m
   [32m✓[39m Customer CRUD Integration Tests[2m > [22mDelete Customer[2m > [22mshould handle delete non-existent customer[32m 1[2mms[22m[39m
   [32m✓[39m Customer CRUD Integration Tests[2m > [22mCustomer Search and Filtering[2m > [22mshould search customers by name[32m 1[2mms[22m[39m
   [32m✓[39m Customer CRUD Integration Tests[2m > [22mCustomer Search and Filtering[2m > [22mshould filter customers by status[32m 1[2mms[22m[39m
[31m   [31m×[31m Customer CRUD Integration Tests[2m > [22mCustomer Search and Filtering[2m > [22mshould paginate customers[39m[32m 22[2mms[22m[39m
[31m     → supabase.from(...).select(...).order(...).range is not a function[39m
stderr | src/pages/Invoices.integration.test.tsx
Multiple GoTrueClient instances detected in the same browser context. It is not an error, but this should be avoided as it may produce undefined behavior when used concurrently under the same storage key.

[90mstdout[2m | src/pages/Invoices.integration.test.tsx
[22m[39m🔧 Supabase config: {
  url: [32m'https://rnqjqhqhqhqhqhqhqhqh.s...'[39m,
  key: [32m'eyJ0eXAiOiJKV1QiLCJh...'[39m,
  env: {
    AHA_CHROME_CRASHPAD_PIPE_NAME: [32m'\\\\.\\pipe\\crashpad_16336_DJYFJKOFGRPZHQIJ'[39m,
    ALLUSERSPROFILE: [32m'C:\\ProgramData'[39m,
    ANDROID_HOME: [32m'C:\\Users\\Lenovo\\AppData\\Local\\Android\\Sdk'[39m,
    APPDATA: [32m'C:\\Users\\Lenovo\\AppData\\Roaming'[39m,
    BASE_URL: [32m'/'[39m,
    CHOCOLATEYINSTALL: [32m'C:\\ProgramData\\chocolatey'[39m,
    COLOR: [32m'0'[39m,
    COLORTERM: [32m'truecolor'[39m,
    COMMONPROGRAMFILES: [32m'C:\\Program Files\\Common Files'[39m,
    [32m'COMMONPROGRAMFILES(X86)'[39m: [32m'C:\\Program Files (x86)\\Common Files'[39m,
    COMMONPROGRAMW6432: [32m'C:\\Program Files\\Common Files'[39m,
    COMPUTERNAME: [32m'DESKTOP-J595T7P'[39m,
    COMSPEC: [32m'C:\\WINDOWS\\system32\\cmd.exe'[39m,
    DEV: [32m'1'[39m,
    DRIVERDATA: [32m'C:\\Windows\\System32\\Drivers\\DriverData'[39m,
    EDITOR: [32m'C:\\WINDOWS\\notepad.exe'[39m,
    EFC_9244_1262719628: [32m'1'[39m,
    EFC_9244_1592913036: [32m'1'[39m,
    EFC_9244_2283032206: [32m'1'[39m,
    EFC_9244_2775293581: [32m'1'[39m,
    EFC_9244_3789132940: [32m'1'[39m,
    FORCE_TTY: [32m''[39m,
    FPS_BROWSER_APP_PROFILE_STRING: [32m'Internet Explorer'[39m,
    FPS_BROWSER_USER_PROFILE_STRING: [32m'Default'[39m,
    GIT_ASKPASS: [32m'c:\\Users\\Lenovo\\AppData\\Local\\Programs\\Trae\\resources\\app\\extensions\\git\\dist\\askpass.sh'[39m,
    GIT_LFS_PATH: [32m'C:\\Program Files\\Git LFS'[39m,
    GIT_PAGER: [32m''[39m,
    HOME: [32m'C:\\Users\\Lenovo'[39m,
    HOMEDRIVE: [32m'C:'[39m,
    HOMEPATH: [32m'\\Users\\Lenovo'[39m,
    INIT_CWD: [32m'C:\\Users\\Lenovo\\Desktop\\new_simple_crm'[39m,
    LANG: [32m'en_US.UTF-8'[39m,
    LOCALAPPDATA: [32m'C:\\Users\\Lenovo\\AppData\\Local'[39m,
    LOGONSERVER: [32m'\\\\DESKTOP-J595T7P'[39m,
    MODE: [32m'test'[39m,
    NODE: [32m'C:\\Program Files\\nodejs\\node.exe'[39m,
    NODE_ENV: [32m'test'[39m,
    NPM_COMMAND: [32m'exec'[39m,
    NPM_CONFIG_CACHE: [32m'C:\\Users\\Lenovo\\AppData\\Local\\npm-cache'[39m,
    NPM_CONFIG_GLOBALCONFIG: [32m'C:\\Users\\Lenovo\\AppData\\Roaming\\npm\\etc\\npmrc'[39m,
    NPM_CONFIG_GLOBAL_PREFIX: [32m'C:\\Users\\Lenovo\\AppData\\Roaming\\npm'[39m,
    NPM_CONFIG_INIT_MODULE: [32m'C:\\Users\\Lenovo\\.npm-init.js'[39m,
    NPM_CONFIG_LOCAL_PREFIX: [32m'C:\\Users\\Lenovo\\Desktop\\new_simple_crm'[39m,
    NPM_CONFIG_NODE_GYP: [32m'C:\\Program Files\\nodejs\\node_modules\\npm\\node_modules\\node-gyp\\bin\\node-gyp.js'[39m,
    NPM_CONFIG_NOPROXY: [32m''[39m,
    NPM_CONFIG_NPM_VERSION: [32m'10.9.2'[39m,
    NPM_CONFIG_PREFIX: [32m'C:\\Users\\Lenovo\\AppData\\Roaming\\npm'[39m,
    NPM_CONFIG_USERCONFIG: [32m'C:\\Users\\Lenovo\\.npmrc'[39m,
    NPM_CONFIG_USER_AGENT: [32m'npm/10.9.2 node/v22.14.0 win32 x64 workspaces/false'[39m,
    NPM_EXECPATH: [32m'C:\\Program Files\\nodejs\\node_modules\\npm\\bin\\npm-cli.js'[39m,
    NPM_LIFECYCLE_EVENT: [32m'npx'[39m,
    NPM_LIFECYCLE_SCRIPT: [32m'vitest'[39m,
    NPM_NODE_EXECPATH: [32m'C:\\Program Files\\nodejs\\node.exe'[39m,
    NPM_PACKAGE_JSON: [32m'C:\\Users\\Lenovo\\Desktop\\new_simple_crm\\package.json'[39m,
    NPM_PACKAGE_NAME: [32m'new_simple_crm'[39m,
    NPM_PACKAGE_VERSION: [32m'0.0.0'[39m,
    NUMBER_OF_PROCESSORS: [32m'8'[39m,
    OCULUSBASE: [32m'C:\\Program Files\\Oculus\\'[39m,
    ONEDRIVE: [32m'C:\\Users\\Lenovo\\OneDrive'[39m,
    OPENSSL_CONF: [32m'C:\\Program Files\\PostgreSQL\\psqlODBC\\etc\\openssl.cnf'[39m,
    ORIGINAL_XDG_CURRENT_DESKTOP: [32m'undefined'[39m,
    OS: [32m'Windows_NT'[39m,
    PAGER: [32m''[39m,
    PATH: [32m'C:\\Users\\Lenovo\\Desktop\\new_simple_crm\\node_modules\\.bin;C:\\Users\\Lenovo\\Desktop\\new_simple_crm\\node_modules\\.bin;C:\\Users\\Lenovo\\Desktop\\node_modules\\.bin;C:\\Users\\Lenovo\\node_modules\\.bin;C:\\Users\\node_modules\\.bin;C:\\node_modules\\.bin;C:\\Program Files\\nodejs\\node_modules\\npm\\node_modules\\@npmcli\\run-script\\lib\\node-gyp-bin;c:\\\\Users\\\\Lenovo\\\\.trae\\\\sdks\\\\workspaces\\\\29b78ebe\\\\versions\\\\node\\\\current;c:\\\\Users\\\\Lenovo\\\\.trae\\\\sdks\\\\versions\\\\node\\\\current;C:\\Program Files\\PowerShell\\7;c:\\Users\\Lenovo\\.trae\\sdks\\workspaces\\29b78ebe\\versions\\node\\current;c:\\Users\\Lenovo\\.trae\\sdks\\versions\\node\\current;C:\\Program Files\\Oculus\\Support\\oculus-runtime;c:\\Users\\Mr. Taha\\AppData\\Local\\Programs\\cursor\\resources\\app\\bin;C:\\flutter\\bin;C:\\Python313\\Scripts\\;C:\\Python313\\;C:\\WINDOWS\\system32;C:\\WINDOWS;C:\\WINDOWS\\System32\\Wbem;C:\\WINDOWS\\System32\\WindowsPowerShell\\v1.0\\;C:\\WINDOWS\\System32\\OpenSSH\\;C:\\Program Files\\nodejs\\;C:\\ProgramData\\chocolatey\\bin;C:\\Program Files\\dotnet\\;C:\\Program Files\\Git LFS;C:\\Users\\Lenovo\\AppData\\Local\\Microsoft\\WindowsApps;C:\\Users\\Lenovo\\AppData\\Local\\Microsoft\\WinGet\\Links;C:\\Program Files\\Git\\cmd;C:\\Program Files\\PowerShell\\7\\;C:\\Program Files\\Docker\\Docker\\resources\\bin;C:\\WINDOWS\\system32;C:\\WINDOWS;C:\\WINDOWS\\System32\\Wbem;C:\\WINDOWS\\System32\\WindowsPowerShell\\v1.0\\;C:\\WINDOWS\\System32\\OpenSSH\\;c:\\\\Users\\\\Lenovo\\\\.trae\\\\sdks\\\\workspaces\\\\abae64b8\\\\versions\\\\node\\\\current;c:\\\\Users\\\\Lenovo\\\\.trae\\\\sdks\\\\versions\\\\node\\\\current;C:\\Program Files\\PowerShell\\7;C:\\Users\\Lenovo\\Downloads\\Halati\\Halati\\flutter\\bin\\;c:\\Users\\Lenovo\\.trae\\sdks\\workspaces\\abae64b8\\versions\\node\\current;c:\\Users\\Lenovo\\.trae\\sdks\\versions\\node\\current;C:\\Program Files\\Oculus\\Support\\oculus-runtime;c:\\Users\\Mr. Taha\\AppData\\Local\\Programs\\cursor\\resources\\app\\bin;C:\\flutter\\bin;C:\\Python313\\Scripts\\;C:\\Python313\\;C:\\WINDOWS\\system32;C:\\WINDOWS;C:\\WINDOWS\\System32\\Wbem;C:\\WINDOWS\\System32\\WindowsPowerShell\\v1.0\\;C:\\WINDOWS\\System32\\OpenSSH\\;C:\\Program Files\\nodejs\\;C:\\ProgramData\\chocolatey\\bin;C:\\Program Files\\dotnet\\;C:\\Program Files\\Git LFS;C:\\Users\\Lenovo\\AppData\\Local\\Microsoft\\WindowsApps;C:\\Users\\Lenovo\\AppData\\Local\\Microsoft\\WinGet\\Links;C:\\Program Files\\PowerShell\\7\\;C:\\Program Files\\Git\\cmd;C:\\Users\\Lenovo\\.local\\bin;C:\\Program Files\\Docker\\Docker\\resources\\bin;C:\\Users\\Lenovo\\AppData\\Local\\Programs\\Microsoft VS Code Insiders\\bin;C:\\Users\\Lenovo\\AppData\\Local\\Programs\\cursor\\resources\\app\\bin;C:\\Users\\Lenovo\\AppData\\Local\\Android\\Sdk\\platform-tools;C:\\Users\\Lenovo\\.deno\\bin;C:\\Users\\Lenovo\\AppData\\Local\\Programs\\Qoder\\bin;%USERPROFILE%\\AppData\\Local\\Microsoft\\WindowsApps;'[39m,
    PATHEXT: [32m'.COM;.EXE;.BAT;.CMD;.VBS;.VBE;.JS;.JSE;.WSF;.WSH;.MSC;.PY;.PYW;.CPL'[39m,
    POWERSHELL_DISTRIBUTION_CHANNEL: [32m'MSI:Windows 10 Pro'[39m,
    PROCESSOR_ARCHITECTURE: [32m'AMD64'[39m,
    PROCESSOR_IDENTIFIER: [32m'Intel64 Family 6 Model 142 Stepping 12, GenuineIntel'[39m,
    PROCESSOR_LEVEL: [32m'6'[39m,
    PROCESSOR_REVISION: [32m'8e0c'[39m,
    PROD: [32m''[39m,
    PROGRAMDATA: [32m'C:\\ProgramData'[39m,
    PROGRAMFILES: [32m'C:\\Program Files'[39m,
    [32m'PROGRAMFILES(X86)'[39m: [32m'C:\\Program Files (x86)'[39m,
    PROGRAMW6432: [32m'C:\\Program Files'[39m,
    PROMPT: [32m'$P$G'[39m,
    PSMODULEPATH: [32m'C:\\Users\\Lenovo\\Documents\\PowerShell\\Modules;C:\\Program Files\\PowerShell\\Modules;c:\\program files\\powershell\\7\\Modules;C:\\Program Files\\WindowsPowerShell\\Modules;C:\\WINDOWS\\system32\\WindowsPowerShell\\v1.0\\Modules'[39m,
    PUBLIC: [32m'C:\\Users\\Public'[39m,
    SESSIONNAME: [32m'Console'[39m,
    SSR: [32m''[39m,
    SYSTEMDRIVE: [32m'C:'[39m,
    SYSTEMROOT: [32m'C:\\WINDOWS'[39m,
    TEMP: [32m'C:\\Users\\Lenovo\\AppData\\Local\\Temp'[39m,
    TERM_PRODUCT: [32m'Trae'[39m,
    TERM_PROGRAM: [32m'vscode'[39m,
    TERM_PROGRAM_VERSION: [32m'1.100.3'[39m,
    TEST: [32m'true'[39m,
    TINYPOOL_WORKER_ID: [32m'1'[39m,
    TMP: [32m'C:\\Users\\Lenovo\\AppData\\Local\\Temp'[39m,
    TRAE_AI_SHELL_ID: [32m'4'[39m,
    USERDOMAIN: [32m'DESKTOP-J595T7P'[39m,
    USERDOMAIN_ROAMINGPROFILE: [32m'DESKTOP-J595T7P'[39m,
    USERNAME: [32m'Lenovo'[39m,
    USERPROFILE: [32m'C:\\Users\\Lenovo'[39m,
    VITEST: [32m'true'[39m,
    VITEST_MODE: [32m'RUN'[39m,
    VITEST_POOL_ID: [32m'1'[39m,
    VITEST_WORKER_ID: [32m'14'[39m,
    VITE_APP_NAME: [32m'Nawras CRM'[39m,
    VITE_APP_VERSION: [32m'1.0.0'[39m,
    VITE_DEV_MODE: [32m'true'[39m,
    VITE_NODE_ENV: [32m'development'[39m,
    VITE_OFFLINE_MODE: [32m'true'[39m,
    VITE_SENTRY_DSN: [32m'your-sentry-dsn-here'[39m,
    VITE_SUPABASE_ANON_KEY: [32m'eyJ0eXAiOiJKV1QiLCJhbGciOiJIUzI1NiJ9.eyJpc3MiOiJzdXBhYmFzZSIsInJlZiI6InJucWpxaHFocWhxaHFocWhxaHFoIiwicm9sZSI6ImFub24iLCJpYXQiOjE3MzU3MzI4NzAsImV4cCI6MjA1MTMwODg3MH0.Ej8Ej8Ej8Ej8Ej8Ej8Ej8Ej8Ej8Ej8Ej8Ej8Ej8'[39m,
    VITE_SUPABASE_URL: [32m'https://rnqjqhqhqhqhqhqhqhqh.supabase.co'[39m,
    VSCODE_GIT_ASKPASS_EXTRA_ARGS: [32m''[39m,
    VSCODE_GIT_ASKPASS_MAIN: [32m'c:\\Users\\Lenovo\\AppData\\Local\\Programs\\Trae\\resources\\app\\extensions\\git\\dist\\askpass-main.js'[39m,
    VSCODE_GIT_ASKPASS_NODE: [32m'C:\\Users\\Lenovo\\AppData\\Local\\Programs\\Trae\\Trae.exe'[39m,
    VSCODE_GIT_IPC_HANDLE: [32m'\\\\.\\pipe\\vscode-git-f3eb346485-sock'[39m,
    VSCODE_INJECTION: [32m'1'[39m,
    WINDIR: [32m'C:\\WINDOWS'[39m,
    __PSLOCKDOWNPOLICY: [32m'0'[39m
  }
}

 [31m❯[39m src/pages/Dashboard.simple.test.tsx [2m([22m[2m1 test[22m[2m | [22m[31m1 failed[39m[2m)[22m[33m 410[2mms[22m[39m
[31m   [31m×[31m Dashboard Simple Test[2m > [22mshould render without crashing[39m[33m 405[2mms[22m[39m
[31m     → [vitest] No "AuthContext" export is defined on the "../hooks/useAuth" mock. Did you forget to return it from "vi.mock"?
If you need to partially mock a module, you can use "importOriginal" helper inside:
[39m
[90mstdout[2m | src/services/exportFieldsService.test.ts
[22m[39m🔧 Supabase config: {
  url: [32m'https://rnqjqhqhqhqhqhqhqhqh.s...'[39m,
  key: [32m'eyJ0eXAiOiJKV1QiLCJh...'[39m,
  env: {
    AHA_CHROME_CRASHPAD_PIPE_NAME: [32m'\\\\.\\pipe\\crashpad_16336_DJYFJKOFGRPZHQIJ'[39m,
    ALLUSERSPROFILE: [32m'C:\\ProgramData'[39m,
    ANDROID_HOME: [32m'C:\\Users\\Lenovo\\AppData\\Local\\Android\\Sdk'[39m,
    APPDATA: [32m'C:\\Users\\Lenovo\\AppData\\Roaming'[39m,
    BASE_URL: [32m'/'[39m,
    CHOCOLATEYINSTALL: [32m'C:\\ProgramData\\chocolatey'[39m,
    COLOR: [32m'0'[39m,
    COLORTERM: [32m'truecolor'[39m,
    COMMONPROGRAMFILES: [32m'C:\\Program Files\\Common Files'[39m,
    [32m'COMMONPROGRAMFILES(X86)'[39m: [32m'C:\\Program Files (x86)\\Common Files'[39m,
    COMMONPROGRAMW6432: [32m'C:\\Program Files\\Common Files'[39m,
    COMPUTERNAME: [32m'DESKTOP-J595T7P'[39m,
    COMSPEC: [32m'C:\\WINDOWS\\system32\\cmd.exe'[39m,
    DEV: [32m'1'[39m,
    DRIVERDATA: [32m'C:\\Windows\\System32\\Drivers\\DriverData'[39m,
    EDITOR: [32m'C:\\WINDOWS\\notepad.exe'[39m,
    EFC_9244_1262719628: [32m'1'[39m,
    EFC_9244_1592913036: [32m'1'[39m,
    EFC_9244_2283032206: [32m'1'[39m,
    EFC_9244_2775293581: [32m'1'[39m,
    EFC_9244_3789132940: [32m'1'[39m,
    FORCE_TTY: [32m''[39m,
    FPS_BROWSER_APP_PROFILE_STRING: [32m'Internet Explorer'[39m,
    FPS_BROWSER_USER_PROFILE_STRING: [32m'Default'[39m,
    GIT_ASKPASS: [32m'c:\\Users\\Lenovo\\AppData\\Local\\Programs\\Trae\\resources\\app\\extensions\\git\\dist\\askpass.sh'[39m,
    GIT_LFS_PATH: [32m'C:\\Program Files\\Git LFS'[39m,
    GIT_PAGER: [32m''[39m,
    HOME: [32m'C:\\Users\\Lenovo'[39m,
    HOMEDRIVE: [32m'C:'[39m,
    HOMEPATH: [32m'\\Users\\Lenovo'[39m,
    INIT_CWD: [32m'C:\\Users\\Lenovo\\Desktop\\new_simple_crm'[39m,
    LANG: [32m'en_US.UTF-8'[39m,
    LOCALAPPDATA: [32m'C:\\Users\\Lenovo\\AppData\\Local'[39m,
    LOGONSERVER: [32m'\\\\DESKTOP-J595T7P'[39m,
    MODE: [32m'test'[39m,
    NODE: [32m'C:\\Program Files\\nodejs\\node.exe'[39m,
    NODE_ENV: [32m'test'[39m,
    NPM_COMMAND: [32m'exec'[39m,
    NPM_CONFIG_CACHE: [32m'C:\\Users\\Lenovo\\AppData\\Local\\npm-cache'[39m,
    NPM_CONFIG_GLOBALCONFIG: [32m'C:\\Users\\Lenovo\\AppData\\Roaming\\npm\\etc\\npmrc'[39m,
    NPM_CONFIG_GLOBAL_PREFIX: [32m'C:\\Users\\Lenovo\\AppData\\Roaming\\npm'[39m,
    NPM_CONFIG_INIT_MODULE: [32m'C:\\Users\\Lenovo\\.npm-init.js'[39m,
    NPM_CONFIG_LOCAL_PREFIX: [32m'C:\\Users\\Lenovo\\Desktop\\new_simple_crm'[39m,
    NPM_CONFIG_NODE_GYP: [32m'C:\\Program Files\\nodejs\\node_modules\\npm\\node_modules\\node-gyp\\bin\\node-gyp.js'[39m,
    NPM_CONFIG_NOPROXY: [32m''[39m,
    NPM_CONFIG_NPM_VERSION: [32m'10.9.2'[39m,
    NPM_CONFIG_PREFIX: [32m'C:\\Users\\Lenovo\\AppData\\Roaming\\npm'[39m,
    NPM_CONFIG_USERCONFIG: [32m'C:\\Users\\Lenovo\\.npmrc'[39m,
    NPM_CONFIG_USER_AGENT: [32m'npm/10.9.2 node/v22.14.0 win32 x64 workspaces/false'[39m,
    NPM_EXECPATH: [32m'C:\\Program Files\\nodejs\\node_modules\\npm\\bin\\npm-cli.js'[39m,
    NPM_LIFECYCLE_EVENT: [32m'npx'[39m,
    NPM_LIFECYCLE_SCRIPT: [32m'vitest'[39m,
    NPM_NODE_EXECPATH: [32m'C:\\Program Files\\nodejs\\node.exe'[39m,
    NPM_PACKAGE_JSON: [32m'C:\\Users\\Lenovo\\Desktop\\new_simple_crm\\package.json'[39m,
    NPM_PACKAGE_NAME: [32m'new_simple_crm'[39m,
    NPM_PACKAGE_VERSION: [32m'0.0.0'[39m,
    NUMBER_OF_PROCESSORS: [32m'8'[39m,
    OCULUSBASE: [32m'C:\\Program Files\\Oculus\\'[39m,
    ONEDRIVE: [32m'C:\\Users\\Lenovo\\OneDrive'[39m,
    OPENSSL_CONF: [32m'C:\\Program Files\\PostgreSQL\\psqlODBC\\etc\\openssl.cnf'[39m,
    ORIGINAL_XDG_CURRENT_DESKTOP: [32m'undefined'[39m,
    OS: [32m'Windows_NT'[39m,
    PAGER: [32m''[39m,
    PATH: [32m'C:\\Users\\Lenovo\\Desktop\\new_simple_crm\\node_modules\\.bin;C:\\Users\\Lenovo\\Desktop\\new_simple_crm\\node_modules\\.bin;C:\\Users\\Lenovo\\Desktop\\node_modules\\.bin;C:\\Users\\Lenovo\\node_modules\\.bin;C:\\Users\\node_modules\\.bin;C:\\node_modules\\.bin;C:\\Program Files\\nodejs\\node_modules\\npm\\node_modules\\@npmcli\\run-script\\lib\\node-gyp-bin;c:\\\\Users\\\\Lenovo\\\\.trae\\\\sdks\\\\workspaces\\\\29b78ebe\\\\versions\\\\node\\\\current;c:\\\\Users\\\\Lenovo\\\\.trae\\\\sdks\\\\versions\\\\node\\\\current;C:\\Program Files\\PowerShell\\7;c:\\Users\\Lenovo\\.trae\\sdks\\workspaces\\29b78ebe\\versions\\node\\current;c:\\Users\\Lenovo\\.trae\\sdks\\versions\\node\\current;C:\\Program Files\\Oculus\\Support\\oculus-runtime;c:\\Users\\Mr. Taha\\AppData\\Local\\Programs\\cursor\\resources\\app\\bin;C:\\flutter\\bin;C:\\Python313\\Scripts\\;C:\\Python313\\;C:\\WINDOWS\\system32;C:\\WINDOWS;C:\\WINDOWS\\System32\\Wbem;C:\\WINDOWS\\System32\\WindowsPowerShell\\v1.0\\;C:\\WINDOWS\\System32\\OpenSSH\\;C:\\Program Files\\nodejs\\;C:\\ProgramData\\chocolatey\\bin;C:\\Program Files\\dotnet\\;C:\\Program Files\\Git LFS;C:\\Users\\Lenovo\\AppData\\Local\\Microsoft\\WindowsApps;C:\\Users\\Lenovo\\AppData\\Local\\Microsoft\\WinGet\\Links;C:\\Program Files\\Git\\cmd;C:\\Program Files\\PowerShell\\7\\;C:\\Program Files\\Docker\\Docker\\resources\\bin;C:\\WINDOWS\\system32;C:\\WINDOWS;C:\\WINDOWS\\System32\\Wbem;C:\\WINDOWS\\System32\\WindowsPowerShell\\v1.0\\;C:\\WINDOWS\\System32\\OpenSSH\\;c:\\\\Users\\\\Lenovo\\\\.trae\\\\sdks\\\\workspaces\\\\abae64b8\\\\versions\\\\node\\\\current;c:\\\\Users\\\\Lenovo\\\\.trae\\\\sdks\\\\versions\\\\node\\\\current;C:\\Program Files\\PowerShell\\7;C:\\Users\\Lenovo\\Downloads\\Halati\\Halati\\flutter\\bin\\;c:\\Users\\Lenovo\\.trae\\sdks\\workspaces\\abae64b8\\versions\\node\\current;c:\\Users\\Lenovo\\.trae\\sdks\\versions\\node\\current;C:\\Program Files\\Oculus\\Support\\oculus-runtime;c:\\Users\\Mr. Taha\\AppData\\Local\\Programs\\cursor\\resources\\app\\bin;C:\\flutter\\bin;C:\\Python313\\Scripts\\;C:\\Python313\\;C:\\WINDOWS\\system32;C:\\WINDOWS;C:\\WINDOWS\\System32\\Wbem;C:\\WINDOWS\\System32\\WindowsPowerShell\\v1.0\\;C:\\WINDOWS\\System32\\OpenSSH\\;C:\\Program Files\\nodejs\\;C:\\ProgramData\\chocolatey\\bin;C:\\Program Files\\dotnet\\;C:\\Program Files\\Git LFS;C:\\Users\\Lenovo\\AppData\\Local\\Microsoft\\WindowsApps;C:\\Users\\Lenovo\\AppData\\Local\\Microsoft\\WinGet\\Links;C:\\Program Files\\PowerShell\\7\\;C:\\Program Files\\Git\\cmd;C:\\Users\\Lenovo\\.local\\bin;C:\\Program Files\\Docker\\Docker\\resources\\bin;C:\\Users\\Lenovo\\AppData\\Local\\Programs\\Microsoft VS Code Insiders\\bin;C:\\Users\\Lenovo\\AppData\\Local\\Programs\\cursor\\resources\\app\\bin;C:\\Users\\Lenovo\\AppData\\Local\\Android\\Sdk\\platform-tools;C:\\Users\\Lenovo\\.deno\\bin;C:\\Users\\Lenovo\\AppData\\Local\\Programs\\Qoder\\bin;%USERPROFILE%\\AppData\\Local\\Microsoft\\WindowsApps;'[39m,
    PATHEXT: [32m'.COM;.EXE;.BAT;.CMD;.VBS;.VBE;.JS;.JSE;.WSF;.WSH;.MSC;.PY;.PYW;.CPL'[39m,
    POWERSHELL_DISTRIBUTION_CHANNEL: [32m'MSI:Windows 10 Pro'[39m,
    PROCESSOR_ARCHITECTURE: [32m'AMD64'[39m,
    PROCESSOR_IDENTIFIER: [32m'Intel64 Family 6 Model 142 Stepping 12, GenuineIntel'[39m,
    PROCESSOR_LEVEL: [32m'6'[39m,
    PROCESSOR_REVISION: [32m'8e0c'[39m,
    PROD: [32m''[39m,
    PROGRAMDATA: [32m'C:\\ProgramData'[39m,
    PROGRAMFILES: [32m'C:\\Program Files'[39m,
    [32m'PROGRAMFILES(X86)'[39m: [32m'C:\\Program Files (x86)'[39m,
    PROGRAMW6432: [32m'C:\\Program Files'[39m,
    PROMPT: [32m'$P$G'[39m,
    PSMODULEPATH: [32m'C:\\Users\\Lenovo\\Documents\\PowerShell\\Modules;C:\\Program Files\\PowerShell\\Modules;c:\\program files\\powershell\\7\\Modules;C:\\Program Files\\WindowsPowerShell\\Modules;C:\\WINDOWS\\system32\\WindowsPowerShell\\v1.0\\Modules'[39m,
    PUBLIC: [32m'C:\\Users\\Public'[39m,
    SESSIONNAME: [32m'Console'[39m,
    SSR: [32m''[39m,
    SYSTEMDRIVE: [32m'C:'[39m,
    SYSTEMROOT: [32m'C:\\WINDOWS'[39m,
    TEMP: [32m'C:\\Users\\Lenovo\\AppData\\Local\\Temp'[39m,
    TERM_PRODUCT: [32m'Trae'[39m,
    TERM_PROGRAM: [32m'vscode'[39m,
    TERM_PROGRAM_VERSION: [32m'1.100.3'[39m,
    TEST: [32m'true'[39m,
    TINYPOOL_WORKER_ID: [32m'5'[39m,
    TMP: [32m'C:\\Users\\Lenovo\\AppData\\Local\\Temp'[39m,
    TRAE_AI_SHELL_ID: [32m'4'[39m,
    USERDOMAIN: [32m'DESKTOP-J595T7P'[39m,
    USERDOMAIN_ROAMINGPROFILE: [32m'DESKTOP-J595T7P'[39m,
    USERNAME: [32m'Lenovo'[39m,
    USERPROFILE: [32m'C:\\Users\\Lenovo'[39m,
    VITEST: [32m'true'[39m,
    VITEST_MODE: [32m'RUN'[39m,
    VITEST_POOL_ID: [32m'5'[39m,
    VITEST_WORKER_ID: [32m'16'[39m,
    VITE_APP_NAME: [32m'Nawras CRM'[39m,
    VITE_APP_VERSION: [32m'1.0.0'[39m,
    VITE_DEV_MODE: [32m'true'[39m,
    VITE_NODE_ENV: [32m'development'[39m,
    VITE_OFFLINE_MODE: [32m'true'[39m,
    VITE_SENTRY_DSN: [32m'your-sentry-dsn-here'[39m,
    VITE_SUPABASE_ANON_KEY: [32m'eyJ0eXAiOiJKV1QiLCJhbGciOiJIUzI1NiJ9.eyJpc3MiOiJzdXBhYmFzZSIsInJlZiI6InJucWpxaHFocWhxaHFocWhxaHFoIiwicm9sZSI6ImFub24iLCJpYXQiOjE3MzU3MzI4NzAsImV4cCI6MjA1MTMwODg3MH0.Ej8Ej8Ej8Ej8Ej8Ej8Ej8Ej8Ej8Ej8Ej8Ej8Ej8'[39m,
    VITE_SUPABASE_URL: [32m'https://rnqjqhqhqhqhqhqhqhqh.supabase.co'[39m,
    VSCODE_GIT_ASKPASS_EXTRA_ARGS: [32m''[39m,
    VSCODE_GIT_ASKPASS_MAIN: [32m'c:\\Users\\Lenovo\\AppData\\Local\\Programs\\Trae\\resources\\app\\extensions\\git\\dist\\askpass-main.js'[39m,
    VSCODE_GIT_ASKPASS_NODE: [32m'C:\\Users\\Lenovo\\AppData\\Local\\Programs\\Trae\\Trae.exe'[39m,
    VSCODE_GIT_IPC_HANDLE: [32m'\\\\.\\pipe\\vscode-git-f3eb346485-sock'[39m,
    VSCODE_INJECTION: [32m'1'[39m,
    WINDIR: [32m'C:\\WINDOWS'[39m,
    __PSLOCKDOWNPOLICY: [32m'0'[39m
  }
}

 [31m❯[39m src/services/exportFieldsService.test.ts [2m([22m[2m7 tests[22m[2m | [22m[31m7 failed[39m[2m)[22m[32m 222[2mms[22m[39m
[31m   [31m×[31m exportFieldsService[2m > [22mgetCustomerExportFields[2m > [22mshould fetch customer export fields successfully[39m[32m 62[2mms[22m[39m
[31m     → TypeError: Cannot read properties of undefined (reading 'status')[39m
[31m   [31m×[31m exportFieldsService[2m > [22mgetCustomerExportFields[2m > [22mshould return default values when no data found[39m[32m 6[2mms[22m[39m
[31m     → TypeError: Cannot read properties of undefined (reading 'status')[39m
[31m   [31m×[31m exportFieldsService[2m > [22mgetCustomerExportFields[2m > [22mshould handle database errors[39m[32m 70[2mms[22m[39m
[31m     → expected [Function] to throw error including 'Database error' but got 'TypeError: Cannot read properties of …'[39m
[31m   [31m×[31m exportFieldsService[2m > [22msaveCustomerExportFields[2m > [22mshould save customer export fields successfully[39m[32m 7[2mms[22m[39m
[31m     → TypeError: Cannot read properties of undefined (reading 'status')[39m
[31m   [31m×[31m exportFieldsService[2m > [22msaveCustomerExportFields[2m > [22mshould handle upsert errors[39m[32m 7[2mms[22m[39m
[31m     → expected [Function] to throw error including 'Upsert failed' but got 'TypeError: Cannot read properties of …'[39m
[31m   [31m×[31m exportFieldsService[2m > [22mgetReferenceData[2m > [22mshould fetch all reference data successfully[39m[32m 37[2mms[22m[39m
[31m     → TypeError: Cannot read properties of undefined (reading 'status')[39m
[31m   [31m×[31m exportFieldsService[2m > [22mgetReferenceData[2m > [22mshould handle reference data fetch errors[39m[32m 23[2mms[22m[39m
[31m     → expected [Function] to throw error including 'Fetch failed' but got 'TypeError: Cannot read properties of …'[39m
 [31m❯[39m src/pages/Invoices.integration.test.tsx [2m([22m[2m9 tests[22m[2m | [22m[31m9 failed[39m[2m)[22m[32m 294[2mms[22m[39m
[31m   [31m×[31m Invoices Integration Tests[2m > [22mshould load and display invoices with export information[39m[32m 118[2mms[22m[39m
[31m     → Element type is invalid: expected a string (for built-in components) or a class/function (for composite components) but got: undefined. You likely forgot to export your component from the file it's defined in, or you might have mixed up default and named imports.[39m
[31m   [31m×[31m Invoices Integration Tests[2m > [22mshould create new invoice with export fields integration[39m[32m 33[2mms[22m[39m
[31m     → Element type is invalid: expected a string (for built-in components) or a class/function (for composite components) but got: undefined. You likely forgot to export your component from the file it's defined in, or you might have mixed up default and named imports.[39m
[31m   [31m×[31m Invoices Integration Tests[2m > [22mshould handle batch download with export customization[39m[32m 15[2mms[22m[39m
[31m     → Element type is invalid: expected a string (for built-in components) or a class/function (for composite components) but got: undefined. You likely forgot to export your component from the file it's defined in, or you might have mixed up default and named imports.[39m
[31m   [31m×[31m Invoices Integration Tests[2m > [22mshould customize PDF with export-specific branding[39m[32m 13[2mms[22m[39m
[31m     → Element type is invalid: expected a string (for built-in components) or a class/function (for composite components) but got: undefined. You likely forgot to export your component from the file it's defined in, or you might have mixed up default and named imports.[39m
[31m   [31m×[31m Invoices Integration Tests[2m > [22mshould filter invoices by export status and customer[39m[32m 36[2mms[22m[39m
[31m     → Element type is invalid: expected a string (for built-in components) or a class/function (for composite components) but got: undefined. You likely forgot to export your component from the file it's defined in, or you might have mixed up default and named imports.[39m
[31m   [31m×[31m Invoices Integration Tests[2m > [22mshould handle invoice editing with export field updates[39m[32m 9[2mms[22m[39m
[31m     → Element type is invalid: expected a string (for built-in components) or a class/function (for composite components) but got: undefined. You likely forgot to export your component from the file it's defined in, or you might have mixed up default and named imports.[39m
[31m   [31m×[31m Invoices Integration Tests[2m > [22mshould display export compliance information in invoice details[39m[32m 7[2mms[22m[39m
[31m     → Element type is invalid: expected a string (for built-in components) or a class/function (for composite components) but got: undefined. You likely forgot to export your component from the file it's defined in, or you might have mixed up default and named imports.[39m
[31m   [31m×[31m Invoices Integration Tests[2m > [22mshould handle error states gracefully[39m[32m 23[2mms[22m[39m
[31m     → Element type is invalid: expected a string (for built-in components) or a class/function (for composite components) but got: undefined. You likely forgot to export your component from the file it's defined in, or you might have mixed up default and named imports.[39m
[31m   [31m×[31m Invoices Integration Tests[2m > [22mshould validate export compliance before invoice creation[39m[32m 11[2mms[22m[39m
[31m     → Element type is invalid: expected a string (for built-in components) or a class/function (for composite components) but got: undefined. You likely forgot to export your component from the file it's defined in, or you might have mixed up default and named imports.[39m
[90mstdout[2m | src/components/ProtectedRoute.test.tsx
[22m[39m🔧 Supabase config: {
  url: [32m'https://rnqjqhqhqhqhqhqhqhqh.s...'[39m,
  key: [32m'eyJ0eXAiOiJKV1QiLCJh...'[39m,
  env: {
    AHA_CHROME_CRASHPAD_PIPE_NAME: [32m'\\\\.\\pipe\\crashpad_16336_DJYFJKOFGRPZHQIJ'[39m,
    ALLUSERSPROFILE: [32m'C:\\ProgramData'[39m,
    ANDROID_HOME: [32m'C:\\Users\\Lenovo\\AppData\\Local\\Android\\Sdk'[39m,
    APPDATA: [32m'C:\\Users\\Lenovo\\AppData\\Roaming'[39m,
    BASE_URL: [32m'/'[39m,
    CHOCOLATEYINSTALL: [32m'C:\\ProgramData\\chocolatey'[39m,
    COLOR: [32m'0'[39m,
    COLORTERM: [32m'truecolor'[39m,
    COMMONPROGRAMFILES: [32m'C:\\Program Files\\Common Files'[39m,
    [32m'COMMONPROGRAMFILES(X86)'[39m: [32m'C:\\Program Files (x86)\\Common Files'[39m,
    COMMONPROGRAMW6432: [32m'C:\\Program Files\\Common Files'[39m,
    COMPUTERNAME: [32m'DESKTOP-J595T7P'[39m,
    COMSPEC: [32m'C:\\WINDOWS\\system32\\cmd.exe'[39m,
    DEV: [32m'1'[39m,
    DRIVERDATA: [32m'C:\\Windows\\System32\\Drivers\\DriverData'[39m,
    EDITOR: [32m'C:\\WINDOWS\\notepad.exe'[39m,
    EFC_9244_1262719628: [32m'1'[39m,
    EFC_9244_1592913036: [32m'1'[39m,
    EFC_9244_2283032206: [32m'1'[39m,
    EFC_9244_2775293581: [32m'1'[39m,
    EFC_9244_3789132940: [32m'1'[39m,
    FORCE_TTY: [32m''[39m,
    FPS_BROWSER_APP_PROFILE_STRING: [32m'Internet Explorer'[39m,
    FPS_BROWSER_USER_PROFILE_STRING: [32m'Default'[39m,
    GIT_ASKPASS: [32m'c:\\Users\\Lenovo\\AppData\\Local\\Programs\\Trae\\resources\\app\\extensions\\git\\dist\\askpass.sh'[39m,
    GIT_LFS_PATH: [32m'C:\\Program Files\\Git LFS'[39m,
    GIT_PAGER: [32m''[39m,
    HOME: [32m'C:\\Users\\Lenovo'[39m,
    HOMEDRIVE: [32m'C:'[39m,
    HOMEPATH: [32m'\\Users\\Lenovo'[39m,
    INIT_CWD: [32m'C:\\Users\\Lenovo\\Desktop\\new_simple_crm'[39m,
    LANG: [32m'en_US.UTF-8'[39m,
    LOCALAPPDATA: [32m'C:\\Users\\Lenovo\\AppData\\Local'[39m,
    LOGONSERVER: [32m'\\\\DESKTOP-J595T7P'[39m,
    MODE: [32m'test'[39m,
    NODE: [32m'C:\\Program Files\\nodejs\\node.exe'[39m,
    NODE_ENV: [32m'test'[39m,
    NPM_COMMAND: [32m'exec'[39m,
    NPM_CONFIG_CACHE: [32m'C:\\Users\\Lenovo\\AppData\\Local\\npm-cache'[39m,
    NPM_CONFIG_GLOBALCONFIG: [32m'C:\\Users\\Lenovo\\AppData\\Roaming\\npm\\etc\\npmrc'[39m,
    NPM_CONFIG_GLOBAL_PREFIX: [32m'C:\\Users\\Lenovo\\AppData\\Roaming\\npm'[39m,
    NPM_CONFIG_INIT_MODULE: [32m'C:\\Users\\Lenovo\\.npm-init.js'[39m,
    NPM_CONFIG_LOCAL_PREFIX: [32m'C:\\Users\\Lenovo\\Desktop\\new_simple_crm'[39m,
    NPM_CONFIG_NODE_GYP: [32m'C:\\Program Files\\nodejs\\node_modules\\npm\\node_modules\\node-gyp\\bin\\node-gyp.js'[39m,
    NPM_CONFIG_NOPROXY: [32m''[39m,
    NPM_CONFIG_NPM_VERSION: [32m'10.9.2'[39m,
    NPM_CONFIG_PREFIX: [32m'C:\\Users\\Lenovo\\AppData\\Roaming\\npm'[39m,
    NPM_CONFIG_USERCONFIG: [32m'C:\\Users\\Lenovo\\.npmrc'[39m,
    NPM_CONFIG_USER_AGENT: [32m'npm/10.9.2 node/v22.14.0 win32 x64 workspaces/false'[39m,
    NPM_EXECPATH: [32m'C:\\Program Files\\nodejs\\node_modules\\npm\\bin\\npm-cli.js'[39m,
    NPM_LIFECYCLE_EVENT: [32m'npx'[39m,
    NPM_LIFECYCLE_SCRIPT: [32m'vitest'[39m,
    NPM_NODE_EXECPATH: [32m'C:\\Program Files\\nodejs\\node.exe'[39m,
    NPM_PACKAGE_JSON: [32m'C:\\Users\\Lenovo\\Desktop\\new_simple_crm\\package.json'[39m,
    NPM_PACKAGE_NAME: [32m'new_simple_crm'[39m,
    NPM_PACKAGE_VERSION: [32m'0.0.0'[39m,
    NUMBER_OF_PROCESSORS: [32m'8'[39m,
    OCULUSBASE: [32m'C:\\Program Files\\Oculus\\'[39m,
    ONEDRIVE: [32m'C:\\Users\\Lenovo\\OneDrive'[39m,
    OPENSSL_CONF: [32m'C:\\Program Files\\PostgreSQL\\psqlODBC\\etc\\openssl.cnf'[39m,
    ORIGINAL_XDG_CURRENT_DESKTOP: [32m'undefined'[39m,
    OS: [32m'Windows_NT'[39m,
    PAGER: [32m''[39m,
    PATH: [32m'C:\\Users\\Lenovo\\Desktop\\new_simple_crm\\node_modules\\.bin;C:\\Users\\Lenovo\\Desktop\\new_simple_crm\\node_modules\\.bin;C:\\Users\\Lenovo\\Desktop\\node_modules\\.bin;C:\\Users\\Lenovo\\node_modules\\.bin;C:\\Users\\node_modules\\.bin;C:\\node_modules\\.bin;C:\\Program Files\\nodejs\\node_modules\\npm\\node_modules\\@npmcli\\run-script\\lib\\node-gyp-bin;c:\\\\Users\\\\Lenovo\\\\.trae\\\\sdks\\\\workspaces\\\\29b78ebe\\\\versions\\\\node\\\\current;c:\\\\Users\\\\Lenovo\\\\.trae\\\\sdks\\\\versions\\\\node\\\\current;C:\\Program Files\\PowerShell\\7;c:\\Users\\Lenovo\\.trae\\sdks\\workspaces\\29b78ebe\\versions\\node\\current;c:\\Users\\Lenovo\\.trae\\sdks\\versions\\node\\current;C:\\Program Files\\Oculus\\Support\\oculus-runtime;c:\\Users\\Mr. Taha\\AppData\\Local\\Programs\\cursor\\resources\\app\\bin;C:\\flutter\\bin;C:\\Python313\\Scripts\\;C:\\Python313\\;C:\\WINDOWS\\system32;C:\\WINDOWS;C:\\WINDOWS\\System32\\Wbem;C:\\WINDOWS\\System32\\WindowsPowerShell\\v1.0\\;C:\\WINDOWS\\System32\\OpenSSH\\;C:\\Program Files\\nodejs\\;C:\\ProgramData\\chocolatey\\bin;C:\\Program Files\\dotnet\\;C:\\Program Files\\Git LFS;C:\\Users\\Lenovo\\AppData\\Local\\Microsoft\\WindowsApps;C:\\Users\\Lenovo\\AppData\\Local\\Microsoft\\WinGet\\Links;C:\\Program Files\\Git\\cmd;C:\\Program Files\\PowerShell\\7\\;C:\\Program Files\\Docker\\Docker\\resources\\bin;C:\\WINDOWS\\system32;C:\\WINDOWS;C:\\WINDOWS\\System32\\Wbem;C:\\WINDOWS\\System32\\WindowsPowerShell\\v1.0\\;C:\\WINDOWS\\System32\\OpenSSH\\;c:\\\\Users\\\\Lenovo\\\\.trae\\\\sdks\\\\workspaces\\\\abae64b8\\\\versions\\\\node\\\\current;c:\\\\Users\\\\Lenovo\\\\.trae\\\\sdks\\\\versions\\\\node\\\\current;C:\\Program Files\\PowerShell\\7;C:\\Users\\Lenovo\\Downloads\\Halati\\Halati\\flutter\\bin\\;c:\\Users\\Lenovo\\.trae\\sdks\\workspaces\\abae64b8\\versions\\node\\current;c:\\Users\\Lenovo\\.trae\\sdks\\versions\\node\\current;C:\\Program Files\\Oculus\\Support\\oculus-runtime;c:\\Users\\Mr. Taha\\AppData\\Local\\Programs\\cursor\\resources\\app\\bin;C:\\flutter\\bin;C:\\Python313\\Scripts\\;C:\\Python313\\;C:\\WINDOWS\\system32;C:\\WINDOWS;C:\\WINDOWS\\System32\\Wbem;C:\\WINDOWS\\System32\\WindowsPowerShell\\v1.0\\;C:\\WINDOWS\\System32\\OpenSSH\\;C:\\Program Files\\nodejs\\;C:\\ProgramData\\chocolatey\\bin;C:\\Program Files\\dotnet\\;C:\\Program Files\\Git LFS;C:\\Users\\Lenovo\\AppData\\Local\\Microsoft\\WindowsApps;C:\\Users\\Lenovo\\AppData\\Local\\Microsoft\\WinGet\\Links;C:\\Program Files\\PowerShell\\7\\;C:\\Program Files\\Git\\cmd;C:\\Users\\Lenovo\\.local\\bin;C:\\Program Files\\Docker\\Docker\\resources\\bin;C:\\Users\\Lenovo\\AppData\\Local\\Programs\\Microsoft VS Code Insiders\\bin;C:\\Users\\Lenovo\\AppData\\Local\\Programs\\cursor\\resources\\app\\bin;C:\\Users\\Lenovo\\AppData\\Local\\Android\\Sdk\\platform-tools;C:\\Users\\Lenovo\\.deno\\bin;C:\\Users\\Lenovo\\AppData\\Local\\Programs\\Qoder\\bin;%USERPROFILE%\\AppData\\Local\\Microsoft\\WindowsApps;'[39m,
    PATHEXT: [32m'.COM;.EXE;.BAT;.CMD;.VBS;.VBE;.JS;.JSE;.WSF;.WSH;.MSC;.PY;.PYW;.CPL'[39m,
    POWERSHELL_DISTRIBUTION_CHANNEL: [32m'MSI:Windows 10 Pro'[39m,
    PROCESSOR_ARCHITECTURE: [32m'AMD64'[39m,
    PROCESSOR_IDENTIFIER: [32m'Intel64 Family 6 Model 142 Stepping 12, GenuineIntel'[39m,
    PROCESSOR_LEVEL: [32m'6'[39m,
    PROCESSOR_REVISION: [32m'8e0c'[39m,
    PROD: [32m''[39m,
    PROGRAMDATA: [32m'C:\\ProgramData'[39m,
    PROGRAMFILES: [32m'C:\\Program Files'[39m,
    [32m'PROGRAMFILES(X86)'[39m: [32m'C:\\Program Files (x86)'[39m,
    PROGRAMW6432: [32m'C:\\Program Files'[39m,
    PROMPT: [32m'$P$G'[39m,
    PSMODULEPATH: [32m'C:\\Users\\Lenovo\\Documents\\PowerShell\\Modules;C:\\Program Files\\PowerShell\\Modules;c:\\program files\\powershell\\7\\Modules;C:\\Program Files\\WindowsPowerShell\\Modules;C:\\WINDOWS\\system32\\WindowsPowerShell\\v1.0\\Modules'[39m,
    PUBLIC: [32m'C:\\Users\\Public'[39m,
    SESSIONNAME: [32m'Console'[39m,
    SSR: [32m''[39m,
    SYSTEMDRIVE: [32m'C:'[39m,
    SYSTEMROOT: [32m'C:\\WINDOWS'[39m,
    TEMP: [32m'C:\\Users\\Lenovo\\AppData\\Local\\Temp'[39m,
    TERM_PRODUCT: [32m'Trae'[39m,
    TERM_PROGRAM: [32m'vscode'[39m,
    TERM_PROGRAM_VERSION: [32m'1.100.3'[39m,
    TEST: [32m'true'[39m,
    TINYPOOL_WORKER_ID: [32m'2'[39m,
    TMP: [32m'C:\\Users\\Lenovo\\AppData\\Local\\Temp'[39m,
    TRAE_AI_SHELL_ID: [32m'4'[39m,
    USERDOMAIN: [32m'DESKTOP-J595T7P'[39m,
    USERDOMAIN_ROAMINGPROFILE: [32m'DESKTOP-J595T7P'[39m,
    USERNAME: [32m'Lenovo'[39m,
    USERPROFILE: [32m'C:\\Users\\Lenovo'[39m,
    VITEST: [32m'true'[39m,
    VITEST_MODE: [32m'RUN'[39m,
    VITEST_POOL_ID: [32m'2'[39m,
    VITEST_WORKER_ID: [32m'18'[39m,
    VITE_APP_NAME: [32m'Nawras CRM'[39m,
    VITE_APP_VERSION: [32m'1.0.0'[39m,
    VITE_DEV_MODE: [32m'true'[39m,
    VITE_NODE_ENV: [32m'development'[39m,
    VITE_OFFLINE_MODE: [32m'true'[39m,
    VITE_SENTRY_DSN: [32m'your-sentry-dsn-here'[39m,
    VITE_SUPABASE_ANON_KEY: [32m'eyJ0eXAiOiJKV1QiLCJhbGciOiJIUzI1NiJ9.eyJpc3MiOiJzdXBhYmFzZSIsInJlZiI6InJucWpxaHFocWhxaHFocWhxaHFoIiwicm9sZSI6ImFub24iLCJpYXQiOjE3MzU3MzI4NzAsImV4cCI6MjA1MTMwODg3MH0.Ej8Ej8Ej8Ej8Ej8Ej8Ej8Ej8Ej8Ej8Ej8Ej8Ej8'[39m,
    VITE_SUPABASE_URL: [32m'https://rnqjqhqhqhqhqhqhqhqh.supabase.co'[39m,
    VSCODE_GIT_ASKPASS_EXTRA_ARGS: [32m''[39m,
    VSCODE_GIT_ASKPASS_MAIN: [32m'c:\\Users\\Lenovo\\AppData\\Local\\Programs\\Trae\\resources\\app\\extensions\\git\\dist\\askpass-main.js'[39m,
    VSCODE_GIT_ASKPASS_NODE: [32m'C:\\Users\\Lenovo\\AppData\\Local\\Programs\\Trae\\Trae.exe'[39m,
    VSCODE_GIT_IPC_HANDLE: [32m'\\\\.\\pipe\\vscode-git-f3eb346485-sock'[39m,
    VSCODE_INJECTION: [32m'1'[39m,
    WINDIR: [32m'C:\\WINDOWS'[39m,
    __PSLOCKDOWNPOLICY: [32m'0'[39m
  }
}

 [31m❯[39m src/components/ProtectedRoute.test.tsx [2m([22m[2m14 tests[22m[2m | [22m[31m14 failed[39m[2m)[22m[32m 88[2mms[22m[39m
[31m   [31m×[31m ProtectedRoute[2m > [22mauthentication states[2m > [22mshould show loading spinner when loading is true[39m[32m 18[2mms[22m[39m
[31m     → mockUseAuth.mockReturnValue is not a function[39m
[31m   [31m×[31m ProtectedRoute[2m > [22mauthentication states[2m > [22mshould redirect to login when user is not authenticated[39m[32m 3[2mms[22m[39m
[31m     → mockUseAuth.mockReturnValue is not a function[39m
[31m   [31m×[31m ProtectedRoute[2m > [22mauthentication states[2m > [22mshould render children when user is authenticated[39m[32m 2[2mms[22m[39m
[31m     → mockUseAuth.mockReturnValue is not a function[39m
[31m   [31m×[31m ProtectedRoute[2m > [22mrole-based access control[2m > [22mshould allow access when user has required role[39m[32m 2[2mms[22m[39m
[31m     → mockUseAuth.mockReturnValue is not a function[39m
[31m   [31m×[31m ProtectedRoute[2m > [22mrole-based access control[2m > [22mshould allow access when user has higher role than required[39m[32m 2[2mms[22m[39m
[31m     → mockUseAuth.mockReturnValue is not a function[39m
[31m   [31m×[31m ProtectedRoute[2m > [22mrole-based access control[2m > [22mshould deny access when user has lower role than required[39m[32m 2[2mms[22m[39m
[31m     → mockUseAuth.mockReturnValue is not a function[39m
[31m   [31m×[31m ProtectedRoute[2m > [22mrole-based access control[2m > [22mshould allow access when no role is required[39m[32m 2[2mms[22m[39m
[31m     → mockUseAuth.mockReturnValue is not a function[39m
[31m   [31m×[31m ProtectedRoute[2m > [22mtesting environment bypass[2m > [22mshould bypass authentication in test environment[39m[32m 2[2mms[22m[39m
[31m     → mockUseAuth.mockReturnValue is not a function[39m
[31m   [31m×[31m ProtectedRoute[2m > [22mtesting environment bypass[2m > [22mshould bypass authentication with HeadlessChrome user agent[39m[32m 2[2mms[22m[39m
[31m     → mockUseAuth.mockReturnValue is not a function[39m
[31m   [31m×[31m ProtectedRoute[2m > [22mtesting environment bypass[2m > [22mshould bypass authentication with Playwright user agent[39m[32m 40[2mms[22m[39m
[31m     → mockUseAuth.mockReturnValue is not a function[39m
[31m   [31m×[31m ProtectedRoute[2m > [22mtesting environment bypass[2m > [22mshould bypass authentication when webdriver is true[39m[32m 2[2mms[22m[39m
[31m     → mockUseAuth.mockReturnValue is not a function[39m
[31m   [31m×[31m ProtectedRoute[2m > [22mtesting environment bypass[2m > [22mshould not bypass authentication in production environment[39m[32m 3[2mms[22m[39m
[31m     → mockUseAuth.mockReturnValue is not a function[39m
[31m   [31m×[31m ProtectedRoute[2m > [22medge cases[2m > [22mshould handle missing profile gracefully[39m[32m 2[2mms[22m[39m
[31m     → mockUseAuth.mockReturnValue is not a function[39m
[31m   [31m×[31m ProtectedRoute[2m > [22medge cases[2m > [22mshould handle role check when profile is null[39m[32m 2[2mms[22m[39m
[31m     → mockUseAuth.mockReturnValue is not a function[39m
 [31m❯[39m src/components/Layout.test.tsx [2m([22m[2m21 tests[22m[2m | [22m[31m21 failed[39m[2m)[22m[32m 70[2mms[22m[39m
[31m   [31m×[31m Layout[2m > [22mbasic rendering[2m > [22mshould render layout with children[39m[32m 19[2mms[22m[39m
[31m     → mockUseAuth.mockReturnValue is not a function[39m
[31m   [31m×[31m Layout[2m > [22mbasic rendering[2m > [22mshould render CRM title in both desktop and mobile views[39m[32m 2[2mms[22m[39m
[31m     → mockUseAuth.mockReturnValue is not a function[39m
[31m   [31m×[31m Layout[2m > [22mbasic rendering[2m > [22mshould render all navigation items[39m[32m 1[2mms[22m[39m
[31m     → mockUseAuth.mockReturnValue is not a function[39m
[31m   [31m×[31m Layout[2m > [22muser information display[2m > [22mshould display user avatar with first letter of email[39m[32m 2[2mms[22m[39m
[31m     → mockUseAuth.mockReturnValue is not a function[39m
[31m   [31m×[31m Layout[2m > [22muser information display[2m > [22mshould display full name when available[39m[32m 1[2mms[22m[39m
[31m     → mockUseAuth.mockReturnValue is not a function[39m
[31m   [31m×[31m Layout[2m > [22muser information display[2m > [22mshould display email when full name is not available[39m[32m 1[2mms[22m[39m
[31m     → mockUseAuth.mockReturnValue is not a function[39m
[31m   [31m×[31m Layout[2m > [22muser information display[2m > [22mshould display user role[39m[32m 1[2mms[22m[39m
[31m     → mockUseAuth.mockReturnValue is not a function[39m
[31m   [31m×[31m Layout[2m > [22muser information display[2m > [22mshould handle missing user email gracefully[39m[32m 1[2mms[22m[39m
[31m     → mockUseAuth.mockReturnValue is not a function[39m
[31m   [31m×[31m Layout[2m > [22mnavigation active states[2m > [22mshould highlight active navigation item[39m[32m 13[2mms[22m[39m
[31m     → mockUseAuth.mockReturnValue is not a function[39m
[31m   [31m×[31m Layout[2m > [22mnavigation active states[2m > [22mshould not highlight inactive navigation items[39m[32m 1[2mms[22m[39m
[31m     → mockUseAuth.mockReturnValue is not a function[39m
[31m   [31m×[31m Layout[2m > [22mmobile sidebar functionality[2m > [22mshould open mobile sidebar when menu button is clicked[39m[32m 1[2mms[22m[39m
[31m     → mockUseAuth.mockReturnValue is not a function[39m
[31m   [31m×[31m Layout[2m > [22mmobile sidebar functionality[2m > [22mshould close mobile sidebar when X button is clicked[39m[32m 1[2mms[22m[39m
[31m     → mockUseAuth.mockReturnValue is not a function[39m
[31m   [31m×[31m Layout[2m > [22mmobile sidebar functionality[2m > [22mshould close mobile sidebar when overlay is clicked[39m[32m 4[2mms[22m[39m
[31m     → mockUseAuth.mockReturnValue is not a function[39m
[31m   [31m×[31m Layout[2m > [22mmobile sidebar functionality[2m > [22mshould close mobile sidebar when navigation link is clicked[39m[32m 5[2mms[22m[39m
[31m     → mockUseAuth.mockReturnValue is not a function[39m
[31m   [31m×[31m Layout[2m > [22msign out functionality[2m > [22mshould call signOut and navigate to login on desktop sign out[39m[32m 1[2mms[22m[39m
[31m     → mockUseAuth.mockReturnValue is not a function[39m
[31m   [31m×[31m Layout[2m > [22msign out functionality[2m > [22mshould call signOut and navigate to login on mobile sign out[39m[32m 1[2mms[22m[39m
[31m     → mockUseAuth.mockReturnValue is not a function[39m
[31m   [31m×[31m Layout[2m > [22msign out functionality[2m > [22mshould handle sign out errors gracefully[39m[32m 1[2mms[22m[39m
[31m     → mockUseAuth.mockReturnValue is not a function[39m
[31m   [31m×[31m Layout[2m > [22mresponsive design[2m > [22mshould show mobile header only on small screens[39m[32m 1[2mms[22m[39m
[31m     → mockUseAuth.mockReturnValue is not a function[39m
[31m   [31m×[31m Layout[2m > [22mresponsive design[2m > [22mshould show desktop sidebar only on large screens[39m[32m 1[2mms[22m[39m
[31m     → mockUseAuth.mockReturnValue is not a function[39m
[31m   [31m×[31m Layout[2m > [22medge cases[2m > [22mshould handle missing user gracefully[39m[32m 1[2mms[22m[39m
[31m     → mockUseAuth.mockReturnValue is not a function[39m
[31m   [31m×[31m Layout[2m > [22medge cases[2m > [22mshould handle missing profile gracefully[39m[32m 1[2mms[22m[39m
[31m     → mockUseAuth.mockReturnValue is not a function[39m
[90mstdout[2m | src/pages/Dashboard.test.tsx
[22m[39m🔧 Supabase config: {
  url: [32m'https://rnqjqhqhqhqhqhqhqhqh.s...'[39m,
  key: [32m'eyJ0eXAiOiJKV1QiLCJh...'[39m,
  env: {
    AHA_CHROME_CRASHPAD_PIPE_NAME: [32m'\\\\.\\pipe\\crashpad_16336_DJYFJKOFGRPZHQIJ'[39m,
    ALLUSERSPROFILE: [32m'C:\\ProgramData'[39m,
    ANDROID_HOME: [32m'C:\\Users\\Lenovo\\AppData\\Local\\Android\\Sdk'[39m,
    APPDATA: [32m'C:\\Users\\Lenovo\\AppData\\Roaming'[39m,
    BASE_URL: [32m'/'[39m,
    CHOCOLATEYINSTALL: [32m'C:\\ProgramData\\chocolatey'[39m,
    COLOR: [32m'0'[39m,
    COLORTERM: [32m'truecolor'[39m,
    COMMONPROGRAMFILES: [32m'C:\\Program Files\\Common Files'[39m,
    [32m'COMMONPROGRAMFILES(X86)'[39m: [32m'C:\\Program Files (x86)\\Common Files'[39m,
    COMMONPROGRAMW6432: [32m'C:\\Program Files\\Common Files'[39m,
    COMPUTERNAME: [32m'DESKTOP-J595T7P'[39m,
    COMSPEC: [32m'C:\\WINDOWS\\system32\\cmd.exe'[39m,
    DEV: [32m'1'[39m,
    DRIVERDATA: [32m'C:\\Windows\\System32\\Drivers\\DriverData'[39m,
    EDITOR: [32m'C:\\WINDOWS\\notepad.exe'[39m,
    EFC_9244_1262719628: [32m'1'[39m,
    EFC_9244_1592913036: [32m'1'[39m,
    EFC_9244_2283032206: [32m'1'[39m,
    EFC_9244_2775293581: [32m'1'[39m,
    EFC_9244_3789132940: [32m'1'[39m,
    FORCE_TTY: [32m''[39m,
    FPS_BROWSER_APP_PROFILE_STRING: [32m'Internet Explorer'[39m,
    FPS_BROWSER_USER_PROFILE_STRING: [32m'Default'[39m,
    GIT_ASKPASS: [32m'c:\\Users\\Lenovo\\AppData\\Local\\Programs\\Trae\\resources\\app\\extensions\\git\\dist\\askpass.sh'[39m,
    GIT_LFS_PATH: [32m'C:\\Program Files\\Git LFS'[39m,
    GIT_PAGER: [32m''[39m,
    HOME: [32m'C:\\Users\\Lenovo'[39m,
    HOMEDRIVE: [32m'C:'[39m,
    HOMEPATH: [32m'\\Users\\Lenovo'[39m,
    INIT_CWD: [32m'C:\\Users\\Lenovo\\Desktop\\new_simple_crm'[39m,
    LANG: [32m'en_US.UTF-8'[39m,
    LOCALAPPDATA: [32m'C:\\Users\\Lenovo\\AppData\\Local'[39m,
    LOGONSERVER: [32m'\\\\DESKTOP-J595T7P'[39m,
    MODE: [32m'test'[39m,
    NODE: [32m'C:\\Program Files\\nodejs\\node.exe'[39m,
    NODE_ENV: [32m'test'[39m,
    NPM_COMMAND: [32m'exec'[39m,
    NPM_CONFIG_CACHE: [32m'C:\\Users\\Lenovo\\AppData\\Local\\npm-cache'[39m,
    NPM_CONFIG_GLOBALCONFIG: [32m'C:\\Users\\Lenovo\\AppData\\Roaming\\npm\\etc\\npmrc'[39m,
    NPM_CONFIG_GLOBAL_PREFIX: [32m'C:\\Users\\Lenovo\\AppData\\Roaming\\npm'[39m,
    NPM_CONFIG_INIT_MODULE: [32m'C:\\Users\\Lenovo\\.npm-init.js'[39m,
    NPM_CONFIG_LOCAL_PREFIX: [32m'C:\\Users\\Lenovo\\Desktop\\new_simple_crm'[39m,
    NPM_CONFIG_NODE_GYP: [32m'C:\\Program Files\\nodejs\\node_modules\\npm\\node_modules\\node-gyp\\bin\\node-gyp.js'[39m,
    NPM_CONFIG_NOPROXY: [32m''[39m,
    NPM_CONFIG_NPM_VERSION: [32m'10.9.2'[39m,
    NPM_CONFIG_PREFIX: [32m'C:\\Users\\Lenovo\\AppData\\Roaming\\npm'[39m,
    NPM_CONFIG_USERCONFIG: [32m'C:\\Users\\Lenovo\\.npmrc'[39m,
    NPM_CONFIG_USER_AGENT: [32m'npm/10.9.2 node/v22.14.0 win32 x64 workspaces/false'[39m,
    NPM_EXECPATH: [32m'C:\\Program Files\\nodejs\\node_modules\\npm\\bin\\npm-cli.js'[39m,
    NPM_LIFECYCLE_EVENT: [32m'npx'[39m,
    NPM_LIFECYCLE_SCRIPT: [32m'vitest'[39m,
    NPM_NODE_EXECPATH: [32m'C:\\Program Files\\nodejs\\node.exe'[39m,
    NPM_PACKAGE_JSON: [32m'C:\\Users\\Lenovo\\Desktop\\new_simple_crm\\package.json'[39m,
    NPM_PACKAGE_NAME: [32m'new_simple_crm'[39m,
    NPM_PACKAGE_VERSION: [32m'0.0.0'[39m,
    NUMBER_OF_PROCESSORS: [32m'8'[39m,
    OCULUSBASE: [32m'C:\\Program Files\\Oculus\\'[39m,
    ONEDRIVE: [32m'C:\\Users\\Lenovo\\OneDrive'[39m,
    OPENSSL_CONF: [32m'C:\\Program Files\\PostgreSQL\\psqlODBC\\etc\\openssl.cnf'[39m,
    ORIGINAL_XDG_CURRENT_DESKTOP: [32m'undefined'[39m,
    OS: [32m'Windows_NT'[39m,
    PAGER: [32m''[39m,
    PATH: [32m'C:\\Users\\Lenovo\\Desktop\\new_simple_crm\\node_modules\\.bin;C:\\Users\\Lenovo\\Desktop\\new_simple_crm\\node_modules\\.bin;C:\\Users\\Lenovo\\Desktop\\node_modules\\.bin;C:\\Users\\Lenovo\\node_modules\\.bin;C:\\Users\\node_modules\\.bin;C:\\node_modules\\.bin;C:\\Program Files\\nodejs\\node_modules\\npm\\node_modules\\@npmcli\\run-script\\lib\\node-gyp-bin;c:\\\\Users\\\\Lenovo\\\\.trae\\\\sdks\\\\workspaces\\\\29b78ebe\\\\versions\\\\node\\\\current;c:\\\\Users\\\\Lenovo\\\\.trae\\\\sdks\\\\versions\\\\node\\\\current;C:\\Program Files\\PowerShell\\7;c:\\Users\\Lenovo\\.trae\\sdks\\workspaces\\29b78ebe\\versions\\node\\current;c:\\Users\\Lenovo\\.trae\\sdks\\versions\\node\\current;C:\\Program Files\\Oculus\\Support\\oculus-runtime;c:\\Users\\Mr. Taha\\AppData\\Local\\Programs\\cursor\\resources\\app\\bin;C:\\flutter\\bin;C:\\Python313\\Scripts\\;C:\\Python313\\;C:\\WINDOWS\\system32;C:\\WINDOWS;C:\\WINDOWS\\System32\\Wbem;C:\\WINDOWS\\System32\\WindowsPowerShell\\v1.0\\;C:\\WINDOWS\\System32\\OpenSSH\\;C:\\Program Files\\nodejs\\;C:\\ProgramData\\chocolatey\\bin;C:\\Program Files\\dotnet\\;C:\\Program Files\\Git LFS;C:\\Users\\Lenovo\\AppData\\Local\\Microsoft\\WindowsApps;C:\\Users\\Lenovo\\AppData\\Local\\Microsoft\\WinGet\\Links;C:\\Program Files\\Git\\cmd;C:\\Program Files\\PowerShell\\7\\;C:\\Program Files\\Docker\\Docker\\resources\\bin;C:\\WINDOWS\\system32;C:\\WINDOWS;C:\\WINDOWS\\System32\\Wbem;C:\\WINDOWS\\System32\\WindowsPowerShell\\v1.0\\;C:\\WINDOWS\\System32\\OpenSSH\\;c:\\\\Users\\\\Lenovo\\\\.trae\\\\sdks\\\\workspaces\\\\abae64b8\\\\versions\\\\node\\\\current;c:\\\\Users\\\\Lenovo\\\\.trae\\\\sdks\\\\versions\\\\node\\\\current;C:\\Program Files\\PowerShell\\7;C:\\Users\\Lenovo\\Downloads\\Halati\\Halati\\flutter\\bin\\;c:\\Users\\Lenovo\\.trae\\sdks\\workspaces\\abae64b8\\versions\\node\\current;c:\\Users\\Lenovo\\.trae\\sdks\\versions\\node\\current;C:\\Program Files\\Oculus\\Support\\oculus-runtime;c:\\Users\\Mr. Taha\\AppData\\Local\\Programs\\cursor\\resources\\app\\bin;C:\\flutter\\bin;C:\\Python313\\Scripts\\;C:\\Python313\\;C:\\WINDOWS\\system32;C:\\WINDOWS;C:\\WINDOWS\\System32\\Wbem;C:\\WINDOWS\\System32\\WindowsPowerShell\\v1.0\\;C:\\WINDOWS\\System32\\OpenSSH\\;C:\\Program Files\\nodejs\\;C:\\ProgramData\\chocolatey\\bin;C:\\Program Files\\dotnet\\;C:\\Program Files\\Git LFS;C:\\Users\\Lenovo\\AppData\\Local\\Microsoft\\WindowsApps;C:\\Users\\Lenovo\\AppData\\Local\\Microsoft\\WinGet\\Links;C:\\Program Files\\PowerShell\\7\\;C:\\Program Files\\Git\\cmd;C:\\Users\\Lenovo\\.local\\bin;C:\\Program Files\\Docker\\Docker\\resources\\bin;C:\\Users\\Lenovo\\AppData\\Local\\Programs\\Microsoft VS Code Insiders\\bin;C:\\Users\\Lenovo\\AppData\\Local\\Programs\\cursor\\resources\\app\\bin;C:\\Users\\Lenovo\\AppData\\Local\\Android\\Sdk\\platform-tools;C:\\Users\\Lenovo\\.deno\\bin;C:\\Users\\Lenovo\\AppData\\Local\\Programs\\Qoder\\bin;%USERPROFILE%\\AppData\\Local\\Microsoft\\WindowsApps;'[39m,
    PATHEXT: [32m'.COM;.EXE;.BAT;.CMD;.VBS;.VBE;.JS;.JSE;.WSF;.WSH;.MSC;.PY;.PYW;.CPL'[39m,
    POWERSHELL_DISTRIBUTION_CHANNEL: [32m'MSI:Windows 10 Pro'[39m,
    PROCESSOR_ARCHITECTURE: [32m'AMD64'[39m,
    PROCESSOR_IDENTIFIER: [32m'Intel64 Family 6 Model 142 Stepping 12, GenuineIntel'[39m,
    PROCESSOR_LEVEL: [32m'6'[39m,
    PROCESSOR_REVISION: [32m'8e0c'[39m,
    PROD: [32m''[39m,
    PROGRAMDATA: [32m'C:\\ProgramData'[39m,
    PROGRAMFILES: [32m'C:\\Program Files'[39m,
    [32m'PROGRAMFILES(X86)'[39m: [32m'C:\\Program Files (x86)'[39m,
    PROGRAMW6432: [32m'C:\\Program Files'[39m,
    PROMPT: [32m'$P$G'[39m,
    PSMODULEPATH: [32m'C:\\Users\\Lenovo\\Documents\\PowerShell\\Modules;C:\\Program Files\\PowerShell\\Modules;c:\\program files\\powershell\\7\\Modules;C:\\Program Files\\WindowsPowerShell\\Modules;C:\\WINDOWS\\system32\\WindowsPowerShell\\v1.0\\Modules'[39m,
    PUBLIC: [32m'C:\\Users\\Public'[39m,
    SESSIONNAME: [32m'Console'[39m,
    SSR: [32m''[39m,
    SYSTEMDRIVE: [32m'C:'[39m,
    SYSTEMROOT: [32m'C:\\WINDOWS'[39m,
    TEMP: [32m'C:\\Users\\Lenovo\\AppData\\Local\\Temp'[39m,
    TERM_PRODUCT: [32m'Trae'[39m,
    TERM_PROGRAM: [32m'vscode'[39m,
    TERM_PROGRAM_VERSION: [32m'1.100.3'[39m,
    TEST: [32m'true'[39m,
    TINYPOOL_WORKER_ID: [32m'6'[39m,
    TMP: [32m'C:\\Users\\Lenovo\\AppData\\Local\\Temp'[39m,
    TRAE_AI_SHELL_ID: [32m'4'[39m,
    USERDOMAIN: [32m'DESKTOP-J595T7P'[39m,
    USERDOMAIN_ROAMINGPROFILE: [32m'DESKTOP-J595T7P'[39m,
    USERNAME: [32m'Lenovo'[39m,
    USERPROFILE: [32m'C:\\Users\\Lenovo'[39m,
    VITEST: [32m'true'[39m,
    VITEST_MODE: [32m'RUN'[39m,
    VITEST_POOL_ID: [32m'6'[39m,
    VITEST_WORKER_ID: [32m'32'[39m,
    VITE_APP_NAME: [32m'Nawras CRM'[39m,
    VITE_APP_VERSION: [32m'1.0.0'[39m,
    VITE_DEV_MODE: [32m'true'[39m,
    VITE_NODE_ENV: [32m'development'[39m,
    VITE_OFFLINE_MODE: [32m'true'[39m,
    VITE_SENTRY_DSN: [32m'your-sentry-dsn-here'[39m,
    VITE_SUPABASE_ANON_KEY: [32m'eyJ0eXAiOiJKV1QiLCJhbGciOiJIUzI1NiJ9.eyJpc3MiOiJzdXBhYmFzZSIsInJlZiI6InJucWpxaHFocWhxaHFocWhxaHFoIiwicm9sZSI6ImFub24iLCJpYXQiOjE3MzU3MzI4NzAsImV4cCI6MjA1MTMwODg3MH0.Ej8Ej8Ej8Ej8Ej8Ej8Ej8Ej8Ej8Ej8Ej8Ej8Ej8'[39m,
    VITE_SUPABASE_URL: [32m'https://rnqjqhqhqhqhqhqhqhqh.supabase.co'[39m,
    VSCODE_GIT_ASKPASS_EXTRA_ARGS: [32m''[39m,
    VSCODE_GIT_ASKPASS_MAIN: [32m'c:\\Users\\Lenovo\\AppData\\Local\\Programs\\Trae\\resources\\app\\extensions\\git\\dist\\askpass-main.js'[39m,
    VSCODE_GIT_ASKPASS_NODE: [32m'C:\\Users\\Lenovo\\AppData\\Local\\Programs\\Trae\\Trae.exe'[39m,
    VSCODE_GIT_IPC_HANDLE: [32m'\\\\.\\pipe\\vscode-git-f3eb346485-sock'[39m,
    VSCODE_INJECTION: [32m'1'[39m,
    WINDIR: [32m'C:\\WINDOWS'[39m,
    __PSLOCKDOWNPOLICY: [32m'0'[39m
  }
}

 [32m✓[39m src/pages/Login.test.tsx [2m([22m[2m12 tests[22m[2m)[22m[33m 1284[2mms[22m[39m
   [33m[2m✓[22m[39m Login Component[2m > [22mrenders login form elements [33m 416[2mms[22m[39m
 [32m✓[39m src/pages/Register.test.tsx [2m([22m[2m16 tests[22m[2m)[22m[33m 2236[2mms[22m[39m
   [33m[2m✓[22m[39m Register Component[2m > [22mrenders registration form correctly [33m 985[2mms[22m[39m
[90mstdout[2m | src/pages/Dashboard.test.tsx[2m > [22m[2mDashboard[2m > [22m[2mdata loading[2m > [22m[2mshould handle data loading errors
[22m[39m🔄 Falling back to offline mode due to error

 [32m✓[39m src/pages/Dashboard.test.tsx [2m([22m[2m20 tests[22m[2m)[22m[33m 3145[2mms[22m[39m
   [33m[2m✓[22m[39m Dashboard[2m > [22mrendering[2m > [22mshould render dashboard title and welcome message [33m 656[2mms[22m[39m
 [32m✓[39m src/store/useStore.test.ts [2m([22m[2m14 tests[22m[2m)[22m[32m 282[2mms[22m[39m
 [32m✓[39m src/components/ui/card.test.tsx [2m([22m[2m7 tests[22m[2m)[22m[32m 293[2mms[22m[39m
 [32m✓[39m src/components/ui/button.test.tsx [2m([22m[2m17 tests[22m[2m)[22m[33m 865[2mms[22m[39m
   [33m[2m✓[22m[39m Button Component[2m > [22mrendering[2m > [22mshould render with default variant and size [33m 491[2mms[22m[39m
 [32m✓[39m src/hooks/useTheme.test.ts [2m([22m[2m15 tests[22m[2m)[22m[32m 162[2mms[22m[39m
[90mstdout[2m | src/pages/Settings.minimal.test.tsx
[22m[39m🔧 Offline data initialized

stderr | src/pages/Settings.minimal.test.tsx
Multiple GoTrueClient instances detected in the same browser context. It is not an error, but this should be avoided as it may produce undefined behavior when used concurrently under the same storage key.

 [32m✓[39m src/lib/utils.test.ts [2m([22m[2m21 tests[22m[2m)[22m[32m 140[2mms[22m[39m
 [32m✓[39m src/components/Empty.test.tsx [2m([22m[2m3 tests[22m[2m)[22m[32m 139[2mms[22m[39m
 [32m✓[39m src/pages/Settings.minimal.test.tsx [2m([22m[2m1 test[22m[2m)[22m[33m 398[2mms[22m[39m
   [33m[2m✓[22m[39m Settings - Minimal Test[2m > [22mshould render without crashing [33m 392[2mms[22m[39m
 [32m✓[39m src/lib/monitoring.test.ts [2m([22m[2m7 tests[22m[2m)[22m[32m 34[2mms[22m[39m
 [32m✓[39m src/test/simple.test.ts [2m([22m[2m2 tests[22m[2m)[22m[32m 11[2mms[22m[39m
 [32m✓[39m src/test/unit/simple.test.tsx [2m([22m[2m1 test[22m[2m)[22m[32m 9[2mms[22m[39m

⎯⎯⎯⎯⎯⎯ Failed Suites 12 ⎯⎯⎯⎯⎯⎯

 FAIL  tests/comprehensive-crm-e2e.spec.ts [ tests/comprehensive-crm-e2e.spec.ts ]
Error: Playwright Test did not expect test.describe() to be called here.
Most common reasons include:
- You are calling test.describe() in a configuration file.
- You are calling test.describe() in a file that is imported by the configuration file.
- You have two different versions of @playwright/test. This usually happens
  when one of the dependencies in your package.json depends on @playwright/test.
 ❯ TestTypeImpl._currentSuite node_modules/playwright/lib/common/testType.js:74:13
 ❯ TestTypeImpl._describe node_modules/playwright/lib/common/testType.js:114:24
 ❯ Function.describe node_modules/playwright/lib/transform/transform.js:275:12
 ❯ tests/comprehensive-crm-e2e.spec.ts:90:6
     88| }
     89| 
     90| test.describe('Comprehensive CRM E2E Tests', () => {
       |      ^
     91|   test.beforeEach(async ({ page }) => {
     92|     // Set a large viewport to ensure desktop layout

⎯⎯⎯⎯⎯⎯⎯⎯⎯⎯⎯⎯⎯⎯⎯⎯⎯⎯⎯⎯⎯⎯[1/218]⎯

 FAIL  tests/debug-navigation.spec.ts [ tests/debug-navigation.spec.ts ]
Error: Playwright Test did not expect test.describe() to be called here.
Most common reasons include:
- You are calling test.describe() in a configuration file.
- You are calling test.describe() in a file that is imported by the configuration file.
- You have two different versions of @playwright/test. This usually happens
  when one of the dependencies in your package.json depends on @playwright/test.
 ❯ TestTypeImpl._currentSuite node_modules/playwright/lib/common/testType.js:74:13
 ❯ TestTypeImpl._describe node_modules/playwright/lib/common/testType.js:114:24
 ❯ Function.describe node_modules/playwright/lib/transform/transform.js:275:12
 ❯ tests/debug-navigation.spec.ts:3:6
      1| import { test, expect } from '@playwright/test';
      2| 
      3| test.describe('Navigation Debug Tests', () => {
       |      ^
      4|   test('should check navigation elements presence', async ({ page }) =…
      5|     // Set desktop viewport

⎯⎯⎯⎯⎯⎯⎯⎯⎯⎯⎯⎯⎯⎯⎯⎯⎯⎯⎯⎯⎯⎯[2/218]⎯

 FAIL  tests/example.spec.ts [ tests/example.spec.ts ]
Error: Playwright Test did not expect test() to be called here.
Most common reasons include:
- You are calling test() in a configuration file.
- You are calling test() in a file that is imported by the configuration file.
- You have two different versions of @playwright/test. This usually happens
  when one of the dependencies in your package.json depends on @playwright/test.
 ❯ TestTypeImpl._currentSuite node_modules/playwright/lib/common/testType.js:74:13
 ❯ TestTypeImpl._createTest node_modules/playwright/lib/common/testType.js:87:24
 ❯ node_modules/playwright/lib/transform/transform.js:275:12
 ❯ tests/example.spec.ts:3:1
      1| import { test, expect } from '@playwright/test';
      2| 
      3| test('has title', async ({ page }) => {
       | ^
      4|   await page.goto('/');
      5| 

⎯⎯⎯⎯⎯⎯⎯⎯⎯⎯⎯⎯⎯⎯⎯⎯⎯⎯⎯⎯⎯⎯[3/218]⎯

 FAIL  tests/simple-test.spec.ts [ tests/simple-test.spec.ts ]
Error: Playwright Test did not expect test() to be called here.
Most common reasons include:
- You are calling test() in a configuration file.
- You are calling test() in a file that is imported by the configuration file.
- You have two different versions of @playwright/test. This usually happens
  when one of the dependencies in your package.json depends on @playwright/test.
 ❯ TestTypeImpl._currentSuite node_modules/playwright/lib/common/testType.js:74:13
 ❯ TestTypeImpl._createTest node_modules/playwright/lib/common/testType.js:87:24
 ❯ node_modules/playwright/lib/transform/transform.js:275:12
 ❯ tests/simple-test.spec.ts:3:1
      1| import { test, expect } from '@playwright/test';
      2| 
      3| test('simple test', async ({ page }) => {
       | ^
      4|   await page.goto('http://localhost:5173');
      5|   await expect(page).toHaveTitle(/Nawras CRM/);

⎯⎯⎯⎯⎯⎯⎯⎯⎯⎯⎯⎯⎯⎯⎯⎯⎯⎯⎯⎯⎯⎯[4/218]⎯

 FAIL  src/components/LeadForm.test.tsx [ src/components/LeadForm.test.tsx ]
Error: Failed to resolve import "./LeadForm" from "src/components/LeadForm.test.tsx". Does the file exist?
  Plugin: vite:import-analysis
  File: C:/Users/Lenovo/Desktop/new_simple_crm/src/components/LeadForm.test.tsx:3:0
  3  |  const __vi_import_0__ = await import("react/jsx-dev-runtime");
  4  |  const __vi_import_1__ = await import("@testing-library/react");
  5  |  const __vi_import_2__ = await import("./LeadForm");
     |                                       ^
  6  |  const __vi_import_3__ = await import("../hooks/useStore");
  7  |  const __vi_import_4__ = await import("sonner");
 ❯ TransformPluginContext._formatLog node_modules/vite/dist/node/chunks/dep-Bu492Fnd.js:42517:41
 ❯ TransformPluginContext.error node_modules/vite/dist/node/chunks/dep-Bu492Fnd.js:42514:16
 ❯ normalizeUrl node_modules/vite/dist/node/chunks/dep-Bu492Fnd.js:40493:23
 ❯ node_modules/vite/dist/node/chunks/dep-Bu492Fnd.js:40612:37
 ❯ TransformPluginContext.transform node_modules/vite/dist/node/chunks/dep-Bu492Fnd.js:40539:7
 ❯ EnvironmentPluginContainer.transform node_modules/vite/dist/node/chunks/dep-Bu492Fnd.js:42312:18
 ❯ loadAndTransform node_modules/vite/dist/node/chunks/dep-Bu492Fnd.js:35738:27

⎯⎯⎯⎯⎯⎯⎯⎯⎯⎯⎯⎯⎯⎯⎯⎯⎯⎯⎯⎯⎯⎯[5/218]⎯

 FAIL  src/lib/alerting.test.ts [ src/lib/alerting.test.ts ]
Error: [vitest] No "withErrorBoundary" export is defined on the "@sentry/react" mock. Did you forget to return it from "vi.mock"?
If you need to partially mock a module, you can use "importOriginal" helper inside:

vi.mock(import("@sentry/react"), async (importOriginal) => {
  const actual = await importOriginal()
  return {
    ...actual,
    // your mocked methods
  }
})

 ❯ src/lib/sentry.ts:38:43
     36| 
     37| // Error boundary component
     38| export const SentryErrorBoundary = Sentry.withErrorBoundary;
       |                                           ^
     39| 
     40| // Performance monitoring helpers
 ❯ src/lib/alerting.ts:1:1

⎯⎯⎯⎯⎯⎯⎯⎯⎯⎯⎯⎯⎯⎯⎯⎯⎯⎯⎯⎯⎯⎯[6/218]⎯

 FAIL  src/hooks/useStore.test.ts [ src/hooks/useStore.test.ts ]
Error: Failed to resolve import "./useStore" from "src/hooks/useStore.test.ts". Does the file exist?
  Plugin: vite:import-analysis
  File: C:/Users/Lenovo/Desktop/new_simple_crm/src/hooks/useStore.test.ts:4:0
  12 |  const __vi_import_0__ = await import("@testing-library/react");
  13 |  const __vi_import_1__ = await import("sonner");
  14 |  const __vi_import_2__ = await import("./useStore");
     |                                       ^
  15 |  const __vi_import_3__ = await import("../lib/supabase");
  16 |  import { describe, it, expect, vi, beforeEach } from "vitest";
 ❯ TransformPluginContext._formatLog node_modules/vite/dist/node/chunks/dep-Bu492Fnd.js:42517:41
 ❯ TransformPluginContext.error node_modules/vite/dist/node/chunks/dep-Bu492Fnd.js:42514:16
 ❯ normalizeUrl node_modules/vite/dist/node/chunks/dep-Bu492Fnd.js:40493:23
 ❯ node_modules/vite/dist/node/chunks/dep-Bu492Fnd.js:40612:37
 ❯ TransformPluginContext.transform node_modules/vite/dist/node/chunks/dep-Bu492Fnd.js:40539:7
 ❯ EnvironmentPluginContainer.transform node_modules/vite/dist/node/chunks/dep-Bu492Fnd.js:42312:18
 ❯ loadAndTransform node_modules/vite/dist/node/chunks/dep-Bu492Fnd.js:35738:27

⎯⎯⎯⎯⎯⎯⎯⎯⎯⎯⎯⎯⎯⎯⎯⎯⎯⎯⎯⎯⎯⎯[7/218]⎯

 FAIL  src/tests/phase2-features.test.tsx [ src/tests/phase2-features.test.tsx ]
Error: Failed to resolve import "../components/analytics/AnalyticsDashboard" from "src/tests/phase2-features.test.tsx". Does the file exist?
  Plugin: vite:import-analysis
  File: C:/Users/Lenovo/Desktop/new_simple_crm/src/tests/phase2-features.test.tsx:8:0
  33 |  const __vi_import_2__ = await import("@testing-library/jest-dom");
  34 |  const __vi_import_3__ = await import("../pages/Deals");
  35 |  const __vi_import_4__ = await import("../components/analytics/AnalyticsDashboard");
     |                                       ^
  36 |  const __vi_import_5__ = await import("../pages/Proposals");
  37 |  const __vi_import_6__ = await import("../components/workflows/WorkflowEngine");
 ❯ TransformPluginContext._formatLog node_modules/vite/dist/node/chunks/dep-Bu492Fnd.js:42517:41
 ❯ TransformPluginContext.error node_modules/vite/dist/node/chunks/dep-Bu492Fnd.js:42514:16
 ❯ normalizeUrl node_modules/vite/dist/node/chunks/dep-Bu492Fnd.js:40493:23
 ❯ node_modules/vite/dist/node/chunks/dep-Bu492Fnd.js:40612:37
 ❯ TransformPluginContext.transform node_modules/vite/dist/node/chunks/dep-Bu492Fnd.js:40539:7
 ❯ EnvironmentPluginContainer.transform node_modules/vite/dist/node/chunks/dep-Bu492Fnd.js:42312:18
 ❯ loadAndTransform node_modules/vite/dist/node/chunks/dep-Bu492Fnd.js:35738:27

⎯⎯⎯⎯⎯⎯⎯⎯⎯⎯⎯⎯⎯⎯⎯⎯⎯⎯⎯⎯⎯⎯[8/218]⎯

 FAIL  src/tests/e2e/phase2-workflows.test.ts [ src/tests/e2e/phase2-workflows.test.ts ]
Error: Playwright Test did not expect test.describe() to be called here.
Most common reasons include:
- You are calling test.describe() in a configuration file.
- You are calling test.describe() in a file that is imported by the configuration file.
- You have two different versions of @playwright/test. This usually happens
  when one of the dependencies in your package.json depends on @playwright/test.
 ❯ TestTypeImpl._currentSuite node_modules/playwright/lib/common/testType.js:74:13
 ❯ TestTypeImpl._describe node_modules/playwright/lib/common/testType.js:114:24
 ❯ Function.describe node_modules/playwright/lib/transform/transform.js:275:12
 ❯ src/tests/e2e/phase2-workflows.test.ts:4:6
      2| 
      3| // End-to-end tests for Phase 2 features
      4| test.describe('Phase 2: End-to-End Workflow Tests', () => {
       |      ^
      5|   test.beforeEach(async ({ page }) => {
      6|     // Navigate to the application

⎯⎯⎯⎯⎯⎯⎯⎯⎯⎯⎯⎯⎯⎯⎯⎯⎯⎯⎯⎯⎯⎯[9/218]⎯

 FAIL  src/__tests__/components/AdvancedFilters.test.tsx [ src/__tests__/components/AdvancedFilters.test.tsx ]
ReferenceError: jest is not defined
 ❯ src/__tests__/components/AdvancedFilters.test.tsx:65:24
     63| 
     64| describe('AdvancedFilters', () => {
     65|   const mockOnChange = jest.fn()
       |                        ^
     66|   const mockOnReset = jest.fn()
     67| 

⎯⎯⎯⎯⎯⎯⎯⎯⎯⎯⎯⎯⎯⎯⎯⎯⎯⎯⎯⎯⎯[10/218]⎯

 FAIL  src/__tests__/components/EnhancedDataTable.test.tsx [ src/__tests__/components/EnhancedDataTable.test.tsx ]
ReferenceError: jest is not defined
 ❯ src/__tests__/components/EnhancedDataTable.test.tsx:92:1
     90| 
     91| // Mock the GlobalSearch component
     92| jest.mock('@/components/search/GlobalSearch', () => ({
       | ^
     93|   GlobalSearch: ({ onResultSelect }: { onResultSelect: (result: { id: …
     94|     <div data-testid="global-search">

⎯⎯⎯⎯⎯⎯⎯⎯⎯⎯⎯⎯⎯⎯⎯⎯⎯⎯⎯⎯⎯[11/218]⎯

 FAIL  src/__tests__/components/GlobalSearch.test.tsx [ src/__tests__/components/GlobalSearch.test.tsx ]
ReferenceError: jest is not defined
 ❯ src/__tests__/components/GlobalSearch.test.tsx:8:1
      6| 
      7| // Mock the useDebounce hook
      8| jest.mock('@/hooks/useDebounce', () => ({
       | ^
      9|   useDebounce: (value: string) => value
     10| }))

⎯⎯⎯⎯⎯⎯⎯⎯⎯⎯⎯⎯⎯⎯⎯⎯⎯⎯⎯⎯⎯[12/218]⎯


⎯⎯⎯⎯⎯⎯ Failed Tests 206 ⎯⎯⎯⎯⎯⎯

 FAIL  src/components/HealthCheck.test.tsx > HealthCheck Component > System Health Status > should show healthy status when no critical alerts
TestingLibraryElementError: Unable to find an element with the text: Healthy. This could be because the text is broken up by multiple elements. In this case, you can provide a function for your text matcher to make your matcher more flexible.

Ignored nodes: comments, script, style
<body>
  <div>
    <div
      class="space-y-6"
    >
      <div
        class="rounded-lg border bg-card text-card-foreground shadow-sm"
      >
        <div
          class="flex flex-col space-y-1.5 p-6"
        >
          <h3
            class="tracking-tight text-lg font-medium flex items-center gap-2"
          >
            <svg
              class="lucide lucide-bell h-5 w-5 text-red-600"
              fill="none"
              height="24"
              stroke="currentColor"
              stroke-linecap="round"
              stroke-linejoin="round"
              stroke-width="2"
              viewBox="0 0 24 24"
              width="24"
              xmlns="http://www.w3.org/2000/svg"
            >
              <path
                d="M10.268 21a2 2 0 0 0 3.464 0"
              />
              <path
                d="M3.262 15.326A1 1 0 0 0 4 17h16a1 1 0 0 0 .74-1.673C19.41 13.956 18 12.499 18 8A6 6 0 0 0 6 8c0 4.499-1.411 5.956-2.738 7.326"
              />
            </svg>
            Active Alerts (
            1
            )
          </h3>
        </div>
        <div
          class="p-6 pt-0"
        >
          <div
            class="space-y-3"
          >
            <div
              class="flex items-center justify-between p-3 border rounded-lg"
            >
              <div
                class="flex-1"
              >
                <div
                  class="flex items-center gap-2 mb-1"
                >
                  <div
                    class="inline-flex items-center rounded-full border px-2.5 py-0.5 text-xs font-semibold transition-colors focus:outline-none focus:ring-2 focus:ring-ring focus:ring-offset-2 border-transparent hover:bg-primary/80 bg-gray-100 text-gray-800"
                  >
                    WARNING
                  </div>
                  <span
                    class="font-medium"
                  >
                    Memory usage is high
                  </span>
                </div>
                <p
                  class="text-sm text-gray-600"
                >
                  Value: 
                  75
                   | Threshold: 
                  80
                   | 
                  5:40:33 PM
                </p>
              </div>
              <button
                class="inline-flex items-center justify-center gap-2 whitespace-nowrap text-sm font-medium ring-offset-background transition-colors focus-visible:outline-none focus-visible:ring-2 focus-visible:ring-ring focus-visible:ring-offset-2 disabled:pointer-events-none disabled:opacity-50 [&_svg]:pointer-events-none [&_svg]:size-4 [&_svg]:shrink-0 border border-input bg-background hover:bg-accent hover:text-accent-foreground h-9 rounded-md px-3"
              >
                Acknowledge
              </button>
            </div>
          </div>
        </div>
      </div>
      <div
        class="rounded-lg border bg-card text-card-foreground shadow-sm"
      >
        <div
          class="p-6 flex flex-row items-center justify-between space-y-0 pb-2"
        >
          <h3
            class="tracking-tight text-lg font-medium"
          >
            System Health
          </h3>
          <div
            class="flex items-center gap-2"
          >
            <button
              class="inline-flex items-center justify-center gap-2 whitespace-nowrap text-sm font-medium ring-offset-background transition-colors focus-visible:outline-none focus-visible:ring-2 focus-visible:ring-ring focus-visible:ring-offset-2 disabled:pointer-events-none disabled:opacity-50 [&_svg]:pointer-events-none [&_svg]:size-4 [&_svg]:shrink-0 hover:bg-accent hover:text-accent-foreground h-9 rounded-md px-3 text-green-600"
            >
              Auto-refresh 
              ON
            </button>
            <button
              class="inline-flex items-center justify-center gap-2 whitespace-nowrap text-sm font-medium ring-offset-background transition-colors focus-visible:outline-none focus-visible:ring-2 focus-visible:ring-ring focus-visible:ring-offset-2 disabled:pointer-events-none disabled:opacity-50 [&_svg]:pointer-events-none [&_svg]:size-4 [&_svg]:shrink-0 border border-input bg-background hover:bg-accent hover:text-accent-foreground h-9 rounded-md px-3"
            >
              <svg
                class="lucide lucide-refresh-cw h-4 w-4 mr-2"
                fill="none"
                height="24"
                stroke="currentColor"
                stroke-linecap="round"
                stroke-linejoin="round"
                stroke-width="2"
                viewBox="0 0 24 24"
                width="24"
                xmlns="http://www.w3.org/2000/svg"
              >
                <path
                  d="M3 12a9 9 0 0 1 9-9 9.75 9.75 0 0 1 6.74 2.74L21 8"
                />
                <path
                  d="M21 3v5h-5"
                />
                <path
                  d="M21 12a9 9 0 0 1-9 9 9.75 9.75 0 0 1-6.74-2.74L3 16"
                />
                <path
                  d="M8 16H3v5"
                />
              </svg>
              Refresh
            </button>
          </div>
        </div>
        <div
      ...

Ignored nodes: comments, script, style
<html>
  <head />
  <body>
    <div>
      <div
        class="space-y-6"
      >
        <div
          class="rounded-lg border bg-card text-card-foreground shadow-sm"
        >
          <div
            class="flex flex-col space-y-1.5 p-6"
          >
            <h3
              class="tracking-tight text-lg font-medium flex items-center gap-2"
            >
              <svg
                class="lucide lucide-bell h-5 w-5 text-red-600"
                fill="none"
                height="24"
                stroke="currentColor"
                stroke-linecap="round"
                stroke-linejoin="round"
                stroke-width="2"
                viewBox="0 0 24 24"
                width="24"
                xmlns="http://www.w3.org/2000/svg"
              >
                <path
                  d="M10.268 21a2 2 0 0 0 3.464 0"
                />
                <path
                  d="M3.262 15.326A1 1 0 0 0 4 17h16a1 1 0 0 0 .74-1.673C19.41 13.956 18 12.499 18 8A6 6 0 0 0 6 8c0 4.499-1.411 5.956-2.738 7.326"
                />
              </svg>
              Active Alerts (
              1
              )
            </h3>
          </div>
          <div
            class="p-6 pt-0"
          >
            <div
              class="space-y-3"
            >
              <div
                class="flex items-center justify-between p-3 border rounded-lg"
              >
                <div
                  class="flex-1"
                >
                  <div
                    class="flex items-center gap-2 mb-1"
                  >
                    <div
                      class="inline-flex items-center rounded-full border px-2.5 py-0.5 text-xs font-semibold transition-colors focus:outline-none focus:ring-2 focus:ring-ring focus:ring-offset-2 border-transparent hover:bg-primary/80 bg-gray-100 text-gray-800"
                    >
                      WARNING
                    </div>
                    <span
                      class="font-medium"
                    >
                      Memory usage is high
                    </span>
                  </div>
                  <p
                    class="text-sm text-gray-600"
                  >
                    Value: 
                    75
                     | Threshold: 
                    80
                     | 
                    5:40:33 PM
                  </p>
                </div>
                <button
                  class="inline-flex items-center justify-center gap-2 whitespace-nowrap text-sm font-medium ring-offset-background transition-colors focus-visible:outline-none focus-visible:ring-2 focus-visible:ring-ring focus-visible:ring-offset-2 disabled:pointer-events-none disabled:opacity-50 [&_svg]:pointer-events-none [&_svg]:size-4 [&_svg]:shrink-0 border border-input bg-background hover:bg-accent hover:text-accent-foreground h-9 rounded-md px-3"
                >
                  Acknowledge
                </button>
              </div>
            </div>
          </div>
        </div>
        <div
          class="rounded-lg border bg-card text-card-foreground shadow-sm"
        >
          <div
            class="p-6 flex flex-row items-center justify-between space-y-0 pb-2"
          >
            <h3
              class="tracking-tight text-lg font-medium"
            >
              System Health
            </h3>
            <div
              class="flex items-center gap-2"
            >
              <button
                class="inline-flex items-center justify-center gap-2 whitespace-nowrap text-sm font-medium ring-offset-background transition-colors focus-visible:outline-none focus-visible:ring-2 focus-visible:ring-ring focus-visible:ring-offset-2 disabled:pointer-events-none disabled:opacity-50 [&_svg]:pointer-events-none [&_svg]:size-4 [&_svg]:shrink-0 hover:bg-accent hover:text-accent-foreground h-9 rounded-md px-3 text-green-600"
              >
                Auto-refresh 
                ON
              </button>
              <button
                class="inline-flex items-center justify-center gap-2 whitespace-nowrap text-sm font-medium ring-offset-background transition-colors focus-visible:outline-none focus-visible:ring-2 focus-visible:ring-ring focus-visible:ring-offset-2 disabled:pointer-events-none disabled:opacity-50 [&_svg]:pointer-events-none [&_svg]:size-4 [&_svg]:shrink-0 border border-input bg-background hover:bg-accent hover:text-accent-foreground h-9 rounded-md px-3"
              >
                <svg
                  class="lucide lucide-refresh-cw h-4 w-4 mr-2"
                  fill="none"
                  height="24"
                  stroke="currentColor"
                  stroke-linecap="round"
                  stroke-linejoin="round"
                  stroke-width="2"
                  viewBox="0 0 24 24"
                  width="24"
                  xmlns="http://www.w3.org/2000/svg"
                >
                  <path
                    d="M3 12a9 9 0 0 1 9-9 9.75 9.75 0 0 1 6.74 2.74L21 8"
                  />
                  <path
                    d="M21 3v5h-5"
                  />
                  <path
                    d="M21 12a9 9 0 0 1-9 9 9.75 9.75 0 0 1-6.74-2.74L3 16"
                  /...
 ❯ Proxy.waitForWrapper node_modules/@testing-library/dom/dist/wait-for.js:163:27
 ❯ src/components/HealthCheck.test.tsx:188:13
    186|       render(<HealthCheck />)
    187|       
    188|       await waitFor(() => {
       |             ^
    189|         expect(screen.getByText('Healthy')).toBeInTheDocument()
    190|         expect(screen.getByText('System is operating normally with min…

⎯⎯⎯⎯⎯⎯⎯⎯⎯⎯⎯⎯⎯⎯⎯⎯⎯⎯⎯⎯⎯[13/218]⎯

 FAIL  src/components/HealthCheck.test.tsx > HealthCheck Component > System Health Status > should show degraded status when critical alerts exist
TestingLibraryElementError: Unable to find an element with the text: Degraded. This could be because the text is broken up by multiple elements. In this case, you can provide a function for your text matcher to make your matcher more flexible.

Ignored nodes: comments, script, style
<body>
  <div>
    <div
      class="space-y-6"
    >
      <div
        class="rounded-lg border bg-card text-card-foreground shadow-sm"
      >
        <div
          class="flex flex-col space-y-1.5 p-6"
        >
          <h3
            class="tracking-tight text-lg font-medium flex items-center gap-2"
          >
            <svg
              class="lucide lucide-bell h-5 w-5 text-red-600"
              fill="none"
              height="24"
              stroke="currentColor"
              stroke-linecap="round"
              stroke-linejoin="round"
              stroke-width="2"
              viewBox="0 0 24 24"
              width="24"
              xmlns="http://www.w3.org/2000/svg"
            >
              <path
                d="M10.268 21a2 2 0 0 0 3.464 0"
              />
              <path
                d="M3.262 15.326A1 1 0 0 0 4 17h16a1 1 0 0 0 .74-1.673C19.41 13.956 18 12.499 18 8A6 6 0 0 0 6 8c0 4.499-1.411 5.956-2.738 7.326"
              />
            </svg>
            Active Alerts (
            2
            )
          </h3>
        </div>
        <div
          class="p-6 pt-0"
        >
          <div
            class="space-y-3"
          >
            <div
              class="flex items-center justify-between p-3 border rounded-lg"
            >
              <div
                class="flex-1"
              >
                <div
                  class="flex items-center gap-2 mb-1"
                >
                  <div
                    class="inline-flex items-center rounded-full border px-2.5 py-0.5 text-xs font-semibold transition-colors focus:outline-none focus:ring-2 focus:ring-ring focus:ring-offset-2 border-transparent hover:bg-primary/80 bg-gray-100 text-gray-800"
                  >
                    WARNING
                  </div>
                  <span
                    class="font-medium"
                  >
                    Memory usage is high (85%)
                  </span>
                </div>
                <p
                  class="text-sm text-gray-600"
                >
                  Value: 
                  85
                   | Threshold: 
                  80
                   | 
                  5:35:32 PM
                </p>
              </div>
              <button
                class="inline-flex items-center justify-center gap-2 whitespace-nowrap text-sm font-medium ring-offset-background transition-colors focus-visible:outline-none focus-visible:ring-2 focus-visible:ring-ring focus-visible:ring-offset-2 disabled:pointer-events-none disabled:opacity-50 [&_svg]:pointer-events-none [&_svg]:size-4 [&_svg]:shrink-0 border border-input bg-background hover:bg-accent hover:text-accent-foreground h-9 rounded-md px-3"
              >
                Acknowledge
              </button>
            </div>
            <div
              class="flex items-center justify-between p-3 border rounded-lg"
            >
              <div
                class="flex-1"
              >
                <div
                  class="flex items-center gap-2 mb-1"
                >
                  <div
                    class="inline-flex items-center rounded-full border px-2.5 py-0.5 text-xs font-semibold transition-colors focus:outline-none focus:ring-2 focus:ring-ring focus:ring-offset-2 border-transparent hover:bg-primary/80 bg-red-100 text-red-800"
                  >
                    CRITICAL
                  </div>
                  <span
                    class="font-medium"
                  >
                    Network latency is critically high (1500ms)
                  </span>
                </div>
                <p
                  class="text-sm text-gray-600"
                >
                  Value: 
                  1500
                   | Threshold: 
                  1000
                   | 
                  5:30:32 PM
                </p>
              </div>
              <button
                class="inline-flex items-center justify-center gap-2 whitespace-nowrap text-sm font-medium ring-offset-background transition-colors focus-visible:outline-none focus-visible:ring-2 focus-visible:ring-ring focus-visible:ring-offset-2 disabled:pointer-events-none disabled:opacity-50 [&_svg]:pointer-events-none [&_svg]:size-4 [&_svg]:shrink-0 border border-input bg-background hover:bg-accent hover:text-accent-foreground h-9 rounded-md px-3"
              >
                Acknowledge
              </button>
            </div>
          </div>
        </div>
      </div>
      <div
        class="rounded-lg border bg-card text-card-foreground shadow-sm"
      >
        <div
          class="p-6 flex flex-row items-center justify-between space-y-0 pb-2"
        >
          <h3
            class="tracking-tight text-lg font-medium"
          >
            System Health
          </h3>
          <div
            class="flex items-center gap-2"
          >
            <button
              class="inline-flex items-center justify-center gap-2 whitespace-nowrap text-sm font-medium ring-offset-background transition-colors focus-visible:outline-none focus-visible:ring-2 focus-visible:ring-ring focus-visible:ring-offset-2 disabled:pointer-events-none disabled:opacity-50 [&_svg]:pointer-events-none [&_svg]:size-...

Ignored nodes: comments, script, style
<html>
  <head />
  <body>
    <div>
      <div
        class="space-y-6"
      >
        <div
          class="rounded-lg border bg-card text-card-foreground shadow-sm"
        >
          <div
            class="flex flex-col space-y-1.5 p-6"
          >
            <h3
              class="tracking-tight text-lg font-medium flex items-center gap-2"
            >
              <svg
                class="lucide lucide-bell h-5 w-5 text-red-600"
                fill="none"
                height="24"
                stroke="currentColor"
                stroke-linecap="round"
                stroke-linejoin="round"
                stroke-width="2"
                viewBox="0 0 24 24"
                width="24"
                xmlns="http://www.w3.org/2000/svg"
              >
                <path
                  d="M10.268 21a2 2 0 0 0 3.464 0"
                />
                <path
                  d="M3.262 15.326A1 1 0 0 0 4 17h16a1 1 0 0 0 .74-1.673C19.41 13.956 18 12.499 18 8A6 6 0 0 0 6 8c0 4.499-1.411 5.956-2.738 7.326"
                />
              </svg>
              Active Alerts (
              2
              )
            </h3>
          </div>
          <div
            class="p-6 pt-0"
          >
            <div
              class="space-y-3"
            >
              <div
                class="flex items-center justify-between p-3 border rounded-lg"
              >
                <div
                  class="flex-1"
                >
                  <div
                    class="flex items-center gap-2 mb-1"
                  >
                    <div
                      class="inline-flex items-center rounded-full border px-2.5 py-0.5 text-xs font-semibold transition-colors focus:outline-none focus:ring-2 focus:ring-ring focus:ring-offset-2 border-transparent hover:bg-primary/80 bg-gray-100 text-gray-800"
                    >
                      WARNING
                    </div>
                    <span
                      class="font-medium"
                    >
                      Memory usage is high (85%)
                    </span>
                  </div>
                  <p
                    class="text-sm text-gray-600"
                  >
                    Value: 
                    85
                     | Threshold: 
                    80
                     | 
                    5:35:32 PM
                  </p>
                </div>
                <button
                  class="inline-flex items-center justify-center gap-2 whitespace-nowrap text-sm font-medium ring-offset-background transition-colors focus-visible:outline-none focus-visible:ring-2 focus-visible:ring-ring focus-visible:ring-offset-2 disabled:pointer-events-none disabled:opacity-50 [&_svg]:pointer-events-none [&_svg]:size-4 [&_svg]:shrink-0 border border-input bg-background hover:bg-accent hover:text-accent-foreground h-9 rounded-md px-3"
                >
                  Acknowledge
                </button>
              </div>
              <div
                class="flex items-center justify-between p-3 border rounded-lg"
              >
                <div
                  class="flex-1"
                >
                  <div
                    class="flex items-center gap-2 mb-1"
                  >
                    <div
                      class="inline-flex items-center rounded-full border px-2.5 py-0.5 text-xs font-semibold transition-colors focus:outline-none focus:ring-2 focus:ring-ring focus:ring-offset-2 border-transparent hover:bg-primary/80 bg-red-100 text-red-800"
                    >
                      CRITICAL
                    </div>
                    <span
                      class="font-medium"
                    >
                      Network latency is critically high (1500ms)
                    </span>
                  </div>
                  <p
                    class="text-sm text-gray-600"
                  >
                    Value: 
                    1500
                     | Threshold: 
                    1000
                     | 
                    5:30:32 PM
                  </p>
                </div>
                <button
                  class="inline-flex items-center justify-center gap-2 whitespace-nowrap text-sm font-medium ring-offset-background transition-colors focus-visible:outline-none focus-visible:ring-2 focus-visible:ring-ring focus-visible:ring-offset-2 disabled:pointer-events-none disabled:opacity-50 [&_svg]:pointer-events-none [&_svg]:size-4 [&_svg]:shrink-0 border border-input bg-background hover:bg-accent hover:text-accent-foreground h-9 rounded-md px-3"
                >
                  Acknowledge
                </button>
              </div>
            </div>
          </div>
        </div>
        <div
          class="rounded-lg border bg-card text-card-foreground shadow-sm"
        >
          <div
            class="p-6 flex flex-row items-center justify-between space-y-0 pb-2"
          >
            <h3
              class="tracking-tight text-lg font-medium"
            >
              System Health
            </h3>
            <div
              class="flex items-center gap-2"
            >
              <button
                class="inl...
 ❯ Proxy.waitForWrapper node_modules/@testing-library/dom/dist/wait-for.js:163:27
 ❯ src/components/HealthCheck.test.tsx:197:13
    195|       render(<HealthCheck />)
    196|       
    197|       await waitFor(() => {
       |             ^
    198|         expect(screen.getByText('Degraded')).toBeInTheDocument()
    199|         expect(screen.getByText('System has critical issues that need …

⎯⎯⎯⎯⎯⎯⎯⎯⎯⎯⎯⎯⎯⎯⎯⎯⎯⎯⎯⎯⎯[14/218]⎯

 FAIL  src/components/HealthCheck.test.tsx > HealthCheck Component > System Health Status > should show optimal status when no alerts
TestingLibraryElementError: Unable to find an element with the text: Optimal. This could be because the text is broken up by multiple elements. In this case, you can provide a function for your text matcher to make your matcher more flexible.

Ignored nodes: comments, script, style
<body>
  <div>
    <div
      class="space-y-6"
    >
      <div
        class="rounded-lg border bg-card text-card-foreground shadow-sm"
      >
        <div
          class="p-6 flex flex-row items-center justify-between space-y-0 pb-2"
        >
          <h3
            class="tracking-tight text-lg font-medium"
          >
            System Health
          </h3>
          <div
            class="flex items-center gap-2"
          >
            <button
              class="inline-flex items-center justify-center gap-2 whitespace-nowrap text-sm font-medium ring-offset-background transition-colors focus-visible:outline-none focus-visible:ring-2 focus-visible:ring-ring focus-visible:ring-offset-2 disabled:pointer-events-none disabled:opacity-50 [&_svg]:pointer-events-none [&_svg]:size-4 [&_svg]:shrink-0 hover:bg-accent hover:text-accent-foreground h-9 rounded-md px-3 text-green-600"
            >
              Auto-refresh 
              ON
            </button>
            <button
              class="inline-flex items-center justify-center gap-2 whitespace-nowrap text-sm font-medium ring-offset-background transition-colors focus-visible:outline-none focus-visible:ring-2 focus-visible:ring-ring focus-visible:ring-offset-2 disabled:pointer-events-none disabled:opacity-50 [&_svg]:pointer-events-none [&_svg]:size-4 [&_svg]:shrink-0 border border-input bg-background hover:bg-accent hover:text-accent-foreground h-9 rounded-md px-3"
            >
              <svg
                class="lucide lucide-refresh-cw h-4 w-4 mr-2"
                fill="none"
                height="24"
                stroke="currentColor"
                stroke-linecap="round"
                stroke-linejoin="round"
                stroke-width="2"
                viewBox="0 0 24 24"
                width="24"
                xmlns="http://www.w3.org/2000/svg"
              >
                <path
                  d="M3 12a9 9 0 0 1 9-9 9.75 9.75 0 0 1 6.74 2.74L21 8"
                />
                <path
                  d="M21 3v5h-5"
                />
                <path
                  d="M21 12a9 9 0 0 1-9 9 9.75 9.75 0 0 1-6.74-2.74L3 16"
                />
                <path
                  d="M8 16H3v5"
                />
              </svg>
              Refresh
            </button>
          </div>
        </div>
        <div
          class="p-6 pt-0"
        >
          <div
            class="space-y-4"
          >
            <div
              class="flex items-center justify-between"
            >
              <span
                class="text-sm font-medium"
              >
                Overall Status
              </span>
              <div
                class="flex items-center gap-2"
              >
                <svg
                  class="lucide lucide-circle-check-big h-5 w-5 text-green-600"
                  fill="none"
                  height="24"
                  stroke="currentColor"
                  stroke-linecap="round"
                  stroke-linejoin="round"
                  stroke-width="2"
                  viewBox="0 0 24 24"
                  width="24"
                  xmlns="http://www.w3.org/2000/svg"
                >
                  <path
                    d="M21.801 10A10 10 0 1 1 17 3.335"
                  />
                  <path
                    d="m9 11 3 3L22 4"
                  />
                </svg>
                <div
                  class="inline-flex items-center rounded-full border px-2.5 py-0.5 text-xs font-semibold transition-colors focus:outline-none focus:ring-2 focus:ring-ring focus:ring-offset-2 border-transparent hover:bg-primary/80 bg-green-100 text-green-800"
                >
                  HEALTHY
                </div>
              </div>
            </div>
            <div
              class="grid grid-cols-1 md:grid-cols-3 gap-4"
            >
              <div
                class="space-y-2"
              >
                <div
                  class="flex items-center gap-2"
                >
                  <svg
                    class="lucide lucide-database h-4 w-4 text-blue-600"
                    fill="none"
                    height="24"
                    stroke="currentColor"
                    stroke-linecap="round"
                    stroke-linejoin="round"
                    stroke-width="2"
                    viewBox="0 0 24 24"
                    width="24"
                    xmlns="http://www.w3.org/2000/svg"
                  >
                    <ellipse
                      cx="12"
                      cy="5"
                      rx="9"
                      ry="3"
                    />
                    <path
                      d="M3 5V19A9 3 0 0 0 21 19V5"
                    />
                    <path
                      d="M3 12A9 3 0 0 0 21 12"
                    />
                  </svg>
                  <span
                    class="text-sm font-medium"
                  >
                    D...

Ignored nodes: comments, script, style
<html>
  <head />
  <body>
    <div>
      <div
        class="space-y-6"
      >
        <div
          class="rounded-lg border bg-card text-card-foreground shadow-sm"
        >
          <div
            class="p-6 flex flex-row items-center justify-between space-y-0 pb-2"
          >
            <h3
              class="tracking-tight text-lg font-medium"
            >
              System Health
            </h3>
            <div
              class="flex items-center gap-2"
            >
              <button
                class="inline-flex items-center justify-center gap-2 whitespace-nowrap text-sm font-medium ring-offset-background transition-colors focus-visible:outline-none focus-visible:ring-2 focus-visible:ring-ring focus-visible:ring-offset-2 disabled:pointer-events-none disabled:opacity-50 [&_svg]:pointer-events-none [&_svg]:size-4 [&_svg]:shrink-0 hover:bg-accent hover:text-accent-foreground h-9 rounded-md px-3 text-green-600"
              >
                Auto-refresh 
                ON
              </button>
              <button
                class="inline-flex items-center justify-center gap-2 whitespace-nowrap text-sm font-medium ring-offset-background transition-colors focus-visible:outline-none focus-visible:ring-2 focus-visible:ring-ring focus-visible:ring-offset-2 disabled:pointer-events-none disabled:opacity-50 [&_svg]:pointer-events-none [&_svg]:size-4 [&_svg]:shrink-0 border border-input bg-background hover:bg-accent hover:text-accent-foreground h-9 rounded-md px-3"
              >
                <svg
                  class="lucide lucide-refresh-cw h-4 w-4 mr-2"
                  fill="none"
                  height="24"
                  stroke="currentColor"
                  stroke-linecap="round"
                  stroke-linejoin="round"
                  stroke-width="2"
                  viewBox="0 0 24 24"
                  width="24"
                  xmlns="http://www.w3.org/2000/svg"
                >
                  <path
                    d="M3 12a9 9 0 0 1 9-9 9.75 9.75 0 0 1 6.74 2.74L21 8"
                  />
                  <path
                    d="M21 3v5h-5"
                  />
                  <path
                    d="M21 12a9 9 0 0 1-9 9 9.75 9.75 0 0 1-6.74-2.74L3 16"
                  />
                  <path
                    d="M8 16H3v5"
                  />
                </svg>
                Refresh
              </button>
            </div>
          </div>
          <div
            class="p-6 pt-0"
          >
            <div
              class="space-y-4"
            >
              <div
                class="flex items-center justify-between"
              >
                <span
                  class="text-sm font-medium"
                >
                  Overall Status
                </span>
                <div
                  class="flex items-center gap-2"
                >
                  <svg
                    class="lucide lucide-circle-check-big h-5 w-5 text-green-600"
                    fill="none"
                    height="24"
                    stroke="currentColor"
                    stroke-linecap="round"
                    stroke-linejoin="round"
                    stroke-width="2"
                    viewBox="0 0 24 24"
                    width="24"
                    xmlns="http://www.w3.org/2000/svg"
                  >
                    <path
                      d="M21.801 10A10 10 0 1 1 17 3.335"
                    />
                    <path
                      d="m9 11 3 3L22 4"
                    />
                  </svg>
                  <div
                    class="inline-flex items-center rounded-full border px-2.5 py-0.5 text-xs font-semibold transition-colors focus:outline-none focus:ring-2 focus:ring-ring focus:ring-offset-2 border-transparent hover:bg-primary/80 bg-green-100 text-green-800"
                  >
                    HEALTHY
                  </div>
                </div>
              </div>
              <div
                class="grid grid-cols-1 md:grid-cols-3 gap-4"
              >
                <div
                  class="space-y-2"
                >
                  <div
                    class="flex items-center gap-2"
                  >
                    <svg
                      class="lucide lucide-database h-4 w-4 text-blue-600"
                      fill="none"
                      height="24"
                      stroke="currentColor"
                      stroke-linecap="round"
                      stroke-linejoin="round"
                      stroke-width="2"
                      viewBox="0 0 24 24"
                      width="24"
                      xmlns="http://www.w3.org/2000/svg"
                    >
                      <ellipse
                        cx="12"
                        cy="5"
                        rx="9"
                        ry="3"
                      />
                      <path
                        d="M3 5V19A9 3 0 0 0 21 19V5"
                      />
                      <pat...
 ❯ Proxy.waitForWrapper node_modules/@testing-library/dom/dist/wait-for.js:163:27
 ❯ src/components/HealthCheck.test.tsx:208:13
    206|       render(<HealthCheck />)
    207|       
    208|       await waitFor(() => {
       |             ^
    209|         expect(screen.getByText('Optimal')).toBeInTheDocument()
    210|         expect(screen.getByText('All systems operating optimally')).to…

⎯⎯⎯⎯⎯⎯⎯⎯⎯⎯⎯⎯⎯⎯⎯⎯⎯⎯⎯⎯⎯[15/218]⎯

 FAIL  src/components/HealthCheck.test.tsx > HealthCheck Component > Performance Metrics Display > should display memory usage with correct formatting
TestingLibraryElementError: Unable to find an element with the text: 50.0%. This could be because the text is broken up by multiple elements. In this case, you can provide a function for your text matcher to make your matcher more flexible.

Ignored nodes: comments, script, style
<body>
  <div>
    <div
      class="space-y-6"
    >
      <div
        class="rounded-lg border bg-card text-card-foreground shadow-sm"
      >
        <div
          class="flex flex-col space-y-1.5 p-6"
        >
          <h3
            class="tracking-tight text-lg font-medium flex items-center gap-2"
          >
            <svg
              class="lucide lucide-bell h-5 w-5 text-red-600"
              fill="none"
              height="24"
              stroke="currentColor"
              stroke-linecap="round"
              stroke-linejoin="round"
              stroke-width="2"
              viewBox="0 0 24 24"
              width="24"
              xmlns="http://www.w3.org/2000/svg"
            >
              <path
                d="M10.268 21a2 2 0 0 0 3.464 0"
              />
              <path
                d="M3.262 15.326A1 1 0 0 0 4 17h16a1 1 0 0 0 .74-1.673C19.41 13.956 18 12.499 18 8A6 6 0 0 0 6 8c0 4.499-1.411 5.956-2.738 7.326"
              />
            </svg>
            Active Alerts (
            2
            )
          </h3>
        </div>
        <div
          class="p-6 pt-0"
        >
          <div
            class="space-y-3"
          >
            <div
              class="flex items-center justify-between p-3 border rounded-lg"
            >
              <div
                class="flex-1"
              >
                <div
                  class="flex items-center gap-2 mb-1"
                >
                  <div
                    class="inline-flex items-center rounded-full border px-2.5 py-0.5 text-xs font-semibold transition-colors focus:outline-none focus:ring-2 focus:ring-ring focus:ring-offset-2 border-transparent hover:bg-primary/80 bg-gray-100 text-gray-800"
                  >
                    WARNING
                  </div>
                  <span
                    class="font-medium"
                  >
                    Memory usage is high (85%)
                  </span>
                </div>
                <p
                  class="text-sm text-gray-600"
                >
                  Value: 
                  85
                   | Threshold: 
                  80
                   | 
                  5:35:32 PM
                </p>
              </div>
              <button
                class="inline-flex items-center justify-center gap-2 whitespace-nowrap text-sm font-medium ring-offset-background transition-colors focus-visible:outline-none focus-visible:ring-2 focus-visible:ring-ring focus-visible:ring-offset-2 disabled:pointer-events-none disabled:opacity-50 [&_svg]:pointer-events-none [&_svg]:size-4 [&_svg]:shrink-0 border border-input bg-background hover:bg-accent hover:text-accent-foreground h-9 rounded-md px-3"
              >
                Acknowledge
              </button>
            </div>
            <div
              class="flex items-center justify-between p-3 border rounded-lg"
            >
              <div
                class="flex-1"
              >
                <div
                  class="flex items-center gap-2 mb-1"
                >
                  <div
                    class="inline-flex items-center rounded-full border px-2.5 py-0.5 text-xs font-semibold transition-colors focus:outline-none focus:ring-2 focus:ring-ring focus:ring-offset-2 border-transparent hover:bg-primary/80 bg-red-100 text-red-800"
                  >
                    CRITICAL
                  </div>
                  <span
                    class="font-medium"
                  >
                    Network latency is critically high (1500ms)
                  </span>
                </div>
                <p
                  class="text-sm text-gray-600"
                >
                  Value: 
                  1500
                   | Threshold: 
                  1000
                   | 
                  5:30:32 PM
                </p>
              </div>
              <button
                class="inline-flex items-center justify-center gap-2 whitespace-nowrap text-sm font-medium ring-offset-background transition-colors focus-visible:outline-none focus-visible:ring-2 focus-visible:ring-ring focus-visible:ring-offset-2 disabled:pointer-events-none disabled:opacity-50 [&_svg]:pointer-events-none [&_svg]:size-4 [&_svg]:shrink-0 border border-input bg-background hover:bg-accent hover:text-accent-foreground h-9 rounded-md px-3"
              >
                Acknowledge
              </button>
            </div>
          </div>
        </div>
      </div>
      <div
        class="rounded-lg border bg-card text-card-foreground shadow-sm"
      >
        <div
          class="p-6 flex flex-row items-center justify-between space-y-0 pb-2"
        >
          <h3
            class="tracking-tight text-lg font-medium"
          >
            System Health
          </h3>
          <div
            class="flex items-center gap-2"
          >
            <button
              class="inline-flex items-center justify-center gap-2 whitespace-nowrap text-sm font-medium ring-offset-background transition-colors focus-visible:outline-none focus-visible:ring-2 focus-visible:ring-ring focus-visible:ring-offset-2 disabled:pointer-events-none disabled:opacity-50 [&_svg]:pointer-events-none [&_svg]:size-...

Ignored nodes: comments, script, style
<html>
  <head />
  <body>
    <div>
      <div
        class="space-y-6"
      >
        <div
          class="rounded-lg border bg-card text-card-foreground shadow-sm"
        >
          <div
            class="flex flex-col space-y-1.5 p-6"
          >
            <h3
              class="tracking-tight text-lg font-medium flex items-center gap-2"
            >
              <svg
                class="lucide lucide-bell h-5 w-5 text-red-600"
                fill="none"
                height="24"
                stroke="currentColor"
                stroke-linecap="round"
                stroke-linejoin="round"
                stroke-width="2"
                viewBox="0 0 24 24"
                width="24"
                xmlns="http://www.w3.org/2000/svg"
              >
                <path
                  d="M10.268 21a2 2 0 0 0 3.464 0"
                />
                <path
                  d="M3.262 15.326A1 1 0 0 0 4 17h16a1 1 0 0 0 .74-1.673C19.41 13.956 18 12.499 18 8A6 6 0 0 0 6 8c0 4.499-1.411 5.956-2.738 7.326"
                />
              </svg>
              Active Alerts (
              2
              )
            </h3>
          </div>
          <div
            class="p-6 pt-0"
          >
            <div
              class="space-y-3"
            >
              <div
                class="flex items-center justify-between p-3 border rounded-lg"
              >
                <div
                  class="flex-1"
                >
                  <div
                    class="flex items-center gap-2 mb-1"
                  >
                    <div
                      class="inline-flex items-center rounded-full border px-2.5 py-0.5 text-xs font-semibold transition-colors focus:outline-none focus:ring-2 focus:ring-ring focus:ring-offset-2 border-transparent hover:bg-primary/80 bg-gray-100 text-gray-800"
                    >
                      WARNING
                    </div>
                    <span
                      class="font-medium"
                    >
                      Memory usage is high (85%)
                    </span>
                  </div>
                  <p
                    class="text-sm text-gray-600"
                  >
                    Value: 
                    85
                     | Threshold: 
                    80
                     | 
                    5:35:32 PM
                  </p>
                </div>
                <button
                  class="inline-flex items-center justify-center gap-2 whitespace-nowrap text-sm font-medium ring-offset-background transition-colors focus-visible:outline-none focus-visible:ring-2 focus-visible:ring-ring focus-visible:ring-offset-2 disabled:pointer-events-none disabled:opacity-50 [&_svg]:pointer-events-none [&_svg]:size-4 [&_svg]:shrink-0 border border-input bg-background hover:bg-accent hover:text-accent-foreground h-9 rounded-md px-3"
                >
                  Acknowledge
                </button>
              </div>
              <div
                class="flex items-center justify-between p-3 border rounded-lg"
              >
                <div
                  class="flex-1"
                >
                  <div
                    class="flex items-center gap-2 mb-1"
                  >
                    <div
                      class="inline-flex items-center rounded-full border px-2.5 py-0.5 text-xs font-semibold transition-colors focus:outline-none focus:ring-2 focus:ring-ring focus:ring-offset-2 border-transparent hover:bg-primary/80 bg-red-100 text-red-800"
                    >
                      CRITICAL
                    </div>
                    <span
                      class="font-medium"
                    >
                      Network latency is critically high (1500ms)
                    </span>
                  </div>
                  <p
                    class="text-sm text-gray-600"
                  >
                    Value: 
                    1500
                     | Threshold: 
                    1000
                     | 
                    5:30:32 PM
                  </p>
                </div>
                <button
                  class="inline-flex items-center justify-center gap-2 whitespace-nowrap text-sm font-medium ring-offset-background transition-colors focus-visible:outline-none focus-visible:ring-2 focus-visible:ring-ring focus-visible:ring-offset-2 disabled:pointer-events-none disabled:opacity-50 [&_svg]:pointer-events-none [&_svg]:size-4 [&_svg]:shrink-0 border border-input bg-background hover:bg-accent hover:text-accent-foreground h-9 rounded-md px-3"
                >
                  Acknowledge
                </button>
              </div>
            </div>
          </div>
        </div>
        <div
          class="rounded-lg border bg-card text-card-foreground shadow-sm"
        >
          <div
            class="p-6 flex flex-row items-center justify-between space-y-0 pb-2"
          >
            <h3
              class="tracking-tight text-lg font-medium"
            >
              System Health
            </h3>
            <div
              class="flex items-center gap-2"
            >
              <button
                class="inl...
 ❯ Proxy.waitForWrapper node_modules/@testing-library/dom/dist/wait-for.js:163:27
 ❯ src/components/HealthCheck.test.tsx:219:13
    217|       render(<HealthCheck />)
    218|       
    219|       await waitFor(() => {
       |             ^
    220|         expect(screen.getByText('Memory Usage')).toBeInTheDocument()
    221|         expect(screen.getByText('50.0%')).toBeInTheDocument()

⎯⎯⎯⎯⎯⎯⎯⎯⎯⎯⎯⎯⎯⎯⎯⎯⎯⎯⎯⎯⎯[16/218]⎯

 FAIL  src/components/HealthCheck.test.tsx > HealthCheck Component > Performance Metrics Display > should display network latency
TestingLibraryElementError: Unable to find an element with the text: Network Latency. This could be because the text is broken up by multiple elements. In this case, you can provide a function for your text matcher to make your matcher more flexible.

Ignored nodes: comments, script, style
<body>
  <div>
    <div
      class="space-y-6"
    >
      <div
        class="rounded-lg border bg-card text-card-foreground shadow-sm"
      >
        <div
          class="flex flex-col space-y-1.5 p-6"
        >
          <h3
            class="tracking-tight text-lg font-medium flex items-center gap-2"
          >
            <svg
              class="lucide lucide-bell h-5 w-5 text-red-600"
              fill="none"
              height="24"
              stroke="currentColor"
              stroke-linecap="round"
              stroke-linejoin="round"
              stroke-width="2"
              viewBox="0 0 24 24"
              width="24"
              xmlns="http://www.w3.org/2000/svg"
            >
              <path
                d="M10.268 21a2 2 0 0 0 3.464 0"
              />
              <path
                d="M3.262 15.326A1 1 0 0 0 4 17h16a1 1 0 0 0 .74-1.673C19.41 13.956 18 12.499 18 8A6 6 0 0 0 6 8c0 4.499-1.411 5.956-2.738 7.326"
              />
            </svg>
            Active Alerts (
            2
            )
          </h3>
        </div>
        <div
          class="p-6 pt-0"
        >
          <div
            class="space-y-3"
          >
            <div
              class="flex items-center justify-between p-3 border rounded-lg"
            >
              <div
                class="flex-1"
              >
                <div
                  class="flex items-center gap-2 mb-1"
                >
                  <div
                    class="inline-flex items-center rounded-full border px-2.5 py-0.5 text-xs font-semibold transition-colors focus:outline-none focus:ring-2 focus:ring-ring focus:ring-offset-2 border-transparent hover:bg-primary/80 bg-gray-100 text-gray-800"
                  >
                    WARNING
                  </div>
                  <span
                    class="font-medium"
                  >
                    Memory usage is high (85%)
                  </span>
                </div>
                <p
                  class="text-sm text-gray-600"
                >
                  Value: 
                  85
                   | Threshold: 
                  80
                   | 
                  5:35:32 PM
                </p>
              </div>
              <button
                class="inline-flex items-center justify-center gap-2 whitespace-nowrap text-sm font-medium ring-offset-background transition-colors focus-visible:outline-none focus-visible:ring-2 focus-visible:ring-ring focus-visible:ring-offset-2 disabled:pointer-events-none disabled:opacity-50 [&_svg]:pointer-events-none [&_svg]:size-4 [&_svg]:shrink-0 border border-input bg-background hover:bg-accent hover:text-accent-foreground h-9 rounded-md px-3"
              >
                Acknowledge
              </button>
            </div>
            <div
              class="flex items-center justify-between p-3 border rounded-lg"
            >
              <div
                class="flex-1"
              >
                <div
                  class="flex items-center gap-2 mb-1"
                >
                  <div
                    class="inline-flex items-center rounded-full border px-2.5 py-0.5 text-xs font-semibold transition-colors focus:outline-none focus:ring-2 focus:ring-ring focus:ring-offset-2 border-transparent hover:bg-primary/80 bg-red-100 text-red-800"
                  >
                    CRITICAL
                  </div>
                  <span
                    class="font-medium"
                  >
                    Network latency is critically high (1500ms)
                  </span>
                </div>
                <p
                  class="text-sm text-gray-600"
                >
                  Value: 
                  1500
                   | Threshold: 
                  1000
                   | 
                  5:30:32 PM
                </p>
              </div>
              <button
                class="inline-flex items-center justify-center gap-2 whitespace-nowrap text-sm font-medium ring-offset-background transition-colors focus-visible:outline-none focus-visible:ring-2 focus-visible:ring-ring focus-visible:ring-offset-2 disabled:pointer-events-none disabled:opacity-50 [&_svg]:pointer-events-none [&_svg]:size-4 [&_svg]:shrink-0 border border-input bg-background hover:bg-accent hover:text-accent-foreground h-9 rounded-md px-3"
              >
                Acknowledge
              </button>
            </div>
          </div>
        </div>
      </div>
      <div
        class="rounded-lg border bg-card text-card-foreground shadow-sm"
      >
        <div
          class="p-6 flex flex-row items-center justify-between space-y-0 pb-2"
        >
          <h3
            class="tracking-tight text-lg font-medium"
          >
            System Health
          </h3>
          <div
            class="flex items-center gap-2"
          >
            <button
              class="inline-flex items-center justify-center gap-2 whitespace-nowrap text-sm font-medium ring-offset-background transition-colors focus-visible:outline-none focus-visible:ring-2 focus-visible:ring-ring focus-visible:ring-offset-2 disabled:pointer-events-none disabled:opacity-50 [&_svg]:pointer-events-none [&_svg]:size-...

Ignored nodes: comments, script, style
<html>
  <head />
  <body>
    <div>
      <div
        class="space-y-6"
      >
        <div
          class="rounded-lg border bg-card text-card-foreground shadow-sm"
        >
          <div
            class="flex flex-col space-y-1.5 p-6"
          >
            <h3
              class="tracking-tight text-lg font-medium flex items-center gap-2"
            >
              <svg
                class="lucide lucide-bell h-5 w-5 text-red-600"
                fill="none"
                height="24"
                stroke="currentColor"
                stroke-linecap="round"
                stroke-linejoin="round"
                stroke-width="2"
                viewBox="0 0 24 24"
                width="24"
                xmlns="http://www.w3.org/2000/svg"
              >
                <path
                  d="M10.268 21a2 2 0 0 0 3.464 0"
                />
                <path
                  d="M3.262 15.326A1 1 0 0 0 4 17h16a1 1 0 0 0 .74-1.673C19.41 13.956 18 12.499 18 8A6 6 0 0 0 6 8c0 4.499-1.411 5.956-2.738 7.326"
                />
              </svg>
              Active Alerts (
              2
              )
            </h3>
          </div>
          <div
            class="p-6 pt-0"
          >
            <div
              class="space-y-3"
            >
              <div
                class="flex items-center justify-between p-3 border rounded-lg"
              >
                <div
                  class="flex-1"
                >
                  <div
                    class="flex items-center gap-2 mb-1"
                  >
                    <div
                      class="inline-flex items-center rounded-full border px-2.5 py-0.5 text-xs font-semibold transition-colors focus:outline-none focus:ring-2 focus:ring-ring focus:ring-offset-2 border-transparent hover:bg-primary/80 bg-gray-100 text-gray-800"
                    >
                      WARNING
                    </div>
                    <span
                      class="font-medium"
                    >
                      Memory usage is high (85%)
                    </span>
                  </div>
                  <p
                    class="text-sm text-gray-600"
                  >
                    Value: 
                    85
                     | Threshold: 
                    80
                     | 
                    5:35:32 PM
                  </p>
                </div>
                <button
                  class="inline-flex items-center justify-center gap-2 whitespace-nowrap text-sm font-medium ring-offset-background transition-colors focus-visible:outline-none focus-visible:ring-2 focus-visible:ring-ring focus-visible:ring-offset-2 disabled:pointer-events-none disabled:opacity-50 [&_svg]:pointer-events-none [&_svg]:size-4 [&_svg]:shrink-0 border border-input bg-background hover:bg-accent hover:text-accent-foreground h-9 rounded-md px-3"
                >
                  Acknowledge
                </button>
              </div>
              <div
                class="flex items-center justify-between p-3 border rounded-lg"
              >
                <div
                  class="flex-1"
                >
                  <div
                    class="flex items-center gap-2 mb-1"
                  >
                    <div
                      class="inline-flex items-center rounded-full border px-2.5 py-0.5 text-xs font-semibold transition-colors focus:outline-none focus:ring-2 focus:ring-ring focus:ring-offset-2 border-transparent hover:bg-primary/80 bg-red-100 text-red-800"
                    >
                      CRITICAL
                    </div>
                    <span
                      class="font-medium"
                    >
                      Network latency is critically high (1500ms)
                    </span>
                  </div>
                  <p
                    class="text-sm text-gray-600"
                  >
                    Value: 
                    1500
                     | Threshold: 
                    1000
                     | 
                    5:30:32 PM
                  </p>
                </div>
                <button
                  class="inline-flex items-center justify-center gap-2 whitespace-nowrap text-sm font-medium ring-offset-background transition-colors focus-visible:outline-none focus-visible:ring-2 focus-visible:ring-ring focus-visible:ring-offset-2 disabled:pointer-events-none disabled:opacity-50 [&_svg]:pointer-events-none [&_svg]:size-4 [&_svg]:shrink-0 border border-input bg-background hover:bg-accent hover:text-accent-foreground h-9 rounded-md px-3"
                >
                  Acknowledge
                </button>
              </div>
            </div>
          </div>
        </div>
        <div
          class="rounded-lg border bg-card text-card-foreground shadow-sm"
        >
          <div
            class="p-6 flex flex-row items-center justify-between space-y-0 pb-2"
          >
            <h3
              class="tracking-tight text-lg font-medium"
            >
              System Health
            </h3>
            <div
              class="flex items-center gap-2"
            >
              <button
                class="inl...
 ❯ Proxy.waitForWrapper node_modules/@testing-library/dom/dist/wait-for.js:163:27
 ❯ src/components/HealthCheck.test.tsx:229:13
    227|       render(<HealthCheck />)
    228|       
    229|       await waitFor(() => {
       |             ^
    230|         expect(screen.getByText('Network Latency')).toBeInTheDocument()
    231|         expect(screen.getByText('100ms')).toBeInTheDocument()

⎯⎯⎯⎯⎯⎯⎯⎯⎯⎯⎯⎯⎯⎯⎯⎯⎯⎯⎯⎯⎯[17/218]⎯

 FAIL  src/components/HealthCheck.test.tsx > HealthCheck Component > Performance Metrics Display > should display CPU cores information
TestingLibraryElementError: Unable to find an element with the text: CPU Cores. This could be because the text is broken up by multiple elements. In this case, you can provide a function for your text matcher to make your matcher more flexible.

Ignored nodes: comments, script, style
<body>
  <div>
    <div
      class="space-y-6"
    >
      <div
        class="rounded-lg border bg-card text-card-foreground shadow-sm"
      >
        <div
          class="flex flex-col space-y-1.5 p-6"
        >
          <h3
            class="tracking-tight text-lg font-medium flex items-center gap-2"
          >
            <svg
              class="lucide lucide-bell h-5 w-5 text-red-600"
              fill="none"
              height="24"
              stroke="currentColor"
              stroke-linecap="round"
              stroke-linejoin="round"
              stroke-width="2"
              viewBox="0 0 24 24"
              width="24"
              xmlns="http://www.w3.org/2000/svg"
            >
              <path
                d="M10.268 21a2 2 0 0 0 3.464 0"
              />
              <path
                d="M3.262 15.326A1 1 0 0 0 4 17h16a1 1 0 0 0 .74-1.673C19.41 13.956 18 12.499 18 8A6 6 0 0 0 6 8c0 4.499-1.411 5.956-2.738 7.326"
              />
            </svg>
            Active Alerts (
            2
            )
          </h3>
        </div>
        <div
          class="p-6 pt-0"
        >
          <div
            class="space-y-3"
          >
            <div
              class="flex items-center justify-between p-3 border rounded-lg"
            >
              <div
                class="flex-1"
              >
                <div
                  class="flex items-center gap-2 mb-1"
                >
                  <div
                    class="inline-flex items-center rounded-full border px-2.5 py-0.5 text-xs font-semibold transition-colors focus:outline-none focus:ring-2 focus:ring-ring focus:ring-offset-2 border-transparent hover:bg-primary/80 bg-gray-100 text-gray-800"
                  >
                    WARNING
                  </div>
                  <span
                    class="font-medium"
                  >
                    Memory usage is high (85%)
                  </span>
                </div>
                <p
                  class="text-sm text-gray-600"
                >
                  Value: 
                  85
                   | Threshold: 
                  80
                   | 
                  5:35:32 PM
                </p>
              </div>
              <button
                class="inline-flex items-center justify-center gap-2 whitespace-nowrap text-sm font-medium ring-offset-background transition-colors focus-visible:outline-none focus-visible:ring-2 focus-visible:ring-ring focus-visible:ring-offset-2 disabled:pointer-events-none disabled:opacity-50 [&_svg]:pointer-events-none [&_svg]:size-4 [&_svg]:shrink-0 border border-input bg-background hover:bg-accent hover:text-accent-foreground h-9 rounded-md px-3"
              >
                Acknowledge
              </button>
            </div>
            <div
              class="flex items-center justify-between p-3 border rounded-lg"
            >
              <div
                class="flex-1"
              >
                <div
                  class="flex items-center gap-2 mb-1"
                >
                  <div
                    class="inline-flex items-center rounded-full border px-2.5 py-0.5 text-xs font-semibold transition-colors focus:outline-none focus:ring-2 focus:ring-ring focus:ring-offset-2 border-transparent hover:bg-primary/80 bg-red-100 text-red-800"
                  >
                    CRITICAL
                  </div>
                  <span
                    class="font-medium"
                  >
                    Network latency is critically high (1500ms)
                  </span>
                </div>
                <p
                  class="text-sm text-gray-600"
                >
                  Value: 
                  1500
                   | Threshold: 
                  1000
                   | 
                  5:30:32 PM
                </p>
              </div>
              <button
                class="inline-flex items-center justify-center gap-2 whitespace-nowrap text-sm font-medium ring-offset-background transition-colors focus-visible:outline-none focus-visible:ring-2 focus-visible:ring-ring focus-visible:ring-offset-2 disabled:pointer-events-none disabled:opacity-50 [&_svg]:pointer-events-none [&_svg]:size-4 [&_svg]:shrink-0 border border-input bg-background hover:bg-accent hover:text-accent-foreground h-9 rounded-md px-3"
              >
                Acknowledge
              </button>
            </div>
          </div>
        </div>
      </div>
      <div
        class="rounded-lg border bg-card text-card-foreground shadow-sm"
      >
        <div
          class="p-6 flex flex-row items-center justify-between space-y-0 pb-2"
        >
          <h3
            class="tracking-tight text-lg font-medium"
          >
            System Health
          </h3>
          <div
            class="flex items-center gap-2"
          >
            <button
              class="inline-flex items-center justify-center gap-2 whitespace-nowrap text-sm font-medium ring-offset-background transition-colors focus-visible:outline-none focus-visible:ring-2 focus-visible:ring-ring focus-visible:ring-offset-2 disabled:pointer-events-none disabled:opacity-50 [&_svg]:pointer-events-none [&_svg]:size-...

Ignored nodes: comments, script, style
<html>
  <head />
  <body>
    <div>
      <div
        class="space-y-6"
      >
        <div
          class="rounded-lg border bg-card text-card-foreground shadow-sm"
        >
          <div
            class="flex flex-col space-y-1.5 p-6"
          >
            <h3
              class="tracking-tight text-lg font-medium flex items-center gap-2"
            >
              <svg
                class="lucide lucide-bell h-5 w-5 text-red-600"
                fill="none"
                height="24"
                stroke="currentColor"
                stroke-linecap="round"
                stroke-linejoin="round"
                stroke-width="2"
                viewBox="0 0 24 24"
                width="24"
                xmlns="http://www.w3.org/2000/svg"
              >
                <path
                  d="M10.268 21a2 2 0 0 0 3.464 0"
                />
                <path
                  d="M3.262 15.326A1 1 0 0 0 4 17h16a1 1 0 0 0 .74-1.673C19.41 13.956 18 12.499 18 8A6 6 0 0 0 6 8c0 4.499-1.411 5.956-2.738 7.326"
                />
              </svg>
              Active Alerts (
              2
              )
            </h3>
          </div>
          <div
            class="p-6 pt-0"
          >
            <div
              class="space-y-3"
            >
              <div
                class="flex items-center justify-between p-3 border rounded-lg"
              >
                <div
                  class="flex-1"
                >
                  <div
                    class="flex items-center gap-2 mb-1"
                  >
                    <div
                      class="inline-flex items-center rounded-full border px-2.5 py-0.5 text-xs font-semibold transition-colors focus:outline-none focus:ring-2 focus:ring-ring focus:ring-offset-2 border-transparent hover:bg-primary/80 bg-gray-100 text-gray-800"
                    >
                      WARNING
                    </div>
                    <span
                      class="font-medium"
                    >
                      Memory usage is high (85%)
                    </span>
                  </div>
                  <p
                    class="text-sm text-gray-600"
                  >
                    Value: 
                    85
                     | Threshold: 
                    80
                     | 
                    5:35:32 PM
                  </p>
                </div>
                <button
                  class="inline-flex items-center justify-center gap-2 whitespace-nowrap text-sm font-medium ring-offset-background transition-colors focus-visible:outline-none focus-visible:ring-2 focus-visible:ring-ring focus-visible:ring-offset-2 disabled:pointer-events-none disabled:opacity-50 [&_svg]:pointer-events-none [&_svg]:size-4 [&_svg]:shrink-0 border border-input bg-background hover:bg-accent hover:text-accent-foreground h-9 rounded-md px-3"
                >
                  Acknowledge
                </button>
              </div>
              <div
                class="flex items-center justify-between p-3 border rounded-lg"
              >
                <div
                  class="flex-1"
                >
                  <div
                    class="flex items-center gap-2 mb-1"
                  >
                    <div
                      class="inline-flex items-center rounded-full border px-2.5 py-0.5 text-xs font-semibold transition-colors focus:outline-none focus:ring-2 focus:ring-ring focus:ring-offset-2 border-transparent hover:bg-primary/80 bg-red-100 text-red-800"
                    >
                      CRITICAL
                    </div>
                    <span
                      class="font-medium"
                    >
                      Network latency is critically high (1500ms)
                    </span>
                  </div>
                  <p
                    class="text-sm text-gray-600"
                  >
                    Value: 
                    1500
                     | Threshold: 
                    1000
                     | 
                    5:30:32 PM
                  </p>
                </div>
                <button
                  class="inline-flex items-center justify-center gap-2 whitespace-nowrap text-sm font-medium ring-offset-background transition-colors focus-visible:outline-none focus-visible:ring-2 focus-visible:ring-ring focus-visible:ring-offset-2 disabled:pointer-events-none disabled:opacity-50 [&_svg]:pointer-events-none [&_svg]:size-4 [&_svg]:shrink-0 border border-input bg-background hover:bg-accent hover:text-accent-foreground h-9 rounded-md px-3"
                >
                  Acknowledge
                </button>
              </div>
            </div>
          </div>
        </div>
        <div
          class="rounded-lg border bg-card text-card-foreground shadow-sm"
        >
          <div
            class="p-6 flex flex-row items-center justify-between space-y-0 pb-2"
          >
            <h3
              class="tracking-tight text-lg font-medium"
            >
              System Health
            </h3>
            <div
              class="flex items-center gap-2"
            >
              <button
                class="inl...
 ❯ Proxy.waitForWrapper node_modules/@testing-library/dom/dist/wait-for.js:163:27
 ❯ src/components/HealthCheck.test.tsx:239:13
    237|       render(<HealthCheck />)
    238|       
    239|       await waitFor(() => {
       |             ^
    240|         expect(screen.getByText('CPU Cores')).toBeInTheDocument()
    241|         expect(screen.getByText('4')).toBeInTheDocument()

⎯⎯⎯⎯⎯⎯⎯⎯⎯⎯⎯⎯⎯⎯⎯⎯⎯⎯⎯⎯⎯[18/218]⎯

 FAIL  src/components/HealthCheck.test.tsx > HealthCheck Component > Performance Metrics Display > should apply correct color coding for metrics
Error: expect(received).toHaveClass()

received value must be an HTMLElement or an SVGElement.
Received has type:  Null
Received has value: null

Ignored nodes: comments, script, style
<html>
  <head />
  <body>
    <div>
      <div
        class="space-y-6"
      >
        <div
          class="rounded-lg border bg-card text-card-foreground shadow-sm"
        >
          <div
            class="flex flex-col space-y-1.5 p-6"
          >
            <h3
              class="tracking-tight text-lg font-medium flex items-center gap-2"
            >
              <svg
                class="lucide lucide-bell h-5 w-5 text-red-600"
                fill="none"
                height="24"
                stroke="currentColor"
                stroke-linecap="round"
                stroke-linejoin="round"
                stroke-width="2"
                viewBox="0 0 24 24"
                width="24"
                xmlns="http://www.w3.org/2000/svg"
              >
                <path
                  d="M10.268 21a2 2 0 0 0 3.464 0"
                />
                <path
                  d="M3.262 15.326A1 1 0 0 0 4 17h16a1 1 0 0 0 .74-1.673C19.41 13.956 18 12.499 18 8A6 6 0 0 0 6 8c0 4.499-1.411 5.956-2.738 7.326"
                />
              </svg>
              Active Alerts (
              2
              )
            </h3>
          </div>
          <div
            class="p-6 pt-0"
          >
            <div
              class="space-y-3"
            >
              <div
                class="flex items-center justify-between p-3 border rounded-lg"
              >
                <div
                  class="flex-1"
                >
                  <div
                    class="flex items-center gap-2 mb-1"
                  >
                    <div
                      class="inline-flex items-center rounded-full border px-2.5 py-0.5 text-xs font-semibold transition-colors focus:outline-none focus:ring-2 focus:ring-ring focus:ring-offset-2 border-transparent hover:bg-primary/80 bg-gray-100 text-gray-800"
                    >
                      WARNING
                    </div>
                    <span
                      class="font-medium"
                    >
                      Memory usage is high (85%)
                    </span>
                  </div>
                  <p
                    class="text-sm text-gray-600"
                  >
                    Value: 
                    85
                     | Threshold: 
                    80
                     | 
                    5:35:32 PM
                  </p>
                </div>
                <button
                  class="inline-flex items-center justify-center gap-2 whitespace-nowrap text-sm font-medium ring-offset-background transition-colors focus-visible:outline-none focus-visible:ring-2 focus-visible:ring-ring focus-visible:ring-offset-2 disabled:pointer-events-none disabled:opacity-50 [&_svg]:pointer-events-none [&_svg]:size-4 [&_svg]:shrink-0 border border-input bg-background hover:bg-accent hover:text-accent-foreground h-9 rounded-md px-3"
                >
                  Acknowledge
                </button>
              </div>
              <div
                class="flex items-center justify-between p-3 border rounded-lg"
              >
                <div
                  class="flex-1"
                >
                  <div
                    class="flex items-center gap-2 mb-1"
                  >
                    <div
                      class="inline-flex items-center rounded-full border px-2.5 py-0.5 text-xs font-semibold transition-colors focus:outline-none focus:ring-2 focus:ring-ring focus:ring-offset-2 border-transparent hover:bg-primary/80 bg-red-100 text-red-800"
                    >
                      CRITICAL
                    </div>
                    <span
                      class="font-medium"
                    >
                      Network latency is critically high (1500ms)
                    </span>
                  </div>
                  <p
                    class="text-sm text-gray-600"
                  >
                    Value: 
                    1500
                     | Threshold: 
                    1000
                     | 
                    5:30:32 PM
                  </p>
                </div>
                <button
                  class="inline-flex items-center justify-center gap-2 whitespace-nowrap text-sm font-medium ring-offset-background transition-colors focus-visible:outline-none focus-visible:ring-2 focus-visible:ring-ring focus-visible:ring-offset-2 disabled:pointer-events-none disabled:opacity-50 [&_svg]:pointer-events-none [&_svg]:size-4 [&_svg]:shrink-0 border border-input bg-background hover:bg-accent hover:text-accent-foreground h-9 rounded-md px-3"
                >
                  Acknowledge
                </button>
              </div>
            </div>
          </div>
        </div>
        <div
          class="rounded-lg border bg-card text-card-foreground shadow-sm"
        >
          <div
            class="p-6 flex flex-row items-center justify-between space-y-0 pb-2"
          >
            <h3
              class="tracking-tight text-lg font-medium"
            >
              System Health
            </h3>
            <div
              class="flex items-center gap-2"
            >
              <button
                class="inl...
 ❯ src/components/HealthCheck.test.tsx:251:28
    249|       await waitFor(() => {
    250|         const memoryCard = screen.getByText('Memory Usage').closest('.…
    251|         expect(memoryCard).toHaveClass('border-l-green-500') // Good p…
       |                            ^
    252|       })
    253|     })
 ❯ runWithExpensiveErrorDiagnosticsDisabled node_modules/@testing-library/dom/dist/config.js:47:12
 ❯ checkCallback node_modules/@testing-library/dom/dist/wait-for.js:124:77
 ❯ Timeout.checkRealTimersCallback node_modules/@testing-library/dom/dist/wait-for.js:118:16

⎯⎯⎯⎯⎯⎯⎯⎯⎯⎯⎯⎯⎯⎯⎯⎯⎯⎯⎯⎯⎯[19/218]⎯

 FAIL  src/components/HealthCheck.test.tsx > HealthCheck Component > Performance Metrics Display > should show warning colors for high memory usage
Error: expect(received).toHaveClass()

received value must be an HTMLElement or an SVGElement.
Received has type:  Null
Received has value: null

Ignored nodes: comments, script, style
<html>
  <head />
  <body>
    <div>
      <div
        class="space-y-6"
      >
        <div
          class="rounded-lg border bg-card text-card-foreground shadow-sm"
        >
          <div
            class="flex flex-col space-y-1.5 p-6"
          >
            <h3
              class="tracking-tight text-lg font-medium flex items-center gap-2"
            >
              <svg
                class="lucide lucide-bell h-5 w-5 text-red-600"
                fill="none"
                height="24"
                stroke="currentColor"
                stroke-linecap="round"
                stroke-linejoin="round"
                stroke-width="2"
                viewBox="0 0 24 24"
                width="24"
                xmlns="http://www.w3.org/2000/svg"
              >
                <path
                  d="M10.268 21a2 2 0 0 0 3.464 0"
                />
                <path
                  d="M3.262 15.326A1 1 0 0 0 4 17h16a1 1 0 0 0 .74-1.673C19.41 13.956 18 12.499 18 8A6 6 0 0 0 6 8c0 4.499-1.411 5.956-2.738 7.326"
                />
              </svg>
              Active Alerts (
              2
              )
            </h3>
          </div>
          <div
            class="p-6 pt-0"
          >
            <div
              class="space-y-3"
            >
              <div
                class="flex items-center justify-between p-3 border rounded-lg"
              >
                <div
                  class="flex-1"
                >
                  <div
                    class="flex items-center gap-2 mb-1"
                  >
                    <div
                      class="inline-flex items-center rounded-full border px-2.5 py-0.5 text-xs font-semibold transition-colors focus:outline-none focus:ring-2 focus:ring-ring focus:ring-offset-2 border-transparent hover:bg-primary/80 bg-gray-100 text-gray-800"
                    >
                      WARNING
                    </div>
                    <span
                      class="font-medium"
                    >
                      Memory usage is high (85%)
                    </span>
                  </div>
                  <p
                    class="text-sm text-gray-600"
                  >
                    Value: 
                    85
                     | Threshold: 
                    80
                     | 
                    5:35:32 PM
                  </p>
                </div>
                <button
                  class="inline-flex items-center justify-center gap-2 whitespace-nowrap text-sm font-medium ring-offset-background transition-colors focus-visible:outline-none focus-visible:ring-2 focus-visible:ring-ring focus-visible:ring-offset-2 disabled:pointer-events-none disabled:opacity-50 [&_svg]:pointer-events-none [&_svg]:size-4 [&_svg]:shrink-0 border border-input bg-background hover:bg-accent hover:text-accent-foreground h-9 rounded-md px-3"
                >
                  Acknowledge
                </button>
              </div>
              <div
                class="flex items-center justify-between p-3 border rounded-lg"
              >
                <div
                  class="flex-1"
                >
                  <div
                    class="flex items-center gap-2 mb-1"
                  >
                    <div
                      class="inline-flex items-center rounded-full border px-2.5 py-0.5 text-xs font-semibold transition-colors focus:outline-none focus:ring-2 focus:ring-ring focus:ring-offset-2 border-transparent hover:bg-primary/80 bg-red-100 text-red-800"
                    >
                      CRITICAL
                    </div>
                    <span
                      class="font-medium"
                    >
                      Network latency is critically high (1500ms)
                    </span>
                  </div>
                  <p
                    class="text-sm text-gray-600"
                  >
                    Value: 
                    1500
                     | Threshold: 
                    1000
                     | 
                    5:30:32 PM
                  </p>
                </div>
                <button
                  class="inline-flex items-center justify-center gap-2 whitespace-nowrap text-sm font-medium ring-offset-background transition-colors focus-visible:outline-none focus-visible:ring-2 focus-visible:ring-ring focus-visible:ring-offset-2 disabled:pointer-events-none disabled:opacity-50 [&_svg]:pointer-events-none [&_svg]:size-4 [&_svg]:shrink-0 border border-input bg-background hover:bg-accent hover:text-accent-foreground h-9 rounded-md px-3"
                >
                  Acknowledge
                </button>
              </div>
            </div>
          </div>
        </div>
        <div
          class="rounded-lg border bg-card text-card-foreground shadow-sm"
        >
          <div
            class="p-6 flex flex-row items-center justify-between space-y-0 pb-2"
          >
            <h3
              class="tracking-tight text-lg font-medium"
            >
              System Health
            </h3>
            <div
              class="flex items-center gap-2"
            >
              <button
                class="inl...
 ❯ src/components/HealthCheck.test.tsx:265:28
    263|       await waitFor(() => {
    264|         const memoryCard = screen.getByText('Memory Usage').closest('.…
    265|         expect(memoryCard).toHaveClass('border-l-yellow-500') // Warni…
       |                            ^
    266|       })
    267|     })
 ❯ runWithExpensiveErrorDiagnosticsDisabled node_modules/@testing-library/dom/dist/config.js:47:12
 ❯ checkCallback node_modules/@testing-library/dom/dist/wait-for.js:124:77
 ❯ Timeout.checkRealTimersCallback node_modules/@testing-library/dom/dist/wait-for.js:118:16

⎯⎯⎯⎯⎯⎯⎯⎯⎯⎯⎯⎯⎯⎯⎯⎯⎯⎯⎯⎯⎯[20/218]⎯

 FAIL  src/components/HealthCheck.test.tsx > HealthCheck Component > Performance Metrics Display > should show critical colors for very high memory usage
Error: expect(received).toHaveClass()

received value must be an HTMLElement or an SVGElement.
Received has type:  Null
Received has value: null

Ignored nodes: comments, script, style
<html>
  <head />
  <body>
    <div>
      <div
        class="space-y-6"
      >
        <div
          class="rounded-lg border bg-card text-card-foreground shadow-sm"
        >
          <div
            class="flex flex-col space-y-1.5 p-6"
          >
            <h3
              class="tracking-tight text-lg font-medium flex items-center gap-2"
            >
              <svg
                class="lucide lucide-bell h-5 w-5 text-red-600"
                fill="none"
                height="24"
                stroke="currentColor"
                stroke-linecap="round"
                stroke-linejoin="round"
                stroke-width="2"
                viewBox="0 0 24 24"
                width="24"
                xmlns="http://www.w3.org/2000/svg"
              >
                <path
                  d="M10.268 21a2 2 0 0 0 3.464 0"
                />
                <path
                  d="M3.262 15.326A1 1 0 0 0 4 17h16a1 1 0 0 0 .74-1.673C19.41 13.956 18 12.499 18 8A6 6 0 0 0 6 8c0 4.499-1.411 5.956-2.738 7.326"
                />
              </svg>
              Active Alerts (
              2
              )
            </h3>
          </div>
          <div
            class="p-6 pt-0"
          >
            <div
              class="space-y-3"
            >
              <div
                class="flex items-center justify-between p-3 border rounded-lg"
              >
                <div
                  class="flex-1"
                >
                  <div
                    class="flex items-center gap-2 mb-1"
                  >
                    <div
                      class="inline-flex items-center rounded-full border px-2.5 py-0.5 text-xs font-semibold transition-colors focus:outline-none focus:ring-2 focus:ring-ring focus:ring-offset-2 border-transparent hover:bg-primary/80 bg-gray-100 text-gray-800"
                    >
                      WARNING
                    </div>
                    <span
                      class="font-medium"
                    >
                      Memory usage is high (85%)
                    </span>
                  </div>
                  <p
                    class="text-sm text-gray-600"
                  >
                    Value: 
                    85
                     | Threshold: 
                    80
                     | 
                    5:35:32 PM
                  </p>
                </div>
                <button
                  class="inline-flex items-center justify-center gap-2 whitespace-nowrap text-sm font-medium ring-offset-background transition-colors focus-visible:outline-none focus-visible:ring-2 focus-visible:ring-ring focus-visible:ring-offset-2 disabled:pointer-events-none disabled:opacity-50 [&_svg]:pointer-events-none [&_svg]:size-4 [&_svg]:shrink-0 border border-input bg-background hover:bg-accent hover:text-accent-foreground h-9 rounded-md px-3"
                >
                  Acknowledge
                </button>
              </div>
              <div
                class="flex items-center justify-between p-3 border rounded-lg"
              >
                <div
                  class="flex-1"
                >
                  <div
                    class="flex items-center gap-2 mb-1"
                  >
                    <div
                      class="inline-flex items-center rounded-full border px-2.5 py-0.5 text-xs font-semibold transition-colors focus:outline-none focus:ring-2 focus:ring-ring focus:ring-offset-2 border-transparent hover:bg-primary/80 bg-red-100 text-red-800"
                    >
                      CRITICAL
                    </div>
                    <span
                      class="font-medium"
                    >
                      Network latency is critically high (1500ms)
                    </span>
                  </div>
                  <p
                    class="text-sm text-gray-600"
                  >
                    Value: 
                    1500
                     | Threshold: 
                    1000
                     | 
                    5:30:32 PM
                  </p>
                </div>
                <button
                  class="inline-flex items-center justify-center gap-2 whitespace-nowrap text-sm font-medium ring-offset-background transition-colors focus-visible:outline-none focus-visible:ring-2 focus-visible:ring-ring focus-visible:ring-offset-2 disabled:pointer-events-none disabled:opacity-50 [&_svg]:pointer-events-none [&_svg]:size-4 [&_svg]:shrink-0 border border-input bg-background hover:bg-accent hover:text-accent-foreground h-9 rounded-md px-3"
                >
                  Acknowledge
                </button>
              </div>
            </div>
          </div>
        </div>
        <div
          class="rounded-lg border bg-card text-card-foreground shadow-sm"
        >
          <div
            class="p-6 flex flex-row items-center justify-between space-y-0 pb-2"
          >
            <h3
              class="tracking-tight text-lg font-medium"
            >
              System Health
            </h3>
            <div
              class="flex items-center gap-2"
            >
              <button
                class="inl...
 ❯ src/components/HealthCheck.test.tsx:279:28
    277|       await waitFor(() => {
    278|         const memoryCard = screen.getByText('Memory Usage').closest('.…
    279|         expect(memoryCard).toHaveClass('border-l-red-500') // Critical
       |                            ^
    280|       })
    281|     })
 ❯ runWithExpensiveErrorDiagnosticsDisabled node_modules/@testing-library/dom/dist/config.js:47:12
 ❯ checkCallback node_modules/@testing-library/dom/dist/wait-for.js:124:77
 ❯ Timeout.checkRealTimersCallback node_modules/@testing-library/dom/dist/wait-for.js:118:16

⎯⎯⎯⎯⎯⎯⎯⎯⎯⎯⎯⎯⎯⎯⎯⎯⎯⎯⎯⎯⎯[21/218]⎯

 FAIL  src/components/HealthCheck.test.tsx > HealthCheck Component > Active Alerts > should display relative timestamps
TestingLibraryElementError: Unable to find an element with the text: 5 minutes ago. This could be because the text is broken up by multiple elements. In this case, you can provide a function for your text matcher to make your matcher more flexible.

Ignored nodes: comments, script, style
<body>
  <div>
    <div
      class="space-y-6"
    >
      <div
        class="rounded-lg border bg-card text-card-foreground shadow-sm"
      >
        <div
          class="flex flex-col space-y-1.5 p-6"
        >
          <h3
            class="tracking-tight text-lg font-medium flex items-center gap-2"
          >
            <svg
              class="lucide lucide-bell h-5 w-5 text-red-600"
              fill="none"
              height="24"
              stroke="currentColor"
              stroke-linecap="round"
              stroke-linejoin="round"
              stroke-width="2"
              viewBox="0 0 24 24"
              width="24"
              xmlns="http://www.w3.org/2000/svg"
            >
              <path
                d="M10.268 21a2 2 0 0 0 3.464 0"
              />
              <path
                d="M3.262 15.326A1 1 0 0 0 4 17h16a1 1 0 0 0 .74-1.673C19.41 13.956 18 12.499 18 8A6 6 0 0 0 6 8c0 4.499-1.411 5.956-2.738 7.326"
              />
            </svg>
            Active Alerts (
            2
            )
          </h3>
        </div>
        <div
          class="p-6 pt-0"
        >
          <div
            class="space-y-3"
          >
            <div
              class="flex items-center justify-between p-3 border rounded-lg"
            >
              <div
                class="flex-1"
              >
                <div
                  class="flex items-center gap-2 mb-1"
                >
                  <div
                    class="inline-flex items-center rounded-full border px-2.5 py-0.5 text-xs font-semibold transition-colors focus:outline-none focus:ring-2 focus:ring-ring focus:ring-offset-2 border-transparent hover:bg-primary/80 bg-gray-100 text-gray-800"
                  >
                    WARNING
                  </div>
                  <span
                    class="font-medium"
                  >
                    Memory usage is high (85%)
                  </span>
                </div>
                <p
                  class="text-sm text-gray-600"
                >
                  Value: 
                  85
                   | Threshold: 
                  80
                   | 
                  5:35:32 PM
                </p>
              </div>
              <button
                class="inline-flex items-center justify-center gap-2 whitespace-nowrap text-sm font-medium ring-offset-background transition-colors focus-visible:outline-none focus-visible:ring-2 focus-visible:ring-ring focus-visible:ring-offset-2 disabled:pointer-events-none disabled:opacity-50 [&_svg]:pointer-events-none [&_svg]:size-4 [&_svg]:shrink-0 border border-input bg-background hover:bg-accent hover:text-accent-foreground h-9 rounded-md px-3"
              >
                Acknowledge
              </button>
            </div>
            <div
              class="flex items-center justify-between p-3 border rounded-lg"
            >
              <div
                class="flex-1"
              >
                <div
                  class="flex items-center gap-2 mb-1"
                >
                  <div
                    class="inline-flex items-center rounded-full border px-2.5 py-0.5 text-xs font-semibold transition-colors focus:outline-none focus:ring-2 focus:ring-ring focus:ring-offset-2 border-transparent hover:bg-primary/80 bg-red-100 text-red-800"
                  >
                    CRITICAL
                  </div>
                  <span
                    class="font-medium"
                  >
                    Network latency is critically high (1500ms)
                  </span>
                </div>
                <p
                  class="text-sm text-gray-600"
                >
                  Value: 
                  1500
                   | Threshold: 
                  1000
                   | 
                  5:30:32 PM
                </p>
              </div>
              <button
                class="inline-flex items-center justify-center gap-2 whitespace-nowrap text-sm font-medium ring-offset-background transition-colors focus-visible:outline-none focus-visible:ring-2 focus-visible:ring-ring focus-visible:ring-offset-2 disabled:pointer-events-none disabled:opacity-50 [&_svg]:pointer-events-none [&_svg]:size-4 [&_svg]:shrink-0 border border-input bg-background hover:bg-accent hover:text-accent-foreground h-9 rounded-md px-3"
              >
                Acknowledge
              </button>
            </div>
          </div>
        </div>
      </div>
      <div
        class="rounded-lg border bg-card text-card-foreground shadow-sm"
      >
        <div
          class="p-6 flex flex-row items-center justify-between space-y-0 pb-2"
        >
          <h3
            class="tracking-tight text-lg font-medium"
          >
            System Health
          </h3>
          <div
            class="flex items-center gap-2"
          >
            <button
              class="inline-flex items-center justify-center gap-2 whitespace-nowrap text-sm font-medium ring-offset-background transition-colors focus-visible:outline-none focus-visible:ring-2 focus-visible:ring-ring focus-visible:ring-offset-2 disabled:pointer-events-none disabled:opacity-50 [&_svg]:pointer-events-none [&_svg]:size-...

Ignored nodes: comments, script, style
<html>
  <head />
  <body>
    <div>
      <div
        class="space-y-6"
      >
        <div
          class="rounded-lg border bg-card text-card-foreground shadow-sm"
        >
          <div
            class="flex flex-col space-y-1.5 p-6"
          >
            <h3
              class="tracking-tight text-lg font-medium flex items-center gap-2"
            >
              <svg
                class="lucide lucide-bell h-5 w-5 text-red-600"
                fill="none"
                height="24"
                stroke="currentColor"
                stroke-linecap="round"
                stroke-linejoin="round"
                stroke-width="2"
                viewBox="0 0 24 24"
                width="24"
                xmlns="http://www.w3.org/2000/svg"
              >
                <path
                  d="M10.268 21a2 2 0 0 0 3.464 0"
                />
                <path
                  d="M3.262 15.326A1 1 0 0 0 4 17h16a1 1 0 0 0 .74-1.673C19.41 13.956 18 12.499 18 8A6 6 0 0 0 6 8c0 4.499-1.411 5.956-2.738 7.326"
                />
              </svg>
              Active Alerts (
              2
              )
            </h3>
          </div>
          <div
            class="p-6 pt-0"
          >
            <div
              class="space-y-3"
            >
              <div
                class="flex items-center justify-between p-3 border rounded-lg"
              >
                <div
                  class="flex-1"
                >
                  <div
                    class="flex items-center gap-2 mb-1"
                  >
                    <div
                      class="inline-flex items-center rounded-full border px-2.5 py-0.5 text-xs font-semibold transition-colors focus:outline-none focus:ring-2 focus:ring-ring focus:ring-offset-2 border-transparent hover:bg-primary/80 bg-gray-100 text-gray-800"
                    >
                      WARNING
                    </div>
                    <span
                      class="font-medium"
                    >
                      Memory usage is high (85%)
                    </span>
                  </div>
                  <p
                    class="text-sm text-gray-600"
                  >
                    Value: 
                    85
                     | Threshold: 
                    80
                     | 
                    5:35:32 PM
                  </p>
                </div>
                <button
                  class="inline-flex items-center justify-center gap-2 whitespace-nowrap text-sm font-medium ring-offset-background transition-colors focus-visible:outline-none focus-visible:ring-2 focus-visible:ring-ring focus-visible:ring-offset-2 disabled:pointer-events-none disabled:opacity-50 [&_svg]:pointer-events-none [&_svg]:size-4 [&_svg]:shrink-0 border border-input bg-background hover:bg-accent hover:text-accent-foreground h-9 rounded-md px-3"
                >
                  Acknowledge
                </button>
              </div>
              <div
                class="flex items-center justify-between p-3 border rounded-lg"
              >
                <div
                  class="flex-1"
                >
                  <div
                    class="flex items-center gap-2 mb-1"
                  >
                    <div
                      class="inline-flex items-center rounded-full border px-2.5 py-0.5 text-xs font-semibold transition-colors focus:outline-none focus:ring-2 focus:ring-ring focus:ring-offset-2 border-transparent hover:bg-primary/80 bg-red-100 text-red-800"
                    >
                      CRITICAL
                    </div>
                    <span
                      class="font-medium"
                    >
                      Network latency is critically high (1500ms)
                    </span>
                  </div>
                  <p
                    class="text-sm text-gray-600"
                  >
                    Value: 
                    1500
                     | Threshold: 
                    1000
                     | 
                    5:30:32 PM
                  </p>
                </div>
                <button
                  class="inline-flex items-center justify-center gap-2 whitespace-nowrap text-sm font-medium ring-offset-background transition-colors focus-visible:outline-none focus-visible:ring-2 focus-visible:ring-ring focus-visible:ring-offset-2 disabled:pointer-events-none disabled:opacity-50 [&_svg]:pointer-events-none [&_svg]:size-4 [&_svg]:shrink-0 border border-input bg-background hover:bg-accent hover:text-accent-foreground h-9 rounded-md px-3"
                >
                  Acknowledge
                </button>
              </div>
            </div>
          </div>
        </div>
        <div
          class="rounded-lg border bg-card text-card-foreground shadow-sm"
        >
          <div
            class="p-6 flex flex-row items-center justify-between space-y-0 pb-2"
          >
            <h3
              class="tracking-tight text-lg font-medium"
            >
              System Health
            </h3>
            <div
              class="flex items-center gap-2"
            >
              <button
                class="inl...
 ❯ Proxy.waitForWrapper node_modules/@testing-library/dom/dist/wait-for.js:163:27
 ❯ src/components/HealthCheck.test.tsx:306:13
    304|       render(<HealthCheck />)
    305|       
    306|       await waitFor(() => {
       |             ^
    307|         expect(screen.getByText('5 minutes ago')).toBeInTheDocument()
    308|         expect(screen.getByText('10 minutes ago')).toBeInTheDocument()

⎯⎯⎯⎯⎯⎯⎯⎯⎯⎯⎯⎯⎯⎯⎯⎯⎯⎯⎯⎯⎯[22/218]⎯

 FAIL  src/components/HealthCheck.test.tsx > HealthCheck Component > Active Alerts > should show message when no active alerts
TestingLibraryElementError: Unable to find an element with the text: No active alerts. This could be because the text is broken up by multiple elements. In this case, you can provide a function for your text matcher to make your matcher more flexible.

Ignored nodes: comments, script, style
<body>
  <div>
    <div
      class="space-y-6"
    >
      <div
        class="rounded-lg border bg-card text-card-foreground shadow-sm"
      >
        <div
          class="p-6 flex flex-row items-center justify-between space-y-0 pb-2"
        >
          <h3
            class="tracking-tight text-lg font-medium"
          >
            System Health
          </h3>
          <div
            class="flex items-center gap-2"
          >
            <button
              class="inline-flex items-center justify-center gap-2 whitespace-nowrap text-sm font-medium ring-offset-background transition-colors focus-visible:outline-none focus-visible:ring-2 focus-visible:ring-ring focus-visible:ring-offset-2 disabled:pointer-events-none disabled:opacity-50 [&_svg]:pointer-events-none [&_svg]:size-4 [&_svg]:shrink-0 hover:bg-accent hover:text-accent-foreground h-9 rounded-md px-3 text-green-600"
            >
              Auto-refresh 
              ON
            </button>
            <button
              class="inline-flex items-center justify-center gap-2 whitespace-nowrap text-sm font-medium ring-offset-background transition-colors focus-visible:outline-none focus-visible:ring-2 focus-visible:ring-ring focus-visible:ring-offset-2 disabled:pointer-events-none disabled:opacity-50 [&_svg]:pointer-events-none [&_svg]:size-4 [&_svg]:shrink-0 border border-input bg-background hover:bg-accent hover:text-accent-foreground h-9 rounded-md px-3"
            >
              <svg
                class="lucide lucide-refresh-cw h-4 w-4 mr-2"
                fill="none"
                height="24"
                stroke="currentColor"
                stroke-linecap="round"
                stroke-linejoin="round"
                stroke-width="2"
                viewBox="0 0 24 24"
                width="24"
                xmlns="http://www.w3.org/2000/svg"
              >
                <path
                  d="M3 12a9 9 0 0 1 9-9 9.75 9.75 0 0 1 6.74 2.74L21 8"
                />
                <path
                  d="M21 3v5h-5"
                />
                <path
                  d="M21 12a9 9 0 0 1-9 9 9.75 9.75 0 0 1-6.74-2.74L3 16"
                />
                <path
                  d="M8 16H3v5"
                />
              </svg>
              Refresh
            </button>
          </div>
        </div>
        <div
          class="p-6 pt-0"
        >
          <div
            class="space-y-4"
          >
            <div
              class="flex items-center justify-between"
            >
              <span
                class="text-sm font-medium"
              >
                Overall Status
              </span>
              <div
                class="flex items-center gap-2"
              >
                <svg
                  class="lucide lucide-circle-check-big h-5 w-5 text-green-600"
                  fill="none"
                  height="24"
                  stroke="currentColor"
                  stroke-linecap="round"
                  stroke-linejoin="round"
                  stroke-width="2"
                  viewBox="0 0 24 24"
                  width="24"
                  xmlns="http://www.w3.org/2000/svg"
                >
                  <path
                    d="M21.801 10A10 10 0 1 1 17 3.335"
                  />
                  <path
                    d="m9 11 3 3L22 4"
                  />
                </svg>
                <div
                  class="inline-flex items-center rounded-full border px-2.5 py-0.5 text-xs font-semibold transition-colors focus:outline-none focus:ring-2 focus:ring-ring focus:ring-offset-2 border-transparent hover:bg-primary/80 bg-green-100 text-green-800"
                >
                  HEALTHY
                </div>
              </div>
            </div>
            <div
              class="grid grid-cols-1 md:grid-cols-3 gap-4"
            >
              <div
                class="space-y-2"
              >
                <div
                  class="flex items-center gap-2"
                >
                  <svg
                    class="lucide lucide-database h-4 w-4 text-blue-600"
                    fill="none"
                    height="24"
                    stroke="currentColor"
                    stroke-linecap="round"
                    stroke-linejoin="round"
                    stroke-width="2"
                    viewBox="0 0 24 24"
                    width="24"
                    xmlns="http://www.w3.org/2000/svg"
                  >
                    <ellipse
                      cx="12"
                      cy="5"
                      rx="9"
                      ry="3"
                    />
                    <path
                      d="M3 5V19A9 3 0 0 0 21 19V5"
                    />
                    <path
                      d="M3 12A9 3 0 0 0 21 12"
                    />
                  </svg>
                  <span
                    class="text-sm font-medium"
                  >
                    D...

Ignored nodes: comments, script, style
<html>
  <head />
  <body>
    <div>
      <div
        class="space-y-6"
      >
        <div
          class="rounded-lg border bg-card text-card-foreground shadow-sm"
        >
          <div
            class="p-6 flex flex-row items-center justify-between space-y-0 pb-2"
          >
            <h3
              class="tracking-tight text-lg font-medium"
            >
              System Health
            </h3>
            <div
              class="flex items-center gap-2"
            >
              <button
                class="inline-flex items-center justify-center gap-2 whitespace-nowrap text-sm font-medium ring-offset-background transition-colors focus-visible:outline-none focus-visible:ring-2 focus-visible:ring-ring focus-visible:ring-offset-2 disabled:pointer-events-none disabled:opacity-50 [&_svg]:pointer-events-none [&_svg]:size-4 [&_svg]:shrink-0 hover:bg-accent hover:text-accent-foreground h-9 rounded-md px-3 text-green-600"
              >
                Auto-refresh 
                ON
              </button>
              <button
                class="inline-flex items-center justify-center gap-2 whitespace-nowrap text-sm font-medium ring-offset-background transition-colors focus-visible:outline-none focus-visible:ring-2 focus-visible:ring-ring focus-visible:ring-offset-2 disabled:pointer-events-none disabled:opacity-50 [&_svg]:pointer-events-none [&_svg]:size-4 [&_svg]:shrink-0 border border-input bg-background hover:bg-accent hover:text-accent-foreground h-9 rounded-md px-3"
              >
                <svg
                  class="lucide lucide-refresh-cw h-4 w-4 mr-2"
                  fill="none"
                  height="24"
                  stroke="currentColor"
                  stroke-linecap="round"
                  stroke-linejoin="round"
                  stroke-width="2"
                  viewBox="0 0 24 24"
                  width="24"
                  xmlns="http://www.w3.org/2000/svg"
                >
                  <path
                    d="M3 12a9 9 0 0 1 9-9 9.75 9.75 0 0 1 6.74 2.74L21 8"
                  />
                  <path
                    d="M21 3v5h-5"
                  />
                  <path
                    d="M21 12a9 9 0 0 1-9 9 9.75 9.75 0 0 1-6.74-2.74L3 16"
                  />
                  <path
                    d="M8 16H3v5"
                  />
                </svg>
                Refresh
              </button>
            </div>
          </div>
          <div
            class="p-6 pt-0"
          >
            <div
              class="space-y-4"
            >
              <div
                class="flex items-center justify-between"
              >
                <span
                  class="text-sm font-medium"
                >
                  Overall Status
                </span>
                <div
                  class="flex items-center gap-2"
                >
                  <svg
                    class="lucide lucide-circle-check-big h-5 w-5 text-green-600"
                    fill="none"
                    height="24"
                    stroke="currentColor"
                    stroke-linecap="round"
                    stroke-linejoin="round"
                    stroke-width="2"
                    viewBox="0 0 24 24"
                    width="24"
                    xmlns="http://www.w3.org/2000/svg"
                  >
                    <path
                      d="M21.801 10A10 10 0 1 1 17 3.335"
                    />
                    <path
                      d="m9 11 3 3L22 4"
                    />
                  </svg>
                  <div
                    class="inline-flex items-center rounded-full border px-2.5 py-0.5 text-xs font-semibold transition-colors focus:outline-none focus:ring-2 focus:ring-ring focus:ring-offset-2 border-transparent hover:bg-primary/80 bg-green-100 text-green-800"
                  >
                    HEALTHY
                  </div>
                </div>
              </div>
              <div
                class="grid grid-cols-1 md:grid-cols-3 gap-4"
              >
                <div
                  class="space-y-2"
                >
                  <div
                    class="flex items-center gap-2"
                  >
                    <svg
                      class="lucide lucide-database h-4 w-4 text-blue-600"
                      fill="none"
                      height="24"
                      stroke="currentColor"
                      stroke-linecap="round"
                      stroke-linejoin="round"
                      stroke-width="2"
                      viewBox="0 0 24 24"
                      width="24"
                      xmlns="http://www.w3.org/2000/svg"
                    >
                      <ellipse
                        cx="12"
                        cy="5"
                        rx="9"
                        ry="3"
                      />
                      <path
                        d="M3 5V19A9 3 0 0 0 21 19V5"
                      />
                      <pat...
 ❯ Proxy.waitForWrapper node_modules/@testing-library/dom/dist/wait-for.js:163:27
 ❯ src/components/HealthCheck.test.tsx:328:13
    326|       render(<HealthCheck />)
    327|       
    328|       await waitFor(() => {
       |             ^
    329|         expect(screen.getByText('No active alerts')).toBeInTheDocument…
    330|       })

⎯⎯⎯⎯⎯⎯⎯⎯⎯⎯⎯⎯⎯⎯⎯⎯⎯⎯⎯⎯⎯[23/218]⎯

 FAIL  src/components/HealthCheck.test.tsx > HealthCheck Component > Alert Statistics > should display correct alert statistics
TestingLibraryElementError: Unable to find an element with the text: Active. This could be because the text is broken up by multiple elements. In this case, you can provide a function for your text matcher to make your matcher more flexible.

Ignored nodes: comments, script, style
<body>
  <div>
    <div
      class="space-y-6"
    >
      <div
        class="rounded-lg border bg-card text-card-foreground shadow-sm"
      >
        <div
          class="flex flex-col space-y-1.5 p-6"
        >
          <h3
            class="tracking-tight text-lg font-medium flex items-center gap-2"
          >
            <svg
              class="lucide lucide-bell h-5 w-5 text-red-600"
              fill="none"
              height="24"
              stroke="currentColor"
              stroke-linecap="round"
              stroke-linejoin="round"
              stroke-width="2"
              viewBox="0 0 24 24"
              width="24"
              xmlns="http://www.w3.org/2000/svg"
            >
              <path
                d="M10.268 21a2 2 0 0 0 3.464 0"
              />
              <path
                d="M3.262 15.326A1 1 0 0 0 4 17h16a1 1 0 0 0 .74-1.673C19.41 13.956 18 12.499 18 8A6 6 0 0 0 6 8c0 4.499-1.411 5.956-2.738 7.326"
              />
            </svg>
            Active Alerts (
            2
            )
          </h3>
        </div>
        <div
          class="p-6 pt-0"
        >
          <div
            class="space-y-3"
          >
            <div
              class="flex items-center justify-between p-3 border rounded-lg"
            >
              <div
                class="flex-1"
              >
                <div
                  class="flex items-center gap-2 mb-1"
                >
                  <div
                    class="inline-flex items-center rounded-full border px-2.5 py-0.5 text-xs font-semibold transition-colors focus:outline-none focus:ring-2 focus:ring-ring focus:ring-offset-2 border-transparent hover:bg-primary/80 bg-gray-100 text-gray-800"
                  >
                    WARNING
                  </div>
                  <span
                    class="font-medium"
                  >
                    Memory usage is high (85%)
                  </span>
                </div>
                <p
                  class="text-sm text-gray-600"
                >
                  Value: 
                  85
                   | Threshold: 
                  80
                   | 
                  5:35:32 PM
                </p>
              </div>
              <button
                class="inline-flex items-center justify-center gap-2 whitespace-nowrap text-sm font-medium ring-offset-background transition-colors focus-visible:outline-none focus-visible:ring-2 focus-visible:ring-ring focus-visible:ring-offset-2 disabled:pointer-events-none disabled:opacity-50 [&_svg]:pointer-events-none [&_svg]:size-4 [&_svg]:shrink-0 border border-input bg-background hover:bg-accent hover:text-accent-foreground h-9 rounded-md px-3"
              >
                Acknowledge
              </button>
            </div>
            <div
              class="flex items-center justify-between p-3 border rounded-lg"
            >
              <div
                class="flex-1"
              >
                <div
                  class="flex items-center gap-2 mb-1"
                >
                  <div
                    class="inline-flex items-center rounded-full border px-2.5 py-0.5 text-xs font-semibold transition-colors focus:outline-none focus:ring-2 focus:ring-ring focus:ring-offset-2 border-transparent hover:bg-primary/80 bg-red-100 text-red-800"
                  >
                    CRITICAL
                  </div>
                  <span
                    class="font-medium"
                  >
                    Network latency is critically high (1500ms)
                  </span>
                </div>
                <p
                  class="text-sm text-gray-600"
                >
                  Value: 
                  1500
                   | Threshold: 
                  1000
                   | 
                  5:30:32 PM
                </p>
              </div>
              <button
                class="inline-flex items-center justify-center gap-2 whitespace-nowrap text-sm font-medium ring-offset-background transition-colors focus-visible:outline-none focus-visible:ring-2 focus-visible:ring-ring focus-visible:ring-offset-2 disabled:pointer-events-none disabled:opacity-50 [&_svg]:pointer-events-none [&_svg]:size-4 [&_svg]:shrink-0 border border-input bg-background hover:bg-accent hover:text-accent-foreground h-9 rounded-md px-3"
              >
                Acknowledge
              </button>
            </div>
          </div>
        </div>
      </div>
      <div
        class="rounded-lg border bg-card text-card-foreground shadow-sm"
      >
        <div
          class="p-6 flex flex-row items-center justify-between space-y-0 pb-2"
        >
          <h3
            class="tracking-tight text-lg font-medium"
          >
            System Health
          </h3>
          <div
            class="flex items-center gap-2"
          >
            <button
              class="inline-flex items-center justify-center gap-2 whitespace-nowrap text-sm font-medium ring-offset-background transition-colors focus-visible:outline-none focus-visible:ring-2 focus-visible:ring-ring focus-visible:ring-offset-2 disabled:pointer-events-none disabled:opacity-50 [&_svg]:pointer-events-none [&_svg]:size-...

Ignored nodes: comments, script, style
<html>
  <head />
  <body>
    <div>
      <div
        class="space-y-6"
      >
        <div
          class="rounded-lg border bg-card text-card-foreground shadow-sm"
        >
          <div
            class="flex flex-col space-y-1.5 p-6"
          >
            <h3
              class="tracking-tight text-lg font-medium flex items-center gap-2"
            >
              <svg
                class="lucide lucide-bell h-5 w-5 text-red-600"
                fill="none"
                height="24"
                stroke="currentColor"
                stroke-linecap="round"
                stroke-linejoin="round"
                stroke-width="2"
                viewBox="0 0 24 24"
                width="24"
                xmlns="http://www.w3.org/2000/svg"
              >
                <path
                  d="M10.268 21a2 2 0 0 0 3.464 0"
                />
                <path
                  d="M3.262 15.326A1 1 0 0 0 4 17h16a1 1 0 0 0 .74-1.673C19.41 13.956 18 12.499 18 8A6 6 0 0 0 6 8c0 4.499-1.411 5.956-2.738 7.326"
                />
              </svg>
              Active Alerts (
              2
              )
            </h3>
          </div>
          <div
            class="p-6 pt-0"
          >
            <div
              class="space-y-3"
            >
              <div
                class="flex items-center justify-between p-3 border rounded-lg"
              >
                <div
                  class="flex-1"
                >
                  <div
                    class="flex items-center gap-2 mb-1"
                  >
                    <div
                      class="inline-flex items-center rounded-full border px-2.5 py-0.5 text-xs font-semibold transition-colors focus:outline-none focus:ring-2 focus:ring-ring focus:ring-offset-2 border-transparent hover:bg-primary/80 bg-gray-100 text-gray-800"
                    >
                      WARNING
                    </div>
                    <span
                      class="font-medium"
                    >
                      Memory usage is high (85%)
                    </span>
                  </div>
                  <p
                    class="text-sm text-gray-600"
                  >
                    Value: 
                    85
                     | Threshold: 
                    80
                     | 
                    5:35:32 PM
                  </p>
                </div>
                <button
                  class="inline-flex items-center justify-center gap-2 whitespace-nowrap text-sm font-medium ring-offset-background transition-colors focus-visible:outline-none focus-visible:ring-2 focus-visible:ring-ring focus-visible:ring-offset-2 disabled:pointer-events-none disabled:opacity-50 [&_svg]:pointer-events-none [&_svg]:size-4 [&_svg]:shrink-0 border border-input bg-background hover:bg-accent hover:text-accent-foreground h-9 rounded-md px-3"
                >
                  Acknowledge
                </button>
              </div>
              <div
                class="flex items-center justify-between p-3 border rounded-lg"
              >
                <div
                  class="flex-1"
                >
                  <div
                    class="flex items-center gap-2 mb-1"
                  >
                    <div
                      class="inline-flex items-center rounded-full border px-2.5 py-0.5 text-xs font-semibold transition-colors focus:outline-none focus:ring-2 focus:ring-ring focus:ring-offset-2 border-transparent hover:bg-primary/80 bg-red-100 text-red-800"
                    >
                      CRITICAL
                    </div>
                    <span
                      class="font-medium"
                    >
                      Network latency is critically high (1500ms)
                    </span>
                  </div>
                  <p
                    class="text-sm text-gray-600"
                  >
                    Value: 
                    1500
                     | Threshold: 
                    1000
                     | 
                    5:30:32 PM
                  </p>
                </div>
                <button
                  class="inline-flex items-center justify-center gap-2 whitespace-nowrap text-sm font-medium ring-offset-background transition-colors focus-visible:outline-none focus-visible:ring-2 focus-visible:ring-ring focus-visible:ring-offset-2 disabled:pointer-events-none disabled:opacity-50 [&_svg]:pointer-events-none [&_svg]:size-4 [&_svg]:shrink-0 border border-input bg-background hover:bg-accent hover:text-accent-foreground h-9 rounded-md px-3"
                >
                  Acknowledge
                </button>
              </div>
            </div>
          </div>
        </div>
        <div
          class="rounded-lg border bg-card text-card-foreground shadow-sm"
        >
          <div
            class="p-6 flex flex-row items-center justify-between space-y-0 pb-2"
          >
            <h3
              class="tracking-tight text-lg font-medium"
            >
              System Health
            </h3>
            <div
              class="flex items-center gap-2"
            >
              <button
                class="inl...
 ❯ Proxy.waitForWrapper node_modules/@testing-library/dom/dist/wait-for.js:163:27
 ❯ src/components/HealthCheck.test.tsx:338:13
    336|       render(<HealthCheck />)
    337|       
    338|       await waitFor(() => {
       |             ^
    339|         expect(screen.getByText('Total Alerts')).toBeInTheDocument()
    340|         expect(screen.getByText('5')).toBeInTheDocument()

⎯⎯⎯⎯⎯⎯⎯⎯⎯⎯⎯⎯⎯⎯⎯⎯⎯⎯⎯⎯⎯[24/218]⎯

 FAIL  src/components/HealthCheck.test.tsx > HealthCheck Component > Data Refresh > should refresh data when refresh button is clicked
AssertionError: expected "spy" to be called 2 times, but got 1 times
 ❯ src/components/HealthCheck.test.tsx:363:52
    361|       })
    362| 
    363|       expect(monitoring.collectPerformanceMetrics).toHaveBeenCalledTim…
       |                                                    ^
    364|     })
    365| 

⎯⎯⎯⎯⎯⎯⎯⎯⎯⎯⎯⎯⎯⎯⎯⎯⎯⎯⎯⎯⎯[25/218]⎯

 FAIL  src/components/HealthCheck.test.tsx > HealthCheck Component > Data Refresh > should log user action when refresh is clicked
AssertionError: expected "spy" to be called with arguments: [ 'health_check_refresh' ]

Number of calls: 0

 ❯ src/components/HealthCheck.test.tsx:374:40
    372|       })
    373| 
    374|       expect(monitoring.logUserAction).toHaveBeenCalledWith('health_ch…
       |                                        ^
    375|     })
    376|   })

⎯⎯⎯⎯⎯⎯⎯⎯⎯⎯⎯⎯⎯⎯⎯⎯⎯⎯⎯⎯⎯[26/218]⎯

 FAIL  src/components/HealthCheck.test.tsx > HealthCheck Component > Error Handling > should handle metrics collection errors gracefully
TestingLibraryElementError: Unable to find an element with the text: Error loading metrics. This could be because the text is broken up by multiple elements. In this case, you can provide a function for your text matcher to make your matcher more flexible.

Ignored nodes: comments, script, style
<body>
  <div>
    <div
      class="space-y-6"
    >
      <div
        class="rounded-lg border bg-card text-card-foreground shadow-sm"
      >
        <div
          class="p-6 flex flex-row items-center justify-between space-y-0 pb-2"
        >
          <h3
            class="tracking-tight text-lg font-medium"
          >
            System Health
          </h3>
          <div
            class="flex items-center gap-2"
          >
            <button
              class="inline-flex items-center justify-center gap-2 whitespace-nowrap text-sm font-medium ring-offset-background transition-colors focus-visible:outline-none focus-visible:ring-2 focus-visible:ring-ring focus-visible:ring-offset-2 disabled:pointer-events-none disabled:opacity-50 [&_svg]:pointer-events-none [&_svg]:size-4 [&_svg]:shrink-0 hover:bg-accent hover:text-accent-foreground h-9 rounded-md px-3 text-green-600"
            >
              Auto-refresh 
              ON
            </button>
            <button
              class="inline-flex items-center justify-center gap-2 whitespace-nowrap text-sm font-medium ring-offset-background transition-colors focus-visible:outline-none focus-visible:ring-2 focus-visible:ring-ring focus-visible:ring-offset-2 disabled:pointer-events-none disabled:opacity-50 [&_svg]:pointer-events-none [&_svg]:size-4 [&_svg]:shrink-0 border border-input bg-background hover:bg-accent hover:text-accent-foreground h-9 rounded-md px-3"
            >
              <svg
                class="lucide lucide-refresh-cw h-4 w-4 mr-2"
                fill="none"
                height="24"
                stroke="currentColor"
                stroke-linecap="round"
                stroke-linejoin="round"
                stroke-width="2"
                viewBox="0 0 24 24"
                width="24"
                xmlns="http://www.w3.org/2000/svg"
              >
                <path
                  d="M3 12a9 9 0 0 1 9-9 9.75 9.75 0 0 1 6.74 2.74L21 8"
                />
                <path
                  d="M21 3v5h-5"
                />
                <path
                  d="M21 12a9 9 0 0 1-9 9 9.75 9.75 0 0 1-6.74-2.74L3 16"
                />
                <path
                  d="M8 16H3v5"
                />
              </svg>
              Refresh
            </button>
          </div>
        </div>
        <div
          class="p-6 pt-0"
        >
          <div
            class="text-center py-8"
          >
            <p
              class="text-gray-500"
            >
              Loading health data...
            </p>
          </div>
        </div>
      </div>
    </div>
  </div>
</body>

Ignored nodes: comments, script, style
<html>
  <head />
  <body>
    <div>
      <div
        class="space-y-6"
      >
        <div
          class="rounded-lg border bg-card text-card-foreground shadow-sm"
        >
          <div
            class="p-6 flex flex-row items-center justify-between space-y-0 pb-2"
          >
            <h3
              class="tracking-tight text-lg font-medium"
            >
              System Health
            </h3>
            <div
              class="flex items-center gap-2"
            >
              <button
                class="inline-flex items-center justify-center gap-2 whitespace-nowrap text-sm font-medium ring-offset-background transition-colors focus-visible:outline-none focus-visible:ring-2 focus-visible:ring-ring focus-visible:ring-offset-2 disabled:pointer-events-none disabled:opacity-50 [&_svg]:pointer-events-none [&_svg]:size-4 [&_svg]:shrink-0 hover:bg-accent hover:text-accent-foreground h-9 rounded-md px-3 text-green-600"
              >
                Auto-refresh 
                ON
              </button>
              <button
                class="inline-flex items-center justify-center gap-2 whitespace-nowrap text-sm font-medium ring-offset-background transition-colors focus-visible:outline-none focus-visible:ring-2 focus-visible:ring-ring focus-visible:ring-offset-2 disabled:pointer-events-none disabled:opacity-50 [&_svg]:pointer-events-none [&_svg]:size-4 [&_svg]:shrink-0 border border-input bg-background hover:bg-accent hover:text-accent-foreground h-9 rounded-md px-3"
              >
                <svg
                  class="lucide lucide-refresh-cw h-4 w-4 mr-2"
                  fill="none"
                  height="24"
                  stroke="currentColor"
                  stroke-linecap="round"
                  stroke-linejoin="round"
                  stroke-width="2"
                  viewBox="0 0 24 24"
                  width="24"
                  xmlns="http://www.w3.org/2000/svg"
                >
                  <path
                    d="M3 12a9 9 0 0 1 9-9 9.75 9.75 0 0 1 6.74 2.74L21 8"
                  />
                  <path
                    d="M21 3v5h-5"
                  />
                  <path
                    d="M21 12a9 9 0 0 1-9 9 9.75 9.75 0 0 1-6.74-2.74L3 16"
                  />
                  <path
                    d="M8 16H3v5"
                  />
                </svg>
                Refresh
              </button>
            </div>
          </div>
          <div
            class="p-6 pt-0"
          >
            <div
              class="text-center py-8"
            >
              <p
                class="text-gray-500"
              >
                Loading health data...
              </p>
            </div>
          </div>
        </div>
      </div>
    </div>
  </body>
</html>
 ❯ Proxy.waitForWrapper node_modules/@testing-library/dom/dist/wait-for.js:163:27
 ❯ src/components/HealthCheck.test.tsx:384:13
    382|       render(<HealthCheck />)
    383|       
    384|       await waitFor(() => {
       |             ^
    385|         expect(screen.getByText('Error loading metrics')).toBeInTheDoc…
    386|       })

⎯⎯⎯⎯⎯⎯⎯⎯⎯⎯⎯⎯⎯⎯⎯⎯⎯⎯⎯⎯⎯[27/218]⎯

 FAIL  src/components/HealthCheck.test.tsx > HealthCheck Component > Error Handling > should handle missing performance API gracefully
TestingLibraryElementError: Unable to find an element with the text: N/A. This could be because the text is broken up by multiple elements. In this case, you can provide a function for your text matcher to make your matcher more flexible.

Ignored nodes: comments, script, style
<body>
  <div>
    <div
      class="space-y-6"
    >
      <div
        class="rounded-lg border bg-card text-card-foreground shadow-sm"
      >
        <div
          class="flex flex-col space-y-1.5 p-6"
        >
          <h3
            class="tracking-tight text-lg font-medium flex items-center gap-2"
          >
            <svg
              class="lucide lucide-bell h-5 w-5 text-red-600"
              fill="none"
              height="24"
              stroke="currentColor"
              stroke-linecap="round"
              stroke-linejoin="round"
              stroke-width="2"
              viewBox="0 0 24 24"
              width="24"
              xmlns="http://www.w3.org/2000/svg"
            >
              <path
                d="M10.268 21a2 2 0 0 0 3.464 0"
              />
              <path
                d="M3.262 15.326A1 1 0 0 0 4 17h16a1 1 0 0 0 .74-1.673C19.41 13.956 18 12.499 18 8A6 6 0 0 0 6 8c0 4.499-1.411 5.956-2.738 7.326"
              />
            </svg>
            Active Alerts (
            2
            )
          </h3>
        </div>
        <div
          class="p-6 pt-0"
        >
          <div
            class="space-y-3"
          >
            <div
              class="flex items-center justify-between p-3 border rounded-lg"
            >
              <div
                class="flex-1"
              >
                <div
                  class="flex items-center gap-2 mb-1"
                >
                  <div
                    class="inline-flex items-center rounded-full border px-2.5 py-0.5 text-xs font-semibold transition-colors focus:outline-none focus:ring-2 focus:ring-ring focus:ring-offset-2 border-transparent hover:bg-primary/80 bg-gray-100 text-gray-800"
                  >
                    WARNING
                  </div>
                  <span
                    class="font-medium"
                  >
                    Memory usage is high (85%)
                  </span>
                </div>
                <p
                  class="text-sm text-gray-600"
                >
                  Value: 
                  85
                   | Threshold: 
                  80
                   | 
                  5:35:32 PM
                </p>
              </div>
              <button
                class="inline-flex items-center justify-center gap-2 whitespace-nowrap text-sm font-medium ring-offset-background transition-colors focus-visible:outline-none focus-visible:ring-2 focus-visible:ring-ring focus-visible:ring-offset-2 disabled:pointer-events-none disabled:opacity-50 [&_svg]:pointer-events-none [&_svg]:size-4 [&_svg]:shrink-0 border border-input bg-background hover:bg-accent hover:text-accent-foreground h-9 rounded-md px-3"
              >
                Acknowledge
              </button>
            </div>
            <div
              class="flex items-center justify-between p-3 border rounded-lg"
            >
              <div
                class="flex-1"
              >
                <div
                  class="flex items-center gap-2 mb-1"
                >
                  <div
                    class="inline-flex items-center rounded-full border px-2.5 py-0.5 text-xs font-semibold transition-colors focus:outline-none focus:ring-2 focus:ring-ring focus:ring-offset-2 border-transparent hover:bg-primary/80 bg-red-100 text-red-800"
                  >
                    CRITICAL
                  </div>
                  <span
                    class="font-medium"
                  >
                    Network latency is critically high (1500ms)
                  </span>
                </div>
                <p
                  class="text-sm text-gray-600"
                >
                  Value: 
                  1500
                   | Threshold: 
                  1000
                   | 
                  5:30:32 PM
                </p>
              </div>
              <button
                class="inline-flex items-center justify-center gap-2 whitespace-nowrap text-sm font-medium ring-offset-background transition-colors focus-visible:outline-none focus-visible:ring-2 focus-visible:ring-ring focus-visible:ring-offset-2 disabled:pointer-events-none disabled:opacity-50 [&_svg]:pointer-events-none [&_svg]:size-4 [&_svg]:shrink-0 border border-input bg-background hover:bg-accent hover:text-accent-foreground h-9 rounded-md px-3"
              >
                Acknowledge
              </button>
            </div>
          </div>
        </div>
      </div>
      <div
        class="rounded-lg border bg-card text-card-foreground shadow-sm"
      >
        <div
          class="p-6 flex flex-row items-center justify-between space-y-0 pb-2"
        >
          <h3
            class="tracking-tight text-lg font-medium"
          >
            System Health
          </h3>
          <div
            class="flex items-center gap-2"
          >
            <button
              class="inline-flex items-center justify-center gap-2 whitespace-nowrap text-sm font-medium ring-offset-background transition-colors focus-visible:outline-none focus-visible:ring-2 focus-visible:ring-ring focus-visible:ring-offset-2 disabled:pointer-events-none disabled:opacity-50 [&_svg]:pointer-events-none [&_svg]:size-...

Ignored nodes: comments, script, style
<html>
  <head />
  <body>
    <div>
      <div
        class="space-y-6"
      >
        <div
          class="rounded-lg border bg-card text-card-foreground shadow-sm"
        >
          <div
            class="flex flex-col space-y-1.5 p-6"
          >
            <h3
              class="tracking-tight text-lg font-medium flex items-center gap-2"
            >
              <svg
                class="lucide lucide-bell h-5 w-5 text-red-600"
                fill="none"
                height="24"
                stroke="currentColor"
                stroke-linecap="round"
                stroke-linejoin="round"
                stroke-width="2"
                viewBox="0 0 24 24"
                width="24"
                xmlns="http://www.w3.org/2000/svg"
              >
                <path
                  d="M10.268 21a2 2 0 0 0 3.464 0"
                />
                <path
                  d="M3.262 15.326A1 1 0 0 0 4 17h16a1 1 0 0 0 .74-1.673C19.41 13.956 18 12.499 18 8A6 6 0 0 0 6 8c0 4.499-1.411 5.956-2.738 7.326"
                />
              </svg>
              Active Alerts (
              2
              )
            </h3>
          </div>
          <div
            class="p-6 pt-0"
          >
            <div
              class="space-y-3"
            >
              <div
                class="flex items-center justify-between p-3 border rounded-lg"
              >
                <div
                  class="flex-1"
                >
                  <div
                    class="flex items-center gap-2 mb-1"
                  >
                    <div
                      class="inline-flex items-center rounded-full border px-2.5 py-0.5 text-xs font-semibold transition-colors focus:outline-none focus:ring-2 focus:ring-ring focus:ring-offset-2 border-transparent hover:bg-primary/80 bg-gray-100 text-gray-800"
                    >
                      WARNING
                    </div>
                    <span
                      class="font-medium"
                    >
                      Memory usage is high (85%)
                    </span>
                  </div>
                  <p
                    class="text-sm text-gray-600"
                  >
                    Value: 
                    85
                     | Threshold: 
                    80
                     | 
                    5:35:32 PM
                  </p>
                </div>
                <button
                  class="inline-flex items-center justify-center gap-2 whitespace-nowrap text-sm font-medium ring-offset-background transition-colors focus-visible:outline-none focus-visible:ring-2 focus-visible:ring-ring focus-visible:ring-offset-2 disabled:pointer-events-none disabled:opacity-50 [&_svg]:pointer-events-none [&_svg]:size-4 [&_svg]:shrink-0 border border-input bg-background hover:bg-accent hover:text-accent-foreground h-9 rounded-md px-3"
                >
                  Acknowledge
                </button>
              </div>
              <div
                class="flex items-center justify-between p-3 border rounded-lg"
              >
                <div
                  class="flex-1"
                >
                  <div
                    class="flex items-center gap-2 mb-1"
                  >
                    <div
                      class="inline-flex items-center rounded-full border px-2.5 py-0.5 text-xs font-semibold transition-colors focus:outline-none focus:ring-2 focus:ring-ring focus:ring-offset-2 border-transparent hover:bg-primary/80 bg-red-100 text-red-800"
                    >
                      CRITICAL
                    </div>
                    <span
                      class="font-medium"
                    >
                      Network latency is critically high (1500ms)
                    </span>
                  </div>
                  <p
                    class="text-sm text-gray-600"
                  >
                    Value: 
                    1500
                     | Threshold: 
                    1000
                     | 
                    5:30:32 PM
                  </p>
                </div>
                <button
                  class="inline-flex items-center justify-center gap-2 whitespace-nowrap text-sm font-medium ring-offset-background transition-colors focus-visible:outline-none focus-visible:ring-2 focus-visible:ring-ring focus-visible:ring-offset-2 disabled:pointer-events-none disabled:opacity-50 [&_svg]:pointer-events-none [&_svg]:size-4 [&_svg]:shrink-0 border border-input bg-background hover:bg-accent hover:text-accent-foreground h-9 rounded-md px-3"
                >
                  Acknowledge
                </button>
              </div>
            </div>
          </div>
        </div>
        <div
          class="rounded-lg border bg-card text-card-foreground shadow-sm"
        >
          <div
            class="p-6 flex flex-row items-center justify-between space-y-0 pb-2"
          >
            <h3
              class="tracking-tight text-lg font-medium"
            >
              System Health
            </h3>
            <div
              class="flex items-center gap-2"
            >
              <button
                class="inl...
 ❯ Proxy.waitForWrapper node_modules/@testing-library/dom/dist/wait-for.js:163:27
 ❯ src/components/HealthCheck.test.tsx:395:13
    393|       render(<HealthCheck />)
    394|       
    395|       await waitFor(() => {
       |             ^
    396|         expect(screen.getByText('Memory Usage')).toBeInTheDocument()
    397|         expect(screen.getByText('N/A')).toBeInTheDocument()

⎯⎯⎯⎯⎯⎯⎯⎯⎯⎯⎯⎯⎯⎯⎯⎯⎯⎯⎯⎯⎯[28/218]⎯

 FAIL  src/components/HealthCheck.test.tsx > HealthCheck Component > Accessibility > should have proper ARIA labels
TestingLibraryElementError: Found multiple elements with the role "button" and name `/refresh/i`

Here are the matching elements:

Ignored nodes: comments, script, style
<button
  class="inline-flex items-center justify-center gap-2 whitespace-nowrap text-sm font-medium ring-offset-background transition-colors focus-visible:outline-none focus-visible:ring-2 focus-visible:ring-ring focus-visible:ring-offset-2 disabled:pointer-events-none disabled:opacity-50 [&_svg]:pointer-events-none [&_svg]:size-4 [&_svg]:shrink-0 hover:bg-accent hover:text-accent-foreground h-9 rounded-md px-3 text-green-600"
>
  Auto-refresh 
  ON
</button>

Ignored nodes: comments, script, style
<button
  class="inline-flex items-center justify-center gap-2 whitespace-nowrap text-sm font-medium ring-offset-background transition-colors focus-visible:outline-none focus-visible:ring-2 focus-visible:ring-ring focus-visible:ring-offset-2 disabled:pointer-events-none disabled:opacity-50 [&_svg]:pointer-events-none [&_svg]:size-4 [&_svg]:shrink-0 border border-input bg-background hover:bg-accent hover:text-accent-foreground h-9 rounded-md px-3"
>
  <svg
    class="lucide lucide-refresh-cw h-4 w-4 mr-2"
    fill="none"
    height="24"
    stroke="currentColor"
    stroke-linecap="round"
    stroke-linejoin="round"
    stroke-width="2"
    viewBox="0 0 24 24"
    width="24"
    xmlns="http://www.w3.org/2000/svg"
  >
    <path
      d="M3 12a9 9 0 0 1 9-9 9.75 9.75 0 0 1 6.74 2.74L21 8"
    />
    <path
      d="M21 3v5h-5"
    />
    <path
      d="M21 12a9 9 0 0 1-9 9 9.75 9.75 0 0 1-6.74-2.74L3 16"
    />
    <path
      d="M8 16H3v5"
    />
  </svg>
  Refresh
</button>

(If this is intentional, then use the `*AllBy*` variant of the query (like `queryAllByText`, `getAllByText`, or `findAllByText`)).

Ignored nodes: comments, script, style
<body>
  <div>
    <div
      class="space-y-6"
    >
      <div
        class="rounded-lg border bg-card text-card-foreground shadow-sm"
      >
        <div
          class="flex flex-col space-y-1.5 p-6"
        >
          <h3
            class="tracking-tight text-lg font-medium flex items-center gap-2"
          >
            <svg
              class="lucide lucide-bell h-5 w-5 text-red-600"
              fill="none"
              height="24"
              stroke="currentColor"
              stroke-linecap="round"
              stroke-linejoin="round"
              stroke-width="2"
              viewBox="0 0 24 24"
              width="24"
              xmlns="http://www.w3.org/2000/svg"
            >
              <path
                d="M10.268 21a2 2 0 0 0 3.464 0"
              />
              <path
                d="M3.262 15.326A1 1 0 0 0 4 17h16a1 1 0 0 0 .74-1.673C19.41 13.956 18 12.499 18 8A6 6 0 0 0 6 8c0 4.499-1.411 5.956-2.738 7.326"
              />
            </svg>
            Active Alerts (
            2
            )
          </h3>
        </div>
        <div
          class="p-6 pt-0"
        >
          <div
            class="space-y-3"
          >
            <div
              class="flex items-center justify-between p-3 border rounded-lg"
            >
              <div
                class="flex-1"
              >
                <div
                  class="flex items-center gap-2 mb-1"
                >
                  <div
                    class="inline-flex items-center rounded-full border px-2.5 py-0.5 text-xs font-semibold transition-colors focus:outline-none focus:ring-2 focus:ring-ring focus:ring-offset-2 border-transparent hover:bg-primary/80 bg-gray-100 text-gray-800"
                  >
                    WARNING
                  </div>
                  <span
                    class="font-medium"
                  >
                    Memory usage is high (85%)
                  </span>
                </div>
                <p
                  class="text-sm text-gray-600"
                >
                  Value: 
                  85
                   | Threshold: 
                  80
                   | 
                  5:35:32 PM
                </p>
              </div>
              <button
                class="inline-flex items-center justify-center gap-2 whitespace-nowrap text-sm font-medium ring-offset-background transition-colors focus-visible:outline-none focus-visible:ring-2 focus-visible:ring-ring focus-visible:ring-offset-2 disabled:pointer-events-none disabled:opacity-50 [&_svg]:pointer-events-none [&_svg]:size-4 [&_svg]:shrink-0 border border-input bg-background hover:bg-accent hover:text-accent-foreground h-9 rounded-md px-3"
              >
                Acknowledge
              </button>
            </div>
            <div
              class="flex items-center justify-between p-3 border rounded-lg"
            >
              <div
                class="flex-1"
              >
                <div
                  class="flex items-center gap-2 mb-1"
                >
                  <div
                    class="inline-flex items-center rounded-full border px-2.5 py-0.5 text-xs font-semibold transition-colors focus:outline-none focus:ring-2 focus:ring-ring focus:ring-offset-2 border-transparent hover:bg-primary/80 bg-red-100 text-red-800"
                  >
                    CRITICAL
                  </div>
                  <span
                    class="font-medium"
                  >
                    Network latency is critically high (1500ms)
                  </span>
                </div>
                <p
                  class="text-sm text-gray-600"
                >
                  Value: 
                  1500
                   | Threshold: 
                  1000
                   | 
                  5:30:32 PM
                </p>
              </div>
              <button
                class="inline-flex items-center justify-center gap-2 whitespace-nowrap text-sm font-medium ring-offset-background transition-colors focus-visible:outline-none focus-visible:ring-2 focus-visible:ring-ring focus-visible:ring-offset-2 disabled:pointer-events-none disabled:opacity-50 [&_svg]:pointer-events-none [&_svg]:size-4 [&_svg]:shrink-0 border border-input bg-background hover:bg-accent hover:text-accent-foreground h-9 rounded-md px-3"
              >
                Acknowledge
              </button>
            </div>
          </div>
        </div>
      </div>
      <div
        class="rounded-lg border bg-card text-card-foreground shadow-sm"
      >
        <div
          class="p-6 flex flex-row items-center justify-between space-y-0 pb-2"
        >
          <h3
            class="tracking-tight text-lg font-medium"
          >
            System Health
          </h3>
          <div
            class="flex items-center gap-2"
          >
            <button
              class="inline-flex items-center justify-center gap-2 whitespace-nowrap text-sm font-medium ring-offset-background transition-colors focus-visible:outline-none focus-visible:ring-2 focus-visible:ring-ring focus-visible:ring-offset-2 disabled:pointer-events-none disabled:opacity-50 [&_svg]:pointer-events-none [&_svg]:size-...

Ignored nodes: comments, script, style
<html>
  <head />
  <body>
    <div>
      <div
        class="space-y-6"
      >
        <div
          class="rounded-lg border bg-card text-card-foreground shadow-sm"
        >
          <div
            class="flex flex-col space-y-1.5 p-6"
          >
            <h3
              class="tracking-tight text-lg font-medium flex items-center gap-2"
            >
              <svg
                class="lucide lucide-bell h-5 w-5 text-red-600"
                fill="none"
                height="24"
                stroke="currentColor"
                stroke-linecap="round"
                stroke-linejoin="round"
                stroke-width="2"
                viewBox="0 0 24 24"
                width="24"
                xmlns="http://www.w3.org/2000/svg"
              >
                <path
                  d="M10.268 21a2 2 0 0 0 3.464 0"
                />
                <path
                  d="M3.262 15.326A1 1 0 0 0 4 17h16a1 1 0 0 0 .74-1.673C19.41 13.956 18 12.499 18 8A6 6 0 0 0 6 8c0 4.499-1.411 5.956-2.738 7.326"
                />
              </svg>
              Active Alerts (
              2
              )
            </h3>
          </div>
          <div
            class="p-6 pt-0"
          >
            <div
              class="space-y-3"
            >
              <div
                class="flex items-center justify-between p-3 border rounded-lg"
              >
                <div
                  class="flex-1"
                >
                  <div
                    class="flex items-center gap-2 mb-1"
                  >
                    <div
                      class="inline-flex items-center rounded-full border px-2.5 py-0.5 text-xs font-semibold transition-colors focus:outline-none focus:ring-2 focus:ring-ring focus:ring-offset-2 border-transparent hover:bg-primary/80 bg-gray-100 text-gray-800"
                    >
                      WARNING
                    </div>
                    <span
                      class="font-medium"
                    >
                      Memory usage is high (85%)
                    </span>
                  </div>
                  <p
                    class="text-sm text-gray-600"
                  >
                    Value: 
                    85
                     | Threshold: 
                    80
                     | 
                    5:35:32 PM
                  </p>
                </div>
                <button
                  class="inline-flex items-center justify-center gap-2 whitespace-nowrap text-sm font-medium ring-offset-background transition-colors focus-visible:outline-none focus-visible:ring-2 focus-visible:ring-ring focus-visible:ring-offset-2 disabled:pointer-events-none disabled:opacity-50 [&_svg]:pointer-events-none [&_svg]:size-4 [&_svg]:shrink-0 border border-input bg-background hover:bg-accent hover:text-accent-foreground h-9 rounded-md px-3"
                >
                  Acknowledge
                </button>
              </div>
              <div
                class="flex items-center justify-between p-3 border rounded-lg"
              >
                <div
                  class="flex-1"
                >
                  <div
                    class="flex items-center gap-2 mb-1"
                  >
                    <div
                      class="inline-flex items-center rounded-full border px-2.5 py-0.5 text-xs font-semibold transition-colors focus:outline-none focus:ring-2 focus:ring-ring focus:ring-offset-2 border-transparent hover:bg-primary/80 bg-red-100 text-red-800"
                    >
                      CRITICAL
                    </div>
                    <span
                      class="font-medium"
                    >
                      Network latency is critically high (1500ms)
                    </span>
                  </div>
                  <p
                    class="text-sm text-gray-600"
                  >
                    Value: 
                    1500
                     | Threshold: 
                    1000
                     | 
                    5:30:32 PM
                  </p>
                </div>
                <button
                  class="inline-flex items-center justify-center gap-2 whitespace-nowrap text-sm font-medium ring-offset-background transition-colors focus-visible:outline-none focus-visible:ring-2 focus-visible:ring-ring focus-visible:ring-offset-2 disabled:pointer-events-none disabled:opacity-50 [&_svg]:pointer-events-none [&_svg]:size-4 [&_svg]:shrink-0 border border-input bg-background hover:bg-accent hover:text-accent-foreground h-9 rounded-md px-3"
                >
                  Acknowledge
                </button>
              </div>
            </div>
          </div>
        </div>
        <div
          class="rounded-lg border bg-card text-card-foreground shadow-sm"
        >
          <div
            class="p-6 flex flex-row items-center justify-between space-y-0 pb-2"
          >
            <h3
              class="tracking-tight text-lg font-medium"
            >
              System Health
            </h3>
            <div
              class="flex items-center gap-2"
            >
              <button
                class="inl...
 ❯ Proxy.waitForWrapper node_modules/@testing-library/dom/dist/wait-for.js:163:27
 ❯ src/components/HealthCheck.test.tsx:406:13
    404|       render(<HealthCheck />)
    405|       
    406|       await waitFor(() => {
       |             ^
    407|         expect(screen.getByRole('button', { name: /refresh/i })).toBeI…
    408|         expect(screen.getAllByRole('button', { name: /acknowledge/i })…

⎯⎯⎯⎯⎯⎯⎯⎯⎯⎯⎯⎯⎯⎯⎯⎯⎯⎯⎯⎯⎯[29/218]⎯

 FAIL  src/components/HealthCheck.test.tsx > HealthCheck Component > Accessibility > should have proper heading structure
TestingLibraryElementError: Unable to find role="heading" and name "System Health Check"

Ignored nodes: comments, script, style
<body>
  <div>
    <div
      class="space-y-6"
    >
      <div
        class="rounded-lg border bg-card text-card-foreground shadow-sm"
      >
        <div
          class="flex flex-col space-y-1.5 p-6"
        >
          <h3
            class="tracking-tight text-lg font-medium flex items-center gap-2"
          >
            <svg
              class="lucide lucide-bell h-5 w-5 text-red-600"
              fill="none"
              height="24"
              stroke="currentColor"
              stroke-linecap="round"
              stroke-linejoin="round"
              stroke-width="2"
              viewBox="0 0 24 24"
              width="24"
              xmlns="http://www.w3.org/2000/svg"
            >
              <path
                d="M10.268 21a2 2 0 0 0 3.464 0"
              />
              <path
                d="M3.262 15.326A1 1 0 0 0 4 17h16a1 1 0 0 0 .74-1.673C19.41 13.956 18 12.499 18 8A6 6 0 0 0 6 8c0 4.499-1.411 5.956-2.738 7.326"
              />
            </svg>
            Active Alerts (
            2
            )
          </h3>
        </div>
        <div
          class="p-6 pt-0"
        >
          <div
            class="space-y-3"
          >
            <div
              class="flex items-center justify-between p-3 border rounded-lg"
            >
              <div
                class="flex-1"
              >
                <div
                  class="flex items-center gap-2 mb-1"
                >
                  <div
                    class="inline-flex items-center rounded-full border px-2.5 py-0.5 text-xs font-semibold transition-colors focus:outline-none focus:ring-2 focus:ring-ring focus:ring-offset-2 border-transparent hover:bg-primary/80 bg-gray-100 text-gray-800"
                  >
                    WARNING
                  </div>
                  <span
                    class="font-medium"
                  >
                    Memory usage is high (85%)
                  </span>
                </div>
                <p
                  class="text-sm text-gray-600"
                >
                  Value: 
                  85
                   | Threshold: 
                  80
                   | 
                  5:35:32 PM
                </p>
              </div>
              <button
                class="inline-flex items-center justify-center gap-2 whitespace-nowrap text-sm font-medium ring-offset-background transition-colors focus-visible:outline-none focus-visible:ring-2 focus-visible:ring-ring focus-visible:ring-offset-2 disabled:pointer-events-none disabled:opacity-50 [&_svg]:pointer-events-none [&_svg]:size-4 [&_svg]:shrink-0 border border-input bg-background hover:bg-accent hover:text-accent-foreground h-9 rounded-md px-3"
              >
                Acknowledge
              </button>
            </div>
            <div
              class="flex items-center justify-between p-3 border rounded-lg"
            >
              <div
                class="flex-1"
              >
                <div
                  class="flex items-center gap-2 mb-1"
                >
                  <div
                    class="inline-flex items-center rounded-full border px-2.5 py-0.5 text-xs font-semibold transition-colors focus:outline-none focus:ring-2 focus:ring-ring focus:ring-offset-2 border-transparent hover:bg-primary/80 bg-red-100 text-red-800"
                  >
                    CRITICAL
                  </div>
                  <span
                    class="font-medium"
                  >
                    Network latency is critically high (1500ms)
                  </span>
                </div>
                <p
                  class="text-sm text-gray-600"
                >
                  Value: 
                  1500
                   | Threshold: 
                  1000
                   | 
                  5:30:32 PM
                </p>
              </div>
              <button
                class="inline-flex items-center justify-center gap-2 whitespace-nowrap text-sm font-medium ring-offset-background transition-colors focus-visible:outline-none focus-visible:ring-2 focus-visible:ring-ring focus-visible:ring-offset-2 disabled:pointer-events-none disabled:opacity-50 [&_svg]:pointer-events-none [&_svg]:size-4 [&_svg]:shrink-0 border border-input bg-background hover:bg-accent hover:text-accent-foreground h-9 rounded-md px-3"
              >
                Acknowledge
              </button>
            </div>
          </div>
        </div>
      </div>
      <div
        class="rounded-lg border bg-card text-card-foreground shadow-sm"
      >
        <div
          class="p-6 flex flex-row items-center justify-between space-y-0 pb-2"
        >
          <h3
            class="tracking-tight text-lg font-medium"
          >
            System Health
          </h3>
          <div
            class="flex items-center gap-2"
          >
            <button
              class="inline-flex items-center justify-center gap-2 whitespace-nowrap text-sm font-medium ring-offset-background transition-colors focus-visible:outline-none focus-visible:ring-2 focus-visible:ring-ring focus-visible:ring-offset-2 disabled:pointer-events-none disabled:opacity-50 [&_svg]:pointer-events-none [&_svg]:size-...

Ignored nodes: comments, script, style
<html>
  <head />
  <body>
    <div>
      <div
        class="space-y-6"
      >
        <div
          class="rounded-lg border bg-card text-card-foreground shadow-sm"
        >
          <div
            class="flex flex-col space-y-1.5 p-6"
          >
            <h3
              class="tracking-tight text-lg font-medium flex items-center gap-2"
            >
              <svg
                class="lucide lucide-bell h-5 w-5 text-red-600"
                fill="none"
                height="24"
                stroke="currentColor"
                stroke-linecap="round"
                stroke-linejoin="round"
                stroke-width="2"
                viewBox="0 0 24 24"
                width="24"
                xmlns="http://www.w3.org/2000/svg"
              >
                <path
                  d="M10.268 21a2 2 0 0 0 3.464 0"
                />
                <path
                  d="M3.262 15.326A1 1 0 0 0 4 17h16a1 1 0 0 0 .74-1.673C19.41 13.956 18 12.499 18 8A6 6 0 0 0 6 8c0 4.499-1.411 5.956-2.738 7.326"
                />
              </svg>
              Active Alerts (
              2
              )
            </h3>
          </div>
          <div
            class="p-6 pt-0"
          >
            <div
              class="space-y-3"
            >
              <div
                class="flex items-center justify-between p-3 border rounded-lg"
              >
                <div
                  class="flex-1"
                >
                  <div
                    class="flex items-center gap-2 mb-1"
                  >
                    <div
                      class="inline-flex items-center rounded-full border px-2.5 py-0.5 text-xs font-semibold transition-colors focus:outline-none focus:ring-2 focus:ring-ring focus:ring-offset-2 border-transparent hover:bg-primary/80 bg-gray-100 text-gray-800"
                    >
                      WARNING
                    </div>
                    <span
                      class="font-medium"
                    >
                      Memory usage is high (85%)
                    </span>
                  </div>
                  <p
                    class="text-sm text-gray-600"
                  >
                    Value: 
                    85
                     | Threshold: 
                    80
                     | 
                    5:35:32 PM
                  </p>
                </div>
                <button
                  class="inline-flex items-center justify-center gap-2 whitespace-nowrap text-sm font-medium ring-offset-background transition-colors focus-visible:outline-none focus-visible:ring-2 focus-visible:ring-ring focus-visible:ring-offset-2 disabled:pointer-events-none disabled:opacity-50 [&_svg]:pointer-events-none [&_svg]:size-4 [&_svg]:shrink-0 border border-input bg-background hover:bg-accent hover:text-accent-foreground h-9 rounded-md px-3"
                >
                  Acknowledge
                </button>
              </div>
              <div
                class="flex items-center justify-between p-3 border rounded-lg"
              >
                <div
                  class="flex-1"
                >
                  <div
                    class="flex items-center gap-2 mb-1"
                  >
                    <div
                      class="inline-flex items-center rounded-full border px-2.5 py-0.5 text-xs font-semibold transition-colors focus:outline-none focus:ring-2 focus:ring-ring focus:ring-offset-2 border-transparent hover:bg-primary/80 bg-red-100 text-red-800"
                    >
                      CRITICAL
                    </div>
                    <span
                      class="font-medium"
                    >
                      Network latency is critically high (1500ms)
                    </span>
                  </div>
                  <p
                    class="text-sm text-gray-600"
                  >
                    Value: 
                    1500
                     | Threshold: 
                    1000
                     | 
                    5:30:32 PM
                  </p>
                </div>
                <button
                  class="inline-flex items-center justify-center gap-2 whitespace-nowrap text-sm font-medium ring-offset-background transition-colors focus-visible:outline-none focus-visible:ring-2 focus-visible:ring-ring focus-visible:ring-offset-2 disabled:pointer-events-none disabled:opacity-50 [&_svg]:pointer-events-none [&_svg]:size-4 [&_svg]:shrink-0 border border-input bg-background hover:bg-accent hover:text-accent-foreground h-9 rounded-md px-3"
                >
                  Acknowledge
                </button>
              </div>
            </div>
          </div>
        </div>
        <div
          class="rounded-lg border bg-card text-card-foreground shadow-sm"
        >
          <div
            class="p-6 flex flex-row items-center justify-between space-y-0 pb-2"
          >
            <h3
              class="tracking-tight text-lg font-medium"
            >
              System Health
            </h3>
            <div
              class="flex items-center gap-2"
            >
              <button
                class="inl...
 ❯ Proxy.waitForWrapper node_modules/@testing-library/dom/dist/wait-for.js:163:27
 ❯ src/components/HealthCheck.test.tsx:415:13
    413|       render(<HealthCheck />)
    414|       
    415|       await waitFor(() => {
       |             ^
    416|         expect(screen.getByRole('heading', { name: 'System Health Chec…
    417|         expect(screen.getByRole('heading', { name: 'System Health Over…

⎯⎯⎯⎯⎯⎯⎯⎯⎯⎯⎯⎯⎯⎯⎯⎯⎯⎯⎯⎯⎯[30/218]⎯

 FAIL  src/components/Layout.test.tsx > Layout > basic rendering > should render layout with children
 FAIL  src/components/Layout.test.tsx > Layout > basic rendering > should render CRM title in both desktop and mobile views
 FAIL  src/components/Layout.test.tsx > Layout > basic rendering > should render all navigation items
 FAIL  src/components/Layout.test.tsx > Layout > user information display > should display user avatar with first letter of email
 FAIL  src/components/Layout.test.tsx > Layout > user information display > should display full name when available
 FAIL  src/components/Layout.test.tsx > Layout > user information display > should display email when full name is not available
 FAIL  src/components/Layout.test.tsx > Layout > user information display > should display user role
 FAIL  src/components/Layout.test.tsx > Layout > user information display > should handle missing user email gracefully
 FAIL  src/components/Layout.test.tsx > Layout > navigation active states > should highlight active navigation item
 FAIL  src/components/Layout.test.tsx > Layout > navigation active states > should not highlight inactive navigation items
 FAIL  src/components/Layout.test.tsx > Layout > mobile sidebar functionality > should open mobile sidebar when menu button is clicked
 FAIL  src/components/Layout.test.tsx > Layout > mobile sidebar functionality > should close mobile sidebar when X button is clicked
 FAIL  src/components/Layout.test.tsx > Layout > mobile sidebar functionality > should close mobile sidebar when overlay is clicked
 FAIL  src/components/Layout.test.tsx > Layout > mobile sidebar functionality > should close mobile sidebar when navigation link is clicked
 FAIL  src/components/Layout.test.tsx > Layout > sign out functionality > should call signOut and navigate to login on desktop sign out
 FAIL  src/components/Layout.test.tsx > Layout > sign out functionality > should call signOut and navigate to login on mobile sign out
 FAIL  src/components/Layout.test.tsx > Layout > sign out functionality > should handle sign out errors gracefully
 FAIL  src/components/Layout.test.tsx > Layout > responsive design > should show mobile header only on small screens
 FAIL  src/components/Layout.test.tsx > Layout > responsive design > should show desktop sidebar only on large screens
 FAIL  src/components/Layout.test.tsx > Layout > edge cases > should handle missing user gracefully
 FAIL  src/components/Layout.test.tsx > Layout > edge cases > should handle missing profile gracefully
TypeError: mockUseAuth.mockReturnValue is not a function
 ❯ src/components/Layout.test.tsx:71:17
     69|     mockSignOut.mockClear()
     70|     
     71|     mockUseAuth.mockReturnValue({
       |                 ^
     72|       user: mockUser,
     73|       profile: mockProfile,

⎯⎯⎯⎯⎯⎯⎯⎯⎯⎯⎯⎯⎯⎯⎯⎯⎯⎯⎯⎯⎯[31/218]⎯

 FAIL  src/components/ProtectedRoute.test.tsx > ProtectedRoute > authentication states > should show loading spinner when loading is true
TypeError: mockUseAuth.mockReturnValue is not a function
 ❯ src/components/ProtectedRoute.test.tsx:82:19
     80|   describe('authentication states', () => {
     81|     it('should show loading spinner when loading is true', () => {
     82|       mockUseAuth.mockReturnValue({
       |                   ^
     83|         user: null,
     84|         profile: null,

⎯⎯⎯⎯⎯⎯⎯⎯⎯⎯⎯⎯⎯⎯⎯⎯⎯⎯⎯⎯⎯[32/218]⎯

 FAIL  src/components/ProtectedRoute.test.tsx > ProtectedRoute > authentication states > should redirect to login when user is not authenticated
TypeError: mockUseAuth.mockReturnValue is not a function
 ❯ src/components/ProtectedRoute.test.tsx:101:19
     99| 
    100|     it('should redirect to login when user is not authenticated', () =…
    101|       mockUseAuth.mockReturnValue({
       |                   ^
    102|         user: null,
    103|         profile: null,

⎯⎯⎯⎯⎯⎯⎯⎯⎯⎯⎯⎯⎯⎯⎯⎯⎯⎯⎯⎯⎯[33/218]⎯

 FAIL  src/components/ProtectedRoute.test.tsx > ProtectedRoute > authentication states > should render children when user is authenticated
TypeError: mockUseAuth.mockReturnValue is not a function
 ❯ src/components/ProtectedRoute.test.tsx:120:19
    118| 
    119|     it('should render children when user is authenticated', () => {
    120|       mockUseAuth.mockReturnValue({
       |                   ^
    121|         user: mockUser,
    122|         profile: mockProfile,

⎯⎯⎯⎯⎯⎯⎯⎯⎯⎯⎯⎯⎯⎯⎯⎯⎯⎯⎯⎯⎯[34/218]⎯

 FAIL  src/components/ProtectedRoute.test.tsx > ProtectedRoute > role-based access control > should allow access when user has required role
TypeError: mockUseAuth.mockReturnValue is not a function
 ❯ src/components/ProtectedRoute.test.tsx:141:19
    139|   describe('role-based access control', () => {
    140|     it('should allow access when user has required role', () => {
    141|       mockUseAuth.mockReturnValue({
       |                   ^
    142|         user: mockUser,
    143|         profile: { ...mockProfile, role: 'manager' },

⎯⎯⎯⎯⎯⎯⎯⎯⎯⎯⎯⎯⎯⎯⎯⎯⎯⎯⎯⎯⎯[35/218]⎯

 FAIL  src/components/ProtectedRoute.test.tsx > ProtectedRoute > role-based access control > should allow access when user has higher role than required
TypeError: mockUseAuth.mockReturnValue is not a function
 ❯ src/components/ProtectedRoute.test.tsx:159:19
    157| 
    158|     it('should allow access when user has higher role than required', …
    159|       mockUseAuth.mockReturnValue({
       |                   ^
    160|         user: mockUser,
    161|         profile: { ...mockProfile, role: 'admin' },

⎯⎯⎯⎯⎯⎯⎯⎯⎯⎯⎯⎯⎯⎯⎯⎯⎯⎯⎯⎯⎯[36/218]⎯

 FAIL  src/components/ProtectedRoute.test.tsx > ProtectedRoute > role-based access control > should deny access when user has lower role than required
TypeError: mockUseAuth.mockReturnValue is not a function
 ❯ src/components/ProtectedRoute.test.tsx:177:19
    175| 
    176|     it('should deny access when user has lower role than required', ()…
    177|       mockUseAuth.mockReturnValue({
       |                   ^
    178|         user: mockUser,
    179|         profile: { ...mockProfile, role: 'sales_rep' },

⎯⎯⎯⎯⎯⎯⎯⎯⎯⎯⎯⎯⎯⎯⎯⎯⎯⎯⎯⎯⎯[37/218]⎯

 FAIL  src/components/ProtectedRoute.test.tsx > ProtectedRoute > role-based access control > should allow access when no role is required
TypeError: mockUseAuth.mockReturnValue is not a function
 ❯ src/components/ProtectedRoute.test.tsx:197:19
    195| 
    196|     it('should allow access when no role is required', () => {
    197|       mockUseAuth.mockReturnValue({
       |                   ^
    198|         user: mockUser,
    199|         profile: { ...mockProfile, role: 'sales_rep' },

⎯⎯⎯⎯⎯⎯⎯⎯⎯⎯⎯⎯⎯⎯⎯⎯⎯⎯⎯⎯⎯[38/218]⎯

 FAIL  src/components/ProtectedRoute.test.tsx > ProtectedRoute > testing environment bypass > should bypass authentication in test environment
TypeError: mockUseAuth.mockReturnValue is not a function
 ❯ src/components/ProtectedRoute.test.tsx:222:19
    220|       })
    221| 
    222|       mockUseAuth.mockReturnValue({
       |                   ^
    223|         user: null,
    224|         profile: null,

⎯⎯⎯⎯⎯⎯⎯⎯⎯⎯⎯⎯⎯⎯⎯⎯⎯⎯⎯⎯⎯[39/218]⎯

 FAIL  src/components/ProtectedRoute.test.tsx > ProtectedRoute > testing environment bypass > should bypass authentication with HeadlessChrome user agent
TypeError: mockUseAuth.mockReturnValue is not a function
 ❯ src/components/ProtectedRoute.test.tsx:254:19
    252|       })
    253| 
    254|       mockUseAuth.mockReturnValue({
       |                   ^
    255|         user: null,
    256|         profile: null,

⎯⎯⎯⎯⎯⎯⎯⎯⎯⎯⎯⎯⎯⎯⎯⎯⎯⎯⎯⎯⎯[40/218]⎯

 FAIL  src/components/ProtectedRoute.test.tsx > ProtectedRoute > testing environment bypass > should bypass authentication with Playwright user agent
TypeError: mockUseAuth.mockReturnValue is not a function
 ❯ src/components/ProtectedRoute.test.tsx:285:19
    283|       })
    284| 
    285|       mockUseAuth.mockReturnValue({
       |                   ^
    286|         user: null,
    287|         profile: null,

⎯⎯⎯⎯⎯⎯⎯⎯⎯⎯⎯⎯⎯⎯⎯⎯⎯⎯⎯⎯⎯[41/218]⎯

 FAIL  src/components/ProtectedRoute.test.tsx > ProtectedRoute > testing environment bypass > should bypass authentication when webdriver is true
TypeError: mockUseAuth.mockReturnValue is not a function
 ❯ src/components/ProtectedRoute.test.tsx:316:19
    314|       })
    315| 
    316|       mockUseAuth.mockReturnValue({
       |                   ^
    317|         user: null,
    318|         profile: null,

⎯⎯⎯⎯⎯⎯⎯⎯⎯⎯⎯⎯⎯⎯⎯⎯⎯⎯⎯⎯⎯[42/218]⎯

 FAIL  src/components/ProtectedRoute.test.tsx > ProtectedRoute > testing environment bypass > should not bypass authentication in production environment
TypeError: mockUseAuth.mockReturnValue is not a function
 ❯ src/components/ProtectedRoute.test.tsx:339:19
    337|       })
    338| 
    339|       mockUseAuth.mockReturnValue({
       |                   ^
    340|         user: null,
    341|         profile: null,

⎯⎯⎯⎯⎯⎯⎯⎯⎯⎯⎯⎯⎯⎯⎯⎯⎯⎯⎯⎯⎯[43/218]⎯

 FAIL  src/components/ProtectedRoute.test.tsx > ProtectedRoute > edge cases > should handle missing profile gracefully
TypeError: mockUseAuth.mockReturnValue is not a function
 ❯ src/components/ProtectedRoute.test.tsx:360:19
    358|   describe('edge cases', () => {
    359|     it('should handle missing profile gracefully', () => {
    360|       mockUseAuth.mockReturnValue({
       |                   ^
    361|         user: mockUser,
    362|         profile: null,

⎯⎯⎯⎯⎯⎯⎯⎯⎯⎯⎯⎯⎯⎯⎯⎯⎯⎯⎯⎯⎯[44/218]⎯

 FAIL  src/components/ProtectedRoute.test.tsx > ProtectedRoute > edge cases > should handle role check when profile is null
TypeError: mockUseAuth.mockReturnValue is not a function
 ❯ src/components/ProtectedRoute.test.tsx:378:19
    376| 
    377|     it('should handle role check when profile is null', () => {
    378|       mockUseAuth.mockReturnValue({
       |                   ^
    379|         user: mockUser,
    380|         profile: null,

⎯⎯⎯⎯⎯⎯⎯⎯⎯⎯⎯⎯⎯⎯⎯⎯⎯⎯⎯⎯⎯[45/218]⎯

 FAIL  src/pages/Calendar.test.tsx > Calendar > renders calendar page with header
 FAIL  src/pages/Calendar.test.tsx > Calendar > displays loading state initially
 FAIL  src/pages/Calendar.test.tsx > Calendar > displays calendar statistics correctly
 FAIL  src/pages/Calendar.test.tsx > Calendar > displays events table when data is loaded
 FAIL  src/pages/Calendar.test.tsx > Calendar > displays empty state when no events exist
 FAIL  src/pages/Calendar.test.tsx > Calendar > opens add event modal when schedule button is clicked
 FAIL  src/pages/Calendar.test.tsx > Calendar > opens edit modal when edit button is clicked
 FAIL  src/pages/Calendar.test.tsx > Calendar > handles event creation successfully
 FAIL  src/pages/Calendar.test.tsx > Calendar > handles event update successfully
 FAIL  src/pages/Calendar.test.tsx > Calendar > handles event deletion successfully
 FAIL  src/pages/Calendar.test.tsx > Calendar > handles form validation errors
 FAIL  src/pages/Calendar.test.tsx > Calendar > handles API errors gracefully
 FAIL  src/pages/Calendar.test.tsx > Calendar > cancels deletion when user declines confirmation
 FAIL  src/pages/Calendar.test.tsx > Calendar > closes modal when cancel is clicked
 FAIL  src/pages/Calendar.test.tsx > Calendar > populates form correctly when editing event
 FAIL  src/pages/Calendar.test.tsx > Calendar > handles event type selection
 FAIL  src/pages/Calendar.test.tsx > Calendar > handles status selection
 FAIL  src/pages/Calendar.test.tsx > Calendar > calculates upcoming events correctly
 FAIL  src/pages/Calendar.test.tsx > Calendar > handles save errors gracefully
ReferenceError: Cannot access 'loadEvents' before initialization
 ❯ Calendar src/pages/Calendar.tsx:122:7
    120|   useEffect(() => {
    121|     loadEvents()
    122|   }, [loadEvents])
       |       ^
    123| 
    124|   const loadEvents = useCallback(async () => {
 ❯ renderWithHooks node_modules/react-dom/cjs/react-dom.development.js:15486:18
 ❯ mountIndeterminateComponent node_modules/react-dom/cjs/react-dom.development.js:20103:13
 ❯ beginWork node_modules/react-dom/cjs/react-dom.development.js:21626:16
 ❯ beginWork$1 node_modules/react-dom/cjs/react-dom.development.js:27465:14
 ❯ performUnitOfWork node_modules/react-dom/cjs/react-dom.development.js:26599:12
 ❯ workLoopSync node_modules/react-dom/cjs/react-dom.development.js:26505:5
 ❯ renderRootSync node_modules/react-dom/cjs/react-dom.development.js:26473:7
 ❯ recoverFromConcurrentError node_modules/react-dom/cjs/react-dom.development.js:25889:20
 ❯ performConcurrentWorkOnRoot node_modules/react-dom/cjs/react-dom.development.js:25789:22

⎯⎯⎯⎯⎯⎯⎯⎯⎯⎯⎯⎯⎯⎯⎯⎯⎯⎯⎯⎯⎯[46/218]⎯

 FAIL  src/pages/Customers.test.tsx > Customers > add customer modal > should validate required fields
TestingLibraryElementError: Unable to find an element by: [data-testid="customer-name-error"]

Ignored nodes: comments, script, style
<body>
  <div>
    <div
      class="p-6"
    >
      <div
        class="flex justify-between items-center mb-6"
      >
        <div
          class="flex items-center space-x-3"
        >
          <svg
            class="lucide lucide-users h-8 w-8 text-blue-600"
            fill="none"
            height="24"
            stroke="currentColor"
            stroke-linecap="round"
            stroke-linejoin="round"
            stroke-width="2"
            viewBox="0 0 24 24"
            width="24"
            xmlns="http://www.w3.org/2000/svg"
          >
            <path
              d="M16 21v-2a4 4 0 0 0-4-4H6a4 4 0 0 0-4 4v2"
            />
            <circle
              cx="9"
              cy="7"
              r="4"
            />
            <path
              d="M22 21v-2a4 4 0 0 0-3-3.87"
            />
            <path
              d="M16 3.13a4 4 0 0 1 0 7.75"
            />
          </svg>
          <div>
            <h1
              class="text-2xl font-bold text-gray-900"
              data-testid="page-title"
            >
              Customers
            </h1>
            <p
              class="text-gray-600"
            >
              Manage your customer relationships
            </p>
          </div>
        </div>
        <div
          class="flex gap-2"
        >
          <button
            class="justify-center gap-2 whitespace-nowrap rounded-md text-sm font-medium ring-offset-background transition-colors focus-visible:outline-none focus-visible:ring-2 focus-visible:ring-ring focus-visible:ring-offset-2 disabled:pointer-events-none disabled:opacity-50 [&_svg]:pointer-events-none [&_svg]:size-4 [&_svg]:shrink-0 border border-input bg-background hover:bg-accent hover:text-accent-foreground h-10 px-4 py-2 flex items-center space-x-2"
          >
            <svg
              class="lucide lucide-test-tube h-4 w-4"
              fill="none"
              height="24"
              stroke="currentColor"
              stroke-linecap="round"
              stroke-linejoin="round"
              stroke-width="2"
              viewBox="0 0 24 24"
              width="24"
              xmlns="http://www.w3.org/2000/svg"
            >
              <path
                d="M14.5 2v17.5c0 1.4-1.1 2.5-2.5 2.5c-1.4 0-2.5-1.1-2.5-2.5V2"
              />
              <path
                d="M8.5 2h7"
              />
              <path
                d="M14.5 16h-5"
              />
            </svg>
            <span>
              Run All Tests
            </span>
          </button>
          <button
            class="justify-center gap-2 whitespace-nowrap rounded-md text-sm font-medium ring-offset-background transition-colors focus-visible:outline-none focus-visible:ring-2 focus-visible:ring-ring focus-visible:ring-offset-2 disabled:pointer-events-none disabled:opacity-50 [&_svg]:pointer-events-none [&_svg]:size-4 [&_svg]:shrink-0 border border-input bg-background hover:bg-accent hover:text-accent-foreground h-10 px-4 py-2 flex items-center space-x-2"
          >
            <svg
              class="lucide lucide-plus h-4 w-4"
              fill="none"
              height="24"
              stroke="currentColor"
              stroke-linecap="round"
              stroke-linejoin="round"
              stroke-width="2"
              viewBox="0 0 24 24"
              width="24"
              xmlns="http://www.w3.org/2000/svg"
            >
              <path
                d="M5 12h14"
              />
              <path
                d="M12 5v14"
              />
            </svg>
            <span>
              Add Demo Data
            </span>
          </button>
          <button
            class="justify-center gap-2 whitespace-nowrap rounded-md text-sm font-medium ring-offset-background transition-colors focus-visible:outline-none focus-visible:ring-2 focus-visible:ring-ring focus-visible:ring-offset-2 disabled:pointer-events-none disabled:opacity-50 [&_svg]:pointer-events-none [&_svg]:size-4 [&_svg]:shrink-0 border border-input bg-background hover:bg-accent hover:text-accent-foreground h-10 px-4 py-2 flex items-center space-x-2"
          >
            <svg
              class="lucide lucide-trash2 h-4 w-4"
              fill="none"
              height="24"
              stroke="currentColor"
              stroke-linecap="round"
              stroke-linejoin="round"
              stroke-width="2"
              viewBox="0 0 24 24"
              width="24"
              xmlns="http://www.w3.org/2000/svg"
            >
              <path
                d="M3 6h18"
              />
              <path
                d="M19 6v14c0 1-1 2-2 2H7c-1 0-2-1-2-2V6"
              />
              <path
                d="M8 6V4c0-1 1-2 2-2h4c1 0 2 1 2 2v2"
              />
              <line
                x1="10"
                x2="10"
                y1="11"
                y2="17"
              />...
 ❯ Object.getElementError node_modules/@testing-library/dom/dist/config.js:37:19
 ❯ node_modules/@testing-library/dom/dist/query-helpers.js:76:38
 ❯ node_modules/@testing-library/dom/dist/query-helpers.js:52:17
 ❯ node_modules/@testing-library/dom/dist/query-helpers.js:95:19
 ❯ src/pages/Customers.test.tsx:409:21
    407|       await user.click(saveButton)
    408|       
    409|       expect(screen.getByTestId('customer-name-error')).toHaveTextCont…
       |                     ^
    410|     })
    411| 

⎯⎯⎯⎯⎯⎯⎯⎯⎯⎯⎯⎯⎯⎯⎯⎯⎯⎯⎯⎯⎯[47/218]⎯

 FAIL  src/pages/Customers.test.tsx > Customers > add customer modal > should validate email format
TestingLibraryElementError: Unable to find an element by: [data-testid="customer-email-error"]

Ignored nodes: comments, script, style
<body>
  <div>
    <div
      class="p-6"
    >
      <div
        class="flex justify-between items-center mb-6"
      >
        <div
          class="flex items-center space-x-3"
        >
          <svg
            class="lucide lucide-users h-8 w-8 text-blue-600"
            fill="none"
            height="24"
            stroke="currentColor"
            stroke-linecap="round"
            stroke-linejoin="round"
            stroke-width="2"
            viewBox="0 0 24 24"
            width="24"
            xmlns="http://www.w3.org/2000/svg"
          >
            <path
              d="M16 21v-2a4 4 0 0 0-4-4H6a4 4 0 0 0-4 4v2"
            />
            <circle
              cx="9"
              cy="7"
              r="4"
            />
            <path
              d="M22 21v-2a4 4 0 0 0-3-3.87"
            />
            <path
              d="M16 3.13a4 4 0 0 1 0 7.75"
            />
          </svg>
          <div>
            <h1
              class="text-2xl font-bold text-gray-900"
              data-testid="page-title"
            >
              Customers
            </h1>
            <p
              class="text-gray-600"
            >
              Manage your customer relationships
            </p>
          </div>
        </div>
        <div
          class="flex gap-2"
        >
          <button
            class="justify-center gap-2 whitespace-nowrap rounded-md text-sm font-medium ring-offset-background transition-colors focus-visible:outline-none focus-visible:ring-2 focus-visible:ring-ring focus-visible:ring-offset-2 disabled:pointer-events-none disabled:opacity-50 [&_svg]:pointer-events-none [&_svg]:size-4 [&_svg]:shrink-0 border border-input bg-background hover:bg-accent hover:text-accent-foreground h-10 px-4 py-2 flex items-center space-x-2"
          >
            <svg
              class="lucide lucide-test-tube h-4 w-4"
              fill="none"
              height="24"
              stroke="currentColor"
              stroke-linecap="round"
              stroke-linejoin="round"
              stroke-width="2"
              viewBox="0 0 24 24"
              width="24"
              xmlns="http://www.w3.org/2000/svg"
            >
              <path
                d="M14.5 2v17.5c0 1.4-1.1 2.5-2.5 2.5c-1.4 0-2.5-1.1-2.5-2.5V2"
              />
              <path
                d="M8.5 2h7"
              />
              <path
                d="M14.5 16h-5"
              />
            </svg>
            <span>
              Run All Tests
            </span>
          </button>
          <button
            class="justify-center gap-2 whitespace-nowrap rounded-md text-sm font-medium ring-offset-background transition-colors focus-visible:outline-none focus-visible:ring-2 focus-visible:ring-ring focus-visible:ring-offset-2 disabled:pointer-events-none disabled:opacity-50 [&_svg]:pointer-events-none [&_svg]:size-4 [&_svg]:shrink-0 border border-input bg-background hover:bg-accent hover:text-accent-foreground h-10 px-4 py-2 flex items-center space-x-2"
          >
            <svg
              class="lucide lucide-plus h-4 w-4"
              fill="none"
              height="24"
              stroke="currentColor"
              stroke-linecap="round"
              stroke-linejoin="round"
              stroke-width="2"
              viewBox="0 0 24 24"
              width="24"
              xmlns="http://www.w3.org/2000/svg"
            >
              <path
                d="M5 12h14"
              />
              <path
                d="M12 5v14"
              />
            </svg>
            <span>
              Add Demo Data
            </span>
          </button>
          <button
            class="justify-center gap-2 whitespace-nowrap rounded-md text-sm font-medium ring-offset-background transition-colors focus-visible:outline-none focus-visible:ring-2 focus-visible:ring-ring focus-visible:ring-offset-2 disabled:pointer-events-none disabled:opacity-50 [&_svg]:pointer-events-none [&_svg]:size-4 [&_svg]:shrink-0 border border-input bg-background hover:bg-accent hover:text-accent-foreground h-10 px-4 py-2 flex items-center space-x-2"
          >
            <svg
              class="lucide lucide-trash2 h-4 w-4"
              fill="none"
              height="24"
              stroke="currentColor"
              stroke-linecap="round"
              stroke-linejoin="round"
              stroke-width="2"
              viewBox="0 0 24 24"
              width="24"
              xmlns="http://www.w3.org/2000/svg"
            >
              <path
                d="M3 6h18"
              />
              <path
                d="M19 6v14c0 1-1 2-2 2H7c-1 0-2-1-2-2V6"
              />
              <path
                d="M8 6V4c0-1 1-2 2-2h4c1 0 2 1 2 2v2"
              />
              <line
                x1="10"
                x2="10"
                y1="11"
                y2="17"
              />...
 ❯ Object.getElementError node_modules/@testing-library/dom/dist/config.js:37:19
 ❯ node_modules/@testing-library/dom/dist/query-helpers.js:76:38
 ❯ node_modules/@testing-library/dom/dist/query-helpers.js:52:17
 ❯ node_modules/@testing-library/dom/dist/query-helpers.js:95:19
 ❯ src/pages/Customers.test.tsx:428:21
    426|       await user.click(saveButton)
    427|       
    428|       expect(screen.getByTestId('customer-email-error')).toHaveTextCon…
       |                     ^
    429|     })
    430| 

⎯⎯⎯⎯⎯⎯⎯⎯⎯⎯⎯⎯⎯⎯⎯⎯⎯⎯⎯⎯⎯[48/218]⎯

 FAIL  src/pages/Customers.test.tsx > Customers > add customer modal > should create new customer successfully
AssertionError: expected "spy" to be called with arguments: [ 'Customer added successfully' ]

Received: 

  1st spy call:

  [
-   "Customer added successfully",
+   "Customers loaded (offline mode)",
  ]

  2nd spy call:

  [
-   "Customer added successfully",
+   "Customer added successfully (offline)",
  ]


Number of calls: 2


Ignored nodes: comments, script, style
<html>
  <head />
  <body>
    <div>
      <div
        class="p-6"
      >
        <div
          class="flex justify-between items-center mb-6"
        >
          <div
            class="flex items-center space-x-3"
          >
            <svg
              class="lucide lucide-users h-8 w-8 text-blue-600"
              fill="none"
              height="24"
              stroke="currentColor"
              stroke-linecap="round"
              stroke-linejoin="round"
              stroke-width="2"
              viewBox="0 0 24 24"
              width="24"
              xmlns="http://www.w3.org/2000/svg"
            >
              <path
                d="M16 21v-2a4 4 0 0 0-4-4H6a4 4 0 0 0-4 4v2"
              />
              <circle
                cx="9"
                cy="7"
                r="4"
              />
              <path
                d="M22 21v-2a4 4 0 0 0-3-3.87"
              />
              <path
                d="M16 3.13a4 4 0 0 1 0 7.75"
              />
            </svg>
            <div>
              <h1
                class="text-2xl font-bold text-gray-900"
                data-testid="page-title"
              >
                Customers
              </h1>
              <p
                class="text-gray-600"
              >
                Manage your customer relationships
              </p>
            </div>
          </div>
          <div
            class="flex gap-2"
          >
            <button
              class="justify-center gap-2 whitespace-nowrap rounded-md text-sm font-medium ring-offset-background transition-colors focus-visible:outline-none focus-visible:ring-2 focus-visible:ring-ring focus-visible:ring-offset-2 disabled:pointer-events-none disabled:opacity-50 [&_svg]:pointer-events-none [&_svg]:size-4 [&_svg]:shrink-0 border border-input bg-background hover:bg-accent hover:text-accent-foreground h-10 px-4 py-2 flex items-center space-x-2"
            >
              <svg
                class="lucide lucide-test-tube h-4 w-4"
                fill="none"
                height="24"
                stroke="currentColor"
                stroke-linecap="round"
                stroke-linejoin="round"
                stroke-width="2"
                viewBox="0 0 24 24"
                width="24"
                xmlns="http://www.w3.org/2000/svg"
              >
                <path
                  d="M14.5 2v17.5c0 1.4-1.1 2.5-2.5 2.5c-1.4 0-2.5-1.1-2.5-2.5V2"
                />
                <path
                  d="M8.5 2h7"
                />
                <path
                  d="M14.5 16h-5"
                />
              </svg>
              <span>
                Run All Tests
              </span>
            </button>
            <button
              class="justify-center gap-2 whitespace-nowrap rounded-md text-sm font-medium ring-offset-background transition-colors focus-visible:outline-none focus-visible:ring-2 focus-visible:ring-ring focus-visible:ring-offset-2 disabled:pointer-events-none disabled:opacity-50 [&_svg]:pointer-events-none [&_svg]:size-4 [&_svg]:shrink-0 border border-input bg-background hover:bg-accent hover:text-accent-foreground h-10 px-4 py-2 flex items-center space-x-2"
            >
              <svg
                class="lucide lucide-plus h-4 w-4"
                fill="none"
                height="24"
                stroke="currentColor"
                stroke-linecap="round"
                stroke-linejoin="round"
                stroke-width="2"
                viewBox="0 0 24 24"
                width="24"
                xmlns="http://www.w3.org/2000/svg"
              >
                <path
                  d="M5 12h14"
                />
                <path
                  d="M12 5v14"
                />
              </svg>
              <span>
                Add Demo Data
              </span>
            </button>
            <button
              class="justify-center gap-2 whitespace-nowrap rounded-md text-sm font-medium ring-offset-background transition-colors focus-visible:outline-none focus-visible:ring-2 focus-visible:ring-ring focus-visible:ring-offset-2 disabled:pointer-events-none disabled:opacity-50 [&_svg]:pointer-events-none [&_svg]:size-4 [&_svg]:shrink-0 border border-input bg-background hover:bg-accent hover:text-accent-foreground h-10 px-4 py-2 flex items-center space-x-2"
            >
              <svg
                class="lucide lucide-trash2 h-4 w-4"
                fill="none"
                height="24"
                stroke="currentColor"
                stroke-linecap="round"
                stroke-linejoin="round"
                stroke-width="2"
                viewBox="0 0 24 24"
                width="24"
                xmlns="http://www.w3.org/2000/svg"
              >
                <path
                  d="M3 6h18"
                />
                <path
                  d="M19 6v14c0 1-1 2-2 2H7c-1 0-2-1-2-2V6"
                />
                <path
                  d[39...
 ❯ src/pages/Customers.test.tsx:449:35
    447|       await waitFor(() => {
    448|         expect(mockAddCustomer).toHaveBeenCalled()
    449|         expect(mockToast.success).toHaveBeenCalledWith('Customer added…
       |                                   ^
    450|       })
    451|     })
 ❯ runWithExpensiveErrorDiagnosticsDisabled node_modules/@testing-library/dom/dist/config.js:47:12
 ❯ checkCallback node_modules/@testing-library/dom/dist/wait-for.js:124:77
 ❯ Timeout.checkRealTimersCallback node_modules/@testing-library/dom/dist/wait-for.js:118:16

⎯⎯⎯⎯⎯⎯⎯⎯⎯⎯⎯⎯⎯⎯⎯⎯⎯⎯⎯⎯⎯[49/218]⎯

 FAIL  src/pages/Customers.test.tsx > Customers > edit customer modal > should update customer successfully
AssertionError: expected "spy" to be called at least once

Ignored nodes: comments, script, style
<html>
  <head />
  <body>
    <div>
      <div
        class="p-6"
      >
        <div
          class="flex justify-between items-center mb-6"
        >
          <div
            class="flex items-center space-x-3"
          >
            <svg
              class="lucide lucide-users h-8 w-8 text-blue-600"
              fill="none"
              height="24"
              stroke="currentColor"
              stroke-linecap="round"
              stroke-linejoin="round"
              stroke-width="2"
              viewBox="0 0 24 24"
              width="24"
              xmlns="http://www.w3.org/2000/svg"
            >
              <path
                d="M16 21v-2a4 4 0 0 0-4-4H6a4 4 0 0 0-4 4v2"
              />
              <circle
                cx="9"
                cy="7"
                r="4"
              />
              <path
                d="M22 21v-2a4 4 0 0 0-3-3.87"
              />
              <path
                d="M16 3.13a4 4 0 0 1 0 7.75"
              />
            </svg>
            <div>
              <h1
                class="text-2xl font-bold text-gray-900"
                data-testid="page-title"
              >
                Customers
              </h1>
              <p
                class="text-gray-600"
              >
                Manage your customer relationships
              </p>
            </div>
          </div>
          <div
            class="flex gap-2"
          >
            <button
              class="justify-center gap-2 whitespace-nowrap rounded-md text-sm font-medium ring-offset-background transition-colors focus-visible:outline-none focus-visible:ring-2 focus-visible:ring-ring focus-visible:ring-offset-2 disabled:pointer-events-none disabled:opacity-50 [&_svg]:pointer-events-none [&_svg]:size-4 [&_svg]:shrink-0 border border-input bg-background hover:bg-accent hover:text-accent-foreground h-10 px-4 py-2 flex items-center space-x-2"
            >
              <svg
                class="lucide lucide-test-tube h-4 w-4"
                fill="none"
                height="24"
                stroke="currentColor"
                stroke-linecap="round"
                stroke-linejoin="round"
                stroke-width="2"
                viewBox="0 0 24 24"
                width="24"
                xmlns="http://www.w3.org/2000/svg"
              >
                <path
                  d="M14.5 2v17.5c0 1.4-1.1 2.5-2.5 2.5c-1.4 0-2.5-1.1-2.5-2.5V2"
                />
                <path
                  d="M8.5 2h7"
                />
                <path
                  d="M14.5 16h-5"
                />
              </svg>
              <span>
                Run All Tests
              </span>
            </button>
            <button
              class="justify-center gap-2 whitespace-nowrap rounded-md text-sm font-medium ring-offset-background transition-colors focus-visible:outline-none focus-visible:ring-2 focus-visible:ring-ring focus-visible:ring-offset-2 disabled:pointer-events-none disabled:opacity-50 [&_svg]:pointer-events-none [&_svg]:size-4 [&_svg]:shrink-0 border border-input bg-background hover:bg-accent hover:text-accent-foreground h-10 px-4 py-2 flex items-center space-x-2"
            >
              <svg
                class="lucide lucide-plus h-4 w-4"
                fill="none"
                height="24"
                stroke="currentColor"
                stroke-linecap="round"
                stroke-linejoin="round"
                stroke-width="2"
                viewBox="0 0 24 24"
                width="24"
                xmlns="http://www.w3.org/2000/svg"
              >
                <path
                  d="M5 12h14"
                />
                <path
                  d="M12 5v14"
                />
              </svg>
              <span>
                Add Demo Data
              </span>
            </button>
            <button
              class="justify-center gap-2 whitespace-nowrap rounded-md text-sm font-medium ring-offset-background transition-colors focus-visible:outline-none focus-visible:ring-2 focus-visible:ring-ring focus-visible:ring-offset-2 disabled:pointer-events-none disabled:opacity-50 [&_svg]:pointer-events-none [&_svg]:size-4 [&_svg]:shrink-0 border border-input bg-background hover:bg-accent hover:text-accent-foreground h-10 px-4 py-2 flex items-center space-x-2"
            >
              <svg
                class="lucide lucide-trash2 h-4 w-4"
                fill="none"
                height="24"
                stroke="currentColor"
                stroke-linecap="round"
                stroke-linejoin="round"
                stroke-width="2"
                viewBox="0 0 24 24"
                width="24"
                xmlns="http://www.w3.org/2000/svg"
              >
                <path
                  d="M3 6h18"
                />
                <path
                  d="M19 6v14c0 1-1 2-2 2H7c-1 0-2-1-2-2V6"
                />
                <path
                  d[39...
 ❯ src/pages/Customers.test.tsx:490:36
    488|       
    489|       await waitFor(() => {
    490|         expect(mockUpdateCustomer).toHaveBeenCalled()
       |                                    ^
    491|         expect(mockToast.success).toHaveBeenCalledWith('Customer updat…
    492|       })
 ❯ runWithExpensiveErrorDiagnosticsDisabled node_modules/@testing-library/dom/dist/config.js:47:12
 ❯ checkCallback node_modules/@testing-library/dom/dist/wait-for.js:124:77
 ❯ Timeout.checkRealTimersCallback node_modules/@testing-library/dom/dist/wait-for.js:118:16

⎯⎯⎯⎯⎯⎯⎯⎯⎯⎯⎯⎯⎯⎯⎯⎯⎯⎯⎯⎯⎯[50/218]⎯

 FAIL  src/pages/Customers.test.tsx > Customers > delete customer > should delete customer when confirmed
AssertionError: expected "spy" to be called with arguments: [ 'Customer deleted successfully' ]

Received: 

  1st spy call:

  [
-   "Customer deleted successfully",
+   "Customers loaded (offline mode)",
  ]

  2nd spy call:

  [
-   "Customer deleted successfully",
+   "Customer deleted successfully (offline)",
  ]


Number of calls: 2


Ignored nodes: comments, script, style
<html>
  <head />
  <body>
    <div>
      <div
        class="p-6"
      >
        <div
          class="flex justify-between items-center mb-6"
        >
          <div
            class="flex items-center space-x-3"
          >
            <svg
              class="lucide lucide-users h-8 w-8 text-blue-600"
              fill="none"
              height="24"
              stroke="currentColor"
              stroke-linecap="round"
              stroke-linejoin="round"
              stroke-width="2"
              viewBox="0 0 24 24"
              width="24"
              xmlns="http://www.w3.org/2000/svg"
            >
              <path
                d="M16 21v-2a4 4 0 0 0-4-4H6a4 4 0 0 0-4 4v2"
              />
              <circle
                cx="9"
                cy="7"
                r="4"
              />
              <path
                d="M22 21v-2a4 4 0 0 0-3-3.87"
              />
              <path
                d="M16 3.13a4 4 0 0 1 0 7.75"
              />
            </svg>
            <div>
              <h1
                class="text-2xl font-bold text-gray-900"
                data-testid="page-title"
              >
                Customers
              </h1>
              <p
                class="text-gray-600"
              >
                Manage your customer relationships
              </p>
            </div>
          </div>
          <div
            class="flex gap-2"
          >
            <button
              class="justify-center gap-2 whitespace-nowrap rounded-md text-sm font-medium ring-offset-background transition-colors focus-visible:outline-none focus-visible:ring-2 focus-visible:ring-ring focus-visible:ring-offset-2 disabled:pointer-events-none disabled:opacity-50 [&_svg]:pointer-events-none [&_svg]:size-4 [&_svg]:shrink-0 border border-input bg-background hover:bg-accent hover:text-accent-foreground h-10 px-4 py-2 flex items-center space-x-2"
            >
              <svg
                class="lucide lucide-test-tube h-4 w-4"
                fill="none"
                height="24"
                stroke="currentColor"
                stroke-linecap="round"
                stroke-linejoin="round"
                stroke-width="2"
                viewBox="0 0 24 24"
                width="24"
                xmlns="http://www.w3.org/2000/svg"
              >
                <path
                  d="M14.5 2v17.5c0 1.4-1.1 2.5-2.5 2.5c-1.4 0-2.5-1.1-2.5-2.5V2"
                />
                <path
                  d="M8.5 2h7"
                />
                <path
                  d="M14.5 16h-5"
                />
              </svg>
              <span>
                Run All Tests
              </span>
            </button>
            <button
              class="justify-center gap-2 whitespace-nowrap rounded-md text-sm font-medium ring-offset-background transition-colors focus-visible:outline-none focus-visible:ring-2 focus-visible:ring-ring focus-visible:ring-offset-2 disabled:pointer-events-none disabled:opacity-50 [&_svg]:pointer-events-none [&_svg]:size-4 [&_svg]:shrink-0 border border-input bg-background hover:bg-accent hover:text-accent-foreground h-10 px-4 py-2 flex items-center space-x-2"
            >
              <svg
                class="lucide lucide-plus h-4 w-4"
                fill="none"
                height="24"
                stroke="currentColor"
                stroke-linecap="round"
                stroke-linejoin="round"
                stroke-width="2"
                viewBox="0 0 24 24"
                width="24"
                xmlns="http://www.w3.org/2000/svg"
              >
                <path
                  d="M5 12h14"
                />
                <path
                  d="M12 5v14"
                />
              </svg>
              <span>
                Add Demo Data
              </span>
            </button>
            <button
              class="justify-center gap-2 whitespace-nowrap rounded-md text-sm font-medium ring-offset-background transition-colors focus-visible:outline-none focus-visible:ring-2 focus-visible:ring-ring focus-visible:ring-offset-2 disabled:pointer-events-none disabled:opacity-50 [&_svg]:pointer-events-none [&_svg]:size-4 [&_svg]:shrink-0 border border-input bg-background hover:bg-accent hover:text-accent-foreground h-10 px-4 py-2 flex items-center space-x-2"
            >
              <svg
                class="lucide lucide-trash2 h-4 w-4"
                fill="none"
                height="24"
                stroke="currentColor"
                stroke-linecap="round"
                stroke-linejoin="round"
                stroke-width="2"
                viewBox="0 0 24 24"
                width="24"
                xmlns="http://www.w3.org/2000/svg"
              >
                <path
                  d="M3 6h18"
                />
                <path
                  d="M19 6v14c0 1-1 2-2 2H7c-1 0-2-1-2-2V6"
                />
                <path
                  d[39...
 ❯ src/pages/Customers.test.tsx:510:35
    508|       await waitFor(() => {
    509|         expect(mockRemoveCustomer).toHaveBeenCalledWith('1')
    510|         expect(mockToast.success).toHaveBeenCalledWith('Customer delet…
       |                                   ^
    511|       })
    512|     })
 ❯ runWithExpensiveErrorDiagnosticsDisabled node_modules/@testing-library/dom/dist/config.js:47:12
 ❯ checkCallback node_modules/@testing-library/dom/dist/wait-for.js:124:77
 ❯ Timeout.checkRealTimersCallback node_modules/@testing-library/dom/dist/wait-for.js:118:16

⎯⎯⎯⎯⎯⎯⎯⎯⎯⎯⎯⎯⎯⎯⎯⎯⎯⎯⎯⎯⎯[51/218]⎯

 FAIL  src/pages/Customers.test.tsx > Customers > error handling > should handle load customers error
AssertionError: expected "spy" to be called with arguments: [ Array(1) ]

Number of calls: 0


Ignored nodes: comments, script, style
<html>
  <head />
  <body>
    <div>
      <div
        class="p-6"
      >
        <div
          class="flex justify-between items-center mb-6"
        >
          <div
            class="flex items-center space-x-3"
          >
            <svg
              class="lucide lucide-users h-8 w-8 text-blue-600"
              fill="none"
              height="24"
              stroke="currentColor"
              stroke-linecap="round"
              stroke-linejoin="round"
              stroke-width="2"
              viewBox="0 0 24 24"
              width="24"
              xmlns="http://www.w3.org/2000/svg"
            >
              <path
                d="M16 21v-2a4 4 0 0 0-4-4H6a4 4 0 0 0-4 4v2"
              />
              <circle
                cx="9"
                cy="7"
                r="4"
              />
              <path
                d="M22 21v-2a4 4 0 0 0-3-3.87"
              />
              <path
                d="M16 3.13a4 4 0 0 1 0 7.75"
              />
            </svg>
            <div>
              <h1
                class="text-2xl font-bold text-gray-900"
                data-testid="page-title"
              >
                Customers
              </h1>
              <p
                class="text-gray-600"
              >
                Manage your customer relationships
              </p>
            </div>
          </div>
          <div
            class="flex gap-2"
          >
            <button
              class="justify-center gap-2 whitespace-nowrap rounded-md text-sm font-medium ring-offset-background transition-colors focus-visible:outline-none focus-visible:ring-2 focus-visible:ring-ring focus-visible:ring-offset-2 disabled:pointer-events-none disabled:opacity-50 [&_svg]:pointer-events-none [&_svg]:size-4 [&_svg]:shrink-0 border border-input bg-background hover:bg-accent hover:text-accent-foreground h-10 px-4 py-2 flex items-center space-x-2"
            >
              <svg
                class="lucide lucide-test-tube h-4 w-4"
                fill="none"
                height="24"
                stroke="currentColor"
                stroke-linecap="round"
                stroke-linejoin="round"
                stroke-width="2"
                viewBox="0 0 24 24"
                width="24"
                xmlns="http://www.w3.org/2000/svg"
              >
                <path
                  d="M14.5 2v17.5c0 1.4-1.1 2.5-2.5 2.5c-1.4 0-2.5-1.1-2.5-2.5V2"
                />
                <path
                  d="M8.5 2h7"
                />
                <path
                  d="M14.5 16h-5"
                />
              </svg>
              <span>
                Run All Tests
              </span>
            </button>
            <button
              class="justify-center gap-2 whitespace-nowrap rounded-md text-sm font-medium ring-offset-background transition-colors focus-visible:outline-none focus-visible:ring-2 focus-visible:ring-ring focus-visible:ring-offset-2 disabled:pointer-events-none disabled:opacity-50 [&_svg]:pointer-events-none [&_svg]:size-4 [&_svg]:shrink-0 border border-input bg-background hover:bg-accent hover:text-accent-foreground h-10 px-4 py-2 flex items-center space-x-2"
            >
              <svg
                class="lucide lucide-plus h-4 w-4"
                fill="none"
                height="24"
                stroke="currentColor"
                stroke-linecap="round"
                stroke-linejoin="round"
                stroke-width="2"
                viewBox="0 0 24 24"
                width="24"
                xmlns="http://www.w3.org/2000/svg"
              >
                <path
                  d="M5 12h14"
                />
                <path
                  d="M12 5v14"
                />
              </svg>
              <span>
                Add Demo Data
              </span>
            </button>
            <button
              class="justify-center gap-2 whitespace-nowrap rounded-md text-sm font-medium ring-offset-background transition-colors focus-visible:outline-none focus-visible:ring-2 focus-visible:ring-ring focus-visible:ring-offset-2 disabled:pointer-events-none disabled:opacity-50 [&_svg]:pointer-events-none [&_svg]:size-4 [&_svg]:shrink-0 border border-input bg-background hover:bg-accent hover:text-accent-foreground h-10 px-4 py-2 flex items-center space-x-2"
            >
              <svg
                class="lucide lucide-trash2 h-4 w-4"
                fill="none"
                height="24"
                stroke="currentColor"
                stroke-linecap="round"
                stroke-linejoin="round"
                stroke-width="2"
                viewBox="0 0 24 24"
                width="24"
                xmlns="http://www.w3.org/2000/svg"
              >
                <path
                  d="M3 6h18"
                />
                <path
                  d="M19 6v14c0 1-1 2-2 2H7c-1 0-2-1-2-2V6"
                />
                <path
                  d[39...
 ❯ src/pages/Customers.test.tsx:543:33
    541|       
    542|       await waitFor(() => {
    543|         expect(mockToast.error).toHaveBeenCalledWith('Failed to load c…
       |                                 ^
    544|       })
    545|     })
 ❯ runWithExpensiveErrorDiagnosticsDisabled node_modules/@testing-library/dom/dist/config.js:47:12
 ❯ checkCallback node_modules/@testing-library/dom/dist/wait-for.js:124:77
 ❯ Timeout.checkRealTimersCallback node_modules/@testing-library/dom/dist/wait-for.js:118:16

⎯⎯⎯⎯⎯⎯⎯⎯⎯⎯⎯⎯⎯⎯⎯⎯⎯⎯⎯⎯⎯[52/218]⎯

 FAIL  src/pages/Customers.test.tsx > Customers > error handling > should handle create customer error
AssertionError: expected "spy" to be called with arguments: [ 'Failed to save customer' ]

Number of calls: 0


Ignored nodes: comments, script, style
<html>
  <head />
  <body>
    <div>
      <div
        class="p-6"
      >
        <div
          class="flex justify-between items-center mb-6"
        >
          <div
            class="flex items-center space-x-3"
          >
            <svg
              class="lucide lucide-users h-8 w-8 text-blue-600"
              fill="none"
              height="24"
              stroke="currentColor"
              stroke-linecap="round"
              stroke-linejoin="round"
              stroke-width="2"
              viewBox="0 0 24 24"
              width="24"
              xmlns="http://www.w3.org/2000/svg"
            >
              <path
                d="M16 21v-2a4 4 0 0 0-4-4H6a4 4 0 0 0-4 4v2"
              />
              <circle
                cx="9"
                cy="7"
                r="4"
              />
              <path
                d="M22 21v-2a4 4 0 0 0-3-3.87"
              />
              <path
                d="M16 3.13a4 4 0 0 1 0 7.75"
              />
            </svg>
            <div>
              <h1
                class="text-2xl font-bold text-gray-900"
                data-testid="page-title"
              >
                Customers
              </h1>
              <p
                class="text-gray-600"
              >
                Manage your customer relationships
              </p>
            </div>
          </div>
          <div
            class="flex gap-2"
          >
            <button
              class="justify-center gap-2 whitespace-nowrap rounded-md text-sm font-medium ring-offset-background transition-colors focus-visible:outline-none focus-visible:ring-2 focus-visible:ring-ring focus-visible:ring-offset-2 disabled:pointer-events-none disabled:opacity-50 [&_svg]:pointer-events-none [&_svg]:size-4 [&_svg]:shrink-0 border border-input bg-background hover:bg-accent hover:text-accent-foreground h-10 px-4 py-2 flex items-center space-x-2"
            >
              <svg
                class="lucide lucide-test-tube h-4 w-4"
                fill="none"
                height="24"
                stroke="currentColor"
                stroke-linecap="round"
                stroke-linejoin="round"
                stroke-width="2"
                viewBox="0 0 24 24"
                width="24"
                xmlns="http://www.w3.org/2000/svg"
              >
                <path
                  d="M14.5 2v17.5c0 1.4-1.1 2.5-2.5 2.5c-1.4 0-2.5-1.1-2.5-2.5V2"
                />
                <path
                  d="M8.5 2h7"
                />
                <path
                  d="M14.5 16h-5"
                />
              </svg>
              <span>
                Run All Tests
              </span>
            </button>
            <button
              class="justify-center gap-2 whitespace-nowrap rounded-md text-sm font-medium ring-offset-background transition-colors focus-visible:outline-none focus-visible:ring-2 focus-visible:ring-ring focus-visible:ring-offset-2 disabled:pointer-events-none disabled:opacity-50 [&_svg]:pointer-events-none [&_svg]:size-4 [&_svg]:shrink-0 border border-input bg-background hover:bg-accent hover:text-accent-foreground h-10 px-4 py-2 flex items-center space-x-2"
            >
              <svg
                class="lucide lucide-plus h-4 w-4"
                fill="none"
                height="24"
                stroke="currentColor"
                stroke-linecap="round"
                stroke-linejoin="round"
                stroke-width="2"
                viewBox="0 0 24 24"
                width="24"
                xmlns="http://www.w3.org/2000/svg"
              >
                <path
                  d="M5 12h14"
                />
                <path
                  d="M12 5v14"
                />
              </svg>
              <span>
                Add Demo Data
              </span>
            </button>
            <button
              class="justify-center gap-2 whitespace-nowrap rounded-md text-sm font-medium ring-offset-background transition-colors focus-visible:outline-none focus-visible:ring-2 focus-visible:ring-ring focus-visible:ring-offset-2 disabled:pointer-events-none disabled:opacity-50 [&_svg]:pointer-events-none [&_svg]:size-4 [&_svg]:shrink-0 border border-input bg-background hover:bg-accent hover:text-accent-foreground h-10 px-4 py-2 flex items-center space-x-2"
            >
              <svg
                class="lucide lucide-trash2 h-4 w-4"
                fill="none"
                height="24"
                stroke="currentColor"
                stroke-linecap="round"
                stroke-linejoin="round"
                stroke-width="2"
                viewBox="0 0 24 24"
                width="24"
                xmlns="http://www.w3.org/2000/svg"
              >
                <path
                  d="M3 6h18"
                />
                <path
                  d="M19 6v14c0 1-1 2-2 2H7c-1 0-2-1-2-2V6"
                />
                <path
                  d[39...
 ❯ src/pages/Customers.test.tsx:572:33
    570|       
    571|       await waitFor(() => {
    572|         expect(mockToast.error).toHaveBeenCalledWith('Failed to save c…
       |                                 ^
    573|       })
    574|     })
 ❯ runWithExpensiveErrorDiagnosticsDisabled node_modules/@testing-library/dom/dist/config.js:47:12
 ❯ checkCallback node_modules/@testing-library/dom/dist/wait-for.js:124:77
 ❯ Timeout.checkRealTimersCallback node_modules/@testing-library/dom/dist/wait-for.js:118:16

⎯⎯⎯⎯⎯⎯⎯⎯⎯⎯⎯⎯⎯⎯⎯⎯⎯⎯⎯⎯⎯[53/218]⎯

 FAIL  src/pages/Customers.test.tsx > Customers > error handling > should handle delete customer error
AssertionError: expected "spy" to be called with arguments: [ 'Failed to delete customer' ]

Number of calls: 0


Ignored nodes: comments, script, style
<html>
  <head />
  <body>
    <div>
      <div
        class="p-6"
      >
        <div
          class="flex justify-between items-center mb-6"
        >
          <div
            class="flex items-center space-x-3"
          >
            <svg
              class="lucide lucide-users h-8 w-8 text-blue-600"
              fill="none"
              height="24"
              stroke="currentColor"
              stroke-linecap="round"
              stroke-linejoin="round"
              stroke-width="2"
              viewBox="0 0 24 24"
              width="24"
              xmlns="http://www.w3.org/2000/svg"
            >
              <path
                d="M16 21v-2a4 4 0 0 0-4-4H6a4 4 0 0 0-4 4v2"
              />
              <circle
                cx="9"
                cy="7"
                r="4"
              />
              <path
                d="M22 21v-2a4 4 0 0 0-3-3.87"
              />
              <path
                d="M16 3.13a4 4 0 0 1 0 7.75"
              />
            </svg>
            <div>
              <h1
                class="text-2xl font-bold text-gray-900"
                data-testid="page-title"
              >
                Customers
              </h1>
              <p
                class="text-gray-600"
              >
                Manage your customer relationships
              </p>
            </div>
          </div>
          <div
            class="flex gap-2"
          >
            <button
              class="justify-center gap-2 whitespace-nowrap rounded-md text-sm font-medium ring-offset-background transition-colors focus-visible:outline-none focus-visible:ring-2 focus-visible:ring-ring focus-visible:ring-offset-2 disabled:pointer-events-none disabled:opacity-50 [&_svg]:pointer-events-none [&_svg]:size-4 [&_svg]:shrink-0 border border-input bg-background hover:bg-accent hover:text-accent-foreground h-10 px-4 py-2 flex items-center space-x-2"
            >
              <svg
                class="lucide lucide-test-tube h-4 w-4"
                fill="none"
                height="24"
                stroke="currentColor"
                stroke-linecap="round"
                stroke-linejoin="round"
                stroke-width="2"
                viewBox="0 0 24 24"
                width="24"
                xmlns="http://www.w3.org/2000/svg"
              >
                <path
                  d="M14.5 2v17.5c0 1.4-1.1 2.5-2.5 2.5c-1.4 0-2.5-1.1-2.5-2.5V2"
                />
                <path
                  d="M8.5 2h7"
                />
                <path
                  d="M14.5 16h-5"
                />
              </svg>
              <span>
                Run All Tests
              </span>
            </button>
            <button
              class="justify-center gap-2 whitespace-nowrap rounded-md text-sm font-medium ring-offset-background transition-colors focus-visible:outline-none focus-visible:ring-2 focus-visible:ring-ring focus-visible:ring-offset-2 disabled:pointer-events-none disabled:opacity-50 [&_svg]:pointer-events-none [&_svg]:size-4 [&_svg]:shrink-0 border border-input bg-background hover:bg-accent hover:text-accent-foreground h-10 px-4 py-2 flex items-center space-x-2"
            >
              <svg
                class="lucide lucide-plus h-4 w-4"
                fill="none"
                height="24"
                stroke="currentColor"
                stroke-linecap="round"
                stroke-linejoin="round"
                stroke-width="2"
                viewBox="0 0 24 24"
                width="24"
                xmlns="http://www.w3.org/2000/svg"
              >
                <path
                  d="M5 12h14"
                />
                <path
                  d="M12 5v14"
                />
              </svg>
              <span>
                Add Demo Data
              </span>
            </button>
            <button
              class="justify-center gap-2 whitespace-nowrap rounded-md text-sm font-medium ring-offset-background transition-colors focus-visible:outline-none focus-visible:ring-2 focus-visible:ring-ring focus-visible:ring-offset-2 disabled:pointer-events-none disabled:opacity-50 [&_svg]:pointer-events-none [&_svg]:size-4 [&_svg]:shrink-0 border border-input bg-background hover:bg-accent hover:text-accent-foreground h-10 px-4 py-2 flex items-center space-x-2"
            >
              <svg
                class="lucide lucide-trash2 h-4 w-4"
                fill="none"
                height="24"
                stroke="currentColor"
                stroke-linecap="round"
                stroke-linejoin="round"
                stroke-width="2"
                viewBox="0 0 24 24"
                width="24"
                xmlns="http://www.w3.org/2000/svg"
              >
                <path
                  d="M3 6h18"
                />
                <path
                  d="M19 6v14c0 1-1 2-2 2H7c-1 0-2-1-2-2V6"
                />
                <path
                  d[39...
 ❯ src/pages/Customers.test.tsx:598:33
    596|       
    597|       await waitFor(() => {
    598|         expect(mockToast.error).toHaveBeenCalledWith('Failed to delete…
       |                                 ^
    599|       })
    600|     })
 ❯ runWithExpensiveErrorDiagnosticsDisabled node_modules/@testing-library/dom/dist/config.js:47:12
 ❯ checkCallback node_modules/@testing-library/dom/dist/wait-for.js:124:77
 ❯ Timeout.checkRealTimersCallback node_modules/@testing-library/dom/dist/wait-for.js:118:16

⎯⎯⎯⎯⎯⎯⎯⎯⎯⎯⎯⎯⎯⎯⎯⎯⎯⎯⎯⎯⎯[54/218]⎯

 FAIL  src/pages/Dashboard.simple.test.tsx > Dashboard Simple Test > should render without crashing
Error: [vitest] No "AuthContext" export is defined on the "../hooks/useAuth" mock. Did you forget to return it from "vi.mock"?
If you need to partially mock a module, you can use "importOriginal" helper inside:

vi.mock(import("../hooks/useAuth"), async (importOriginal) => {
  const actual = await importOriginal()
  return {
    ...actual,
    // your mocked methods
  }
})

 ❯ useAuth src/hooks/useAuthHook.ts:5:30
      3| 
      4| export function useAuth() {
      5|   const context = useContext(AuthContext)
       |                              ^
      6|   if (context === undefined) {
      7|     throw new Error('useAuth must be used within an AuthProvider')
 ❯ Dashboard src/pages/Dashboard.tsx:36:20
 ❯ renderWithHooks node_modules/react-dom/cjs/react-dom.development.js:15486:18
 ❯ mountIndeterminateComponent node_modules/react-dom/cjs/react-dom.development.js:20103:13
 ❯ beginWork node_modules/react-dom/cjs/react-dom.development.js:21626:16
 ❯ beginWork$1 node_modules/react-dom/cjs/react-dom.development.js:27465:14
 ❯ performUnitOfWork node_modules/react-dom/cjs/react-dom.development.js:26599:12
 ❯ workLoopSync node_modules/react-dom/cjs/react-dom.development.js:26505:5

⎯⎯⎯⎯⎯⎯⎯⎯⎯⎯⎯⎯⎯⎯⎯⎯⎯⎯⎯⎯⎯[55/218]⎯

 FAIL  src/pages/Invoices.integration.test.tsx > Invoices Integration Tests > should load and display invoices with export information
 FAIL  src/pages/Invoices.integration.test.tsx > Invoices Integration Tests > should create new invoice with export fields integration
 FAIL  src/pages/Invoices.integration.test.tsx > Invoices Integration Tests > should handle batch download with export customization
 FAIL  src/pages/Invoices.integration.test.tsx > Invoices Integration Tests > should customize PDF with export-specific branding
 FAIL  src/pages/Invoices.integration.test.tsx > Invoices Integration Tests > should filter invoices by export status and customer
 FAIL  src/pages/Invoices.integration.test.tsx > Invoices Integration Tests > should handle invoice editing with export field updates
 FAIL  src/pages/Invoices.integration.test.tsx > Invoices Integration Tests > should display export compliance information in invoice details
 FAIL  src/pages/Invoices.integration.test.tsx > Invoices Integration Tests > should handle error states gracefully
 FAIL  src/pages/Invoices.integration.test.tsx > Invoices Integration Tests > should validate export compliance before invoice creation
Error: Element type is invalid: expected a string (for built-in components) or a class/function (for composite components) but got: undefined. You likely forgot to export your component from the file it's defined in, or you might have mixed up default and named imports.
 ❯ createFiberFromTypeAndProps node_modules/react-dom/cjs/react-dom.development.js:28478:17
 ❯ createFiberFromElement node_modules/react-dom/cjs/react-dom.development.js:28504:15
 ❯ reconcileSingleElement node_modules/react-dom/cjs/react-dom.development.js:13986:23
 ❯ reconcileChildFibers node_modules/react-dom/cjs/react-dom.development.js:14044:35
 ❯ reconcileChildren node_modules/react-dom/cjs/react-dom.development.js:19186:28
 ❯ updateContextProvider node_modules/react-dom/cjs/react-dom.development.js:21193:3
 ❯ beginWork node_modules/react-dom/cjs/react-dom.development.js:21688:14
 ❯ beginWork$1 node_modules/react-dom/cjs/react-dom.development.js:27465:14
 ❯ performUnitOfWork node_modules/react-dom/cjs/react-dom.development.js:26599:12
 ❯ workLoopSync node_modules/react-dom/cjs/react-dom.development.js:26505:5

⎯⎯⎯⎯⎯⎯⎯⎯⎯⎯⎯⎯⎯⎯⎯⎯⎯⎯⎯⎯⎯[56/218]⎯

 FAIL  src/pages/Proposals.test.tsx > Proposals > renders proposals page with header
TestingLibraryElementError: Unable to find an element with the text: Proposals. This could be because the text is broken up by multiple elements. In this case, you can provide a function for your text matcher to make your matcher more flexible.

Ignored nodes: comments, script, style
<body>
  <div>
    <div
      class="flex items-center justify-center h-64"
    >
      <div
        class="animate-spin rounded-full h-8 w-8 border-b-2 border-blue-600"
      />
    </div>
  </div>
</body>
 ❯ Object.getElementError node_modules/@testing-library/dom/dist/config.js:37:19
 ❯ node_modules/@testing-library/dom/dist/query-helpers.js:76:38
 ❯ node_modules/@testing-library/dom/dist/query-helpers.js:52:17
 ❯ node_modules/@testing-library/dom/dist/query-helpers.js:95:19
 ❯ src/pages/Proposals.test.tsx:203:19
    201|     render(<Proposals />)
    202|     
    203|     expect(screen.getByText('Proposals')).toBeInTheDocument()
       |                   ^
    204|     expect(screen.getByText('Create and manage proposals')).toBeInTheD…
    205|     expect(screen.getByText('Create Proposal')).toBeInTheDocument()

⎯⎯⎯⎯⎯⎯⎯⎯⎯⎯⎯⎯⎯⎯⎯⎯⎯⎯⎯⎯⎯[57/218]⎯

 FAIL  src/pages/Proposals.test.tsx > Proposals > displays loading state initially
TestingLibraryElementError: Unable to find an element with the text: Loading proposals.... This could be because the text is broken up by multiple elements. In this case, you can provide a function for your text matcher to make your matcher more flexible.

Ignored nodes: comments, script, style
<body>
  <div>
    <div
      class="flex items-center justify-center h-64"
    >
      <div
        class="animate-spin rounded-full h-8 w-8 border-b-2 border-blue-600"
      />
    </div>
  </div>
</body>
 ❯ Object.getElementError node_modules/@testing-library/dom/dist/config.js:37:19
 ❯ node_modules/@testing-library/dom/dist/query-helpers.js:76:38
 ❯ node_modules/@testing-library/dom/dist/query-helpers.js:52:17
 ❯ node_modules/@testing-library/dom/dist/query-helpers.js:95:19
 ❯ src/pages/Proposals.test.tsx:211:19
    209|     render(<Proposals />)
    210|     
    211|     expect(screen.getByText('Loading proposals...')).toBeInTheDocument…
       |                   ^
    212|   })
    213|   

⎯⎯⎯⎯⎯⎯⎯⎯⎯⎯⎯⎯⎯⎯⎯⎯⎯⎯⎯⎯⎯[58/218]⎯

 FAIL  src/pages/Proposals.test.tsx > Proposals > displays proposals statistics correctly
TestingLibraryElementError: Unable to find an element with the text: Total Proposals. This could be because the text is broken up by multiple elements. In this case, you can provide a function for your text matcher to make your matcher more flexible.

Ignored nodes: comments, script, style
<body>
  <div>
    <div
      class="p-6 max-w-7xl mx-auto"
    >
      <div
        class="flex items-center justify-between mb-6"
      >
        <div>
          <h1
            class="text-2xl font-bold flex items-center gap-2"
          >
            <svg
              class="lucide lucide-file-text h-6 w-6"
              fill="none"
              height="24"
              stroke="currentColor"
              stroke-linecap="round"
              stroke-linejoin="round"
              stroke-width="2"
              viewBox="0 0 24 24"
              width="24"
              xmlns="http://www.w3.org/2000/svg"
            >
              <path
                d="M15 2H6a2 2 0 0 0-2 2v16a2 2 0 0 0 2 2h12a2 2 0 0 0 2-2V7Z"
              />
              <path
                d="M14 2v4a2 2 0 0 0 2 2h4"
              />
              <path
                d="M10 9H8"
              />
              <path
                d="M16 13H8"
              />
              <path
                d="M16 17H8"
              />
            </svg>
            Proposals & Templates
          </h1>
          <p
            class="text-gray-600 mt-1"
          >
            Create, manage, and send professional proposals
          </p>
        </div>
        <div
          class="flex items-center space-x-2"
        >
          <button
            class="inline-flex items-center justify-center gap-2 whitespace-nowrap rounded-md text-sm font-medium ring-offset-background transition-colors focus-visible:outline-none focus-visible:ring-2 focus-visible:ring-ring focus-visible:ring-offset-2 disabled:pointer-events-none disabled:opacity-50 [&_svg]:pointer-events-none [&_svg]:size-4 [&_svg]:shrink-0 border border-input bg-background hover:bg-accent hover:text-accent-foreground h-10 px-4 py-2"
          >
            <svg
              class="lucide lucide-search h-4 w-4 mr-2"
              fill="none"
              height="24"
              stroke="currentColor"
              stroke-linecap="round"
              stroke-linejoin="round"
              stroke-width="2"
              viewBox="0 0 24 24"
              width="24"
              xmlns="http://www.w3.org/2000/svg"
            >
              <circle
                cx="11"
                cy="11"
                r="8"
              />
              <path
                d="m21 21-4.3-4.3"
              />
            </svg>
            Refresh
          </button>
        </div>
      </div>
      <div
        class="w-full"
      >
        <div
          class="h-10 items-center justify-center rounded-md bg-gray-100 p-1 text-gray-500 grid w-full grid-cols-2"
        >
          <button
            class="inline-flex items-center justify-center whitespace-nowrap rounded-sm px-3 py-1.5 text-sm font-medium transition-all focus-visible:outline-none focus-visible:ring-2 focus-visible:ring-blue-500 focus-visible:ring-offset-2 disabled:pointer-events-none disabled:opacity-50 bg-white text-gray-900 shadow-sm"
          >
            Proposals (
            0
            )
          </button>
          <button
            class="inline-flex items-center justify-center whitespace-nowrap rounded-sm px-3 py-1.5 text-sm font-medium transition-all focus-visible:outline-none focus-visible:ring-2 focus-visible:ring-blue-500 focus-visible:ring-offset-2 disabled:pointer-events-none disabled:opacity-50 text-gray-600 hover:text-gray-900"
          >
            Templates (
            0
            )
          </button>
        </div>
        <div
          class="mt-2 focus-visible:outline-none focus-visible:ring-2 focus-visible:ring-blue-500 focus-visible:ring-offset-2 space-y-6"
        >
          <div
            class="flex items-center justify-between"
          >
            <div
              class="flex items-center space-x-4"
            >
              <div
                class="relative"
              >
                <svg
                  class="lucide lucide-search absolute left-3 top-1/2 transform -translate-y-1/2 text-gray-400 h-4 w-4"
                  fill="none"
                  height="24"
                  stroke="currentColor"
                  stroke-linecap="round"
                  stroke-linejoin="round"
                  stroke-width="2"
                  viewBox="0 0 24 24"
                  width="24"
                  xmlns="http://www.w3.org/2000/svg"
                >
                  <circle
                    cx="11"
                    cy="11"
                    r="8"
                  />
                  <path
                    d="m21 21-4.3-4.3"
                  />
                </svg>
                <input
                  class="flex h-10 rounded-md border border-input bg-background px-3 py-2 text-sm ring-offset-background file:border-0 file:bg-transparent file:text-sm file:font-medium placeholder:text-muted-foreground focus-visible:outline-none focus-visible:ring-2 focus-visible:ring-ring focus-visible:ring-offset-2 disabled:cursor-not-allowed disabled:opacity-50 pl-10 w-64"
                  placeholder="Search proposals..."
                  value=""
                />
              </div>
              <button
                aria-autocomplete="none"
                aria-controls="radix-:r0:"
                aria-expanded="false"
                class="flex h-10 items-center justify-between rounded-md border border-input bg-background px-3 py-2 text-sm ring-offset-background data-[placeholder]:text-muted-foreground focus:outline-none focus:ring-2 focus:ring-ring focus:ring-offset-2 disabled:cursor-not-allowed disabled:opacity-50 [&>span]:line-clamp-1 w-40"
                data-state="closed"
                dir="ltr"
                role="combobox"
                type="button"
              >
                <svg
                  class="lucide lucide-filter h-4 w-4 mr-2"
                  fill="none"
                  height="24"
                  stroke="currentColor"
                  stroke-linecap="round"
                  stroke-linejoin="round"
                  stroke-width="2"
                  viewBox="0 0 24 24"
                  width="24"
                  xmlns="http://www.w3.org/2000/svg"
                >
                  <polygon
                    points="22 3 2 3 10 12.46 10 19 14 21 14 12.46 22 3"
                  />
                </svg>
                <span
                  style="pointer-events: none;"
                >
                  All Status
                </span>
                <svg
                  aria-hidden="true"
                  class="lucide lucide-chevron-down h-4 w-4 opacity-50"
                  fill="none"
                  height="24"
                  stroke="currentColor"
                  stroke-linecap="round"
                  stroke-linejoin="round"
                  stroke-width="2"
                  viewBox="0 0 24 24"
                  width="24"
                  xmlns="http://www.w3.org/2000/svg"
                >
                  <path
                    d="m6 9 6 6 6-6"
                  />
                </svg>
              </button>
            </div>
            <button
              class="inline-flex items-center justify-center gap-2 whitespace-nowrap rounded-md text-sm font-medium ring-offset-background transition-colors focus-visible:outline-none focus-visible:ring-2 focus-visible:ring-ring focus-visible:ring-offset-2 disabled:pointer-events-none disabled:opacity-50 [&_svg]:pointer-events-none [&_svg]:size-4 [&_svg]:shrink-0 bg-primary text-primary-foreground hover:bg-primary/90 h-10 px-4 py-2"
            >
              <svg
                class="lucide lucide-plus h-4 w-4 mr-2"
                fill="none"
                height="24"
                stroke="currentColor"
                stroke-linecap="round"
                stroke-linejoin="round"
                stroke-width="2"
                viewBox="0 0 24 24"
                width="24"
                xmlns="http://www.w3.org/2000/svg"
              >
                <path
                  d="M5 12h14"
                />
                <path
                  d="M12 5v14"
                />
              </svg>
              New Proposal
            </button>
          </div>
          <div
            class="grid grid-cols-1 md:grid-cols-2 lg:grid-cols-3 gap-6"
          />
          <div
            class="text-center py-12"
          >
            <svg
              class="lucide lucide-file-text h-12 w-12 text-gray-400 mx-auto mb-4"
              fill="none"
              height="24"
              stroke="currentColor"
              stroke-linecap="round"
              stroke-linejoin="round"
              stroke-width="2"
              viewBox="0 0 24 24"
              width="24"
              xmlns="http://www.w3.org/2000/svg"
            >
              <path
                d="M15 2H6a2 2 0 0 0-2 2v16a2 2 0 0 0 2 2h12a2 2 0 0 0 2-2V7Z"
              />
              <path
                d="M14 2v4a2 2 0 0 0 2 2h4"
              />
              <path
                d="M10 9H8"
              />
              <path
                d="M16 13H8"
              />
              <path
                d="M16 17H8"
              />
            </svg>
            <h3
              class="text-lg font-medium text-gray-900 mb-2"
            >
              No proposals found
            </h3>
            <p
              class="text-gray-600 mb-4"
            >
              Get started by creating your first proposal
            </p>
            <button
              class="inline-flex items-center justify-center gap-2 whitespace-nowrap rounded-md text-sm font-medium ring-offset-background transition-colors focus-visible:outline-none focus-visible:ring-2 focus-visible:ring-ring focus-visible:ring-offset-2 disabled:pointer-events-none disabled:opacity-50 [&_svg]:pointer-events-none [&_svg]:size-4 [&_svg]:shrink-0 bg-primary text-primary-foreground hover:bg-primary/90 h-10 px-4 py-2"
            >
              <svg
                class="lucide lucide-plus h-4 w-4 mr-2"
                fill="none"
                height="24"
                stroke="currentColor"
                stroke-linecap="round"
                stroke-linejoin="round"
                stroke-width="2"
                viewBox="0 0 24 24"
                width="24"
                xmlns="http://www.w3.org/2000/svg"
              >
                <path
                  d="M5 12h14"
                />
                <path
                  d="M12 5v14"
                />
              </svg>
              Create Proposal
            </button>
          </div>
        </div>
      </div>
    </div>
  </div>
</body>

Ignored nodes: comments, script, style
<html>
  <head />
  <body>
    <div>
      <div
        class="p-6 max-w-7xl mx-auto"
      >
        <div
          class="flex items-center justify-between mb-6"
        >
          <div>
            <h1
              class="text-2xl font-bold flex items-center gap-2"
            >
              <svg
                class="lucide lucide-file-text h-6 w-6"
                fill="none"
                height="24"
                stroke="currentColor"
                stroke-linecap="round"
                stroke-linejoin="round"
                stroke-width="2"
                viewBox="0 0 24 24"
                width="24"
                xmlns="http://www.w3.org/2000/svg"
              >
                <path
                  d="M15 2H6a2 2 0 0 0-2 2v16a2 2 0 0 0 2 2h12a2 2 0 0 0 2-2V7Z"
                />
                <path
                  d="M14 2v4a2 2 0 0 0 2 2h4"
                />
                <path
                  d="M10 9H8"
                />
                <path
                  d="M16 13H8"
                />
                <path
                  d="M16 17H8"
                />
              </svg>
              Proposals & Templates
            </h1>
            <p
              class="text-gray-600 mt-1"
            >
              Create, manage, and send professional proposals
            </p>
          </div>
          <div
            class="flex items-center space-x-2"
          >
            <button
              class="inline-flex items-center justify-center gap-2 whitespace-nowrap rounded-md text-sm font-medium ring-offset-background transition-colors focus-visible:outline-none focus-visible:ring-2 focus-visible:ring-ring focus-visible:ring-offset-2 disabled:pointer-events-none disabled:opacity-50 [&_svg]:pointer-events-none [&_svg]:size-4 [&_svg]:shrink-0 border border-input bg-background hover:bg-accent hover:text-accent-foreground h-10 px-4 py-2"
            >
              <svg
                class="lucide lucide-search h-4 w-4 mr-2"
                fill="none"
                height="24"
                stroke="currentColor"
                stroke-linecap="round"
                stroke-linejoin="round"
                stroke-width="2"
                viewBox="0 0 24 24"
                width="24"
                xmlns="http://www.w3.org/2000/svg"
              >
                <circle
                  cx="11"
                  cy="11"
                  r="8"
                />
                <path
                  d="m21 21-4.3-4.3"
                />
              </svg>
              Refresh
            </button>
          </div>
        </div>
        <div
          class="w-full"
        >
          <div
            class="h-10 items-center justify-center rounded-md bg-gray-100 p-1 text-gray-500 grid w-full grid-cols-2"
          >
            <button
              class="inline-flex items-center justify-center whitespace-nowrap rounded-sm px-3 py-1.5 text-sm font-medium transition-all focus-visible:outline-none focus-visible:ring-2 focus-visible:ring-blue-500 focus-visible:ring-offset-2 disabled:pointer-events-none disabled:opacity-50 bg-white text-gray-900 shadow-sm"
            >
              Proposals (
              0
              )
            </button>
            <button
              class="inline-flex items-center justify-center whitespace-nowrap rounded-sm px-3 py-1.5 text-sm font-medium transition-all focus-visible:outline-none focus-visible:ring-2 focus-visible:ring-blue-500 focus-visible:ring-offset-2 disabled:pointer-events-none disabled:opacity-50 text-gray-600 hover:text-gray-900"
            >
              Templates (
              0
              )
            </button>
          </div>
          <div
            class="mt-2 focus-visible:outline-none focus-visible:ring-2 focus-visible:ring-blue-500 focus-visible:ring-offset-2 space-y-6"
          >
            <div
              class="flex items-center justify-between"
            >
              <div
                class="flex items-center space-x-4"
              >
                <div
                  class="relative"
                >
                  <svg
                    class="lucide lucide-search absolute left-3 top-1/2 transform -translate-y-1/2 text-gray-400 h-4 w-4"
                    fill="none"
                    height="24"
                    stroke="currentColor"
                    stroke-linecap="round"
                    stroke-linejoin="round"
                    stroke-width="2"
                    viewBox="0 0 24 24"
                    width="24"
                    xmlns="http://www.w3.org/2000/svg"
                  >
                    <circle
                      cx="11"
                      cy="11"
                      r="8"
                    />
                    <path
                      d="m21 21-4.3-4.3"
                    />
                  </svg>
                  <input
                    class="flex h-10 rounded-md border border-input bg-background px-3 py-2 text-sm ring-offset-background file:border...
 ❯ Proxy.waitForWrapper node_modules/@testing-library/dom/dist/wait-for.js:163:27
 ❯ src/pages/Proposals.test.tsx:217:11
    215|     render(<Proposals />)
    216|     
    217|     await waitFor(() => {
       |           ^
    218|       expect(screen.getByText('Total Proposals')).toBeInTheDocument()
    219|       expect(screen.getByText('3')).toBeInTheDocument() // Total propo…

⎯⎯⎯⎯⎯⎯⎯⎯⎯⎯⎯⎯⎯⎯⎯⎯⎯⎯⎯⎯⎯[59/218]⎯

 FAIL  src/pages/Proposals.test.tsx > Proposals > displays proposals table when data is loaded
TestingLibraryElementError: Unable to find an element by: [data-testid="proposals-table"]

Ignored nodes: comments, script, style
<body>
  <div>
    <div
      class="p-6 max-w-7xl mx-auto"
    >
      <div
        class="flex items-center justify-between mb-6"
      >
        <div>
          <h1
            class="text-2xl font-bold flex items-center gap-2"
          >
            <svg
              class="lucide lucide-file-text h-6 w-6"
              fill="none"
              height="24"
              stroke="currentColor"
              stroke-linecap="round"
              stroke-linejoin="round"
              stroke-width="2"
              viewBox="0 0 24 24"
              width="24"
              xmlns="http://www.w3.org/2000/svg"
            >
              <path
                d="M15 2H6a2 2 0 0 0-2 2v16a2 2 0 0 0 2 2h12a2 2 0 0 0 2-2V7Z"
              />
              <path
                d="M14 2v4a2 2 0 0 0 2 2h4"
              />
              <path
                d="M10 9H8"
              />
              <path
                d="M16 13H8"
              />
              <path
                d="M16 17H8"
              />
            </svg>
            Proposals & Templates
          </h1>
          <p
            class="text-gray-600 mt-1"
          >
            Create, manage, and send professional proposals
          </p>
        </div>
        <div
          class="flex items-center space-x-2"
        >
          <button
            class="inline-flex items-center justify-center gap-2 whitespace-nowrap rounded-md text-sm font-medium ring-offset-background transition-colors focus-visible:outline-none focus-visible:ring-2 focus-visible:ring-ring focus-visible:ring-offset-2 disabled:pointer-events-none disabled:opacity-50 [&_svg]:pointer-events-none [&_svg]:size-4 [&_svg]:shrink-0 border border-input bg-background hover:bg-accent hover:text-accent-foreground h-10 px-4 py-2"
          >
            <svg
              class="lucide lucide-search h-4 w-4 mr-2"
              fill="none"
              height="24"
              stroke="currentColor"
              stroke-linecap="round"
              stroke-linejoin="round"
              stroke-width="2"
              viewBox="0 0 24 24"
              width="24"
              xmlns="http://www.w3.org/2000/svg"
            >
              <circle
                cx="11"
                cy="11"
                r="8"
              />
              <path
                d="m21 21-4.3-4.3"
              />
            </svg>
            Refresh
          </button>
        </div>
      </div>
      <div
        class="w-full"
      >
        <div
          class="h-10 items-center justify-center rounded-md bg-gray-100 p-1 text-gray-500 grid w-full grid-cols-2"
        >
          <button
            class="inline-flex items-center justify-center whitespace-nowrap rounded-sm px-3 py-1.5 text-sm font-medium transition-all focus-visible:outline-none focus-visible:ring-2 focus-visible:ring-blue-500 focus-visible:ring-offset-2 disabled:pointer-events-none disabled:opacity-50 bg-white text-gray-900 shadow-sm"
          >
            Proposals (
            0
            )
          </button>
          <button
            class="inline-flex items-center justify-center whitespace-nowrap rounded-sm px-3 py-1.5 text-sm font-medium transition-all focus-visible:outline-none focus-visible:ring-2 focus-visible:ring-blue-500 focus-visible:ring-offset-2 disabled:pointer-events-none disabled:opacity-50 text-gray-600 hover:text-gray-900"
          >
            Templates (
            0
            )
          </button>
        </div>
        <div
          class="mt-2 focus-visible:outline-none focus-visible:ring-2 focus-visible:ring-blue-500 focus-visible:ring-offset-2 space-y-6"
        >
          <div
            class="flex items-center justify-between"
          >
            <div
              class="flex items-center space-x-4"
            >
              <div
                class="relative"
              >
                <svg
                  class="lucide lucide-search absolute left-3 top-1/2 transform -translate-y-1/2 text-gray-400 h-4 w-4"
                  fill="none"
                  height="24"
                  stroke="currentColor"
                  stroke-linecap="round"
                  stroke-linejoin="round"
                  stroke-width="2"
                  viewBox="0 0 24 24"
                  width="24"
                  xmlns="http://www.w3.org/2000/svg"
                >
                  <circle
                    cx="11"
                    cy="11"
                    r="8"
                  />
                  <path
                    d="m21 21-4.3-4.3"
                  />
                </svg>
                <input
                  class="flex h-10 rounded-md border border-input bg-background px-3 py-2 text-sm ring-offset-background file:border-0 file:bg-transparent file:text-sm file:font-medium placeholder:text-muted-foreground focus-visible:outline-none focus-visible:ring-2 focus-visible:ring-ring focus-visible:ring-offset-2 disabled:cursor-not-allowed disabled:opacity-50 pl-10 w-64"
                  placeholder="Search proposals..."
                  value=""
                />
              </div>
              <button
                aria-autocomplete="none"
                aria-controls="radix-:re:"
                aria-expanded="false"
                class="flex h-10 items-center justify-between rounded-md border border-input bg-background px-3 py-2 text-sm ring-offset-background data-[placeholder]:text-muted-foreground focus:outline-none focus:ring-2 focus:ring-ring focus:ring-offset-2 disabled:cursor-not-allowed disabled:opacity-50 [&>span]:line-clamp-1 w-40"
                data-state="closed"
                dir="ltr"
                role="combobox"
                type="button"
              >
                <svg
                  class="lucide lucide-filter h-4 w-4 mr-2"
                  fill="none"
                  height="24"
                  stroke="currentColor"
                  stroke-linecap="round"
                  stroke-linejoin="round"
                  stroke-width="2"
                  viewBox="0 0 24 24"
                  width="24"
                  xmlns="http://www.w3.org/2000/svg"
                >
                  <polygon
                    points="22 3 2 3 10 12.46 10 19 14 21 14 12.46 22 3"
                  />
                </svg>
                <span
                  style="pointer-events: none;"
                >
                  All Status
                </span>
                <svg
                  aria-hidden="true"
                  class="lucide lucide-chevron-down h-4 w-4 opacity-50"
                  fill="none"
                  height="24"
                  stroke="currentColor"
                  stroke-linecap="round"
                  stroke-linejoin="round"
                  stroke-width="2"
                  viewBox="0 0 24 24"
                  width="24"
                  xmlns="http://www.w3.org/2000/svg"
                >
                  <path
                    d="m6 9 6 6 6-6"
                  />
                </svg>
              </button>
            </div>
            <button
              class="inline-flex items-center justify-center gap-2 whitespace-nowrap rounded-md text-sm font-medium ring-offset-background transition-colors focus-visible:outline-none focus-visible:ring-2 focus-visible:ring-ring focus-visible:ring-offset-2 disabled:pointer-events-none disabled:opacity-50 [&_svg]:pointer-events-none [&_svg]:size-4 [&_svg]:shrink-0 bg-primary text-primary-foreground hover:bg-primary/90 h-10 px-4 py-2"
            >
              <svg
                class="lucide lucide-plus h-4 w-4 mr-2"
                fill="none"
                height="24"
                stroke="currentColor"
                stroke-linecap="round"
                stroke-linejoin="round"
                stroke-width="2"
                viewBox="0 0 24 24"
                width="24"
                xmlns="http://www.w3.org/2000/svg"
              >
                <path
                  d="M5 12h14"
                />
                <path
                  d="M12 5v14"
                />
              </svg>
              New Proposal
            </button>
          </div>
          <div
            class="grid grid-cols-1 md:grid-cols-2 lg:grid-cols-3 gap-6"
          />
          <div
            class="text-center py-12"
          >
            <svg
              class="lucide lucide-file-text h-12 w-12 text-gray-400 mx-auto mb-4"
              fill="none"
              height="24"
              stroke="currentColor"
              stroke-linecap="round"
              stroke-linejoin="round"
              stroke-width="2"
              viewBox="0 0 24 24"
              width="24"
              xmlns="http://www.w3.org/2000/svg"
            >
              <path
                d="M15 2H6a2 2 0 0 0-2 2v16a2 2 0 0 0 2 2h12a2 2 0 0 0 2-2V7Z"
              />
              <path
                d="M14 2v4a2 2 0 0 0 2 2h4"
              />
              <path
                d="M10 9H8"
              />
              <path
                d="M16 13H8"
              />
              <path
                d="M16 17H8"
              />
            </svg>
            <h3
              class="text-lg font-medium text-gray-900 mb-2"
            >
              No proposals found
            </h3>
            <p
              class="text-gray-600 mb-4"
            >
              Get started by creating your first proposal
            </p>
            <button
              class="inline-flex items-center justify-center gap-2 whitespace-nowrap rounded-md text-sm font-medium ring-offset-background transition-colors focus-visible:outline-none focus-visible:ring-2 focus-visible:ring-ring focus-visible:ring-offset-2 disabled:pointer-events-none disabled:opacity-50 [&_svg]:pointer-events-none [&_svg]:size-4 [&_svg]:shrink-0 bg-primary text-primary-foreground hover:bg-primary/90 h-10 px-4 py-2"
            >
              <svg
                class="lucide lucide-plus h-4 w-4 mr-2"
                fill="none"
                height="24"
                stroke="currentColor"
                stroke-linecap="round"
                stroke-linejoin="round"
                stroke-width="2"
                viewBox="0 0 24 24"
                width="24"
                xmlns="http://www.w3.org/2000/svg"
              >
                <path
                  d="M5 12h14"
                />
                <path
                  d="M12 5v14"
                />
              </svg>
              Create Proposal
            </button>
          </div>
        </div>
      </div>
    </div>
  </div>
</body>

Ignored nodes: comments, script, style
<html>
  <head />
  <body>
    <div>
      <div
        class="p-6 max-w-7xl mx-auto"
      >
        <div
          class="flex items-center justify-between mb-6"
        >
          <div>
            <h1
              class="text-2xl font-bold flex items-center gap-2"
            >
              <svg
                class="lucide lucide-file-text h-6 w-6"
                fill="none"
                height="24"
                stroke="currentColor"
                stroke-linecap="round"
                stroke-linejoin="round"
                stroke-width="2"
                viewBox="0 0 24 24"
                width="24"
                xmlns="http://www.w3.org/2000/svg"
              >
                <path
                  d="M15 2H6a2 2 0 0 0-2 2v16a2 2 0 0 0 2 2h12a2 2 0 0 0 2-2V7Z"
                />
                <path
                  d="M14 2v4a2 2 0 0 0 2 2h4"
                />
                <path
                  d="M10 9H8"
                />
                <path
                  d="M16 13H8"
                />
                <path
                  d="M16 17H8"
                />
              </svg>
              Proposals & Templates
            </h1>
            <p
              class="text-gray-600 mt-1"
            >
              Create, manage, and send professional proposals
            </p>
          </div>
          <div
            class="flex items-center space-x-2"
          >
            <button
              class="inline-flex items-center justify-center gap-2 whitespace-nowrap rounded-md text-sm font-medium ring-offset-background transition-colors focus-visible:outline-none focus-visible:ring-2 focus-visible:ring-ring focus-visible:ring-offset-2 disabled:pointer-events-none disabled:opacity-50 [&_svg]:pointer-events-none [&_svg]:size-4 [&_svg]:shrink-0 border border-input bg-background hover:bg-accent hover:text-accent-foreground h-10 px-4 py-2"
            >
              <svg
                class="lucide lucide-search h-4 w-4 mr-2"
                fill="none"
                height="24"
                stroke="currentColor"
                stroke-linecap="round"
                stroke-linejoin="round"
                stroke-width="2"
                viewBox="0 0 24 24"
                width="24"
                xmlns="http://www.w3.org/2000/svg"
              >
                <circle
                  cx="11"
                  cy="11"
                  r="8"
                />
                <path
                  d="m21 21-4.3-4.3"
                />
              </svg>
              Refresh
            </button>
          </div>
        </div>
        <div
          class="w-full"
        >
          <div
            class="h-10 items-center justify-center rounded-md bg-gray-100 p-1 text-gray-500 grid w-full grid-cols-2"
          >
            <button
              class="inline-flex items-center justify-center whitespace-nowrap rounded-sm px-3 py-1.5 text-sm font-medium transition-all focus-visible:outline-none focus-visible:ring-2 focus-visible:ring-blue-500 focus-visible:ring-offset-2 disabled:pointer-events-none disabled:opacity-50 bg-white text-gray-900 shadow-sm"
            >
              Proposals (
              0
              )
            </button>
            <button
              class="inline-flex items-center justify-center whitespace-nowrap rounded-sm px-3 py-1.5 text-sm font-medium transition-all focus-visible:outline-none focus-visible:ring-2 focus-visible:ring-blue-500 focus-visible:ring-offset-2 disabled:pointer-events-none disabled:opacity-50 text-gray-600 hover:text-gray-900"
            >
              Templates (
              0
              )
            </button>
          </div>
          <div
            class="mt-2 focus-visible:outline-none focus-visible:ring-2 focus-visible:ring-blue-500 focus-visible:ring-offset-2 space-y-6"
          >
            <div
              class="flex items-center justify-between"
            >
              <div
                class="flex items-center space-x-4"
              >
                <div
                  class="relative"
                >
                  <svg
                    class="lucide lucide-search absolute left-3 top-1/2 transform -translate-y-1/2 text-gray-400 h-4 w-4"
                    fill="none"
                    height="24"
                    stroke="currentColor"
                    stroke-linecap="round"
                    stroke-linejoin="round"
                    stroke-width="2"
                    viewBox="0 0 24 24"
                    width="24"
                    xmlns="http://www.w3.org/2000/svg"
                  >
                    <circle
                      cx="11"
                      cy="11"
                      r="8"
                    />
                    <path
                      d="m21 21-4.3-4.3"
                    />
                  </svg>
                  <input
                    class="flex h-10 rounded-md border border-input bg-background px-3 py-2 text-sm ring-offset-background file:border...
 ❯ Proxy.waitForWrapper node_modules/@testing-library/dom/dist/wait-for.js:163:27
 ❯ src/pages/Proposals.test.tsx:230:11
    228|     render(<Proposals />)
    229|     
    230|     await waitFor(() => {
       |           ^
    231|       expect(screen.getByTestId('proposals-table')).toBeInTheDocument()
    232|       expect(screen.getByTestId('proposal-proposal-1')).toBeInTheDocum…

⎯⎯⎯⎯⎯⎯⎯⎯⎯⎯⎯⎯⎯⎯⎯⎯⎯⎯⎯⎯⎯[60/218]⎯

 FAIL  src/pages/Proposals.test.tsx > Proposals > displays empty state when no proposals exist
TestingLibraryElementError: Unable to find an element with the text: No proposals yet. This could be because the text is broken up by multiple elements. In this case, you can provide a function for your text matcher to make your matcher more flexible.

Ignored nodes: comments, script, style
<body>
  <div>
    <div
      class="p-6 max-w-7xl mx-auto"
    >
      <div
        class="flex items-center justify-between mb-6"
      >
        <div>
          <h1
            class="text-2xl font-bold flex items-center gap-2"
          >
            <svg
              class="lucide lucide-file-text h-6 w-6"
              fill="none"
              height="24"
              stroke="currentColor"
              stroke-linecap="round"
              stroke-linejoin="round"
              stroke-width="2"
              viewBox="0 0 24 24"
              width="24"
              xmlns="http://www.w3.org/2000/svg"
            >
              <path
                d="M15 2H6a2 2 0 0 0-2 2v16a2 2 0 0 0 2 2h12a2 2 0 0 0 2-2V7Z"
              />
              <path
                d="M14 2v4a2 2 0 0 0 2 2h4"
              />
              <path
                d="M10 9H8"
              />
              <path
                d="M16 13H8"
              />
              <path
                d="M16 17H8"
              />
            </svg>
            Proposals & Templates
          </h1>
          <p
            class="text-gray-600 mt-1"
          >
            Create, manage, and send professional proposals
          </p>
        </div>
        <div
          class="flex items-center space-x-2"
        >
          <button
            class="inline-flex items-center justify-center gap-2 whitespace-nowrap rounded-md text-sm font-medium ring-offset-background transition-colors focus-visible:outline-none focus-visible:ring-2 focus-visible:ring-ring focus-visible:ring-offset-2 disabled:pointer-events-none disabled:opacity-50 [&_svg]:pointer-events-none [&_svg]:size-4 [&_svg]:shrink-0 border border-input bg-background hover:bg-accent hover:text-accent-foreground h-10 px-4 py-2"
          >
            <svg
              class="lucide lucide-search h-4 w-4 mr-2"
              fill="none"
              height="24"
              stroke="currentColor"
              stroke-linecap="round"
              stroke-linejoin="round"
              stroke-width="2"
              viewBox="0 0 24 24"
              width="24"
              xmlns="http://www.w3.org/2000/svg"
            >
              <circle
                cx="11"
                cy="11"
                r="8"
              />
              <path
                d="m21 21-4.3-4.3"
              />
            </svg>
            Refresh
          </button>
        </div>
      </div>
      <div
        class="w-full"
      >
        <div
          class="h-10 items-center justify-center rounded-md bg-gray-100 p-1 text-gray-500 grid w-full grid-cols-2"
        >
          <button
            class="inline-flex items-center justify-center whitespace-nowrap rounded-sm px-3 py-1.5 text-sm font-medium transition-all focus-visible:outline-none focus-visible:ring-2 focus-visible:ring-blue-500 focus-visible:ring-offset-2 disabled:pointer-events-none disabled:opacity-50 bg-white text-gray-900 shadow-sm"
          >
            Proposals (
            0
            )
          </button>
          <button
            class="inline-flex items-center justify-center whitespace-nowrap rounded-sm px-3 py-1.5 text-sm font-medium transition-all focus-visible:outline-none focus-visible:ring-2 focus-visible:ring-blue-500 focus-visible:ring-offset-2 disabled:pointer-events-none disabled:opacity-50 text-gray-600 hover:text-gray-900"
          >
            Templates (
            0
            )
          </button>
        </div>
        <div
          class="mt-2 focus-visible:outline-none focus-visible:ring-2 focus-visible:ring-blue-500 focus-visible:ring-offset-2 space-y-6"
        >
          <div
            class="flex items-center justify-between"
          >
            <div
              class="flex items-center space-x-4"
            >
              <div
                class="relative"
              >
                <svg
                  class="lucide lucide-search absolute left-3 top-1/2 transform -translate-y-1/2 text-gray-400 h-4 w-4"
                  fill="none"
                  height="24"
                  stroke="currentColor"
                  stroke-linecap="round"
                  stroke-linejoin="round"
                  stroke-width="2"
                  viewBox="0 0 24 24"
                  width="24"
                  xmlns="http://www.w3.org/2000/svg"
                >
                  <circle
                    cx="11"
                    cy="11"
                    r="8"
                  />
                  <path
                    d="m21 21-4.3-4.3"
                  />
                </svg>
                <input
                  class="flex h-10 rounded-md border border-input bg-background px-3 py-2 text-sm ring-offset-background file:border-0 file:bg-transparent file:text-sm file:font-medium placeholder:text-muted-foreground focus-visible:outline-none focus-visible:ring-2 focus-visible:ring-ring focus-visible:ring-offset-2 disabled:cursor-not-allowed disabled:opacity-50 pl-10 w-64"
                  placeholder="Search proposals..."
                  value=""
                />
              </div>
              <button
                aria-autocomplete="none"
                aria-controls="radix-:rs:"
                aria-expanded="false"
                class="flex h-10 items-center justify-between rounded-md border border-input bg-background px-3 py-2 text-sm ring-offset-background data-[placeholder]:text-muted-foreground focus:outline-none focus:ring-2 focus:ring-ring focus:ring-offset-2 disabled:cursor-not-allowed disabled:opacity-50 [&>span]:line-clamp-1 w-40"
                data-state="closed"
                dir="ltr"
                role="combobox"
                type="button"
              >
                <svg
                  class="lucide lucide-filter h-4 w-4 mr-2"
                  fill="none"
                  height="24"
                  stroke="currentColor"
                  stroke-linecap="round"
                  stroke-linejoin="round"
                  stroke-width="2"
                  viewBox="0 0 24 24"
                  width="24"
                  xmlns="http://www.w3.org/2000/svg"
                >
                  <polygon
                    points="22 3 2 3 10 12.46 10 19 14 21 14 12.46 22 3"
                  />
                </svg>
                <span
                  style="pointer-events: none;"
                >
                  All Status
                </span>
                <svg
                  aria-hidden="true"
                  class="lucide lucide-chevron-down h-4 w-4 opacity-50"
                  fill="none"
                  height="24"
                  stroke="currentColor"
                  stroke-linecap="round"
                  stroke-linejoin="round"
                  stroke-width="2"
                  viewBox="0 0 24 24"
                  width="24"
                  xmlns="http://www.w3.org/2000/svg"
                >
                  <path
                    d="m6 9 6 6 6-6"
                  />
                </svg>
              </button>
            </div>
            <button
              class="inline-flex items-center justify-center gap-2 whitespace-nowrap rounded-md text-sm font-medium ring-offset-background transition-colors focus-visible:outline-none focus-visible:ring-2 focus-visible:ring-ring focus-visible:ring-offset-2 disabled:pointer-events-none disabled:opacity-50 [&_svg]:pointer-events-none [&_svg]:size-4 [&_svg]:shrink-0 bg-primary text-primary-foreground hover:bg-primary/90 h-10 px-4 py-2"
            >
              <svg
                class="lucide lucide-plus h-4 w-4 mr-2"
                fill="none"
                height="24"
                stroke="currentColor"
                stroke-linecap="round"
                stroke-linejoin="round"
                stroke-width="2"
                viewBox="0 0 24 24"
                width="24"
                xmlns="http://www.w3.org/2000/svg"
              >
                <path
                  d="M5 12h14"
                />
                <path
                  d="M12 5v14"
                />
              </svg>
              New Proposal
            </button>
          </div>
          <div
            class="grid grid-cols-1 md:grid-cols-2 lg:grid-cols-3 gap-6"
          />
          <div
            class="text-center py-12"
          >
            <svg
              class="lucide lucide-file-text h-12 w-12 text-gray-400 mx-auto mb-4"
              fill="none"
              height="24"
              stroke="currentColor"
              stroke-linecap="round"
              stroke-linejoin="round"
              stroke-width="2"
              viewBox="0 0 24 24"
              width="24"
              xmlns="http://www.w3.org/2000/svg"
            >
              <path
                d="M15 2H6a2 2 0 0 0-2 2v16a2 2 0 0 0 2 2h12a2 2 0 0 0 2-2V7Z"
              />
              <path
                d="M14 2v4a2 2 0 0 0 2 2h4"
              />
              <path
                d="M10 9H8"
              />
              <path
                d="M16 13H8"
              />
              <path
                d="M16 17H8"
              />
            </svg>
            <h3
              class="text-lg font-medium text-gray-900 mb-2"
            >
              No proposals found
            </h3>
            <p
              class="text-gray-600 mb-4"
            >
              Get started by creating your first proposal
            </p>
            <button
              class="inline-flex items-center justify-center gap-2 whitespace-nowrap rounded-md text-sm font-medium ring-offset-background transition-colors focus-visible:outline-none focus-visible:ring-2 focus-visible:ring-ring focus-visible:ring-offset-2 disabled:pointer-events-none disabled:opacity-50 [&_svg]:pointer-events-none [&_svg]:size-4 [&_svg]:shrink-0 bg-primary text-primary-foreground hover:bg-primary/90 h-10 px-4 py-2"
            >
              <svg
                class="lucide lucide-plus h-4 w-4 mr-2"
                fill="none"
                height="24"
                stroke="currentColor"
                stroke-linecap="round"
                stroke-linejoin="round"
                stroke-width="2"
                viewBox="0 0 24 24"
                width="24"
                xmlns="http://www.w3.org/2000/svg"
              >
                <path
                  d="M5 12h14"
                />
                <path
                  d="M12 5v14"
                />
              </svg>
              Create Proposal
            </button>
          </div>
        </div>
      </div>
    </div>
  </div>
</body>

Ignored nodes: comments, script, style
<html>
  <head />
  <body>
    <div>
      <div
        class="p-6 max-w-7xl mx-auto"
      >
        <div
          class="flex items-center justify-between mb-6"
        >
          <div>
            <h1
              class="text-2xl font-bold flex items-center gap-2"
            >
              <svg
                class="lucide lucide-file-text h-6 w-6"
                fill="none"
                height="24"
                stroke="currentColor"
                stroke-linecap="round"
                stroke-linejoin="round"
                stroke-width="2"
                viewBox="0 0 24 24"
                width="24"
                xmlns="http://www.w3.org/2000/svg"
              >
                <path
                  d="M15 2H6a2 2 0 0 0-2 2v16a2 2 0 0 0 2 2h12a2 2 0 0 0 2-2V7Z"
                />
                <path
                  d="M14 2v4a2 2 0 0 0 2 2h4"
                />
                <path
                  d="M10 9H8"
                />
                <path
                  d="M16 13H8"
                />
                <path
                  d="M16 17H8"
                />
              </svg>
              Proposals & Templates
            </h1>
            <p
              class="text-gray-600 mt-1"
            >
              Create, manage, and send professional proposals
            </p>
          </div>
          <div
            class="flex items-center space-x-2"
          >
            <button
              class="inline-flex items-center justify-center gap-2 whitespace-nowrap rounded-md text-sm font-medium ring-offset-background transition-colors focus-visible:outline-none focus-visible:ring-2 focus-visible:ring-ring focus-visible:ring-offset-2 disabled:pointer-events-none disabled:opacity-50 [&_svg]:pointer-events-none [&_svg]:size-4 [&_svg]:shrink-0 border border-input bg-background hover:bg-accent hover:text-accent-foreground h-10 px-4 py-2"
            >
              <svg
                class="lucide lucide-search h-4 w-4 mr-2"
                fill="none"
                height="24"
                stroke="currentColor"
                stroke-linecap="round"
                stroke-linejoin="round"
                stroke-width="2"
                viewBox="0 0 24 24"
                width="24"
                xmlns="http://www.w3.org/2000/svg"
              >
                <circle
                  cx="11"
                  cy="11"
                  r="8"
                />
                <path
                  d="m21 21-4.3-4.3"
                />
              </svg>
              Refresh
            </button>
          </div>
        </div>
        <div
          class="w-full"
        >
          <div
            class="h-10 items-center justify-center rounded-md bg-gray-100 p-1 text-gray-500 grid w-full grid-cols-2"
          >
            <button
              class="inline-flex items-center justify-center whitespace-nowrap rounded-sm px-3 py-1.5 text-sm font-medium transition-all focus-visible:outline-none focus-visible:ring-2 focus-visible:ring-blue-500 focus-visible:ring-offset-2 disabled:pointer-events-none disabled:opacity-50 bg-white text-gray-900 shadow-sm"
            >
              Proposals (
              0
              )
            </button>
            <button
              class="inline-flex items-center justify-center whitespace-nowrap rounded-sm px-3 py-1.5 text-sm font-medium transition-all focus-visible:outline-none focus-visible:ring-2 focus-visible:ring-blue-500 focus-visible:ring-offset-2 disabled:pointer-events-none disabled:opacity-50 text-gray-600 hover:text-gray-900"
            >
              Templates (
              0
              )
            </button>
          </div>
          <div
            class="mt-2 focus-visible:outline-none focus-visible:ring-2 focus-visible:ring-blue-500 focus-visible:ring-offset-2 space-y-6"
          >
            <div
              class="flex items-center justify-between"
            >
              <div
                class="flex items-center space-x-4"
              >
                <div
                  class="relative"
                >
                  <svg
                    class="lucide lucide-search absolute left-3 top-1/2 transform -translate-y-1/2 text-gray-400 h-4 w-4"
                    fill="none"
                    height="24"
                    stroke="currentColor"
                    stroke-linecap="round"
                    stroke-linejoin="round"
                    stroke-width="2"
                    viewBox="0 0 24 24"
                    width="24"
                    xmlns="http://www.w3.org/2000/svg"
                  >
                    <circle
                      cx="11"
                      cy="11"
                      r="8"
                    />
                    <path
                      d="m21 21-4.3-4.3"
                    />
                  </svg>
                  <input
                    class="flex h-10 rounded-md border border-input bg-background px-3 py-2 text-sm ring-offset-background file:border...
 ❯ Proxy.waitForWrapper node_modules/@testing-library/dom/dist/wait-for.js:163:27
 ❯ src/pages/Proposals.test.tsx:252:11
    250|     render(<Proposals />)
    251|     
    252|     await waitFor(() => {
       |           ^
    253|       expect(screen.getByText('No proposals yet')).toBeInTheDocument()
    254|       expect(screen.getByText('Create your first proposal to get start…

⎯⎯⎯⎯⎯⎯⎯⎯⎯⎯⎯⎯⎯⎯⎯⎯⎯⎯⎯⎯⎯[61/218]⎯

 FAIL  src/pages/Proposals.test.tsx > Proposals > opens add proposal modal when create button is clicked
TestingLibraryElementError: Unable to find an element with the text: Fill in the details to create a new proposal.. This could be because the text is broken up by multiple elements. In this case, you can provide a function for your text matcher to make your matcher more flexible.

Ignored nodes: comments, script, style
<body
  data-scroll-locked="1"
  style="pointer-events: none;"
>
  <span
    aria-hidden="true"
    data-aria-hidden="true"
    data-radix-focus-guard=""
    style="outline: none; opacity: 0; position: fixed; pointer-events: none;"
    tabindex="0"
  />
  <div
    aria-hidden="true"
    data-aria-hidden="true"
  >
    <div
      class="p-6 max-w-7xl mx-auto"
    >
      <div
        class="flex items-center justify-between mb-6"
      >
        <div>
          <h1
            class="text-2xl font-bold flex items-center gap-2"
          >
            <svg
              class="lucide lucide-file-text h-6 w-6"
              fill="none"
              height="24"
              stroke="currentColor"
              stroke-linecap="round"
              stroke-linejoin="round"
              stroke-width="2"
              viewBox="0 0 24 24"
              width="24"
              xmlns="http://www.w3.org/2000/svg"
            >
              <path
                d="M15 2H6a2 2 0 0 0-2 2v16a2 2 0 0 0 2 2h12a2 2 0 0 0 2-2V7Z"
              />
              <path
                d="M14 2v4a2 2 0 0 0 2 2h4"
              />
              <path
                d="M10 9H8"
              />
              <path
                d="M16 13H8"
              />
              <path
                d="M16 17H8"
              />
            </svg>
            Proposals & Templates
          </h1>
          <p
            class="text-gray-600 mt-1"
          >
            Create, manage, and send professional proposals
          </p>
        </div>
        <div
          class="flex items-center space-x-2"
        >
          <button
            class="inline-flex items-center justify-center gap-2 whitespace-nowrap rounded-md text-sm font-medium ring-offset-background transition-colors focus-visible:outline-none focus-visible:ring-2 focus-visible:ring-ring focus-visible:ring-offset-2 disabled:pointer-events-none disabled:opacity-50 [&_svg]:pointer-events-none [&_svg]:size-4 [&_svg]:shrink-0 border border-input bg-background hover:bg-accent hover:text-accent-foreground h-10 px-4 py-2"
          >
            <svg
              class="lucide lucide-search h-4 w-4 mr-2"
              fill="none"
              height="24"
              stroke="currentColor"
              stroke-linecap="round"
              stroke-linejoin="round"
              stroke-width="2"
              viewBox="0 0 24 24"
              width="24"
              xmlns="http://www.w3.org/2000/svg"
            >
              <circle
                cx="11"
                cy="11"
                r="8"
              />
              <path
                d="m21 21-4.3-4.3"
              />
            </svg>
            Refresh
          </button>
        </div>
      </div>
      <div
        class="w-full"
      >
        <div
          class="h-10 items-center justify-center rounded-md bg-gray-100 p-1 text-gray-500 grid w-full grid-cols-2"
        >
          <button
            class="inline-flex items-center justify-center whitespace-nowrap rounded-sm px-3 py-1.5 text-sm font-medium transition-all focus-visible:outline-none focus-visible:ring-2 focus-visible:ring-blue-500 focus-visible:ring-offset-2 disabled:pointer-events-none disabled:opacity-50 bg-white text-gray-900 shadow-sm"
          >
            Proposals (
            0
            )
          </button>
          <button
            class="inline-flex items-center justify-center whitespace-nowrap rounded-sm px-3 py-1.5 text-sm font-medium transition-all focus-visible:outline-none focus-visible:ring-2 focus-visible:ring-blue-500 focus-visible:ring-offset-2 disabled:pointer-events-none disabled:opacity-50 text-gray-600 hover:text-gray-900"
          >
            Templates (
            0
            )
          </button>
        </div>
        <div
          class="mt-2 focus-visible:outline-none focus-visible:ring-2 focus-visible:ring-blue-500 focus-visible:ring-offset-2 space-y-6"
        >
          <div
            class="flex items-center justify-between"
          >
            <div
              class="flex items-center space-x-4"
            >
              <div
                class="relative"
              >
                <svg
                  class="lucide lucide-search absolute left-3 top-1/2 transform -translate-y-1/2 text-gray-400 h-4 w-4"
                  fill="none"
                  height="24"
                  stroke="currentColor"
                  stroke-linecap="round"
                  stroke-linejoin="round"
                  stroke-width="2"
                  viewBox="0 0 24 24"
                  width="24"
                  xmlns="http://www.w3.org/2000/svg"
                >
                  <circle
                    cx="11"
                    cy="11"
                    r="8"
                  />
                  <path
                    d="m21 21-4.3-4.3"
                  />
...
 ❯ Object.getElementError node_modules/@testing-library/dom/dist/config.js:37:19
 ❯ node_modules/@testing-library/dom/dist/query-helpers.js:76:38
 ❯ node_modules/@testing-library/dom/dist/query-helpers.js:52:17
 ❯ node_modules/@testing-library/dom/dist/query-helpers.js:95:19
 ❯ src/pages/Proposals.test.tsx:267:19
    265|     
    266|     expect(screen.getByText('Create New Proposal')).toBeInTheDocument()
    267|     expect(screen.getByText('Fill in the details to create a new propo…
       |                   ^
    268|   })
    269|   

⎯⎯⎯⎯⎯⎯⎯⎯⎯⎯⎯⎯⎯⎯⎯⎯⎯⎯⎯⎯⎯[62/218]⎯

 FAIL  src/pages/Proposals.test.tsx > Proposals > opens edit modal when edit button is clicked
TestingLibraryElementError: Unable to find an element with the text: Edit. This could be because the text is broken up by multiple elements. In this case, you can provide a function for your text matcher to make your matcher more flexible.

Ignored nodes: comments, script, style
<body
  style=""
>
  <div>
    <div
      class="p-6 max-w-7xl mx-auto"
    >
      <div
        class="flex items-center justify-between mb-6"
      >
        <div>
          <h1
            class="text-2xl font-bold flex items-center gap-2"
          >
            <svg
              class="lucide lucide-file-text h-6 w-6"
              fill="none"
              height="24"
              stroke="currentColor"
              stroke-linecap="round"
              stroke-linejoin="round"
              stroke-width="2"
              viewBox="0 0 24 24"
              width="24"
              xmlns="http://www.w3.org/2000/svg"
            >
              <path
                d="M15 2H6a2 2 0 0 0-2 2v16a2 2 0 0 0 2 2h12a2 2 0 0 0 2-2V7Z"
              />
              <path
                d="M14 2v4a2 2 0 0 0 2 2h4"
              />
              <path
                d="M10 9H8"
              />
              <path
                d="M16 13H8"
              />
              <path
                d="M16 17H8"
              />
            </svg>
            Proposals & Templates
          </h1>
          <p
            class="text-gray-600 mt-1"
          >
            Create, manage, and send professional proposals
          </p>
        </div>
        <div
          class="flex items-center space-x-2"
        >
          <button
            class="inline-flex items-center justify-center gap-2 whitespace-nowrap rounded-md text-sm font-medium ring-offset-background transition-colors focus-visible:outline-none focus-visible:ring-2 focus-visible:ring-ring focus-visible:ring-offset-2 disabled:pointer-events-none disabled:opacity-50 [&_svg]:pointer-events-none [&_svg]:size-4 [&_svg]:shrink-0 border border-input bg-background hover:bg-accent hover:text-accent-foreground h-10 px-4 py-2"
          >
            <svg
              class="lucide lucide-search h-4 w-4 mr-2"
              fill="none"
              height="24"
              stroke="currentColor"
              stroke-linecap="round"
              stroke-linejoin="round"
              stroke-width="2"
              viewBox="0 0 24 24"
              width="24"
              xmlns="http://www.w3.org/2000/svg"
            >
              <circle
                cx="11"
                cy="11"
                r="8"
              />
              <path
                d="m21 21-4.3-4.3"
              />
            </svg>
            Refresh
          </button>
        </div>
      </div>
      <div
        class="w-full"
      >
        <div
          class="h-10 items-center justify-center rounded-md bg-gray-100 p-1 text-gray-500 grid w-full grid-cols-2"
        >
          <button
            class="inline-flex items-center justify-center whitespace-nowrap rounded-sm px-3 py-1.5 text-sm font-medium transition-all focus-visible:outline-none focus-visible:ring-2 focus-visible:ring-blue-500 focus-visible:ring-offset-2 disabled:pointer-events-none disabled:opacity-50 bg-white text-gray-900 shadow-sm"
          >
            Proposals (
            0
            )
          </button>
          <button
            class="inline-flex items-center justify-center whitespace-nowrap rounded-sm px-3 py-1.5 text-sm font-medium transition-all focus-visible:outline-none focus-visible:ring-2 focus-visible:ring-blue-500 focus-visible:ring-offset-2 disabled:pointer-events-none disabled:opacity-50 text-gray-600 hover:text-gray-900"
          >
            Templates (
            0
            )
          </button>
        </div>
        <div
          class="mt-2 focus-visible:outline-none focus-visible:ring-2 focus-visible:ring-blue-500 focus-visible:ring-offset-2 space-y-6"
        >
          <div
            class="flex items-center justify-between"
          >
            <div
              class="flex items-center space-x-4"
            >
              <div
                class="relative"
              >
                <svg
                  class="lucide lucide-search absolute left-3 top-1/2 transform -translate-y-1/2 text-gray-400 h-4 w-4"
                  fill="none"
                  height="24"
                  stroke="currentColor"
                  stroke-linecap="round"
                  stroke-linejoin="round"
                  stroke-width="2"
                  viewBox="0 0 24 24"
                  width="24"
                  xmlns="http://www.w3.org/2000/svg"
                >
                  <circle
                    cx="11"
                    cy="11"
                    r="8"
                  />
                  <path
                    d="m21 21-4.3-4.3"
                  />
                </svg>
                <input
                  class="flex h-10 rounded-md border border-input bg-background px-3 py-2 text-sm ring-offset-background file:border-0 file:bg-transparent file:text-sm file:font-medium placeholder:text-muted-foreground focus-visible:outline-none focus-visible:ring-2 focus-visible:ring-ring focus-visible:ring-offset-2 disabled:cursor-not-allowed disabled:opacity-50 pl-10 w-64"
                  placeholder="Search proposals..."
                  value=""
                />
              </div>
              <button
                aria-autocomplete="none"
                aria-controls="radix-:r1v:"
                aria-expanded="false"
                class="flex h-10 items-center justify-between rounded-md border border-input bg-background px-3 py-2 text-sm ring-offset-background data-[placeholder]:text-muted-foreground focus:outline-none focus:ring-2 focus:ring-ring focus:ring-offset-2 disabled:cursor-not-allowed disabled:opacity-50 [&>span]:line-clamp-1 w-40"
                data-state="closed"
                dir="ltr"
                role="combobox"
                type="button"
              >
                <svg
                  class="lucide lucide-filter h-4 w-4 mr-2"
                  fill="none"
                  height="24"
                  stroke="currentColor"
                  stroke-linecap="round"
                  stroke-linejoin="round"
                  stroke-width="2"
                  viewBox="0 0 24 24"
                  width="24"
                  xmlns="http://www.w3.org/2000/svg"
                >
                  <polygon
                    points="22 3 2 3 10 12.46 10 19 14 21 14 12.46 22 3"
                  />
                </svg>
                <span
                  style="pointer-events: none;"
                >
                  All Status
                </span>
                <svg
                  aria-hidden="true"
                  class="lucide lucide-chevron-down h-4 w-4 opacity-50"
                  fill="none"
                  height="24"
                  stroke="currentColor"
                  stroke-linecap="round"
                  stroke-linejoin="round"
                  stroke-width="2"
                  viewBox="0 0 24 24"
                  width="24"
                  xmlns="http://www.w3.org/2000/svg"
                >
                  <path
                    d="m6 9 6 6 6-6"
                  />
                </svg>
              </button>
            </div>
            <button
              class="inline-flex items-center justify-center gap-2 whitespace-nowrap rounded-md text-sm font-medium ring-offset-background transition-colors focus-visible:outline-none focus-visible:ring-2 focus-visible:ring-ring focus-visible:ring-offset-2 disabled:pointer-events-none disabled:opacity-50 [&_svg]:pointer-events-none [&_svg]:size-4 [&_svg]:shrink-0 bg-primary text-primary-foreground hover:bg-primary/90 h-10 px-4 py-2"
            >
              <svg
                class="lucide lucide-plus h-4 w-4 mr-2"
                fill="none"
                height="24"
                stroke="currentColor"
                stroke-linecap="round"
                stroke-linejoin="round"
                stroke-width="2"
                viewBox="0 0 24 24"
                width="24"
                xmlns="http://www.w3.org/2000/svg"
              >
                <path
                  d="M5 12h14"
                />
                <path
                  d="M12 5v14"
                />
              </svg>
              New Proposal
            </button>
          </div>
          <div
            class="grid grid-cols-1 md:grid-cols-2 lg:grid-cols-3 gap-6"
          />
          <div
            class="text-center py-12"
          >
            <svg
              class="lucide lucide-file-text h-12 w-12 text-gray-400 mx-auto mb-4"
              fill="none"
              height="24"
              stroke="currentColor"
              stroke-linecap="round"
              stroke-linejoin="round"
              stroke-width="2"
              viewBox="0 0 24 24"
              width="24"
              xmlns="http://www.w3.org/2000/svg"
            >
              <path
                d="M15 2H6a2 2 0 0 0-2 2v16a2 2 0 0 0 2 2h12a2 2 0 0 0 2-2V7Z"
              />
              <path
                d="M14 2v4a2 2 0 0 0 2 2h4"
              />
              <path
                d="M10 9H8"
              />
              <path
                d="M16 13H8"
              />
              <path
                d="M16 17H8"
              />
            </svg>
            <h3
              class="text-lg font-medium text-gray-900 mb-2"
            >
              No proposals found
            </h3>
            <p
              class="text-gray-600 mb-4"
            >
              Get started by creating your first proposal
            </p>
            <button
              class="inline-flex items-center justify-center gap-2 whitespace-nowrap rounded-md text-sm font-medium ring-offset-background transition-colors focus-visible:outline-none focus-visible:ring-2 focus-visible:ring-ring focus-visible:ring-offset-2 disabled:pointer-events-none disabled:opacity-50 [&_svg]:pointer-events-none [&_svg]:size-4 [&_svg]:shrink-0 bg-primary text-primary-foreground hover:bg-primary/90 h-10 px-4 py-2"
            >
              <svg
                class="lucide lucide-plus h-4 w-4 mr-2"
                fill="none"
                height="24"
                stroke="currentColor"
                stroke-linecap="round"
                stroke-linejoin="round"
                stroke-width="2"
                viewBox="0 0 24 24"
                width="24"
                xmlns="http://www.w3.org/2000/svg"
              >
                <path
                  d="M5 12h14"
                />
                <path
                  d="M12 5v14"
                />
              </svg>
              Create Proposal
            </button>
          </div>
        </div>
      </div>
    </div>
  </div>
</body>

Ignored nodes: comments, script, style
<html>
  <head />
  <body
    style=""
  >
    <div>
      <div
        class="p-6 max-w-7xl mx-auto"
      >
        <div
          class="flex items-center justify-between mb-6"
        >
          <div>
            <h1
              class="text-2xl font-bold flex items-center gap-2"
            >
              <svg
                class="lucide lucide-file-text h-6 w-6"
                fill="none"
                height="24"
                stroke="currentColor"
                stroke-linecap="round"
                stroke-linejoin="round"
                stroke-width="2"
                viewBox="0 0 24 24"
                width="24"
                xmlns="http://www.w3.org/2000/svg"
              >
                <path
                  d="M15 2H6a2 2 0 0 0-2 2v16a2 2 0 0 0 2 2h12a2 2 0 0 0 2-2V7Z"
                />
                <path
                  d="M14 2v4a2 2 0 0 0 2 2h4"
                />
                <path
                  d="M10 9H8"
                />
                <path
                  d="M16 13H8"
                />
                <path
                  d="M16 17H8"
                />
              </svg>
              Proposals & Templates
            </h1>
            <p
              class="text-gray-600 mt-1"
            >
              Create, manage, and send professional proposals
            </p>
          </div>
          <div
            class="flex items-center space-x-2"
          >
            <button
              class="inline-flex items-center justify-center gap-2 whitespace-nowrap rounded-md text-sm font-medium ring-offset-background transition-colors focus-visible:outline-none focus-visible:ring-2 focus-visible:ring-ring focus-visible:ring-offset-2 disabled:pointer-events-none disabled:opacity-50 [&_svg]:pointer-events-none [&_svg]:size-4 [&_svg]:shrink-0 border border-input bg-background hover:bg-accent hover:text-accent-foreground h-10 px-4 py-2"
            >
              <svg
                class="lucide lucide-search h-4 w-4 mr-2"
                fill="none"
                height="24"
                stroke="currentColor"
                stroke-linecap="round"
                stroke-linejoin="round"
                stroke-width="2"
                viewBox="0 0 24 24"
                width="24"
                xmlns="http://www.w3.org/2000/svg"
              >
                <circle
                  cx="11"
                  cy="11"
                  r="8"
                />
                <path
                  d="m21 21-4.3-4.3"
                />
              </svg>
              Refresh
            </button>
          </div>
        </div>
        <div
          class="w-full"
        >
          <div
            class="h-10 items-center justify-center rounded-md bg-gray-100 p-1 text-gray-500 grid w-full grid-cols-2"
          >
            <button
              class="inline-flex items-center justify-center whitespace-nowrap rounded-sm px-3 py-1.5 text-sm font-medium transition-all focus-visible:outline-none focus-visible:ring-2 focus-visible:ring-blue-500 focus-visible:ring-offset-2 disabled:pointer-events-none disabled:opacity-50 bg-white text-gray-900 shadow-sm"
            >
              Proposals (
              0
              )
            </button>
            <button
              class="inline-flex items-center justify-center whitespace-nowrap rounded-sm px-3 py-1.5 text-sm font-medium transition-all focus-visible:outline-none focus-visible:ring-2 focus-visible:ring-blue-500 focus-visible:ring-offset-2 disabled:pointer-events-none disabled:opacity-50 text-gray-600 hover:text-gray-900"
            >
              Templates (
              0
              )
            </button>
          </div>
          <div
            class="mt-2 focus-visible:outline-none focus-visible:ring-2 focus-visible:ring-blue-500 focus-visible:ring-offset-2 space-y-6"
          >
            <div
              class="flex items-center justify-between"
            >
              <div
                class="flex items-center space-x-4"
              >
                <div
                  class="relative"
                >
                  <svg
                    class="lucide lucide-search absolute left-3 top-1/2 transform -translate-y-1/2 text-gray-400 h-4 w-4"
                    fill="none"
                    height="24"
                    stroke="currentColor"
                    stroke-linecap="round"
                    stroke-linejoin="round"
                    stroke-width="2"
                    viewBox="0 0 24 24"
                    width="24"
                    xmlns="http://www.w3.org/2000/svg"
                  >
                    <circle
                      cx="11"
                      cy="11"
                      r="8"
                    />
                    <path
                      d="m21 21-4.3-4.3"
                    />
                  </svg>
                  <input
                    class="flex h-10 rounded-md border border-input bg-background px-3 p...
 ❯ Proxy.waitForWrapper node_modules/@testing-library/dom/dist/wait-for.js:163:27
 ❯ src/pages/Proposals.test.tsx:273:11
    271|     render(<Proposals />)
    272|     
    273|     await waitFor(() => {
       |           ^
    274|       const editButton = screen.getByText('Edit')
    275|       fireEvent.click(editButton)

⎯⎯⎯⎯⎯⎯⎯⎯⎯⎯⎯⎯⎯⎯⎯⎯⎯⎯⎯⎯⎯[63/218]⎯

 FAIL  src/pages/Proposals.test.tsx > Proposals > opens view modal when view button is clicked
TestingLibraryElementError: Unable to find an element with the text: View. This could be because the text is broken up by multiple elements. In this case, you can provide a function for your text matcher to make your matcher more flexible.

Ignored nodes: comments, script, style
<body
  style=""
>
  <div>
    <div
      class="p-6 max-w-7xl mx-auto"
    >
      <div
        class="flex items-center justify-between mb-6"
      >
        <div>
          <h1
            class="text-2xl font-bold flex items-center gap-2"
          >
            <svg
              class="lucide lucide-file-text h-6 w-6"
              fill="none"
              height="24"
              stroke="currentColor"
              stroke-linecap="round"
              stroke-linejoin="round"
              stroke-width="2"
              viewBox="0 0 24 24"
              width="24"
              xmlns="http://www.w3.org/2000/svg"
            >
              <path
                d="M15 2H6a2 2 0 0 0-2 2v16a2 2 0 0 0 2 2h12a2 2 0 0 0 2-2V7Z"
              />
              <path
                d="M14 2v4a2 2 0 0 0 2 2h4"
              />
              <path
                d="M10 9H8"
              />
              <path
                d="M16 13H8"
              />
              <path
                d="M16 17H8"
              />
            </svg>
            Proposals & Templates
          </h1>
          <p
            class="text-gray-600 mt-1"
          >
            Create, manage, and send professional proposals
          </p>
        </div>
        <div
          class="flex items-center space-x-2"
        >
          <button
            class="inline-flex items-center justify-center gap-2 whitespace-nowrap rounded-md text-sm font-medium ring-offset-background transition-colors focus-visible:outline-none focus-visible:ring-2 focus-visible:ring-ring focus-visible:ring-offset-2 disabled:pointer-events-none disabled:opacity-50 [&_svg]:pointer-events-none [&_svg]:size-4 [&_svg]:shrink-0 border border-input bg-background hover:bg-accent hover:text-accent-foreground h-10 px-4 py-2"
          >
            <svg
              class="lucide lucide-search h-4 w-4 mr-2"
              fill="none"
              height="24"
              stroke="currentColor"
              stroke-linecap="round"
              stroke-linejoin="round"
              stroke-width="2"
              viewBox="0 0 24 24"
              width="24"
              xmlns="http://www.w3.org/2000/svg"
            >
              <circle
                cx="11"
                cy="11"
                r="8"
              />
              <path
                d="m21 21-4.3-4.3"
              />
            </svg>
            Refresh
          </button>
        </div>
      </div>
      <div
        class="w-full"
      >
        <div
          class="h-10 items-center justify-center rounded-md bg-gray-100 p-1 text-gray-500 grid w-full grid-cols-2"
        >
          <button
            class="inline-flex items-center justify-center whitespace-nowrap rounded-sm px-3 py-1.5 text-sm font-medium transition-all focus-visible:outline-none focus-visible:ring-2 focus-visible:ring-blue-500 focus-visible:ring-offset-2 disabled:pointer-events-none disabled:opacity-50 bg-white text-gray-900 shadow-sm"
          >
            Proposals (
            0
            )
          </button>
          <button
            class="inline-flex items-center justify-center whitespace-nowrap rounded-sm px-3 py-1.5 text-sm font-medium transition-all focus-visible:outline-none focus-visible:ring-2 focus-visible:ring-blue-500 focus-visible:ring-offset-2 disabled:pointer-events-none disabled:opacity-50 text-gray-600 hover:text-gray-900"
          >
            Templates (
            0
            )
          </button>
        </div>
        <div
          class="mt-2 focus-visible:outline-none focus-visible:ring-2 focus-visible:ring-blue-500 focus-visible:ring-offset-2 space-y-6"
        >
          <div
            class="flex items-center justify-between"
          >
            <div
              class="flex items-center space-x-4"
            >
              <div
                class="relative"
              >
                <svg
                  class="lucide lucide-search absolute left-3 top-1/2 transform -translate-y-1/2 text-gray-400 h-4 w-4"
                  fill="none"
                  height="24"
                  stroke="currentColor"
                  stroke-linecap="round"
                  stroke-linejoin="round"
                  stroke-width="2"
                  viewBox="0 0 24 24"
                  width="24"
                  xmlns="http://www.w3.org/2000/svg"
                >
                  <circle
                    cx="11"
                    cy="11"
                    r="8"
                  />
                  <path
                    d="m21 21-4.3-4.3"
                  />
                </svg>
                <input
                  class="flex h-10 rounded-md border border-input bg-background px-3 py-2 text-sm ring-offset-background file:border-0 file:bg-transparent file:text-sm file:font-medium placeholder:text-muted-foreground focus-visible:outline-none focus-visible:ring-2 focus-visible:ring-ring focus-visible:ring-offset-2 disabled:cursor-not-allowed disabled:opacity-50 pl-10 w-64"
                  placeholder="Search proposals..."
                  value=""
                />
              </div>
              <button
                aria-autocomplete="none"
                aria-controls="radix-:r2d:"
                aria-expanded="false"
                class="flex h-10 items-center justify-between rounded-md border border-input bg-background px-3 py-2 text-sm ring-offset-background data-[placeholder]:text-muted-foreground focus:outline-none focus:ring-2 focus:ring-ring focus:ring-offset-2 disabled:cursor-not-allowed disabled:opacity-50 [&>span]:line-clamp-1 w-40"
                data-state="closed"
                dir="ltr"
                role="combobox"
                type="button"
              >
                <svg
                  class="lucide lucide-filter h-4 w-4 mr-2"
                  fill="none"
                  height="24"
                  stroke="currentColor"
                  stroke-linecap="round"
                  stroke-linejoin="round"
                  stroke-width="2"
                  viewBox="0 0 24 24"
                  width="24"
                  xmlns="http://www.w3.org/2000/svg"
                >
                  <polygon
                    points="22 3 2 3 10 12.46 10 19 14 21 14 12.46 22 3"
                  />
                </svg>
                <span
                  style="pointer-events: none;"
                >
                  All Status
                </span>
                <svg
                  aria-hidden="true"
                  class="lucide lucide-chevron-down h-4 w-4 opacity-50"
                  fill="none"
                  height="24"
                  stroke="currentColor"
                  stroke-linecap="round"
                  stroke-linejoin="round"
                  stroke-width="2"
                  viewBox="0 0 24 24"
                  width="24"
                  xmlns="http://www.w3.org/2000/svg"
                >
                  <path
                    d="m6 9 6 6 6-6"
                  />
                </svg>
              </button>
            </div>
            <button
              class="inline-flex items-center justify-center gap-2 whitespace-nowrap rounded-md text-sm font-medium ring-offset-background transition-colors focus-visible:outline-none focus-visible:ring-2 focus-visible:ring-ring focus-visible:ring-offset-2 disabled:pointer-events-none disabled:opacity-50 [&_svg]:pointer-events-none [&_svg]:size-4 [&_svg]:shrink-0 bg-primary text-primary-foreground hover:bg-primary/90 h-10 px-4 py-2"
            >
              <svg
                class="lucide lucide-plus h-4 w-4 mr-2"
                fill="none"
                height="24"
                stroke="currentColor"
                stroke-linecap="round"
                stroke-linejoin="round"
                stroke-width="2"
                viewBox="0 0 24 24"
                width="24"
                xmlns="http://www.w3.org/2000/svg"
              >
                <path
                  d="M5 12h14"
                />
                <path
                  d="M12 5v14"
                />
              </svg>
              New Proposal
            </button>
          </div>
          <div
            class="grid grid-cols-1 md:grid-cols-2 lg:grid-cols-3 gap-6"
          />
          <div
            class="text-center py-12"
          >
            <svg
              class="lucide lucide-file-text h-12 w-12 text-gray-400 mx-auto mb-4"
              fill="none"
              height="24"
              stroke="currentColor"
              stroke-linecap="round"
              stroke-linejoin="round"
              stroke-width="2"
              viewBox="0 0 24 24"
              width="24"
              xmlns="http://www.w3.org/2000/svg"
            >
              <path
                d="M15 2H6a2 2 0 0 0-2 2v16a2 2 0 0 0 2 2h12a2 2 0 0 0 2-2V7Z"
              />
              <path
                d="M14 2v4a2 2 0 0 0 2 2h4"
              />
              <path
                d="M10 9H8"
              />
              <path
                d="M16 13H8"
              />
              <path
                d="M16 17H8"
              />
            </svg>
            <h3
              class="text-lg font-medium text-gray-900 mb-2"
            >
              No proposals found
            </h3>
            <p
              class="text-gray-600 mb-4"
            >
              Get started by creating your first proposal
            </p>
            <button
              class="inline-flex items-center justify-center gap-2 whitespace-nowrap rounded-md text-sm font-medium ring-offset-background transition-colors focus-visible:outline-none focus-visible:ring-2 focus-visible:ring-ring focus-visible:ring-offset-2 disabled:pointer-events-none disabled:opacity-50 [&_svg]:pointer-events-none [&_svg]:size-4 [&_svg]:shrink-0 bg-primary text-primary-foreground hover:bg-primary/90 h-10 px-4 py-2"
            >
              <svg
                class="lucide lucide-plus h-4 w-4 mr-2"
                fill="none"
                height="24"
                stroke="currentColor"
                stroke-linecap="round"
                stroke-linejoin="round"
                stroke-width="2"
                viewBox="0 0 24 24"
                width="24"
                xmlns="http://www.w3.org/2000/svg"
              >
                <path
                  d="M5 12h14"
                />
                <path
                  d="M12 5v14"
                />
              </svg>
              Create Proposal
            </button>
          </div>
        </div>
      </div>
    </div>
  </div>
</body>

Ignored nodes: comments, script, style
<html>
  <head />
  <body
    style=""
  >
    <div>
      <div
        class="p-6 max-w-7xl mx-auto"
      >
        <div
          class="flex items-center justify-between mb-6"
        >
          <div>
            <h1
              class="text-2xl font-bold flex items-center gap-2"
            >
              <svg
                class="lucide lucide-file-text h-6 w-6"
                fill="none"
                height="24"
                stroke="currentColor"
                stroke-linecap="round"
                stroke-linejoin="round"
                stroke-width="2"
                viewBox="0 0 24 24"
                width="24"
                xmlns="http://www.w3.org/2000/svg"
              >
                <path
                  d="M15 2H6a2 2 0 0 0-2 2v16a2 2 0 0 0 2 2h12a2 2 0 0 0 2-2V7Z"
                />
                <path
                  d="M14 2v4a2 2 0 0 0 2 2h4"
                />
                <path
                  d="M10 9H8"
                />
                <path
                  d="M16 13H8"
                />
                <path
                  d="M16 17H8"
                />
              </svg>
              Proposals & Templates
            </h1>
            <p
              class="text-gray-600 mt-1"
            >
              Create, manage, and send professional proposals
            </p>
          </div>
          <div
            class="flex items-center space-x-2"
          >
            <button
              class="inline-flex items-center justify-center gap-2 whitespace-nowrap rounded-md text-sm font-medium ring-offset-background transition-colors focus-visible:outline-none focus-visible:ring-2 focus-visible:ring-ring focus-visible:ring-offset-2 disabled:pointer-events-none disabled:opacity-50 [&_svg]:pointer-events-none [&_svg]:size-4 [&_svg]:shrink-0 border border-input bg-background hover:bg-accent hover:text-accent-foreground h-10 px-4 py-2"
            >
              <svg
                class="lucide lucide-search h-4 w-4 mr-2"
                fill="none"
                height="24"
                stroke="currentColor"
                stroke-linecap="round"
                stroke-linejoin="round"
                stroke-width="2"
                viewBox="0 0 24 24"
                width="24"
                xmlns="http://www.w3.org/2000/svg"
              >
                <circle
                  cx="11"
                  cy="11"
                  r="8"
                />
                <path
                  d="m21 21-4.3-4.3"
                />
              </svg>
              Refresh
            </button>
          </div>
        </div>
        <div
          class="w-full"
        >
          <div
            class="h-10 items-center justify-center rounded-md bg-gray-100 p-1 text-gray-500 grid w-full grid-cols-2"
          >
            <button
              class="inline-flex items-center justify-center whitespace-nowrap rounded-sm px-3 py-1.5 text-sm font-medium transition-all focus-visible:outline-none focus-visible:ring-2 focus-visible:ring-blue-500 focus-visible:ring-offset-2 disabled:pointer-events-none disabled:opacity-50 bg-white text-gray-900 shadow-sm"
            >
              Proposals (
              0
              )
            </button>
            <button
              class="inline-flex items-center justify-center whitespace-nowrap rounded-sm px-3 py-1.5 text-sm font-medium transition-all focus-visible:outline-none focus-visible:ring-2 focus-visible:ring-blue-500 focus-visible:ring-offset-2 disabled:pointer-events-none disabled:opacity-50 text-gray-600 hover:text-gray-900"
            >
              Templates (
              0
              )
            </button>
          </div>
          <div
            class="mt-2 focus-visible:outline-none focus-visible:ring-2 focus-visible:ring-blue-500 focus-visible:ring-offset-2 space-y-6"
          >
            <div
              class="flex items-center justify-between"
            >
              <div
                class="flex items-center space-x-4"
              >
                <div
                  class="relative"
                >
                  <svg
                    class="lucide lucide-search absolute left-3 top-1/2 transform -translate-y-1/2 text-gray-400 h-4 w-4"
                    fill="none"
                    height="24"
                    stroke="currentColor"
                    stroke-linecap="round"
                    stroke-linejoin="round"
                    stroke-width="2"
                    viewBox="0 0 24 24"
                    width="24"
                    xmlns="http://www.w3.org/2000/svg"
                  >
                    <circle
                      cx="11"
                      cy="11"
                      r="8"
                    />
                    <path
                      d="m21 21-4.3-4.3"
                    />
                  </svg>
                  <input
                    class="flex h-10 rounded-md border border-input bg-background px-3 p...
 ❯ Proxy.waitForWrapper node_modules/@testing-library/dom/dist/wait-for.js:163:27
 ❯ src/pages/Proposals.test.tsx:285:11
    283|     render(<Proposals />)
    284|     
    285|     await waitFor(() => {
       |           ^
    286|       const viewButton = screen.getByText('View')
    287|       fireEvent.click(viewButton)

⎯⎯⎯⎯⎯⎯⎯⎯⎯⎯⎯⎯⎯⎯⎯⎯⎯⎯⎯⎯⎯[64/218]⎯

 FAIL  src/pages/Proposals.test.tsx > Proposals > handles proposal creation successfully
TestingLibraryElementError: Unable to find an element with the placeholder text of: Enter proposal title

Ignored nodes: comments, script, style
<body
  data-scroll-locked="1"
  style="pointer-events: none;"
>
  <span
    aria-hidden="true"
    data-aria-hidden="true"
    data-radix-focus-guard=""
    style="outline: none; opacity: 0; position: fixed; pointer-events: none;"
    tabindex="0"
  />
  <div
    aria-hidden="true"
    data-aria-hidden="true"
  >
    <div
      class="p-6 max-w-7xl mx-auto"
    >
      <div
        class="flex items-center justify-between mb-6"
      >
        <div>
          <h1
            class="text-2xl font-bold flex items-center gap-2"
          >
            <svg
              class="lucide lucide-file-text h-6 w-6"
              fill="none"
              height="24"
              stroke="currentColor"
              stroke-linecap="round"
              stroke-linejoin="round"
              stroke-width="2"
              viewBox="0 0 24 24"
              width="24"
              xmlns="http://www.w3.org/2000/svg"
            >
              <path
                d="M15 2H6a2 2 0 0 0-2 2v16a2 2 0 0 0 2 2h12a2 2 0 0 0 2-2V7Z"
              />
              <path
                d="M14 2v4a2 2 0 0 0 2 2h4"
              />
              <path
                d="M10 9H8"
              />
              <path
                d="M16 13H8"
              />
              <path
                d="M16 17H8"
              />
            </svg>
            Proposals & Templates
          </h1>
          <p
            class="text-gray-600 mt-1"
          >
            Create, manage, and send professional proposals
          </p>
        </div>
        <div
          class="flex items-center space-x-2"
        >
          <button
            class="inline-flex items-center justify-center gap-2 whitespace-nowrap rounded-md text-sm font-medium ring-offset-background transition-colors focus-visible:outline-none focus-visible:ring-2 focus-visible:ring-ring focus-visible:ring-offset-2 disabled:pointer-events-none disabled:opacity-50 [&_svg]:pointer-events-none [&_svg]:size-4 [&_svg]:shrink-0 border border-input bg-background hover:bg-accent hover:text-accent-foreground h-10 px-4 py-2"
          >
            <svg
              class="lucide lucide-search h-4 w-4 mr-2"
              fill="none"
              height="24"
              stroke="currentColor"
              stroke-linecap="round"
              stroke-linejoin="round"
              stroke-width="2"
              viewBox="0 0 24 24"
              width="24"
              xmlns="http://www.w3.org/2000/svg"
            >
              <circle
                cx="11"
                cy="11"
                r="8"
              />
              <path
                d="m21 21-4.3-4.3"
              />
            </svg>
            Refresh
          </button>
        </div>
      </div>
      <div
        class="w-full"
      >
        <div
          class="h-10 items-center justify-center rounded-md bg-gray-100 p-1 text-gray-500 grid w-full grid-cols-2"
        >
          <button
            class="inline-flex items-center justify-center whitespace-nowrap rounded-sm px-3 py-1.5 text-sm font-medium transition-all focus-visible:outline-none focus-visible:ring-2 focus-visible:ring-blue-500 focus-visible:ring-offset-2 disabled:pointer-events-none disabled:opacity-50 bg-white text-gray-900 shadow-sm"
          >
            Proposals (
            0
            )
          </button>
          <button
            class="inline-flex items-center justify-center whitespace-nowrap rounded-sm px-3 py-1.5 text-sm font-medium transition-all focus-visible:outline-none focus-visible:ring-2 focus-visible:ring-blue-500 focus-visible:ring-offset-2 disabled:pointer-events-none disabled:opacity-50 text-gray-600 hover:text-gray-900"
          >
            Templates (
            0
            )
          </button>
        </div>
        <div
          class="mt-2 focus-visible:outline-none focus-visible:ring-2 focus-visible:ring-blue-500 focus-visible:ring-offset-2 space-y-6"
        >
          <div
            class="flex items-center justify-between"
          >
            <div
              class="flex items-center space-x-4"
            >
              <div
                class="relative"
              >
                <svg
                  class="lucide lucide-search absolute left-3 top-1/2 transform -translate-y-1/2 text-gray-400 h-4 w-4"
                  fill="none"
                  height="24"
                  stroke="currentColor"
                  stroke-linecap="round"
                  stroke-linejoin="round"
                  stroke-width="2"
                  viewBox="0 0 24 24"
                  width="24"
                  xmlns="http://www.w3.org/2000/svg"
                >
                  <circle
                    cx="11"
                    cy="11"
                    r="8"
                  />
                  <path
                    d="m21 21-4.3-4.3"
                  />
...
 ❯ Object.getElementError node_modules/@testing-library/dom/dist/config.js:37:19
 ❯ node_modules/@testing-library/dom/dist/query-helpers.js:76:38
 ❯ node_modules/@testing-library/dom/dist/query-helpers.js:52:17
 ❯ node_modules/@testing-library/dom/dist/query-helpers.js:95:19
 ❯ src/pages/Proposals.test.tsx:303:31
    301|     
    302|     // Fill form
    303|     const titleInput = screen.getByPlaceholderText('Enter proposal tit…
       |                               ^
    304|     fireEvent.change(titleInput, { target: { value: 'New Proposal' } })
    305|     

⎯⎯⎯⎯⎯⎯⎯⎯⎯⎯⎯⎯⎯⎯⎯⎯⎯⎯⎯⎯⎯[65/218]⎯

 FAIL  src/pages/Proposals.test.tsx > Proposals > handles proposal update successfully
TestingLibraryElementError: Unable to find an element with the text: Edit. This could be because the text is broken up by multiple elements. In this case, you can provide a function for your text matcher to make your matcher more flexible.

Ignored nodes: comments, script, style
<body
  style=""
>
  <div>
    <div
      class="p-6 max-w-7xl mx-auto"
    >
      <div
        class="flex items-center justify-between mb-6"
      >
        <div>
          <h1
            class="text-2xl font-bold flex items-center gap-2"
          >
            <svg
              class="lucide lucide-file-text h-6 w-6"
              fill="none"
              height="24"
              stroke="currentColor"
              stroke-linecap="round"
              stroke-linejoin="round"
              stroke-width="2"
              viewBox="0 0 24 24"
              width="24"
              xmlns="http://www.w3.org/2000/svg"
            >
              <path
                d="M15 2H6a2 2 0 0 0-2 2v16a2 2 0 0 0 2 2h12a2 2 0 0 0 2-2V7Z"
              />
              <path
                d="M14 2v4a2 2 0 0 0 2 2h4"
              />
              <path
                d="M10 9H8"
              />
              <path
                d="M16 13H8"
              />
              <path
                d="M16 17H8"
              />
            </svg>
            Proposals & Templates
          </h1>
          <p
            class="text-gray-600 mt-1"
          >
            Create, manage, and send professional proposals
          </p>
        </div>
        <div
          class="flex items-center space-x-2"
        >
          <button
            class="inline-flex items-center justify-center gap-2 whitespace-nowrap rounded-md text-sm font-medium ring-offset-background transition-colors focus-visible:outline-none focus-visible:ring-2 focus-visible:ring-ring focus-visible:ring-offset-2 disabled:pointer-events-none disabled:opacity-50 [&_svg]:pointer-events-none [&_svg]:size-4 [&_svg]:shrink-0 border border-input bg-background hover:bg-accent hover:text-accent-foreground h-10 px-4 py-2"
          >
            <svg
              class="lucide lucide-search h-4 w-4 mr-2"
              fill="none"
              height="24"
              stroke="currentColor"
              stroke-linecap="round"
              stroke-linejoin="round"
              stroke-width="2"
              viewBox="0 0 24 24"
              width="24"
              xmlns="http://www.w3.org/2000/svg"
            >
              <circle
                cx="11"
                cy="11"
                r="8"
              />
              <path
                d="m21 21-4.3-4.3"
              />
            </svg>
            Refresh
          </button>
        </div>
      </div>
      <div
        class="w-full"
      >
        <div
          class="h-10 items-center justify-center rounded-md bg-gray-100 p-1 text-gray-500 grid w-full grid-cols-2"
        >
          <button
            class="inline-flex items-center justify-center whitespace-nowrap rounded-sm px-3 py-1.5 text-sm font-medium transition-all focus-visible:outline-none focus-visible:ring-2 focus-visible:ring-blue-500 focus-visible:ring-offset-2 disabled:pointer-events-none disabled:opacity-50 bg-white text-gray-900 shadow-sm"
          >
            Proposals (
            0
            )
          </button>
          <button
            class="inline-flex items-center justify-center whitespace-nowrap rounded-sm px-3 py-1.5 text-sm font-medium transition-all focus-visible:outline-none focus-visible:ring-2 focus-visible:ring-blue-500 focus-visible:ring-offset-2 disabled:pointer-events-none disabled:opacity-50 text-gray-600 hover:text-gray-900"
          >
            Templates (
            0
            )
          </button>
        </div>
        <div
          class="mt-2 focus-visible:outline-none focus-visible:ring-2 focus-visible:ring-blue-500 focus-visible:ring-offset-2 space-y-6"
        >
          <div
            class="flex items-center justify-between"
          >
            <div
              class="flex items-center space-x-4"
            >
              <div
                class="relative"
              >
                <svg
                  class="lucide lucide-search absolute left-3 top-1/2 transform -translate-y-1/2 text-gray-400 h-4 w-4"
                  fill="none"
                  height="24"
                  stroke="currentColor"
                  stroke-linecap="round"
                  stroke-linejoin="round"
                  stroke-width="2"
                  viewBox="0 0 24 24"
                  width="24"
                  xmlns="http://www.w3.org/2000/svg"
                >
                  <circle
                    cx="11"
                    cy="11"
                    r="8"
                  />
                  <path
                    d="m21 21-4.3-4.3"
                  />
                </svg>
                <input
                  class="flex h-10 rounded-md border border-input bg-background px-3 py-2 text-sm ring-offset-background file:border-0 file:bg-transparent file:text-sm file:font-medium placeholder:text-muted-foreground focus-visible:outline-none focus-visible:ring-2 focus-visible:ring-ring focus-visible:ring-offset-2 disabled:cursor-not-allowed disabled:opacity-50 pl-10 w-64"
                  placeholder="Search proposals..."
                  value=""
                />
              </div>
              <button
                aria-autocomplete="none"
                aria-controls="radix-:r3g:"
                aria-expanded="false"
                class="flex h-10 items-center justify-between rounded-md border border-input bg-background px-3 py-2 text-sm ring-offset-background data-[placeholder]:text-muted-foreground focus:outline-none focus:ring-2 focus:ring-ring focus:ring-offset-2 disabled:cursor-not-allowed disabled:opacity-50 [&>span]:line-clamp-1 w-40"
                data-state="closed"
                dir="ltr"
                role="combobox"
                type="button"
              >
                <svg
                  class="lucide lucide-filter h-4 w-4 mr-2"
                  fill="none"
                  height="24"
                  stroke="currentColor"
                  stroke-linecap="round"
                  stroke-linejoin="round"
                  stroke-width="2"
                  viewBox="0 0 24 24"
                  width="24"
                  xmlns="http://www.w3.org/2000/svg"
                >
                  <polygon
                    points="22 3 2 3 10 12.46 10 19 14 21 14 12.46 22 3"
                  />
                </svg>
                <span
                  style="pointer-events: none;"
                >
                  All Status
                </span>
                <svg
                  aria-hidden="true"
                  class="lucide lucide-chevron-down h-4 w-4 opacity-50"
                  fill="none"
                  height="24"
                  stroke="currentColor"
                  stroke-linecap="round"
                  stroke-linejoin="round"
                  stroke-width="2"
                  viewBox="0 0 24 24"
                  width="24"
                  xmlns="http://www.w3.org/2000/svg"
                >
                  <path
                    d="m6 9 6 6 6-6"
                  />
                </svg>
              </button>
            </div>
            <button
              class="inline-flex items-center justify-center gap-2 whitespace-nowrap rounded-md text-sm font-medium ring-offset-background transition-colors focus-visible:outline-none focus-visible:ring-2 focus-visible:ring-ring focus-visible:ring-offset-2 disabled:pointer-events-none disabled:opacity-50 [&_svg]:pointer-events-none [&_svg]:size-4 [&_svg]:shrink-0 bg-primary text-primary-foreground hover:bg-primary/90 h-10 px-4 py-2"
            >
              <svg
                class="lucide lucide-plus h-4 w-4 mr-2"
                fill="none"
                height="24"
                stroke="currentColor"
                stroke-linecap="round"
                stroke-linejoin="round"
                stroke-width="2"
                viewBox="0 0 24 24"
                width="24"
                xmlns="http://www.w3.org/2000/svg"
              >
                <path
                  d="M5 12h14"
                />
                <path
                  d="M12 5v14"
                />
              </svg>
              New Proposal
            </button>
          </div>
          <div
            class="grid grid-cols-1 md:grid-cols-2 lg:grid-cols-3 gap-6"
          />
          <div
            class="text-center py-12"
          >
            <svg
              class="lucide lucide-file-text h-12 w-12 text-gray-400 mx-auto mb-4"
              fill="none"
              height="24"
              stroke="currentColor"
              stroke-linecap="round"
              stroke-linejoin="round"
              stroke-width="2"
              viewBox="0 0 24 24"
              width="24"
              xmlns="http://www.w3.org/2000/svg"
            >
              <path
                d="M15 2H6a2 2 0 0 0-2 2v16a2 2 0 0 0 2 2h12a2 2 0 0 0 2-2V7Z"
              />
              <path
                d="M14 2v4a2 2 0 0 0 2 2h4"
              />
              <path
                d="M10 9H8"
              />
              <path
                d="M16 13H8"
              />
              <path
                d="M16 17H8"
              />
            </svg>
            <h3
              class="text-lg font-medium text-gray-900 mb-2"
            >
              No proposals found
            </h3>
            <p
              class="text-gray-600 mb-4"
            >
              Get started by creating your first proposal
            </p>
            <button
              class="inline-flex items-center justify-center gap-2 whitespace-nowrap rounded-md text-sm font-medium ring-offset-background transition-colors focus-visible:outline-none focus-visible:ring-2 focus-visible:ring-ring focus-visible:ring-offset-2 disabled:pointer-events-none disabled:opacity-50 [&_svg]:pointer-events-none [&_svg]:size-4 [&_svg]:shrink-0 bg-primary text-primary-foreground hover:bg-primary/90 h-10 px-4 py-2"
            >
              <svg
                class="lucide lucide-plus h-4 w-4 mr-2"
                fill="none"
                height="24"
                stroke="currentColor"
                stroke-linecap="round"
                stroke-linejoin="round"
                stroke-width="2"
                viewBox="0 0 24 24"
                width="24"
                xmlns="http://www.w3.org/2000/svg"
              >
                <path
                  d="M5 12h14"
                />
                <path
                  d="M12 5v14"
                />
              </svg>
              Create Proposal
            </button>
          </div>
        </div>
      </div>
    </div>
  </div>
</body>

Ignored nodes: comments, script, style
<html>
  <head />
  <body
    style=""
  >
    <div>
      <div
        class="p-6 max-w-7xl mx-auto"
      >
        <div
          class="flex items-center justify-between mb-6"
        >
          <div>
            <h1
              class="text-2xl font-bold flex items-center gap-2"
            >
              <svg
                class="lucide lucide-file-text h-6 w-6"
                fill="none"
                height="24"
                stroke="currentColor"
                stroke-linecap="round"
                stroke-linejoin="round"
                stroke-width="2"
                viewBox="0 0 24 24"
                width="24"
                xmlns="http://www.w3.org/2000/svg"
              >
                <path
                  d="M15 2H6a2 2 0 0 0-2 2v16a2 2 0 0 0 2 2h12a2 2 0 0 0 2-2V7Z"
                />
                <path
                  d="M14 2v4a2 2 0 0 0 2 2h4"
                />
                <path
                  d="M10 9H8"
                />
                <path
                  d="M16 13H8"
                />
                <path
                  d="M16 17H8"
                />
              </svg>
              Proposals & Templates
            </h1>
            <p
              class="text-gray-600 mt-1"
            >
              Create, manage, and send professional proposals
            </p>
          </div>
          <div
            class="flex items-center space-x-2"
          >
            <button
              class="inline-flex items-center justify-center gap-2 whitespace-nowrap rounded-md text-sm font-medium ring-offset-background transition-colors focus-visible:outline-none focus-visible:ring-2 focus-visible:ring-ring focus-visible:ring-offset-2 disabled:pointer-events-none disabled:opacity-50 [&_svg]:pointer-events-none [&_svg]:size-4 [&_svg]:shrink-0 border border-input bg-background hover:bg-accent hover:text-accent-foreground h-10 px-4 py-2"
            >
              <svg
                class="lucide lucide-search h-4 w-4 mr-2"
                fill="none"
                height="24"
                stroke="currentColor"
                stroke-linecap="round"
                stroke-linejoin="round"
                stroke-width="2"
                viewBox="0 0 24 24"
                width="24"
                xmlns="http://www.w3.org/2000/svg"
              >
                <circle
                  cx="11"
                  cy="11"
                  r="8"
                />
                <path
                  d="m21 21-4.3-4.3"
                />
              </svg>
              Refresh
            </button>
          </div>
        </div>
        <div
          class="w-full"
        >
          <div
            class="h-10 items-center justify-center rounded-md bg-gray-100 p-1 text-gray-500 grid w-full grid-cols-2"
          >
            <button
              class="inline-flex items-center justify-center whitespace-nowrap rounded-sm px-3 py-1.5 text-sm font-medium transition-all focus-visible:outline-none focus-visible:ring-2 focus-visible:ring-blue-500 focus-visible:ring-offset-2 disabled:pointer-events-none disabled:opacity-50 bg-white text-gray-900 shadow-sm"
            >
              Proposals (
              0
              )
            </button>
            <button
              class="inline-flex items-center justify-center whitespace-nowrap rounded-sm px-3 py-1.5 text-sm font-medium transition-all focus-visible:outline-none focus-visible:ring-2 focus-visible:ring-blue-500 focus-visible:ring-offset-2 disabled:pointer-events-none disabled:opacity-50 text-gray-600 hover:text-gray-900"
            >
              Templates (
              0
              )
            </button>
          </div>
          <div
            class="mt-2 focus-visible:outline-none focus-visible:ring-2 focus-visible:ring-blue-500 focus-visible:ring-offset-2 space-y-6"
          >
            <div
              class="flex items-center justify-between"
            >
              <div
                class="flex items-center space-x-4"
              >
                <div
                  class="relative"
                >
                  <svg
                    class="lucide lucide-search absolute left-3 top-1/2 transform -translate-y-1/2 text-gray-400 h-4 w-4"
                    fill="none"
                    height="24"
                    stroke="currentColor"
                    stroke-linecap="round"
                    stroke-linejoin="round"
                    stroke-width="2"
                    viewBox="0 0 24 24"
                    width="24"
                    xmlns="http://www.w3.org/2000/svg"
                  >
                    <circle
                      cx="11"
                      cy="11"
                      r="8"
                    />
                    <path
                      d="m21 21-4.3-4.3"
                    />
                  </svg>
                  <input
                    class="flex h-10 rounded-md border border-input bg-background px-3 p...
 ❯ Proxy.waitForWrapper node_modules/@testing-library/dom/dist/wait-for.js:163:27
 ❯ src/pages/Proposals.test.tsx:324:11
    322|     render(<Proposals />)
    323|     
    324|     await waitFor(() => {
       |           ^
    325|       const editButton = screen.getByText('Edit')
    326|       fireEvent.click(editButton)

⎯⎯⎯⎯⎯⎯⎯⎯⎯⎯⎯⎯⎯⎯⎯⎯⎯⎯⎯⎯⎯[66/218]⎯

 FAIL  src/pages/Proposals.test.tsx > Proposals > handles proposal deletion successfully
TestingLibraryElementError: Unable to find an element with the text: Delete. This could be because the text is broken up by multiple elements. In this case, you can provide a function for your text matcher to make your matcher more flexible.

Ignored nodes: comments, script, style
<body
  style=""
>
  <div>
    <div
      class="p-6 max-w-7xl mx-auto"
    >
      <div
        class="flex items-center justify-between mb-6"
      >
        <div>
          <h1
            class="text-2xl font-bold flex items-center gap-2"
          >
            <svg
              class="lucide lucide-file-text h-6 w-6"
              fill="none"
              height="24"
              stroke="currentColor"
              stroke-linecap="round"
              stroke-linejoin="round"
              stroke-width="2"
              viewBox="0 0 24 24"
              width="24"
              xmlns="http://www.w3.org/2000/svg"
            >
              <path
                d="M15 2H6a2 2 0 0 0-2 2v16a2 2 0 0 0 2 2h12a2 2 0 0 0 2-2V7Z"
              />
              <path
                d="M14 2v4a2 2 0 0 0 2 2h4"
              />
              <path
                d="M10 9H8"
              />
              <path
                d="M16 13H8"
              />
              <path
                d="M16 17H8"
              />
            </svg>
            Proposals & Templates
          </h1>
          <p
            class="text-gray-600 mt-1"
          >
            Create, manage, and send professional proposals
          </p>
        </div>
        <div
          class="flex items-center space-x-2"
        >
          <button
            class="inline-flex items-center justify-center gap-2 whitespace-nowrap rounded-md text-sm font-medium ring-offset-background transition-colors focus-visible:outline-none focus-visible:ring-2 focus-visible:ring-ring focus-visible:ring-offset-2 disabled:pointer-events-none disabled:opacity-50 [&_svg]:pointer-events-none [&_svg]:size-4 [&_svg]:shrink-0 border border-input bg-background hover:bg-accent hover:text-accent-foreground h-10 px-4 py-2"
          >
            <svg
              class="lucide lucide-search h-4 w-4 mr-2"
              fill="none"
              height="24"
              stroke="currentColor"
              stroke-linecap="round"
              stroke-linejoin="round"
              stroke-width="2"
              viewBox="0 0 24 24"
              width="24"
              xmlns="http://www.w3.org/2000/svg"
            >
              <circle
                cx="11"
                cy="11"
                r="8"
              />
              <path
                d="m21 21-4.3-4.3"
              />
            </svg>
            Refresh
          </button>
        </div>
      </div>
      <div
        class="w-full"
      >
        <div
          class="h-10 items-center justify-center rounded-md bg-gray-100 p-1 text-gray-500 grid w-full grid-cols-2"
        >
          <button
            class="inline-flex items-center justify-center whitespace-nowrap rounded-sm px-3 py-1.5 text-sm font-medium transition-all focus-visible:outline-none focus-visible:ring-2 focus-visible:ring-blue-500 focus-visible:ring-offset-2 disabled:pointer-events-none disabled:opacity-50 bg-white text-gray-900 shadow-sm"
          >
            Proposals (
            0
            )
          </button>
          <button
            class="inline-flex items-center justify-center whitespace-nowrap rounded-sm px-3 py-1.5 text-sm font-medium transition-all focus-visible:outline-none focus-visible:ring-2 focus-visible:ring-blue-500 focus-visible:ring-offset-2 disabled:pointer-events-none disabled:opacity-50 text-gray-600 hover:text-gray-900"
          >
            Templates (
            0
            )
          </button>
        </div>
        <div
          class="mt-2 focus-visible:outline-none focus-visible:ring-2 focus-visible:ring-blue-500 focus-visible:ring-offset-2 space-y-6"
        >
          <div
            class="flex items-center justify-between"
          >
            <div
              class="flex items-center space-x-4"
            >
              <div
                class="relative"
              >
                <svg
                  class="lucide lucide-search absolute left-3 top-1/2 transform -translate-y-1/2 text-gray-400 h-4 w-4"
                  fill="none"
                  height="24"
                  stroke="currentColor"
                  stroke-linecap="round"
                  stroke-linejoin="round"
                  stroke-width="2"
                  viewBox="0 0 24 24"
                  width="24"
                  xmlns="http://www.w3.org/2000/svg"
                >
                  <circle
                    cx="11"
                    cy="11"
                    r="8"
                  />
                  <path
                    d="m21 21-4.3-4.3"
                  />
                </svg>
                <input
                  class="flex h-10 rounded-md border border-input bg-background px-3 py-2 text-sm ring-offset-background file:border-0 file:bg-transparent file:text-sm file:font-medium placeholder:text-muted-foreground focus-visible:outline-none focus-visible:ring-2 focus-visible:ring-ring focus-visible:ring-offset-2 disabled:cursor-not-allowed disabled:opacity-50 pl-10 w-64"
                  placeholder="Search proposals..."
                  value=""
                />
              </div>
              <button
                aria-autocomplete="none"
                aria-controls="radix-:r3u:"
                aria-expanded="false"
                class="flex h-10 items-center justify-between rounded-md border border-input bg-background px-3 py-2 text-sm ring-offset-background data-[placeholder]:text-muted-foreground focus:outline-none focus:ring-2 focus:ring-ring focus:ring-offset-2 disabled:cursor-not-allowed disabled:opacity-50 [&>span]:line-clamp-1 w-40"
                data-state="closed"
                dir="ltr"
                role="combobox"
                type="button"
              >
                <svg
                  class="lucide lucide-filter h-4 w-4 mr-2"
                  fill="none"
                  height="24"
                  stroke="currentColor"
                  stroke-linecap="round"
                  stroke-linejoin="round"
                  stroke-width="2"
                  viewBox="0 0 24 24"
                  width="24"
                  xmlns="http://www.w3.org/2000/svg"
                >
                  <polygon
                    points="22 3 2 3 10 12.46 10 19 14 21 14 12.46 22 3"
                  />
                </svg>
                <span
                  style="pointer-events: none;"
                >
                  All Status
                </span>
                <svg
                  aria-hidden="true"
                  class="lucide lucide-chevron-down h-4 w-4 opacity-50"
                  fill="none"
                  height="24"
                  stroke="currentColor"
                  stroke-linecap="round"
                  stroke-linejoin="round"
                  stroke-width="2"
                  viewBox="0 0 24 24"
                  width="24"
                  xmlns="http://www.w3.org/2000/svg"
                >
                  <path
                    d="m6 9 6 6 6-6"
                  />
                </svg>
              </button>
            </div>
            <button
              class="inline-flex items-center justify-center gap-2 whitespace-nowrap rounded-md text-sm font-medium ring-offset-background transition-colors focus-visible:outline-none focus-visible:ring-2 focus-visible:ring-ring focus-visible:ring-offset-2 disabled:pointer-events-none disabled:opacity-50 [&_svg]:pointer-events-none [&_svg]:size-4 [&_svg]:shrink-0 bg-primary text-primary-foreground hover:bg-primary/90 h-10 px-4 py-2"
            >
              <svg
                class="lucide lucide-plus h-4 w-4 mr-2"
                fill="none"
                height="24"
                stroke="currentColor"
                stroke-linecap="round"
                stroke-linejoin="round"
                stroke-width="2"
                viewBox="0 0 24 24"
                width="24"
                xmlns="http://www.w3.org/2000/svg"
              >
                <path
                  d="M5 12h14"
                />
                <path
                  d="M12 5v14"
                />
              </svg>
              New Proposal
            </button>
          </div>
          <div
            class="grid grid-cols-1 md:grid-cols-2 lg:grid-cols-3 gap-6"
          />
          <div
            class="text-center py-12"
          >
            <svg
              class="lucide lucide-file-text h-12 w-12 text-gray-400 mx-auto mb-4"
              fill="none"
              height="24"
              stroke="currentColor"
              stroke-linecap="round"
              stroke-linejoin="round"
              stroke-width="2"
              viewBox="0 0 24 24"
              width="24"
              xmlns="http://www.w3.org/2000/svg"
            >
              <path
                d="M15 2H6a2 2 0 0 0-2 2v16a2 2 0 0 0 2 2h12a2 2 0 0 0 2-2V7Z"
              />
              <path
                d="M14 2v4a2 2 0 0 0 2 2h4"
              />
              <path
                d="M10 9H8"
              />
              <path
                d="M16 13H8"
              />
              <path
                d="M16 17H8"
              />
            </svg>
            <h3
              class="text-lg font-medium text-gray-900 mb-2"
            >
              No proposals found
            </h3>
            <p
              class="text-gray-600 mb-4"
            >
              Get started by creating your first proposal
            </p>
            <button
              class="inline-flex items-center justify-center gap-2 whitespace-nowrap rounded-md text-sm font-medium ring-offset-background transition-colors focus-visible:outline-none focus-visible:ring-2 focus-visible:ring-ring focus-visible:ring-offset-2 disabled:pointer-events-none disabled:opacity-50 [&_svg]:pointer-events-none [&_svg]:size-4 [&_svg]:shrink-0 bg-primary text-primary-foreground hover:bg-primary/90 h-10 px-4 py-2"
            >
              <svg
                class="lucide lucide-plus h-4 w-4 mr-2"
                fill="none"
                height="24"
                stroke="currentColor"
                stroke-linecap="round"
                stroke-linejoin="round"
                stroke-width="2"
                viewBox="0 0 24 24"
                width="24"
                xmlns="http://www.w3.org/2000/svg"
              >
                <path
                  d="M5 12h14"
                />
                <path
                  d="M12 5v14"
                />
              </svg>
              Create Proposal
            </button>
          </div>
        </div>
      </div>
    </div>
  </div>
</body>

Ignored nodes: comments, script, style
<html>
  <head />
  <body
    style=""
  >
    <div>
      <div
        class="p-6 max-w-7xl mx-auto"
      >
        <div
          class="flex items-center justify-between mb-6"
        >
          <div>
            <h1
              class="text-2xl font-bold flex items-center gap-2"
            >
              <svg
                class="lucide lucide-file-text h-6 w-6"
                fill="none"
                height="24"
                stroke="currentColor"
                stroke-linecap="round"
                stroke-linejoin="round"
                stroke-width="2"
                viewBox="0 0 24 24"
                width="24"
                xmlns="http://www.w3.org/2000/svg"
              >
                <path
                  d="M15 2H6a2 2 0 0 0-2 2v16a2 2 0 0 0 2 2h12a2 2 0 0 0 2-2V7Z"
                />
                <path
                  d="M14 2v4a2 2 0 0 0 2 2h4"
                />
                <path
                  d="M10 9H8"
                />
                <path
                  d="M16 13H8"
                />
                <path
                  d="M16 17H8"
                />
              </svg>
              Proposals & Templates
            </h1>
            <p
              class="text-gray-600 mt-1"
            >
              Create, manage, and send professional proposals
            </p>
          </div>
          <div
            class="flex items-center space-x-2"
          >
            <button
              class="inline-flex items-center justify-center gap-2 whitespace-nowrap rounded-md text-sm font-medium ring-offset-background transition-colors focus-visible:outline-none focus-visible:ring-2 focus-visible:ring-ring focus-visible:ring-offset-2 disabled:pointer-events-none disabled:opacity-50 [&_svg]:pointer-events-none [&_svg]:size-4 [&_svg]:shrink-0 border border-input bg-background hover:bg-accent hover:text-accent-foreground h-10 px-4 py-2"
            >
              <svg
                class="lucide lucide-search h-4 w-4 mr-2"
                fill="none"
                height="24"
                stroke="currentColor"
                stroke-linecap="round"
                stroke-linejoin="round"
                stroke-width="2"
                viewBox="0 0 24 24"
                width="24"
                xmlns="http://www.w3.org/2000/svg"
              >
                <circle
                  cx="11"
                  cy="11"
                  r="8"
                />
                <path
                  d="m21 21-4.3-4.3"
                />
              </svg>
              Refresh
            </button>
          </div>
        </div>
        <div
          class="w-full"
        >
          <div
            class="h-10 items-center justify-center rounded-md bg-gray-100 p-1 text-gray-500 grid w-full grid-cols-2"
          >
            <button
              class="inline-flex items-center justify-center whitespace-nowrap rounded-sm px-3 py-1.5 text-sm font-medium transition-all focus-visible:outline-none focus-visible:ring-2 focus-visible:ring-blue-500 focus-visible:ring-offset-2 disabled:pointer-events-none disabled:opacity-50 bg-white text-gray-900 shadow-sm"
            >
              Proposals (
              0
              )
            </button>
            <button
              class="inline-flex items-center justify-center whitespace-nowrap rounded-sm px-3 py-1.5 text-sm font-medium transition-all focus-visible:outline-none focus-visible:ring-2 focus-visible:ring-blue-500 focus-visible:ring-offset-2 disabled:pointer-events-none disabled:opacity-50 text-gray-600 hover:text-gray-900"
            >
              Templates (
              0
              )
            </button>
          </div>
          <div
            class="mt-2 focus-visible:outline-none focus-visible:ring-2 focus-visible:ring-blue-500 focus-visible:ring-offset-2 space-y-6"
          >
            <div
              class="flex items-center justify-between"
            >
              <div
                class="flex items-center space-x-4"
              >
                <div
                  class="relative"
                >
                  <svg
                    class="lucide lucide-search absolute left-3 top-1/2 transform -translate-y-1/2 text-gray-400 h-4 w-4"
                    fill="none"
                    height="24"
                    stroke="currentColor"
                    stroke-linecap="round"
                    stroke-linejoin="round"
                    stroke-width="2"
                    viewBox="0 0 24 24"
                    width="24"
                    xmlns="http://www.w3.org/2000/svg"
                  >
                    <circle
                      cx="11"
                      cy="11"
                      r="8"
                    />
                    <path
                      d="m21 21-4.3-4.3"
                    />
                  </svg>
                  <input
                    class="flex h-10 rounded-md border border-input bg-background px-3 p...
 ❯ Proxy.waitForWrapper node_modules/@testing-library/dom/dist/wait-for.js:163:27
 ❯ src/pages/Proposals.test.tsx:347:11
    345|     render(<Proposals />)
    346|     
    347|     await waitFor(() => {
       |           ^
    348|       const deleteButton = screen.getByText('Delete')
    349|       fireEvent.click(deleteButton)

⎯⎯⎯⎯⎯⎯⎯⎯⎯⎯⎯⎯⎯⎯⎯⎯⎯⎯⎯⎯⎯[67/218]⎯

 FAIL  src/pages/Proposals.test.tsx > Proposals > handles status update successfully
TestingLibraryElementError: Unable to find an element with the text: Update Status. This could be because the text is broken up by multiple elements. In this case, you can provide a function for your text matcher to make your matcher more flexible.

Ignored nodes: comments, script, style
<body
  style=""
>
  <div>
    <div
      class="p-6 max-w-7xl mx-auto"
    >
      <div
        class="flex items-center justify-between mb-6"
      >
        <div>
          <h1
            class="text-2xl font-bold flex items-center gap-2"
          >
            <svg
              class="lucide lucide-file-text h-6 w-6"
              fill="none"
              height="24"
              stroke="currentColor"
              stroke-linecap="round"
              stroke-linejoin="round"
              stroke-width="2"
              viewBox="0 0 24 24"
              width="24"
              xmlns="http://www.w3.org/2000/svg"
            >
              <path
                d="M15 2H6a2 2 0 0 0-2 2v16a2 2 0 0 0 2 2h12a2 2 0 0 0 2-2V7Z"
              />
              <path
                d="M14 2v4a2 2 0 0 0 2 2h4"
              />
              <path
                d="M10 9H8"
              />
              <path
                d="M16 13H8"
              />
              <path
                d="M16 17H8"
              />
            </svg>
            Proposals & Templates
          </h1>
          <p
            class="text-gray-600 mt-1"
          >
            Create, manage, and send professional proposals
          </p>
        </div>
        <div
          class="flex items-center space-x-2"
        >
          <button
            class="inline-flex items-center justify-center gap-2 whitespace-nowrap rounded-md text-sm font-medium ring-offset-background transition-colors focus-visible:outline-none focus-visible:ring-2 focus-visible:ring-ring focus-visible:ring-offset-2 disabled:pointer-events-none disabled:opacity-50 [&_svg]:pointer-events-none [&_svg]:size-4 [&_svg]:shrink-0 border border-input bg-background hover:bg-accent hover:text-accent-foreground h-10 px-4 py-2"
          >
            <svg
              class="lucide lucide-search h-4 w-4 mr-2"
              fill="none"
              height="24"
              stroke="currentColor"
              stroke-linecap="round"
              stroke-linejoin="round"
              stroke-width="2"
              viewBox="0 0 24 24"
              width="24"
              xmlns="http://www.w3.org/2000/svg"
            >
              <circle
                cx="11"
                cy="11"
                r="8"
              />
              <path
                d="m21 21-4.3-4.3"
              />
            </svg>
            Refresh
          </button>
        </div>
      </div>
      <div
        class="w-full"
      >
        <div
          class="h-10 items-center justify-center rounded-md bg-gray-100 p-1 text-gray-500 grid w-full grid-cols-2"
        >
          <button
            class="inline-flex items-center justify-center whitespace-nowrap rounded-sm px-3 py-1.5 text-sm font-medium transition-all focus-visible:outline-none focus-visible:ring-2 focus-visible:ring-blue-500 focus-visible:ring-offset-2 disabled:pointer-events-none disabled:opacity-50 bg-white text-gray-900 shadow-sm"
          >
            Proposals (
            0
            )
          </button>
          <button
            class="inline-flex items-center justify-center whitespace-nowrap rounded-sm px-3 py-1.5 text-sm font-medium transition-all focus-visible:outline-none focus-visible:ring-2 focus-visible:ring-blue-500 focus-visible:ring-offset-2 disabled:pointer-events-none disabled:opacity-50 text-gray-600 hover:text-gray-900"
          >
            Templates (
            0
            )
          </button>
        </div>
        <div
          class="mt-2 focus-visible:outline-none focus-visible:ring-2 focus-visible:ring-blue-500 focus-visible:ring-offset-2 space-y-6"
        >
          <div
            class="flex items-center justify-between"
          >
            <div
              class="flex items-center space-x-4"
            >
              <div
                class="relative"
              >
                <svg
                  class="lucide lucide-search absolute left-3 top-1/2 transform -translate-y-1/2 text-gray-400 h-4 w-4"
                  fill="none"
                  height="24"
                  stroke="currentColor"
                  stroke-linecap="round"
                  stroke-linejoin="round"
                  stroke-width="2"
                  viewBox="0 0 24 24"
                  width="24"
                  xmlns="http://www.w3.org/2000/svg"
                >
                  <circle
                    cx="11"
                    cy="11"
                    r="8"
                  />
                  <path
                    d="m21 21-4.3-4.3"
                  />
                </svg>
                <input
                  class="flex h-10 rounded-md border border-input bg-background px-3 py-2 text-sm ring-offset-background file:border-0 file:bg-transparent file:text-sm file:font-medium placeholder:text-muted-foreground focus-visible:outline-none focus-visible:ring-2 focus-visible:ring-ring focus-visible:ring-offset-2 disabled:cursor-not-allowed disabled:opacity-50 pl-10 w-64"
                  placeholder="Search proposals..."
                  value=""
                />
              </div>
              <button
                aria-autocomplete="none"
                aria-controls="radix-:r4c:"
                aria-expanded="false"
                class="flex h-10 items-center justify-between rounded-md border border-input bg-background px-3 py-2 text-sm ring-offset-background data-[placeholder]:text-muted-foreground focus:outline-none focus:ring-2 focus:ring-ring focus:ring-offset-2 disabled:cursor-not-allowed disabled:opacity-50 [&>span]:line-clamp-1 w-40"
                data-state="closed"
                dir="ltr"
                role="combobox"
                type="button"
              >
                <svg
                  class="lucide lucide-filter h-4 w-4 mr-2"
                  fill="none"
                  height="24"
                  stroke="currentColor"
                  stroke-linecap="round"
                  stroke-linejoin="round"
                  stroke-width="2"
                  viewBox="0 0 24 24"
                  width="24"
                  xmlns="http://www.w3.org/2000/svg"
                >
                  <polygon
                    points="22 3 2 3 10 12.46 10 19 14 21 14 12.46 22 3"
                  />
                </svg>
                <span
                  style="pointer-events: none;"
                >
                  All Status
                </span>
                <svg
                  aria-hidden="true"
                  class="lucide lucide-chevron-down h-4 w-4 opacity-50"
                  fill="none"
                  height="24"
                  stroke="currentColor"
                  stroke-linecap="round"
                  stroke-linejoin="round"
                  stroke-width="2"
                  viewBox="0 0 24 24"
                  width="24"
                  xmlns="http://www.w3.org/2000/svg"
                >
                  <path
                    d="m6 9 6 6 6-6"
                  />
                </svg>
              </button>
            </div>
            <button
              class="inline-flex items-center justify-center gap-2 whitespace-nowrap rounded-md text-sm font-medium ring-offset-background transition-colors focus-visible:outline-none focus-visible:ring-2 focus-visible:ring-ring focus-visible:ring-offset-2 disabled:pointer-events-none disabled:opacity-50 [&_svg]:pointer-events-none [&_svg]:size-4 [&_svg]:shrink-0 bg-primary text-primary-foreground hover:bg-primary/90 h-10 px-4 py-2"
            >
              <svg
                class="lucide lucide-plus h-4 w-4 mr-2"
                fill="none"
                height="24"
                stroke="currentColor"
                stroke-linecap="round"
                stroke-linejoin="round"
                stroke-width="2"
                viewBox="0 0 24 24"
                width="24"
                xmlns="http://www.w3.org/2000/svg"
              >
                <path
                  d="M5 12h14"
                />
                <path
                  d="M12 5v14"
                />
              </svg>
              New Proposal
            </button>
          </div>
          <div
            class="grid grid-cols-1 md:grid-cols-2 lg:grid-cols-3 gap-6"
          />
          <div
            class="text-center py-12"
          >
            <svg
              class="lucide lucide-file-text h-12 w-12 text-gray-400 mx-auto mb-4"
              fill="none"
              height="24"
              stroke="currentColor"
              stroke-linecap="round"
              stroke-linejoin="round"
              stroke-width="2"
              viewBox="0 0 24 24"
              width="24"
              xmlns="http://www.w3.org/2000/svg"
            >
              <path
                d="M15 2H6a2 2 0 0 0-2 2v16a2 2 0 0 0 2 2h12a2 2 0 0 0 2-2V7Z"
              />
              <path
                d="M14 2v4a2 2 0 0 0 2 2h4"
              />
              <path
                d="M10 9H8"
              />
              <path
                d="M16 13H8"
              />
              <path
                d="M16 17H8"
              />
            </svg>
            <h3
              class="text-lg font-medium text-gray-900 mb-2"
            >
              No proposals found
            </h3>
            <p
              class="text-gray-600 mb-4"
            >
              Get started by creating your first proposal
            </p>
            <button
              class="inline-flex items-center justify-center gap-2 whitespace-nowrap rounded-md text-sm font-medium ring-offset-background transition-colors focus-visible:outline-none focus-visible:ring-2 focus-visible:ring-ring focus-visible:ring-offset-2 disabled:pointer-events-none disabled:opacity-50 [&_svg]:pointer-events-none [&_svg]:size-4 [&_svg]:shrink-0 bg-primary text-primary-foreground hover:bg-primary/90 h-10 px-4 py-2"
            >
              <svg
                class="lucide lucide-plus h-4 w-4 mr-2"
                fill="none"
                height="24"
                stroke="currentColor"
                stroke-linecap="round"
                stroke-linejoin="round"
                stroke-width="2"
                viewBox="0 0 24 24"
                width="24"
                xmlns="http://www.w3.org/2000/svg"
              >
                <path
                  d="M5 12h14"
                />
                <path
                  d="M12 5v14"
                />
              </svg>
              Create Proposal
            </button>
          </div>
        </div>
      </div>
    </div>
  </div>
</body>

Ignored nodes: comments, script, style
<html>
  <head />
  <body
    style=""
  >
    <div>
      <div
        class="p-6 max-w-7xl mx-auto"
      >
        <div
          class="flex items-center justify-between mb-6"
        >
          <div>
            <h1
              class="text-2xl font-bold flex items-center gap-2"
            >
              <svg
                class="lucide lucide-file-text h-6 w-6"
                fill="none"
                height="24"
                stroke="currentColor"
                stroke-linecap="round"
                stroke-linejoin="round"
                stroke-width="2"
                viewBox="0 0 24 24"
                width="24"
                xmlns="http://www.w3.org/2000/svg"
              >
                <path
                  d="M15 2H6a2 2 0 0 0-2 2v16a2 2 0 0 0 2 2h12a2 2 0 0 0 2-2V7Z"
                />
                <path
                  d="M14 2v4a2 2 0 0 0 2 2h4"
                />
                <path
                  d="M10 9H8"
                />
                <path
                  d="M16 13H8"
                />
                <path
                  d="M16 17H8"
                />
              </svg>
              Proposals & Templates
            </h1>
            <p
              class="text-gray-600 mt-1"
            >
              Create, manage, and send professional proposals
            </p>
          </div>
          <div
            class="flex items-center space-x-2"
          >
            <button
              class="inline-flex items-center justify-center gap-2 whitespace-nowrap rounded-md text-sm font-medium ring-offset-background transition-colors focus-visible:outline-none focus-visible:ring-2 focus-visible:ring-ring focus-visible:ring-offset-2 disabled:pointer-events-none disabled:opacity-50 [&_svg]:pointer-events-none [&_svg]:size-4 [&_svg]:shrink-0 border border-input bg-background hover:bg-accent hover:text-accent-foreground h-10 px-4 py-2"
            >
              <svg
                class="lucide lucide-search h-4 w-4 mr-2"
                fill="none"
                height="24"
                stroke="currentColor"
                stroke-linecap="round"
                stroke-linejoin="round"
                stroke-width="2"
                viewBox="0 0 24 24"
                width="24"
                xmlns="http://www.w3.org/2000/svg"
              >
                <circle
                  cx="11"
                  cy="11"
                  r="8"
                />
                <path
                  d="m21 21-4.3-4.3"
                />
              </svg>
              Refresh
            </button>
          </div>
        </div>
        <div
          class="w-full"
        >
          <div
            class="h-10 items-center justify-center rounded-md bg-gray-100 p-1 text-gray-500 grid w-full grid-cols-2"
          >
            <button
              class="inline-flex items-center justify-center whitespace-nowrap rounded-sm px-3 py-1.5 text-sm font-medium transition-all focus-visible:outline-none focus-visible:ring-2 focus-visible:ring-blue-500 focus-visible:ring-offset-2 disabled:pointer-events-none disabled:opacity-50 bg-white text-gray-900 shadow-sm"
            >
              Proposals (
              0
              )
            </button>
            <button
              class="inline-flex items-center justify-center whitespace-nowrap rounded-sm px-3 py-1.5 text-sm font-medium transition-all focus-visible:outline-none focus-visible:ring-2 focus-visible:ring-blue-500 focus-visible:ring-offset-2 disabled:pointer-events-none disabled:opacity-50 text-gray-600 hover:text-gray-900"
            >
              Templates (
              0
              )
            </button>
          </div>
          <div
            class="mt-2 focus-visible:outline-none focus-visible:ring-2 focus-visible:ring-blue-500 focus-visible:ring-offset-2 space-y-6"
          >
            <div
              class="flex items-center justify-between"
            >
              <div
                class="flex items-center space-x-4"
              >
                <div
                  class="relative"
                >
                  <svg
                    class="lucide lucide-search absolute left-3 top-1/2 transform -translate-y-1/2 text-gray-400 h-4 w-4"
                    fill="none"
                    height="24"
                    stroke="currentColor"
                    stroke-linecap="round"
                    stroke-linejoin="round"
                    stroke-width="2"
                    viewBox="0 0 24 24"
                    width="24"
                    xmlns="http://www.w3.org/2000/svg"
                  >
                    <circle
                      cx="11"
                      cy="11"
                      r="8"
                    />
                    <path
                      d="m21 21-4.3-4.3"
                    />
                  </svg>
                  <input
                    class="flex h-10 rounded-md border border-input bg-background px-3 p...
 ❯ Proxy.waitForWrapper node_modules/@testing-library/dom/dist/wait-for.js:163:27
 ❯ src/pages/Proposals.test.tsx:364:11
    362|     render(<Proposals />)
    363|     
    364|     await waitFor(() => {
       |           ^
    365|       const statusButton = screen.getByText('Update Status')
    366|       fireEvent.click(statusButton)

⎯⎯⎯⎯⎯⎯⎯⎯⎯⎯⎯⎯⎯⎯⎯⎯⎯⎯⎯⎯⎯[68/218]⎯

 FAIL  src/pages/Proposals.test.tsx > Proposals > handles template selection
TestingLibraryElementError: Unable to find an element with the text: Choose a template. This could be because the text is broken up by multiple elements. In this case, you can provide a function for your text matcher to make your matcher more flexible.

Ignored nodes: comments, script, style
<body
  data-scroll-locked="1"
  style="pointer-events: none;"
>
  <span
    aria-hidden="true"
    data-aria-hidden="true"
    data-radix-focus-guard=""
    style="outline: none; opacity: 0; position: fixed; pointer-events: none;"
    tabindex="0"
  />
  <div
    aria-hidden="true"
    data-aria-hidden="true"
  >
    <div
      class="p-6 max-w-7xl mx-auto"
    >
      <div
        class="flex items-center justify-between mb-6"
      >
        <div>
          <h1
            class="text-2xl font-bold flex items-center gap-2"
          >
            <svg
              class="lucide lucide-file-text h-6 w-6"
              fill="none"
              height="24"
              stroke="currentColor"
              stroke-linecap="round"
              stroke-linejoin="round"
              stroke-width="2"
              viewBox="0 0 24 24"
              width="24"
              xmlns="http://www.w3.org/2000/svg"
            >
              <path
                d="M15 2H6a2 2 0 0 0-2 2v16a2 2 0 0 0 2 2h12a2 2 0 0 0 2-2V7Z"
              />
              <path
                d="M14 2v4a2 2 0 0 0 2 2h4"
              />
              <path
                d="M10 9H8"
              />
              <path
                d="M16 13H8"
              />
              <path
                d="M16 17H8"
              />
            </svg>
            Proposals & Templates
          </h1>
          <p
            class="text-gray-600 mt-1"
          >
            Create, manage, and send professional proposals
          </p>
        </div>
        <div
          class="flex items-center space-x-2"
        >
          <button
            class="inline-flex items-center justify-center gap-2 whitespace-nowrap rounded-md text-sm font-medium ring-offset-background transition-colors focus-visible:outline-none focus-visible:ring-2 focus-visible:ring-ring focus-visible:ring-offset-2 disabled:pointer-events-none disabled:opacity-50 [&_svg]:pointer-events-none [&_svg]:size-4 [&_svg]:shrink-0 border border-input bg-background hover:bg-accent hover:text-accent-foreground h-10 px-4 py-2"
          >
            <svg
              class="lucide lucide-search h-4 w-4 mr-2"
              fill="none"
              height="24"
              stroke="currentColor"
              stroke-linecap="round"
              stroke-linejoin="round"
              stroke-width="2"
              viewBox="0 0 24 24"
              width="24"
              xmlns="http://www.w3.org/2000/svg"
            >
              <circle
                cx="11"
                cy="11"
                r="8"
              />
              <path
                d="m21 21-4.3-4.3"
              />
            </svg>
            Refresh
          </button>
        </div>
      </div>
      <div
        class="w-full"
      >
        <div
          class="h-10 items-center justify-center rounded-md bg-gray-100 p-1 text-gray-500 grid w-full grid-cols-2"
        >
          <button
            class="inline-flex items-center justify-center whitespace-nowrap rounded-sm px-3 py-1.5 text-sm font-medium transition-all focus-visible:outline-none focus-visible:ring-2 focus-visible:ring-blue-500 focus-visible:ring-offset-2 disabled:pointer-events-none disabled:opacity-50 bg-white text-gray-900 shadow-sm"
          >
            Proposals (
            0
            )
          </button>
          <button
            class="inline-flex items-center justify-center whitespace-nowrap rounded-sm px-3 py-1.5 text-sm font-medium transition-all focus-visible:outline-none focus-visible:ring-2 focus-visible:ring-blue-500 focus-visible:ring-offset-2 disabled:pointer-events-none disabled:opacity-50 text-gray-600 hover:text-gray-900"
          >
            Templates (
            0
            )
          </button>
        </div>
        <div
          class="mt-2 focus-visible:outline-none focus-visible:ring-2 focus-visible:ring-blue-500 focus-visible:ring-offset-2 space-y-6"
        >
          <div
            class="flex items-center justify-between"
          >
            <div
              class="flex items-center space-x-4"
            >
              <div
                class="relative"
              >
                <svg
                  class="lucide lucide-search absolute left-3 top-1/2 transform -translate-y-1/2 text-gray-400 h-4 w-4"
                  fill="none"
                  height="24"
                  stroke="currentColor"
                  stroke-linecap="round"
                  stroke-linejoin="round"
                  stroke-width="2"
                  viewBox="0 0 24 24"
                  width="24"
                  xmlns="http://www.w3.org/2000/svg"
                >
                  <circle
                    cx="11"
                    cy="11"
                    r="8"
                  />
                  <path
                    d="m21 21-4.3-4.3"
                  />
...
 ❯ Object.getElementError node_modules/@testing-library/dom/dist/config.js:37:19
 ❯ node_modules/@testing-library/dom/dist/query-helpers.js:76:38
 ❯ node_modules/@testing-library/dom/dist/query-helpers.js:52:17
 ❯ node_modules/@testing-library/dom/dist/query-helpers.js:95:19
 ❯ src/pages/Proposals.test.tsx:386:35
    384|     })
    385|     
    386|     const templateSelect = screen.getByText('Choose a template')
       |                                   ^
    387|     fireEvent.click(templateSelect)
    388|     

⎯⎯⎯⎯⎯⎯⎯⎯⎯⎯⎯⎯⎯⎯⎯⎯⎯⎯⎯⎯⎯[69/218]⎯

 FAIL  src/pages/Proposals.test.tsx > Proposals > handles form validation errors
TestingLibraryElementError: Unable to find an element with the text: Title is required. This could be because the text is broken up by multiple elements. In this case, you can provide a function for your text matcher to make your matcher more flexible.

Ignored nodes: comments, script, style
<body
  data-scroll-locked="1"
  style="pointer-events: none;"
>
  <span
    aria-hidden="true"
    data-aria-hidden="true"
    data-radix-focus-guard=""
    style="outline: none; opacity: 0; position: fixed; pointer-events: none;"
    tabindex="0"
  />
  <div
    aria-hidden="true"
    data-aria-hidden="true"
  >
    <div
      class="p-6 max-w-7xl mx-auto"
    >
      <div
        class="flex items-center justify-between mb-6"
      >
        <div>
          <h1
            class="text-2xl font-bold flex items-center gap-2"
          >
            <svg
              class="lucide lucide-file-text h-6 w-6"
              fill="none"
              height="24"
              stroke="currentColor"
              stroke-linecap="round"
              stroke-linejoin="round"
              stroke-width="2"
              viewBox="0 0 24 24"
              width="24"
              xmlns="http://www.w3.org/2000/svg"
            >
              <path
                d="M15 2H6a2 2 0 0 0-2 2v16a2 2 0 0 0 2 2h12a2 2 0 0 0 2-2V7Z"
              />
              <path
                d="M14 2v4a2 2 0 0 0 2 2h4"
              />
              <path
                d="M10 9H8"
              />
              <path
                d="M16 13H8"
              />
              <path
                d="M16 17H8"
              />
            </svg>
            Proposals & Templates
          </h1>
          <p
            class="text-gray-600 mt-1"
          >
            Create, manage, and send professional proposals
          </p>
        </div>
        <div
          class="flex items-center space-x-2"
        >
          <button
            class="inline-flex items-center justify-center gap-2 whitespace-nowrap rounded-md text-sm font-medium ring-offset-background transition-colors focus-visible:outline-none focus-visible:ring-2 focus-visible:ring-ring focus-visible:ring-offset-2 disabled:pointer-events-none disabled:opacity-50 [&_svg]:pointer-events-none [&_svg]:size-4 [&_svg]:shrink-0 border border-input bg-background hover:bg-accent hover:text-accent-foreground h-10 px-4 py-2"
          >
            <svg
              class="lucide lucide-search h-4 w-4 mr-2"
              fill="none"
              height="24"
              stroke="currentColor"
              stroke-linecap="round"
              stroke-linejoin="round"
              stroke-width="2"
              viewBox="0 0 24 24"
              width="24"
              xmlns="http://www.w3.org/2000/svg"
            >
              <circle
                cx="11"
                cy="11"
                r="8"
              />
              <path
                d="m21 21-4.3-4.3"
              />
            </svg>
            Refresh
          </button>
        </div>
      </div>
      <div
        class="w-full"
      >
        <div
          class="h-10 items-center justify-center rounded-md bg-gray-100 p-1 text-gray-500 grid w-full grid-cols-2"
        >
          <button
            class="inline-flex items-center justify-center whitespace-nowrap rounded-sm px-3 py-1.5 text-sm font-medium transition-all focus-visible:outline-none focus-visible:ring-2 focus-visible:ring-blue-500 focus-visible:ring-offset-2 disabled:pointer-events-none disabled:opacity-50 bg-white text-gray-900 shadow-sm"
          >
            Proposals (
            0
            )
          </button>
          <button
            class="inline-flex items-center justify-center whitespace-nowrap rounded-sm px-3 py-1.5 text-sm font-medium transition-all focus-visible:outline-none focus-visible:ring-2 focus-visible:ring-blue-500 focus-visible:ring-offset-2 disabled:pointer-events-none disabled:opacity-50 text-gray-600 hover:text-gray-900"
          >
            Templates (
            0
            )
          </button>
        </div>
        <div
          class="mt-2 focus-visible:outline-none focus-visible:ring-2 focus-visible:ring-blue-500 focus-visible:ring-offset-2 space-y-6"
        >
          <div
            class="flex items-center justify-between"
          >
            <div
              class="flex items-center space-x-4"
            >
              <div
                class="relative"
              >
                <svg
                  class="lucide lucide-search absolute left-3 top-1/2 transform -translate-y-1/2 text-gray-400 h-4 w-4"
                  fill="none"
                  height="24"
                  stroke="currentColor"
                  stroke-linecap="round"
                  stroke-linejoin="round"
                  stroke-width="2"
                  viewBox="0 0 24 24"
                  width="24"
                  xmlns="http://www.w3.org/2000/svg"
                >
                  <circle
                    cx="11"
                    cy="11"
                    r="8"
                  />
                  <path
                    d="m21 21-4.3-4.3"
                  />
...

Ignored nodes: comments, script, style
<html>
  <head />
  <body
    data-scroll-locked="1"
    style="pointer-events: none;"
  >
    <span
      aria-hidden="true"
      data-aria-hidden="true"
      data-radix-focus-guard=""
      style="outline: none; opacity: 0; position: fixed; pointer-events: none;"
      tabindex="0"
    />
    <div
      aria-hidden="true"
      data-aria-hidden="true"
    >
      <div
        class="p-6 max-w-7xl mx-auto"
      >
        <div
          class="flex items-center justify-between mb-6"
        >
          <div>
            <h1
              class="text-2xl font-bold flex items-center gap-2"
            >
              <svg
                class="lucide lucide-file-text h-6 w-6"
                fill="none"
                height="24"
                stroke="currentColor"
                stroke-linecap="round"
                stroke-linejoin="round"
                stroke-width="2"
                viewBox="0 0 24 24"
                width="24"
                xmlns="http://www.w3.org/2000/svg"
              >
                <path
                  d="M15 2H6a2 2 0 0 0-2 2v16a2 2 0 0 0 2 2h12a2 2 0 0 0 2-2V7Z"
                />
                <path
                  d="M14 2v4a2 2 0 0 0 2 2h4"
                />
                <path
                  d="M10 9H8"
                />
                <path
                  d="M16 13H8"
                />
                <path
                  d="M16 17H8"
                />
              </svg>
              Proposals & Templates
            </h1>
            <p
              class="text-gray-600 mt-1"
            >
              Create, manage, and send professional proposals
            </p>
          </div>
          <div
            class="flex items-center space-x-2"
          >
            <button
              class="inline-flex items-center justify-center gap-2 whitespace-nowrap rounded-md text-sm font-medium ring-offset-background transition-colors focus-visible:outline-none focus-visible:ring-2 focus-visible:ring-ring focus-visible:ring-offset-2 disabled:pointer-events-none disabled:opacity-50 [&_svg]:pointer-events-none [&_svg]:size-4 [&_svg]:shrink-0 border border-input bg-background hover:bg-accent hover:text-accent-foreground h-10 px-4 py-2"
            >
              <svg
                class="lucide lucide-search h-4 w-4 mr-2"
                fill="none"
                height="24"
                stroke="currentColor"
                stroke-linecap="round"
                stroke-linejoin="round"
                stroke-width="2"
                viewBox="0 0 24 24"
                width="24"
                xmlns="http://www.w3.org/2000/svg"
              >
                <circle
                  cx="11"
                  cy="11"
                  r="8"
                />
                <path
                  d="m21 21-4.3-4.3"
                />
              </svg>
              Refresh
            </button>
          </div>
        </div>
        <div
          class="w-full"
        >
          <div
            class="h-10 items-center justify-center rounded-md bg-gray-100 p-1 text-gray-500 grid w-full grid-cols-2"
          >
            <button
              class="inline-flex items-center justify-center whitespace-nowrap rounded-sm px-3 py-1.5 text-sm font-medium transition-all focus-visible:outline-none focus-visible:ring-2 focus-visible:ring-blue-500 focus-visible:ring-offset-2 disabled:pointer-events-none disabled:opacity-50 bg-white text-gray-900 shadow-sm"
            >
              Proposals (
              0
              )
            </button>
            <button
              class="inline-flex items-center justify-center whitespace-nowrap rounded-sm px-3 py-1.5 text-sm font-medium transition-all focus-visible:outline-none focus-visible:ring-2 focus-visible:ring-blue-500 focus-visible:ring-offset-2 disabled:pointer-events-none disabled:opacity-50 text-gray-600 hover:text-gray-900"
            >
              Templates (
              0
              )
            </button>
          </div>
          <div
            class="mt-2 focus-visible:outline-none focus-visible:ring-2 focus-visible:ring-blue-500 focus-visible:ring-offset-2 space-y-6"
          >
            <div
              class="flex items-center justify-between"
            >
              <div
                class="flex items-center space-x-4"
              >
                <div
                  class="relative"
                >
                  <svg
                    class="lucide lucide-search absolute left-3 top-1/2 transform -translate-y-1/2 text-gray-400 h-4 w-4"
                    fill="none"
                    height="24"
                    stroke="currentColor"
                    stroke-linecap="round"
                    stroke-linejoin="round"
                    stroke-width="2"
                    viewBox="0 0 24 24"
                    width="24"
                    xmlns="http://www.w3.org/2000/svg"
                  >
                    ...
 ❯ Proxy.waitForWrapper node_modules/@testing-library/dom/dist/wait-for.js:163:27
 ❯ src/pages/Proposals.test.tsx:409:11
    407|     fireEvent.click(submitButton)
    408|     
    409|     await waitFor(() => {
       |           ^
    410|       expect(screen.getByText('Title is required')).toBeInTheDocument()
    411|       expect(screen.getByText('Content is required')).toBeInTheDocumen…

⎯⎯⎯⎯⎯⎯⎯⎯⎯⎯⎯⎯⎯⎯⎯⎯⎯⎯⎯⎯⎯[70/218]⎯

 FAIL  src/pages/Proposals.test.tsx > Proposals > handles API errors gracefully
AssertionError: expected "spy" to be called with arguments: [ { title: 'Error', …(2) } ]

Number of calls: 0


Ignored nodes: comments, script, style
<html>
  <head />
  <body
    style=""
  >
    <div>
      <div
        class="p-6 max-w-7xl mx-auto"
      >
        <div
          class="flex items-center justify-between mb-6"
        >
          <div>
            <h1
              class="text-2xl font-bold flex items-center gap-2"
            >
              <svg
                class="lucide lucide-file-text h-6 w-6"
                fill="none"
                height="24"
                stroke="currentColor"
                stroke-linecap="round"
                stroke-linejoin="round"
                stroke-width="2"
                viewBox="0 0 24 24"
                width="24"
                xmlns="http://www.w3.org/2000/svg"
              >
                <path
                  d="M15 2H6a2 2 0 0 0-2 2v16a2 2 0 0 0 2 2h12a2 2 0 0 0 2-2V7Z"
                />
                <path
                  d="M14 2v4a2 2 0 0 0 2 2h4"
                />
                <path
                  d="M10 9H8"
                />
                <path
                  d="M16 13H8"
                />
                <path
                  d="M16 17H8"
                />
              </svg>
              Proposals & Templates
            </h1>
            <p
              class="text-gray-600 mt-1"
            >
              Create, manage, and send professional proposals
            </p>
          </div>
          <div
            class="flex items-center space-x-2"
          >
            <button
              class="inline-flex items-center justify-center gap-2 whitespace-nowrap rounded-md text-sm font-medium ring-offset-background transition-colors focus-visible:outline-none focus-visible:ring-2 focus-visible:ring-ring focus-visible:ring-offset-2 disabled:pointer-events-none disabled:opacity-50 [&_svg]:pointer-events-none [&_svg]:size-4 [&_svg]:shrink-0 border border-input bg-background hover:bg-accent hover:text-accent-foreground h-10 px-4 py-2"
            >
              <svg
                class="lucide lucide-search h-4 w-4 mr-2"
                fill="none"
                height="24"
                stroke="currentColor"
                stroke-linecap="round"
                stroke-linejoin="round"
                stroke-width="2"
                viewBox="0 0 24 24"
                width="24"
                xmlns="http://www.w3.org/2000/svg"
              >
                <circle
                  cx="11"
                  cy="11"
                  r="8"
                />
                <path
                  d="m21 21-4.3-4.3"
                />
              </svg>
              Refresh
            </button>
          </div>
        </div>
        <div
          class="w-full"
        >
          <div
            class="h-10 items-center justify-center rounded-md bg-gray-100 p-1 text-gray-500 grid w-full grid-cols-2"
          >
            <button
              class="inline-flex items-center justify-center whitespace-nowrap rounded-sm px-3 py-1.5 text-sm font-medium transition-all focus-visible:outline-none focus-visible:ring-2 focus-visible:ring-blue-500 focus-visible:ring-offset-2 disabled:pointer-events-none disabled:opacity-50 bg-white text-gray-900 shadow-sm"
            >
              Proposals (
              0
              )
            </button>
            <button
              class="inline-flex items-center justify-center whitespace-nowrap rounded-sm px-3 py-1.5 text-sm font-medium transition-all focus-visible:outline-none focus-visible:ring-2 focus-visible:ring-blue-500 focus-visible:ring-offset-2 disabled:pointer-events-none disabled:opacity-50 text-gray-600 hover:text-gray-900"
            >
              Templates (
              0
              )
            </button>
          </div>
          <div
            class="mt-2 focus-visible:outline-none focus-visible:ring-2 focus-visible:ring-blue-500 focus-visible:ring-offset-2 space-y-6"
          >
            <div
              class="flex items-center justify-between"
            >
              <div
                class="flex items-center space-x-4"
              >
                <div
                  class="relative"
                >
                  <svg
                    class="lucide lucide-search absolute left-3 top-1/2 transform -translate-y-1/2 text-gray-400 h-4 w-4"
                    fill="none"
                    height="24"
                    stroke="currentColor"
                    stroke-linecap="round"
                    stroke-linejoin="round"
                    stroke-width="2"
                    viewBox="0 0 24 24"
                    width="24"
                    xmlns="http://www.w3.org/2000/svg"
                  >
                    <circle
                      cx="11"
                      cy="11"
                      r="8"
                    />
                    <path
                      d="m21 21-4.3-4.3"
                    />
                  </svg>
                  <input
                    class="flex h-10 rounded-md border border-input bg-background px-3 p...
 ❯ src/pages/Proposals.test.tsx:426:25
    424|     
    425|     await waitFor(() => {
    426|       expect(mockToast).toHaveBeenCalledWith({
       |                         ^
    427|         title: 'Error',
    428|         description: 'Failed to load data',
 ❯ runWithExpensiveErrorDiagnosticsDisabled node_modules/@testing-library/dom/dist/config.js:47:12
 ❯ checkCallback node_modules/@testing-library/dom/dist/wait-for.js:124:77
 ❯ Timeout.checkRealTimersCallback node_modules/@testing-library/dom/dist/wait-for.js:118:16

⎯⎯⎯⎯⎯⎯⎯⎯⎯⎯⎯⎯⎯⎯⎯⎯⎯⎯⎯⎯⎯[71/218]⎯

 FAIL  src/pages/Proposals.test.tsx > Proposals > cancels deletion when user declines confirmation
TestingLibraryElementError: Unable to find an element with the text: Delete. This could be because the text is broken up by multiple elements. In this case, you can provide a function for your text matcher to make your matcher more flexible.

Ignored nodes: comments, script, style
<body
  style=""
>
  <div>
    <div
      class="p-6 max-w-7xl mx-auto"
    >
      <div
        class="flex items-center justify-between mb-6"
      >
        <div>
          <h1
            class="text-2xl font-bold flex items-center gap-2"
          >
            <svg
              class="lucide lucide-file-text h-6 w-6"
              fill="none"
              height="24"
              stroke="currentColor"
              stroke-linecap="round"
              stroke-linejoin="round"
              stroke-width="2"
              viewBox="0 0 24 24"
              width="24"
              xmlns="http://www.w3.org/2000/svg"
            >
              <path
                d="M15 2H6a2 2 0 0 0-2 2v16a2 2 0 0 0 2 2h12a2 2 0 0 0 2-2V7Z"
              />
              <path
                d="M14 2v4a2 2 0 0 0 2 2h4"
              />
              <path
                d="M10 9H8"
              />
              <path
                d="M16 13H8"
              />
              <path
                d="M16 17H8"
              />
            </svg>
            Proposals & Templates
          </h1>
          <p
            class="text-gray-600 mt-1"
          >
            Create, manage, and send professional proposals
          </p>
        </div>
        <div
          class="flex items-center space-x-2"
        >
          <button
            class="inline-flex items-center justify-center gap-2 whitespace-nowrap rounded-md text-sm font-medium ring-offset-background transition-colors focus-visible:outline-none focus-visible:ring-2 focus-visible:ring-ring focus-visible:ring-offset-2 disabled:pointer-events-none disabled:opacity-50 [&_svg]:pointer-events-none [&_svg]:size-4 [&_svg]:shrink-0 border border-input bg-background hover:bg-accent hover:text-accent-foreground h-10 px-4 py-2"
          >
            <svg
              class="lucide lucide-search h-4 w-4 mr-2"
              fill="none"
              height="24"
              stroke="currentColor"
              stroke-linecap="round"
              stroke-linejoin="round"
              stroke-width="2"
              viewBox="0 0 24 24"
              width="24"
              xmlns="http://www.w3.org/2000/svg"
            >
              <circle
                cx="11"
                cy="11"
                r="8"
              />
              <path
                d="m21 21-4.3-4.3"
              />
            </svg>
            Refresh
          </button>
        </div>
      </div>
      <div
        class="w-full"
      >
        <div
          class="h-10 items-center justify-center rounded-md bg-gray-100 p-1 text-gray-500 grid w-full grid-cols-2"
        >
          <button
            class="inline-flex items-center justify-center whitespace-nowrap rounded-sm px-3 py-1.5 text-sm font-medium transition-all focus-visible:outline-none focus-visible:ring-2 focus-visible:ring-blue-500 focus-visible:ring-offset-2 disabled:pointer-events-none disabled:opacity-50 bg-white text-gray-900 shadow-sm"
          >
            Proposals (
            0
            )
          </button>
          <button
            class="inline-flex items-center justify-center whitespace-nowrap rounded-sm px-3 py-1.5 text-sm font-medium transition-all focus-visible:outline-none focus-visible:ring-2 focus-visible:ring-blue-500 focus-visible:ring-offset-2 disabled:pointer-events-none disabled:opacity-50 text-gray-600 hover:text-gray-900"
          >
            Templates (
            0
            )
          </button>
        </div>
        <div
          class="mt-2 focus-visible:outline-none focus-visible:ring-2 focus-visible:ring-blue-500 focus-visible:ring-offset-2 space-y-6"
        >
          <div
            class="flex items-center justify-between"
          >
            <div
              class="flex items-center space-x-4"
            >
              <div
                class="relative"
              >
                <svg
                  class="lucide lucide-search absolute left-3 top-1/2 transform -translate-y-1/2 text-gray-400 h-4 w-4"
                  fill="none"
                  height="24"
                  stroke="currentColor"
                  stroke-linecap="round"
                  stroke-linejoin="round"
                  stroke-width="2"
                  viewBox="0 0 24 24"
                  width="24"
                  xmlns="http://www.w3.org/2000/svg"
                >
                  <circle
                    cx="11"
                    cy="11"
                    r="8"
                  />
                  <path
                    d="m21 21-4.3-4.3"
                  />
                </svg>
                <input
                  class="flex h-10 rounded-md border border-input bg-background px-3 py-2 text-sm ring-offset-background file:border-0 file:bg-transparent file:text-sm file:font-medium placeholder:text-muted-foreground focus-visible:outline-none focus-visible:ring-2 focus-visible:ring-ring focus-visible:ring-offset-2 disabled:cursor-not-allowed disabled:opacity-50 pl-10 w-64"
                  placeholder="Search proposals..."
                  value=""
                />
              </div>
              <button
                aria-autocomplete="none"
                aria-controls="radix-:r6i:"
                aria-expanded="false"
                class="flex h-10 items-center justify-between rounded-md border border-input bg-background px-3 py-2 text-sm ring-offset-background data-[placeholder]:text-muted-foreground focus:outline-none focus:ring-2 focus:ring-ring focus:ring-offset-2 disabled:cursor-not-allowed disabled:opacity-50 [&>span]:line-clamp-1 w-40"
                data-state="closed"
                dir="ltr"
                role="combobox"
                type="button"
              >
                <svg
                  class="lucide lucide-filter h-4 w-4 mr-2"
                  fill="none"
                  height="24"
                  stroke="currentColor"
                  stroke-linecap="round"
                  stroke-linejoin="round"
                  stroke-width="2"
                  viewBox="0 0 24 24"
                  width="24"
                  xmlns="http://www.w3.org/2000/svg"
                >
                  <polygon
                    points="22 3 2 3 10 12.46 10 19 14 21 14 12.46 22 3"
                  />
                </svg>
                <span
                  style="pointer-events: none;"
                >
                  All Status
                </span>
                <svg
                  aria-hidden="true"
                  class="lucide lucide-chevron-down h-4 w-4 opacity-50"
                  fill="none"
                  height="24"
                  stroke="currentColor"
                  stroke-linecap="round"
                  stroke-linejoin="round"
                  stroke-width="2"
                  viewBox="0 0 24 24"
                  width="24"
                  xmlns="http://www.w3.org/2000/svg"
                >
                  <path
                    d="m6 9 6 6 6-6"
                  />
                </svg>
              </button>
            </div>
            <button
              class="inline-flex items-center justify-center gap-2 whitespace-nowrap rounded-md text-sm font-medium ring-offset-background transition-colors focus-visible:outline-none focus-visible:ring-2 focus-visible:ring-ring focus-visible:ring-offset-2 disabled:pointer-events-none disabled:opacity-50 [&_svg]:pointer-events-none [&_svg]:size-4 [&_svg]:shrink-0 bg-primary text-primary-foreground hover:bg-primary/90 h-10 px-4 py-2"
            >
              <svg
                class="lucide lucide-plus h-4 w-4 mr-2"
                fill="none"
                height="24"
                stroke="currentColor"
                stroke-linecap="round"
                stroke-linejoin="round"
                stroke-width="2"
                viewBox="0 0 24 24"
                width="24"
                xmlns="http://www.w3.org/2000/svg"
              >
                <path
                  d="M5 12h14"
                />
                <path
                  d="M12 5v14"
                />
              </svg>
              New Proposal
            </button>
          </div>
          <div
            class="grid grid-cols-1 md:grid-cols-2 lg:grid-cols-3 gap-6"
          />
          <div
            class="text-center py-12"
          >
            <svg
              class="lucide lucide-file-text h-12 w-12 text-gray-400 mx-auto mb-4"
              fill="none"
              height="24"
              stroke="currentColor"
              stroke-linecap="round"
              stroke-linejoin="round"
              stroke-width="2"
              viewBox="0 0 24 24"
              width="24"
              xmlns="http://www.w3.org/2000/svg"
            >
              <path
                d="M15 2H6a2 2 0 0 0-2 2v16a2 2 0 0 0 2 2h12a2 2 0 0 0 2-2V7Z"
              />
              <path
                d="M14 2v4a2 2 0 0 0 2 2h4"
              />
              <path
                d="M10 9H8"
              />
              <path
                d="M16 13H8"
              />
              <path
                d="M16 17H8"
              />
            </svg>
            <h3
              class="text-lg font-medium text-gray-900 mb-2"
            >
              No proposals found
            </h3>
            <p
              class="text-gray-600 mb-4"
            >
              Get started by creating your first proposal
            </p>
            <button
              class="inline-flex items-center justify-center gap-2 whitespace-nowrap rounded-md text-sm font-medium ring-offset-background transition-colors focus-visible:outline-none focus-visible:ring-2 focus-visible:ring-ring focus-visible:ring-offset-2 disabled:pointer-events-none disabled:opacity-50 [&_svg]:pointer-events-none [&_svg]:size-4 [&_svg]:shrink-0 bg-primary text-primary-foreground hover:bg-primary/90 h-10 px-4 py-2"
            >
              <svg
                class="lucide lucide-plus h-4 w-4 mr-2"
                fill="none"
                height="24"
                stroke="currentColor"
                stroke-linecap="round"
                stroke-linejoin="round"
                stroke-width="2"
                viewBox="0 0 24 24"
                width="24"
                xmlns="http://www.w3.org/2000/svg"
              >
                <path
                  d="M5 12h14"
                />
                <path
                  d="M12 5v14"
                />
              </svg>
              Create Proposal
            </button>
          </div>
        </div>
      </div>
    </div>
  </div>
</body>

Ignored nodes: comments, script, style
<html>
  <head />
  <body
    style=""
  >
    <div>
      <div
        class="p-6 max-w-7xl mx-auto"
      >
        <div
          class="flex items-center justify-between mb-6"
        >
          <div>
            <h1
              class="text-2xl font-bold flex items-center gap-2"
            >
              <svg
                class="lucide lucide-file-text h-6 w-6"
                fill="none"
                height="24"
                stroke="currentColor"
                stroke-linecap="round"
                stroke-linejoin="round"
                stroke-width="2"
                viewBox="0 0 24 24"
                width="24"
                xmlns="http://www.w3.org/2000/svg"
              >
                <path
                  d="M15 2H6a2 2 0 0 0-2 2v16a2 2 0 0 0 2 2h12a2 2 0 0 0 2-2V7Z"
                />
                <path
                  d="M14 2v4a2 2 0 0 0 2 2h4"
                />
                <path
                  d="M10 9H8"
                />
                <path
                  d="M16 13H8"
                />
                <path
                  d="M16 17H8"
                />
              </svg>
              Proposals & Templates
            </h1>
            <p
              class="text-gray-600 mt-1"
            >
              Create, manage, and send professional proposals
            </p>
          </div>
          <div
            class="flex items-center space-x-2"
          >
            <button
              class="inline-flex items-center justify-center gap-2 whitespace-nowrap rounded-md text-sm font-medium ring-offset-background transition-colors focus-visible:outline-none focus-visible:ring-2 focus-visible:ring-ring focus-visible:ring-offset-2 disabled:pointer-events-none disabled:opacity-50 [&_svg]:pointer-events-none [&_svg]:size-4 [&_svg]:shrink-0 border border-input bg-background hover:bg-accent hover:text-accent-foreground h-10 px-4 py-2"
            >
              <svg
                class="lucide lucide-search h-4 w-4 mr-2"
                fill="none"
                height="24"
                stroke="currentColor"
                stroke-linecap="round"
                stroke-linejoin="round"
                stroke-width="2"
                viewBox="0 0 24 24"
                width="24"
                xmlns="http://www.w3.org/2000/svg"
              >
                <circle
                  cx="11"
                  cy="11"
                  r="8"
                />
                <path
                  d="m21 21-4.3-4.3"
                />
              </svg>
              Refresh
            </button>
          </div>
        </div>
        <div
          class="w-full"
        >
          <div
            class="h-10 items-center justify-center rounded-md bg-gray-100 p-1 text-gray-500 grid w-full grid-cols-2"
          >
            <button
              class="inline-flex items-center justify-center whitespace-nowrap rounded-sm px-3 py-1.5 text-sm font-medium transition-all focus-visible:outline-none focus-visible:ring-2 focus-visible:ring-blue-500 focus-visible:ring-offset-2 disabled:pointer-events-none disabled:opacity-50 bg-white text-gray-900 shadow-sm"
            >
              Proposals (
              0
              )
            </button>
            <button
              class="inline-flex items-center justify-center whitespace-nowrap rounded-sm px-3 py-1.5 text-sm font-medium transition-all focus-visible:outline-none focus-visible:ring-2 focus-visible:ring-blue-500 focus-visible:ring-offset-2 disabled:pointer-events-none disabled:opacity-50 text-gray-600 hover:text-gray-900"
            >
              Templates (
              0
              )
            </button>
          </div>
          <div
            class="mt-2 focus-visible:outline-none focus-visible:ring-2 focus-visible:ring-blue-500 focus-visible:ring-offset-2 space-y-6"
          >
            <div
              class="flex items-center justify-between"
            >
              <div
                class="flex items-center space-x-4"
              >
                <div
                  class="relative"
                >
                  <svg
                    class="lucide lucide-search absolute left-3 top-1/2 transform -translate-y-1/2 text-gray-400 h-4 w-4"
                    fill="none"
                    height="24"
                    stroke="currentColor"
                    stroke-linecap="round"
                    stroke-linejoin="round"
                    stroke-width="2"
                    viewBox="0 0 24 24"
                    width="24"
                    xmlns="http://www.w3.org/2000/svg"
                  >
                    <circle
                      cx="11"
                      cy="11"
                      r="8"
                    />
                    <path
                      d="m21 21-4.3-4.3"
                    />
                  </svg>
                  <input
                    class="flex h-10 rounded-md border border-input bg-background px-3 p...
 ❯ Proxy.waitForWrapper node_modules/@testing-library/dom/dist/wait-for.js:163:27
 ❯ src/pages/Proposals.test.tsx:439:11
    437|     render(<Proposals />)
    438|     
    439|     await waitFor(() => {
       |           ^
    440|       const deleteButton = screen.getByText('Delete')
    441|       fireEvent.click(deleteButton)

⎯⎯⎯⎯⎯⎯⎯⎯⎯⎯⎯⎯⎯⎯⎯⎯⎯⎯⎯⎯⎯[72/218]⎯

 FAIL  src/pages/Proposals.test.tsx > Proposals > closes modals when cancel is clicked
TestingLibraryElementError: Unable to find an element with the text: Cancel. This could be because the text is broken up by multiple elements. In this case, you can provide a function for your text matcher to make your matcher more flexible.

Ignored nodes: comments, script, style
<body
  data-scroll-locked="1"
  style="pointer-events: none;"
>
  <span
    aria-hidden="true"
    data-aria-hidden="true"
    data-radix-focus-guard=""
    style="outline: none; opacity: 0; position: fixed; pointer-events: none;"
    tabindex="0"
  />
  <div
    aria-hidden="true"
    data-aria-hidden="true"
  >
    <div
      class="p-6 max-w-7xl mx-auto"
    >
      <div
        class="flex items-center justify-between mb-6"
      >
        <div>
          <h1
            class="text-2xl font-bold flex items-center gap-2"
          >
            <svg
              class="lucide lucide-file-text h-6 w-6"
              fill="none"
              height="24"
              stroke="currentColor"
              stroke-linecap="round"
              stroke-linejoin="round"
              stroke-width="2"
              viewBox="0 0 24 24"
              width="24"
              xmlns="http://www.w3.org/2000/svg"
            >
              <path
                d="M15 2H6a2 2 0 0 0-2 2v16a2 2 0 0 0 2 2h12a2 2 0 0 0 2-2V7Z"
              />
              <path
                d="M14 2v4a2 2 0 0 0 2 2h4"
              />
              <path
                d="M10 9H8"
              />
              <path
                d="M16 13H8"
              />
              <path
                d="M16 17H8"
              />
            </svg>
            Proposals & Templates
          </h1>
          <p
            class="text-gray-600 mt-1"
          >
            Create, manage, and send professional proposals
          </p>
        </div>
        <div
          class="flex items-center space-x-2"
        >
          <button
            class="inline-flex items-center justify-center gap-2 whitespace-nowrap rounded-md text-sm font-medium ring-offset-background transition-colors focus-visible:outline-none focus-visible:ring-2 focus-visible:ring-ring focus-visible:ring-offset-2 disabled:pointer-events-none disabled:opacity-50 [&_svg]:pointer-events-none [&_svg]:size-4 [&_svg]:shrink-0 border border-input bg-background hover:bg-accent hover:text-accent-foreground h-10 px-4 py-2"
          >
            <svg
              class="lucide lucide-search h-4 w-4 mr-2"
              fill="none"
              height="24"
              stroke="currentColor"
              stroke-linecap="round"
              stroke-linejoin="round"
              stroke-width="2"
              viewBox="0 0 24 24"
              width="24"
              xmlns="http://www.w3.org/2000/svg"
            >
              <circle
                cx="11"
                cy="11"
                r="8"
              />
              <path
                d="m21 21-4.3-4.3"
              />
            </svg>
            Refresh
          </button>
        </div>
      </div>
      <div
        class="w-full"
      >
        <div
          class="h-10 items-center justify-center rounded-md bg-gray-100 p-1 text-gray-500 grid w-full grid-cols-2"
        >
          <button
            class="inline-flex items-center justify-center whitespace-nowrap rounded-sm px-3 py-1.5 text-sm font-medium transition-all focus-visible:outline-none focus-visible:ring-2 focus-visible:ring-blue-500 focus-visible:ring-offset-2 disabled:pointer-events-none disabled:opacity-50 bg-white text-gray-900 shadow-sm"
          >
            Proposals (
            0
            )
          </button>
          <button
            class="inline-flex items-center justify-center whitespace-nowrap rounded-sm px-3 py-1.5 text-sm font-medium transition-all focus-visible:outline-none focus-visible:ring-2 focus-visible:ring-blue-500 focus-visible:ring-offset-2 disabled:pointer-events-none disabled:opacity-50 text-gray-600 hover:text-gray-900"
          >
            Templates (
            0
            )
          </button>
        </div>
        <div
          class="mt-2 focus-visible:outline-none focus-visible:ring-2 focus-visible:ring-blue-500 focus-visible:ring-offset-2 space-y-6"
        >
          <div
            class="flex items-center justify-between"
          >
            <div
              class="flex items-center space-x-4"
            >
              <div
                class="relative"
              >
                <svg
                  class="lucide lucide-search absolute left-3 top-1/2 transform -translate-y-1/2 text-gray-400 h-4 w-4"
                  fill="none"
                  height="24"
                  stroke="currentColor"
                  stroke-linecap="round"
                  stroke-linejoin="round"
                  stroke-width="2"
                  viewBox="0 0 24 24"
                  width="24"
                  xmlns="http://www.w3.org/2000/svg"
                >
                  <circle
                    cx="11"
                    cy="11"
                    r="8"
                  />
                  <path
                    d="m21 21-4.3-4.3"
                  />
...
 ❯ Object.getElementError node_modules/@testing-library/dom/dist/config.js:37:19
 ❯ node_modules/@testing-library/dom/dist/query-helpers.js:76:38
 ❯ node_modules/@testing-library/dom/dist/query-helpers.js:52:17
 ❯ node_modules/@testing-library/dom/dist/query-helpers.js:95:19
 ❯ src/pages/Proposals.test.tsx:455:33
    453|     })
    454|     
    455|     const cancelButton = screen.getByText('Cancel')
       |                                 ^
    456|     fireEvent.click(cancelButton)
    457|     

⎯⎯⎯⎯⎯⎯⎯⎯⎯⎯⎯⎯⎯⎯⎯⎯⎯⎯⎯⎯⎯[73/218]⎯

 FAIL  src/pages/Settings.test.tsx > Settings > handles profile form submission successfully
AssertionError: expected "spy" to be called with arguments: [ 'users' ]

Number of calls: 0


Ignored nodes: comments, script, style
<html>
  <head />
  <body>
    <div>
      <div
        class="p-6"
      >
        <div
          class="mb-8"
        >
          <div
            class="flex justify-between items-start"
          >
            <div>
              <h1
                class="text-3xl font-bold text-gray-900 mb-2 flex items-center gap-2"
              >
                <svg
                  class="lucide lucide-settings h-8 w-8"
                  fill="none"
                  height="24"
                  stroke="currentColor"
                  stroke-linecap="round"
                  stroke-linejoin="round"
                  stroke-width="2"
                  viewBox="0 0 24 24"
                  width="24"
                  xmlns="http://www.w3.org/2000/svg"
                >
                  <path
                    d="M12.22 2h-.44a2 2 0 0 0-2 2v.18a2 2 0 0 1-1 1.73l-.43.25a2 2 0 0 1-2 0l-.15-.08a2 2 0 0 0-2.73.73l-.22.38a2 2 0 0 0 .73 2.73l.15.1a2 2 0 0 1 1 1.72v.51a2 2 0 0 1-1 1.74l-.15.09a2 2 0 0 0-.73 2.73l.22.38a2 2 0 0 0 2.73.73l.15-.08a2 2 0 0 1 2 0l.43.25a2 2 0 0 1 1 1.73V20a2 2 0 0 0 2 2h.44a2 2 0 0 0 2-2v-.18a2 2 0 0 1 1-1.73l.43-.25a2 2 0 0 1 2 0l.15.08a2 2 0 0 0 2.73-.73l.22-.39a2 2 0 0 0-.73-2.73l-.15-.08a2 2 0 0 1-1-1.74v-.5a2 2 0 0 1 1-1.74l.15-.09a2 2 0 0 0 .73-2.73l-.22-.38a2 2 0 0 0-2.73-.73l-.15.08a2 2 0 0 1-2 0l-.43-.25a2 2 0 0 1-1-1.73V4a2 2 0 0 0-2-2z"
                  />
                  <circle
                    cx="12"
                    cy="12"
                    r="3"
                  />
                </svg>
                Settings
              </h1>
              <p
                class="text-gray-600"
              >
                Manage your account settings and preferences
              </p>
            </div>
            <div
              class="flex items-center space-x-3"
            >
              <button
                class="inline-flex items-center justify-center gap-2 whitespace-nowrap text-sm font-medium ring-offset-background transition-colors focus-visible:outline-none focus-visible:ring-2 focus-visible:ring-ring focus-visible:ring-offset-2 disabled:pointer-events-none disabled:opacity-50 [&_svg]:pointer-events-none [&_svg]:size-4 [&_svg]:shrink-0 border border-input bg-background hover:bg-accent hover:text-accent-foreground h-9 rounded-md px-3"
              >
                <svg
                  class="lucide lucide-test-tube h-4 w-4 mr-2"
                  fill="none"
                  height="24"
                  stroke="currentColor"
                  stroke-linecap="round"
                  stroke-linejoin="round"
                  stroke-width="2"
                  viewBox="0 0 24 24"
                  width="24"
                  xmlns="http://www.w3.org/2000/svg"
                >
                  <path
                    d="M14.5 2v17.5c0 1.4-1.1 2.5-2.5 2.5c-1.4 0-2.5-1.1-2.5-2.5V2"
                  />
                  <path
                    d="M8.5 2h7"
                  />
                  <path
                    d="M14.5 16h-5"
                  />
                </svg>
                Run All Tests
              </button>
              <button
                class="inline-flex items-center justify-center gap-2 whitespace-nowrap text-sm font-medium ring-offset-background transition-colors focus-visible:outline-none focus-visible:ring-2 focus-visible:ring-ring focus-visible:ring-offset-2 disabled:pointer-events-none disabled:opacity-50 [&_svg]:pointer-events-none [&_svg]:size-4 [&_svg]:shrink-0 border border-input bg-background hover:bg-accent hover:text-accent-foreground h-9 rounded-md px-3"
              >
                Add Demo Data
              </button>
            </div>
          </div>
        </div>
        <div
          class="flex space-x-1 mb-8 bg-gray-100 p-1 rounded-lg"
        >
          <button
            class="flex items-center gap-2 px-4 py-2 rounded-md text-sm font-medium transition-colors bg-white text-gray-900 shadow-sm"
          >
            <svg
              class="lucide lucide-user h-4 w-4 text-blue-600"
              fill="none"
              height="24"
              stroke="currentColor"
              stroke-linecap="round"
              stroke-linejoin="round"
              stroke-width="2"
              viewBox="0 0 24 24"
              width="24"
              xmlns="http://www.w3.org/2000/svg"
            >
              <path
                d="M19 21v-2a4 4 0 0 0-4-4H9a4 4 0 0 0-4 4v2"
              />
              <circle
                cx="12"
                cy="7"
                r="4"
              />
            </svg>
            Profile Settings
          </button>
          <button
            class="flex items-center gap-2 px-4 py-2 rounded-md text-sm font-medium transition-colors text-gray-600 hover:text-gray-900"
          >
            <svg
              class="lucide lucide-bell h-4 w-4 text-yellow-600"
              fill="none"
              height="24"
              stroke="currentColor"
              stroke-linecap="round"
              stroke-linejoin="round"
              stroke-width="2"
              viewBox="0 0 24 24"
 ...
 ❯ src/pages/Settings.test.tsx:122:32
    120|     
    121|     await waitFor(() => {
    122|       expect(mockSupabaseFrom).toHaveBeenCalledWith('users')
       |                                ^
    123|       expect(mockSupabaseUpdate).toHaveBeenCalled()
    124|       expect(mockSupabaseEq).toHaveBeenCalledWith('id', 'user-1')
 ❯ runWithExpensiveErrorDiagnosticsDisabled node_modules/@testing-library/dom/dist/config.js:47:12
 ❯ checkCallback node_modules/@testing-library/dom/dist/wait-for.js:124:77
 ❯ Timeout.checkRealTimersCallback node_modules/@testing-library/dom/dist/wait-for.js:118:16

⎯⎯⎯⎯⎯⎯⎯⎯⎯⎯⎯⎯⎯⎯⎯⎯⎯⎯⎯⎯⎯[74/218]⎯

 FAIL  src/pages/Settings.test.tsx > Settings > handles profile update errors
AssertionError: expected "spy" to be called with arguments: [ { title: 'Error', …(2) } ]

Received: 

  1st spy call:

  [
    {
-     "description": "Failed to update profile. Please try again.",
-     "title": "Error",
-     "variant": "destructive",
+     "description": "Profile updates are limited in offline mode.",
+     "title": "Offline Mode",
    },
  ]


Number of calls: 1


Ignored nodes: comments, script, style
<html>
  <head />
  <body>
    <div>
      <div
        class="p-6"
      >
        <div
          class="mb-8"
        >
          <div
            class="flex justify-between items-start"
          >
            <div>
              <h1
                class="text-3xl font-bold text-gray-900 mb-2 flex items-center gap-2"
              >
                <svg
                  class="lucide lucide-settings h-8 w-8"
                  fill="none"
                  height="24"
                  stroke="currentColor"
                  stroke-linecap="round"
                  stroke-linejoin="round"
                  stroke-width="2"
                  viewBox="0 0 24 24"
                  width="24"
                  xmlns="http://www.w3.org/2000/svg"
                >
                  <path
                    d="M12.22 2h-.44a2 2 0 0 0-2 2v.18a2 2 0 0 1-1 1.73l-.43.25a2 2 0 0 1-2 0l-.15-.08a2 2 0 0 0-2.73.73l-.22.38a2 2 0 0 0 .73 2.73l.15.1a2 2 0 0 1 1 1.72v.51a2 2 0 0 1-1 1.74l-.15.09a2 2 0 0 0-.73 2.73l.22.38a2 2 0 0 0 2.73.73l.15-.08a2 2 0 0 1 2 0l.43.25a2 2 0 0 1 1 1.73V20a2 2 0 0 0 2 2h.44a2 2 0 0 0 2-2v-.18a2 2 0 0 1 1-1.73l.43-.25a2 2 0 0 1 2 0l.15.08a2 2 0 0 0 2.73-.73l.22-.39a2 2 0 0 0-.73-2.73l-.15-.08a2 2 0 0 1-1-1.74v-.5a2 2 0 0 1 1-1.74l.15-.09a2 2 0 0 0 .73-2.73l-.22-.38a2 2 0 0 0-2.73-.73l-.15.08a2 2 0 0 1-2 0l-.43-.25a2 2 0 0 1-1-1.73V4a2 2 0 0 0-2-2z"
                  />
                  <circle
                    cx="12"
                    cy="12"
                    r="3"
                  />
                </svg>
                Settings
              </h1>
              <p
                class="text-gray-600"
              >
                Manage your account settings and preferences
              </p>
            </div>
            <div
              class="flex items-center space-x-3"
            >
              <button
                class="inline-flex items-center justify-center gap-2 whitespace-nowrap text-sm font-medium ring-offset-background transition-colors focus-visible:outline-none focus-visible:ring-2 focus-visible:ring-ring focus-visible:ring-offset-2 disabled:pointer-events-none disabled:opacity-50 [&_svg]:pointer-events-none [&_svg]:size-4 [&_svg]:shrink-0 border border-input bg-background hover:bg-accent hover:text-accent-foreground h-9 rounded-md px-3"
              >
                <svg
                  class="lucide lucide-test-tube h-4 w-4 mr-2"
                  fill="none"
                  height="24"
                  stroke="currentColor"
                  stroke-linecap="round"
                  stroke-linejoin="round"
                  stroke-width="2"
                  viewBox="0 0 24 24"
                  width="24"
                  xmlns="http://www.w3.org/2000/svg"
                >
                  <path
                    d="M14.5 2v17.5c0 1.4-1.1 2.5-2.5 2.5c-1.4 0-2.5-1.1-2.5-2.5V2"
                  />
                  <path
                    d="M8.5 2h7"
                  />
                  <path
                    d="M14.5 16h-5"
                  />
                </svg>
                Run All Tests
              </button>
              <button
                class="inline-flex items-center justify-center gap-2 whitespace-nowrap text-sm font-medium ring-offset-background transition-colors focus-visible:outline-none focus-visible:ring-2 focus-visible:ring-ring focus-visible:ring-offset-2 disabled:pointer-events-none disabled:opacity-50 [&_svg]:pointer-events-none [&_svg]:size-4 [&_svg]:shrink-0 border border-input bg-background hover:bg-accent hover:text-accent-foreground h-9 rounded-md px-3"
              >
                Add Demo Data
              </button>
            </div>
          </div>
        </div>
        <div
          class="flex space-x-1 mb-8 bg-gray-100 p-1 rounded-lg"
        >
          <button
            class="flex items-center gap-2 px-4 py-2 rounded-md text-sm font-medium transition-colors bg-white text-gray-900 shadow-sm"
          >
            <svg
              class="lucide lucide-user h-4 w-4 text-blue-600"
              fill="none"
              height="24"
              stroke="currentColor"
              stroke-linecap="round"
              stroke-linejoin="round"
              stroke-width="2"
              viewBox="0 0 24 24"
              width="24"
              xmlns="http://www.w3.org/2000/svg"
            >
              <path
                d="M19 21v-2a4 4 0 0 0-4-4H9a4 4 0 0 0-4 4v2"
              />
              <circle
                cx="12"
                cy="7"
                r="4"
              />
            </svg>
            Profile Settings
          </button>
          <button
            class="flex items-center gap-2 px-4 py-2 rounded-md text-sm font-medium transition-colors text-gray-600 hover:text-gray-900"
          >
            <svg
              class="lucide lucide-bell h-4 w-4 text-yellow-600"
              fill="none"
              height="24"
              stroke="currentColor"
              stroke-linecap="round"
              stroke-linejoin="round"
              stroke-width="2"
              viewBox="0 0 24 24"
 ...
 ❯ src/pages/Settings.test.tsx:156:25
    154|     
    155|     await waitFor(() => {
    156|       expect(mockToast).toHaveBeenCalledWith({
       |                         ^
    157|         title: 'Error',
    158|         description: 'Failed to update profile. Please try again.',
 ❯ runWithExpensiveErrorDiagnosticsDisabled node_modules/@testing-library/dom/dist/config.js:47:12
 ❯ checkCallback node_modules/@testing-library/dom/dist/wait-for.js:124:77
 ❯ Timeout.checkRealTimersCallback node_modules/@testing-library/dom/dist/wait-for.js:118:16

⎯⎯⎯⎯⎯⎯⎯⎯⎯⎯⎯⎯⎯⎯⎯⎯⎯⎯⎯⎯⎯[75/218]⎯

 FAIL  src/pages/Settings.test.tsx > Settings > handles notification toggle changes
TestingLibraryElementError: Unable to find an accessible element with the role "switch" and name `/email notifications/i`

Here are the accessible roles:

  heading:

  Name "Settings":
  <h1
    class="text-3xl font-bold text-gray-900 mb-2 flex items-center gap-2"
  />

  Name "Notification Preferences":
  <h3
    class="text-2xl font-semibold leading-none tracking-tight"
  />

  Name "Email Notifications":
  <h4
    class="font-medium"
  />

  Name "Push Notifications":
  <h4
    class="font-medium"
  />

  Name "Deal Updates":
  <h4
    class="font-medium"
  />

  Name "Proposal Updates":
  <h4
    class="font-medium"
  />

  Name "Invoice Updates":
  <h4
    class="font-medium"
  />

  Name "Calendar Reminders":
  <h4
    class="font-medium"
  />

  --------------------------------------------------
  paragraph:

  Name "":
  <p
    class="text-gray-600"
  />

  Name "":
  <p
    class="text-sm text-muted-foreground"
  />

  Name "":
  <p
    class="text-sm text-gray-600"
  />

  Name "":
  <p
    class="text-sm text-gray-600"
  />

  Name "":
  <p
    class="text-sm text-gray-600"
  />

  Name "":
  <p
    class="text-sm text-gray-600"
  />

  Name "":
  <p
    class="text-sm text-gray-600"
  />

  Name "":
  <p
    class="text-sm text-gray-600"
  />

  --------------------------------------------------
  button:

  Name "Run All Tests":
  <button
    class="inline-flex items-center justify-center gap-2 whitespace-nowrap text-sm font-medium ring-offset-background transition-colors focus-visible:outline-none focus-visible:ring-2 focus-visible:ring-ring focus-visible:ring-offset-2 disabled:pointer-events-none disabled:opacity-50 [&_svg]:pointer-events-none [&_svg]:size-4 [&_svg]:shrink-0 border border-input bg-background hover:bg-accent hover:text-accent-foreground h-9 rounded-md px-3"
  />

  Name "Add Demo Data":
  <button
    class="inline-flex items-center justify-center gap-2 whitespace-nowrap text-sm font-medium ring-offset-background transition-colors focus-visible:outline-none focus-visible:ring-2 focus-visible:ring-ring focus-visible:ring-offset-2 disabled:pointer-events-none disabled:opacity-50 [&_svg]:pointer-events-none [&_svg]:size-4 [&_svg]:shrink-0 border border-input bg-background hover:bg-accent hover:text-accent-foreground h-9 rounded-md px-3"
  />

  Name "Profile Settings":
  <button
    class="flex items-center gap-2 px-4 py-2 rounded-md text-sm font-medium transition-colors text-gray-600 hover:text-gray-900"
  />

  Name "Notifications":
  <button
    class="flex items-center gap-2 px-4 py-2 rounded-md text-sm font-medium transition-colors bg-white text-gray-900 shadow-sm"
  />

  Name "Security":
  <button
    class="flex items-center gap-2 px-4 py-2 rounded-md text-sm font-medium transition-colors text-gray-600 hover:text-gray-900"
  />

  Name "System Health":
  <button
    class="flex items-center gap-2 px-4 py-2 rounded-md text-sm font-medium transition-colors text-gray-600 hover:text-gray-900"
  />

  Name "Data Management":
  <button
    class="flex items-center gap-2 px-4 py-2 rounded-md text-sm font-medium transition-colors text-gray-600 hover:text-gray-900"
  />

  --------------------------------------------------
  switch:

  Name "":
  <button
    aria-checked="true"
    class="peer inline-flex h-6 w-11 shrink-0 cursor-pointer items-center rounded-full border-2 border-transparent transition-colors focus-visible:outline-none focus-visible:ring-2 focus-visible:ring-ring focus-visible:ring-offset-2 focus-visible:ring-offset-background disabled:cursor-not-allowed disabled:opacity-50 data-[state=checked]:bg-primary data-[state=unchecked]:bg-input"
    data-state="checked"
    role="switch"
    type="button"
    value="on"
  />

  Name "":
  <button
    aria-checked="false"
    class="peer inline-flex h-6 w-11 shrink-0 cursor-pointer items-center rounded-full border-2 border-transparent transition-colors focus-visible:outline-none focus-visible:ring-2 focus-visible:ring-ring focus-visible:ring-offset-2 focus-visible:ring-offset-background disabled:cursor-not-allowed disabled:opacity-50 data-[state=checked]:bg-primary data-[state=unchecked]:bg-input"
    data-state="unchecked"
    role="switch"
    type="button"
    value="on"
  />

  Name "":
  <button
    aria-checked="true"
    class="peer inline-flex h-6 w-11 shrink-0 cursor-pointer items-center rounded-full border-2 border-transparent transition-colors focus-visible:outline-none focus-visible:ring-2 focus-visible:ring-ring focus-visible:ring-offset-2 focus-visible:ring-offset-background disabled:cursor-not-allowed disabled:opacity-50 data-[state=checked]:bg-primary data-[state=unchecked]:bg-input"
    data-state="checked"
    role="switch"
    type="button"
    value="on"
  />

  Name "":
  <button
    aria-checked="true"
    class="peer inline-flex h-6 w-11 shrink-0 cursor-pointer items-center rounded-full border-2 border-transparent transition-colors focus-visible:outline-none focus-visible:ring-2 focus-visible:ring-ring focus-visible:ring-offset-2 focus-visible:ring-offset-background disabled:cursor-not-allowed disabled:opacity-50 data-[state=checked]:bg-primary data-[state=unchecked]:bg-input"
    data-state="checked"
    role="switch"
    type="button"
    value="on"
  />

  Name "":
  <button
    aria-checked="true"
    class="peer inline-flex h-6 w-11 shrink-0 cursor-pointer items-center rounded-full border-2 border-transparent transition-colors focus-visible:outline-none focus-visible:ring-2 focus-visible:ring-ring focus-visible:ring-offset-2 focus-visible:ring-offset-background disabled:cursor-not-allowed disabled:opacity-50 data-[state=checked]:bg-primary data-[state=unchecked]:bg-input"
    data-state="checked"
    role="switch"
    type="button"
    value="on"
  />

  Name "":
  <button
    aria-checked="true"
    class="peer inline-flex h-6 w-11 shrink-0 cursor-pointer items-center rounded-full border-2 border-transparent transition-colors focus-visible:outline-none focus-visible:ring-2 focus-visible:ring-ring focus-visible:ring-offset-2 focus-visible:ring-offset-background disabled:cursor-not-allowed disabled:opacity-50 data-[state=checked]:bg-primary data-[state=unchecked]:bg-input"
    data-state="checked"
    role="switch"
    type="button"
    value="on"
  />

  --------------------------------------------------
  none:

  Name "":
  <div
    class="shrink-0 bg-border h-[1px] w-full"
    data-orientation="horizontal"
    role="none"
  />

  Name "":
  <div
    class="shrink-0 bg-border h-[1px] w-full"
    data-orientation="horizontal"
    role="none"
  />

  Name "":
  <div
    class="shrink-0 bg-border h-[1px] w-full"
    data-orientation="horizontal"
    role="none"
  />

  Name "":
  <div
    class="shrink-0 bg-border h-[1px] w-full"
    data-orientation="horizontal"
    role="none"
  />

  Name "":
  <div
    class="shrink-0 bg-border h-[1px] w-full"
    data-orientation="horizontal"
    role="none"
  />

  --------------------------------------------------

Ignored nodes: comments, script, style
<body>
  <div>
    <div
      class="p-6"
    >
      <div
        class="mb-8"
      >
        <div
          class="flex justify-between items-start"
        >
          <div>
            <h1
              class="text-3xl font-bold text-gray-900 mb-2 flex items-center gap-2"
            >
              <svg
                class="lucide lucide-settings h-8 w-8"
                fill="none"
                height="24"
                stroke="currentColor"
                stroke-linecap="round"
                stroke-linejoin="round"
                stroke-width="2"
                viewBox="0 0 24 24"
                width="24"
                xmlns="http://www.w3.org/2000/svg"
              >
                <path
                  d="M12.22 2h-.44a2 2 0 0 0-2 2v.18a2 2 0 0 1-1 1.73l-.43.25a2 2 0 0 1-2 0l-.15-.08a2 2 0 0 0-2.73.73l-.22.38a2 2 0 0 0 .73 2.73l.15.1a2 2 0 0 1 1 1.72v.51a2 2 0 0 1-1 1.74l-.15.09a2 2 0 0 0-.73 2.73l.22.38a2 2 0 0 0 2.73.73l.15-.08a2 2 0 0 1 2 0l.43.25a2 2 0 0 1 1 1.73V20a2 2 0 0 0 2 2h.44a2 2 0 0 0 2-2v-.18a2 2 0 0 1 1-1.73l.43-.25a2 2 0 0 1 2 0l.15.08a2 2 0 0 0 2.73-.73l.22-.39a2 2 0 0 0-.73-2.73l-.15-.08a2 2 0 0 1-1-1.74v-.5a2 2 0 0 1 1-1.74l.15-.09a2 2 0 0 0 .73-2.73l-.22-.38a2 2 0 0 0-2.73-.73l-.15.08a2 2 0 0 1-2 0l-.43-.25a2 2 0 0 1-1-1.73V4a2 2 0 0 0-2-2z"
                />
                <circle
                  cx="12"
                  cy="12"
                  r="3"
                />
              </svg>
              Settings
            </h1>
            <p
              class="text-gray-600"
            >
              Manage your account settings and preferences
            </p>
          </div>
          <div
            class="flex items-center space-x-3"
          >
            <button
              class="inline-flex items-center justify-center gap-2 whitespace-nowrap text-sm font-medium ring-offset-background transition-colors focus-visible:outline-none focus-visible:ring-2 focus-visible:ring-ring focus-visible:ring-offset-2 disabled:pointer-events-none disabled:opacity-50 [&_svg]:pointer-events-none [&_svg]:size-4 [&_svg]:shrink-0 border border-input bg-background hover:bg-accent hover:text-accent-foreground h-9 rounded-md px-3"
            >
              <svg
                class="lucide lucide-test-tube h-4 w-4 mr-2"
                fill="none"
                height="24"
                stroke="currentColor"
                stroke-linecap="round"
                stroke-linejoin="round"
                stroke-width="2"
                viewBox="0 0 24 24"
                width="24"
                xmlns="http://www.w3.org/2000/svg"
              >
                <path
                  d="M14.5 2v17.5c0 1.4-1.1 2.5-2.5 2.5c-1.4 0-2.5-1.1-2.5-2.5V2"
                />
                <path
                  d="M8.5 2h7"
                />
                <path
                  d="M14.5 16h-5"
                />
              </svg>
              Run All Tests
            </button>
            <button
              class="inline-flex items-center justify-center gap-2 whitespace-nowrap text-sm font-medium ring-offset-background transition-colors focus-visible:outline-none focus-visible:ring-2 focus-visible:ring-ring focus-visible:ring-offset-2 disabled:pointer-events-none disabled:opacity-50 [&_svg]:pointer-events-none [&_svg]:size-4 [&_svg]:shrink-0 border border-input bg-background hover:bg-accent hover:text-accent-foreground h-9 rounded-md px-3"
            >
              Add Demo Data
            </button>
          </div>
        </div>
      </div>
      <div
        class="flex space-x-1 mb-8 bg-gray-100 p-1 rounded-lg"
      >
        <button
          class="flex items-center gap-2 px-4 py-2 rounded-md text-sm font-medium transition-colors text-gray-600 hover:text-gray-900"
        >
          <svg
            class="lucide lucide-user h-4 w-4 text-blue-600"
            fill="none"
            height="24"
            stroke="currentColor"
            stroke-linecap="round"
            stroke-linejoin="round"
            stroke-width="2"
            viewBox="0 0 24 24"
            width="24"
            xmlns="http://www.w3.org/2000/svg"
          >
            <path
              d="M19 21v-2a4 4 0 0 0-4-4H9a4 4 0 0 0-4 4v2"
            />
            <circle
              cx="12"
              cy="7"
              r="4"
            />
          </svg>
          Profile Settings
        </button>
        <button
          class="flex items-center gap-2 px-4 py-2 rounded-md text-sm font-medium transition-colors bg-white text-gray-900 shadow-sm"
        >
          <svg
            class="lucide lucide-bell h-4 w-4 text-yellow-600"
            fill="none"
            height="24"
            stroke="currentColor"
            stroke-linecap="round"
            stroke-linejoin="round"
            stroke-width="2"
            viewBox="0 0 24 24"
            width="24"
            xmlns="http://www.w3.org/2000/svg"
          >
            <path
              d="M10.268 21a2 2 0 0 0 3.464 0"
            />
            <path
     ...
 ❯ Object.getElementError node_modules/@testing-library/dom/dist/config.js:37:19
 ❯ node_modules/@testing-library/dom/dist/query-helpers.js:76:38
 ❯ node_modules/@testing-library/dom/dist/query-helpers.js:52:17
 ❯ node_modules/@testing-library/dom/dist/query-helpers.js:95:19
 ❯ src/pages/Settings.test.tsx:194:32
    192|     fireEvent.click(notificationsTab)
    193|     
    194|     const emailSwitch = screen.getByRole('switch', { name: /email noti…
       |                                ^
    195|     fireEvent.click(emailSwitch)
    196|     

⎯⎯⎯⎯⎯⎯⎯⎯⎯⎯⎯⎯⎯⎯⎯⎯⎯⎯⎯⎯⎯[76/218]⎯

 FAIL  src/pages/Settings.test.tsx > Settings > handles password change form submission
AssertionError: expected "spy" to be called with arguments: [ { password: 'newpassword123' } ]

Number of calls: 0


Ignored nodes: comments, script, style
<html>
  <head />
  <body
    data-scroll-locked="1"
    style="pointer-events: none;"
  >
    <span
      aria-hidden="true"
      data-aria-hidden="true"
      data-radix-focus-guard=""
      style="outline: none; opacity: 0; position: fixed; pointer-events: none;"
      tabindex="0"
    />
    <div
      aria-hidden="true"
      data-aria-hidden="true"
    >
      <div
        class="p-6"
      >
        <div
          class="mb-8"
        >
          <div
            class="flex justify-between items-start"
          >
            <div>
              <h1
                class="text-3xl font-bold text-gray-900 mb-2 flex items-center gap-2"
              >
                <svg
                  class="lucide lucide-settings h-8 w-8"
                  fill="none"
                  height="24"
                  stroke="currentColor"
                  stroke-linecap="round"
                  stroke-linejoin="round"
                  stroke-width="2"
                  viewBox="0 0 24 24"
                  width="24"
                  xmlns="http://www.w3.org/2000/svg"
                >
                  <path
                    d="M12.22 2h-.44a2 2 0 0 0-2 2v.18a2 2 0 0 1-1 1.73l-.43.25a2 2 0 0 1-2 0l-.15-.08a2 2 0 0 0-2.73.73l-.22.38a2 2 0 0 0 .73 2.73l.15.1a2 2 0 0 1 1 1.72v.51a2 2 0 0 1-1 1.74l-.15.09a2 2 0 0 0-.73 2.73l.22.38a2 2 0 0 0 2.73.73l.15-.08a2 2 0 0 1 2 0l.43.25a2 2 0 0 1 1 1.73V20a2 2 0 0 0 2 2h.44a2 2 0 0 0 2-2v-.18a2 2 0 0 1 1-1.73l.43-.25a2 2 0 0 1 2 0l.15.08a2 2 0 0 0 2.73-.73l.22-.39a2 2 0 0 0-.73-2.73l-.15-.08a2 2 0 0 1-1-1.74v-.5a2 2 0 0 1 1-1.74l.15-.09a2 2 0 0 0 .73-2.73l-.22-.38a2 2 0 0 0-2.73-.73l-.15.08a2 2 0 0 1-2 0l-.43-.25a2 2 0 0 1-1-1.73V4a2 2 0 0 0-2-2z"
                  />
                  <circle
                    cx="12"
                    cy="12"
                    r="3"
                  />
                </svg>
                Settings
              </h1>
              <p
                class="text-gray-600"
              >
                Manage your account settings and preferences
              </p>
            </div>
            <div
              class="flex items-center space-x-3"
            >
              <button
                class="inline-flex items-center justify-center gap-2 whitespace-nowrap text-sm font-medium ring-offset-background transition-colors focus-visible:outline-none focus-visible:ring-2 focus-visible:ring-ring focus-visible:ring-offset-2 disabled:pointer-events-none disabled:opacity-50 [&_svg]:pointer-events-none [&_svg]:size-4 [&_svg]:shrink-0 border border-input bg-background hover:bg-accent hover:text-accent-foreground h-9 rounded-md px-3"
              >
                <svg
                  class="lucide lucide-test-tube h-4 w-4 mr-2"
                  fill="none"
                  height="24"
                  stroke="currentColor"
                  stroke-linecap="round"
                  stroke-linejoin="round"
                  stroke-width="2"
                  viewBox="0 0 24 24"
                  width="24"
                  xmlns="http://www.w3.org/2000/svg"
                >
                  <path
                    d="M14.5 2v17.5c0 1.4-1.1 2.5-2.5 2.5c-1.4 0-2.5-1.1-2.5-2.5V2"
                  />
                  <path
                    d="M8.5 2h7"
                  />
                  <path
                    d="M14.5 16h-5"
                  />
                </svg>
                Run All Tests
              </button>
              <button
                class="inline-flex items-center justify-center gap-2 whitespace-nowrap text-sm font-medium ring-offset-background transition-colors focus-visible:outline-none focus-visible:ring-2 focus-visible:ring-ring focus-visible:ring-offset-2 disabled:pointer-events-none disabled:opacity-50 [&_svg]:pointer-events-none [&_svg]:size-4 [&_svg]:shrink-0 border border-input bg-background hover:bg-accent hover:text-accent-foreground h-9 rounded-md px-3"
              >
                Add Demo Data
              </button>
            </div>
          </div>
        </div>
        <div
          class="flex space-x-1 mb-8 bg-gray-100 p-1 rounded-lg"
        >
          <button
            class="flex items-center gap-2 px-4 py-2 rounded-md text-sm font-medium transition-colors text-gray-600 hover:text-gray-900"
          >
            <svg
              class="lucide lucide-user h-4 w-4 text-blue-600"
              fill="none"
              height="24"
              stroke="currentColor"
              stroke-linecap="round"
              stroke-linejoin="round"
              stroke-width="2"
              viewBox="0 0 24 24"
              width="24"
              xmlns="http://www.w3.org/2000/svg"
            >
              <path
                d="M19 21v-2a4 4 0 0 0-4-4H9a4 4 0 0 0-4 4v2"
              />
              <circle
                cx="12"
                cy="7"
                r="4"
              />
            </svg>
            Profile Settings
          </button>
          <button
            class="flex items-center gap-2 px-4 py-2 rounded-md text-sm font-medium transition-co...
 ❯ src/pages/Settings.test.tsx:250:42
    248|     
    249|     await waitFor(() => {
    250|       expect(mockSupabaseAuthUpdateUser).toHaveBeenCalledWith({
       |                                          ^
    251|         password: 'newpassword123'
    252|       })
 ❯ runWithExpensiveErrorDiagnosticsDisabled node_modules/@testing-library/dom/dist/config.js:47:12
 ❯ checkCallback node_modules/@testing-library/dom/dist/wait-for.js:124:77
 ❯ Timeout.checkRealTimersCallback node_modules/@testing-library/dom/dist/wait-for.js:118:16

⎯⎯⎯⎯⎯⎯⎯⎯⎯⎯⎯⎯⎯⎯⎯⎯⎯⎯⎯⎯⎯[77/218]⎯

 FAIL  src/pages/Settings.test.tsx > Settings > handles password update errors
AssertionError: expected "spy" to be called with arguments: [ { title: 'Error', …(2) } ]

Received: 

  1st spy call:

  [
    {
-     "description": "Failed to update password. Please try again.",
-     "title": "Error",
-     "variant": "destructive",
+     "description": "Password updates are not available in offline mode.",
+     "title": "Offline Mode",
    },
  ]


Number of calls: 1


Ignored nodes: comments, script, style
<html>
  <head />
  <body
    data-scroll-locked="1"
    style="pointer-events: none;"
  >
    <span
      aria-hidden="true"
      data-aria-hidden="true"
      data-radix-focus-guard=""
      style="outline: none; opacity: 0; position: fixed; pointer-events: none;"
      tabindex="0"
    />
    <div
      aria-hidden="true"
      data-aria-hidden="true"
    >
      <div
        class="p-6"
      >
        <div
          class="mb-8"
        >
          <div
            class="flex justify-between items-start"
          >
            <div>
              <h1
                class="text-3xl font-bold text-gray-900 mb-2 flex items-center gap-2"
              >
                <svg
                  class="lucide lucide-settings h-8 w-8"
                  fill="none"
                  height="24"
                  stroke="currentColor"
                  stroke-linecap="round"
                  stroke-linejoin="round"
                  stroke-width="2"
                  viewBox="0 0 24 24"
                  width="24"
                  xmlns="http://www.w3.org/2000/svg"
                >
                  <path
                    d="M12.22 2h-.44a2 2 0 0 0-2 2v.18a2 2 0 0 1-1 1.73l-.43.25a2 2 0 0 1-2 0l-.15-.08a2 2 0 0 0-2.73.73l-.22.38a2 2 0 0 0 .73 2.73l.15.1a2 2 0 0 1 1 1.72v.51a2 2 0 0 1-1 1.74l-.15.09a2 2 0 0 0-.73 2.73l.22.38a2 2 0 0 0 2.73.73l.15-.08a2 2 0 0 1 2 0l.43.25a2 2 0 0 1 1 1.73V20a2 2 0 0 0 2 2h.44a2 2 0 0 0 2-2v-.18a2 2 0 0 1 1-1.73l.43-.25a2 2 0 0 1 2 0l.15.08a2 2 0 0 0 2.73-.73l.22-.39a2 2 0 0 0-.73-2.73l-.15-.08a2 2 0 0 1-1-1.74v-.5a2 2 0 0 1 1-1.74l.15-.09a2 2 0 0 0 .73-2.73l-.22-.38a2 2 0 0 0-2.73-.73l-.15.08a2 2 0 0 1-2 0l-.43-.25a2 2 0 0 1-1-1.73V4a2 2 0 0 0-2-2z"
                  />
                  <circle
                    cx="12"
                    cy="12"
                    r="3"
                  />
                </svg>
                Settings
              </h1>
              <p
                class="text-gray-600"
              >
                Manage your account settings and preferences
              </p>
            </div>
            <div
              class="flex items-center space-x-3"
            >
              <button
                class="inline-flex items-center justify-center gap-2 whitespace-nowrap text-sm font-medium ring-offset-background transition-colors focus-visible:outline-none focus-visible:ring-2 focus-visible:ring-ring focus-visible:ring-offset-2 disabled:pointer-events-none disabled:opacity-50 [&_svg]:pointer-events-none [&_svg]:size-4 [&_svg]:shrink-0 border border-input bg-background hover:bg-accent hover:text-accent-foreground h-9 rounded-md px-3"
              >
                <svg
                  class="lucide lucide-test-tube h-4 w-4 mr-2"
                  fill="none"
                  height="24"
                  stroke="currentColor"
                  stroke-linecap="round"
                  stroke-linejoin="round"
                  stroke-width="2"
                  viewBox="0 0 24 24"
                  width="24"
                  xmlns="http://www.w3.org/2000/svg"
                >
                  <path
                    d="M14.5 2v17.5c0 1.4-1.1 2.5-2.5 2.5c-1.4 0-2.5-1.1-2.5-2.5V2"
                  />
                  <path
                    d="M8.5 2h7"
                  />
                  <path
                    d="M14.5 16h-5"
                  />
                </svg>
                Run All Tests
              </button>
              <button
                class="inline-flex items-center justify-center gap-2 whitespace-nowrap text-sm font-medium ring-offset-background transition-colors focus-visible:outline-none focus-visible:ring-2 focus-visible:ring-ring focus-visible:ring-offset-2 disabled:pointer-events-none disabled:opacity-50 [&_svg]:pointer-events-none [&_svg]:size-4 [&_svg]:shrink-0 border border-input bg-background hover:bg-accent hover:text-accent-foreground h-9 rounded-md px-3"
              >
                Add Demo Data
              </button>
            </div>
          </div>
        </div>
        <div
          class="flex space-x-1 mb-8 bg-gray-100 p-1 rounded-lg"
        >
          <button
            class="flex items-center gap-2 px-4 py-2 rounded-md text-sm font-medium transition-colors text-gray-600 hover:text-gray-900"
          >
            <svg
              class="lucide lucide-user h-4 w-4 text-blue-600"
              fill="none"
              height="24"
              stroke="currentColor"
              stroke-linecap="round"
              stroke-linejoin="round"
              stroke-width="2"
              viewBox="0 0 24 24"
              width="24"
              xmlns="http://www.w3.org/2000/svg"
            >
              <path
                d="M19 21v-2a4 4 0 0 0-4-4H9a4 4 0 0 0-4 4v2"
              />
              <circle
                cx="12"
                cy="7"
                r="4"
              />
            </svg>
            Profile Settings
          </button>
          <button
            class="flex items-center gap-2 px-4 py-2 rounded-md text-sm font-medium transition-co...
 ❯ src/pages/Settings.test.tsx:307:25
    305|     
    306|     await waitFor(() => {
    307|       expect(mockToast).toHaveBeenCalledWith({
       |                         ^
    308|         title: 'Error',
    309|         description: 'Failed to update password. Please try again.',
 ❯ runWithExpensiveErrorDiagnosticsDisabled node_modules/@testing-library/dom/dist/config.js:47:12
 ❯ checkCallback node_modules/@testing-library/dom/dist/wait-for.js:124:77
 ❯ Timeout.checkRealTimersCallback node_modules/@testing-library/dom/dist/wait-for.js:118:16

⎯⎯⎯⎯⎯⎯⎯⎯⎯⎯⎯⎯⎯⎯⎯⎯⎯⎯⎯⎯⎯[78/218]⎯

 FAIL  src/pages/Settings.test.tsx > Settings > switches to data management tab
TestingLibraryElementError: Found multiple elements with the text: Export Data

Here are the matching elements:

Ignored nodes: comments, script, style
<h4
  class="font-medium mb-2"
>
  Export Data
</h4>

Ignored nodes: comments, script, style
<button
  class="inline-flex items-center justify-center gap-2 whitespace-nowrap rounded-md text-sm font-medium ring-offset-background transition-colors focus-visible:outline-none focus-visible:ring-2 focus-visible:ring-ring focus-visible:ring-offset-2 disabled:pointer-events-none disabled:opacity-50 [&_svg]:pointer-events-none [&_svg]:size-4 [&_svg]:shrink-0 bg-primary text-primary-foreground hover:bg-primary/90 h-10 px-4 py-2"
>
  <svg
    class="lucide lucide-database h-4 w-4 mr-2"
    fill="none"
    height="24"
    stroke="currentColor"
    stroke-linecap="round"
    stroke-linejoin="round"
    stroke-width="2"
    viewBox="0 0 24 24"
    width="24"
    xmlns="http://www.w3.org/2000/svg"
  >
    <ellipse
      cx="12"
      cy="5"
      rx="9"
      ry="3"
    />
    <path
      d="M3 5V19A9 3 0 0 0 21 19V5"
    />
    <path
      d="M3 12A9 3 0 0 0 21 12"
    />
  </svg>
  Export Data
</button>

(If this is intentional, then use the `*AllBy*` variant of the query (like `queryAllByText`, `getAllByText`, or `findAllByText`)).

Ignored nodes: comments, script, style
<body
  style=""
>
  <div>
    <div
      class="p-6"
    >
      <div
        class="mb-8"
      >
        <div
          class="flex justify-between items-start"
        >
          <div>
            <h1
              class="text-3xl font-bold text-gray-900 mb-2 flex items-center gap-2"
            >
              <svg
                class="lucide lucide-settings h-8 w-8"
                fill="none"
                height="24"
                stroke="currentColor"
                stroke-linecap="round"
                stroke-linejoin="round"
                stroke-width="2"
                viewBox="0 0 24 24"
                width="24"
                xmlns="http://www.w3.org/2000/svg"
              >
                <path
                  d="M12.22 2h-.44a2 2 0 0 0-2 2v.18a2 2 0 0 1-1 1.73l-.43.25a2 2 0 0 1-2 0l-.15-.08a2 2 0 0 0-2.73.73l-.22.38a2 2 0 0 0 .73 2.73l.15.1a2 2 0 0 1 1 1.72v.51a2 2 0 0 1-1 1.74l-.15.09a2 2 0 0 0-.73 2.73l.22.38a2 2 0 0 0 2.73.73l.15-.08a2 2 0 0 1 2 0l.43.25a2 2 0 0 1 1 1.73V20a2 2 0 0 0 2 2h.44a2 2 0 0 0 2-2v-.18a2 2 0 0 1 1-1.73l.43-.25a2 2 0 0 1 2 0l.15.08a2 2 0 0 0 2.73-.73l.22-.39a2 2 0 0 0-.73-2.73l-.15-.08a2 2 0 0 1-1-1.74v-.5a2 2 0 0 1 1-1.74l.15-.09a2 2 0 0 0 .73-2.73l-.22-.38a2 2 0 0 0-2.73-.73l-.15.08a2 2 0 0 1-2 0l-.43-.25a2 2 0 0 1-1-1.73V4a2 2 0 0 0-2-2z"
                />
                <circle
                  cx="12"
                  cy="12"
                  r="3"
                />
              </svg>
              Settings
            </h1>
            <p
              class="text-gray-600"
            >
              Manage your account settings and preferences
            </p>
          </div>
          <div
            class="flex items-center space-x-3"
          >
            <button
              class="inline-flex items-center justify-center gap-2 whitespace-nowrap text-sm font-medium ring-offset-background transition-colors focus-visible:outline-none focus-visible:ring-2 focus-visible:ring-ring focus-visible:ring-offset-2 disabled:pointer-events-none disabled:opacity-50 [&_svg]:pointer-events-none [&_svg]:size-4 [&_svg]:shrink-0 border border-input bg-background hover:bg-accent hover:text-accent-foreground h-9 rounded-md px-3"
            >
              <svg
                class="lucide lucide-test-tube h-4 w-4 mr-2"
                fill="none"
                height="24"
                stroke="currentColor"
                stroke-linecap="round"
                stroke-linejoin="round"
                stroke-width="2"
                viewBox="0 0 24 24"
                width="24"
                xmlns="http://www.w3.org/2000/svg"
              >
                <path
                  d="M14.5 2v17.5c0 1.4-1.1 2.5-2.5 2.5c-1.4 0-2.5-1.1-2.5-2.5V2"
                />
                <path
                  d="M8.5 2h7"
                />
                <path
                  d="M14.5 16h-5"
                />
              </svg>
              Run All Tests
            </button>
            <button
              class="inline-flex items-center justify-center gap-2 whitespace-nowrap text-sm font-medium ring-offset-background transition-colors focus-visible:outline-none focus-visible:ring-2 focus-visible:ring-ring focus-visible:ring-offset-2 disabled:pointer-events-none disabled:opacity-50 [&_svg]:pointer-events-none [&_svg]:size-4 [&_svg]:shrink-0 border border-input bg-background hover:bg-accent hover:text-accent-foreground h-9 rounded-md px-3"
            >
              Add Demo Data
            </button>
          </div>
        </div>
      </div>
      <div
        class="flex space-x-1 mb-8 bg-gray-100 p-1 rounded-lg"
      >
        <button
          class="flex items-center gap-2 px-4 py-2 rounded-md text-sm font-medium transition-colors text-gray-600 hover:text-gray-900"
        >
          <svg
            class="lucide lucide-user h-4 w-4 text-blue-600"
            fill="none"
            height="24"
            stroke="currentColor"
            stroke-linecap="round"
            stroke-linejoin="round"
            stroke-width="2"
            viewBox="0 0 24 24"
            width="24"
            xmlns="http://www.w3.org/2000/svg"
          >
            <path
              d="M19 21v-2a4 4 0 0 0-4-4H9a4 4 0 0 0-4 4v2"
            />
            <circle
              cx="12"
              cy="7"
              r="4"
            />
          </svg>
          Profile Settings
        </button>
        <button
          class="flex items-center gap-2 px-4 py-2 rounded-md text-sm font-medium transition-colors text-gray-600 hover:text-gray-900"
        >
          <svg
            class="lucide lucide-bell h-4 w-4 text-yellow-600"
            fill="none"
            height="24"
            stroke="currentColor"
            stroke-linecap="round"
            stroke-linejoin="round"
            stroke-width="2"
            viewBox="0 0 24 24"
            width="24"
            xmlns="http://www.w3.org/2000/svg"
          >
            <path
              d="M10.268 21a2 2 0 0 0 3.464 0"
            [3...
 ❯ Object.getElementError node_modules/@testing-library/dom/dist/config.js:37:19
 ❯ getElementError node_modules/@testing-library/dom/dist/query-helpers.js:20:35
 ❯ getMultipleElementsFoundError node_modules/@testing-library/dom/dist/query-helpers.js:23:10
 ❯ node_modules/@testing-library/dom/dist/query-helpers.js:55:13
 ❯ node_modules/@testing-library/dom/dist/query-helpers.js:95:19
 ❯ src/pages/Settings.test.tsx:357:19
    355|     
    356|     expect(screen.getByText('Export your data and manage your account'…
    357|     expect(screen.getByText('Export Data')).toBeInTheDocument()
       |                   ^
    358|     expect(screen.getByText('Delete Account')).toBeInTheDocument()
    359|   })

⎯⎯⎯⎯⎯⎯⎯⎯⎯⎯⎯⎯⎯⎯⎯⎯⎯⎯⎯⎯⎯[79/218]⎯

 FAIL  src/pages/Settings.test.tsx > Settings > handles data export successfully
TestingLibraryElementError: Found multiple elements with the text: Export Data

Here are the matching elements:

Ignored nodes: comments, script, style
<h4
  class="font-medium mb-2"
>
  Export Data
</h4>

Ignored nodes: comments, script, style
<button
  class="inline-flex items-center justify-center gap-2 whitespace-nowrap rounded-md text-sm font-medium ring-offset-background transition-colors focus-visible:outline-none focus-visible:ring-2 focus-visible:ring-ring focus-visible:ring-offset-2 disabled:pointer-events-none disabled:opacity-50 [&_svg]:pointer-events-none [&_svg]:size-4 [&_svg]:shrink-0 bg-primary text-primary-foreground hover:bg-primary/90 h-10 px-4 py-2"
>
  <svg
    class="lucide lucide-database h-4 w-4 mr-2"
    fill="none"
    height="24"
    stroke="currentColor"
    stroke-linecap="round"
    stroke-linejoin="round"
    stroke-width="2"
    viewBox="0 0 24 24"
    width="24"
    xmlns="http://www.w3.org/2000/svg"
  >
    <ellipse
      cx="12"
      cy="5"
      rx="9"
      ry="3"
    />
    <path
      d="M3 5V19A9 3 0 0 0 21 19V5"
    />
    <path
      d="M3 12A9 3 0 0 0 21 12"
    />
  </svg>
  Export Data
</button>

(If this is intentional, then use the `*AllBy*` variant of the query (like `queryAllByText`, `getAllByText`, or `findAllByText`)).

Ignored nodes: comments, script, style
<body
  style=""
>
  <div>
    <div
      class="p-6"
    >
      <div
        class="mb-8"
      >
        <div
          class="flex justify-between items-start"
        >
          <div>
            <h1
              class="text-3xl font-bold text-gray-900 mb-2 flex items-center gap-2"
            >
              <svg
                class="lucide lucide-settings h-8 w-8"
                fill="none"
                height="24"
                stroke="currentColor"
                stroke-linecap="round"
                stroke-linejoin="round"
                stroke-width="2"
                viewBox="0 0 24 24"
                width="24"
                xmlns="http://www.w3.org/2000/svg"
              >
                <path
                  d="M12.22 2h-.44a2 2 0 0 0-2 2v.18a2 2 0 0 1-1 1.73l-.43.25a2 2 0 0 1-2 0l-.15-.08a2 2 0 0 0-2.73.73l-.22.38a2 2 0 0 0 .73 2.73l.15.1a2 2 0 0 1 1 1.72v.51a2 2 0 0 1-1 1.74l-.15.09a2 2 0 0 0-.73 2.73l.22.38a2 2 0 0 0 2.73.73l.15-.08a2 2 0 0 1 2 0l.43.25a2 2 0 0 1 1 1.73V20a2 2 0 0 0 2 2h.44a2 2 0 0 0 2-2v-.18a2 2 0 0 1 1-1.73l.43-.25a2 2 0 0 1 2 0l.15.08a2 2 0 0 0 2.73-.73l.22-.39a2 2 0 0 0-.73-2.73l-.15-.08a2 2 0 0 1-1-1.74v-.5a2 2 0 0 1 1-1.74l.15-.09a2 2 0 0 0 .73-2.73l-.22-.38a2 2 0 0 0-2.73-.73l-.15.08a2 2 0 0 1-2 0l-.43-.25a2 2 0 0 1-1-1.73V4a2 2 0 0 0-2-2z"
                />
                <circle
                  cx="12"
                  cy="12"
                  r="3"
                />
              </svg>
              Settings
            </h1>
            <p
              class="text-gray-600"
            >
              Manage your account settings and preferences
            </p>
          </div>
          <div
            class="flex items-center space-x-3"
          >
            <button
              class="inline-flex items-center justify-center gap-2 whitespace-nowrap text-sm font-medium ring-offset-background transition-colors focus-visible:outline-none focus-visible:ring-2 focus-visible:ring-ring focus-visible:ring-offset-2 disabled:pointer-events-none disabled:opacity-50 [&_svg]:pointer-events-none [&_svg]:size-4 [&_svg]:shrink-0 border border-input bg-background hover:bg-accent hover:text-accent-foreground h-9 rounded-md px-3"
            >
              <svg
                class="lucide lucide-test-tube h-4 w-4 mr-2"
                fill="none"
                height="24"
                stroke="currentColor"
                stroke-linecap="round"
                stroke-linejoin="round"
                stroke-width="2"
                viewBox="0 0 24 24"
                width="24"
                xmlns="http://www.w3.org/2000/svg"
              >
                <path
                  d="M14.5 2v17.5c0 1.4-1.1 2.5-2.5 2.5c-1.4 0-2.5-1.1-2.5-2.5V2"
                />
                <path
                  d="M8.5 2h7"
                />
                <path
                  d="M14.5 16h-5"
                />
              </svg>
              Run All Tests
            </button>
            <button
              class="inline-flex items-center justify-center gap-2 whitespace-nowrap text-sm font-medium ring-offset-background transition-colors focus-visible:outline-none focus-visible:ring-2 focus-visible:ring-ring focus-visible:ring-offset-2 disabled:pointer-events-none disabled:opacity-50 [&_svg]:pointer-events-none [&_svg]:size-4 [&_svg]:shrink-0 border border-input bg-background hover:bg-accent hover:text-accent-foreground h-9 rounded-md px-3"
            >
              Add Demo Data
            </button>
          </div>
        </div>
      </div>
      <div
        class="flex space-x-1 mb-8 bg-gray-100 p-1 rounded-lg"
      >
        <button
          class="flex items-center gap-2 px-4 py-2 rounded-md text-sm font-medium transition-colors text-gray-600 hover:text-gray-900"
        >
          <svg
            class="lucide lucide-user h-4 w-4 text-blue-600"
            fill="none"
            height="24"
            stroke="currentColor"
            stroke-linecap="round"
            stroke-linejoin="round"
            stroke-width="2"
            viewBox="0 0 24 24"
            width="24"
            xmlns="http://www.w3.org/2000/svg"
          >
            <path
              d="M19 21v-2a4 4 0 0 0-4-4H9a4 4 0 0 0-4 4v2"
            />
            <circle
              cx="12"
              cy="7"
              r="4"
            />
          </svg>
          Profile Settings
        </button>
        <button
          class="flex items-center gap-2 px-4 py-2 rounded-md text-sm font-medium transition-colors text-gray-600 hover:text-gray-900"
        >
          <svg
            class="lucide lucide-bell h-4 w-4 text-yellow-600"
            fill="none"
            height="24"
            stroke="currentColor"
            stroke-linecap="round"
            stroke-linejoin="round"
            stroke-width="2"
            viewBox="0 0 24 24"
            width="24"
            xmlns="http://www.w3.org/2000/svg"
          >
            <path
              d="M10.268 21a2 2 0 0 0 3.464 0"
            [3...
 ❯ Object.getElementError node_modules/@testing-library/dom/dist/config.js:37:19
 ❯ getElementError node_modules/@testing-library/dom/dist/query-helpers.js:20:35
 ❯ getMultipleElementsFoundError node_modules/@testing-library/dom/dist/query-helpers.js:23:10
 ❯ node_modules/@testing-library/dom/dist/query-helpers.js:55:13
 ❯ node_modules/@testing-library/dom/dist/query-helpers.js:95:19
 ❯ src/pages/Settings.test.tsx:367:33
    365|     fireEvent.click(dataTab)
    366|     
    367|     const exportButton = screen.getByText('Export Data')
       |                                 ^
    368|     fireEvent.click(exportButton)
    369|     

⎯⎯⎯⎯⎯⎯⎯⎯⎯⎯⎯⎯⎯⎯⎯⎯⎯⎯⎯⎯⎯[80/218]⎯

 FAIL  src/pages/Settings.test.tsx > Settings > handles data export errors
TestingLibraryElementError: Found multiple elements with the text: Export Data

Here are the matching elements:

Ignored nodes: comments, script, style
<h4
  class="font-medium mb-2"
>
  Export Data
</h4>

Ignored nodes: comments, script, style
<button
  class="inline-flex items-center justify-center gap-2 whitespace-nowrap rounded-md text-sm font-medium ring-offset-background transition-colors focus-visible:outline-none focus-visible:ring-2 focus-visible:ring-ring focus-visible:ring-offset-2 disabled:pointer-events-none disabled:opacity-50 [&_svg]:pointer-events-none [&_svg]:size-4 [&_svg]:shrink-0 bg-primary text-primary-foreground hover:bg-primary/90 h-10 px-4 py-2"
>
  <svg
    class="lucide lucide-database h-4 w-4 mr-2"
    fill="none"
    height="24"
    stroke="currentColor"
    stroke-linecap="round"
    stroke-linejoin="round"
    stroke-width="2"
    viewBox="0 0 24 24"
    width="24"
    xmlns="http://www.w3.org/2000/svg"
  >
    <ellipse
      cx="12"
      cy="5"
      rx="9"
      ry="3"
    />
    <path
      d="M3 5V19A9 3 0 0 0 21 19V5"
    />
    <path
      d="M3 12A9 3 0 0 0 21 12"
    />
  </svg>
  Export Data
</button>

(If this is intentional, then use the `*AllBy*` variant of the query (like `queryAllByText`, `getAllByText`, or `findAllByText`)).

Ignored nodes: comments, script, style
<body
  style=""
>
  <div>
    <div
      class="p-6"
    >
      <div
        class="mb-8"
      >
        <div
          class="flex justify-between items-start"
        >
          <div>
            <h1
              class="text-3xl font-bold text-gray-900 mb-2 flex items-center gap-2"
            >
              <svg
                class="lucide lucide-settings h-8 w-8"
                fill="none"
                height="24"
                stroke="currentColor"
                stroke-linecap="round"
                stroke-linejoin="round"
                stroke-width="2"
                viewBox="0 0 24 24"
                width="24"
                xmlns="http://www.w3.org/2000/svg"
              >
                <path
                  d="M12.22 2h-.44a2 2 0 0 0-2 2v.18a2 2 0 0 1-1 1.73l-.43.25a2 2 0 0 1-2 0l-.15-.08a2 2 0 0 0-2.73.73l-.22.38a2 2 0 0 0 .73 2.73l.15.1a2 2 0 0 1 1 1.72v.51a2 2 0 0 1-1 1.74l-.15.09a2 2 0 0 0-.73 2.73l.22.38a2 2 0 0 0 2.73.73l.15-.08a2 2 0 0 1 2 0l.43.25a2 2 0 0 1 1 1.73V20a2 2 0 0 0 2 2h.44a2 2 0 0 0 2-2v-.18a2 2 0 0 1 1-1.73l.43-.25a2 2 0 0 1 2 0l.15.08a2 2 0 0 0 2.73-.73l.22-.39a2 2 0 0 0-.73-2.73l-.15-.08a2 2 0 0 1-1-1.74v-.5a2 2 0 0 1 1-1.74l.15-.09a2 2 0 0 0 .73-2.73l-.22-.38a2 2 0 0 0-2.73-.73l-.15.08a2 2 0 0 1-2 0l-.43-.25a2 2 0 0 1-1-1.73V4a2 2 0 0 0-2-2z"
                />
                <circle
                  cx="12"
                  cy="12"
                  r="3"
                />
              </svg>
              Settings
            </h1>
            <p
              class="text-gray-600"
            >
              Manage your account settings and preferences
            </p>
          </div>
          <div
            class="flex items-center space-x-3"
          >
            <button
              class="inline-flex items-center justify-center gap-2 whitespace-nowrap text-sm font-medium ring-offset-background transition-colors focus-visible:outline-none focus-visible:ring-2 focus-visible:ring-ring focus-visible:ring-offset-2 disabled:pointer-events-none disabled:opacity-50 [&_svg]:pointer-events-none [&_svg]:size-4 [&_svg]:shrink-0 border border-input bg-background hover:bg-accent hover:text-accent-foreground h-9 rounded-md px-3"
            >
              <svg
                class="lucide lucide-test-tube h-4 w-4 mr-2"
                fill="none"
                height="24"
                stroke="currentColor"
                stroke-linecap="round"
                stroke-linejoin="round"
                stroke-width="2"
                viewBox="0 0 24 24"
                width="24"
                xmlns="http://www.w3.org/2000/svg"
              >
                <path
                  d="M14.5 2v17.5c0 1.4-1.1 2.5-2.5 2.5c-1.4 0-2.5-1.1-2.5-2.5V2"
                />
                <path
                  d="M8.5 2h7"
                />
                <path
                  d="M14.5 16h-5"
                />
              </svg>
              Run All Tests
            </button>
            <button
              class="inline-flex items-center justify-center gap-2 whitespace-nowrap text-sm font-medium ring-offset-background transition-colors focus-visible:outline-none focus-visible:ring-2 focus-visible:ring-ring focus-visible:ring-offset-2 disabled:pointer-events-none disabled:opacity-50 [&_svg]:pointer-events-none [&_svg]:size-4 [&_svg]:shrink-0 border border-input bg-background hover:bg-accent hover:text-accent-foreground h-9 rounded-md px-3"
            >
              Add Demo Data
            </button>
          </div>
        </div>
      </div>
      <div
        class="flex space-x-1 mb-8 bg-gray-100 p-1 rounded-lg"
      >
        <button
          class="flex items-center gap-2 px-4 py-2 rounded-md text-sm font-medium transition-colors text-gray-600 hover:text-gray-900"
        >
          <svg
            class="lucide lucide-user h-4 w-4 text-blue-600"
            fill="none"
            height="24"
            stroke="currentColor"
            stroke-linecap="round"
            stroke-linejoin="round"
            stroke-width="2"
            viewBox="0 0 24 24"
            width="24"
            xmlns="http://www.w3.org/2000/svg"
          >
            <path
              d="M19 21v-2a4 4 0 0 0-4-4H9a4 4 0 0 0-4 4v2"
            />
            <circle
              cx="12"
              cy="7"
              r="4"
            />
          </svg>
          Profile Settings
        </button>
        <button
          class="flex items-center gap-2 px-4 py-2 rounded-md text-sm font-medium transition-colors text-gray-600 hover:text-gray-900"
        >
          <svg
            class="lucide lucide-bell h-4 w-4 text-yellow-600"
            fill="none"
            height="24"
            stroke="currentColor"
            stroke-linecap="round"
            stroke-linejoin="round"
            stroke-width="2"
            viewBox="0 0 24 24"
            width="24"
            xmlns="http://www.w3.org/2000/svg"
          >
            <path
              d="M10.268 21a2 2 0 0 0 3.464 0"
            [3...
 ❯ Object.getElementError node_modules/@testing-library/dom/dist/config.js:37:19
 ❯ getElementError node_modules/@testing-library/dom/dist/query-helpers.js:20:35
 ❯ getMultipleElementsFoundError node_modules/@testing-library/dom/dist/query-helpers.js:23:10
 ❯ node_modules/@testing-library/dom/dist/query-helpers.js:55:13
 ❯ node_modules/@testing-library/dom/dist/query-helpers.js:95:19
 ❯ src/pages/Settings.test.tsx:388:33
    386|     fireEvent.click(dataTab)
    387|     
    388|     const exportButton = screen.getByText('Export Data')
       |                                 ^
    389|     fireEvent.click(exportButton)
    390|     

⎯⎯⎯⎯⎯⎯⎯⎯⎯⎯⎯⎯⎯⎯⎯⎯⎯⎯⎯⎯⎯[81/218]⎯

 FAIL  src/pages/Settings.test.tsx > Settings > shows loading state during profile save
TestingLibraryElementError: Unable to find an element with the text: Saving.... This could be because the text is broken up by multiple elements. In this case, you can provide a function for your text matcher to make your matcher more flexible.

Ignored nodes: comments, script, style
<body
  style=""
>
  <div>
    <div
      class="p-6"
    >
      <div
        class="mb-8"
      >
        <div
          class="flex justify-between items-start"
        >
          <div>
            <h1
              class="text-3xl font-bold text-gray-900 mb-2 flex items-center gap-2"
            >
              <svg
                class="lucide lucide-settings h-8 w-8"
                fill="none"
                height="24"
                stroke="currentColor"
                stroke-linecap="round"
                stroke-linejoin="round"
                stroke-width="2"
                viewBox="0 0 24 24"
                width="24"
                xmlns="http://www.w3.org/2000/svg"
              >
                <path
                  d="M12.22 2h-.44a2 2 0 0 0-2 2v.18a2 2 0 0 1-1 1.73l-.43.25a2 2 0 0 1-2 0l-.15-.08a2 2 0 0 0-2.73.73l-.22.38a2 2 0 0 0 .73 2.73l.15.1a2 2 0 0 1 1 1.72v.51a2 2 0 0 1-1 1.74l-.15.09a2 2 0 0 0-.73 2.73l.22.38a2 2 0 0 0 2.73.73l.15-.08a2 2 0 0 1 2 0l.43.25a2 2 0 0 1 1 1.73V20a2 2 0 0 0 2 2h.44a2 2 0 0 0 2-2v-.18a2 2 0 0 1 1-1.73l.43-.25a2 2 0 0 1 2 0l.15.08a2 2 0 0 0 2.73-.73l.22-.39a2 2 0 0 0-.73-2.73l-.15-.08a2 2 0 0 1-1-1.74v-.5a2 2 0 0 1 1-1.74l.15-.09a2 2 0 0 0 .73-2.73l-.22-.38a2 2 0 0 0-2.73-.73l-.15.08a2 2 0 0 1-2 0l-.43-.25a2 2 0 0 1-1-1.73V4a2 2 0 0 0-2-2z"
                />
                <circle
                  cx="12"
                  cy="12"
                  r="3"
                />
              </svg>
              Settings
            </h1>
            <p
              class="text-gray-600"
            >
              Manage your account settings and preferences
            </p>
          </div>
          <div
            class="flex items-center space-x-3"
          >
            <button
              class="inline-flex items-center justify-center gap-2 whitespace-nowrap text-sm font-medium ring-offset-background transition-colors focus-visible:outline-none focus-visible:ring-2 focus-visible:ring-ring focus-visible:ring-offset-2 disabled:pointer-events-none disabled:opacity-50 [&_svg]:pointer-events-none [&_svg]:size-4 [&_svg]:shrink-0 border border-input bg-background hover:bg-accent hover:text-accent-foreground h-9 rounded-md px-3"
            >
              <svg
                class="lucide lucide-test-tube h-4 w-4 mr-2"
                fill="none"
                height="24"
                stroke="currentColor"
                stroke-linecap="round"
                stroke-linejoin="round"
                stroke-width="2"
                viewBox="0 0 24 24"
                width="24"
                xmlns="http://www.w3.org/2000/svg"
              >
                <path
                  d="M14.5 2v17.5c0 1.4-1.1 2.5-2.5 2.5c-1.4 0-2.5-1.1-2.5-2.5V2"
                />
                <path
                  d="M8.5 2h7"
                />
                <path
                  d="M14.5 16h-5"
                />
              </svg>
              Run All Tests
            </button>
            <button
              class="inline-flex items-center justify-center gap-2 whitespace-nowrap text-sm font-medium ring-offset-background transition-colors focus-visible:outline-none focus-visible:ring-2 focus-visible:ring-ring focus-visible:ring-offset-2 disabled:pointer-events-none disabled:opacity-50 [&_svg]:pointer-events-none [&_svg]:size-4 [&_svg]:shrink-0 border border-input bg-background hover:bg-accent hover:text-accent-foreground h-9 rounded-md px-3"
            >
              Add Demo Data
            </button>
          </div>
        </div>
      </div>
      <div
        class="flex space-x-1 mb-8 bg-gray-100 p-1 rounded-lg"
      >
        <button
          class="flex items-center gap-2 px-4 py-2 rounded-md text-sm font-medium transition-colors bg-white text-gray-900 shadow-sm"
        >
          <svg
            class="lucide lucide-user h-4 w-4 text-blue-600"
            fill="none"
            height="24"
            stroke="currentColor"
            stroke-linecap="round"
            stroke-linejoin="round"
            stroke-width="2"
            viewBox="0 0 24 24"
            width="24"
            xmlns="http://www.w3.org/2000/svg"
          >
            <path
              d="M19 21v-2a4 4 0 0 0-4-4H9a4 4 0 0 0-4 4v2"
            />
            <circle
              cx="12"
              cy="7"
              r="4"
            />
          </svg>
          Profile Settings
        </button>
        <button
          class="flex items-center gap-2 px-4 py-2 rounded-md text-sm font-medium transition-colors text-gray-600 hover:text-gray-900"
        >
          <svg
            class="lucide lucide-bell h-4 w-4 text-yellow-600"
            fill="none"
            height="24"
            stroke="currentColor"
            stroke-linecap="round"
            stroke-linejoin="round"
            stroke-width="2"
            viewBox="0 0 24 24"
            width="24"
            xmlns="http://www.w3.org/2000/svg"
          >
            <path
              d="M10.268 21a2 2 0 0 0 3.464 0"
            [36...
 ❯ Object.getElementError node_modules/@testing-library/dom/dist/config.js:37:19
 ❯ node_modules/@testing-library/dom/dist/query-helpers.js:76:38
 ❯ node_modules/@testing-library/dom/dist/query-helpers.js:52:17
 ❯ node_modules/@testing-library/dom/dist/query-helpers.js:95:19
 ❯ src/pages/Settings.test.tsx:434:19
    432|     fireEvent.click(saveButton)
    433|     
    434|     expect(screen.getByText('Saving...')).toBeInTheDocument()
       |                   ^
    435|     
    436|     await waitFor(() => {

⎯⎯⎯⎯⎯⎯⎯⎯⎯⎯⎯⎯⎯⎯⎯⎯⎯⎯⎯⎯⎯[82/218]⎯

 FAIL  src/pages/Settings.test.tsx > Settings > shows loading state during password update
TestingLibraryElementError: Unable to find an element with the text: Updating.... This could be because the text is broken up by multiple elements. In this case, you can provide a function for your text matcher to make your matcher more flexible.

Ignored nodes: comments, script, style
<body
  data-scroll-locked="1"
  style="pointer-events: none;"
>
  <span
    aria-hidden="true"
    data-aria-hidden="true"
    data-radix-focus-guard=""
    style="outline: none; opacity: 0; position: fixed; pointer-events: none;"
    tabindex="0"
  />
  <div
    aria-hidden="true"
    data-aria-hidden="true"
  >
    <div
      class="p-6"
    >
      <div
        class="mb-8"
      >
        <div
          class="flex justify-between items-start"
        >
          <div>
            <h1
              class="text-3xl font-bold text-gray-900 mb-2 flex items-center gap-2"
            >
              <svg
                class="lucide lucide-settings h-8 w-8"
                fill="none"
                height="24"
                stroke="currentColor"
                stroke-linecap="round"
                stroke-linejoin="round"
                stroke-width="2"
                viewBox="0 0 24 24"
                width="24"
                xmlns="http://www.w3.org/2000/svg"
              >
                <path
                  d="M12.22 2h-.44a2 2 0 0 0-2 2v.18a2 2 0 0 1-1 1.73l-.43.25a2 2 0 0 1-2 0l-.15-.08a2 2 0 0 0-2.73.73l-.22.38a2 2 0 0 0 .73 2.73l.15.1a2 2 0 0 1 1 1.72v.51a2 2 0 0 1-1 1.74l-.15.09a2 2 0 0 0-.73 2.73l.22.38a2 2 0 0 0 2.73.73l.15-.08a2 2 0 0 1 2 0l.43.25a2 2 0 0 1 1 1.73V20a2 2 0 0 0 2 2h.44a2 2 0 0 0 2-2v-.18a2 2 0 0 1 1-1.73l.43-.25a2 2 0 0 1 2 0l.15.08a2 2 0 0 0 2.73-.73l.22-.39a2 2 0 0 0-.73-2.73l-.15-.08a2 2 0 0 1-1-1.74v-.5a2 2 0 0 1 1-1.74l.15-.09a2 2 0 0 0 .73-2.73l-.22-.38a2 2 0 0 0-2.73-.73l-.15.08a2 2 0 0 1-2 0l-.43-.25a2 2 0 0 1-1-1.73V4a2 2 0 0 0-2-2z"
                />
                <circle
                  cx="12"
                  cy="12"
                  r="3"
                />
              </svg>
              Settings
            </h1>
            <p
              class="text-gray-600"
            >
              Manage your account settings and preferences
            </p>
          </div>
          <div
            class="flex items-center space-x-3"
          >
            <button
              class="inline-flex items-center justify-center gap-2 whitespace-nowrap text-sm font-medium ring-offset-background transition-colors focus-visible:outline-none focus-visible:ring-2 focus-visible:ring-ring focus-visible:ring-offset-2 disabled:pointer-events-none disabled:opacity-50 [&_svg]:pointer-events-none [&_svg]:size-4 [&_svg]:shrink-0 border border-input bg-background hover:bg-accent hover:text-accent-foreground h-9 rounded-md px-3"
            >
              <svg
                class="lucide lucide-test-tube h-4 w-4 mr-2"
                fill="none"
                height="24"
                stroke="currentColor"
                stroke-linecap="round"
                stroke-linejoin="round"
                stroke-width="2"
                viewBox="0 0 24 24"
                width="24"
                xmlns="http://www.w3.org/2000/svg"
              >
                <path
                  d="M14.5 2v17.5c0 1.4-1.1 2.5-2.5 2.5c-1.4 0-2.5-1.1-2.5-2.5V2"
                />
                <path
                  d="M8.5 2h7"
                />
                <path
                  d="M14.5 16h-5"
                />
              </svg>
              Run All Tests
            </button>
            <button
              class="inline-flex items-center justify-center gap-2 whitespace-nowrap text-sm font-medium ring-offset-background transition-colors focus-visible:outline-none focus-visible:ring-2 focus-visible:ring-ring focus-visible:ring-offset-2 disabled:pointer-events-none disabled:opacity-50 [&_svg]:pointer-events-none [&_svg]:size-4 [&_svg]:shrink-0 border border-input bg-background hover:bg-accent hover:text-accent-foreground h-9 rounded-md px-3"
            >
              Add Demo Data
            </button>
          </div>
        </div>
      </div>
      <div
        class="flex space-x-1 mb-8 bg-gray-100 p-1 rounded-lg"
      >
        <button
          class="flex items-center gap-2 px-4 py-2 rounded-md text-sm font-medium transition-colors text-gray-600 hover:text-gray-900"
        >
          <svg
            class="lucide lucide-user h-4 w-4 text-blue-600"
            fill="none"
            height="24"
            stroke="currentColor"
            stroke-linecap="round"
            stroke-linejoin="round"
            stroke-width="2"
            viewBox="0 0 24 24"
            width="24"
            xmlns="http://www.w3.org/2000/svg"
          >
            <path
              d="M19 21v-2a4 4 0 0 0-4-4H9a4 4 0 0 0-4 4v2"
            />
            <circle
              cx="12"
              cy="7"
              r="4"
            />
          </svg>
          Profile Settings
        </button>
        <button
          class="flex items-center gap-2 px-4 py-2 rounded-md text-sm font-medium transition-colors text-gray-600 hover:text-gray-900"
        >
          <svg
            class="lucide lucide-bell h-4 w-4 text-yellow-600"
            fill="none"
            height="24"
            stroke=...
 ❯ Object.getElementError node_modules/@testing-library/dom/dist/config.js:37:19
 ❯ node_modules/@testing-library/dom/dist/query-helpers.js:76:38
 ❯ node_modules/@testing-library/dom/dist/query-helpers.js:52:17
 ❯ node_modules/@testing-library/dom/dist/query-helpers.js:95:19
 ❯ src/pages/Settings.test.tsx:467:19
    465|     fireEvent.click(updateButton)
    466|     
    467|     expect(screen.getByText('Updating...')).toBeInTheDocument()
       |                   ^
    468|     
    469|     await waitFor(() => {

⎯⎯⎯⎯⎯⎯⎯⎯⎯⎯⎯⎯⎯⎯⎯⎯⎯⎯⎯⎯⎯[83/218]⎯

 FAIL  src/hooks/useAuth.test.ts > useAuth Hook > Initialization > should initialize with loading state
Error: useAuth must be used within an AuthProvider
 ❯ Module.useAuth src/hooks/useAuthHook.ts:7:11
      5|   const context = useContext(AuthContext)
      6|   if (context === undefined) {
      7|     throw new Error('useAuth must be used within an AuthProvider')
       |           ^
      8|   }
      9|   return context
 ❯ src/hooks/useAuth.test.ts:70:43
 ❯ TestComponent node_modules/@testing-library/react/dist/pure.js:331:27
 ❯ renderWithHooks node_modules/react-dom/cjs/react-dom.development.js:15486:18
 ❯ mountIndeterminateComponent node_modules/react-dom/cjs/react-dom.development.js:20103:13
 ❯ beginWork node_modules/react-dom/cjs/react-dom.development.js:21626:16
 ❯ beginWork$1 node_modules/react-dom/cjs/react-dom.development.js:27465:14
 ❯ performUnitOfWork node_modules/react-dom/cjs/react-dom.development.js:26599:12
 ❯ workLoopSync node_modules/react-dom/cjs/react-dom.development.js:26505:5
 ❯ renderRootSync node_modules/react-dom/cjs/react-dom.development.js:26473:7

⎯⎯⎯⎯⎯⎯⎯⎯⎯⎯⎯⎯⎯⎯⎯⎯⎯⎯⎯⎯⎯[84/218]⎯

 FAIL  src/hooks/useAuth.test.ts > useAuth Hook > Initialization > should load existing session on mount
Error: useAuth must be used within an AuthProvider
 ❯ Module.useAuth src/hooks/useAuthHook.ts:7:11
      5|   const context = useContext(AuthContext)
      6|   if (context === undefined) {
      7|     throw new Error('useAuth must be used within an AuthProvider')
       |           ^
      8|   }
      9|   return context
 ❯ src/hooks/useAuth.test.ts:83:43
 ❯ TestComponent node_modules/@testing-library/react/dist/pure.js:331:27
 ❯ renderWithHooks node_modules/react-dom/cjs/react-dom.development.js:15486:18
 ❯ mountIndeterminateComponent node_modules/react-dom/cjs/react-dom.development.js:20103:13
 ❯ beginWork node_modules/react-dom/cjs/react-dom.development.js:21626:16
 ❯ beginWork$1 node_modules/react-dom/cjs/react-dom.development.js:27465:14
 ❯ performUnitOfWork node_modules/react-dom/cjs/react-dom.development.js:26599:12
 ❯ workLoopSync node_modules/react-dom/cjs/react-dom.development.js:26505:5
 ❯ renderRootSync node_modules/react-dom/cjs/react-dom.development.js:26473:7

⎯⎯⎯⎯⎯⎯⎯⎯⎯⎯⎯⎯⎯⎯⎯⎯⎯⎯⎯⎯⎯[85/218]⎯

 FAIL  src/hooks/useAuth.test.ts > useAuth Hook > Initialization > should handle session loading errors
Error: useAuth must be used within an AuthProvider
 ❯ Module.useAuth src/hooks/useAuthHook.ts:7:11
      5|   const context = useContext(AuthContext)
      6|   if (context === undefined) {
      7|     throw new Error('useAuth must be used within an AuthProvider')
       |           ^
      8|   }
      9|   return context
 ❯ src/hooks/useAuth.test.ts:98:43
 ❯ TestComponent node_modules/@testing-library/react/dist/pure.js:331:27
 ❯ renderWithHooks node_modules/react-dom/cjs/react-dom.development.js:15486:18
 ❯ mountIndeterminateComponent node_modules/react-dom/cjs/react-dom.development.js:20103:13
 ❯ beginWork node_modules/react-dom/cjs/react-dom.development.js:21626:16
 ❯ beginWork$1 node_modules/react-dom/cjs/react-dom.development.js:27465:14
 ❯ performUnitOfWork node_modules/react-dom/cjs/react-dom.development.js:26599:12
 ❯ workLoopSync node_modules/react-dom/cjs/react-dom.development.js:26505:5
 ❯ renderRootSync node_modules/react-dom/cjs/react-dom.development.js:26473:7

⎯⎯⎯⎯⎯⎯⎯⎯⎯⎯⎯⎯⎯⎯⎯⎯⎯⎯⎯⎯⎯[86/218]⎯

 FAIL  src/hooks/useAuth.test.ts > useAuth Hook > Initialization > should set up auth state change listener
Error: useAuth must be used within an AuthProvider
 ❯ Module.useAuth src/hooks/useAuthHook.ts:7:11
      5|   const context = useContext(AuthContext)
      6|   if (context === undefined) {
      7|     throw new Error('useAuth must be used within an AuthProvider')
       |           ^
      8|   }
      9|   return context
 ❯ src/hooks/useAuth.test.ts:108:24
 ❯ TestComponent node_modules/@testing-library/react/dist/pure.js:331:27
 ❯ renderWithHooks node_modules/react-dom/cjs/react-dom.development.js:15486:18
 ❯ mountIndeterminateComponent node_modules/react-dom/cjs/react-dom.development.js:20103:13
 ❯ beginWork node_modules/react-dom/cjs/react-dom.development.js:21626:16
 ❯ beginWork$1 node_modules/react-dom/cjs/react-dom.development.js:27465:14
 ❯ performUnitOfWork node_modules/react-dom/cjs/react-dom.development.js:26599:12
 ❯ workLoopSync node_modules/react-dom/cjs/react-dom.development.js:26505:5
 ❯ renderRootSync node_modules/react-dom/cjs/react-dom.development.js:26473:7

⎯⎯⎯⎯⎯⎯⎯⎯⎯⎯⎯⎯⎯⎯⎯⎯⎯⎯⎯⎯⎯[87/218]⎯

 FAIL  src/hooks/useAuth.test.ts > useAuth Hook > Sign Up > should successfully sign up a new user
Error: useAuth must be used within an AuthProvider
 ❯ Module.useAuth src/hooks/useAuthHook.ts:7:11
      5|   const context = useContext(AuthContext)
      6|   if (context === undefined) {
      7|     throw new Error('useAuth must be used within an AuthProvider')
       |           ^
      8|   }
      9|   return context
 ❯ src/hooks/useAuth.test.ts:126:43
 ❯ TestComponent node_modules/@testing-library/react/dist/pure.js:331:27
 ❯ renderWithHooks node_modules/react-dom/cjs/react-dom.development.js:15486:18
 ❯ mountIndeterminateComponent node_modules/react-dom/cjs/react-dom.development.js:20103:13
 ❯ beginWork node_modules/react-dom/cjs/react-dom.development.js:21626:16
 ❯ beginWork$1 node_modules/react-dom/cjs/react-dom.development.js:27465:14
 ❯ performUnitOfWork node_modules/react-dom/cjs/react-dom.development.js:26599:12
 ❯ workLoopSync node_modules/react-dom/cjs/react-dom.development.js:26505:5
 ❯ renderRootSync node_modules/react-dom/cjs/react-dom.development.js:26473:7

⎯⎯⎯⎯⎯⎯⎯⎯⎯⎯⎯⎯⎯⎯⎯⎯⎯⎯⎯⎯⎯[88/218]⎯

 FAIL  src/hooks/useAuth.test.ts > useAuth Hook > Sign Up > should handle sign up errors
Error: useAuth must be used within an AuthProvider
 ❯ Module.useAuth src/hooks/useAuthHook.ts:7:11
      5|   const context = useContext(AuthContext)
      6|   if (context === undefined) {
      7|     throw new Error('useAuth must be used within an AuthProvider')
       |           ^
      8|   }
      9|   return context
 ❯ src/hooks/useAuth.test.ts:152:43
 ❯ TestComponent node_modules/@testing-library/react/dist/pure.js:331:27
 ❯ renderWithHooks node_modules/react-dom/cjs/react-dom.development.js:15486:18
 ❯ mountIndeterminateComponent node_modules/react-dom/cjs/react-dom.development.js:20103:13
 ❯ beginWork node_modules/react-dom/cjs/react-dom.development.js:21626:16
 ❯ beginWork$1 node_modules/react-dom/cjs/react-dom.development.js:27465:14
 ❯ performUnitOfWork node_modules/react-dom/cjs/react-dom.development.js:26599:12
 ❯ workLoopSync node_modules/react-dom/cjs/react-dom.development.js:26505:5
 ❯ renderRootSync node_modules/react-dom/cjs/react-dom.development.js:26473:7

⎯⎯⎯⎯⎯⎯⎯⎯⎯⎯⎯⎯⎯⎯⎯⎯⎯⎯⎯⎯⎯[89/218]⎯

 FAIL  src/hooks/useAuth.test.ts > useAuth Hook > Sign Up > should handle sign up with email confirmation required
Error: useAuth must be used within an AuthProvider
 ❯ Module.useAuth src/hooks/useAuthHook.ts:7:11
      5|   const context = useContext(AuthContext)
      6|   if (context === undefined) {
      7|     throw new Error('useAuth must be used within an AuthProvider')
       |           ^
      8|   }
      9|   return context
 ❯ src/hooks/useAuth.test.ts:171:43
 ❯ TestComponent node_modules/@testing-library/react/dist/pure.js:331:27
 ❯ renderWithHooks node_modules/react-dom/cjs/react-dom.development.js:15486:18
 ❯ mountIndeterminateComponent node_modules/react-dom/cjs/react-dom.development.js:20103:13
 ❯ beginWork node_modules/react-dom/cjs/react-dom.development.js:21626:16
 ❯ beginWork$1 node_modules/react-dom/cjs/react-dom.development.js:27465:14
 ❯ performUnitOfWork node_modules/react-dom/cjs/react-dom.development.js:26599:12
 ❯ workLoopSync node_modules/react-dom/cjs/react-dom.development.js:26505:5
 ❯ renderRootSync node_modules/react-dom/cjs/react-dom.development.js:26473:7

⎯⎯⎯⎯⎯⎯⎯⎯⎯⎯⎯⎯⎯⎯⎯⎯⎯⎯⎯⎯⎯[90/218]⎯

 FAIL  src/hooks/useAuth.test.ts > useAuth Hook > Sign In > should successfully sign in a user
Error: useAuth must be used within an AuthProvider
 ❯ Module.useAuth src/hooks/useAuthHook.ts:7:11
      5|   const context = useContext(AuthContext)
      6|   if (context === undefined) {
      7|     throw new Error('useAuth must be used within an AuthProvider')
       |           ^
      8|   }
      9|   return context
 ❯ src/hooks/useAuth.test.ts:194:43
 ❯ TestComponent node_modules/@testing-library/react/dist/pure.js:331:27
 ❯ renderWithHooks node_modules/react-dom/cjs/react-dom.development.js:15486:18
 ❯ mountIndeterminateComponent node_modules/react-dom/cjs/react-dom.development.js:20103:13
 ❯ beginWork node_modules/react-dom/cjs/react-dom.development.js:21626:16
 ❯ beginWork$1 node_modules/react-dom/cjs/react-dom.development.js:27465:14
 ❯ performUnitOfWork node_modules/react-dom/cjs/react-dom.development.js:26599:12
 ❯ workLoopSync node_modules/react-dom/cjs/react-dom.development.js:26505:5
 ❯ renderRootSync node_modules/react-dom/cjs/react-dom.development.js:26473:7

⎯⎯⎯⎯⎯⎯⎯⎯⎯⎯⎯⎯⎯⎯⎯⎯⎯⎯⎯⎯⎯[91/218]⎯

 FAIL  src/hooks/useAuth.test.ts > useAuth Hook > Sign In > should handle sign in errors
Error: useAuth must be used within an AuthProvider
 ❯ Module.useAuth src/hooks/useAuthHook.ts:7:11
      5|   const context = useContext(AuthContext)
      6|   if (context === undefined) {
      7|     throw new Error('useAuth must be used within an AuthProvider')
       |           ^
      8|   }
      9|   return context
 ❯ src/hooks/useAuth.test.ts:215:43
 ❯ TestComponent node_modules/@testing-library/react/dist/pure.js:331:27
 ❯ renderWithHooks node_modules/react-dom/cjs/react-dom.development.js:15486:18
 ❯ mountIndeterminateComponent node_modules/react-dom/cjs/react-dom.development.js:20103:13
 ❯ beginWork node_modules/react-dom/cjs/react-dom.development.js:21626:16
 ❯ beginWork$1 node_modules/react-dom/cjs/react-dom.development.js:27465:14
 ❯ performUnitOfWork node_modules/react-dom/cjs/react-dom.development.js:26599:12
 ❯ workLoopSync node_modules/react-dom/cjs/react-dom.development.js:26505:5
 ❯ renderRootSync node_modules/react-dom/cjs/react-dom.development.js:26473:7

⎯⎯⎯⎯⎯⎯⎯⎯⎯⎯⎯⎯⎯⎯⎯⎯⎯⎯⎯⎯⎯[92/218]⎯

 FAIL  src/hooks/useAuth.test.ts > useAuth Hook > Sign In > should handle network errors during sign in
Error: useAuth must be used within an AuthProvider
 ❯ Module.useAuth src/hooks/useAuthHook.ts:7:11
      5|   const context = useContext(AuthContext)
      6|   if (context === undefined) {
      7|     throw new Error('useAuth must be used within an AuthProvider')
       |           ^
      8|   }
      9|   return context
 ❯ src/hooks/useAuth.test.ts:230:43
 ❯ TestComponent node_modules/@testing-library/react/dist/pure.js:331:27
 ❯ renderWithHooks node_modules/react-dom/cjs/react-dom.development.js:15486:18
 ❯ mountIndeterminateComponent node_modules/react-dom/cjs/react-dom.development.js:20103:13
 ❯ beginWork node_modules/react-dom/cjs/react-dom.development.js:21626:16
 ❯ beginWork$1 node_modules/react-dom/cjs/react-dom.development.js:27465:14
 ❯ performUnitOfWork node_modules/react-dom/cjs/react-dom.development.js:26599:12
 ❯ workLoopSync node_modules/react-dom/cjs/react-dom.development.js:26505:5
 ❯ renderRootSync node_modules/react-dom/cjs/react-dom.development.js:26473:7

⎯⎯⎯⎯⎯⎯⎯⎯⎯⎯⎯⎯⎯⎯⎯⎯⎯⎯⎯⎯⎯[93/218]⎯

 FAIL  src/hooks/useAuth.test.ts > useAuth Hook > Sign Out > should successfully sign out a user
Error: useAuth must be used within an AuthProvider
 ❯ Module.useAuth src/hooks/useAuthHook.ts:7:11
      5|   const context = useContext(AuthContext)
      6|   if (context === undefined) {
      7|     throw new Error('useAuth must be used within an AuthProvider')
       |           ^
      8|   }
      9|   return context
 ❯ src/hooks/useAuth.test.ts:246:43
 ❯ TestComponent node_modules/@testing-library/react/dist/pure.js:331:27
 ❯ renderWithHooks node_modules/react-dom/cjs/react-dom.development.js:15486:18
 ❯ mountIndeterminateComponent node_modules/react-dom/cjs/react-dom.development.js:20103:13
 ❯ beginWork node_modules/react-dom/cjs/react-dom.development.js:21626:16
 ❯ beginWork$1 node_modules/react-dom/cjs/react-dom.development.js:27465:14
 ❯ performUnitOfWork node_modules/react-dom/cjs/react-dom.development.js:26599:12
 ❯ workLoopSync node_modules/react-dom/cjs/react-dom.development.js:26505:5
 ❯ renderRootSync node_modules/react-dom/cjs/react-dom.development.js:26473:7

⎯⎯⎯⎯⎯⎯⎯⎯⎯⎯⎯⎯⎯⎯⎯⎯⎯⎯⎯⎯⎯[94/218]⎯

 FAIL  src/hooks/useAuth.test.ts > useAuth Hook > Sign Out > should handle sign out errors
Error: useAuth must be used within an AuthProvider
 ❯ Module.useAuth src/hooks/useAuthHook.ts:7:11
      5|   const context = useContext(AuthContext)
      6|   if (context === undefined) {
      7|     throw new Error('useAuth must be used within an AuthProvider')
       |           ^
      8|   }
      9|   return context
 ❯ src/hooks/useAuth.test.ts:268:43
 ❯ TestComponent node_modules/@testing-library/react/dist/pure.js:331:27
 ❯ renderWithHooks node_modules/react-dom/cjs/react-dom.development.js:15486:18
 ❯ mountIndeterminateComponent node_modules/react-dom/cjs/react-dom.development.js:20103:13
 ❯ beginWork node_modules/react-dom/cjs/react-dom.development.js:21626:16
 ❯ beginWork$1 node_modules/react-dom/cjs/react-dom.development.js:27465:14
 ❯ performUnitOfWork node_modules/react-dom/cjs/react-dom.development.js:26599:12
 ❯ workLoopSync node_modules/react-dom/cjs/react-dom.development.js:26505:5
 ❯ renderRootSync node_modules/react-dom/cjs/react-dom.development.js:26473:7

⎯⎯⎯⎯⎯⎯⎯⎯⎯⎯⎯⎯⎯⎯⎯⎯⎯⎯⎯⎯⎯[95/218]⎯

 FAIL  src/hooks/useAuth.test.ts > useAuth Hook > Password Reset > should successfully send password reset email
Error: useAuth must be used within an AuthProvider
 ❯ Module.useAuth src/hooks/useAuthHook.ts:7:11
      5|   const context = useContext(AuthContext)
      6|   if (context === undefined) {
      7|     throw new Error('useAuth must be used within an AuthProvider')
       |           ^
      8|   }
      9|   return context
 ❯ src/hooks/useAuth.test.ts:285:43
 ❯ TestComponent node_modules/@testing-library/react/dist/pure.js:331:27
 ❯ renderWithHooks node_modules/react-dom/cjs/react-dom.development.js:15486:18
 ❯ mountIndeterminateComponent node_modules/react-dom/cjs/react-dom.development.js:20103:13
 ❯ beginWork node_modules/react-dom/cjs/react-dom.development.js:21626:16
 ❯ beginWork$1 node_modules/react-dom/cjs/react-dom.development.js:27465:14
 ❯ performUnitOfWork node_modules/react-dom/cjs/react-dom.development.js:26599:12
 ❯ workLoopSync node_modules/react-dom/cjs/react-dom.development.js:26505:5
 ❯ renderRootSync node_modules/react-dom/cjs/react-dom.development.js:26473:7

⎯⎯⎯⎯⎯⎯⎯⎯⎯⎯⎯⎯⎯⎯⎯⎯⎯⎯⎯⎯⎯[96/218]⎯

 FAIL  src/hooks/useAuth.test.ts > useAuth Hook > Password Reset > should handle password reset errors
Error: useAuth must be used within an AuthProvider
 ❯ Module.useAuth src/hooks/useAuthHook.ts:7:11
      5|   const context = useContext(AuthContext)
      6|   if (context === undefined) {
      7|     throw new Error('useAuth must be used within an AuthProvider')
       |           ^
      8|   }
      9|   return context
 ❯ src/hooks/useAuth.test.ts:305:43
 ❯ TestComponent node_modules/@testing-library/react/dist/pure.js:331:27
 ❯ renderWithHooks node_modules/react-dom/cjs/react-dom.development.js:15486:18
 ❯ mountIndeterminateComponent node_modules/react-dom/cjs/react-dom.development.js:20103:13
 ❯ beginWork node_modules/react-dom/cjs/react-dom.development.js:21626:16
 ❯ beginWork$1 node_modules/react-dom/cjs/react-dom.development.js:27465:14
 ❯ performUnitOfWork node_modules/react-dom/cjs/react-dom.development.js:26599:12
 ❯ workLoopSync node_modules/react-dom/cjs/react-dom.development.js:26505:5
 ❯ renderRootSync node_modules/react-dom/cjs/react-dom.development.js:26473:7

⎯⎯⎯⎯⎯⎯⎯⎯⎯⎯⎯⎯⎯⎯⎯⎯⎯⎯⎯⎯⎯[97/218]⎯

 FAIL  src/hooks/useAuth.test.ts > useAuth Hook > Auth State Changes > should update state when user signs in
Error: useAuth must be used within an AuthProvider
 ❯ Module.useAuth src/hooks/useAuthHook.ts:7:11
      5|   const context = useContext(AuthContext)
      6|   if (context === undefined) {
      7|     throw new Error('useAuth must be used within an AuthProvider')
       |           ^
      8|   }
      9|   return context
 ❯ src/hooks/useAuth.test.ts:326:43
 ❯ TestComponent node_modules/@testing-library/react/dist/pure.js:331:27
 ❯ renderWithHooks node_modules/react-dom/cjs/react-dom.development.js:15486:18
 ❯ mountIndeterminateComponent node_modules/react-dom/cjs/react-dom.development.js:20103:13
 ❯ beginWork node_modules/react-dom/cjs/react-dom.development.js:21626:16
 ❯ beginWork$1 node_modules/react-dom/cjs/react-dom.development.js:27465:14
 ❯ performUnitOfWork node_modules/react-dom/cjs/react-dom.development.js:26599:12
 ❯ workLoopSync node_modules/react-dom/cjs/react-dom.development.js:26505:5
 ❯ renderRootSync node_modules/react-dom/cjs/react-dom.development.js:26473:7

⎯⎯⎯⎯⎯⎯⎯⎯⎯⎯⎯⎯⎯⎯⎯⎯⎯⎯⎯⎯⎯[98/218]⎯

 FAIL  src/hooks/useAuth.test.ts > useAuth Hook > Auth State Changes > should clear state when user signs out
Error: useAuth must be used within an AuthProvider
 ❯ Module.useAuth src/hooks/useAuthHook.ts:7:11
      5|   const context = useContext(AuthContext)
      6|   if (context === undefined) {
      7|     throw new Error('useAuth must be used within an AuthProvider')
       |           ^
      8|   }
      9|   return context
 ❯ src/hooks/useAuth.test.ts:347:43
 ❯ TestComponent node_modules/@testing-library/react/dist/pure.js:331:27
 ❯ renderWithHooks node_modules/react-dom/cjs/react-dom.development.js:15486:18
 ❯ mountIndeterminateComponent node_modules/react-dom/cjs/react-dom.development.js:20103:13
 ❯ beginWork node_modules/react-dom/cjs/react-dom.development.js:21626:16
 ❯ beginWork$1 node_modules/react-dom/cjs/react-dom.development.js:27465:14
 ❯ performUnitOfWork node_modules/react-dom/cjs/react-dom.development.js:26599:12
 ❯ workLoopSync node_modules/react-dom/cjs/react-dom.development.js:26505:5
 ❯ renderRootSync node_modules/react-dom/cjs/react-dom.development.js:26473:7

⎯⎯⎯⎯⎯⎯⎯⎯⎯⎯⎯⎯⎯⎯⎯⎯⎯⎯⎯⎯⎯[99/218]⎯

 FAIL  src/hooks/useAuth.test.ts > useAuth Hook > Loading States > should set loading to true during sign in
Error: useAuth must be used within an AuthProvider
 ❯ Module.useAuth src/hooks/useAuthHook.ts:7:11
      5|   const context = useContext(AuthContext)
      6|   if (context === undefined) {
      7|     throw new Error('useAuth must be used within an AuthProvider')
       |           ^
      8|   }
      9|   return context
 ❯ src/hooks/useAuth.test.ts:373:43
 ❯ TestComponent node_modules/@testing-library/react/dist/pure.js:331:27
 ❯ renderWithHooks node_modules/react-dom/cjs/react-dom.development.js:15486:18
 ❯ mountIndeterminateComponent node_modules/react-dom/cjs/react-dom.development.js:20103:13
 ❯ beginWork node_modules/react-dom/cjs/react-dom.development.js:21626:16
 ❯ beginWork$1 node_modules/react-dom/cjs/react-dom.development.js:27465:14
 ❯ performUnitOfWork node_modules/react-dom/cjs/react-dom.development.js:26599:12
 ❯ workLoopSync node_modules/react-dom/cjs/react-dom.development.js:26505:5
 ❯ renderRootSync node_modules/react-dom/cjs/react-dom.development.js:26473:7

⎯⎯⎯⎯⎯⎯⎯⎯⎯⎯⎯⎯⎯⎯⎯⎯⎯⎯⎯⎯[100/218]⎯

 FAIL  src/hooks/useAuth.test.ts > useAuth Hook > Loading States > should set loading to true during sign up
Error: useAuth must be used within an AuthProvider
 ❯ Module.useAuth src/hooks/useAuthHook.ts:7:11
      5|   const context = useContext(AuthContext)
      6|   if (context === undefined) {
      7|     throw new Error('useAuth must be used within an AuthProvider')
       |           ^
      8|   }
      9|   return context
 ❯ src/hooks/useAuth.test.ts:394:43
 ❯ TestComponent node_modules/@testing-library/react/dist/pure.js:331:27
 ❯ renderWithHooks node_modules/react-dom/cjs/react-dom.development.js:15486:18
 ❯ mountIndeterminateComponent node_modules/react-dom/cjs/react-dom.development.js:20103:13
 ❯ beginWork node_modules/react-dom/cjs/react-dom.development.js:21626:16
 ❯ beginWork$1 node_modules/react-dom/cjs/react-dom.development.js:27465:14
 ❯ performUnitOfWork node_modules/react-dom/cjs/react-dom.development.js:26599:12
 ❯ workLoopSync node_modules/react-dom/cjs/react-dom.development.js:26505:5
 ❯ renderRootSync node_modules/react-dom/cjs/react-dom.development.js:26473:7

⎯⎯⎯⎯⎯⎯⎯⎯⎯⎯⎯⎯⎯⎯⎯⎯⎯⎯⎯⎯[101/218]⎯

 FAIL  src/hooks/useAuth.test.ts > useAuth Hook > Cleanup > should unsubscribe from auth state changes on unmount
Error: useAuth must be used within an AuthProvider
 ❯ Module.useAuth src/hooks/useAuthHook.ts:7:11
      5|   const context = useContext(AuthContext)
      6|   if (context === undefined) {
      7|     throw new Error('useAuth must be used within an AuthProvider')
       |           ^
      8|   }
      9|   return context
 ❯ src/hooks/useAuth.test.ts:416:44
 ❯ TestComponent node_modules/@testing-library/react/dist/pure.js:331:27
 ❯ renderWithHooks node_modules/react-dom/cjs/react-dom.development.js:15486:18
 ❯ mountIndeterminateComponent node_modules/react-dom/cjs/react-dom.development.js:20103:13
 ❯ beginWork node_modules/react-dom/cjs/react-dom.development.js:21626:16
 ❯ beginWork$1 node_modules/react-dom/cjs/react-dom.development.js:27465:14
 ❯ performUnitOfWork node_modules/react-dom/cjs/react-dom.development.js:26599:12
 ❯ workLoopSync node_modules/react-dom/cjs/react-dom.development.js:26505:5
 ❯ renderRootSync node_modules/react-dom/cjs/react-dom.development.js:26473:7

⎯⎯⎯⎯⎯⎯⎯⎯⎯⎯⎯⎯⎯⎯⎯⎯⎯⎯⎯⎯[102/218]⎯

 FAIL  src/hooks/useAuth.test.tsx > useAuth Hook > signUp > should sign up successfully
AssertionError: expected undefined to deeply equal { id: '123', …(2) }

- Expected: 
{
  "email": "test@example.com",
  "id": "123",
  "user_metadata": {
    "full_name": "Test User",
  },
}

+ Received: 
undefined

 ❯ src/hooks/useAuth.test.tsx:144:37
    142|         const response = await result.current.signUp('test@example.com…
    143|         expect(response.error).toBe(null)
    144|         expect(response.data?.user).toEqual(mockUser)
       |                                     ^
    145|       })
    146| 

⎯⎯⎯⎯⎯⎯⎯⎯⎯⎯⎯⎯⎯⎯⎯⎯⎯⎯⎯⎯[103/218]⎯

 FAIL  src/hooks/useAuth.test.tsx > useAuth Hook > updateProfile > should update profile successfully
AssertionError: expected Error: No user logged in to be null // Object.is equality

- Expected: 
null

+ Received: 
Error {
  "message": "No user logged in",
}

 ❯ src/hooks/useAuth.test.tsx:208:32
    206|       await act(async () => {
    207|         const response = await result.current.updateProfile({ full_nam…
    208|         expect(response.error).toBe(null)
       |                                ^
    209|         expect(response.data?.user).toEqual(updatedUser)
    210|       })

⎯⎯⎯⎯⎯⎯⎯⎯⎯⎯⎯⎯⎯⎯⎯⎯⎯⎯⎯⎯[104/218]⎯

 FAIL  src/services/exportFieldsService.test.ts > exportFieldsService > getCustomerExportFields > should fetch customer export fields successfully
Unknown Error: TypeError: Cannot read properties of undefined (reading 'status')
⎯⎯⎯⎯⎯⎯⎯⎯⎯⎯⎯⎯⎯⎯⎯⎯⎯⎯⎯⎯[105/218]⎯

 FAIL  src/services/exportFieldsService.test.ts > exportFieldsService > getCustomerExportFields > should return default values when no data found
Unknown Error: TypeError: Cannot read properties of undefined (reading 'status')
⎯⎯⎯⎯⎯⎯⎯⎯⎯⎯⎯⎯⎯⎯⎯⎯⎯⎯⎯⎯[106/218]⎯

 FAIL  src/services/exportFieldsService.test.ts > exportFieldsService > getCustomerExportFields > should handle database errors
AssertionError: expected [Function] to throw error including 'Database error' but got 'TypeError: Cannot read properties of …'

Expected: "Database error"
Received: "TypeError: Cannot read properties of undefined (reading 'status')"

 ❯ src/services/exportFieldsService.test.ts:131:7
    129|       vi.mocked(supabase.from).mockReturnValue(mockFrom() as ReturnTyp…
    130| 
    131|       await expect(ExportFieldsService.loadCustomerExportFields('custo…
       |       ^
    132|     });
    133|   });

⎯⎯⎯⎯⎯⎯⎯⎯⎯⎯⎯⎯⎯⎯⎯⎯⎯⎯⎯⎯[107/218]⎯

 FAIL  src/services/exportFieldsService.test.ts > exportFieldsService > saveCustomerExportFields > should save customer export fields successfully
Unknown Error: TypeError: Cannot read properties of undefined (reading 'status')
⎯⎯⎯⎯⎯⎯⎯⎯⎯⎯⎯⎯⎯⎯⎯⎯⎯⎯⎯⎯[108/218]⎯

 FAIL  src/services/exportFieldsService.test.ts > exportFieldsService > saveCustomerExportFields > should handle upsert errors
AssertionError: expected [Function] to throw error including 'Upsert failed' but got 'TypeError: Cannot read properties of …'

Expected: "Upsert failed"
Received: "TypeError: Cannot read properties of undefined (reading 'status')"

 ❯ src/services/exportFieldsService.test.ts:198:7
    196|       vi.mocked(supabase.from).mockImplementation(mockFrom as typeof s…
    197| 
    198|       await expect(
       |       ^
    199|         ExportFieldsService.saveCustomerExportFields('customer-123', m…
    200|       ).rejects.toThrow('Upsert failed');

⎯⎯⎯⎯⎯⎯⎯⎯⎯⎯⎯⎯⎯⎯⎯⎯⎯⎯⎯⎯[109/218]⎯

 FAIL  src/services/exportFieldsService.test.ts > exportFieldsService > getReferenceData > should fetch all reference data successfully
Unknown Error: TypeError: Cannot read properties of undefined (reading 'status')
⎯⎯⎯⎯⎯⎯⎯⎯⎯⎯⎯⎯⎯⎯⎯⎯⎯⎯⎯⎯[110/218]⎯

 FAIL  src/services/exportFieldsService.test.ts > exportFieldsService > getReferenceData > should handle reference data fetch errors
AssertionError: expected [Function] to throw error including 'Fetch failed' but got 'TypeError: Cannot read properties of …'

Expected: "Fetch failed"
Received: "TypeError: Cannot read properties of undefined (reading 'status')"

 ❯ src/services/exportFieldsService.test.ts:244:7
    242|       vi.mocked(supabase.from).mockImplementation(mockFrom as typeof s…
    243| 
    244|       await expect(ExportFieldsService.getReferenceData()).rejects.toT…
       |       ^
    245|     });
    246|   });

⎯⎯⎯⎯⎯⎯⎯⎯⎯⎯⎯⎯⎯⎯⎯⎯⎯⎯⎯⎯[111/218]⎯

 FAIL  src/components/export-fields/ExportFieldsForm.test.tsx > ExportFieldsForm > should render the form with all required fields
TestingLibraryElementError: Unable to find a label with the text of: /export documentation language/i

Ignored nodes: comments, script, style
<body>
  <div>
    <div
      class="rounded-lg border bg-card text-card-foreground shadow-sm"
    >
      <div
        class="flex flex-col space-y-1.5 p-6"
      >
        <h3
          class="text-2xl font-semibold leading-none tracking-tight"
        >
          China Export Business Fields
        </h3>
      </div>
      <div
        class="p-6 pt-0 space-y-6"
      >
        <div
          class="grid grid-cols-2 gap-4"
        >
          <div
            class="space-y-2"
          >
            <label
              class="text-sm font-medium leading-none peer-disabled:cursor-not-allowed peer-disabled:opacity-70"
              for="exportLicenseNumber"
            >
              Export License Number
            </label>
            <input
              class="flex h-10 w-full rounded-md border border-input bg-background px-3 py-2 text-sm ring-offset-background file:border-0 file:bg-transparent file:text-sm file:font-medium placeholder:text-muted-foreground focus-visible:outline-none focus-visible:ring-2 focus-visible:ring-ring focus-visible:ring-offset-2 disabled:cursor-not-allowed disabled:opacity-50"
              id="exportLicenseNumber"
              placeholder="Enter export license number"
              value=""
            />
          </div>
          <div
            class="space-y-2"
          >
            <label
              class="text-sm font-medium leading-none peer-disabled:cursor-not-allowed peer-disabled:opacity-70"
              for="customsBroker"
            >
              Customs Broker
            </label>
            <input
              class="flex h-10 w-full rounded-md border border-input bg-background px-3 py-2 text-sm ring-offset-background file:border-0 file:bg-transparent file:text-sm file:font-medium placeholder:text-muted-foreground focus-visible:outline-none focus-visible:ring-2 focus-visible:ring-ring focus-visible:ring-offset-2 disabled:cursor-not-allowed disabled:opacity-50"
              id="customsBroker"
              placeholder="Enter customs broker name"
              value=""
            />
          </div>
        </div>
        <div
          class="grid grid-cols-3 gap-4"
        >
          <div
            class="space-y-2"
          >
            <label
              class="text-sm font-medium leading-none peer-disabled:cursor-not-allowed peer-disabled:opacity-70"
              for="creditLimitUsd"
            >
              Credit Limit (USD)
            </label>
            <input
              class="flex h-10 w-full rounded-md border border-input bg-background px-3 py-2 text-sm ring-offset-background file:border-0 file:bg-transparent file:text-sm file:font-medium placeholder:text-muted-foreground focus-visible:outline-none focus-visible:ring-2 focus-visible:ring-ring focus-visible:ring-offset-2 disabled:cursor-not-allowed disabled:opacity-50"
              id="creditLimitUsd"
              placeholder="0.00"
              type="number"
              value="0"
            />
          </div>
          <div
            class="space-y-2"
          >
            <label
              class="text-sm font-medium leading-none peer-disabled:cursor-not-allowed peer-disabled:opacity-70"
              for="paymentTermsExport"
            >
              Payment Terms
            </label>
            <select
              class="w-full p-2 border border-gray-300 rounded-md"
              id="paymentTermsExport"
            >
              <option
                value=""
              >
                Select payment terms
              </option>
              <option
                value="LC_at_sight"
              >
                LC at Sight
              </option>
              <option
                value="LC_30_days"
              >
                LC 30 Days
              </option>
              <option
                value="LC_60_days"
              >
                LC 60 Days
              </option>
              <option
                value="TT_advance"
              >
                TT in Advance
              </option>
              <option
                value="TT_30_days"
              >
                TT 30 Days
              </option>
              <option
                value="TT_60_days"
              >
                TT 60 Days
              </option>
              <option
                value="CAD"
              >
                Cash Against Documents
              </option>
              <option
                value="OA"
              >
                Open Account
              </option>
            </select>
          </div>
          <div
            class="space-y-2"
          >
            <label
              class="text-sm font-medium leading-none peer-disabled:cursor-not-allowed peer-disabled:opacity-70"
              for="preferredCurrency"
            >
              Preferred Currency
            </label>
            <select
              class="w-full p-2 border border-gray-300 rounded-md"
              id="preferredCurrency"
            >
              <option
                value=[...

Ignored nodes: comments, script, style
<html>
  <head />
  <body>
    <div>
      <div
        class="rounded-lg border bg-card text-card-foreground shadow-sm"
      >
        <div
          class="flex flex-col space-y-1.5 p-6"
        >
          <h3
            class="text-2xl font-semibold leading-none tracking-tight"
          >
            China Export Business Fields
          </h3>
        </div>
        <div
          class="p-6 pt-0 space-y-6"
        >
          <div
            class="grid grid-cols-2 gap-4"
          >
            <div
              class="space-y-2"
            >
              <label
                class="text-sm font-medium leading-none peer-disabled:cursor-not-allowed peer-disabled:opacity-70"
                for="exportLicenseNumber"
              >
                Export License Number
              </label>
              <input
                class="flex h-10 w-full rounded-md border border-input bg-background px-3 py-2 text-sm ring-offset-background file:border-0 file:bg-transparent file:text-sm file:font-medium placeholder:text-muted-foreground focus-visible:outline-none focus-visible:ring-2 focus-visible:ring-ring focus-visible:ring-offset-2 disabled:cursor-not-allowed disabled:opacity-50"
                id="exportLicenseNumber"
                placeholder="Enter export license number"
                value=""
              />
            </div>
            <div
              class="space-y-2"
            >
              <label
                class="text-sm font-medium leading-none peer-disabled:cursor-not-allowed peer-disabled:opacity-70"
                for="customsBroker"
              >
                Customs Broker
              </label>
              <input
                class="flex h-10 w-full rounded-md border border-input bg-background px-3 py-2 text-sm ring-offset-background file:border-0 file:bg-transparent file:text-sm file:font-medium placeholder:text-muted-foreground focus-visible:outline-none focus-visible:ring-2 focus-visible:ring-ring focus-visible:ring-offset-2 disabled:cursor-not-allowed disabled:opacity-50"
                id="customsBroker"
                placeholder="Enter customs broker name"
                value=""
              />
            </div>
          </div>
          <div
            class="grid grid-cols-3 gap-4"
          >
            <div
              class="space-y-2"
            >
              <label
                class="text-sm font-medium leading-none peer-disabled:cursor-not-allowed peer-disabled:opacity-70"
                for="creditLimitUsd"
              >
                Credit Limit (USD)
              </label>
              <input
                class="flex h-10 w-full rounded-md border border-input bg-background px-3 py-2 text-sm ring-offset-background file:border-0 file:bg-transparent file:text-sm file:font-medium placeholder:text-muted-foreground focus-visible:outline-none focus-visible:ring-2 focus-visible:ring-ring focus-visible:ring-offset-2 disabled:cursor-not-allowed disabled:opacity-50"
                id="creditLimitUsd"
                placeholder="0.00"
                type="number"
                value="0"
              />
            </div>
            <div
              class="space-y-2"
            >
              <label
                class="text-sm font-medium leading-none peer-disabled:cursor-not-allowed peer-disabled:opacity-70"
                for="paymentTermsExport"
              >
                Payment Terms
              </label>
              <select
                class="w-full p-2 border border-gray-300 rounded-md"
                id="paymentTermsExport"
              >
                <option
                  value=""
                >
                  Select payment terms
                </option>
                <option
                  value="LC_at_sight"
                >
                  LC at Sight
                </option>
                <option
                  value="LC_30_days"
                >
                  LC 30 Days
                </option>
                <option
                  value="LC_60_days"
                >
                  LC 60 Days
                </option>
                <option
                  value="TT_advance"
                >
                  TT in Advance
                </option>
                <option
                  value="TT_30_days"
                >
                  TT 30 Days
                </option>
                <option
                  value="TT_60_days"
                >
                  TT 60 Days
                </option>
                <option
                  value="CAD"
                >
                  Cash Against Documents
                </option>
                <option
                  value="OA"
                >
                  Open Account
                </option>
              </select>
            </div>
            <div
              class="space-y-2"
            >
              <label
                class="text-sm font-medium leading-none peer-disabled:cursor-not-allowed peer-disabled:opacity-70"
                for="preferredCurrency"
              >
                [...
 ❯ Proxy.waitForWrapper node_modules/@testing-library/dom/dist/wait-for.js:163:27
 ❯ src/components/export-fields/ExportFieldsForm.test.tsx:85:11
     83|     render(<ExportFieldsForm {...mockProps} />);
     84| 
     85|     await waitFor(() => {
       |           ^
     86|       expect(screen.getByLabelText(/export license number/i)).toBeInTh…
     87|       expect(screen.getByLabelText(/customs broker/i)).toBeInTheDocume…

⎯⎯⎯⎯⎯⎯⎯⎯⎯⎯⎯⎯⎯⎯⎯⎯⎯⎯⎯⎯[112/218]⎯

 FAIL  src/components/export-fields/ExportFieldsForm.test.tsx > ExportFieldsForm > should load and display existing export fields data
TestingLibraryElementError: Unable to find an element with the display value: EL123456.

Ignored nodes: comments, script, style
<body>
  <div>
    <div
      class="rounded-lg border bg-card text-card-foreground shadow-sm"
    >
      <div
        class="flex flex-col space-y-1.5 p-6"
      >
        <h3
          class="text-2xl font-semibold leading-none tracking-tight"
        >
          China Export Business Fields
        </h3>
      </div>
      <div
        class="p-6 pt-0 space-y-6"
      >
        <div
          class="grid grid-cols-2 gap-4"
        >
          <div
            class="space-y-2"
          >
            <label
              class="text-sm font-medium leading-none peer-disabled:cursor-not-allowed peer-disabled:opacity-70"
              for="exportLicenseNumber"
            >
              Export License Number
            </label>
            <input
              class="flex h-10 w-full rounded-md border border-input bg-background px-3 py-2 text-sm ring-offset-background file:border-0 file:bg-transparent file:text-sm file:font-medium placeholder:text-muted-foreground focus-visible:outline-none focus-visible:ring-2 focus-visible:ring-ring focus-visible:ring-offset-2 disabled:cursor-not-allowed disabled:opacity-50"
              id="exportLicenseNumber"
              placeholder="Enter export license number"
              value=""
            />
          </div>
          <div
            class="space-y-2"
          >
            <label
              class="text-sm font-medium leading-none peer-disabled:cursor-not-allowed peer-disabled:opacity-70"
              for="customsBroker"
            >
              Customs Broker
            </label>
            <input
              class="flex h-10 w-full rounded-md border border-input bg-background px-3 py-2 text-sm ring-offset-background file:border-0 file:bg-transparent file:text-sm file:font-medium placeholder:text-muted-foreground focus-visible:outline-none focus-visible:ring-2 focus-visible:ring-ring focus-visible:ring-offset-2 disabled:cursor-not-allowed disabled:opacity-50"
              id="customsBroker"
              placeholder="Enter customs broker name"
              value=""
            />
          </div>
        </div>
        <div
          class="grid grid-cols-3 gap-4"
        >
          <div
            class="space-y-2"
          >
            <label
              class="text-sm font-medium leading-none peer-disabled:cursor-not-allowed peer-disabled:opacity-70"
              for="creditLimitUsd"
            >
              Credit Limit (USD)
            </label>
            <input
              class="flex h-10 w-full rounded-md border border-input bg-background px-3 py-2 text-sm ring-offset-background file:border-0 file:bg-transparent file:text-sm file:font-medium placeholder:text-muted-foreground focus-visible:outline-none focus-visible:ring-2 focus-visible:ring-ring focus-visible:ring-offset-2 disabled:cursor-not-allowed disabled:opacity-50"
              id="creditLimitUsd"
              placeholder="0.00"
              type="number"
              value="0"
            />
          </div>
          <div
            class="space-y-2"
          >
            <label
              class="text-sm font-medium leading-none peer-disabled:cursor-not-allowed peer-disabled:opacity-70"
              for="paymentTermsExport"
            >
              Payment Terms
            </label>
            <select
              class="w-full p-2 border border-gray-300 rounded-md"
              id="paymentTermsExport"
            >
              <option
                value=""
              >
                Select payment terms
              </option>
              <option
                value="LC_at_sight"
              >
                LC at Sight
              </option>
              <option
                value="LC_30_days"
              >
                LC 30 Days
              </option>
              <option
                value="LC_60_days"
              >
                LC 60 Days
              </option>
              <option
                value="TT_advance"
              >
                TT in Advance
              </option>
              <option
                value="TT_30_days"
              >
                TT 30 Days
              </option>
              <option
                value="TT_60_days"
              >
                TT 60 Days
              </option>
              <option
                value="CAD"
              >
                Cash Against Documents
              </option>
              <option
                value="OA"
              >
                Open Account
              </option>
            </select>
          </div>
          <div
            class="space-y-2"
          >
            <label
              class="text-sm font-medium leading-none peer-disabled:cursor-not-allowed peer-disabled:opacity-70"
              for="preferredCurrency"
            >
              Preferred Currency
            </label>
            <select
              class="w-full p-2 border border-gray-300 rounded-md"
              id="preferredCurrency"
            >
              <option
                value=[...

Ignored nodes: comments, script, style
<html>
  <head />
  <body>
    <div>
      <div
        class="rounded-lg border bg-card text-card-foreground shadow-sm"
      >
        <div
          class="flex flex-col space-y-1.5 p-6"
        >
          <h3
            class="text-2xl font-semibold leading-none tracking-tight"
          >
            China Export Business Fields
          </h3>
        </div>
        <div
          class="p-6 pt-0 space-y-6"
        >
          <div
            class="grid grid-cols-2 gap-4"
          >
            <div
              class="space-y-2"
            >
              <label
                class="text-sm font-medium leading-none peer-disabled:cursor-not-allowed peer-disabled:opacity-70"
                for="exportLicenseNumber"
              >
                Export License Number
              </label>
              <input
                class="flex h-10 w-full rounded-md border border-input bg-background px-3 py-2 text-sm ring-offset-background file:border-0 file:bg-transparent file:text-sm file:font-medium placeholder:text-muted-foreground focus-visible:outline-none focus-visible:ring-2 focus-visible:ring-ring focus-visible:ring-offset-2 disabled:cursor-not-allowed disabled:opacity-50"
                id="exportLicenseNumber"
                placeholder="Enter export license number"
                value=""
              />
            </div>
            <div
              class="space-y-2"
            >
              <label
                class="text-sm font-medium leading-none peer-disabled:cursor-not-allowed peer-disabled:opacity-70"
                for="customsBroker"
              >
                Customs Broker
              </label>
              <input
                class="flex h-10 w-full rounded-md border border-input bg-background px-3 py-2 text-sm ring-offset-background file:border-0 file:bg-transparent file:text-sm file:font-medium placeholder:text-muted-foreground focus-visible:outline-none focus-visible:ring-2 focus-visible:ring-ring focus-visible:ring-offset-2 disabled:cursor-not-allowed disabled:opacity-50"
                id="customsBroker"
                placeholder="Enter customs broker name"
                value=""
              />
            </div>
          </div>
          <div
            class="grid grid-cols-3 gap-4"
          >
            <div
              class="space-y-2"
            >
              <label
                class="text-sm font-medium leading-none peer-disabled:cursor-not-allowed peer-disabled:opacity-70"
                for="creditLimitUsd"
              >
                Credit Limit (USD)
              </label>
              <input
                class="flex h-10 w-full rounded-md border border-input bg-background px-3 py-2 text-sm ring-offset-background file:border-0 file:bg-transparent file:text-sm file:font-medium placeholder:text-muted-foreground focus-visible:outline-none focus-visible:ring-2 focus-visible:ring-ring focus-visible:ring-offset-2 disabled:cursor-not-allowed disabled:opacity-50"
                id="creditLimitUsd"
                placeholder="0.00"
                type="number"
                value="0"
              />
            </div>
            <div
              class="space-y-2"
            >
              <label
                class="text-sm font-medium leading-none peer-disabled:cursor-not-allowed peer-disabled:opacity-70"
                for="paymentTermsExport"
              >
                Payment Terms
              </label>
              <select
                class="w-full p-2 border border-gray-300 rounded-md"
                id="paymentTermsExport"
              >
                <option
                  value=""
                >
                  Select payment terms
                </option>
                <option
                  value="LC_at_sight"
                >
                  LC at Sight
                </option>
                <option
                  value="LC_30_days"
                >
                  LC 30 Days
                </option>
                <option
                  value="LC_60_days"
                >
                  LC 60 Days
                </option>
                <option
                  value="TT_advance"
                >
                  TT in Advance
                </option>
                <option
                  value="TT_30_days"
                >
                  TT 30 Days
                </option>
                <option
                  value="TT_60_days"
                >
                  TT 60 Days
                </option>
                <option
                  value="CAD"
                >
                  Cash Against Documents
                </option>
                <option
                  value="OA"
                >
                  Open Account
                </option>
              </select>
            </div>
            <div
              class="space-y-2"
            >
              <label
                class="text-sm font-medium leading-none peer-disabled:cursor-not-allowed peer-disabled:opacity-70"
                for="preferredCurrency"
              >
                [...
 ❯ Proxy.waitForWrapper node_modules/@testing-library/dom/dist/wait-for.js:163:27
 ❯ src/components/export-fields/ExportFieldsForm.test.tsx:100:11
     98|     render(<ExportFieldsForm {...mockProps} />);
     99| 
    100|     await waitFor(() => {
       |           ^
    101|       expect(screen.getByDisplayValue('EL123456')).toBeInTheDocument();
    102|       expect(screen.getByDisplayValue('ABC Customs')).toBeInTheDocumen…

⎯⎯⎯⎯⎯⎯⎯⎯⎯⎯⎯⎯⎯⎯⎯⎯⎯⎯⎯⎯[113/218]⎯

 FAIL  src/components/export-fields/ExportFieldsForm.test.tsx > ExportFieldsForm > should handle multi-select option selection
TestingLibraryElementError: Unable to find an element with the text: Electronics. This could be because the text is broken up by multiple elements. In this case, you can provide a function for your text matcher to make your matcher more flexible.

Ignored nodes: comments, script, style
<body>
  <div>
    <div
      class="rounded-lg border bg-card text-card-foreground shadow-sm"
    >
      <div
        class="flex flex-col space-y-1.5 p-6"
      >
        <h3
          class="text-2xl font-semibold leading-none tracking-tight"
        >
          China Export Business Fields
        </h3>
      </div>
      <div
        class="p-6 pt-0 space-y-6"
      >
        <div
          class="grid grid-cols-2 gap-4"
        >
          <div
            class="space-y-2"
          >
            <label
              class="text-sm font-medium leading-none peer-disabled:cursor-not-allowed peer-disabled:opacity-70"
              for="exportLicenseNumber"
            >
              Export License Number
            </label>
            <input
              class="flex h-10 w-full rounded-md border border-input bg-background px-3 py-2 text-sm ring-offset-background file:border-0 file:bg-transparent file:text-sm file:font-medium placeholder:text-muted-foreground focus-visible:outline-none focus-visible:ring-2 focus-visible:ring-ring focus-visible:ring-offset-2 disabled:cursor-not-allowed disabled:opacity-50"
              id="exportLicenseNumber"
              placeholder="Enter export license number"
              value=""
            />
          </div>
          <div
            class="space-y-2"
          >
            <label
              class="text-sm font-medium leading-none peer-disabled:cursor-not-allowed peer-disabled:opacity-70"
              for="customsBroker"
            >
              Customs Broker
            </label>
            <input
              class="flex h-10 w-full rounded-md border border-input bg-background px-3 py-2 text-sm ring-offset-background file:border-0 file:bg-transparent file:text-sm file:font-medium placeholder:text-muted-foreground focus-visible:outline-none focus-visible:ring-2 focus-visible:ring-ring focus-visible:ring-offset-2 disabled:cursor-not-allowed disabled:opacity-50"
              id="customsBroker"
              placeholder="Enter customs broker name"
              value=""
            />
          </div>
        </div>
        <div
          class="grid grid-cols-3 gap-4"
        >
          <div
            class="space-y-2"
          >
            <label
              class="text-sm font-medium leading-none peer-disabled:cursor-not-allowed peer-disabled:opacity-70"
              for="creditLimitUsd"
            >
              Credit Limit (USD)
            </label>
            <input
              class="flex h-10 w-full rounded-md border border-input bg-background px-3 py-2 text-sm ring-offset-background file:border-0 file:bg-transparent file:text-sm file:font-medium placeholder:text-muted-foreground focus-visible:outline-none focus-visible:ring-2 focus-visible:ring-ring focus-visible:ring-offset-2 disabled:cursor-not-allowed disabled:opacity-50"
              id="creditLimitUsd"
              placeholder="0.00"
              type="number"
              value="0"
            />
          </div>
          <div
            class="space-y-2"
          >
            <label
              class="text-sm font-medium leading-none peer-disabled:cursor-not-allowed peer-disabled:opacity-70"
              for="paymentTermsExport"
            >
              Payment Terms
            </label>
            <select
              class="w-full p-2 border border-gray-300 rounded-md"
              id="paymentTermsExport"
            >
              <option
                value=""
              >
                Select payment terms
              </option>
              <option
                value="LC_at_sight"
              >
                LC at Sight
              </option>
              <option
                value="LC_30_days"
              >
                LC 30 Days
              </option>
              <option
                value="LC_60_days"
              >
                LC 60 Days
              </option>
              <option
                value="TT_advance"
              >
                TT in Advance
              </option>
              <option
                value="TT_30_days"
              >
                TT 30 Days
              </option>
              <option
                value="TT_60_days"
              >
                TT 60 Days
              </option>
              <option
                value="CAD"
              >
                Cash Against Documents
              </option>
              <option
                value="OA"
              >
                Open Account
              </option>
            </select>
          </div>
          <div
            class="space-y-2"
          >
            <label
              class="text-sm font-medium leading-none peer-disabled:cursor-not-allowed peer-disabled:opacity-70"
              for="preferredCurrency"
            >
              Preferred Currency
            </label>
            <select
              class="w-full p-2 border border-gray-300 rounded-md"
              id="preferredCurrency"
            >
              <option
                value=[...

Ignored nodes: comments, script, style
<html>
  <head />
  <body>
    <div>
      <div
        class="rounded-lg border bg-card text-card-foreground shadow-sm"
      >
        <div
          class="flex flex-col space-y-1.5 p-6"
        >
          <h3
            class="text-2xl font-semibold leading-none tracking-tight"
          >
            China Export Business Fields
          </h3>
        </div>
        <div
          class="p-6 pt-0 space-y-6"
        >
          <div
            class="grid grid-cols-2 gap-4"
          >
            <div
              class="space-y-2"
            >
              <label
                class="text-sm font-medium leading-none peer-disabled:cursor-not-allowed peer-disabled:opacity-70"
                for="exportLicenseNumber"
              >
                Export License Number
              </label>
              <input
                class="flex h-10 w-full rounded-md border border-input bg-background px-3 py-2 text-sm ring-offset-background file:border-0 file:bg-transparent file:text-sm file:font-medium placeholder:text-muted-foreground focus-visible:outline-none focus-visible:ring-2 focus-visible:ring-ring focus-visible:ring-offset-2 disabled:cursor-not-allowed disabled:opacity-50"
                id="exportLicenseNumber"
                placeholder="Enter export license number"
                value=""
              />
            </div>
            <div
              class="space-y-2"
            >
              <label
                class="text-sm font-medium leading-none peer-disabled:cursor-not-allowed peer-disabled:opacity-70"
                for="customsBroker"
              >
                Customs Broker
              </label>
              <input
                class="flex h-10 w-full rounded-md border border-input bg-background px-3 py-2 text-sm ring-offset-background file:border-0 file:bg-transparent file:text-sm file:font-medium placeholder:text-muted-foreground focus-visible:outline-none focus-visible:ring-2 focus-visible:ring-ring focus-visible:ring-offset-2 disabled:cursor-not-allowed disabled:opacity-50"
                id="customsBroker"
                placeholder="Enter customs broker name"
                value=""
              />
            </div>
          </div>
          <div
            class="grid grid-cols-3 gap-4"
          >
            <div
              class="space-y-2"
            >
              <label
                class="text-sm font-medium leading-none peer-disabled:cursor-not-allowed peer-disabled:opacity-70"
                for="creditLimitUsd"
              >
                Credit Limit (USD)
              </label>
              <input
                class="flex h-10 w-full rounded-md border border-input bg-background px-3 py-2 text-sm ring-offset-background file:border-0 file:bg-transparent file:text-sm file:font-medium placeholder:text-muted-foreground focus-visible:outline-none focus-visible:ring-2 focus-visible:ring-ring focus-visible:ring-offset-2 disabled:cursor-not-allowed disabled:opacity-50"
                id="creditLimitUsd"
                placeholder="0.00"
                type="number"
                value="0"
              />
            </div>
            <div
              class="space-y-2"
            >
              <label
                class="text-sm font-medium leading-none peer-disabled:cursor-not-allowed peer-disabled:opacity-70"
                for="paymentTermsExport"
              >
                Payment Terms
              </label>
              <select
                class="w-full p-2 border border-gray-300 rounded-md"
                id="paymentTermsExport"
              >
                <option
                  value=""
                >
                  Select payment terms
                </option>
                <option
                  value="LC_at_sight"
                >
                  LC at Sight
                </option>
                <option
                  value="LC_30_days"
                >
                  LC 30 Days
                </option>
                <option
                  value="LC_60_days"
                >
                  LC 60 Days
                </option>
                <option
                  value="TT_advance"
                >
                  TT in Advance
                </option>
                <option
                  value="TT_30_days"
                >
                  TT 30 Days
                </option>
                <option
                  value="TT_60_days"
                >
                  TT 60 Days
                </option>
                <option
                  value="CAD"
                >
                  Cash Against Documents
                </option>
                <option
                  value="OA"
                >
                  Open Account
                </option>
              </select>
            </div>
            <div
              class="space-y-2"
            >
              <label
                class="text-sm font-medium leading-none peer-disabled:cursor-not-allowed peer-disabled:opacity-70"
                for="preferredCurrency"
              >
                [...
 ❯ Proxy.waitForWrapper node_modules/@testing-library/dom/dist/wait-for.js:163:27
 ❯ src/components/export-fields/ExportFieldsForm.test.tsx:135:11
    133|     render(<ExportFieldsForm {...mockProps} />);
    134| 
    135|     await waitFor(() => {
       |           ^
    136|       // Check if multi-select options are rendered
    137|       expect(screen.getByText('Electronics')).toBeInTheDocument();

⎯⎯⎯⎯⎯⎯⎯⎯⎯⎯⎯⎯⎯⎯⎯⎯⎯⎯⎯⎯[114/218]⎯

 FAIL  src/components/export-fields/ExportFieldsForm.test.tsx > ExportFieldsForm > should save export fields when form is submitted
AssertionError: expected "spy" to be called with arguments: [ 'customer-123', ObjectContaining{…} ]

Number of calls: 0


Ignored nodes: comments, script, style
<html>
  <head />
  <body>
    <div>
      <div
        class="rounded-lg border bg-card text-card-foreground shadow-sm"
      >
        <div
          class="flex flex-col space-y-1.5 p-6"
        >
          <h3
            class="text-2xl font-semibold leading-none tracking-tight"
          >
            China Export Business Fields
          </h3>
        </div>
        <div
          class="p-6 pt-0 space-y-6"
        >
          <div
            class="grid grid-cols-2 gap-4"
          >
            <div
              class="space-y-2"
            >
              <label
                class="text-sm font-medium leading-none peer-disabled:cursor-not-allowed peer-disabled:opacity-70"
                for="exportLicenseNumber"
              >
                Export License Number
              </label>
              <input
                class="flex h-10 w-full rounded-md border border-input bg-background px-3 py-2 text-sm ring-offset-background file:border-0 file:bg-transparent file:text-sm file:font-medium placeholder:text-muted-foreground focus-visible:outline-none focus-visible:ring-2 focus-visible:ring-ring focus-visible:ring-offset-2 disabled:cursor-not-allowed disabled:opacity-50"
                id="exportLicenseNumber"
                placeholder="Enter export license number"
                value=""
              />
            </div>
            <div
              class="space-y-2"
            >
              <label
                class="text-sm font-medium leading-none peer-disabled:cursor-not-allowed peer-disabled:opacity-70"
                for="customsBroker"
              >
                Customs Broker
              </label>
              <input
                class="flex h-10 w-full rounded-md border border-input bg-background px-3 py-2 text-sm ring-offset-background file:border-0 file:bg-transparent file:text-sm file:font-medium placeholder:text-muted-foreground focus-visible:outline-none focus-visible:ring-2 focus-visible:ring-ring focus-visible:ring-offset-2 disabled:cursor-not-allowed disabled:opacity-50"
                id="customsBroker"
                placeholder="Enter customs broker name"
                value=""
              />
            </div>
          </div>
          <div
            class="grid grid-cols-3 gap-4"
          >
            <div
              class="space-y-2"
            >
              <label
                class="text-sm font-medium leading-none peer-disabled:cursor-not-allowed peer-disabled:opacity-70"
                for="creditLimitUsd"
              >
                Credit Limit (USD)
              </label>
              <input
                class="flex h-10 w-full rounded-md border border-input bg-background px-3 py-2 text-sm ring-offset-background file:border-0 file:bg-transparent file:text-sm file:font-medium placeholder:text-muted-foreground focus-visible:outline-none focus-visible:ring-2 focus-visible:ring-ring focus-visible:ring-offset-2 disabled:cursor-not-allowed disabled:opacity-50"
                id="creditLimitUsd"
                placeholder="0.00"
                type="number"
                value="0"
              />
            </div>
            <div
              class="space-y-2"
            >
              <label
                class="text-sm font-medium leading-none peer-disabled:cursor-not-allowed peer-disabled:opacity-70"
                for="paymentTermsExport"
              >
                Payment Terms
              </label>
              <select
                class="w-full p-2 border border-gray-300 rounded-md"
                id="paymentTermsExport"
              >
                <option
                  value=""
                >
                  Select payment terms
                </option>
                <option
                  value="LC_at_sight"
                >
                  LC at Sight
                </option>
                <option
                  value="LC_30_days"
                >
                  LC 30 Days
                </option>
                <option
                  value="LC_60_days"
                >
                  LC 60 Days
                </option>
                <option
                  value="TT_advance"
                >
                  TT in Advance
                </option>
                <option
                  value="TT_30_days"
                >
                  TT 30 Days
                </option>
                <option
                  value="TT_60_days"
                >
                  TT 60 Days
                </option>
                <option
                  value="CAD"
                >
                  Cash Against Documents
                </option>
                <option
                  value="OA"
                >
                  Open Account
                </option>
              </select>
            </div>
            <div
              class="space-y-2"
            >
              <label
                class="text-sm font-medium leading-none peer-disabled:cursor-not-allowed peer-disabled:opacity-70"
                for="preferredCurrency"
              >
                [...
 ❯ src/components/export-fields/ExportFieldsForm.test.tsx:152:60
    150| 
    151|     await waitFor(() => {
    152|       expect(ExportFieldsService.saveCustomerExportFields).toHaveBeenC…
       |                                                            ^
    153|         'customer-123',
    154|         expect.objectContaining({
 ❯ runWithExpensiveErrorDiagnosticsDisabled node_modules/@testing-library/dom/dist/config.js:47:12
 ❯ checkCallback node_modules/@testing-library/dom/dist/wait-for.js:124:77
 ❯ Timeout.checkRealTimersCallback node_modules/@testing-library/dom/dist/wait-for.js:118:16

⎯⎯⎯⎯⎯⎯⎯⎯⎯⎯⎯⎯⎯⎯⎯⎯⎯⎯⎯⎯[115/218]⎯

 FAIL  src/components/export-fields/ExportFieldsForm.test.tsx > ExportFieldsForm > should handle loading states properly
TestingLibraryElementError: Unable to find an element with the text: Loading.... This could be because the text is broken up by multiple elements. In this case, you can provide a function for your text matcher to make your matcher more flexible.

Ignored nodes: comments, script, style
<body>
  <div>
    <div
      class="rounded-lg border bg-card text-card-foreground shadow-sm"
    >
      <div
        class="p-6"
      >
        <div
          class="text-center"
        >
          Loading export fields...
        </div>
      </div>
    </div>
  </div>
</body>
 ❯ Object.getElementError node_modules/@testing-library/dom/dist/config.js:37:19
 ❯ node_modules/@testing-library/dom/dist/query-helpers.js:76:38
 ❯ node_modules/@testing-library/dom/dist/query-helpers.js:52:17
 ❯ node_modules/@testing-library/dom/dist/query-helpers.js:95:19
 ❯ src/components/export-fields/ExportFieldsForm.test.tsx:184:19
    182| 
    183|     // Should show loading state initially
    184|     expect(screen.getByText('Loading...')).toBeInTheDocument();
       |                   ^
    185| 
    186|     // Should hide loading state after data loads

⎯⎯⎯⎯⎯⎯⎯⎯⎯⎯⎯⎯⎯⎯⎯⎯⎯⎯⎯⎯[116/218]⎯

 FAIL  src/components/export-fields/ExportFieldsForm.test.tsx > ExportFieldsForm > should validate required fields
AssertionError: expected "spy" to be called at least once

Ignored nodes: comments, script, style
<html>
  <head />
  <body>
    <div>
      <div
        class="rounded-lg border bg-card text-card-foreground shadow-sm"
      >
        <div
          class="flex flex-col space-y-1.5 p-6"
        >
          <h3
            class="text-2xl font-semibold leading-none tracking-tight"
          >
            China Export Business Fields
          </h3>
        </div>
        <div
          class="p-6 pt-0 space-y-6"
        >
          <div
            class="grid grid-cols-2 gap-4"
          >
            <div
              class="space-y-2"
            >
              <label
                class="text-sm font-medium leading-none peer-disabled:cursor-not-allowed peer-disabled:opacity-70"
                for="exportLicenseNumber"
              >
                Export License Number
              </label>
              <input
                class="flex h-10 w-full rounded-md border border-input bg-background px-3 py-2 text-sm ring-offset-background file:border-0 file:bg-transparent file:text-sm file:font-medium placeholder:text-muted-foreground focus-visible:outline-none focus-visible:ring-2 focus-visible:ring-ring focus-visible:ring-offset-2 disabled:cursor-not-allowed disabled:opacity-50"
                id="exportLicenseNumber"
                placeholder="Enter export license number"
                value=""
              />
            </div>
            <div
              class="space-y-2"
            >
              <label
                class="text-sm font-medium leading-none peer-disabled:cursor-not-allowed peer-disabled:opacity-70"
                for="customsBroker"
              >
                Customs Broker
              </label>
              <input
                class="flex h-10 w-full rounded-md border border-input bg-background px-3 py-2 text-sm ring-offset-background file:border-0 file:bg-transparent file:text-sm file:font-medium placeholder:text-muted-foreground focus-visible:outline-none focus-visible:ring-2 focus-visible:ring-ring focus-visible:ring-offset-2 disabled:cursor-not-allowed disabled:opacity-50"
                id="customsBroker"
                placeholder="Enter customs broker name"
                value=""
              />
            </div>
          </div>
          <div
            class="grid grid-cols-3 gap-4"
          >
            <div
              class="space-y-2"
            >
              <label
                class="text-sm font-medium leading-none peer-disabled:cursor-not-allowed peer-disabled:opacity-70"
                for="creditLimitUsd"
              >
                Credit Limit (USD)
              </label>
              <input
                class="flex h-10 w-full rounded-md border border-input bg-background px-3 py-2 text-sm ring-offset-background file:border-0 file:bg-transparent file:text-sm file:font-medium placeholder:text-muted-foreground focus-visible:outline-none focus-visible:ring-2 focus-visible:ring-ring focus-visible:ring-offset-2 disabled:cursor-not-allowed disabled:opacity-50"
                id="creditLimitUsd"
                placeholder="0.00"
                type="number"
                value="0"
              />
            </div>
            <div
              class="space-y-2"
            >
              <label
                class="text-sm font-medium leading-none peer-disabled:cursor-not-allowed peer-disabled:opacity-70"
                for="paymentTermsExport"
              >
                Payment Terms
              </label>
              <select
                class="w-full p-2 border border-gray-300 rounded-md"
                id="paymentTermsExport"
              >
                <option
                  value=""
                >
                  Select payment terms
                </option>
                <option
                  value="LC_at_sight"
                >
                  LC at Sight
                </option>
                <option
                  value="LC_30_days"
                >
                  LC 30 Days
                </option>
                <option
                  value="LC_60_days"
                >
                  LC 60 Days
                </option>
                <option
                  value="TT_advance"
                >
                  TT in Advance
                </option>
                <option
                  value="TT_30_days"
                >
                  TT 30 Days
                </option>
                <option
                  value="TT_60_days"
                >
                  TT 60 Days
                </option>
                <option
                  value="CAD"
                >
                  Cash Against Documents
                </option>
                <option
                  value="OA"
                >
                  Open Account
                </option>
              </select>
            </div>
            <div
              class="space-y-2"
            >
              <label
                class="text-sm font-medium leading-none peer-disabled:cursor-not-allowed peer-disabled:opacity-70"
                for="preferredCurrency"
              >
                [...
 ❯ src/components/export-fields/ExportFieldsForm.test.tsx:220:60
    218|     // Form should still attempt to save even with empty fields (busin…
    219|     await waitFor(() => {
    220|       expect(ExportFieldsService.saveCustomerExportFields).toHaveBeenC…
       |                                                            ^
    221|     });
    222|   });
 ❯ runWithExpensiveErrorDiagnosticsDisabled node_modules/@testing-library/dom/dist/config.js:47:12
 ❯ checkCallback node_modules/@testing-library/dom/dist/wait-for.js:124:77
 ❯ Timeout.checkRealTimersCallback node_modules/@testing-library/dom/dist/wait-for.js:118:16

⎯⎯⎯⎯⎯⎯⎯⎯⎯⎯⎯⎯⎯⎯⎯⎯⎯⎯⎯⎯[117/218]⎯

 FAIL  src/components/export-fields/ExportFieldsForm.test.tsx > ExportFieldsForm > should handle API errors gracefully
AssertionError: expected "spy" to be called at least once

Ignored nodes: comments, script, style
<html>
  <head />
  <body>
    <div>
      <div
        class="rounded-lg border bg-card text-card-foreground shadow-sm"
      >
        <div
          class="flex flex-col space-y-1.5 p-6"
        >
          <h3
            class="text-2xl font-semibold leading-none tracking-tight"
          >
            China Export Business Fields
          </h3>
        </div>
        <div
          class="p-6 pt-0 space-y-6"
        >
          <div
            class="grid grid-cols-2 gap-4"
          >
            <div
              class="space-y-2"
            >
              <label
                class="text-sm font-medium leading-none peer-disabled:cursor-not-allowed peer-disabled:opacity-70"
                for="exportLicenseNumber"
              >
                Export License Number
              </label>
              <input
                class="flex h-10 w-full rounded-md border border-input bg-background px-3 py-2 text-sm ring-offset-background file:border-0 file:bg-transparent file:text-sm file:font-medium placeholder:text-muted-foreground focus-visible:outline-none focus-visible:ring-2 focus-visible:ring-ring focus-visible:ring-offset-2 disabled:cursor-not-allowed disabled:opacity-50"
                id="exportLicenseNumber"
                placeholder="Enter export license number"
                value=""
              />
            </div>
            <div
              class="space-y-2"
            >
              <label
                class="text-sm font-medium leading-none peer-disabled:cursor-not-allowed peer-disabled:opacity-70"
                for="customsBroker"
              >
                Customs Broker
              </label>
              <input
                class="flex h-10 w-full rounded-md border border-input bg-background px-3 py-2 text-sm ring-offset-background file:border-0 file:bg-transparent file:text-sm file:font-medium placeholder:text-muted-foreground focus-visible:outline-none focus-visible:ring-2 focus-visible:ring-ring focus-visible:ring-offset-2 disabled:cursor-not-allowed disabled:opacity-50"
                id="customsBroker"
                placeholder="Enter customs broker name"
                value=""
              />
            </div>
          </div>
          <div
            class="grid grid-cols-3 gap-4"
          >
            <div
              class="space-y-2"
            >
              <label
                class="text-sm font-medium leading-none peer-disabled:cursor-not-allowed peer-disabled:opacity-70"
                for="creditLimitUsd"
              >
                Credit Limit (USD)
              </label>
              <input
                class="flex h-10 w-full rounded-md border border-input bg-background px-3 py-2 text-sm ring-offset-background file:border-0 file:bg-transparent file:text-sm file:font-medium placeholder:text-muted-foreground focus-visible:outline-none focus-visible:ring-2 focus-visible:ring-ring focus-visible:ring-offset-2 disabled:cursor-not-allowed disabled:opacity-50"
                id="creditLimitUsd"
                placeholder="0.00"
                type="number"
                value="0"
              />
            </div>
            <div
              class="space-y-2"
            >
              <label
                class="text-sm font-medium leading-none peer-disabled:cursor-not-allowed peer-disabled:opacity-70"
                for="paymentTermsExport"
              >
                Payment Terms
              </label>
              <select
                class="w-full p-2 border border-gray-300 rounded-md"
                id="paymentTermsExport"
              >
                <option
                  value=""
                >
                  Select payment terms
                </option>
                <option
                  value="LC_at_sight"
                >
                  LC at Sight
                </option>
                <option
                  value="LC_30_days"
                >
                  LC 30 Days
                </option>
                <option
                  value="LC_60_days"
                >
                  LC 60 Days
                </option>
                <option
                  value="TT_advance"
                >
                  TT in Advance
                </option>
                <option
                  value="TT_30_days"
                >
                  TT 30 Days
                </option>
                <option
                  value="TT_60_days"
                >
                  TT 60 Days
                </option>
                <option
                  value="CAD"
                >
                  Cash Against Documents
                </option>
                <option
                  value="OA"
                >
                  Open Account
                </option>
              </select>
            </div>
            <div
              class="space-y-2"
            >
              <label
                class="text-sm font-medium leading-none peer-disabled:cursor-not-allowed peer-disabled:opacity-70"
                for="preferredCurrency"
              >
                [...
 ❯ src/components/export-fields/ExportFieldsForm.test.tsx:238:60
    236|     // Should handle error without crashing
    237|     await waitFor(() => {
    238|       expect(ExportFieldsService.saveCustomerExportFields).toHaveBeenC…
       |                                                            ^
    239|     });
    240|   });
 ❯ runWithExpensiveErrorDiagnosticsDisabled node_modules/@testing-library/dom/dist/config.js:47:12
 ❯ checkCallback node_modules/@testing-library/dom/dist/wait-for.js:124:77
 ❯ Timeout.checkRealTimersCallback node_modules/@testing-library/dom/dist/wait-for.js:118:16

⎯⎯⎯⎯⎯⎯⎯⎯⎯⎯⎯⎯⎯⎯⎯⎯⎯⎯⎯⎯[118/218]⎯

 FAIL  src/components/invoices/BatchDownloadModal.test.tsx > BatchDownloadModal > should render the modal with invoice selection
TestingLibraryElementError: Unable to find an element with the text: Select invoices to download:. This could be because the text is broken up by multiple elements. In this case, you can provide a function for your text matcher to make your matcher more flexible.

Ignored nodes: comments, script, style
<body>
  <div>
    <div
      class="fixed inset-0 bg-black/50 flex items-center justify-center z-50"
    >
      <div
        class="bg-white rounded-lg shadow-xl w-full max-w-4xl max-h-[90vh] overflow-hidden"
      >
        <div
          class="flex items-center justify-between p-6 border-b"
        >
          <div
            class="flex items-center space-x-3"
          >
            <svg
              class="lucide lucide-package h-6 w-6 text-blue-600"
              fill="none"
              height="24"
              stroke="currentColor"
              stroke-linecap="round"
              stroke-linejoin="round"
              stroke-width="2"
              viewBox="0 0 24 24"
              width="24"
              xmlns="http://www.w3.org/2000/svg"
            >
              <path
                d="M11 21.73a2 2 0 0 0 2 0l7-4A2 2 0 0 0 21 16V8a2 2 0 0 0-1-1.73l-7-4a2 2 0 0 0-2 0l-7 4A2 2 0 0 0 3 8v8a2 2 0 0 0 1 1.73z"
              />
              <path
                d="M12 22V12"
              />
              <path
                d="m3.3 7 7.703 4.734a2 2 0 0 0 1.994 0L20.7 7"
              />
              <path
                d="m7.5 4.27 9 5.15"
              />
            </svg>
            <div>
              <h2
                class="text-2xl font-bold"
              >
                Batch Download Invoices
              </h2>
              <p
                class="text-gray-600"
              >
                Select invoices to download in bulk
              </p>
            </div>
          </div>
          <button
            class="inline-flex items-center justify-center gap-2 whitespace-nowrap rounded-md text-sm font-medium ring-offset-background transition-colors focus-visible:outline-none focus-visible:ring-2 focus-visible:ring-ring focus-visible:ring-offset-2 disabled:pointer-events-none disabled:opacity-50 [&_svg]:pointer-events-none [&_svg]:size-4 [&_svg]:shrink-0 hover:bg-accent hover:text-accent-foreground h-10 px-4 py-2"
          >
            <svg
              class="lucide lucide-x h-4 w-4"
              fill="none"
              height="24"
              stroke="currentColor"
              stroke-linecap="round"
              stroke-linejoin="round"
              stroke-width="2"
              viewBox="0 0 24 24"
              width="24"
              xmlns="http://www.w3.org/2000/svg"
            >
              <path
                d="M18 6 6 18"
              />
              <path
                d="m6 6 12 12"
              />
            </svg>
          </button>
        </div>
        <div
          class="p-6"
        >
          <div
            class="grid grid-cols-1 lg:grid-cols-3 gap-6"
          >
            <div
              class="lg:col-span-2"
            >
              <div
                class="rounded-lg border bg-card text-card-foreground shadow-sm"
              >
                <div
                  class="flex flex-col space-y-1.5 p-6"
                >
                  <div
                    class="flex items-center justify-between"
                  >
                    <div>
                      <h3
                        class="text-2xl font-semibold leading-none tracking-tight"
                      >
                        Select Invoices
                      </h3>
                      <p
                        class="text-sm text-muted-foreground"
                      >
                        Choose which invoices to include in the batch download
                      </p>
                    </div>
                    <div
                      class="flex items-center space-x-2"
                    >
                      <div
                        class="relative inline-flex items-center"
                      >
                        <input
                          class="peer h-4 w-4 shrink-0 rounded-sm border border-gray-300 bg-white focus:outline-none focus:ring-2 focus:ring-blue-500 focus:ring-offset-2 disabled:cursor-not-allowed disabled:opacity-50 sr-only"
                          id="select-all"
                          type="checkbox"
                        />
                        <div
                          class="h-4 w-4 rounded-sm border border-gray-300 bg-white peer-checked:bg-blue-600 peer-checked:border-blue-600 peer-focus:ring-2 peer-focus:ring-blue-500 peer-focus:ring-offset-2 flex items-center justify-center"
                        >
                          <svg
                            class="lucide lucide-check h-3 w-3 text-white opacity-0 peer-checked:opacity-100"
                            fill="none"
                            height="24"
                            stroke="currentColor"
                            stroke-linecap="round"
                            stroke-linejoin="round"
                            stroke-width="2"
                            viewBox="0 0 24 24"
                            width="24"
                            xmlns="http://www.w3.org/2000/svg"
                          >
                            <path
                              ...
 ❯ Object.getElementError node_modules/@testing-library/dom/dist/config.js:37:19
 ❯ node_modules/@testing-library/dom/dist/query-helpers.js:76:38
 ❯ node_modules/@testing-library/dom/dist/query-helpers.js:52:17
 ❯ node_modules/@testing-library/dom/dist/query-helpers.js:95:19
 ❯ src/components/invoices/BatchDownloadModal.test.tsx:115:19
    113| 
    114|     expect(screen.getByText('Batch Download Invoices')).toBeInTheDocum…
    115|     expect(screen.getByText('Select invoices to download:')).toBeInThe…
       |                   ^
    116|     
    117|     // Check if all invoices are listed

⎯⎯⎯⎯⎯⎯⎯⎯⎯⎯⎯⎯⎯⎯⎯⎯⎯⎯⎯⎯[119/218]⎯

 FAIL  src/components/invoices/BatchDownloadModal.test.tsx > BatchDownloadModal > should render export format options
TestingLibraryElementError: Unable to find an element with the text: Export Format:. This could be because the text is broken up by multiple elements. In this case, you can provide a function for your text matcher to make your matcher more flexible.

Ignored nodes: comments, script, style
<body>
  <div>
    <div
      class="fixed inset-0 bg-black/50 flex items-center justify-center z-50"
    >
      <div
        class="bg-white rounded-lg shadow-xl w-full max-w-4xl max-h-[90vh] overflow-hidden"
      >
        <div
          class="flex items-center justify-between p-6 border-b"
        >
          <div
            class="flex items-center space-x-3"
          >
            <svg
              class="lucide lucide-package h-6 w-6 text-blue-600"
              fill="none"
              height="24"
              stroke="currentColor"
              stroke-linecap="round"
              stroke-linejoin="round"
              stroke-width="2"
              viewBox="0 0 24 24"
              width="24"
              xmlns="http://www.w3.org/2000/svg"
            >
              <path
                d="M11 21.73a2 2 0 0 0 2 0l7-4A2 2 0 0 0 21 16V8a2 2 0 0 0-1-1.73l-7-4a2 2 0 0 0-2 0l-7 4A2 2 0 0 0 3 8v8a2 2 0 0 0 1 1.73z"
              />
              <path
                d="M12 22V12"
              />
              <path
                d="m3.3 7 7.703 4.734a2 2 0 0 0 1.994 0L20.7 7"
              />
              <path
                d="m7.5 4.27 9 5.15"
              />
            </svg>
            <div>
              <h2
                class="text-2xl font-bold"
              >
                Batch Download Invoices
              </h2>
              <p
                class="text-gray-600"
              >
                Select invoices to download in bulk
              </p>
            </div>
          </div>
          <button
            class="inline-flex items-center justify-center gap-2 whitespace-nowrap rounded-md text-sm font-medium ring-offset-background transition-colors focus-visible:outline-none focus-visible:ring-2 focus-visible:ring-ring focus-visible:ring-offset-2 disabled:pointer-events-none disabled:opacity-50 [&_svg]:pointer-events-none [&_svg]:size-4 [&_svg]:shrink-0 hover:bg-accent hover:text-accent-foreground h-10 px-4 py-2"
          >
            <svg
              class="lucide lucide-x h-4 w-4"
              fill="none"
              height="24"
              stroke="currentColor"
              stroke-linecap="round"
              stroke-linejoin="round"
              stroke-width="2"
              viewBox="0 0 24 24"
              width="24"
              xmlns="http://www.w3.org/2000/svg"
            >
              <path
                d="M18 6 6 18"
              />
              <path
                d="m6 6 12 12"
              />
            </svg>
          </button>
        </div>
        <div
          class="p-6"
        >
          <div
            class="grid grid-cols-1 lg:grid-cols-3 gap-6"
          >
            <div
              class="lg:col-span-2"
            >
              <div
                class="rounded-lg border bg-card text-card-foreground shadow-sm"
              >
                <div
                  class="flex flex-col space-y-1.5 p-6"
                >
                  <div
                    class="flex items-center justify-between"
                  >
                    <div>
                      <h3
                        class="text-2xl font-semibold leading-none tracking-tight"
                      >
                        Select Invoices
                      </h3>
                      <p
                        class="text-sm text-muted-foreground"
                      >
                        Choose which invoices to include in the batch download
                      </p>
                    </div>
                    <div
                      class="flex items-center space-x-2"
                    >
                      <div
                        class="relative inline-flex items-center"
                      >
                        <input
                          class="peer h-4 w-4 shrink-0 rounded-sm border border-gray-300 bg-white focus:outline-none focus:ring-2 focus:ring-blue-500 focus:ring-offset-2 disabled:cursor-not-allowed disabled:opacity-50 sr-only"
                          id="select-all"
                          type="checkbox"
                        />
                        <div
                          class="h-4 w-4 rounded-sm border border-gray-300 bg-white peer-checked:bg-blue-600 peer-checked:border-blue-600 peer-focus:ring-2 peer-focus:ring-blue-500 peer-focus:ring-offset-2 flex items-center justify-center"
                        >
                          <svg
                            class="lucide lucide-check h-3 w-3 text-white opacity-0 peer-checked:opacity-100"
                            fill="none"
                            height="24"
                            stroke="currentColor"
                            stroke-linecap="round"
                            stroke-linejoin="round"
                            stroke-width="2"
                            viewBox="0 0 24 24"
                            width="24"
                            xmlns="http://www.w3.org/2000/svg"
                          >
                            <path
                              ...
 ❯ Object.getElementError node_modules/@testing-library/dom/dist/config.js:37:19
 ❯ node_modules/@testing-library/dom/dist/query-helpers.js:76:38
 ❯ node_modules/@testing-library/dom/dist/query-helpers.js:52:17
 ❯ node_modules/@testing-library/dom/dist/query-helpers.js:95:19
 ❯ src/components/invoices/BatchDownloadModal.test.tsx:170:19
    168|     render(<BatchDownloadModal {...mockProps} />);
    169| 
    170|     expect(screen.getByText('Export Format:')).toBeInTheDocument();
       |                   ^
    171|     expect(screen.getByLabelText('PDF')).toBeInTheDocument();
    172|     expect(screen.getByLabelText('Excel')).toBeInTheDocument();

⎯⎯⎯⎯⎯⎯⎯⎯⎯⎯⎯⎯⎯⎯⎯⎯⎯⎯⎯⎯[120/218]⎯

 FAIL  src/components/invoices/BatchDownloadModal.test.tsx > BatchDownloadModal > should allow changing export format
TestingLibraryElementError: Unable to find a label with the text of: PDF

Ignored nodes: comments, script, style
<body>
  <div>
    <div
      class="fixed inset-0 bg-black/50 flex items-center justify-center z-50"
    >
      <div
        class="bg-white rounded-lg shadow-xl w-full max-w-4xl max-h-[90vh] overflow-hidden"
      >
        <div
          class="flex items-center justify-between p-6 border-b"
        >
          <div
            class="flex items-center space-x-3"
          >
            <svg
              class="lucide lucide-package h-6 w-6 text-blue-600"
              fill="none"
              height="24"
              stroke="currentColor"
              stroke-linecap="round"
              stroke-linejoin="round"
              stroke-width="2"
              viewBox="0 0 24 24"
              width="24"
              xmlns="http://www.w3.org/2000/svg"
            >
              <path
                d="M11 21.73a2 2 0 0 0 2 0l7-4A2 2 0 0 0 21 16V8a2 2 0 0 0-1-1.73l-7-4a2 2 0 0 0-2 0l-7 4A2 2 0 0 0 3 8v8a2 2 0 0 0 1 1.73z"
              />
              <path
                d="M12 22V12"
              />
              <path
                d="m3.3 7 7.703 4.734a2 2 0 0 0 1.994 0L20.7 7"
              />
              <path
                d="m7.5 4.27 9 5.15"
              />
            </svg>
            <div>
              <h2
                class="text-2xl font-bold"
              >
                Batch Download Invoices
              </h2>
              <p
                class="text-gray-600"
              >
                Select invoices to download in bulk
              </p>
            </div>
          </div>
          <button
            class="inline-flex items-center justify-center gap-2 whitespace-nowrap rounded-md text-sm font-medium ring-offset-background transition-colors focus-visible:outline-none focus-visible:ring-2 focus-visible:ring-ring focus-visible:ring-offset-2 disabled:pointer-events-none disabled:opacity-50 [&_svg]:pointer-events-none [&_svg]:size-4 [&_svg]:shrink-0 hover:bg-accent hover:text-accent-foreground h-10 px-4 py-2"
          >
            <svg
              class="lucide lucide-x h-4 w-4"
              fill="none"
              height="24"
              stroke="currentColor"
              stroke-linecap="round"
              stroke-linejoin="round"
              stroke-width="2"
              viewBox="0 0 24 24"
              width="24"
              xmlns="http://www.w3.org/2000/svg"
            >
              <path
                d="M18 6 6 18"
              />
              <path
                d="m6 6 12 12"
              />
            </svg>
          </button>
        </div>
        <div
          class="p-6"
        >
          <div
            class="grid grid-cols-1 lg:grid-cols-3 gap-6"
          >
            <div
              class="lg:col-span-2"
            >
              <div
                class="rounded-lg border bg-card text-card-foreground shadow-sm"
              >
                <div
                  class="flex flex-col space-y-1.5 p-6"
                >
                  <div
                    class="flex items-center justify-between"
                  >
                    <div>
                      <h3
                        class="text-2xl font-semibold leading-none tracking-tight"
                      >
                        Select Invoices
                      </h3>
                      <p
                        class="text-sm text-muted-foreground"
                      >
                        Choose which invoices to include in the batch download
                      </p>
                    </div>
                    <div
                      class="flex items-center space-x-2"
                    >
                      <div
                        class="relative inline-flex items-center"
                      >
                        <input
                          class="peer h-4 w-4 shrink-0 rounded-sm border border-gray-300 bg-white focus:outline-none focus:ring-2 focus:ring-blue-500 focus:ring-offset-2 disabled:cursor-not-allowed disabled:opacity-50 sr-only"
                          id="select-all"
                          type="checkbox"
                        />
                        <div
                          class="h-4 w-4 rounded-sm border border-gray-300 bg-white peer-checked:bg-blue-600 peer-checked:border-blue-600 peer-focus:ring-2 peer-focus:ring-blue-500 peer-focus:ring-offset-2 flex items-center justify-center"
                        >
                          <svg
                            class="lucide lucide-check h-3 w-3 text-white opacity-0 peer-checked:opacity-100"
                            fill="none"
                            height="24"
                            stroke="currentColor"
                            stroke-linecap="round"
                            stroke-linejoin="round"
                            stroke-width="2"
                            viewBox="0 0 24 24"
                            width="24"
                            xmlns="http://www.w3.org/2000/svg"
                          >
                            <path
                              ...
 ❯ Object.getElementError node_modules/@testing-library/dom/dist/config.js:37:19
 ❯ getAllByLabelText node_modules/@testing-library/dom/dist/queries/label-text.js:111:38
 ❯ node_modules/@testing-library/dom/dist/query-helpers.js:52:17
 ❯ node_modules/@testing-library/dom/dist/query-helpers.js:95:19
 ❯ src/components/invoices/BatchDownloadModal.test.tsx:179:29
    177|     render(<BatchDownloadModal {...mockProps} />);
    178| 
    179|     const pdfRadio = screen.getByLabelText('PDF');
       |                             ^
    180|     const excelRadio = screen.getByLabelText('Excel');
    181|     const csvRadio = screen.getByLabelText('CSV');

⎯⎯⎯⎯⎯⎯⎯⎯⎯⎯⎯⎯⎯⎯⎯⎯⎯⎯⎯⎯[121/218]⎯

 FAIL  src/components/invoices/BatchDownloadModal.test.tsx > BatchDownloadModal > should disable download button when no invoices are selected
TestingLibraryElementError: Unable to find an element with the text: Download Selected. This could be because the text is broken up by multiple elements. In this case, you can provide a function for your text matcher to make your matcher more flexible.

Ignored nodes: comments, script, style
<body>
  <div>
    <div
      class="fixed inset-0 bg-black/50 flex items-center justify-center z-50"
    >
      <div
        class="bg-white rounded-lg shadow-xl w-full max-w-4xl max-h-[90vh] overflow-hidden"
      >
        <div
          class="flex items-center justify-between p-6 border-b"
        >
          <div
            class="flex items-center space-x-3"
          >
            <svg
              class="lucide lucide-package h-6 w-6 text-blue-600"
              fill="none"
              height="24"
              stroke="currentColor"
              stroke-linecap="round"
              stroke-linejoin="round"
              stroke-width="2"
              viewBox="0 0 24 24"
              width="24"
              xmlns="http://www.w3.org/2000/svg"
            >
              <path
                d="M11 21.73a2 2 0 0 0 2 0l7-4A2 2 0 0 0 21 16V8a2 2 0 0 0-1-1.73l-7-4a2 2 0 0 0-2 0l-7 4A2 2 0 0 0 3 8v8a2 2 0 0 0 1 1.73z"
              />
              <path
                d="M12 22V12"
              />
              <path
                d="m3.3 7 7.703 4.734a2 2 0 0 0 1.994 0L20.7 7"
              />
              <path
                d="m7.5 4.27 9 5.15"
              />
            </svg>
            <div>
              <h2
                class="text-2xl font-bold"
              >
                Batch Download Invoices
              </h2>
              <p
                class="text-gray-600"
              >
                Select invoices to download in bulk
              </p>
            </div>
          </div>
          <button
            class="inline-flex items-center justify-center gap-2 whitespace-nowrap rounded-md text-sm font-medium ring-offset-background transition-colors focus-visible:outline-none focus-visible:ring-2 focus-visible:ring-ring focus-visible:ring-offset-2 disabled:pointer-events-none disabled:opacity-50 [&_svg]:pointer-events-none [&_svg]:size-4 [&_svg]:shrink-0 hover:bg-accent hover:text-accent-foreground h-10 px-4 py-2"
          >
            <svg
              class="lucide lucide-x h-4 w-4"
              fill="none"
              height="24"
              stroke="currentColor"
              stroke-linecap="round"
              stroke-linejoin="round"
              stroke-width="2"
              viewBox="0 0 24 24"
              width="24"
              xmlns="http://www.w3.org/2000/svg"
            >
              <path
                d="M18 6 6 18"
              />
              <path
                d="m6 6 12 12"
              />
            </svg>
          </button>
        </div>
        <div
          class="p-6"
        >
          <div
            class="grid grid-cols-1 lg:grid-cols-3 gap-6"
          >
            <div
              class="lg:col-span-2"
            >
              <div
                class="rounded-lg border bg-card text-card-foreground shadow-sm"
              >
                <div
                  class="flex flex-col space-y-1.5 p-6"
                >
                  <div
                    class="flex items-center justify-between"
                  >
                    <div>
                      <h3
                        class="text-2xl font-semibold leading-none tracking-tight"
                      >
                        Select Invoices
                      </h3>
                      <p
                        class="text-sm text-muted-foreground"
                      >
                        Choose which invoices to include in the batch download
                      </p>
                    </div>
                    <div
                      class="flex items-center space-x-2"
                    >
                      <div
                        class="relative inline-flex items-center"
                      >
                        <input
                          class="peer h-4 w-4 shrink-0 rounded-sm border border-gray-300 bg-white focus:outline-none focus:ring-2 focus:ring-blue-500 focus:ring-offset-2 disabled:cursor-not-allowed disabled:opacity-50 sr-only"
                          id="select-all"
                          type="checkbox"
                        />
                        <div
                          class="h-4 w-4 rounded-sm border border-gray-300 bg-white peer-checked:bg-blue-600 peer-checked:border-blue-600 peer-focus:ring-2 peer-focus:ring-blue-500 peer-focus:ring-offset-2 flex items-center justify-center"
                        >
                          <svg
                            class="lucide lucide-check h-3 w-3 text-white opacity-0 peer-checked:opacity-100"
                            fill="none"
                            height="24"
                            stroke="currentColor"
                            stroke-linecap="round"
                            stroke-linejoin="round"
                            stroke-width="2"
                            viewBox="0 0 24 24"
                            width="24"
                            xmlns="http://www.w3.org/2000/svg"
                          >
                            <path
                              ...
 ❯ Object.getElementError node_modules/@testing-library/dom/dist/config.js:37:19
 ❯ node_modules/@testing-library/dom/dist/query-helpers.js:76:38
 ❯ node_modules/@testing-library/dom/dist/query-helpers.js:52:17
 ❯ node_modules/@testing-library/dom/dist/query-helpers.js:95:19
 ❯ src/components/invoices/BatchDownloadModal.test.tsx:202:35
    200|     render(<BatchDownloadModal {...mockProps} />);
    201| 
    202|     const downloadButton = screen.getByText('Download Selected');
       |                                   ^
    203|     expect(downloadButton).toBeDisabled();
    204|   });

⎯⎯⎯⎯⎯⎯⎯⎯⎯⎯⎯⎯⎯⎯⎯⎯⎯⎯⎯⎯[122/218]⎯

 FAIL  src/components/invoices/BatchDownloadModal.test.tsx > BatchDownloadModal > should enable download button when invoices are selected
TestingLibraryElementError: Unable to find an element with the text: Download Selected. This could be because the text is broken up by multiple elements. In this case, you can provide a function for your text matcher to make your matcher more flexible.

Ignored nodes: comments, script, style
<body>
  <div>
    <div
      class="fixed inset-0 bg-black/50 flex items-center justify-center z-50"
    >
      <div
        class="bg-white rounded-lg shadow-xl w-full max-w-4xl max-h-[90vh] overflow-hidden"
      >
        <div
          class="flex items-center justify-between p-6 border-b"
        >
          <div
            class="flex items-center space-x-3"
          >
            <svg
              class="lucide lucide-package h-6 w-6 text-blue-600"
              fill="none"
              height="24"
              stroke="currentColor"
              stroke-linecap="round"
              stroke-linejoin="round"
              stroke-width="2"
              viewBox="0 0 24 24"
              width="24"
              xmlns="http://www.w3.org/2000/svg"
            >
              <path
                d="M11 21.73a2 2 0 0 0 2 0l7-4A2 2 0 0 0 21 16V8a2 2 0 0 0-1-1.73l-7-4a2 2 0 0 0-2 0l-7 4A2 2 0 0 0 3 8v8a2 2 0 0 0 1 1.73z"
              />
              <path
                d="M12 22V12"
              />
              <path
                d="m3.3 7 7.703 4.734a2 2 0 0 0 1.994 0L20.7 7"
              />
              <path
                d="m7.5 4.27 9 5.15"
              />
            </svg>
            <div>
              <h2
                class="text-2xl font-bold"
              >
                Batch Download Invoices
              </h2>
              <p
                class="text-gray-600"
              >
                Select invoices to download in bulk
              </p>
            </div>
          </div>
          <button
            class="inline-flex items-center justify-center gap-2 whitespace-nowrap rounded-md text-sm font-medium ring-offset-background transition-colors focus-visible:outline-none focus-visible:ring-2 focus-visible:ring-ring focus-visible:ring-offset-2 disabled:pointer-events-none disabled:opacity-50 [&_svg]:pointer-events-none [&_svg]:size-4 [&_svg]:shrink-0 hover:bg-accent hover:text-accent-foreground h-10 px-4 py-2"
          >
            <svg
              class="lucide lucide-x h-4 w-4"
              fill="none"
              height="24"
              stroke="currentColor"
              stroke-linecap="round"
              stroke-linejoin="round"
              stroke-width="2"
              viewBox="0 0 24 24"
              width="24"
              xmlns="http://www.w3.org/2000/svg"
            >
              <path
                d="M18 6 6 18"
              />
              <path
                d="m6 6 12 12"
              />
            </svg>
          </button>
        </div>
        <div
          class="p-6"
        >
          <div
            class="grid grid-cols-1 lg:grid-cols-3 gap-6"
          >
            <div
              class="lg:col-span-2"
            >
              <div
                class="rounded-lg border bg-card text-card-foreground shadow-sm"
              >
                <div
                  class="flex flex-col space-y-1.5 p-6"
                >
                  <div
                    class="flex items-center justify-between"
                  >
                    <div>
                      <h3
                        class="text-2xl font-semibold leading-none tracking-tight"
                      >
                        Select Invoices
                      </h3>
                      <p
                        class="text-sm text-muted-foreground"
                      >
                        Choose which invoices to include in the batch download
                      </p>
                    </div>
                    <div
                      class="flex items-center space-x-2"
                    >
                      <div
                        class="relative inline-flex items-center"
                      >
                        <input
                          class="peer h-4 w-4 shrink-0 rounded-sm border border-gray-300 bg-white focus:outline-none focus:ring-2 focus:ring-blue-500 focus:ring-offset-2 disabled:cursor-not-allowed disabled:opacity-50 sr-only"
                          id="select-all"
                          type="checkbox"
                        />
                        <div
                          class="h-4 w-4 rounded-sm border border-gray-300 bg-white peer-checked:bg-blue-600 peer-checked:border-blue-600 peer-focus:ring-2 peer-focus:ring-blue-500 peer-focus:ring-offset-2 flex items-center justify-center"
                        >
                          <svg
                            class="lucide lucide-check h-3 w-3 text-white opacity-0 peer-checked:opacity-100"
                            fill="none"
                            height="24"
                            stroke="currentColor"
                            stroke-linecap="round"
                            stroke-linejoin="round"
                            stroke-width="2"
                            viewBox="0 0 24 24"
                            width="24"
                            xmlns="http://www.w3.org/2000/svg"
                          >
                            <path
                              ...
 ❯ Object.getElementError node_modules/@testing-library/dom/dist/config.js:37:19
 ❯ node_modules/@testing-library/dom/dist/query-helpers.js:76:38
 ❯ node_modules/@testing-library/dom/dist/query-helpers.js:52:17
 ❯ node_modules/@testing-library/dom/dist/query-helpers.js:95:19
 ❯ src/components/invoices/BatchDownloadModal.test.tsx:215:35
    213|     fireEvent.click(firstInvoiceCheckbox);
    214| 
    215|     const downloadButton = screen.getByText('Download Selected');
       |                                   ^
    216|     expect(downloadButton).not.toBeDisabled();
    217|   });

⎯⎯⎯⎯⎯⎯⎯⎯⎯⎯⎯⎯⎯⎯⎯⎯⎯⎯⎯⎯[123/218]⎯

 FAIL  src/components/invoices/BatchDownloadModal.test.tsx > BatchDownloadModal > should handle download process with progress tracking
TestingLibraryElementError: Unable to find an element with the text: Download Selected. This could be because the text is broken up by multiple elements. In this case, you can provide a function for your text matcher to make your matcher more flexible.

Ignored nodes: comments, script, style
<body>
  <div>
    <div
      class="fixed inset-0 bg-black/50 flex items-center justify-center z-50"
    >
      <div
        class="bg-white rounded-lg shadow-xl w-full max-w-4xl max-h-[90vh] overflow-hidden"
      >
        <div
          class="flex items-center justify-between p-6 border-b"
        >
          <div
            class="flex items-center space-x-3"
          >
            <svg
              class="lucide lucide-package h-6 w-6 text-blue-600"
              fill="none"
              height="24"
              stroke="currentColor"
              stroke-linecap="round"
              stroke-linejoin="round"
              stroke-width="2"
              viewBox="0 0 24 24"
              width="24"
              xmlns="http://www.w3.org/2000/svg"
            >
              <path
                d="M11 21.73a2 2 0 0 0 2 0l7-4A2 2 0 0 0 21 16V8a2 2 0 0 0-1-1.73l-7-4a2 2 0 0 0-2 0l-7 4A2 2 0 0 0 3 8v8a2 2 0 0 0 1 1.73z"
              />
              <path
                d="M12 22V12"
              />
              <path
                d="m3.3 7 7.703 4.734a2 2 0 0 0 1.994 0L20.7 7"
              />
              <path
                d="m7.5 4.27 9 5.15"
              />
            </svg>
            <div>
              <h2
                class="text-2xl font-bold"
              >
                Batch Download Invoices
              </h2>
              <p
                class="text-gray-600"
              >
                Select invoices to download in bulk
              </p>
            </div>
          </div>
          <button
            class="inline-flex items-center justify-center gap-2 whitespace-nowrap rounded-md text-sm font-medium ring-offset-background transition-colors focus-visible:outline-none focus-visible:ring-2 focus-visible:ring-ring focus-visible:ring-offset-2 disabled:pointer-events-none disabled:opacity-50 [&_svg]:pointer-events-none [&_svg]:size-4 [&_svg]:shrink-0 hover:bg-accent hover:text-accent-foreground h-10 px-4 py-2"
          >
            <svg
              class="lucide lucide-x h-4 w-4"
              fill="none"
              height="24"
              stroke="currentColor"
              stroke-linecap="round"
              stroke-linejoin="round"
              stroke-width="2"
              viewBox="0 0 24 24"
              width="24"
              xmlns="http://www.w3.org/2000/svg"
            >
              <path
                d="M18 6 6 18"
              />
              <path
                d="m6 6 12 12"
              />
            </svg>
          </button>
        </div>
        <div
          class="p-6"
        >
          <div
            class="grid grid-cols-1 lg:grid-cols-3 gap-6"
          >
            <div
              class="lg:col-span-2"
            >
              <div
                class="rounded-lg border bg-card text-card-foreground shadow-sm"
              >
                <div
                  class="flex flex-col space-y-1.5 p-6"
                >
                  <div
                    class="flex items-center justify-between"
                  >
                    <div>
                      <h3
                        class="text-2xl font-semibold leading-none tracking-tight"
                      >
                        Select Invoices
                      </h3>
                      <p
                        class="text-sm text-muted-foreground"
                      >
                        Choose which invoices to include in the batch download
                      </p>
                    </div>
                    <div
                      class="flex items-center space-x-2"
                    >
                      <div
                        class="relative inline-flex items-center"
                      >
                        <input
                          class="peer h-4 w-4 shrink-0 rounded-sm border border-gray-300 bg-white focus:outline-none focus:ring-2 focus:ring-blue-500 focus:ring-offset-2 disabled:cursor-not-allowed disabled:opacity-50 sr-only"
                          id="select-all"
                          type="checkbox"
                        />
                        <div
                          class="h-4 w-4 rounded-sm border border-gray-300 bg-white peer-checked:bg-blue-600 peer-checked:border-blue-600 peer-focus:ring-2 peer-focus:ring-blue-500 peer-focus:ring-offset-2 flex items-center justify-center"
                        >
                          <svg
                            class="lucide lucide-check h-3 w-3 text-white opacity-0 peer-checked:opacity-100"
                            fill="none"
                            height="24"
                            stroke="currentColor"
                            stroke-linecap="round"
                            stroke-linejoin="round"
                            stroke-width="2"
                            viewBox="0 0 24 24"
                            width="24"
                            xmlns="http://www.w3.org/2000/svg"
                          >
                            <path
                              ...
 ❯ Object.getElementError node_modules/@testing-library/dom/dist/config.js:37:19
 ❯ node_modules/@testing-library/dom/dist/query-helpers.js:76:38
 ❯ node_modules/@testing-library/dom/dist/query-helpers.js:52:17
 ❯ node_modules/@testing-library/dom/dist/query-helpers.js:95:19
 ❯ src/components/invoices/BatchDownloadModal.test.tsx:228:35
    226|     fireEvent.click(firstInvoiceCheckbox);
    227| 
    228|     const downloadButton = screen.getByText('Download Selected');
       |                                   ^
    229|     fireEvent.click(downloadButton);
    230| 

⎯⎯⎯⎯⎯⎯⎯⎯⎯⎯⎯⎯⎯⎯⎯⎯⎯⎯⎯⎯[124/218]⎯

 FAIL  src/components/invoices/BatchDownloadModal.test.tsx > BatchDownloadModal > should handle download with different formats
TestingLibraryElementError: Unable to find a label with the text of: Excel

Ignored nodes: comments, script, style
<body>
  <div>
    <div
      class="fixed inset-0 bg-black/50 flex items-center justify-center z-50"
    >
      <div
        class="bg-white rounded-lg shadow-xl w-full max-w-4xl max-h-[90vh] overflow-hidden"
      >
        <div
          class="flex items-center justify-between p-6 border-b"
        >
          <div
            class="flex items-center space-x-3"
          >
            <svg
              class="lucide lucide-package h-6 w-6 text-blue-600"
              fill="none"
              height="24"
              stroke="currentColor"
              stroke-linecap="round"
              stroke-linejoin="round"
              stroke-width="2"
              viewBox="0 0 24 24"
              width="24"
              xmlns="http://www.w3.org/2000/svg"
            >
              <path
                d="M11 21.73a2 2 0 0 0 2 0l7-4A2 2 0 0 0 21 16V8a2 2 0 0 0-1-1.73l-7-4a2 2 0 0 0-2 0l-7 4A2 2 0 0 0 3 8v8a2 2 0 0 0 1 1.73z"
              />
              <path
                d="M12 22V12"
              />
              <path
                d="m3.3 7 7.703 4.734a2 2 0 0 0 1.994 0L20.7 7"
              />
              <path
                d="m7.5 4.27 9 5.15"
              />
            </svg>
            <div>
              <h2
                class="text-2xl font-bold"
              >
                Batch Download Invoices
              </h2>
              <p
                class="text-gray-600"
              >
                Select invoices to download in bulk
              </p>
            </div>
          </div>
          <button
            class="inline-flex items-center justify-center gap-2 whitespace-nowrap rounded-md text-sm font-medium ring-offset-background transition-colors focus-visible:outline-none focus-visible:ring-2 focus-visible:ring-ring focus-visible:ring-offset-2 disabled:pointer-events-none disabled:opacity-50 [&_svg]:pointer-events-none [&_svg]:size-4 [&_svg]:shrink-0 hover:bg-accent hover:text-accent-foreground h-10 px-4 py-2"
          >
            <svg
              class="lucide lucide-x h-4 w-4"
              fill="none"
              height="24"
              stroke="currentColor"
              stroke-linecap="round"
              stroke-linejoin="round"
              stroke-width="2"
              viewBox="0 0 24 24"
              width="24"
              xmlns="http://www.w3.org/2000/svg"
            >
              <path
                d="M18 6 6 18"
              />
              <path
                d="m6 6 12 12"
              />
            </svg>
          </button>
        </div>
        <div
          class="p-6"
        >
          <div
            class="grid grid-cols-1 lg:grid-cols-3 gap-6"
          >
            <div
              class="lg:col-span-2"
            >
              <div
                class="rounded-lg border bg-card text-card-foreground shadow-sm"
              >
                <div
                  class="flex flex-col space-y-1.5 p-6"
                >
                  <div
                    class="flex items-center justify-between"
                  >
                    <div>
                      <h3
                        class="text-2xl font-semibold leading-none tracking-tight"
                      >
                        Select Invoices
                      </h3>
                      <p
                        class="text-sm text-muted-foreground"
                      >
                        Choose which invoices to include in the batch download
                      </p>
                    </div>
                    <div
                      class="flex items-center space-x-2"
                    >
                      <div
                        class="relative inline-flex items-center"
                      >
                        <input
                          class="peer h-4 w-4 shrink-0 rounded-sm border border-gray-300 bg-white focus:outline-none focus:ring-2 focus:ring-blue-500 focus:ring-offset-2 disabled:cursor-not-allowed disabled:opacity-50 sr-only"
                          id="select-all"
                          type="checkbox"
                        />
                        <div
                          class="h-4 w-4 rounded-sm border border-gray-300 bg-white peer-checked:bg-blue-600 peer-checked:border-blue-600 peer-focus:ring-2 peer-focus:ring-blue-500 peer-focus:ring-offset-2 flex items-center justify-center"
                        >
                          <svg
                            class="lucide lucide-check h-3 w-3 text-white opacity-0 peer-checked:opacity-100"
                            fill="none"
                            height="24"
                            stroke="currentColor"
                            stroke-linecap="round"
                            stroke-linejoin="round"
                            stroke-width="2"
                            viewBox="0 0 24 24"
                            width="24"
                            xmlns="http://www.w3.org/2000/svg"
                          >
                            <path
                              ...
 ❯ Object.getElementError node_modules/@testing-library/dom/dist/config.js:37:19
 ❯ getAllByLabelText node_modules/@testing-library/dom/dist/queries/label-text.js:111:38
 ❯ node_modules/@testing-library/dom/dist/query-helpers.js:52:17
 ❯ node_modules/@testing-library/dom/dist/query-helpers.js:95:19
 ❯ src/components/invoices/BatchDownloadModal.test.tsx:252:31
    250| 
    251|     // Change to Excel format
    252|     const excelRadio = screen.getByLabelText('Excel');
       |                               ^
    253|     fireEvent.click(excelRadio);
    254| 

⎯⎯⎯⎯⎯⎯⎯⎯⎯⎯⎯⎯⎯⎯⎯⎯⎯⎯⎯⎯[125/218]⎯

 FAIL  src/components/invoices/BatchDownloadModal.test.tsx > BatchDownloadModal > should handle download errors gracefully
TestingLibraryElementError: Unable to find an element with the text: Download Selected. This could be because the text is broken up by multiple elements. In this case, you can provide a function for your text matcher to make your matcher more flexible.

Ignored nodes: comments, script, style
<body>
  <div>
    <div
      class="fixed inset-0 bg-black/50 flex items-center justify-center z-50"
    >
      <div
        class="bg-white rounded-lg shadow-xl w-full max-w-4xl max-h-[90vh] overflow-hidden"
      >
        <div
          class="flex items-center justify-between p-6 border-b"
        >
          <div
            class="flex items-center space-x-3"
          >
            <svg
              class="lucide lucide-package h-6 w-6 text-blue-600"
              fill="none"
              height="24"
              stroke="currentColor"
              stroke-linecap="round"
              stroke-linejoin="round"
              stroke-width="2"
              viewBox="0 0 24 24"
              width="24"
              xmlns="http://www.w3.org/2000/svg"
            >
              <path
                d="M11 21.73a2 2 0 0 0 2 0l7-4A2 2 0 0 0 21 16V8a2 2 0 0 0-1-1.73l-7-4a2 2 0 0 0-2 0l-7 4A2 2 0 0 0 3 8v8a2 2 0 0 0 1 1.73z"
              />
              <path
                d="M12 22V12"
              />
              <path
                d="m3.3 7 7.703 4.734a2 2 0 0 0 1.994 0L20.7 7"
              />
              <path
                d="m7.5 4.27 9 5.15"
              />
            </svg>
            <div>
              <h2
                class="text-2xl font-bold"
              >
                Batch Download Invoices
              </h2>
              <p
                class="text-gray-600"
              >
                Select invoices to download in bulk
              </p>
            </div>
          </div>
          <button
            class="inline-flex items-center justify-center gap-2 whitespace-nowrap rounded-md text-sm font-medium ring-offset-background transition-colors focus-visible:outline-none focus-visible:ring-2 focus-visible:ring-ring focus-visible:ring-offset-2 disabled:pointer-events-none disabled:opacity-50 [&_svg]:pointer-events-none [&_svg]:size-4 [&_svg]:shrink-0 hover:bg-accent hover:text-accent-foreground h-10 px-4 py-2"
          >
            <svg
              class="lucide lucide-x h-4 w-4"
              fill="none"
              height="24"
              stroke="currentColor"
              stroke-linecap="round"
              stroke-linejoin="round"
              stroke-width="2"
              viewBox="0 0 24 24"
              width="24"
              xmlns="http://www.w3.org/2000/svg"
            >
              <path
                d="M18 6 6 18"
              />
              <path
                d="m6 6 12 12"
              />
            </svg>
          </button>
        </div>
        <div
          class="p-6"
        >
          <div
            class="grid grid-cols-1 lg:grid-cols-3 gap-6"
          >
            <div
              class="lg:col-span-2"
            >
              <div
                class="rounded-lg border bg-card text-card-foreground shadow-sm"
              >
                <div
                  class="flex flex-col space-y-1.5 p-6"
                >
                  <div
                    class="flex items-center justify-between"
                  >
                    <div>
                      <h3
                        class="text-2xl font-semibold leading-none tracking-tight"
                      >
                        Select Invoices
                      </h3>
                      <p
                        class="text-sm text-muted-foreground"
                      >
                        Choose which invoices to include in the batch download
                      </p>
                    </div>
                    <div
                      class="flex items-center space-x-2"
                    >
                      <div
                        class="relative inline-flex items-center"
                      >
                        <input
                          class="peer h-4 w-4 shrink-0 rounded-sm border border-gray-300 bg-white focus:outline-none focus:ring-2 focus:ring-blue-500 focus:ring-offset-2 disabled:cursor-not-allowed disabled:opacity-50 sr-only"
                          id="select-all"
                          type="checkbox"
                        />
                        <div
                          class="h-4 w-4 rounded-sm border border-gray-300 bg-white peer-checked:bg-blue-600 peer-checked:border-blue-600 peer-focus:ring-2 peer-focus:ring-blue-500 peer-focus:ring-offset-2 flex items-center justify-center"
                        >
                          <svg
                            class="lucide lucide-check h-3 w-3 text-white opacity-0 peer-checked:opacity-100"
                            fill="none"
                            height="24"
                            stroke="currentColor"
                            stroke-linecap="round"
                            stroke-linejoin="round"
                            stroke-width="2"
                            viewBox="0 0 24 24"
                            width="24"
                            xmlns="http://www.w3.org/2000/svg"
                          >
                            <path
                              ...
 ❯ Object.getElementError node_modules/@testing-library/dom/dist/config.js:37:19
 ❯ node_modules/@testing-library/dom/dist/query-helpers.js:76:38
 ❯ node_modules/@testing-library/dom/dist/query-helpers.js:52:17
 ❯ node_modules/@testing-library/dom/dist/query-helpers.js:95:19
 ❯ src/components/invoices/BatchDownloadModal.test.tsx:279:35
    277|     fireEvent.click(firstInvoiceCheckbox);
    278| 
    279|     const downloadButton = screen.getByText('Download Selected');
       |                                   ^
    280|     fireEvent.click(downloadButton);
    281| 

⎯⎯⎯⎯⎯⎯⎯⎯⎯⎯⎯⎯⎯⎯⎯⎯⎯⎯⎯⎯[126/218]⎯

 FAIL  src/components/invoices/BatchDownloadModal.test.tsx > BatchDownloadModal > should display invoice amounts correctly
TestingLibraryElementError: Unable to find an element with the text: $1,500.00. This could be because the text is broken up by multiple elements. In this case, you can provide a function for your text matcher to make your matcher more flexible.

Ignored nodes: comments, script, style
<body>
  <div>
    <div
      class="fixed inset-0 bg-black/50 flex items-center justify-center z-50"
    >
      <div
        class="bg-white rounded-lg shadow-xl w-full max-w-4xl max-h-[90vh] overflow-hidden"
      >
        <div
          class="flex items-center justify-between p-6 border-b"
        >
          <div
            class="flex items-center space-x-3"
          >
            <svg
              class="lucide lucide-package h-6 w-6 text-blue-600"
              fill="none"
              height="24"
              stroke="currentColor"
              stroke-linecap="round"
              stroke-linejoin="round"
              stroke-width="2"
              viewBox="0 0 24 24"
              width="24"
              xmlns="http://www.w3.org/2000/svg"
            >
              <path
                d="M11 21.73a2 2 0 0 0 2 0l7-4A2 2 0 0 0 21 16V8a2 2 0 0 0-1-1.73l-7-4a2 2 0 0 0-2 0l-7 4A2 2 0 0 0 3 8v8a2 2 0 0 0 1 1.73z"
              />
              <path
                d="M12 22V12"
              />
              <path
                d="m3.3 7 7.703 4.734a2 2 0 0 0 1.994 0L20.7 7"
              />
              <path
                d="m7.5 4.27 9 5.15"
              />
            </svg>
            <div>
              <h2
                class="text-2xl font-bold"
              >
                Batch Download Invoices
              </h2>
              <p
                class="text-gray-600"
              >
                Select invoices to download in bulk
              </p>
            </div>
          </div>
          <button
            class="inline-flex items-center justify-center gap-2 whitespace-nowrap rounded-md text-sm font-medium ring-offset-background transition-colors focus-visible:outline-none focus-visible:ring-2 focus-visible:ring-ring focus-visible:ring-offset-2 disabled:pointer-events-none disabled:opacity-50 [&_svg]:pointer-events-none [&_svg]:size-4 [&_svg]:shrink-0 hover:bg-accent hover:text-accent-foreground h-10 px-4 py-2"
          >
            <svg
              class="lucide lucide-x h-4 w-4"
              fill="none"
              height="24"
              stroke="currentColor"
              stroke-linecap="round"
              stroke-linejoin="round"
              stroke-width="2"
              viewBox="0 0 24 24"
              width="24"
              xmlns="http://www.w3.org/2000/svg"
            >
              <path
                d="M18 6 6 18"
              />
              <path
                d="m6 6 12 12"
              />
            </svg>
          </button>
        </div>
        <div
          class="p-6"
        >
          <div
            class="grid grid-cols-1 lg:grid-cols-3 gap-6"
          >
            <div
              class="lg:col-span-2"
            >
              <div
                class="rounded-lg border bg-card text-card-foreground shadow-sm"
              >
                <div
                  class="flex flex-col space-y-1.5 p-6"
                >
                  <div
                    class="flex items-center justify-between"
                  >
                    <div>
                      <h3
                        class="text-2xl font-semibold leading-none tracking-tight"
                      >
                        Select Invoices
                      </h3>
                      <p
                        class="text-sm text-muted-foreground"
                      >
                        Choose which invoices to include in the batch download
                      </p>
                    </div>
                    <div
                      class="flex items-center space-x-2"
                    >
                      <div
                        class="relative inline-flex items-center"
                      >
                        <input
                          class="peer h-4 w-4 shrink-0 rounded-sm border border-gray-300 bg-white focus:outline-none focus:ring-2 focus:ring-blue-500 focus:ring-offset-2 disabled:cursor-not-allowed disabled:opacity-50 sr-only"
                          id="select-all"
                          type="checkbox"
                        />
                        <div
                          class="h-4 w-4 rounded-sm border border-gray-300 bg-white peer-checked:bg-blue-600 peer-checked:border-blue-600 peer-focus:ring-2 peer-focus:ring-blue-500 peer-focus:ring-offset-2 flex items-center justify-center"
                        >
                          <svg
                            class="lucide lucide-check h-3 w-3 text-white opacity-0 peer-checked:opacity-100"
                            fill="none"
                            height="24"
                            stroke="currentColor"
                            stroke-linecap="round"
                            stroke-linejoin="round"
                            stroke-width="2"
                            viewBox="0 0 24 24"
                            width="24"
                            xmlns="http://www.w3.org/2000/svg"
                          >
                            <path
                              ...
 ❯ Object.getElementError node_modules/@testing-library/dom/dist/config.js:37:19
 ❯ node_modules/@testing-library/dom/dist/query-helpers.js:76:38
 ❯ node_modules/@testing-library/dom/dist/query-helpers.js:52:17
 ❯ node_modules/@testing-library/dom/dist/query-helpers.js:95:19
 ❯ src/components/invoices/BatchDownloadModal.test.tsx:309:19
    307|     render(<BatchDownloadModal {...mockProps} />);
    308| 
    309|     expect(screen.getByText('$1,500.00')).toBeInTheDocument();
       |                   ^
    310|     expect(screen.getByText('$2,750.50')).toBeInTheDocument();
    311|     expect(screen.getByText('$890.25')).toBeInTheDocument();

⎯⎯⎯⎯⎯⎯⎯⎯⎯⎯⎯⎯⎯⎯⎯⎯⎯⎯⎯⎯[127/218]⎯

 FAIL  src/components/invoices/BatchDownloadModal.test.tsx > BatchDownloadModal > should display invoice status badges
TestingLibraryElementError: Unable to find an element with the text: pending. This could be because the text is broken up by multiple elements. In this case, you can provide a function for your text matcher to make your matcher more flexible.

Ignored nodes: comments, script, style
<body>
  <div>
    <div
      class="fixed inset-0 bg-black/50 flex items-center justify-center z-50"
    >
      <div
        class="bg-white rounded-lg shadow-xl w-full max-w-4xl max-h-[90vh] overflow-hidden"
      >
        <div
          class="flex items-center justify-between p-6 border-b"
        >
          <div
            class="flex items-center space-x-3"
          >
            <svg
              class="lucide lucide-package h-6 w-6 text-blue-600"
              fill="none"
              height="24"
              stroke="currentColor"
              stroke-linecap="round"
              stroke-linejoin="round"
              stroke-width="2"
              viewBox="0 0 24 24"
              width="24"
              xmlns="http://www.w3.org/2000/svg"
            >
              <path
                d="M11 21.73a2 2 0 0 0 2 0l7-4A2 2 0 0 0 21 16V8a2 2 0 0 0-1-1.73l-7-4a2 2 0 0 0-2 0l-7 4A2 2 0 0 0 3 8v8a2 2 0 0 0 1 1.73z"
              />
              <path
                d="M12 22V12"
              />
              <path
                d="m3.3 7 7.703 4.734a2 2 0 0 0 1.994 0L20.7 7"
              />
              <path
                d="m7.5 4.27 9 5.15"
              />
            </svg>
            <div>
              <h2
                class="text-2xl font-bold"
              >
                Batch Download Invoices
              </h2>
              <p
                class="text-gray-600"
              >
                Select invoices to download in bulk
              </p>
            </div>
          </div>
          <button
            class="inline-flex items-center justify-center gap-2 whitespace-nowrap rounded-md text-sm font-medium ring-offset-background transition-colors focus-visible:outline-none focus-visible:ring-2 focus-visible:ring-ring focus-visible:ring-offset-2 disabled:pointer-events-none disabled:opacity-50 [&_svg]:pointer-events-none [&_svg]:size-4 [&_svg]:shrink-0 hover:bg-accent hover:text-accent-foreground h-10 px-4 py-2"
          >
            <svg
              class="lucide lucide-x h-4 w-4"
              fill="none"
              height="24"
              stroke="currentColor"
              stroke-linecap="round"
              stroke-linejoin="round"
              stroke-width="2"
              viewBox="0 0 24 24"
              width="24"
              xmlns="http://www.w3.org/2000/svg"
            >
              <path
                d="M18 6 6 18"
              />
              <path
                d="m6 6 12 12"
              />
            </svg>
          </button>
        </div>
        <div
          class="p-6"
        >
          <div
            class="grid grid-cols-1 lg:grid-cols-3 gap-6"
          >
            <div
              class="lg:col-span-2"
            >
              <div
                class="rounded-lg border bg-card text-card-foreground shadow-sm"
              >
                <div
                  class="flex flex-col space-y-1.5 p-6"
                >
                  <div
                    class="flex items-center justify-between"
                  >
                    <div>
                      <h3
                        class="text-2xl font-semibold leading-none tracking-tight"
                      >
                        Select Invoices
                      </h3>
                      <p
                        class="text-sm text-muted-foreground"
                      >
                        Choose which invoices to include in the batch download
                      </p>
                    </div>
                    <div
                      class="flex items-center space-x-2"
                    >
                      <div
                        class="relative inline-flex items-center"
                      >
                        <input
                          class="peer h-4 w-4 shrink-0 rounded-sm border border-gray-300 bg-white focus:outline-none focus:ring-2 focus:ring-blue-500 focus:ring-offset-2 disabled:cursor-not-allowed disabled:opacity-50 sr-only"
                          id="select-all"
                          type="checkbox"
                        />
                        <div
                          class="h-4 w-4 rounded-sm border border-gray-300 bg-white peer-checked:bg-blue-600 peer-checked:border-blue-600 peer-focus:ring-2 peer-focus:ring-blue-500 peer-focus:ring-offset-2 flex items-center justify-center"
                        >
                          <svg
                            class="lucide lucide-check h-3 w-3 text-white opacity-0 peer-checked:opacity-100"
                            fill="none"
                            height="24"
                            stroke="currentColor"
                            stroke-linecap="round"
                            stroke-linejoin="round"
                            stroke-width="2"
                            viewBox="0 0 24 24"
                            width="24"
                            xmlns="http://www.w3.org/2000/svg"
                          >
                            <path
                              ...
 ❯ Object.getElementError node_modules/@testing-library/dom/dist/config.js:37:19
 ❯ node_modules/@testing-library/dom/dist/query-helpers.js:76:38
 ❯ node_modules/@testing-library/dom/dist/query-helpers.js:52:17
 ❯ node_modules/@testing-library/dom/dist/query-helpers.js:95:19
 ❯ src/components/invoices/BatchDownloadModal.test.tsx:317:19
    315|     render(<BatchDownloadModal {...mockProps} />);
    316| 
    317|     expect(screen.getByText('pending')).toBeInTheDocument();
       |                   ^
    318|     expect(screen.getByText('paid')).toBeInTheDocument();
    319|     expect(screen.getByText('overdue')).toBeInTheDocument();

⎯⎯⎯⎯⎯⎯⎯⎯⎯⎯⎯⎯⎯⎯⎯⎯⎯⎯⎯⎯[128/218]⎯

 FAIL  src/components/invoices/BatchDownloadModal.test.tsx > BatchDownloadModal > should show selected count in download button
TestingLibraryElementError: Unable to find an element with the text: Download Selected (2). This could be because the text is broken up by multiple elements. In this case, you can provide a function for your text matcher to make your matcher more flexible.

Ignored nodes: comments, script, style
<body>
  <div>
    <div
      class="fixed inset-0 bg-black/50 flex items-center justify-center z-50"
    >
      <div
        class="bg-white rounded-lg shadow-xl w-full max-w-4xl max-h-[90vh] overflow-hidden"
      >
        <div
          class="flex items-center justify-between p-6 border-b"
        >
          <div
            class="flex items-center space-x-3"
          >
            <svg
              class="lucide lucide-package h-6 w-6 text-blue-600"
              fill="none"
              height="24"
              stroke="currentColor"
              stroke-linecap="round"
              stroke-linejoin="round"
              stroke-width="2"
              viewBox="0 0 24 24"
              width="24"
              xmlns="http://www.w3.org/2000/svg"
            >
              <path
                d="M11 21.73a2 2 0 0 0 2 0l7-4A2 2 0 0 0 21 16V8a2 2 0 0 0-1-1.73l-7-4a2 2 0 0 0-2 0l-7 4A2 2 0 0 0 3 8v8a2 2 0 0 0 1 1.73z"
              />
              <path
                d="M12 22V12"
              />
              <path
                d="m3.3 7 7.703 4.734a2 2 0 0 0 1.994 0L20.7 7"
              />
              <path
                d="m7.5 4.27 9 5.15"
              />
            </svg>
            <div>
              <h2
                class="text-2xl font-bold"
              >
                Batch Download Invoices
              </h2>
              <p
                class="text-gray-600"
              >
                Select invoices to download in bulk
              </p>
            </div>
          </div>
          <button
            class="inline-flex items-center justify-center gap-2 whitespace-nowrap rounded-md text-sm font-medium ring-offset-background transition-colors focus-visible:outline-none focus-visible:ring-2 focus-visible:ring-ring focus-visible:ring-offset-2 disabled:pointer-events-none disabled:opacity-50 [&_svg]:pointer-events-none [&_svg]:size-4 [&_svg]:shrink-0 hover:bg-accent hover:text-accent-foreground h-10 px-4 py-2"
          >
            <svg
              class="lucide lucide-x h-4 w-4"
              fill="none"
              height="24"
              stroke="currentColor"
              stroke-linecap="round"
              stroke-linejoin="round"
              stroke-width="2"
              viewBox="0 0 24 24"
              width="24"
              xmlns="http://www.w3.org/2000/svg"
            >
              <path
                d="M18 6 6 18"
              />
              <path
                d="m6 6 12 12"
              />
            </svg>
          </button>
        </div>
        <div
          class="p-6"
        >
          <div
            class="grid grid-cols-1 lg:grid-cols-3 gap-6"
          >
            <div
              class="lg:col-span-2"
            >
              <div
                class="rounded-lg border bg-card text-card-foreground shadow-sm"
              >
                <div
                  class="flex flex-col space-y-1.5 p-6"
                >
                  <div
                    class="flex items-center justify-between"
                  >
                    <div>
                      <h3
                        class="text-2xl font-semibold leading-none tracking-tight"
                      >
                        Select Invoices
                      </h3>
                      <p
                        class="text-sm text-muted-foreground"
                      >
                        Choose which invoices to include in the batch download
                      </p>
                    </div>
                    <div
                      class="flex items-center space-x-2"
                    >
                      <div
                        class="relative inline-flex items-center"
                      >
                        <input
                          class="peer h-4 w-4 shrink-0 rounded-sm border border-gray-300 bg-white focus:outline-none focus:ring-2 focus:ring-blue-500 focus:ring-offset-2 disabled:cursor-not-allowed disabled:opacity-50 sr-only"
                          id="select-all"
                          type="checkbox"
                        />
                        <div
                          class="h-4 w-4 rounded-sm border border-gray-300 bg-white peer-checked:bg-blue-600 peer-checked:border-blue-600 peer-focus:ring-2 peer-focus:ring-blue-500 peer-focus:ring-offset-2 flex items-center justify-center"
                        >
                          <svg
                            class="lucide lucide-check h-3 w-3 text-white opacity-0 peer-checked:opacity-100"
                            fill="none"
                            height="24"
                            stroke="currentColor"
                            stroke-linecap="round"
                            stroke-linejoin="round"
                            stroke-width="2"
                            viewBox="0 0 24 24"
                            width="24"
                            xmlns="http://www.w3.org/2000/svg"
                          >
                            <path
                              ...
 ❯ Object.getElementError node_modules/@testing-library/dom/dist/config.js:37:19
 ❯ node_modules/@testing-library/dom/dist/query-helpers.js:76:38
 ❯ node_modules/@testing-library/dom/dist/query-helpers.js:52:17
 ❯ node_modules/@testing-library/dom/dist/query-helpers.js:95:19
 ❯ src/components/invoices/BatchDownloadModal.test.tsx:333:19
    331|     fireEvent.click(secondInvoiceCheckbox);
    332| 
    333|     expect(screen.getByText('Download Selected (2)')).toBeInTheDocumen…
       |                   ^
    334|   });
    335| });

⎯⎯⎯⎯⎯⎯⎯⎯⎯⎯⎯⎯⎯⎯⎯⎯⎯⎯⎯⎯[129/218]⎯

 FAIL  src/components/invoices/PdfCustomizationModal.test.tsx > PdfCustomizationModal > should display template options
TestingLibraryElementError: Unable to find a label with the text of: Modern

Ignored nodes: comments, script, style
<body>
  <div>
    <div
      class="fixed inset-0 bg-black/50 flex items-center justify-center z-50"
    >
      <div
        class="bg-white rounded-lg shadow-xl w-full max-w-6xl max-h-[90vh] overflow-hidden"
      >
        <div
          class="flex items-center justify-between p-6 border-b"
        >
          <div
            class="flex items-center space-x-3"
          >
            <svg
              class="lucide lucide-file-text h-6 w-6 text-blue-600"
              fill="none"
              height="24"
              stroke="currentColor"
              stroke-linecap="round"
              stroke-linejoin="round"
              stroke-width="2"
              viewBox="0 0 24 24"
              width="24"
              xmlns="http://www.w3.org/2000/svg"
            >
              <path
                d="M15 2H6a2 2 0 0 0-2 2v16a2 2 0 0 0 2 2h12a2 2 0 0 0 2-2V7Z"
              />
              <path
                d="M14 2v4a2 2 0 0 0 2 2h4"
              />
              <path
                d="M10 9H8"
              />
              <path
                d="M16 13H8"
              />
              <path
                d="M16 17H8"
              />
            </svg>
            <div>
              <h2
                class="text-2xl font-bold"
              >
                Customize PDF Export
              </h2>
              <p
                class="text-gray-600"
              >
                Invoice #
                INV-2024-001
                 - 
                Acme Corp
              </p>
            </div>
          </div>
          <button
            class="inline-flex items-center justify-center gap-2 whitespace-nowrap rounded-md text-sm font-medium ring-offset-background transition-colors focus-visible:outline-none focus-visible:ring-2 focus-visible:ring-ring focus-visible:ring-offset-2 disabled:pointer-events-none disabled:opacity-50 [&_svg]:pointer-events-none [&_svg]:size-4 [&_svg]:shrink-0 hover:bg-accent hover:text-accent-foreground h-10 px-4 py-2"
          >
            <svg
              class="lucide lucide-x h-4 w-4"
              fill="none"
              height="24"
              stroke="currentColor"
              stroke-linecap="round"
              stroke-linejoin="round"
              stroke-width="2"
              viewBox="0 0 24 24"
              width="24"
              xmlns="http://www.w3.org/2000/svg"
            >
              <path
                d="M18 6 6 18"
              />
              <path
                d="m6 6 12 12"
              />
            </svg>
          </button>
        </div>
        <div
          class="p-6 overflow-y-auto max-h-[calc(90vh-140px)]"
        >
          <div
            class="grid grid-cols-1 lg:grid-cols-2 gap-6"
          >
            <div
              class="rounded-lg border bg-card text-card-foreground shadow-sm"
            >
              <div
                class="flex flex-col space-y-1.5 p-6"
              >
                <div
                  class="flex items-center space-x-2"
                >
                  <svg
                    class="lucide lucide-palette h-5 w-5"
                    fill="none"
                    height="24"
                    stroke="currentColor"
                    stroke-linecap="round"
                    stroke-linejoin="round"
                    stroke-width="2"
                    viewBox="0 0 24 24"
                    width="24"
                    xmlns="http://www.w3.org/2000/svg"
                  >
                    <circle
                      cx="13.5"
                      cy="6.5"
                      fill="currentColor"
                      r=".5"
                    />
                    <circle
                      cx="17.5"
                      cy="10.5"
                      fill="currentColor"
                      r=".5"
                    />
                    <circle
                      cx="8.5"
                      cy="7.5"
                      fill="currentColor"
                      r=".5"
                    />
                    <circle
                      cx="6.5"
                      cy="12.5"
                      fill="currentColor"
                      r=".5"
                    />
                    <path
                      d="M12 2C6.5 2 2 6.5 2 12s4.5 10 10 10c.926 0 1.648-.746 1.648-1.688 0-.437-.18-.835-.437-1.125-.29-.289-.438-.652-.438-1.125a1.64 1.64 0 0 1 1.668-1.668h1.996c3.051 0 5.555-2.503 5.555-5.554C21.965 6.012 17.461 2 12 2z"
                    />
                  </svg>
                  <h3
                    class="text-2xl font-semibold leading-none tracking-tight"
                  >
                    Template Selection
                  </h3>
                </div>
                <p
                  class="text-sm text-muted-foreground"
                >[...
 ❯ Object.getElementError node_modules/@testing-library/dom/dist/config.js:37:19
 ❯ getAllByLabelText node_modules/@testing-library/dom/dist/queries/label-text.js:111:38
 ❯ node_modules/@testing-library/dom/dist/query-helpers.js:52:17
 ❯ node_modules/@testing-library/dom/dist/query-helpers.js:95:19
 ❯ src/components/invoices/PdfCustomizationModal.test.tsx:77:19
     75|     render(<PdfCustomizationModal {...mockProps} />);
     76| 
     77|     expect(screen.getByLabelText('Modern')).toBeInTheDocument();
       |                   ^
     78|     expect(screen.getByLabelText('Classic')).toBeInTheDocument();
     79|     expect(screen.getByLabelText('Minimal')).toBeInTheDocument();

⎯⎯⎯⎯⎯⎯⎯⎯⎯⎯⎯⎯⎯⎯⎯⎯⎯⎯⎯⎯[130/218]⎯

 FAIL  src/components/invoices/PdfCustomizationModal.test.tsx > PdfCustomizationModal > should allow template selection
TestingLibraryElementError: Unable to find a label with the text of: Modern

Ignored nodes: comments, script, style
<body>
  <div>
    <div
      class="fixed inset-0 bg-black/50 flex items-center justify-center z-50"
    >
      <div
        class="bg-white rounded-lg shadow-xl w-full max-w-6xl max-h-[90vh] overflow-hidden"
      >
        <div
          class="flex items-center justify-between p-6 border-b"
        >
          <div
            class="flex items-center space-x-3"
          >
            <svg
              class="lucide lucide-file-text h-6 w-6 text-blue-600"
              fill="none"
              height="24"
              stroke="currentColor"
              stroke-linecap="round"
              stroke-linejoin="round"
              stroke-width="2"
              viewBox="0 0 24 24"
              width="24"
              xmlns="http://www.w3.org/2000/svg"
            >
              <path
                d="M15 2H6a2 2 0 0 0-2 2v16a2 2 0 0 0 2 2h12a2 2 0 0 0 2-2V7Z"
              />
              <path
                d="M14 2v4a2 2 0 0 0 2 2h4"
              />
              <path
                d="M10 9H8"
              />
              <path
                d="M16 13H8"
              />
              <path
                d="M16 17H8"
              />
            </svg>
            <div>
              <h2
                class="text-2xl font-bold"
              >
                Customize PDF Export
              </h2>
              <p
                class="text-gray-600"
              >
                Invoice #
                INV-2024-001
                 - 
                Acme Corp
              </p>
            </div>
          </div>
          <button
            class="inline-flex items-center justify-center gap-2 whitespace-nowrap rounded-md text-sm font-medium ring-offset-background transition-colors focus-visible:outline-none focus-visible:ring-2 focus-visible:ring-ring focus-visible:ring-offset-2 disabled:pointer-events-none disabled:opacity-50 [&_svg]:pointer-events-none [&_svg]:size-4 [&_svg]:shrink-0 hover:bg-accent hover:text-accent-foreground h-10 px-4 py-2"
          >
            <svg
              class="lucide lucide-x h-4 w-4"
              fill="none"
              height="24"
              stroke="currentColor"
              stroke-linecap="round"
              stroke-linejoin="round"
              stroke-width="2"
              viewBox="0 0 24 24"
              width="24"
              xmlns="http://www.w3.org/2000/svg"
            >
              <path
                d="M18 6 6 18"
              />
              <path
                d="m6 6 12 12"
              />
            </svg>
          </button>
        </div>
        <div
          class="p-6 overflow-y-auto max-h-[calc(90vh-140px)]"
        >
          <div
            class="grid grid-cols-1 lg:grid-cols-2 gap-6"
          >
            <div
              class="rounded-lg border bg-card text-card-foreground shadow-sm"
            >
              <div
                class="flex flex-col space-y-1.5 p-6"
              >
                <div
                  class="flex items-center space-x-2"
                >
                  <svg
                    class="lucide lucide-palette h-5 w-5"
                    fill="none"
                    height="24"
                    stroke="currentColor"
                    stroke-linecap="round"
                    stroke-linejoin="round"
                    stroke-width="2"
                    viewBox="0 0 24 24"
                    width="24"
                    xmlns="http://www.w3.org/2000/svg"
                  >
                    <circle
                      cx="13.5"
                      cy="6.5"
                      fill="currentColor"
                      r=".5"
                    />
                    <circle
                      cx="17.5"
                      cy="10.5"
                      fill="currentColor"
                      r=".5"
                    />
                    <circle
                      cx="8.5"
                      cy="7.5"
                      fill="currentColor"
                      r=".5"
                    />
                    <circle
                      cx="6.5"
                      cy="12.5"
                      fill="currentColor"
                      r=".5"
                    />
                    <path
                      d="M12 2C6.5 2 2 6.5 2 12s4.5 10 10 10c.926 0 1.648-.746 1.648-1.688 0-.437-.18-.835-.437-1.125-.29-.289-.438-.652-.438-1.125a1.64 1.64 0 0 1 1.668-1.668h1.996c3.051 0 5.555-2.503 5.555-5.554C21.965 6.012 17.461 2 12 2z"
                    />
                  </svg>
                  <h3
                    class="text-2xl font-semibold leading-none tracking-tight"
                  >
                    Template Selection
                  </h3>
                </div>
                <p
                  class="text-sm text-muted-foreground"
                >[...
 ❯ Object.getElementError node_modules/@testing-library/dom/dist/config.js:37:19
 ❯ getAllByLabelText node_modules/@testing-library/dom/dist/queries/label-text.js:111:38
 ❯ node_modules/@testing-library/dom/dist/query-helpers.js:52:17
 ❯ node_modules/@testing-library/dom/dist/query-helpers.js:95:19
 ❯ src/components/invoices/PdfCustomizationModal.test.tsx:86:35
     84|     render(<PdfCustomizationModal {...mockProps} />);
     85| 
     86|     const modernTemplate = screen.getByLabelText('Modern');
       |                                   ^
     87|     const classicTemplate = screen.getByLabelText('Classic');
     88| 

⎯⎯⎯⎯⎯⎯⎯⎯⎯⎯⎯⎯⎯⎯⎯⎯⎯⎯⎯⎯[131/218]⎯

 FAIL  src/components/invoices/PdfCustomizationModal.test.tsx > PdfCustomizationModal > should display color scheme options
TestingLibraryElementError: Unable to find a label with the text of: Blue

Ignored nodes: comments, script, style
<body>
  <div>
    <div
      class="fixed inset-0 bg-black/50 flex items-center justify-center z-50"
    >
      <div
        class="bg-white rounded-lg shadow-xl w-full max-w-6xl max-h-[90vh] overflow-hidden"
      >
        <div
          class="flex items-center justify-between p-6 border-b"
        >
          <div
            class="flex items-center space-x-3"
          >
            <svg
              class="lucide lucide-file-text h-6 w-6 text-blue-600"
              fill="none"
              height="24"
              stroke="currentColor"
              stroke-linecap="round"
              stroke-linejoin="round"
              stroke-width="2"
              viewBox="0 0 24 24"
              width="24"
              xmlns="http://www.w3.org/2000/svg"
            >
              <path
                d="M15 2H6a2 2 0 0 0-2 2v16a2 2 0 0 0 2 2h12a2 2 0 0 0 2-2V7Z"
              />
              <path
                d="M14 2v4a2 2 0 0 0 2 2h4"
              />
              <path
                d="M10 9H8"
              />
              <path
                d="M16 13H8"
              />
              <path
                d="M16 17H8"
              />
            </svg>
            <div>
              <h2
                class="text-2xl font-bold"
              >
                Customize PDF Export
              </h2>
              <p
                class="text-gray-600"
              >
                Invoice #
                INV-2024-001
                 - 
                Acme Corp
              </p>
            </div>
          </div>
          <button
            class="inline-flex items-center justify-center gap-2 whitespace-nowrap rounded-md text-sm font-medium ring-offset-background transition-colors focus-visible:outline-none focus-visible:ring-2 focus-visible:ring-ring focus-visible:ring-offset-2 disabled:pointer-events-none disabled:opacity-50 [&_svg]:pointer-events-none [&_svg]:size-4 [&_svg]:shrink-0 hover:bg-accent hover:text-accent-foreground h-10 px-4 py-2"
          >
            <svg
              class="lucide lucide-x h-4 w-4"
              fill="none"
              height="24"
              stroke="currentColor"
              stroke-linecap="round"
              stroke-linejoin="round"
              stroke-width="2"
              viewBox="0 0 24 24"
              width="24"
              xmlns="http://www.w3.org/2000/svg"
            >
              <path
                d="M18 6 6 18"
              />
              <path
                d="m6 6 12 12"
              />
            </svg>
          </button>
        </div>
        <div
          class="p-6 overflow-y-auto max-h-[calc(90vh-140px)]"
        >
          <div
            class="grid grid-cols-1 lg:grid-cols-2 gap-6"
          >
            <div
              class="rounded-lg border bg-card text-card-foreground shadow-sm"
            >
              <div
                class="flex flex-col space-y-1.5 p-6"
              >
                <div
                  class="flex items-center space-x-2"
                >
                  <svg
                    class="lucide lucide-palette h-5 w-5"
                    fill="none"
                    height="24"
                    stroke="currentColor"
                    stroke-linecap="round"
                    stroke-linejoin="round"
                    stroke-width="2"
                    viewBox="0 0 24 24"
                    width="24"
                    xmlns="http://www.w3.org/2000/svg"
                  >
                    <circle
                      cx="13.5"
                      cy="6.5"
                      fill="currentColor"
                      r=".5"
                    />
                    <circle
                      cx="17.5"
                      cy="10.5"
                      fill="currentColor"
                      r=".5"
                    />
                    <circle
                      cx="8.5"
                      cy="7.5"
                      fill="currentColor"
                      r=".5"
                    />
                    <circle
                      cx="6.5"
                      cy="12.5"
                      fill="currentColor"
                      r=".5"
                    />
                    <path
                      d="M12 2C6.5 2 2 6.5 2 12s4.5 10 10 10c.926 0 1.648-.746 1.648-1.688 0-.437-.18-.835-.437-1.125-.29-.289-.438-.652-.438-1.125a1.64 1.64 0 0 1 1.668-1.668h1.996c3.051 0 5.555-2.503 5.555-5.554C21.965 6.012 17.461 2 12 2z"
                    />
                  </svg>
                  <h3
                    class="text-2xl font-semibold leading-none tracking-tight"
                  >
                    Template Selection
                  </h3>
                </div>
                <p
                  class="text-sm text-muted-foreground"
                >[...
 ❯ Object.getElementError node_modules/@testing-library/dom/dist/config.js:37:19
 ❯ getAllByLabelText node_modules/@testing-library/dom/dist/queries/label-text.js:111:38
 ❯ node_modules/@testing-library/dom/dist/query-helpers.js:52:17
 ❯ node_modules/@testing-library/dom/dist/query-helpers.js:95:19
 ❯ src/components/invoices/PdfCustomizationModal.test.tsx:103:19
    101| 
    102|     expect(screen.getByText('Color Scheme:')).toBeInTheDocument();
    103|     expect(screen.getByLabelText('Blue')).toBeInTheDocument();
       |                   ^
    104|     expect(screen.getByLabelText('Green')).toBeInTheDocument();
    105|     expect(screen.getByLabelText('Red')).toBeInTheDocument();

⎯⎯⎯⎯⎯⎯⎯⎯⎯⎯⎯⎯⎯⎯⎯⎯⎯⎯⎯⎯[132/218]⎯

 FAIL  src/components/invoices/PdfCustomizationModal.test.tsx > PdfCustomizationModal > should allow color scheme selection
TestingLibraryElementError: Unable to find a label with the text of: Blue

Ignored nodes: comments, script, style
<body>
  <div>
    <div
      class="fixed inset-0 bg-black/50 flex items-center justify-center z-50"
    >
      <div
        class="bg-white rounded-lg shadow-xl w-full max-w-6xl max-h-[90vh] overflow-hidden"
      >
        <div
          class="flex items-center justify-between p-6 border-b"
        >
          <div
            class="flex items-center space-x-3"
          >
            <svg
              class="lucide lucide-file-text h-6 w-6 text-blue-600"
              fill="none"
              height="24"
              stroke="currentColor"
              stroke-linecap="round"
              stroke-linejoin="round"
              stroke-width="2"
              viewBox="0 0 24 24"
              width="24"
              xmlns="http://www.w3.org/2000/svg"
            >
              <path
                d="M15 2H6a2 2 0 0 0-2 2v16a2 2 0 0 0 2 2h12a2 2 0 0 0 2-2V7Z"
              />
              <path
                d="M14 2v4a2 2 0 0 0 2 2h4"
              />
              <path
                d="M10 9H8"
              />
              <path
                d="M16 13H8"
              />
              <path
                d="M16 17H8"
              />
            </svg>
            <div>
              <h2
                class="text-2xl font-bold"
              >
                Customize PDF Export
              </h2>
              <p
                class="text-gray-600"
              >
                Invoice #
                INV-2024-001
                 - 
                Acme Corp
              </p>
            </div>
          </div>
          <button
            class="inline-flex items-center justify-center gap-2 whitespace-nowrap rounded-md text-sm font-medium ring-offset-background transition-colors focus-visible:outline-none focus-visible:ring-2 focus-visible:ring-ring focus-visible:ring-offset-2 disabled:pointer-events-none disabled:opacity-50 [&_svg]:pointer-events-none [&_svg]:size-4 [&_svg]:shrink-0 hover:bg-accent hover:text-accent-foreground h-10 px-4 py-2"
          >
            <svg
              class="lucide lucide-x h-4 w-4"
              fill="none"
              height="24"
              stroke="currentColor"
              stroke-linecap="round"
              stroke-linejoin="round"
              stroke-width="2"
              viewBox="0 0 24 24"
              width="24"
              xmlns="http://www.w3.org/2000/svg"
            >
              <path
                d="M18 6 6 18"
              />
              <path
                d="m6 6 12 12"
              />
            </svg>
          </button>
        </div>
        <div
          class="p-6 overflow-y-auto max-h-[calc(90vh-140px)]"
        >
          <div
            class="grid grid-cols-1 lg:grid-cols-2 gap-6"
          >
            <div
              class="rounded-lg border bg-card text-card-foreground shadow-sm"
            >
              <div
                class="flex flex-col space-y-1.5 p-6"
              >
                <div
                  class="flex items-center space-x-2"
                >
                  <svg
                    class="lucide lucide-palette h-5 w-5"
                    fill="none"
                    height="24"
                    stroke="currentColor"
                    stroke-linecap="round"
                    stroke-linejoin="round"
                    stroke-width="2"
                    viewBox="0 0 24 24"
                    width="24"
                    xmlns="http://www.w3.org/2000/svg"
                  >
                    <circle
                      cx="13.5"
                      cy="6.5"
                      fill="currentColor"
                      r=".5"
                    />
                    <circle
                      cx="17.5"
                      cy="10.5"
                      fill="currentColor"
                      r=".5"
                    />
                    <circle
                      cx="8.5"
                      cy="7.5"
                      fill="currentColor"
                      r=".5"
                    />
                    <circle
                      cx="6.5"
                      cy="12.5"
                      fill="currentColor"
                      r=".5"
                    />
                    <path
                      d="M12 2C6.5 2 2 6.5 2 12s4.5 10 10 10c.926 0 1.648-.746 1.648-1.688 0-.437-.18-.835-.437-1.125-.29-.289-.438-.652-.438-1.125a1.64 1.64 0 0 1 1.668-1.668h1.996c3.051 0 5.555-2.503 5.555-5.554C21.965 6.012 17.461 2 12 2z"
                    />
                  </svg>
                  <h3
                    class="text-2xl font-semibold leading-none tracking-tight"
                  >
                    Template Selection
                  </h3>
                </div>
                <p
                  class="text-sm text-muted-foreground"
                >[...
 ❯ Object.getElementError node_modules/@testing-library/dom/dist/config.js:37:19
 ❯ getAllByLabelText node_modules/@testing-library/dom/dist/queries/label-text.js:111:38
 ❯ node_modules/@testing-library/dom/dist/query-helpers.js:52:17
 ❯ node_modules/@testing-library/dom/dist/query-helpers.js:95:19
 ❯ src/components/invoices/PdfCustomizationModal.test.tsx:113:30
    111|     render(<PdfCustomizationModal {...mockProps} />);
    112| 
    113|     const blueColor = screen.getByLabelText('Blue');
       |                              ^
    114|     const greenColor = screen.getByLabelText('Green');
    115| 

⎯⎯⎯⎯⎯⎯⎯⎯⎯⎯⎯⎯⎯⎯⎯⎯⎯⎯⎯⎯[133/218]⎯

 FAIL  src/components/invoices/PdfCustomizationModal.test.tsx > PdfCustomizationModal > should handle logo upload
TestingLibraryElementError: Unable to find a label with the text of: Upload Logo

Ignored nodes: comments, script, style
<body>
  <div>
    <div
      class="fixed inset-0 bg-black/50 flex items-center justify-center z-50"
    >
      <div
        class="bg-white rounded-lg shadow-xl w-full max-w-6xl max-h-[90vh] overflow-hidden"
      >
        <div
          class="flex items-center justify-between p-6 border-b"
        >
          <div
            class="flex items-center space-x-3"
          >
            <svg
              class="lucide lucide-file-text h-6 w-6 text-blue-600"
              fill="none"
              height="24"
              stroke="currentColor"
              stroke-linecap="round"
              stroke-linejoin="round"
              stroke-width="2"
              viewBox="0 0 24 24"
              width="24"
              xmlns="http://www.w3.org/2000/svg"
            >
              <path
                d="M15 2H6a2 2 0 0 0-2 2v16a2 2 0 0 0 2 2h12a2 2 0 0 0 2-2V7Z"
              />
              <path
                d="M14 2v4a2 2 0 0 0 2 2h4"
              />
              <path
                d="M10 9H8"
              />
              <path
                d="M16 13H8"
              />
              <path
                d="M16 17H8"
              />
            </svg>
            <div>
              <h2
                class="text-2xl font-bold"
              >
                Customize PDF Export
              </h2>
              <p
                class="text-gray-600"
              >
                Invoice #
                INV-2024-001
                 - 
                Acme Corp
              </p>
            </div>
          </div>
          <button
            class="inline-flex items-center justify-center gap-2 whitespace-nowrap rounded-md text-sm font-medium ring-offset-background transition-colors focus-visible:outline-none focus-visible:ring-2 focus-visible:ring-ring focus-visible:ring-offset-2 disabled:pointer-events-none disabled:opacity-50 [&_svg]:pointer-events-none [&_svg]:size-4 [&_svg]:shrink-0 hover:bg-accent hover:text-accent-foreground h-10 px-4 py-2"
          >
            <svg
              class="lucide lucide-x h-4 w-4"
              fill="none"
              height="24"
              stroke="currentColor"
              stroke-linecap="round"
              stroke-linejoin="round"
              stroke-width="2"
              viewBox="0 0 24 24"
              width="24"
              xmlns="http://www.w3.org/2000/svg"
            >
              <path
                d="M18 6 6 18"
              />
              <path
                d="m6 6 12 12"
              />
            </svg>
          </button>
        </div>
        <div
          class="p-6 overflow-y-auto max-h-[calc(90vh-140px)]"
        >
          <div
            class="grid grid-cols-1 lg:grid-cols-2 gap-6"
          >
            <div
              class="rounded-lg border bg-card text-card-foreground shadow-sm"
            >
              <div
                class="flex flex-col space-y-1.5 p-6"
              >
                <div
                  class="flex items-center space-x-2"
                >
                  <svg
                    class="lucide lucide-palette h-5 w-5"
                    fill="none"
                    height="24"
                    stroke="currentColor"
                    stroke-linecap="round"
                    stroke-linejoin="round"
                    stroke-width="2"
                    viewBox="0 0 24 24"
                    width="24"
                    xmlns="http://www.w3.org/2000/svg"
                  >
                    <circle
                      cx="13.5"
                      cy="6.5"
                      fill="currentColor"
                      r=".5"
                    />
                    <circle
                      cx="17.5"
                      cy="10.5"
                      fill="currentColor"
                      r=".5"
                    />
                    <circle
                      cx="8.5"
                      cy="7.5"
                      fill="currentColor"
                      r=".5"
                    />
                    <circle
                      cx="6.5"
                      cy="12.5"
                      fill="currentColor"
                      r=".5"
                    />
                    <path
                      d="M12 2C6.5 2 2 6.5 2 12s4.5 10 10 10c.926 0 1.648-.746 1.648-1.688 0-.437-.18-.835-.437-1.125-.29-.289-.438-.652-.438-1.125a1.64 1.64 0 0 1 1.668-1.668h1.996c3.051 0 5.555-2.503 5.555-5.554C21.965 6.012 17.461 2 12 2z"
                    />
                  </svg>
                  <h3
                    class="text-2xl font-semibold leading-none tracking-tight"
                  >
                    Template Selection
                  </h3>
                </div>
                <p
                  class="text-sm text-muted-foreground"
                >[...
 ❯ Object.getElementError node_modules/@testing-library/dom/dist/config.js:37:19
 ❯ getAllByLabelText node_modules/@testing-library/dom/dist/queries/label-text.js:111:38
 ❯ node_modules/@testing-library/dom/dist/query-helpers.js:52:17
 ❯ node_modules/@testing-library/dom/dist/query-helpers.js:95:19
 ❯ src/components/invoices/PdfCustomizationModal.test.tsx:138:30
    136|     render(<PdfCustomizationModal {...mockProps} />);
    137| 
    138|     const fileInput = screen.getByLabelText('Upload Logo');
       |                              ^
    139|     const file = new File(['logo content'], 'logo.png', { type: 'image…
    140| 

⎯⎯⎯⎯⎯⎯⎯⎯⎯⎯⎯⎯⎯⎯⎯⎯⎯⎯⎯⎯[134/218]⎯

 FAIL  src/components/invoices/PdfCustomizationModal.test.tsx > PdfCustomizationModal > should display watermark options
TestingLibraryElementError: Unable to find an element with the text: Watermark:. This could be because the text is broken up by multiple elements. In this case, you can provide a function for your text matcher to make your matcher more flexible.

Ignored nodes: comments, script, style
<body>
  <div>
    <div
      class="fixed inset-0 bg-black/50 flex items-center justify-center z-50"
    >
      <div
        class="bg-white rounded-lg shadow-xl w-full max-w-6xl max-h-[90vh] overflow-hidden"
      >
        <div
          class="flex items-center justify-between p-6 border-b"
        >
          <div
            class="flex items-center space-x-3"
          >
            <svg
              class="lucide lucide-file-text h-6 w-6 text-blue-600"
              fill="none"
              height="24"
              stroke="currentColor"
              stroke-linecap="round"
              stroke-linejoin="round"
              stroke-width="2"
              viewBox="0 0 24 24"
              width="24"
              xmlns="http://www.w3.org/2000/svg"
            >
              <path
                d="M15 2H6a2 2 0 0 0-2 2v16a2 2 0 0 0 2 2h12a2 2 0 0 0 2-2V7Z"
              />
              <path
                d="M14 2v4a2 2 0 0 0 2 2h4"
              />
              <path
                d="M10 9H8"
              />
              <path
                d="M16 13H8"
              />
              <path
                d="M16 17H8"
              />
            </svg>
            <div>
              <h2
                class="text-2xl font-bold"
              >
                Customize PDF Export
              </h2>
              <p
                class="text-gray-600"
              >
                Invoice #
                INV-2024-001
                 - 
                Acme Corp
              </p>
            </div>
          </div>
          <button
            class="inline-flex items-center justify-center gap-2 whitespace-nowrap rounded-md text-sm font-medium ring-offset-background transition-colors focus-visible:outline-none focus-visible:ring-2 focus-visible:ring-ring focus-visible:ring-offset-2 disabled:pointer-events-none disabled:opacity-50 [&_svg]:pointer-events-none [&_svg]:size-4 [&_svg]:shrink-0 hover:bg-accent hover:text-accent-foreground h-10 px-4 py-2"
          >
            <svg
              class="lucide lucide-x h-4 w-4"
              fill="none"
              height="24"
              stroke="currentColor"
              stroke-linecap="round"
              stroke-linejoin="round"
              stroke-width="2"
              viewBox="0 0 24 24"
              width="24"
              xmlns="http://www.w3.org/2000/svg"
            >
              <path
                d="M18 6 6 18"
              />
              <path
                d="m6 6 12 12"
              />
            </svg>
          </button>
        </div>
        <div
          class="p-6 overflow-y-auto max-h-[calc(90vh-140px)]"
        >
          <div
            class="grid grid-cols-1 lg:grid-cols-2 gap-6"
          >
            <div
              class="rounded-lg border bg-card text-card-foreground shadow-sm"
            >
              <div
                class="flex flex-col space-y-1.5 p-6"
              >
                <div
                  class="flex items-center space-x-2"
                >
                  <svg
                    class="lucide lucide-palette h-5 w-5"
                    fill="none"
                    height="24"
                    stroke="currentColor"
                    stroke-linecap="round"
                    stroke-linejoin="round"
                    stroke-width="2"
                    viewBox="0 0 24 24"
                    width="24"
                    xmlns="http://www.w3.org/2000/svg"
                  >
                    <circle
                      cx="13.5"
                      cy="6.5"
                      fill="currentColor"
                      r=".5"
                    />
                    <circle
                      cx="17.5"
                      cy="10.5"
                      fill="currentColor"
                      r=".5"
                    />
                    <circle
                      cx="8.5"
                      cy="7.5"
                      fill="currentColor"
                      r=".5"
                    />
                    <circle
                      cx="6.5"
                      cy="12.5"
                      fill="currentColor"
                      r=".5"
                    />
                    <path
                      d="M12 2C6.5 2 2 6.5 2 12s4.5 10 10 10c.926 0 1.648-.746 1.648-1.688 0-.437-.18-.835-.437-1.125-.29-.289-.438-.652-.438-1.125a1.64 1.64 0 0 1 1.668-1.668h1.996c3.051 0 5.555-2.503 5.555-5.554C21.965 6.012 17.461 2 12 2z"
                    />
                  </svg>
                  <h3
                    class="text-2xl font-semibold leading-none tracking-tight"
                  >
                    Template Selection
                  </h3>
                </div>
                <p
                  class="text-sm text-muted-foreground"
                >[...
 ❯ Object.getElementError node_modules/@testing-library/dom/dist/config.js:37:19
 ❯ node_modules/@testing-library/dom/dist/query-helpers.js:76:38
 ❯ node_modules/@testing-library/dom/dist/query-helpers.js:52:17
 ❯ node_modules/@testing-library/dom/dist/query-helpers.js:95:19
 ❯ src/components/invoices/PdfCustomizationModal.test.tsx:271:19
    269|     render(<PdfCustomizationModal {...mockProps} />);
    270| 
    271|     expect(screen.getByText('Watermark:')).toBeInTheDocument();
       |                   ^
    272|     expect(screen.getByLabelText('Enable Watermark')).toBeInTheDocumen…
    273|     expect(screen.getByLabelText('Watermark Text:')).toBeInTheDocument…

⎯⎯⎯⎯⎯⎯⎯⎯⎯⎯⎯⎯⎯⎯⎯⎯⎯⎯⎯⎯[135/218]⎯

 FAIL  src/components/invoices/PdfCustomizationModal.test.tsx > PdfCustomizationModal > should handle watermark toggle and text input
TestingLibraryElementError: Unable to find a label with the text of: Watermark Text:

Ignored nodes: comments, script, style
<body>
  <div>
    <div
      class="fixed inset-0 bg-black/50 flex items-center justify-center z-50"
    >
      <div
        class="bg-white rounded-lg shadow-xl w-full max-w-6xl max-h-[90vh] overflow-hidden"
      >
        <div
          class="flex items-center justify-between p-6 border-b"
        >
          <div
            class="flex items-center space-x-3"
          >
            <svg
              class="lucide lucide-file-text h-6 w-6 text-blue-600"
              fill="none"
              height="24"
              stroke="currentColor"
              stroke-linecap="round"
              stroke-linejoin="round"
              stroke-width="2"
              viewBox="0 0 24 24"
              width="24"
              xmlns="http://www.w3.org/2000/svg"
            >
              <path
                d="M15 2H6a2 2 0 0 0-2 2v16a2 2 0 0 0 2 2h12a2 2 0 0 0 2-2V7Z"
              />
              <path
                d="M14 2v4a2 2 0 0 0 2 2h4"
              />
              <path
                d="M10 9H8"
              />
              <path
                d="M16 13H8"
              />
              <path
                d="M16 17H8"
              />
            </svg>
            <div>
              <h2
                class="text-2xl font-bold"
              >
                Customize PDF Export
              </h2>
              <p
                class="text-gray-600"
              >
                Invoice #
                INV-2024-001
                 - 
                Acme Corp
              </p>
            </div>
          </div>
          <button
            class="inline-flex items-center justify-center gap-2 whitespace-nowrap rounded-md text-sm font-medium ring-offset-background transition-colors focus-visible:outline-none focus-visible:ring-2 focus-visible:ring-ring focus-visible:ring-offset-2 disabled:pointer-events-none disabled:opacity-50 [&_svg]:pointer-events-none [&_svg]:size-4 [&_svg]:shrink-0 hover:bg-accent hover:text-accent-foreground h-10 px-4 py-2"
          >
            <svg
              class="lucide lucide-x h-4 w-4"
              fill="none"
              height="24"
              stroke="currentColor"
              stroke-linecap="round"
              stroke-linejoin="round"
              stroke-width="2"
              viewBox="0 0 24 24"
              width="24"
              xmlns="http://www.w3.org/2000/svg"
            >
              <path
                d="M18 6 6 18"
              />
              <path
                d="m6 6 12 12"
              />
            </svg>
          </button>
        </div>
        <div
          class="p-6 overflow-y-auto max-h-[calc(90vh-140px)]"
        >
          <div
            class="grid grid-cols-1 lg:grid-cols-2 gap-6"
          >
            <div
              class="rounded-lg border bg-card text-card-foreground shadow-sm"
            >
              <div
                class="flex flex-col space-y-1.5 p-6"
              >
                <div
                  class="flex items-center space-x-2"
                >
                  <svg
                    class="lucide lucide-palette h-5 w-5"
                    fill="none"
                    height="24"
                    stroke="currentColor"
                    stroke-linecap="round"
                    stroke-linejoin="round"
                    stroke-width="2"
                    viewBox="0 0 24 24"
                    width="24"
                    xmlns="http://www.w3.org/2000/svg"
                  >
                    <circle
                      cx="13.5"
                      cy="6.5"
                      fill="currentColor"
                      r=".5"
                    />
                    <circle
                      cx="17.5"
                      cy="10.5"
                      fill="currentColor"
                      r=".5"
                    />
                    <circle
                      cx="8.5"
                      cy="7.5"
                      fill="currentColor"
                      r=".5"
                    />
                    <circle
                      cx="6.5"
                      cy="12.5"
                      fill="currentColor"
                      r=".5"
                    />
                    <path
                      d="M12 2C6.5 2 2 6.5 2 12s4.5 10 10 10c.926 0 1.648-.746 1.648-1.688 0-.437-.18-.835-.437-1.125-.29-.289-.438-.652-.438-1.125a1.64 1.64 0 0 1 1.668-1.668h1.996c3.051 0 5.555-2.503 5.555-5.554C21.965 6.012 17.461 2 12 2z"
                    />
                  </svg>
                  <h3
                    class="text-2xl font-semibold leading-none tracking-tight"
                  >
                    Template Selection
                  </h3>
                </div>
                <p
                  class="text-sm text-muted-foreground"
                >[...
 ❯ Object.getElementError node_modules/@testing-library/dom/dist/config.js:37:19
 ❯ getAllByLabelText node_modules/@testing-library/dom/dist/queries/label-text.js:111:38
 ❯ node_modules/@testing-library/dom/dist/query-helpers.js:52:17
 ❯ node_modules/@testing-library/dom/dist/query-helpers.js:95:19
 ❯ src/components/invoices/PdfCustomizationModal.test.tsx:281:34
    279| 
    280|     const watermarkToggle = screen.getByLabelText('Enable Watermark');
    281|     const watermarkText = screen.getByLabelText('Watermark Text:');
       |                                  ^
    282| 
    283|     // Initially watermark should be disabled

⎯⎯⎯⎯⎯⎯⎯⎯⎯⎯⎯⎯⎯⎯⎯⎯⎯⎯⎯⎯[136/218]⎯

 FAIL  src/components/invoices/PdfCustomizationModal.test.tsx > PdfCustomizationModal > should handle download with custom settings
TestingLibraryElementError: Unable to find a label with the text of: Classic

Ignored nodes: comments, script, style
<body>
  <div>
    <div
      class="fixed inset-0 bg-black/50 flex items-center justify-center z-50"
    >
      <div
        class="bg-white rounded-lg shadow-xl w-full max-w-6xl max-h-[90vh] overflow-hidden"
      >
        <div
          class="flex items-center justify-between p-6 border-b"
        >
          <div
            class="flex items-center space-x-3"
          >
            <svg
              class="lucide lucide-file-text h-6 w-6 text-blue-600"
              fill="none"
              height="24"
              stroke="currentColor"
              stroke-linecap="round"
              stroke-linejoin="round"
              stroke-width="2"
              viewBox="0 0 24 24"
              width="24"
              xmlns="http://www.w3.org/2000/svg"
            >
              <path
                d="M15 2H6a2 2 0 0 0-2 2v16a2 2 0 0 0 2 2h12a2 2 0 0 0 2-2V7Z"
              />
              <path
                d="M14 2v4a2 2 0 0 0 2 2h4"
              />
              <path
                d="M10 9H8"
              />
              <path
                d="M16 13H8"
              />
              <path
                d="M16 17H8"
              />
            </svg>
            <div>
              <h2
                class="text-2xl font-bold"
              >
                Customize PDF Export
              </h2>
              <p
                class="text-gray-600"
              >
                Invoice #
                INV-2024-001
                 - 
                Acme Corp
              </p>
            </div>
          </div>
          <button
            class="inline-flex items-center justify-center gap-2 whitespace-nowrap rounded-md text-sm font-medium ring-offset-background transition-colors focus-visible:outline-none focus-visible:ring-2 focus-visible:ring-ring focus-visible:ring-offset-2 disabled:pointer-events-none disabled:opacity-50 [&_svg]:pointer-events-none [&_svg]:size-4 [&_svg]:shrink-0 hover:bg-accent hover:text-accent-foreground h-10 px-4 py-2"
          >
            <svg
              class="lucide lucide-x h-4 w-4"
              fill="none"
              height="24"
              stroke="currentColor"
              stroke-linecap="round"
              stroke-linejoin="round"
              stroke-width="2"
              viewBox="0 0 24 24"
              width="24"
              xmlns="http://www.w3.org/2000/svg"
            >
              <path
                d="M18 6 6 18"
              />
              <path
                d="m6 6 12 12"
              />
            </svg>
          </button>
        </div>
        <div
          class="p-6 overflow-y-auto max-h-[calc(90vh-140px)]"
        >
          <div
            class="grid grid-cols-1 lg:grid-cols-2 gap-6"
          >
            <div
              class="rounded-lg border bg-card text-card-foreground shadow-sm"
            >
              <div
                class="flex flex-col space-y-1.5 p-6"
              >
                <div
                  class="flex items-center space-x-2"
                >
                  <svg
                    class="lucide lucide-palette h-5 w-5"
                    fill="none"
                    height="24"
                    stroke="currentColor"
                    stroke-linecap="round"
                    stroke-linejoin="round"
                    stroke-width="2"
                    viewBox="0 0 24 24"
                    width="24"
                    xmlns="http://www.w3.org/2000/svg"
                  >
                    <circle
                      cx="13.5"
                      cy="6.5"
                      fill="currentColor"
                      r=".5"
                    />
                    <circle
                      cx="17.5"
                      cy="10.5"
                      fill="currentColor"
                      r=".5"
                    />
                    <circle
                      cx="8.5"
                      cy="7.5"
                      fill="currentColor"
                      r=".5"
                    />
                    <circle
                      cx="6.5"
                      cy="12.5"
                      fill="currentColor"
                      r=".5"
                    />
                    <path
                      d="M12 2C6.5 2 2 6.5 2 12s4.5 10 10 10c.926 0 1.648-.746 1.648-1.688 0-.437-.18-.835-.437-1.125-.29-.289-.438-.652-.438-1.125a1.64 1.64 0 0 1 1.668-1.668h1.996c3.051 0 5.555-2.503 5.555-5.554C21.965 6.012 17.461 2 12 2z"
                    />
                  </svg>
                  <h3
                    class="text-2xl font-semibold leading-none tracking-tight"
                  >
                    Template Selection
                  </h3>
                </div>
                <p
                  class="text-sm text-muted-foreground"
                >[...
 ❯ Object.getElementError node_modules/@testing-library/dom/dist/config.js:37:19
 ❯ getAllByLabelText node_modules/@testing-library/dom/dist/queries/label-text.js:111:38
 ❯ node_modules/@testing-library/dom/dist/query-helpers.js:52:17
 ❯ node_modules/@testing-library/dom/dist/query-helpers.js:95:19
 ❯ src/components/invoices/PdfCustomizationModal.test.tsx:311:36
    309| 
    310|     // Change some settings
    311|     const classicTemplate = screen.getByLabelText('Classic');
       |                                    ^
    312|     const greenColor = screen.getByLabelText('Green');
    313|     const letterSize = screen.getByLabelText('Letter');

⎯⎯⎯⎯⎯⎯⎯⎯⎯⎯⎯⎯⎯⎯⎯⎯⎯⎯⎯⎯[137/218]⎯

 FAIL  src/components/invoices/PdfCustomizationModal.test.tsx > PdfCustomizationModal > should validate required fields before download
TestingLibraryElementError: Unable to find an element with the text: Watermark text is required when watermark is enabled. This could be because the text is broken up by multiple elements. In this case, you can provide a function for your text matcher to make your matcher more flexible.

Ignored nodes: comments, script, style
<body>
  <div>
    <div
      class="fixed inset-0 bg-black/50 flex items-center justify-center z-50"
    >
      <div
        class="bg-white rounded-lg shadow-xl w-full max-w-6xl max-h-[90vh] overflow-hidden"
      >
        <div
          class="flex items-center justify-between p-6 border-b"
        >
          <div
            class="flex items-center space-x-3"
          >
            <svg
              class="lucide lucide-file-text h-6 w-6 text-blue-600"
              fill="none"
              height="24"
              stroke="currentColor"
              stroke-linecap="round"
              stroke-linejoin="round"
              stroke-width="2"
              viewBox="0 0 24 24"
              width="24"
              xmlns="http://www.w3.org/2000/svg"
            >
              <path
                d="M15 2H6a2 2 0 0 0-2 2v16a2 2 0 0 0 2 2h12a2 2 0 0 0 2-2V7Z"
              />
              <path
                d="M14 2v4a2 2 0 0 0 2 2h4"
              />
              <path
                d="M10 9H8"
              />
              <path
                d="M16 13H8"
              />
              <path
                d="M16 17H8"
              />
            </svg>
            <div>
              <h2
                class="text-2xl font-bold"
              >
                Customize PDF Export
              </h2>
              <p
                class="text-gray-600"
              >
                Invoice #
                INV-2024-001
                 - 
                Acme Corp
              </p>
            </div>
          </div>
          <button
            class="inline-flex items-center justify-center gap-2 whitespace-nowrap rounded-md text-sm font-medium ring-offset-background transition-colors focus-visible:outline-none focus-visible:ring-2 focus-visible:ring-ring focus-visible:ring-offset-2 disabled:pointer-events-none disabled:opacity-50 [&_svg]:pointer-events-none [&_svg]:size-4 [&_svg]:shrink-0 hover:bg-accent hover:text-accent-foreground h-10 px-4 py-2"
          >
            <svg
              class="lucide lucide-x h-4 w-4"
              fill="none"
              height="24"
              stroke="currentColor"
              stroke-linecap="round"
              stroke-linejoin="round"
              stroke-width="2"
              viewBox="0 0 24 24"
              width="24"
              xmlns="http://www.w3.org/2000/svg"
            >
              <path
                d="M18 6 6 18"
              />
              <path
                d="m6 6 12 12"
              />
            </svg>
          </button>
        </div>
        <div
          class="p-6 overflow-y-auto max-h-[calc(90vh-140px)]"
        >
          <div
            class="grid grid-cols-1 lg:grid-cols-2 gap-6"
          >
            <div
              class="rounded-lg border bg-card text-card-foreground shadow-sm"
            >
              <div
                class="flex flex-col space-y-1.5 p-6"
              >
                <div
                  class="flex items-center space-x-2"
                >
                  <svg
                    class="lucide lucide-palette h-5 w-5"
                    fill="none"
                    height="24"
                    stroke="currentColor"
                    stroke-linecap="round"
                    stroke-linejoin="round"
                    stroke-width="2"
                    viewBox="0 0 24 24"
                    width="24"
                    xmlns="http://www.w3.org/2000/svg"
                  >
                    <circle
                      cx="13.5"
                      cy="6.5"
                      fill="currentColor"
                      r=".5"
                    />
                    <circle
                      cx="17.5"
                      cy="10.5"
                      fill="currentColor"
                      r=".5"
                    />
                    <circle
                      cx="8.5"
                      cy="7.5"
                      fill="currentColor"
                      r=".5"
                    />
                    <circle
                      cx="6.5"
                      cy="12.5"
                      fill="currentColor"
                      r=".5"
                    />
                    <path
                      d="M12 2C6.5 2 2 6.5 2 12s4.5 10 10 10c.926 0 1.648-.746 1.648-1.688 0-.437-.18-.835-.437-1.125-.29-.289-.438-.652-.438-1.125a1.64 1.64 0 0 1 1.668-1.668h1.996c3.051 0 5.555-2.503 5.555-5.554C21.965 6.012 17.461 2 12 2z"
                    />
                  </svg>
                  <h3
                    class="text-2xl font-semibold leading-none tracking-tight"
                  >
                    Template Selection
                  </h3>
                </div>
                <p
                  class="text-sm text-muted-foreground"
                >[...
 ❯ Object.getElementError node_modules/@testing-library/dom/dist/config.js:37:19
 ❯ node_modules/@testing-library/dom/dist/query-helpers.js:76:38
 ❯ node_modules/@testing-library/dom/dist/query-helpers.js:52:17
 ❯ node_modules/@testing-library/dom/dist/query-helpers.js:95:19
 ❯ src/components/invoices/PdfCustomizationModal.test.tsx:348:19
    346| 
    347|     // Should show validation error
    348|     expect(screen.getByText('Watermark text is required when watermark…
       |                   ^
    349|     expect(mockProps.onDownload).not.toHaveBeenCalled();
    350|   });

⎯⎯⎯⎯⎯⎯⎯⎯⎯⎯⎯⎯⎯⎯⎯⎯⎯⎯⎯⎯[138/218]⎯

 FAIL  src/components/invoices/PdfCustomizationModal.test.tsx > PdfCustomizationModal > should reset form when modal is reopened
TestingLibraryElementError: Unable to find a label with the text of: Classic

Ignored nodes: comments, script, style
<body>
  <div>
    <div
      class="fixed inset-0 bg-black/50 flex items-center justify-center z-50"
    >
      <div
        class="bg-white rounded-lg shadow-xl w-full max-w-6xl max-h-[90vh] overflow-hidden"
      >
        <div
          class="flex items-center justify-between p-6 border-b"
        >
          <div
            class="flex items-center space-x-3"
          >
            <svg
              class="lucide lucide-file-text h-6 w-6 text-blue-600"
              fill="none"
              height="24"
              stroke="currentColor"
              stroke-linecap="round"
              stroke-linejoin="round"
              stroke-width="2"
              viewBox="0 0 24 24"
              width="24"
              xmlns="http://www.w3.org/2000/svg"
            >
              <path
                d="M15 2H6a2 2 0 0 0-2 2v16a2 2 0 0 0 2 2h12a2 2 0 0 0 2-2V7Z"
              />
              <path
                d="M14 2v4a2 2 0 0 0 2 2h4"
              />
              <path
                d="M10 9H8"
              />
              <path
                d="M16 13H8"
              />
              <path
                d="M16 17H8"
              />
            </svg>
            <div>
              <h2
                class="text-2xl font-bold"
              >
                Customize PDF Export
              </h2>
              <p
                class="text-gray-600"
              >
                Invoice #
                INV-2024-001
                 - 
                Acme Corp
              </p>
            </div>
          </div>
          <button
            class="inline-flex items-center justify-center gap-2 whitespace-nowrap rounded-md text-sm font-medium ring-offset-background transition-colors focus-visible:outline-none focus-visible:ring-2 focus-visible:ring-ring focus-visible:ring-offset-2 disabled:pointer-events-none disabled:opacity-50 [&_svg]:pointer-events-none [&_svg]:size-4 [&_svg]:shrink-0 hover:bg-accent hover:text-accent-foreground h-10 px-4 py-2"
          >
            <svg
              class="lucide lucide-x h-4 w-4"
              fill="none"
              height="24"
              stroke="currentColor"
              stroke-linecap="round"
              stroke-linejoin="round"
              stroke-width="2"
              viewBox="0 0 24 24"
              width="24"
              xmlns="http://www.w3.org/2000/svg"
            >
              <path
                d="M18 6 6 18"
              />
              <path
                d="m6 6 12 12"
              />
            </svg>
          </button>
        </div>
        <div
          class="p-6 overflow-y-auto max-h-[calc(90vh-140px)]"
        >
          <div
            class="grid grid-cols-1 lg:grid-cols-2 gap-6"
          >
            <div
              class="rounded-lg border bg-card text-card-foreground shadow-sm"
            >
              <div
                class="flex flex-col space-y-1.5 p-6"
              >
                <div
                  class="flex items-center space-x-2"
                >
                  <svg
                    class="lucide lucide-palette h-5 w-5"
                    fill="none"
                    height="24"
                    stroke="currentColor"
                    stroke-linecap="round"
                    stroke-linejoin="round"
                    stroke-width="2"
                    viewBox="0 0 24 24"
                    width="24"
                    xmlns="http://www.w3.org/2000/svg"
                  >
                    <circle
                      cx="13.5"
                      cy="6.5"
                      fill="currentColor"
                      r=".5"
                    />
                    <circle
                      cx="17.5"
                      cy="10.5"
                      fill="currentColor"
                      r=".5"
                    />
                    <circle
                      cx="8.5"
                      cy="7.5"
                      fill="currentColor"
                      r=".5"
                    />
                    <circle
                      cx="6.5"
                      cy="12.5"
                      fill="currentColor"
                      r=".5"
                    />
                    <path
                      d="M12 2C6.5 2 2 6.5 2 12s4.5 10 10 10c.926 0 1.648-.746 1.648-1.688 0-.437-.18-.835-.437-1.125-.29-.289-.438-.652-.438-1.125a1.64 1.64 0 0 1 1.668-1.668h1.996c3.051 0 5.555-2.503 5.555-5.554C21.965 6.012 17.461 2 12 2z"
                    />
                  </svg>
                  <h3
                    class="text-2xl font-semibold leading-none tracking-tight"
                  >
                    Template Selection
                  </h3>
                </div>
                <p
                  class="text-sm text-muted-foreground"
                >[...
 ❯ Object.getElementError node_modules/@testing-library/dom/dist/config.js:37:19
 ❯ getAllByLabelText node_modules/@testing-library/dom/dist/queries/label-text.js:111:38
 ❯ node_modules/@testing-library/dom/dist/query-helpers.js:52:17
 ❯ node_modules/@testing-library/dom/dist/query-helpers.js:95:19
 ❯ src/components/invoices/PdfCustomizationModal.test.tsx:373:36
    371|     rerender(<PdfCustomizationModal {...mockProps} isOpen={true} />);
    372|     
    373|     const classicTemplate = screen.getByLabelText('Classic');
       |                                    ^
    374|     fireEvent.click(classicTemplate);
    375|     expect(classicTemplate).toBeChecked();

⎯⎯⎯⎯⎯⎯⎯⎯⎯⎯⎯⎯⎯⎯⎯⎯⎯⎯⎯⎯[139/218]⎯

 FAIL  src/test/e2e/auth-flow.test.tsx > Authentication Flow E2E Tests > Login Flow > should render login form correctly
TestingLibraryElementError: Unable to find an element with the text: Welcome to Nawras CRM. This could be because the text is broken up by multiple elements. In this case, you can provide a function for your text matcher to make your matcher more flexible.

Ignored nodes: comments, script, style
<body>
  <div />
</body>
 ❯ Object.getElementError node_modules/@testing-library/dom/dist/config.js:37:19
 ❯ node_modules/@testing-library/dom/dist/query-helpers.js:76:38
 ❯ node_modules/@testing-library/dom/dist/query-helpers.js:52:17
 ❯ node_modules/@testing-library/dom/dist/query-helpers.js:95:19
 ❯ src/test/e2e/auth-flow.test.tsx:83:21
     81|       render(<Login />)
     82| 
     83|       expect(screen.getByText('Welcome to Nawras CRM')).toBeInTheDocum…
       |                     ^
     84|       expect(screen.getByLabelText(/email/i)).toBeInTheDocument()
     85|       expect(screen.getByLabelText(/password/i)).toBeInTheDocument()

⎯⎯⎯⎯⎯⎯⎯⎯⎯⎯⎯⎯⎯⎯⎯⎯⎯⎯⎯⎯[140/218]⎯

 FAIL  src/test/e2e/auth-flow.test.tsx > Authentication Flow E2E Tests > Login Flow > should handle successful login
TestingLibraryElementError: Unable to find a label with the text of: /email/i

Ignored nodes: comments, script, style
<body>
  <div />
</body>
 ❯ Object.getElementError node_modules/@testing-library/dom/dist/config.js:37:19
 ❯ getAllByLabelText node_modules/@testing-library/dom/dist/queries/label-text.js:111:38
 ❯ node_modules/@testing-library/dom/dist/query-helpers.js:52:17
 ❯ node_modules/@testing-library/dom/dist/query-helpers.js:95:19
 ❯ src/test/e2e/auth-flow.test.tsx:92:33
     90|       render(<Login />)
     91| 
     92|       const emailInput = screen.getByLabelText(/email/i)
       |                                 ^
     93|       const passwordInput = screen.getByLabelText(/password/i)
     94|       const signInButton = screen.getByRole('button', { name: /sign in…

⎯⎯⎯⎯⎯⎯⎯⎯⎯⎯⎯⎯⎯⎯⎯⎯⎯⎯⎯⎯[141/218]⎯

 FAIL  src/test/e2e/auth-flow.test.tsx > Authentication Flow E2E Tests > Login Flow > should handle login errors
TestingLibraryElementError: Unable to find a label with the text of: /email/i

Ignored nodes: comments, script, style
<body>
  <div />
</body>
 ❯ Object.getElementError node_modules/@testing-library/dom/dist/config.js:37:19
 ❯ getAllByLabelText node_modules/@testing-library/dom/dist/queries/label-text.js:111:38
 ❯ node_modules/@testing-library/dom/dist/query-helpers.js:52:17
 ❯ node_modules/@testing-library/dom/dist/query-helpers.js:95:19
 ❯ src/test/e2e/auth-flow.test.tsx:108:33
    106|       render(<Login />)
    107| 
    108|       const emailInput = screen.getByLabelText(/email/i)
       |                                 ^
    109|       const passwordInput = screen.getByLabelText(/password/i)
    110|       const signInButton = screen.getByRole('button', { name: /sign in…

⎯⎯⎯⎯⎯⎯⎯⎯⎯⎯⎯⎯⎯⎯⎯⎯⎯⎯⎯⎯[142/218]⎯

 FAIL  src/test/e2e/auth-flow.test.tsx > Authentication Flow E2E Tests > Login Flow > should show loading state during authentication
ReferenceError: mockUseAuth is not defined
 ❯ src/test/e2e/auth-flow.test.tsx:122:7
    120| 
    121|     it('should show loading state during authentication', () => {
    122|       mockUseAuth.mockReturnValue({
       |       ^
    123|         user: null,
    124|         loading: true,

⎯⎯⎯⎯⎯⎯⎯⎯⎯⎯⎯⎯⎯⎯⎯⎯⎯⎯⎯⎯[143/218]⎯

 FAIL  src/test/e2e/auth-flow.test.tsx > Authentication Flow E2E Tests > Sign Up Flow > should switch to sign up mode
ReferenceError: mockUseAuth is not defined
 ❯ src/test/e2e/auth-flow.test.tsx:139:7
    137|   describe('Sign Up Flow', () => {
    138|     it('should switch to sign up mode', () => {
    139|       mockUseAuth.mockReturnValue({
       |       ^
    140|         user: null,
    141|         loading: false,

⎯⎯⎯⎯⎯⎯⎯⎯⎯⎯⎯⎯⎯⎯⎯⎯⎯⎯⎯⎯[144/218]⎯

 FAIL  src/test/e2e/auth-flow.test.tsx > Authentication Flow E2E Tests > Sign Up Flow > should handle successful sign up
ReferenceError: mockUseAuth is not defined
 ❯ src/test/e2e/auth-flow.test.tsx:160:7
    158|       const mockSignUp = vi.fn().mockResolvedValue({ error: null })
    159|       
    160|       mockUseAuth.mockReturnValue({
       |       ^
    161|         user: null,
    162|         loading: false,

⎯⎯⎯⎯⎯⎯⎯⎯⎯⎯⎯⎯⎯⎯⎯⎯⎯⎯⎯⎯[145/218]⎯

 FAIL  src/test/e2e/auth-flow.test.tsx > Authentication Flow E2E Tests > Dashboard Access > should render dashboard when user is authenticated
TestingLibraryElementError: Unable to find an element with the text: Dashboard. This could be because the text is broken up by multiple elements. In this case, you can provide a function for your text matcher to make your matcher more flexible.

Ignored nodes: comments, script, style
<body>
  <div>
    <div
      class="fixed inset-0 z-50 flex items-center justify-center bg-background/80 backdrop-blur-sm"
    >
      <div
        class="flex flex-col items-center space-y-4"
      >
        <div
          class="animate-spin rounded-full border-2 border-gray-300 border-t-blue-600 h-8 w-8"
        />
        <p
          class="text-sm text-muted-foreground"
        >
          Loading dashboard data...
        </p>
      </div>
    </div>
  </div>
</body>
 ❯ Object.getElementError node_modules/@testing-library/dom/dist/config.js:37:19
 ❯ node_modules/@testing-library/dom/dist/query-helpers.js:76:38
 ❯ node_modules/@testing-library/dom/dist/query-helpers.js:52:17
 ❯ node_modules/@testing-library/dom/dist/query-helpers.js:95:19
 ❯ src/test/e2e/auth-flow.test.tsx:199:21
    197|       render(<Dashboard />)
    198| 
    199|       expect(screen.getByText('Dashboard')).toBeInTheDocument()
       |                     ^
    200|       expect(screen.getByText('Welcome back, Test User!')).toBeInTheDo…
    201|     })

⎯⎯⎯⎯⎯⎯⎯⎯⎯⎯⎯⎯⎯⎯⎯⎯⎯⎯⎯⎯[146/218]⎯

 FAIL  src/test/e2e/auth-flow.test.tsx > Authentication Flow E2E Tests > Dashboard Access > should handle sign out from dashboard
ReferenceError: mockUseAuth is not defined
 ❯ src/test/e2e/auth-flow.test.tsx:211:7
    209|       }
    210| 
    211|       mockUseAuth.mockReturnValue({
       |       ^
    212|         user: mockUser,
    213|         loading: false,

⎯⎯⎯⎯⎯⎯⎯⎯⎯⎯⎯⎯⎯⎯⎯⎯⎯⎯⎯⎯[147/218]⎯

 FAIL  src/test/e2e/auth-flow.test.tsx > Authentication Flow E2E Tests > Form Validation > should validate email format
ReferenceError: mockUseAuth is not defined
 ❯ src/test/e2e/auth-flow.test.tsx:233:7
    231|   describe('Form Validation', () => {
    232|     it('should validate email format', async () => {
    233|       mockUseAuth.mockReturnValue({
       |       ^
    234|         user: null,
    235|         loading: false,

⎯⎯⎯⎯⎯⎯⎯⎯⎯⎯⎯⎯⎯⎯⎯⎯⎯⎯⎯⎯[148/218]⎯

 FAIL  src/test/e2e/auth-flow.test.tsx > Authentication Flow E2E Tests > Form Validation > should validate required fields
ReferenceError: mockUseAuth is not defined
 ❯ src/test/e2e/auth-flow.test.tsx:258:7
    256| 
    257|     it('should validate required fields', async () => {
    258|       mockUseAuth.mockReturnValue({
       |       ^
    259|         user: null,
    260|         loading: false,

⎯⎯⎯⎯⎯⎯⎯⎯⎯⎯⎯⎯⎯⎯⎯⎯⎯⎯⎯⎯[149/218]⎯

 FAIL  src/test/e2e/auth-flow.test.tsx > Authentication Flow E2E Tests > Form Validation > should validate password strength for sign up
ReferenceError: mockUseAuth is not defined
 ❯ src/test/e2e/auth-flow.test.tsx:279:7
    277| 
    278|     it('should validate password strength for sign up', async () => {
    279|       mockUseAuth.mockReturnValue({
       |       ^
    280|         user: null,
    281|         loading: false,

⎯⎯⎯⎯⎯⎯⎯⎯⎯⎯⎯⎯⎯⎯⎯⎯⎯⎯⎯⎯[150/218]⎯

 FAIL  src/test/integration/customers.integration.test.ts > Customer CRUD Integration Tests > Customer Search and Filtering > should paginate customers
TypeError: supabase.from(...).select(...).order(...).range is not a function
 ❯ src/test/integration/customers.integration.test.ts:405:10
    403|         .select('*')
    404|         .order('created_at', { ascending: false })
    405|         .range(10, 12) // Get items 11-13 (0-indexed)
       |          ^
    406| 
    407|       expect(error).toBeNull()

⎯⎯⎯⎯⎯⎯⎯⎯⎯⎯⎯⎯⎯⎯⎯⎯⎯⎯⎯⎯[151/218]⎯

 FAIL  src/test/unit/Customer.test.tsx > Customers Component > Loading State > should show loading spinner while fetching customer data
TestingLibraryElementError: Unable to find an element with the text: Loading.... This could be because the text is broken up by multiple elements. In this case, you can provide a function for your text matcher to make your matcher more flexible.

Ignored nodes: comments, script, style
<body>
  <div>
    <div
      class="p-6"
    >
      <div
        class="flex justify-between items-center mb-6"
      >
        <div
          class="flex items-center space-x-3"
        >
          <svg
            class="lucide lucide-users h-8 w-8 text-blue-600"
            fill="none"
            height="24"
            stroke="currentColor"
            stroke-linecap="round"
            stroke-linejoin="round"
            stroke-width="2"
            viewBox="0 0 24 24"
            width="24"
            xmlns="http://www.w3.org/2000/svg"
          >
            <path
              d="M16 21v-2a4 4 0 0 0-4-4H6a4 4 0 0 0-4 4v2"
            />
            <circle
              cx="9"
              cy="7"
              r="4"
            />
            <path
              d="M22 21v-2a4 4 0 0 0-3-3.87"
            />
            <path
              d="M16 3.13a4 4 0 0 1 0 7.75"
            />
          </svg>
          <div>
            <h1
              class="text-2xl font-bold text-gray-900"
              data-testid="page-title"
            >
              Customers
            </h1>
            <p
              class="text-gray-600"
            >
              Manage your customer relationships
            </p>
          </div>
        </div>
        <div
          class="flex gap-2"
        >
          <button
            class="justify-center gap-2 whitespace-nowrap rounded-md text-sm font-medium ring-offset-background transition-colors focus-visible:outline-none focus-visible:ring-2 focus-visible:ring-ring focus-visible:ring-offset-2 disabled:pointer-events-none disabled:opacity-50 [&_svg]:pointer-events-none [&_svg]:size-4 [&_svg]:shrink-0 border border-input bg-background hover:bg-accent hover:text-accent-foreground h-10 px-4 py-2 flex items-center space-x-2"
          >
            <svg
              class="lucide lucide-test-tube h-4 w-4"
              fill="none"
              height="24"
              stroke="currentColor"
              stroke-linecap="round"
              stroke-linejoin="round"
              stroke-width="2"
              viewBox="0 0 24 24"
              width="24"
              xmlns="http://www.w3.org/2000/svg"
            >
              <path
                d="M14.5 2v17.5c0 1.4-1.1 2.5-2.5 2.5c-1.4 0-2.5-1.1-2.5-2.5V2"
              />
              <path
                d="M8.5 2h7"
              />
              <path
                d="M14.5 16h-5"
              />
            </svg>
            <span>
              Run All Tests
            </span>
          </button>
          <button
            class="justify-center gap-2 whitespace-nowrap rounded-md text-sm font-medium ring-offset-background transition-colors focus-visible:outline-none focus-visible:ring-2 focus-visible:ring-ring focus-visible:ring-offset-2 disabled:pointer-events-none disabled:opacity-50 [&_svg]:pointer-events-none [&_svg]:size-4 [&_svg]:shrink-0 border border-input bg-background hover:bg-accent hover:text-accent-foreground h-10 px-4 py-2 flex items-center space-x-2"
          >
            <svg
              class="lucide lucide-plus h-4 w-4"
              fill="none"
              height="24"
              stroke="currentColor"
              stroke-linecap="round"
              stroke-linejoin="round"
              stroke-width="2"
              viewBox="0 0 24 24"
              width="24"
              xmlns="http://www.w3.org/2000/svg"
            >
              <path
                d="M5 12h14"
              />
              <path
                d="M12 5v14"
              />
            </svg>
            <span>
              Add Demo Data
            </span>
          </button>
          <button
            class="justify-center gap-2 whitespace-nowrap rounded-md text-sm font-medium ring-offset-background transition-colors focus-visible:outline-none focus-visible:ring-2 focus-visible:ring-ring focus-visible:ring-offset-2 disabled:pointer-events-none disabled:opacity-50 [&_svg]:pointer-events-none [&_svg]:size-4 [&_svg]:shrink-0 border border-input bg-background hover:bg-accent hover:text-accent-foreground h-10 px-4 py-2 flex items-center space-x-2"
          >
            <svg
              class="lucide lucide-trash2 h-4 w-4"
              fill="none"
              height="24"
              stroke="currentColor"
              stroke-linecap="round"
              stroke-linejoin="round"
              stroke-width="2"
              viewBox="0 0 24 24"
              width="24"
              xmlns="http://www.w3.org/2000/svg"
            >
              <path
                d="M3 6h18"
              />
              <path
                d="M19 6v14c0 1-1 2-2 2H7c-1 0-2-1-2-2V6"
              />
              <path
                d="M8 6V4c0-1 1-2 2-2h4c1 0 2 1 2 2v2"
              />
              <line
                x1="10"
                x2="10"
                y1="11"
                y2="17"
              />
              <line
                x1="14"
                x2="14"
                y1="11"
                y2="17"
              />
            </svg>
            <span>
              Clear Demo Data
            </span>
          </button>
          <button
            class="justify-center gap-2 whitespace-nowrap rounded-md text-sm font-medium ring-offset-background transition-colors focus-visible:outline-none focus-visible:ring-2 focus-visible:ring-ring focus-visible:ring-offset-2 disabled:pointer-events-none disabled:opacity-50 [&_svg]:pointer-events-none [&_svg]:size-4 [&_svg]:shrink-0 bg-primary text-primary-foreground hover:bg-primary/90 h-10 px-4 py-2 flex items-center space-x-2"
            data-testid="add-customer-button"
          >
            <svg
              class="lucide lucide-plus h-4 w-4"
              fill="none"
              height="24"
              stroke="currentColor"
              stroke-linecap="round"
              stroke-linejoin="round"
              stroke-width="2"
              viewBox="0 0 24 24"
              width="24"
              xmlns="http://www.w3.org/2000/svg"
            >
              <path
                d="M5 12h14"
              />
              <path
                d="M12 5v14"
              />
            </svg>
            <span>
              Add Customer
            </span>
          </button>
        </div>
      </div>
      <div
        class="flex flex-col sm:flex-row gap-4 mb-6"
      >
        <div
          class="flex-1 relative"
        >
          <svg
            class="lucide lucide-search absolute left-3 top-1/2 transform -translate-y-1/2 text-gray-400 h-4 w-4"
            fill="none"
            height="24"
            stroke="currentColor"
            stroke-linecap="round"
            stroke-linejoin="round"
            stroke-width="2"
            viewBox="0 0 24 24"
            width="24"
            xmlns="http://www.w3.org/2000/svg"
          >
            <circle
              cx="11"
              cy="11"
              r="8"
            />
            <path
              d="m21 21-4.3-4.3"
            />
          </svg>
          <input
            class="flex h-10 w-full rounded-md border border-input bg-background px-3 py-2 text-sm ring-offset-background file:border-0 file:bg-transparent file:text-sm file:font-medium placeholder:text-muted-foreground focus-visible:outline-none focus-visible:ring-2 focus-visible:ring-ring focus-visible:ring-offset-2 disabled:cursor-not-allowed disabled:opacity-50 pl-10"
            data-testid="customers-search-input"
            placeholder="Search customers..."
            type="text"
            value=""
          />
        </div>
        <select
          class="px-3 py-2 border border-gray-300 rounded-md focus:ring-2 focus:ring-blue-500 focus:border-transparent"
          data-testid="customer-status-filter"
        >
          <option
            value="all"
          >
            All Status
          </option>
          <option
            value="active"
          >
            Active
          </option>
          <option
            value="inactive"
          >
            Inactive
          </option>
          <option
            value="prospect"
          >
            Prospect
          </option>
        </select>
      </div>
      <div
        class="rounded-lg border bg-card text-card-foreground shadow-sm"
      >
        <div
          class="p-6 py-12"
        >
          <div
            class="text-center"
          >
            <div
              class="animate-spin rounded-full h-8 w-8 border-b-2 border-blue-600 mx-auto"
            />
            <p
              class="mt-2 text-gray-600"
            >
              Loading customers...
            </p>
          </div>
        </div>
      </div>
    </div>
  </div>
</body>
 ❯ Object.getElementError node_modules/@testing-library/dom/dist/config.js:37:19
 ❯ node_modules/@testing-library/dom/dist/query-helpers.js:76:38
 ❯ node_modules/@testing-library/dom/dist/query-helpers.js:52:17
 ❯ node_modules/@testing-library/dom/dist/query-helpers.js:95:19
 ❯ src/test/unit/Customer.test.tsx:98:21
     96| 
     97|       render(<Customers />)
     98|       expect(screen.getByText('Loading...')).toBeInTheDocument()
       |                     ^
     99|     })
    100|   })

⎯⎯⎯⎯⎯⎯⎯⎯⎯⎯⎯⎯⎯⎯⎯⎯⎯⎯⎯⎯[152/218]⎯

 FAIL  src/test/unit/Customer.test.tsx > Customers Component > Customer Display > should display customer information correctly
TestingLibraryElementError: Unable to find an element with the text: Test Customer. This could be because the text is broken up by multiple elements. In this case, you can provide a function for your text matcher to make your matcher more flexible.

Ignored nodes: comments, script, style
<body>
  <div>
    <div
      class="p-6"
    >
      <div
        class="flex justify-between items-center mb-6"
      >
        <div
          class="flex items-center space-x-3"
        >
          <svg
            class="lucide lucide-users h-8 w-8 text-blue-600"
            fill="none"
            height="24"
            stroke="currentColor"
            stroke-linecap="round"
            stroke-linejoin="round"
            stroke-width="2"
            viewBox="0 0 24 24"
            width="24"
            xmlns="http://www.w3.org/2000/svg"
          >
            <path
              d="M16 21v-2a4 4 0 0 0-4-4H6a4 4 0 0 0-4 4v2"
            />
            <circle
              cx="9"
              cy="7"
              r="4"
            />
            <path
              d="M22 21v-2a4 4 0 0 0-3-3.87"
            />
            <path
              d="M16 3.13a4 4 0 0 1 0 7.75"
            />
          </svg>
          <div>
            <h1
              class="text-2xl font-bold text-gray-900"
              data-testid="page-title"
            >
              Customers
            </h1>
            <p
              class="text-gray-600"
            >
              Manage your customer relationships
            </p>
          </div>
        </div>
        <div
          class="flex gap-2"
        >
          <button
            class="justify-center gap-2 whitespace-nowrap rounded-md text-sm font-medium ring-offset-background transition-colors focus-visible:outline-none focus-visible:ring-2 focus-visible:ring-ring focus-visible:ring-offset-2 disabled:pointer-events-none disabled:opacity-50 [&_svg]:pointer-events-none [&_svg]:size-4 [&_svg]:shrink-0 border border-input bg-background hover:bg-accent hover:text-accent-foreground h-10 px-4 py-2 flex items-center space-x-2"
          >
            <svg
              class="lucide lucide-test-tube h-4 w-4"
              fill="none"
              height="24"
              stroke="currentColor"
              stroke-linecap="round"
              stroke-linejoin="round"
              stroke-width="2"
              viewBox="0 0 24 24"
              width="24"
              xmlns="http://www.w3.org/2000/svg"
            >
              <path
                d="M14.5 2v17.5c0 1.4-1.1 2.5-2.5 2.5c-1.4 0-2.5-1.1-2.5-2.5V2"
              />
              <path
                d="M8.5 2h7"
              />
              <path
                d="M14.5 16h-5"
              />
            </svg>
            <span>
              Run All Tests
            </span>
          </button>
          <button
            class="justify-center gap-2 whitespace-nowrap rounded-md text-sm font-medium ring-offset-background transition-colors focus-visible:outline-none focus-visible:ring-2 focus-visible:ring-ring focus-visible:ring-offset-2 disabled:pointer-events-none disabled:opacity-50 [&_svg]:pointer-events-none [&_svg]:size-4 [&_svg]:shrink-0 border border-input bg-background hover:bg-accent hover:text-accent-foreground h-10 px-4 py-2 flex items-center space-x-2"
          >
            <svg
              class="lucide lucide-plus h-4 w-4"
              fill="none"
              height="24"
              stroke="currentColor"
              stroke-linecap="round"
              stroke-linejoin="round"
              stroke-width="2"
              viewBox="0 0 24 24"
              width="24"
              xmlns="http://www.w3.org/2000/svg"
            >
              <path
                d="M5 12h14"
              />
              <path
                d="M12 5v14"
              />
            </svg>
            <span>
              Add Demo Data
            </span>
          </button>
          <button
            class="justify-center gap-2 whitespace-nowrap rounded-md text-sm font-medium ring-offset-background transition-colors focus-visible:outline-none focus-visible:ring-2 focus-visible:ring-ring focus-visible:ring-offset-2 disabled:pointer-events-none disabled:opacity-50 [&_svg]:pointer-events-none [&_svg]:size-4 [&_svg]:shrink-0 border border-input bg-background hover:bg-accent hover:text-accent-foreground h-10 px-4 py-2 flex items-center space-x-2"
          >
            <svg
              class="lucide lucide-trash2 h-4 w-4"
              fill="none"
              height="24"
              stroke="currentColor"
              stroke-linecap="round"
              stroke-linejoin="round"
              stroke-width="2"
              viewBox="0 0 24 24"
              width="24"
              xmlns="http://www.w3.org/2000/svg"
            >
              <path
                d="M3 6h18"
              />
              <path
                d="M19 6v14c0 1-1 2-2 2H7c-1 0-2-1-2-2V6"
              />
              <path
                d="M8 6V4c0-1 1-2 2-2h4c1 0 2 1 2 2v2"
              />
              <line
                x1="10"
                x2="10"
                y1="11"
                y2="17"
              />...

Ignored nodes: comments, script, style
<html>
  <head />
  <body>
    <div>
      <div
        class="p-6"
      >
        <div
          class="flex justify-between items-center mb-6"
        >
          <div
            class="flex items-center space-x-3"
          >
            <svg
              class="lucide lucide-users h-8 w-8 text-blue-600"
              fill="none"
              height="24"
              stroke="currentColor"
              stroke-linecap="round"
              stroke-linejoin="round"
              stroke-width="2"
              viewBox="0 0 24 24"
              width="24"
              xmlns="http://www.w3.org/2000/svg"
            >
              <path
                d="M16 21v-2a4 4 0 0 0-4-4H6a4 4 0 0 0-4 4v2"
              />
              <circle
                cx="9"
                cy="7"
                r="4"
              />
              <path
                d="M22 21v-2a4 4 0 0 0-3-3.87"
              />
              <path
                d="M16 3.13a4 4 0 0 1 0 7.75"
              />
            </svg>
            <div>
              <h1
                class="text-2xl font-bold text-gray-900"
                data-testid="page-title"
              >
                Customers
              </h1>
              <p
                class="text-gray-600"
              >
                Manage your customer relationships
              </p>
            </div>
          </div>
          <div
            class="flex gap-2"
          >
            <button
              class="justify-center gap-2 whitespace-nowrap rounded-md text-sm font-medium ring-offset-background transition-colors focus-visible:outline-none focus-visible:ring-2 focus-visible:ring-ring focus-visible:ring-offset-2 disabled:pointer-events-none disabled:opacity-50 [&_svg]:pointer-events-none [&_svg]:size-4 [&_svg]:shrink-0 border border-input bg-background hover:bg-accent hover:text-accent-foreground h-10 px-4 py-2 flex items-center space-x-2"
            >
              <svg
                class="lucide lucide-test-tube h-4 w-4"
                fill="none"
                height="24"
                stroke="currentColor"
                stroke-linecap="round"
                stroke-linejoin="round"
                stroke-width="2"
                viewBox="0 0 24 24"
                width="24"
                xmlns="http://www.w3.org/2000/svg"
              >
                <path
                  d="M14.5 2v17.5c0 1.4-1.1 2.5-2.5 2.5c-1.4 0-2.5-1.1-2.5-2.5V2"
                />
                <path
                  d="M8.5 2h7"
                />
                <path
                  d="M14.5 16h-5"
                />
              </svg>
              <span>
                Run All Tests
              </span>
            </button>
            <button
              class="justify-center gap-2 whitespace-nowrap rounded-md text-sm font-medium ring-offset-background transition-colors focus-visible:outline-none focus-visible:ring-2 focus-visible:ring-ring focus-visible:ring-offset-2 disabled:pointer-events-none disabled:opacity-50 [&_svg]:pointer-events-none [&_svg]:size-4 [&_svg]:shrink-0 border border-input bg-background hover:bg-accent hover:text-accent-foreground h-10 px-4 py-2 flex items-center space-x-2"
            >
              <svg
                class="lucide lucide-plus h-4 w-4"
                fill="none"
                height="24"
                stroke="currentColor"
                stroke-linecap="round"
                stroke-linejoin="round"
                stroke-width="2"
                viewBox="0 0 24 24"
                width="24"
                xmlns="http://www.w3.org/2000/svg"
              >
                <path
                  d="M5 12h14"
                />
                <path
                  d="M12 5v14"
                />
              </svg>
              <span>
                Add Demo Data
              </span>
            </button>
            <button
              class="justify-center gap-2 whitespace-nowrap rounded-md text-sm font-medium ring-offset-background transition-colors focus-visible:outline-none focus-visible:ring-2 focus-visible:ring-ring focus-visible:ring-offset-2 disabled:pointer-events-none disabled:opacity-50 [&_svg]:pointer-events-none [&_svg]:size-4 [&_svg]:shrink-0 border border-input bg-background hover:bg-accent hover:text-accent-foreground h-10 px-4 py-2 flex items-center space-x-2"
            >
              <svg
                class="lucide lucide-trash2 h-4 w-4"
                fill="none"
                height="24"
                stroke="currentColor"
                stroke-linecap="round"
                stroke-linejoin="round"
                stroke-width="2"
                viewBox="0 0 24 24"
                width="24"
                xmlns="http://www.w3.org/2000/svg"
              >
                <path
                  d="M3 6h18"
                />
                <path
                  d="M19 6v14c0 1-1 2-2 2H7c-1 0-2-1-2-2V6"
                />
                <path
                  d[39...
 ❯ Proxy.waitForWrapper node_modules/@testing-library/dom/dist/wait-for.js:163:27
 ❯ src/test/unit/Customer.test.tsx:106:13
    104|       render(<Customers />)
    105| 
    106|       await waitFor(() => {
       |             ^
    107|         expect(screen.getByText('Test Customer')).toBeInTheDocument()
    108|         expect(screen.getByText('test@customer.com')).toBeInTheDocumen…

⎯⎯⎯⎯⎯⎯⎯⎯⎯⎯⎯⎯⎯⎯⎯⎯⎯⎯⎯⎯[153/218]⎯

 FAIL  src/test/unit/Customer.test.tsx > Customers Component > Customer Display > should display customer status badge
Error: expect(element).toHaveClass("bg-green-100")

Expected the element to have class:
  bg-green-100
Received:


Ignored nodes: comments, script, style
<html>
  <head />
  <body>
    <div>
      <div
        class="p-6"
      >
        <div
          class="flex justify-between items-center mb-6"
        >
          <div
            class="flex items-center space-x-3"
          >
            <svg
              class="lucide lucide-users h-8 w-8 text-blue-600"
              fill="none"
              height="24"
              stroke="currentColor"
              stroke-linecap="round"
              stroke-linejoin="round"
              stroke-width="2"
              viewBox="0 0 24 24"
              width="24"
              xmlns="http://www.w3.org/2000/svg"
            >
              <path
                d="M16 21v-2a4 4 0 0 0-4-4H6a4 4 0 0 0-4 4v2"
              />
              <circle
                cx="9"
                cy="7"
                r="4"
              />
              <path
                d="M22 21v-2a4 4 0 0 0-3-3.87"
              />
              <path
                d="M16 3.13a4 4 0 0 1 0 7.75"
              />
            </svg>
            <div>
              <h1
                class="text-2xl font-bold text-gray-900"
                data-testid="page-title"
              >
                Customers
              </h1>
              <p
                class="text-gray-600"
              >
                Manage your customer relationships
              </p>
            </div>
          </div>
          <div
            class="flex gap-2"
          >
            <button
              class="justify-center gap-2 whitespace-nowrap rounded-md text-sm font-medium ring-offset-background transition-colors focus-visible:outline-none focus-visible:ring-2 focus-visible:ring-ring focus-visible:ring-offset-2 disabled:pointer-events-none disabled:opacity-50 [&_svg]:pointer-events-none [&_svg]:size-4 [&_svg]:shrink-0 border border-input bg-background hover:bg-accent hover:text-accent-foreground h-10 px-4 py-2 flex items-center space-x-2"
            >
              <svg
                class="lucide lucide-test-tube h-4 w-4"
                fill="none"
                height="24"
                stroke="currentColor"
                stroke-linecap="round"
                stroke-linejoin="round"
                stroke-width="2"
                viewBox="0 0 24 24"
                width="24"
                xmlns="http://www.w3.org/2000/svg"
              >
                <path
                  d="M14.5 2v17.5c0 1.4-1.1 2.5-2.5 2.5c-1.4 0-2.5-1.1-2.5-2.5V2"
                />
                <path
                  d="M8.5 2h7"
                />
                <path
                  d="M14.5 16h-5"
                />
              </svg>
              <span>
                Run All Tests
              </span>
            </button>
            <button
              class="justify-center gap-2 whitespace-nowrap rounded-md text-sm font-medium ring-offset-background transition-colors focus-visible:outline-none focus-visible:ring-2 focus-visible:ring-ring focus-visible:ring-offset-2 disabled:pointer-events-none disabled:opacity-50 [&_svg]:pointer-events-none [&_svg]:size-4 [&_svg]:shrink-0 border border-input bg-background hover:bg-accent hover:text-accent-foreground h-10 px-4 py-2 flex items-center space-x-2"
            >
              <svg
                class="lucide lucide-plus h-4 w-4"
                fill="none"
                height="24"
                stroke="currentColor"
                stroke-linecap="round"
                stroke-linejoin="round"
                stroke-width="2"
                viewBox="0 0 24 24"
                width="24"
                xmlns="http://www.w3.org/2000/svg"
              >
                <path
                  d="M5 12h14"
                />
                <path
                  d="M12 5v14"
                />
              </svg>
              <span>
                Add Demo Data
              </span>
            </button>
            <button
              class="justify-center gap-2 whitespace-nowrap rounded-md text-sm font-medium ring-offset-background transition-colors focus-visible:outline-none focus-visible:ring-2 focus-visible:ring-ring focus-visible:ring-offset-2 disabled:pointer-events-none disabled:opacity-50 [&_svg]:pointer-events-none [&_svg]:size-4 [&_svg]:shrink-0 border border-input bg-background hover:bg-accent hover:text-accent-foreground h-10 px-4 py-2 flex items-center space-x-2"
            >
              <svg
                class="lucide lucide-trash2 h-4 w-4"
                fill="none"
                height="24"
                stroke="currentColor"
                stroke-linecap="round"
                stroke-linejoin="round"
                stroke-width="2"
                viewBox="0 0 24 24"
                width="24"
                xmlns="http://www.w3.org/2000/svg"
              >
                <path
                  d="M3 6h18"
                />
                <path
                  d="M19 6v14c0 1-1 2-2 2H7c-1 0-2-1-2-2V6"
                />
                <path
                  d[39...
 ❯ src/test/unit/Customer.test.tsx:121:29
    119|         const statusBadge = screen.getByText('Active')
    120|         expect(statusBadge).toBeInTheDocument()
    121|         expect(statusBadge).toHaveClass('bg-green-100')
       |                             ^
    122|       })
    123|     })
 ❯ runWithExpensiveErrorDiagnosticsDisabled node_modules/@testing-library/dom/dist/config.js:47:12
 ❯ checkCallback node_modules/@testing-library/dom/dist/wait-for.js:124:77
 ❯ Timeout.checkRealTimersCallback node_modules/@testing-library/dom/dist/wait-for.js:118:16

⎯⎯⎯⎯⎯⎯⎯⎯⎯⎯⎯⎯⎯⎯⎯⎯⎯⎯⎯⎯[154/218]⎯

 FAIL  src/test/unit/Customer.test.tsx > Customers Component > Edit Mode > should enter edit mode when edit button is clicked
TestingLibraryElementError: Unable to find an element with the text: Test Customer. This could be because the text is broken up by multiple elements. In this case, you can provide a function for your text matcher to make your matcher more flexible.

Ignored nodes: comments, script, style
<body>
  <div>
    <div
      class="p-6"
    >
      <div
        class="flex justify-between items-center mb-6"
      >
        <div
          class="flex items-center space-x-3"
        >
          <svg
            class="lucide lucide-users h-8 w-8 text-blue-600"
            fill="none"
            height="24"
            stroke="currentColor"
            stroke-linecap="round"
            stroke-linejoin="round"
            stroke-width="2"
            viewBox="0 0 24 24"
            width="24"
            xmlns="http://www.w3.org/2000/svg"
          >
            <path
              d="M16 21v-2a4 4 0 0 0-4-4H6a4 4 0 0 0-4 4v2"
            />
            <circle
              cx="9"
              cy="7"
              r="4"
            />
            <path
              d="M22 21v-2a4 4 0 0 0-3-3.87"
            />
            <path
              d="M16 3.13a4 4 0 0 1 0 7.75"
            />
          </svg>
          <div>
            <h1
              class="text-2xl font-bold text-gray-900"
              data-testid="page-title"
            >
              Customers
            </h1>
            <p
              class="text-gray-600"
            >
              Manage your customer relationships
            </p>
          </div>
        </div>
        <div
          class="flex gap-2"
        >
          <button
            class="justify-center gap-2 whitespace-nowrap rounded-md text-sm font-medium ring-offset-background transition-colors focus-visible:outline-none focus-visible:ring-2 focus-visible:ring-ring focus-visible:ring-offset-2 disabled:pointer-events-none disabled:opacity-50 [&_svg]:pointer-events-none [&_svg]:size-4 [&_svg]:shrink-0 border border-input bg-background hover:bg-accent hover:text-accent-foreground h-10 px-4 py-2 flex items-center space-x-2"
          >
            <svg
              class="lucide lucide-test-tube h-4 w-4"
              fill="none"
              height="24"
              stroke="currentColor"
              stroke-linecap="round"
              stroke-linejoin="round"
              stroke-width="2"
              viewBox="0 0 24 24"
              width="24"
              xmlns="http://www.w3.org/2000/svg"
            >
              <path
                d="M14.5 2v17.5c0 1.4-1.1 2.5-2.5 2.5c-1.4 0-2.5-1.1-2.5-2.5V2"
              />
              <path
                d="M8.5 2h7"
              />
              <path
                d="M14.5 16h-5"
              />
            </svg>
            <span>
              Run All Tests
            </span>
          </button>
          <button
            class="justify-center gap-2 whitespace-nowrap rounded-md text-sm font-medium ring-offset-background transition-colors focus-visible:outline-none focus-visible:ring-2 focus-visible:ring-ring focus-visible:ring-offset-2 disabled:pointer-events-none disabled:opacity-50 [&_svg]:pointer-events-none [&_svg]:size-4 [&_svg]:shrink-0 border border-input bg-background hover:bg-accent hover:text-accent-foreground h-10 px-4 py-2 flex items-center space-x-2"
          >
            <svg
              class="lucide lucide-plus h-4 w-4"
              fill="none"
              height="24"
              stroke="currentColor"
              stroke-linecap="round"
              stroke-linejoin="round"
              stroke-width="2"
              viewBox="0 0 24 24"
              width="24"
              xmlns="http://www.w3.org/2000/svg"
            >
              <path
                d="M5 12h14"
              />
              <path
                d="M12 5v14"
              />
            </svg>
            <span>
              Add Demo Data
            </span>
          </button>
          <button
            class="justify-center gap-2 whitespace-nowrap rounded-md text-sm font-medium ring-offset-background transition-colors focus-visible:outline-none focus-visible:ring-2 focus-visible:ring-ring focus-visible:ring-offset-2 disabled:pointer-events-none disabled:opacity-50 [&_svg]:pointer-events-none [&_svg]:size-4 [&_svg]:shrink-0 border border-input bg-background hover:bg-accent hover:text-accent-foreground h-10 px-4 py-2 flex items-center space-x-2"
          >
            <svg
              class="lucide lucide-trash2 h-4 w-4"
              fill="none"
              height="24"
              stroke="currentColor"
              stroke-linecap="round"
              stroke-linejoin="round"
              stroke-width="2"
              viewBox="0 0 24 24"
              width="24"
              xmlns="http://www.w3.org/2000/svg"
            >
              <path
                d="M3 6h18"
              />
              <path
                d="M19 6v14c0 1-1 2-2 2H7c-1 0-2-1-2-2V6"
              />
              <path
                d="M8 6V4c0-1 1-2 2-2h4c1 0 2 1 2 2v2"
              />
              <line
                x1="10"
                x2="10"
                y1="11"
                y2="17"
              />...

Ignored nodes: comments, script, style
<html>
  <head />
  <body>
    <div>
      <div
        class="p-6"
      >
        <div
          class="flex justify-between items-center mb-6"
        >
          <div
            class="flex items-center space-x-3"
          >
            <svg
              class="lucide lucide-users h-8 w-8 text-blue-600"
              fill="none"
              height="24"
              stroke="currentColor"
              stroke-linecap="round"
              stroke-linejoin="round"
              stroke-width="2"
              viewBox="0 0 24 24"
              width="24"
              xmlns="http://www.w3.org/2000/svg"
            >
              <path
                d="M16 21v-2a4 4 0 0 0-4-4H6a4 4 0 0 0-4 4v2"
              />
              <circle
                cx="9"
                cy="7"
                r="4"
              />
              <path
                d="M22 21v-2a4 4 0 0 0-3-3.87"
              />
              <path
                d="M16 3.13a4 4 0 0 1 0 7.75"
              />
            </svg>
            <div>
              <h1
                class="text-2xl font-bold text-gray-900"
                data-testid="page-title"
              >
                Customers
              </h1>
              <p
                class="text-gray-600"
              >
                Manage your customer relationships
              </p>
            </div>
          </div>
          <div
            class="flex gap-2"
          >
            <button
              class="justify-center gap-2 whitespace-nowrap rounded-md text-sm font-medium ring-offset-background transition-colors focus-visible:outline-none focus-visible:ring-2 focus-visible:ring-ring focus-visible:ring-offset-2 disabled:pointer-events-none disabled:opacity-50 [&_svg]:pointer-events-none [&_svg]:size-4 [&_svg]:shrink-0 border border-input bg-background hover:bg-accent hover:text-accent-foreground h-10 px-4 py-2 flex items-center space-x-2"
            >
              <svg
                class="lucide lucide-test-tube h-4 w-4"
                fill="none"
                height="24"
                stroke="currentColor"
                stroke-linecap="round"
                stroke-linejoin="round"
                stroke-width="2"
                viewBox="0 0 24 24"
                width="24"
                xmlns="http://www.w3.org/2000/svg"
              >
                <path
                  d="M14.5 2v17.5c0 1.4-1.1 2.5-2.5 2.5c-1.4 0-2.5-1.1-2.5-2.5V2"
                />
                <path
                  d="M8.5 2h7"
                />
                <path
                  d="M14.5 16h-5"
                />
              </svg>
              <span>
                Run All Tests
              </span>
            </button>
            <button
              class="justify-center gap-2 whitespace-nowrap rounded-md text-sm font-medium ring-offset-background transition-colors focus-visible:outline-none focus-visible:ring-2 focus-visible:ring-ring focus-visible:ring-offset-2 disabled:pointer-events-none disabled:opacity-50 [&_svg]:pointer-events-none [&_svg]:size-4 [&_svg]:shrink-0 border border-input bg-background hover:bg-accent hover:text-accent-foreground h-10 px-4 py-2 flex items-center space-x-2"
            >
              <svg
                class="lucide lucide-plus h-4 w-4"
                fill="none"
                height="24"
                stroke="currentColor"
                stroke-linecap="round"
                stroke-linejoin="round"
                stroke-width="2"
                viewBox="0 0 24 24"
                width="24"
                xmlns="http://www.w3.org/2000/svg"
              >
                <path
                  d="M5 12h14"
                />
                <path
                  d="M12 5v14"
                />
              </svg>
              <span>
                Add Demo Data
              </span>
            </button>
            <button
              class="justify-center gap-2 whitespace-nowrap rounded-md text-sm font-medium ring-offset-background transition-colors focus-visible:outline-none focus-visible:ring-2 focus-visible:ring-ring focus-visible:ring-offset-2 disabled:pointer-events-none disabled:opacity-50 [&_svg]:pointer-events-none [&_svg]:size-4 [&_svg]:shrink-0 border border-input bg-background hover:bg-accent hover:text-accent-foreground h-10 px-4 py-2 flex items-center space-x-2"
            >
              <svg
                class="lucide lucide-trash2 h-4 w-4"
                fill="none"
                height="24"
                stroke="currentColor"
                stroke-linecap="round"
                stroke-linejoin="round"
                stroke-width="2"
                viewBox="0 0 24 24"
                width="24"
                xmlns="http://www.w3.org/2000/svg"
              >
                <path
                  d="M3 6h18"
                />
                <path
                  d="M19 6v14c0 1-1 2-2 2H7c-1 0-2-1-2-2V6"
                />
                <path
                  d[39...
 ❯ Proxy.waitForWrapper node_modules/@testing-library/dom/dist/wait-for.js:163:27
 ❯ src/test/unit/Customer.test.tsx:131:13
    129|       render(<Customers />)
    130| 
    131|       await waitFor(() => {
       |             ^
    132|         expect(screen.getByText('Test Customer')).toBeInTheDocument()
    133|       })

⎯⎯⎯⎯⎯⎯⎯⎯⎯⎯⎯⎯⎯⎯⎯⎯⎯⎯⎯⎯[155/218]⎯

 FAIL  src/test/unit/Customer.test.tsx > Customers Component > Edit Mode > should cancel edit mode when cancel button is clicked
TestingLibraryElementError: Unable to find an element with the text: Test Customer. This could be because the text is broken up by multiple elements. In this case, you can provide a function for your text matcher to make your matcher more flexible.

Ignored nodes: comments, script, style
<body>
  <div>
    <div
      class="p-6"
    >
      <div
        class="flex justify-between items-center mb-6"
      >
        <div
          class="flex items-center space-x-3"
        >
          <svg
            class="lucide lucide-users h-8 w-8 text-blue-600"
            fill="none"
            height="24"
            stroke="currentColor"
            stroke-linecap="round"
            stroke-linejoin="round"
            stroke-width="2"
            viewBox="0 0 24 24"
            width="24"
            xmlns="http://www.w3.org/2000/svg"
          >
            <path
              d="M16 21v-2a4 4 0 0 0-4-4H6a4 4 0 0 0-4 4v2"
            />
            <circle
              cx="9"
              cy="7"
              r="4"
            />
            <path
              d="M22 21v-2a4 4 0 0 0-3-3.87"
            />
            <path
              d="M16 3.13a4 4 0 0 1 0 7.75"
            />
          </svg>
          <div>
            <h1
              class="text-2xl font-bold text-gray-900"
              data-testid="page-title"
            >
              Customers
            </h1>
            <p
              class="text-gray-600"
            >
              Manage your customer relationships
            </p>
          </div>
        </div>
        <div
          class="flex gap-2"
        >
          <button
            class="justify-center gap-2 whitespace-nowrap rounded-md text-sm font-medium ring-offset-background transition-colors focus-visible:outline-none focus-visible:ring-2 focus-visible:ring-ring focus-visible:ring-offset-2 disabled:pointer-events-none disabled:opacity-50 [&_svg]:pointer-events-none [&_svg]:size-4 [&_svg]:shrink-0 border border-input bg-background hover:bg-accent hover:text-accent-foreground h-10 px-4 py-2 flex items-center space-x-2"
          >
            <svg
              class="lucide lucide-test-tube h-4 w-4"
              fill="none"
              height="24"
              stroke="currentColor"
              stroke-linecap="round"
              stroke-linejoin="round"
              stroke-width="2"
              viewBox="0 0 24 24"
              width="24"
              xmlns="http://www.w3.org/2000/svg"
            >
              <path
                d="M14.5 2v17.5c0 1.4-1.1 2.5-2.5 2.5c-1.4 0-2.5-1.1-2.5-2.5V2"
              />
              <path
                d="M8.5 2h7"
              />
              <path
                d="M14.5 16h-5"
              />
            </svg>
            <span>
              Run All Tests
            </span>
          </button>
          <button
            class="justify-center gap-2 whitespace-nowrap rounded-md text-sm font-medium ring-offset-background transition-colors focus-visible:outline-none focus-visible:ring-2 focus-visible:ring-ring focus-visible:ring-offset-2 disabled:pointer-events-none disabled:opacity-50 [&_svg]:pointer-events-none [&_svg]:size-4 [&_svg]:shrink-0 border border-input bg-background hover:bg-accent hover:text-accent-foreground h-10 px-4 py-2 flex items-center space-x-2"
          >
            <svg
              class="lucide lucide-plus h-4 w-4"
              fill="none"
              height="24"
              stroke="currentColor"
              stroke-linecap="round"
              stroke-linejoin="round"
              stroke-width="2"
              viewBox="0 0 24 24"
              width="24"
              xmlns="http://www.w3.org/2000/svg"
            >
              <path
                d="M5 12h14"
              />
              <path
                d="M12 5v14"
              />
            </svg>
            <span>
              Add Demo Data
            </span>
          </button>
          <button
            class="justify-center gap-2 whitespace-nowrap rounded-md text-sm font-medium ring-offset-background transition-colors focus-visible:outline-none focus-visible:ring-2 focus-visible:ring-ring focus-visible:ring-offset-2 disabled:pointer-events-none disabled:opacity-50 [&_svg]:pointer-events-none [&_svg]:size-4 [&_svg]:shrink-0 border border-input bg-background hover:bg-accent hover:text-accent-foreground h-10 px-4 py-2 flex items-center space-x-2"
          >
            <svg
              class="lucide lucide-trash2 h-4 w-4"
              fill="none"
              height="24"
              stroke="currentColor"
              stroke-linecap="round"
              stroke-linejoin="round"
              stroke-width="2"
              viewBox="0 0 24 24"
              width="24"
              xmlns="http://www.w3.org/2000/svg"
            >
              <path
                d="M3 6h18"
              />
              <path
                d="M19 6v14c0 1-1 2-2 2H7c-1 0-2-1-2-2V6"
              />
              <path
                d="M8 6V4c0-1 1-2 2-2h4c1 0 2 1 2 2v2"
              />
              <line
                x1="10"
                x2="10"
                y1="11"
                y2="17"
              />...

Ignored nodes: comments, script, style
<html>
  <head />
  <body>
    <div>
      <div
        class="p-6"
      >
        <div
          class="flex justify-between items-center mb-6"
        >
          <div
            class="flex items-center space-x-3"
          >
            <svg
              class="lucide lucide-users h-8 w-8 text-blue-600"
              fill="none"
              height="24"
              stroke="currentColor"
              stroke-linecap="round"
              stroke-linejoin="round"
              stroke-width="2"
              viewBox="0 0 24 24"
              width="24"
              xmlns="http://www.w3.org/2000/svg"
            >
              <path
                d="M16 21v-2a4 4 0 0 0-4-4H6a4 4 0 0 0-4 4v2"
              />
              <circle
                cx="9"
                cy="7"
                r="4"
              />
              <path
                d="M22 21v-2a4 4 0 0 0-3-3.87"
              />
              <path
                d="M16 3.13a4 4 0 0 1 0 7.75"
              />
            </svg>
            <div>
              <h1
                class="text-2xl font-bold text-gray-900"
                data-testid="page-title"
              >
                Customers
              </h1>
              <p
                class="text-gray-600"
              >
                Manage your customer relationships
              </p>
            </div>
          </div>
          <div
            class="flex gap-2"
          >
            <button
              class="justify-center gap-2 whitespace-nowrap rounded-md text-sm font-medium ring-offset-background transition-colors focus-visible:outline-none focus-visible:ring-2 focus-visible:ring-ring focus-visible:ring-offset-2 disabled:pointer-events-none disabled:opacity-50 [&_svg]:pointer-events-none [&_svg]:size-4 [&_svg]:shrink-0 border border-input bg-background hover:bg-accent hover:text-accent-foreground h-10 px-4 py-2 flex items-center space-x-2"
            >
              <svg
                class="lucide lucide-test-tube h-4 w-4"
                fill="none"
                height="24"
                stroke="currentColor"
                stroke-linecap="round"
                stroke-linejoin="round"
                stroke-width="2"
                viewBox="0 0 24 24"
                width="24"
                xmlns="http://www.w3.org/2000/svg"
              >
                <path
                  d="M14.5 2v17.5c0 1.4-1.1 2.5-2.5 2.5c-1.4 0-2.5-1.1-2.5-2.5V2"
                />
                <path
                  d="M8.5 2h7"
                />
                <path
                  d="M14.5 16h-5"
                />
              </svg>
              <span>
                Run All Tests
              </span>
            </button>
            <button
              class="justify-center gap-2 whitespace-nowrap rounded-md text-sm font-medium ring-offset-background transition-colors focus-visible:outline-none focus-visible:ring-2 focus-visible:ring-ring focus-visible:ring-offset-2 disabled:pointer-events-none disabled:opacity-50 [&_svg]:pointer-events-none [&_svg]:size-4 [&_svg]:shrink-0 border border-input bg-background hover:bg-accent hover:text-accent-foreground h-10 px-4 py-2 flex items-center space-x-2"
            >
              <svg
                class="lucide lucide-plus h-4 w-4"
                fill="none"
                height="24"
                stroke="currentColor"
                stroke-linecap="round"
                stroke-linejoin="round"
                stroke-width="2"
                viewBox="0 0 24 24"
                width="24"
                xmlns="http://www.w3.org/2000/svg"
              >
                <path
                  d="M5 12h14"
                />
                <path
                  d="M12 5v14"
                />
              </svg>
              <span>
                Add Demo Data
              </span>
            </button>
            <button
              class="justify-center gap-2 whitespace-nowrap rounded-md text-sm font-medium ring-offset-background transition-colors focus-visible:outline-none focus-visible:ring-2 focus-visible:ring-ring focus-visible:ring-offset-2 disabled:pointer-events-none disabled:opacity-50 [&_svg]:pointer-events-none [&_svg]:size-4 [&_svg]:shrink-0 border border-input bg-background hover:bg-accent hover:text-accent-foreground h-10 px-4 py-2 flex items-center space-x-2"
            >
              <svg
                class="lucide lucide-trash2 h-4 w-4"
                fill="none"
                height="24"
                stroke="currentColor"
                stroke-linecap="round"
                stroke-linejoin="round"
                stroke-width="2"
                viewBox="0 0 24 24"
                width="24"
                xmlns="http://www.w3.org/2000/svg"
              >
                <path
                  d="M3 6h18"
                />
                <path
                  d="M19 6v14c0 1-1 2-2 2H7c-1 0-2-1-2-2V6"
                />
                <path
                  d[39...
 ❯ Proxy.waitForWrapper node_modules/@testing-library/dom/dist/wait-for.js:163:27
 ❯ src/test/unit/Customer.test.tsx:148:13
    146|       render(<Customers />)
    147| 
    148|       await waitFor(() => {
       |             ^
    149|         expect(screen.getByText('Test Customer')).toBeInTheDocument()
    150|       })

⎯⎯⎯⎯⎯⎯⎯⎯⎯⎯⎯⎯⎯⎯⎯⎯⎯⎯⎯⎯[156/218]⎯

 FAIL  src/test/unit/Customer.test.tsx > Customers Component > Save Functionality > should save customer changes successfully
TestingLibraryElementError: Unable to find an element with the text: Test Customer. This could be because the text is broken up by multiple elements. In this case, you can provide a function for your text matcher to make your matcher more flexible.

Ignored nodes: comments, script, style
<body>
  <div>
    <div
      class="p-6"
    >
      <div
        class="flex justify-between items-center mb-6"
      >
        <div
          class="flex items-center space-x-3"
        >
          <svg
            class="lucide lucide-users h-8 w-8 text-blue-600"
            fill="none"
            height="24"
            stroke="currentColor"
            stroke-linecap="round"
            stroke-linejoin="round"
            stroke-width="2"
            viewBox="0 0 24 24"
            width="24"
            xmlns="http://www.w3.org/2000/svg"
          >
            <path
              d="M16 21v-2a4 4 0 0 0-4-4H6a4 4 0 0 0-4 4v2"
            />
            <circle
              cx="9"
              cy="7"
              r="4"
            />
            <path
              d="M22 21v-2a4 4 0 0 0-3-3.87"
            />
            <path
              d="M16 3.13a4 4 0 0 1 0 7.75"
            />
          </svg>
          <div>
            <h1
              class="text-2xl font-bold text-gray-900"
              data-testid="page-title"
            >
              Customers
            </h1>
            <p
              class="text-gray-600"
            >
              Manage your customer relationships
            </p>
          </div>
        </div>
        <div
          class="flex gap-2"
        >
          <button
            class="justify-center gap-2 whitespace-nowrap rounded-md text-sm font-medium ring-offset-background transition-colors focus-visible:outline-none focus-visible:ring-2 focus-visible:ring-ring focus-visible:ring-offset-2 disabled:pointer-events-none disabled:opacity-50 [&_svg]:pointer-events-none [&_svg]:size-4 [&_svg]:shrink-0 border border-input bg-background hover:bg-accent hover:text-accent-foreground h-10 px-4 py-2 flex items-center space-x-2"
          >
            <svg
              class="lucide lucide-test-tube h-4 w-4"
              fill="none"
              height="24"
              stroke="currentColor"
              stroke-linecap="round"
              stroke-linejoin="round"
              stroke-width="2"
              viewBox="0 0 24 24"
              width="24"
              xmlns="http://www.w3.org/2000/svg"
            >
              <path
                d="M14.5 2v17.5c0 1.4-1.1 2.5-2.5 2.5c-1.4 0-2.5-1.1-2.5-2.5V2"
              />
              <path
                d="M8.5 2h7"
              />
              <path
                d="M14.5 16h-5"
              />
            </svg>
            <span>
              Run All Tests
            </span>
          </button>
          <button
            class="justify-center gap-2 whitespace-nowrap rounded-md text-sm font-medium ring-offset-background transition-colors focus-visible:outline-none focus-visible:ring-2 focus-visible:ring-ring focus-visible:ring-offset-2 disabled:pointer-events-none disabled:opacity-50 [&_svg]:pointer-events-none [&_svg]:size-4 [&_svg]:shrink-0 border border-input bg-background hover:bg-accent hover:text-accent-foreground h-10 px-4 py-2 flex items-center space-x-2"
          >
            <svg
              class="lucide lucide-plus h-4 w-4"
              fill="none"
              height="24"
              stroke="currentColor"
              stroke-linecap="round"
              stroke-linejoin="round"
              stroke-width="2"
              viewBox="0 0 24 24"
              width="24"
              xmlns="http://www.w3.org/2000/svg"
            >
              <path
                d="M5 12h14"
              />
              <path
                d="M12 5v14"
              />
            </svg>
            <span>
              Add Demo Data
            </span>
          </button>
          <button
            class="justify-center gap-2 whitespace-nowrap rounded-md text-sm font-medium ring-offset-background transition-colors focus-visible:outline-none focus-visible:ring-2 focus-visible:ring-ring focus-visible:ring-offset-2 disabled:pointer-events-none disabled:opacity-50 [&_svg]:pointer-events-none [&_svg]:size-4 [&_svg]:shrink-0 border border-input bg-background hover:bg-accent hover:text-accent-foreground h-10 px-4 py-2 flex items-center space-x-2"
          >
            <svg
              class="lucide lucide-trash2 h-4 w-4"
              fill="none"
              height="24"
              stroke="currentColor"
              stroke-linecap="round"
              stroke-linejoin="round"
              stroke-width="2"
              viewBox="0 0 24 24"
              width="24"
              xmlns="http://www.w3.org/2000/svg"
            >
              <path
                d="M3 6h18"
              />
              <path
                d="M19 6v14c0 1-1 2-2 2H7c-1 0-2-1-2-2V6"
              />
              <path
                d="M8 6V4c0-1 1-2 2-2h4c1 0 2 1 2 2v2"
              />
              <line
                x1="10"
                x2="10"
                y1="11"
                y2="17"
              />...

Ignored nodes: comments, script, style
<html>
  <head />
  <body>
    <div>
      <div
        class="p-6"
      >
        <div
          class="flex justify-between items-center mb-6"
        >
          <div
            class="flex items-center space-x-3"
          >
            <svg
              class="lucide lucide-users h-8 w-8 text-blue-600"
              fill="none"
              height="24"
              stroke="currentColor"
              stroke-linecap="round"
              stroke-linejoin="round"
              stroke-width="2"
              viewBox="0 0 24 24"
              width="24"
              xmlns="http://www.w3.org/2000/svg"
            >
              <path
                d="M16 21v-2a4 4 0 0 0-4-4H6a4 4 0 0 0-4 4v2"
              />
              <circle
                cx="9"
                cy="7"
                r="4"
              />
              <path
                d="M22 21v-2a4 4 0 0 0-3-3.87"
              />
              <path
                d="M16 3.13a4 4 0 0 1 0 7.75"
              />
            </svg>
            <div>
              <h1
                class="text-2xl font-bold text-gray-900"
                data-testid="page-title"
              >
                Customers
              </h1>
              <p
                class="text-gray-600"
              >
                Manage your customer relationships
              </p>
            </div>
          </div>
          <div
            class="flex gap-2"
          >
            <button
              class="justify-center gap-2 whitespace-nowrap rounded-md text-sm font-medium ring-offset-background transition-colors focus-visible:outline-none focus-visible:ring-2 focus-visible:ring-ring focus-visible:ring-offset-2 disabled:pointer-events-none disabled:opacity-50 [&_svg]:pointer-events-none [&_svg]:size-4 [&_svg]:shrink-0 border border-input bg-background hover:bg-accent hover:text-accent-foreground h-10 px-4 py-2 flex items-center space-x-2"
            >
              <svg
                class="lucide lucide-test-tube h-4 w-4"
                fill="none"
                height="24"
                stroke="currentColor"
                stroke-linecap="round"
                stroke-linejoin="round"
                stroke-width="2"
                viewBox="0 0 24 24"
                width="24"
                xmlns="http://www.w3.org/2000/svg"
              >
                <path
                  d="M14.5 2v17.5c0 1.4-1.1 2.5-2.5 2.5c-1.4 0-2.5-1.1-2.5-2.5V2"
                />
                <path
                  d="M8.5 2h7"
                />
                <path
                  d="M14.5 16h-5"
                />
              </svg>
              <span>
                Run All Tests
              </span>
            </button>
            <button
              class="justify-center gap-2 whitespace-nowrap rounded-md text-sm font-medium ring-offset-background transition-colors focus-visible:outline-none focus-visible:ring-2 focus-visible:ring-ring focus-visible:ring-offset-2 disabled:pointer-events-none disabled:opacity-50 [&_svg]:pointer-events-none [&_svg]:size-4 [&_svg]:shrink-0 border border-input bg-background hover:bg-accent hover:text-accent-foreground h-10 px-4 py-2 flex items-center space-x-2"
            >
              <svg
                class="lucide lucide-plus h-4 w-4"
                fill="none"
                height="24"
                stroke="currentColor"
                stroke-linecap="round"
                stroke-linejoin="round"
                stroke-width="2"
                viewBox="0 0 24 24"
                width="24"
                xmlns="http://www.w3.org/2000/svg"
              >
                <path
                  d="M5 12h14"
                />
                <path
                  d="M12 5v14"
                />
              </svg>
              <span>
                Add Demo Data
              </span>
            </button>
            <button
              class="justify-center gap-2 whitespace-nowrap rounded-md text-sm font-medium ring-offset-background transition-colors focus-visible:outline-none focus-visible:ring-2 focus-visible:ring-ring focus-visible:ring-offset-2 disabled:pointer-events-none disabled:opacity-50 [&_svg]:pointer-events-none [&_svg]:size-4 [&_svg]:shrink-0 border border-input bg-background hover:bg-accent hover:text-accent-foreground h-10 px-4 py-2 flex items-center space-x-2"
            >
              <svg
                class="lucide lucide-trash2 h-4 w-4"
                fill="none"
                height="24"
                stroke="currentColor"
                stroke-linecap="round"
                stroke-linejoin="round"
                stroke-width="2"
                viewBox="0 0 24 24"
                width="24"
                xmlns="http://www.w3.org/2000/svg"
              >
                <path
                  d="M3 6h18"
                />
                <path
                  d="M19 6v14c0 1-1 2-2 2H7c-1 0-2-1-2-2V6"
                />
                <path
                  d[39...
 ❯ Proxy.waitForWrapper node_modules/@testing-library/dom/dist/wait-for.js:163:27
 ❯ src/test/unit/Customer.test.tsx:171:13
    169|       render(<Customers />)
    170| 
    171|       await waitFor(() => {
       |             ^
    172|         expect(screen.getByText('Test Customer')).toBeInTheDocument()
    173|       })

⎯⎯⎯⎯⎯⎯⎯⎯⎯⎯⎯⎯⎯⎯⎯⎯⎯⎯⎯⎯[157/218]⎯

 FAIL  src/test/unit/Customer.test.tsx > Customers Component > Save Functionality > should validate required fields before saving
TestingLibraryElementError: Unable to find an element with the text: Test Customer. This could be because the text is broken up by multiple elements. In this case, you can provide a function for your text matcher to make your matcher more flexible.

Ignored nodes: comments, script, style
<body>
  <div>
    <div
      class="p-6"
    >
      <div
        class="flex justify-between items-center mb-6"
      >
        <div
          class="flex items-center space-x-3"
        >
          <svg
            class="lucide lucide-users h-8 w-8 text-blue-600"
            fill="none"
            height="24"
            stroke="currentColor"
            stroke-linecap="round"
            stroke-linejoin="round"
            stroke-width="2"
            viewBox="0 0 24 24"
            width="24"
            xmlns="http://www.w3.org/2000/svg"
          >
            <path
              d="M16 21v-2a4 4 0 0 0-4-4H6a4 4 0 0 0-4 4v2"
            />
            <circle
              cx="9"
              cy="7"
              r="4"
            />
            <path
              d="M22 21v-2a4 4 0 0 0-3-3.87"
            />
            <path
              d="M16 3.13a4 4 0 0 1 0 7.75"
            />
          </svg>
          <div>
            <h1
              class="text-2xl font-bold text-gray-900"
              data-testid="page-title"
            >
              Customers
            </h1>
            <p
              class="text-gray-600"
            >
              Manage your customer relationships
            </p>
          </div>
        </div>
        <div
          class="flex gap-2"
        >
          <button
            class="justify-center gap-2 whitespace-nowrap rounded-md text-sm font-medium ring-offset-background transition-colors focus-visible:outline-none focus-visible:ring-2 focus-visible:ring-ring focus-visible:ring-offset-2 disabled:pointer-events-none disabled:opacity-50 [&_svg]:pointer-events-none [&_svg]:size-4 [&_svg]:shrink-0 border border-input bg-background hover:bg-accent hover:text-accent-foreground h-10 px-4 py-2 flex items-center space-x-2"
          >
            <svg
              class="lucide lucide-test-tube h-4 w-4"
              fill="none"
              height="24"
              stroke="currentColor"
              stroke-linecap="round"
              stroke-linejoin="round"
              stroke-width="2"
              viewBox="0 0 24 24"
              width="24"
              xmlns="http://www.w3.org/2000/svg"
            >
              <path
                d="M14.5 2v17.5c0 1.4-1.1 2.5-2.5 2.5c-1.4 0-2.5-1.1-2.5-2.5V2"
              />
              <path
                d="M8.5 2h7"
              />
              <path
                d="M14.5 16h-5"
              />
            </svg>
            <span>
              Run All Tests
            </span>
          </button>
          <button
            class="justify-center gap-2 whitespace-nowrap rounded-md text-sm font-medium ring-offset-background transition-colors focus-visible:outline-none focus-visible:ring-2 focus-visible:ring-ring focus-visible:ring-offset-2 disabled:pointer-events-none disabled:opacity-50 [&_svg]:pointer-events-none [&_svg]:size-4 [&_svg]:shrink-0 border border-input bg-background hover:bg-accent hover:text-accent-foreground h-10 px-4 py-2 flex items-center space-x-2"
          >
            <svg
              class="lucide lucide-plus h-4 w-4"
              fill="none"
              height="24"
              stroke="currentColor"
              stroke-linecap="round"
              stroke-linejoin="round"
              stroke-width="2"
              viewBox="0 0 24 24"
              width="24"
              xmlns="http://www.w3.org/2000/svg"
            >
              <path
                d="M5 12h14"
              />
              <path
                d="M12 5v14"
              />
            </svg>
            <span>
              Add Demo Data
            </span>
          </button>
          <button
            class="justify-center gap-2 whitespace-nowrap rounded-md text-sm font-medium ring-offset-background transition-colors focus-visible:outline-none focus-visible:ring-2 focus-visible:ring-ring focus-visible:ring-offset-2 disabled:pointer-events-none disabled:opacity-50 [&_svg]:pointer-events-none [&_svg]:size-4 [&_svg]:shrink-0 border border-input bg-background hover:bg-accent hover:text-accent-foreground h-10 px-4 py-2 flex items-center space-x-2"
          >
            <svg
              class="lucide lucide-trash2 h-4 w-4"
              fill="none"
              height="24"
              stroke="currentColor"
              stroke-linecap="round"
              stroke-linejoin="round"
              stroke-width="2"
              viewBox="0 0 24 24"
              width="24"
              xmlns="http://www.w3.org/2000/svg"
            >
              <path
                d="M3 6h18"
              />
              <path
                d="M19 6v14c0 1-1 2-2 2H7c-1 0-2-1-2-2V6"
              />
              <path
                d="M8 6V4c0-1 1-2 2-2h4c1 0 2 1 2 2v2"
              />
              <line
                x1="10"
                x2="10"
                y1="11"
                y2="17"
              />...

Ignored nodes: comments, script, style
<html>
  <head />
  <body>
    <div>
      <div
        class="p-6"
      >
        <div
          class="flex justify-between items-center mb-6"
        >
          <div
            class="flex items-center space-x-3"
          >
            <svg
              class="lucide lucide-users h-8 w-8 text-blue-600"
              fill="none"
              height="24"
              stroke="currentColor"
              stroke-linecap="round"
              stroke-linejoin="round"
              stroke-width="2"
              viewBox="0 0 24 24"
              width="24"
              xmlns="http://www.w3.org/2000/svg"
            >
              <path
                d="M16 21v-2a4 4 0 0 0-4-4H6a4 4 0 0 0-4 4v2"
              />
              <circle
                cx="9"
                cy="7"
                r="4"
              />
              <path
                d="M22 21v-2a4 4 0 0 0-3-3.87"
              />
              <path
                d="M16 3.13a4 4 0 0 1 0 7.75"
              />
            </svg>
            <div>
              <h1
                class="text-2xl font-bold text-gray-900"
                data-testid="page-title"
              >
                Customers
              </h1>
              <p
                class="text-gray-600"
              >
                Manage your customer relationships
              </p>
            </div>
          </div>
          <div
            class="flex gap-2"
          >
            <button
              class="justify-center gap-2 whitespace-nowrap rounded-md text-sm font-medium ring-offset-background transition-colors focus-visible:outline-none focus-visible:ring-2 focus-visible:ring-ring focus-visible:ring-offset-2 disabled:pointer-events-none disabled:opacity-50 [&_svg]:pointer-events-none [&_svg]:size-4 [&_svg]:shrink-0 border border-input bg-background hover:bg-accent hover:text-accent-foreground h-10 px-4 py-2 flex items-center space-x-2"
            >
              <svg
                class="lucide lucide-test-tube h-4 w-4"
                fill="none"
                height="24"
                stroke="currentColor"
                stroke-linecap="round"
                stroke-linejoin="round"
                stroke-width="2"
                viewBox="0 0 24 24"
                width="24"
                xmlns="http://www.w3.org/2000/svg"
              >
                <path
                  d="M14.5 2v17.5c0 1.4-1.1 2.5-2.5 2.5c-1.4 0-2.5-1.1-2.5-2.5V2"
                />
                <path
                  d="M8.5 2h7"
                />
                <path
                  d="M14.5 16h-5"
                />
              </svg>
              <span>
                Run All Tests
              </span>
            </button>
            <button
              class="justify-center gap-2 whitespace-nowrap rounded-md text-sm font-medium ring-offset-background transition-colors focus-visible:outline-none focus-visible:ring-2 focus-visible:ring-ring focus-visible:ring-offset-2 disabled:pointer-events-none disabled:opacity-50 [&_svg]:pointer-events-none [&_svg]:size-4 [&_svg]:shrink-0 border border-input bg-background hover:bg-accent hover:text-accent-foreground h-10 px-4 py-2 flex items-center space-x-2"
            >
              <svg
                class="lucide lucide-plus h-4 w-4"
                fill="none"
                height="24"
                stroke="currentColor"
                stroke-linecap="round"
                stroke-linejoin="round"
                stroke-width="2"
                viewBox="0 0 24 24"
                width="24"
                xmlns="http://www.w3.org/2000/svg"
              >
                <path
                  d="M5 12h14"
                />
                <path
                  d="M12 5v14"
                />
              </svg>
              <span>
                Add Demo Data
              </span>
            </button>
            <button
              class="justify-center gap-2 whitespace-nowrap rounded-md text-sm font-medium ring-offset-background transition-colors focus-visible:outline-none focus-visible:ring-2 focus-visible:ring-ring focus-visible:ring-offset-2 disabled:pointer-events-none disabled:opacity-50 [&_svg]:pointer-events-none [&_svg]:size-4 [&_svg]:shrink-0 border border-input bg-background hover:bg-accent hover:text-accent-foreground h-10 px-4 py-2 flex items-center space-x-2"
            >
              <svg
                class="lucide lucide-trash2 h-4 w-4"
                fill="none"
                height="24"
                stroke="currentColor"
                stroke-linecap="round"
                stroke-linejoin="round"
                stroke-width="2"
                viewBox="0 0 24 24"
                width="24"
                xmlns="http://www.w3.org/2000/svg"
              >
                <path
                  d="M3 6h18"
                />
                <path
                  d="M19 6v14c0 1-1 2-2 2H7c-1 0-2-1-2-2V6"
                />
                <path
                  d[39...
 ❯ Proxy.waitForWrapper node_modules/@testing-library/dom/dist/wait-for.js:163:27
 ❯ src/test/unit/Customer.test.tsx:198:13
    196|       render(<Customers />)
    197| 
    198|       await waitFor(() => {
       |             ^
    199|         expect(screen.getByText('Test Customer')).toBeInTheDocument()
    200|       })

⎯⎯⎯⎯⎯⎯⎯⎯⎯⎯⎯⎯⎯⎯⎯⎯⎯⎯⎯⎯[158/218]⎯

 FAIL  src/test/unit/Customer.test.tsx > Customers Component > Error Handling > should handle fetch errors gracefully
TestingLibraryElementError: Unable to find an element with the text: Error: Customer not found. This could be because the text is broken up by multiple elements. In this case, you can provide a function for your text matcher to make your matcher more flexible.

Ignored nodes: comments, script, style
<body>
  <div>
    <div
      class="p-6"
    >
      <div
        class="flex justify-between items-center mb-6"
      >
        <div
          class="flex items-center space-x-3"
        >
          <svg
            class="lucide lucide-users h-8 w-8 text-blue-600"
            fill="none"
            height="24"
            stroke="currentColor"
            stroke-linecap="round"
            stroke-linejoin="round"
            stroke-width="2"
            viewBox="0 0 24 24"
            width="24"
            xmlns="http://www.w3.org/2000/svg"
          >
            <path
              d="M16 21v-2a4 4 0 0 0-4-4H6a4 4 0 0 0-4 4v2"
            />
            <circle
              cx="9"
              cy="7"
              r="4"
            />
            <path
              d="M22 21v-2a4 4 0 0 0-3-3.87"
            />
            <path
              d="M16 3.13a4 4 0 0 1 0 7.75"
            />
          </svg>
          <div>
            <h1
              class="text-2xl font-bold text-gray-900"
              data-testid="page-title"
            >
              Customers
            </h1>
            <p
              class="text-gray-600"
            >
              Manage your customer relationships
            </p>
          </div>
        </div>
        <div
          class="flex gap-2"
        >
          <button
            class="justify-center gap-2 whitespace-nowrap rounded-md text-sm font-medium ring-offset-background transition-colors focus-visible:outline-none focus-visible:ring-2 focus-visible:ring-ring focus-visible:ring-offset-2 disabled:pointer-events-none disabled:opacity-50 [&_svg]:pointer-events-none [&_svg]:size-4 [&_svg]:shrink-0 border border-input bg-background hover:bg-accent hover:text-accent-foreground h-10 px-4 py-2 flex items-center space-x-2"
          >
            <svg
              class="lucide lucide-test-tube h-4 w-4"
              fill="none"
              height="24"
              stroke="currentColor"
              stroke-linecap="round"
              stroke-linejoin="round"
              stroke-width="2"
              viewBox="0 0 24 24"
              width="24"
              xmlns="http://www.w3.org/2000/svg"
            >
              <path
                d="M14.5 2v17.5c0 1.4-1.1 2.5-2.5 2.5c-1.4 0-2.5-1.1-2.5-2.5V2"
              />
              <path
                d="M8.5 2h7"
              />
              <path
                d="M14.5 16h-5"
              />
            </svg>
            <span>
              Run All Tests
            </span>
          </button>
          <button
            class="justify-center gap-2 whitespace-nowrap rounded-md text-sm font-medium ring-offset-background transition-colors focus-visible:outline-none focus-visible:ring-2 focus-visible:ring-ring focus-visible:ring-offset-2 disabled:pointer-events-none disabled:opacity-50 [&_svg]:pointer-events-none [&_svg]:size-4 [&_svg]:shrink-0 border border-input bg-background hover:bg-accent hover:text-accent-foreground h-10 px-4 py-2 flex items-center space-x-2"
          >
            <svg
              class="lucide lucide-plus h-4 w-4"
              fill="none"
              height="24"
              stroke="currentColor"
              stroke-linecap="round"
              stroke-linejoin="round"
              stroke-width="2"
              viewBox="0 0 24 24"
              width="24"
              xmlns="http://www.w3.org/2000/svg"
            >
              <path
                d="M5 12h14"
              />
              <path
                d="M12 5v14"
              />
            </svg>
            <span>
              Add Demo Data
            </span>
          </button>
          <button
            class="justify-center gap-2 whitespace-nowrap rounded-md text-sm font-medium ring-offset-background transition-colors focus-visible:outline-none focus-visible:ring-2 focus-visible:ring-ring focus-visible:ring-offset-2 disabled:pointer-events-none disabled:opacity-50 [&_svg]:pointer-events-none [&_svg]:size-4 [&_svg]:shrink-0 border border-input bg-background hover:bg-accent hover:text-accent-foreground h-10 px-4 py-2 flex items-center space-x-2"
          >
            <svg
              class="lucide lucide-trash2 h-4 w-4"
              fill="none"
              height="24"
              stroke="currentColor"
              stroke-linecap="round"
              stroke-linejoin="round"
              stroke-width="2"
              viewBox="0 0 24 24"
              width="24"
              xmlns="http://www.w3.org/2000/svg"
            >
              <path
                d="M3 6h18"
              />
              <path
                d="M19 6v14c0 1-1 2-2 2H7c-1 0-2-1-2-2V6"
              />
              <path
                d="M8 6V4c0-1 1-2 2-2h4c1 0 2 1 2 2v2"
              />
              <line
                x1="10"
                x2="10"
                y1="11"
                y2="17"
              />...

Ignored nodes: comments, script, style
<html>
  <head />
  <body>
    <div>
      <div
        class="p-6"
      >
        <div
          class="flex justify-between items-center mb-6"
        >
          <div
            class="flex items-center space-x-3"
          >
            <svg
              class="lucide lucide-users h-8 w-8 text-blue-600"
              fill="none"
              height="24"
              stroke="currentColor"
              stroke-linecap="round"
              stroke-linejoin="round"
              stroke-width="2"
              viewBox="0 0 24 24"
              width="24"
              xmlns="http://www.w3.org/2000/svg"
            >
              <path
                d="M16 21v-2a4 4 0 0 0-4-4H6a4 4 0 0 0-4 4v2"
              />
              <circle
                cx="9"
                cy="7"
                r="4"
              />
              <path
                d="M22 21v-2a4 4 0 0 0-3-3.87"
              />
              <path
                d="M16 3.13a4 4 0 0 1 0 7.75"
              />
            </svg>
            <div>
              <h1
                class="text-2xl font-bold text-gray-900"
                data-testid="page-title"
              >
                Customers
              </h1>
              <p
                class="text-gray-600"
              >
                Manage your customer relationships
              </p>
            </div>
          </div>
          <div
            class="flex gap-2"
          >
            <button
              class="justify-center gap-2 whitespace-nowrap rounded-md text-sm font-medium ring-offset-background transition-colors focus-visible:outline-none focus-visible:ring-2 focus-visible:ring-ring focus-visible:ring-offset-2 disabled:pointer-events-none disabled:opacity-50 [&_svg]:pointer-events-none [&_svg]:size-4 [&_svg]:shrink-0 border border-input bg-background hover:bg-accent hover:text-accent-foreground h-10 px-4 py-2 flex items-center space-x-2"
            >
              <svg
                class="lucide lucide-test-tube h-4 w-4"
                fill="none"
                height="24"
                stroke="currentColor"
                stroke-linecap="round"
                stroke-linejoin="round"
                stroke-width="2"
                viewBox="0 0 24 24"
                width="24"
                xmlns="http://www.w3.org/2000/svg"
              >
                <path
                  d="M14.5 2v17.5c0 1.4-1.1 2.5-2.5 2.5c-1.4 0-2.5-1.1-2.5-2.5V2"
                />
                <path
                  d="M8.5 2h7"
                />
                <path
                  d="M14.5 16h-5"
                />
              </svg>
              <span>
                Run All Tests
              </span>
            </button>
            <button
              class="justify-center gap-2 whitespace-nowrap rounded-md text-sm font-medium ring-offset-background transition-colors focus-visible:outline-none focus-visible:ring-2 focus-visible:ring-ring focus-visible:ring-offset-2 disabled:pointer-events-none disabled:opacity-50 [&_svg]:pointer-events-none [&_svg]:size-4 [&_svg]:shrink-0 border border-input bg-background hover:bg-accent hover:text-accent-foreground h-10 px-4 py-2 flex items-center space-x-2"
            >
              <svg
                class="lucide lucide-plus h-4 w-4"
                fill="none"
                height="24"
                stroke="currentColor"
                stroke-linecap="round"
                stroke-linejoin="round"
                stroke-width="2"
                viewBox="0 0 24 24"
                width="24"
                xmlns="http://www.w3.org/2000/svg"
              >
                <path
                  d="M5 12h14"
                />
                <path
                  d="M12 5v14"
                />
              </svg>
              <span>
                Add Demo Data
              </span>
            </button>
            <button
              class="justify-center gap-2 whitespace-nowrap rounded-md text-sm font-medium ring-offset-background transition-colors focus-visible:outline-none focus-visible:ring-2 focus-visible:ring-ring focus-visible:ring-offset-2 disabled:pointer-events-none disabled:opacity-50 [&_svg]:pointer-events-none [&_svg]:size-4 [&_svg]:shrink-0 border border-input bg-background hover:bg-accent hover:text-accent-foreground h-10 px-4 py-2 flex items-center space-x-2"
            >
              <svg
                class="lucide lucide-trash2 h-4 w-4"
                fill="none"
                height="24"
                stroke="currentColor"
                stroke-linecap="round"
                stroke-linejoin="round"
                stroke-width="2"
                viewBox="0 0 24 24"
                width="24"
                xmlns="http://www.w3.org/2000/svg"
              >
                <path
                  d="M3 6h18"
                />
                <path
                  d="M19 6v14c0 1-1 2-2 2H7c-1 0-2-1-2-2V6"
                />
                <path
                  d[39...
 ❯ Proxy.waitForWrapper node_modules/@testing-library/dom/dist/wait-for.js:163:27
 ❯ src/test/unit/Customer.test.tsx:235:13
    233|       render(<Customers />)
    234| 
    235|       await waitFor(() => {
       |             ^
    236|         expect(screen.getByText('Error: Customer not found')).toBeInTh…
    237|       })

⎯⎯⎯⎯⎯⎯⎯⎯⎯⎯⎯⎯⎯⎯⎯⎯⎯⎯⎯⎯[159/218]⎯

 FAIL  src/test/unit/Customer.test.tsx > Customers Component > Error Handling > should handle save errors gracefully
TestingLibraryElementError: Unable to find an element with the display value: John Doe.

Ignored nodes: comments, script, style
<body>
  <div>
    <div
      class="p-6"
    >
      <div
        class="flex justify-between items-center mb-6"
      >
        <div
          class="flex items-center space-x-3"
        >
          <svg
            class="lucide lucide-users h-8 w-8 text-blue-600"
            fill="none"
            height="24"
            stroke="currentColor"
            stroke-linecap="round"
            stroke-linejoin="round"
            stroke-width="2"
            viewBox="0 0 24 24"
            width="24"
            xmlns="http://www.w3.org/2000/svg"
          >
            <path
              d="M16 21v-2a4 4 0 0 0-4-4H6a4 4 0 0 0-4 4v2"
            />
            <circle
              cx="9"
              cy="7"
              r="4"
            />
            <path
              d="M22 21v-2a4 4 0 0 0-3-3.87"
            />
            <path
              d="M16 3.13a4 4 0 0 1 0 7.75"
            />
          </svg>
          <div>
            <h1
              class="text-2xl font-bold text-gray-900"
              data-testid="page-title"
            >
              Customers
            </h1>
            <p
              class="text-gray-600"
            >
              Manage your customer relationships
            </p>
          </div>
        </div>
        <div
          class="flex gap-2"
        >
          <button
            class="justify-center gap-2 whitespace-nowrap rounded-md text-sm font-medium ring-offset-background transition-colors focus-visible:outline-none focus-visible:ring-2 focus-visible:ring-ring focus-visible:ring-offset-2 disabled:pointer-events-none disabled:opacity-50 [&_svg]:pointer-events-none [&_svg]:size-4 [&_svg]:shrink-0 border border-input bg-background hover:bg-accent hover:text-accent-foreground h-10 px-4 py-2 flex items-center space-x-2"
          >
            <svg
              class="lucide lucide-test-tube h-4 w-4"
              fill="none"
              height="24"
              stroke="currentColor"
              stroke-linecap="round"
              stroke-linejoin="round"
              stroke-width="2"
              viewBox="0 0 24 24"
              width="24"
              xmlns="http://www.w3.org/2000/svg"
            >
              <path
                d="M14.5 2v17.5c0 1.4-1.1 2.5-2.5 2.5c-1.4 0-2.5-1.1-2.5-2.5V2"
              />
              <path
                d="M8.5 2h7"
              />
              <path
                d="M14.5 16h-5"
              />
            </svg>
            <span>
              Run All Tests
            </span>
          </button>
          <button
            class="justify-center gap-2 whitespace-nowrap rounded-md text-sm font-medium ring-offset-background transition-colors focus-visible:outline-none focus-visible:ring-2 focus-visible:ring-ring focus-visible:ring-offset-2 disabled:pointer-events-none disabled:opacity-50 [&_svg]:pointer-events-none [&_svg]:size-4 [&_svg]:shrink-0 border border-input bg-background hover:bg-accent hover:text-accent-foreground h-10 px-4 py-2 flex items-center space-x-2"
          >
            <svg
              class="lucide lucide-plus h-4 w-4"
              fill="none"
              height="24"
              stroke="currentColor"
              stroke-linecap="round"
              stroke-linejoin="round"
              stroke-width="2"
              viewBox="0 0 24 24"
              width="24"
              xmlns="http://www.w3.org/2000/svg"
            >
              <path
                d="M5 12h14"
              />
              <path
                d="M12 5v14"
              />
            </svg>
            <span>
              Add Demo Data
            </span>
          </button>
          <button
            class="justify-center gap-2 whitespace-nowrap rounded-md text-sm font-medium ring-offset-background transition-colors focus-visible:outline-none focus-visible:ring-2 focus-visible:ring-ring focus-visible:ring-offset-2 disabled:pointer-events-none disabled:opacity-50 [&_svg]:pointer-events-none [&_svg]:size-4 [&_svg]:shrink-0 border border-input bg-background hover:bg-accent hover:text-accent-foreground h-10 px-4 py-2 flex items-center space-x-2"
          >
            <svg
              class="lucide lucide-trash2 h-4 w-4"
              fill="none"
              height="24"
              stroke="currentColor"
              stroke-linecap="round"
              stroke-linejoin="round"
              stroke-width="2"
              viewBox="0 0 24 24"
              width="24"
              xmlns="http://www.w3.org/2000/svg"
            >
              <path
                d="M3 6h18"
              />
              <path
                d="M19 6v14c0 1-1 2-2 2H7c-1 0-2-1-2-2V6"
              />
              <path
                d="M8 6V4c0-1 1-2 2-2h4c1 0 2 1 2 2v2"
              />
              <line
                x1="10"
                x2="10"
                y1="11"
                y2="17"
              />...

Ignored nodes: comments, script, style
<html>
  <head />
  <body>
    <div>
      <div
        class="p-6"
      >
        <div
          class="flex justify-between items-center mb-6"
        >
          <div
            class="flex items-center space-x-3"
          >
            <svg
              class="lucide lucide-users h-8 w-8 text-blue-600"
              fill="none"
              height="24"
              stroke="currentColor"
              stroke-linecap="round"
              stroke-linejoin="round"
              stroke-width="2"
              viewBox="0 0 24 24"
              width="24"
              xmlns="http://www.w3.org/2000/svg"
            >
              <path
                d="M16 21v-2a4 4 0 0 0-4-4H6a4 4 0 0 0-4 4v2"
              />
              <circle
                cx="9"
                cy="7"
                r="4"
              />
              <path
                d="M22 21v-2a4 4 0 0 0-3-3.87"
              />
              <path
                d="M16 3.13a4 4 0 0 1 0 7.75"
              />
            </svg>
            <div>
              <h1
                class="text-2xl font-bold text-gray-900"
                data-testid="page-title"
              >
                Customers
              </h1>
              <p
                class="text-gray-600"
              >
                Manage your customer relationships
              </p>
            </div>
          </div>
          <div
            class="flex gap-2"
          >
            <button
              class="justify-center gap-2 whitespace-nowrap rounded-md text-sm font-medium ring-offset-background transition-colors focus-visible:outline-none focus-visible:ring-2 focus-visible:ring-ring focus-visible:ring-offset-2 disabled:pointer-events-none disabled:opacity-50 [&_svg]:pointer-events-none [&_svg]:size-4 [&_svg]:shrink-0 border border-input bg-background hover:bg-accent hover:text-accent-foreground h-10 px-4 py-2 flex items-center space-x-2"
            >
              <svg
                class="lucide lucide-test-tube h-4 w-4"
                fill="none"
                height="24"
                stroke="currentColor"
                stroke-linecap="round"
                stroke-linejoin="round"
                stroke-width="2"
                viewBox="0 0 24 24"
                width="24"
                xmlns="http://www.w3.org/2000/svg"
              >
                <path
                  d="M14.5 2v17.5c0 1.4-1.1 2.5-2.5 2.5c-1.4 0-2.5-1.1-2.5-2.5V2"
                />
                <path
                  d="M8.5 2h7"
                />
                <path
                  d="M14.5 16h-5"
                />
              </svg>
              <span>
                Run All Tests
              </span>
            </button>
            <button
              class="justify-center gap-2 whitespace-nowrap rounded-md text-sm font-medium ring-offset-background transition-colors focus-visible:outline-none focus-visible:ring-2 focus-visible:ring-ring focus-visible:ring-offset-2 disabled:pointer-events-none disabled:opacity-50 [&_svg]:pointer-events-none [&_svg]:size-4 [&_svg]:shrink-0 border border-input bg-background hover:bg-accent hover:text-accent-foreground h-10 px-4 py-2 flex items-center space-x-2"
            >
              <svg
                class="lucide lucide-plus h-4 w-4"
                fill="none"
                height="24"
                stroke="currentColor"
                stroke-linecap="round"
                stroke-linejoin="round"
                stroke-width="2"
                viewBox="0 0 24 24"
                width="24"
                xmlns="http://www.w3.org/2000/svg"
              >
                <path
                  d="M5 12h14"
                />
                <path
                  d="M12 5v14"
                />
              </svg>
              <span>
                Add Demo Data
              </span>
            </button>
            <button
              class="justify-center gap-2 whitespace-nowrap rounded-md text-sm font-medium ring-offset-background transition-colors focus-visible:outline-none focus-visible:ring-2 focus-visible:ring-ring focus-visible:ring-offset-2 disabled:pointer-events-none disabled:opacity-50 [&_svg]:pointer-events-none [&_svg]:size-4 [&_svg]:shrink-0 border border-input bg-background hover:bg-accent hover:text-accent-foreground h-10 px-4 py-2 flex items-center space-x-2"
            >
              <svg
                class="lucide lucide-trash2 h-4 w-4"
                fill="none"
                height="24"
                stroke="currentColor"
                stroke-linecap="round"
                stroke-linejoin="round"
                stroke-width="2"
                viewBox="0 0 24 24"
                width="24"
                xmlns="http://www.w3.org/2000/svg"
              >
                <path
                  d="M3 6h18"
                />
                <path
                  d="M19 6v14c0 1-1 2-2 2H7c-1 0-2-1-2-2V6"
                />
                <path
                  d[39...
 ❯ Proxy.waitForWrapper node_modules/@testing-library/dom/dist/wait-for.js:163:27
 ❯ src/test/unit/Customer.test.tsx:261:13
    259|       render(<Customers />)
    260| 
    261|       await waitFor(() => {
       |             ^
    262|         expect(screen.getByDisplayValue('John Doe')).toBeInTheDocument…
    263|       })

⎯⎯⎯⎯⎯⎯⎯⎯⎯⎯⎯⎯⎯⎯⎯⎯⎯⎯⎯⎯[160/218]⎯

 FAIL  src/test/unit/Customer.test.tsx > Customers Component > Delete Customer > should delete customer when delete button is clicked
TestingLibraryElementError: Unable to find an element with the text: Test Customer. This could be because the text is broken up by multiple elements. In this case, you can provide a function for your text matcher to make your matcher more flexible.

Ignored nodes: comments, script, style
<body>
  <div>
    <div
      class="p-6"
    >
      <div
        class="flex justify-between items-center mb-6"
      >
        <div
          class="flex items-center space-x-3"
        >
          <svg
            class="lucide lucide-users h-8 w-8 text-blue-600"
            fill="none"
            height="24"
            stroke="currentColor"
            stroke-linecap="round"
            stroke-linejoin="round"
            stroke-width="2"
            viewBox="0 0 24 24"
            width="24"
            xmlns="http://www.w3.org/2000/svg"
          >
            <path
              d="M16 21v-2a4 4 0 0 0-4-4H6a4 4 0 0 0-4 4v2"
            />
            <circle
              cx="9"
              cy="7"
              r="4"
            />
            <path
              d="M22 21v-2a4 4 0 0 0-3-3.87"
            />
            <path
              d="M16 3.13a4 4 0 0 1 0 7.75"
            />
          </svg>
          <div>
            <h1
              class="text-2xl font-bold text-gray-900"
              data-testid="page-title"
            >
              Customers
            </h1>
            <p
              class="text-gray-600"
            >
              Manage your customer relationships
            </p>
          </div>
        </div>
        <div
          class="flex gap-2"
        >
          <button
            class="justify-center gap-2 whitespace-nowrap rounded-md text-sm font-medium ring-offset-background transition-colors focus-visible:outline-none focus-visible:ring-2 focus-visible:ring-ring focus-visible:ring-offset-2 disabled:pointer-events-none disabled:opacity-50 [&_svg]:pointer-events-none [&_svg]:size-4 [&_svg]:shrink-0 border border-input bg-background hover:bg-accent hover:text-accent-foreground h-10 px-4 py-2 flex items-center space-x-2"
          >
            <svg
              class="lucide lucide-test-tube h-4 w-4"
              fill="none"
              height="24"
              stroke="currentColor"
              stroke-linecap="round"
              stroke-linejoin="round"
              stroke-width="2"
              viewBox="0 0 24 24"
              width="24"
              xmlns="http://www.w3.org/2000/svg"
            >
              <path
                d="M14.5 2v17.5c0 1.4-1.1 2.5-2.5 2.5c-1.4 0-2.5-1.1-2.5-2.5V2"
              />
              <path
                d="M8.5 2h7"
              />
              <path
                d="M14.5 16h-5"
              />
            </svg>
            <span>
              Run All Tests
            </span>
          </button>
          <button
            class="justify-center gap-2 whitespace-nowrap rounded-md text-sm font-medium ring-offset-background transition-colors focus-visible:outline-none focus-visible:ring-2 focus-visible:ring-ring focus-visible:ring-offset-2 disabled:pointer-events-none disabled:opacity-50 [&_svg]:pointer-events-none [&_svg]:size-4 [&_svg]:shrink-0 border border-input bg-background hover:bg-accent hover:text-accent-foreground h-10 px-4 py-2 flex items-center space-x-2"
          >
            <svg
              class="lucide lucide-plus h-4 w-4"
              fill="none"
              height="24"
              stroke="currentColor"
              stroke-linecap="round"
              stroke-linejoin="round"
              stroke-width="2"
              viewBox="0 0 24 24"
              width="24"
              xmlns="http://www.w3.org/2000/svg"
            >
              <path
                d="M5 12h14"
              />
              <path
                d="M12 5v14"
              />
            </svg>
            <span>
              Add Demo Data
            </span>
          </button>
          <button
            class="justify-center gap-2 whitespace-nowrap rounded-md text-sm font-medium ring-offset-background transition-colors focus-visible:outline-none focus-visible:ring-2 focus-visible:ring-ring focus-visible:ring-offset-2 disabled:pointer-events-none disabled:opacity-50 [&_svg]:pointer-events-none [&_svg]:size-4 [&_svg]:shrink-0 border border-input bg-background hover:bg-accent hover:text-accent-foreground h-10 px-4 py-2 flex items-center space-x-2"
          >
            <svg
              class="lucide lucide-trash2 h-4 w-4"
              fill="none"
              height="24"
              stroke="currentColor"
              stroke-linecap="round"
              stroke-linejoin="round"
              stroke-width="2"
              viewBox="0 0 24 24"
              width="24"
              xmlns="http://www.w3.org/2000/svg"
            >
              <path
                d="M3 6h18"
              />
              <path
                d="M19 6v14c0 1-1 2-2 2H7c-1 0-2-1-2-2V6"
              />
              <path
                d="M8 6V4c0-1 1-2 2-2h4c1 0 2 1 2 2v2"
              />
              <line
                x1="10"
                x2="10"
                y1="11"
                y2="17"
              />...

Ignored nodes: comments, script, style
<html>
  <head />
  <body>
    <div>
      <div
        class="p-6"
      >
        <div
          class="flex justify-between items-center mb-6"
        >
          <div
            class="flex items-center space-x-3"
          >
            <svg
              class="lucide lucide-users h-8 w-8 text-blue-600"
              fill="none"
              height="24"
              stroke="currentColor"
              stroke-linecap="round"
              stroke-linejoin="round"
              stroke-width="2"
              viewBox="0 0 24 24"
              width="24"
              xmlns="http://www.w3.org/2000/svg"
            >
              <path
                d="M16 21v-2a4 4 0 0 0-4-4H6a4 4 0 0 0-4 4v2"
              />
              <circle
                cx="9"
                cy="7"
                r="4"
              />
              <path
                d="M22 21v-2a4 4 0 0 0-3-3.87"
              />
              <path
                d="M16 3.13a4 4 0 0 1 0 7.75"
              />
            </svg>
            <div>
              <h1
                class="text-2xl font-bold text-gray-900"
                data-testid="page-title"
              >
                Customers
              </h1>
              <p
                class="text-gray-600"
              >
                Manage your customer relationships
              </p>
            </div>
          </div>
          <div
            class="flex gap-2"
          >
            <button
              class="justify-center gap-2 whitespace-nowrap rounded-md text-sm font-medium ring-offset-background transition-colors focus-visible:outline-none focus-visible:ring-2 focus-visible:ring-ring focus-visible:ring-offset-2 disabled:pointer-events-none disabled:opacity-50 [&_svg]:pointer-events-none [&_svg]:size-4 [&_svg]:shrink-0 border border-input bg-background hover:bg-accent hover:text-accent-foreground h-10 px-4 py-2 flex items-center space-x-2"
            >
              <svg
                class="lucide lucide-test-tube h-4 w-4"
                fill="none"
                height="24"
                stroke="currentColor"
                stroke-linecap="round"
                stroke-linejoin="round"
                stroke-width="2"
                viewBox="0 0 24 24"
                width="24"
                xmlns="http://www.w3.org/2000/svg"
              >
                <path
                  d="M14.5 2v17.5c0 1.4-1.1 2.5-2.5 2.5c-1.4 0-2.5-1.1-2.5-2.5V2"
                />
                <path
                  d="M8.5 2h7"
                />
                <path
                  d="M14.5 16h-5"
                />
              </svg>
              <span>
                Run All Tests
              </span>
            </button>
            <button
              class="justify-center gap-2 whitespace-nowrap rounded-md text-sm font-medium ring-offset-background transition-colors focus-visible:outline-none focus-visible:ring-2 focus-visible:ring-ring focus-visible:ring-offset-2 disabled:pointer-events-none disabled:opacity-50 [&_svg]:pointer-events-none [&_svg]:size-4 [&_svg]:shrink-0 border border-input bg-background hover:bg-accent hover:text-accent-foreground h-10 px-4 py-2 flex items-center space-x-2"
            >
              <svg
                class="lucide lucide-plus h-4 w-4"
                fill="none"
                height="24"
                stroke="currentColor"
                stroke-linecap="round"
                stroke-linejoin="round"
                stroke-width="2"
                viewBox="0 0 24 24"
                width="24"
                xmlns="http://www.w3.org/2000/svg"
              >
                <path
                  d="M5 12h14"
                />
                <path
                  d="M12 5v14"
                />
              </svg>
              <span>
                Add Demo Data
              </span>
            </button>
            <button
              class="justify-center gap-2 whitespace-nowrap rounded-md text-sm font-medium ring-offset-background transition-colors focus-visible:outline-none focus-visible:ring-2 focus-visible:ring-ring focus-visible:ring-offset-2 disabled:pointer-events-none disabled:opacity-50 [&_svg]:pointer-events-none [&_svg]:size-4 [&_svg]:shrink-0 border border-input bg-background hover:bg-accent hover:text-accent-foreground h-10 px-4 py-2 flex items-center space-x-2"
            >
              <svg
                class="lucide lucide-trash2 h-4 w-4"
                fill="none"
                height="24"
                stroke="currentColor"
                stroke-linecap="round"
                stroke-linejoin="round"
                stroke-width="2"
                viewBox="0 0 24 24"
                width="24"
                xmlns="http://www.w3.org/2000/svg"
              >
                <path
                  d="M3 6h18"
                />
                <path
                  d="M19 6v14c0 1-1 2-2 2H7c-1 0-2-1-2-2V6"
                />
                <path
                  d[39...
 ❯ Proxy.waitForWrapper node_modules/@testing-library/dom/dist/wait-for.js:163:27
 ❯ src/test/unit/Customer.test.tsx:286:13
    284|       render(<Customers />)
    285| 
    286|       await waitFor(() => {
       |             ^
    287|         expect(screen.getByText('Test Customer')).toBeInTheDocument()
    288|       })

⎯⎯⎯⎯⎯⎯⎯⎯⎯⎯⎯⎯⎯⎯⎯⎯⎯⎯⎯⎯[161/218]⎯

 FAIL  src/test/unit/Customer.test.tsx > Customers Component > Delete Customer > should not delete customer when confirmation is cancelled
TestingLibraryElementError: Unable to find an element with the text: Test Customer. This could be because the text is broken up by multiple elements. In this case, you can provide a function for your text matcher to make your matcher more flexible.

Ignored nodes: comments, script, style
<body>
  <div>
    <div
      class="p-6"
    >
      <div
        class="flex justify-between items-center mb-6"
      >
        <div
          class="flex items-center space-x-3"
        >
          <svg
            class="lucide lucide-users h-8 w-8 text-blue-600"
            fill="none"
            height="24"
            stroke="currentColor"
            stroke-linecap="round"
            stroke-linejoin="round"
            stroke-width="2"
            viewBox="0 0 24 24"
            width="24"
            xmlns="http://www.w3.org/2000/svg"
          >
            <path
              d="M16 21v-2a4 4 0 0 0-4-4H6a4 4 0 0 0-4 4v2"
            />
            <circle
              cx="9"
              cy="7"
              r="4"
            />
            <path
              d="M22 21v-2a4 4 0 0 0-3-3.87"
            />
            <path
              d="M16 3.13a4 4 0 0 1 0 7.75"
            />
          </svg>
          <div>
            <h1
              class="text-2xl font-bold text-gray-900"
              data-testid="page-title"
            >
              Customers
            </h1>
            <p
              class="text-gray-600"
            >
              Manage your customer relationships
            </p>
          </div>
        </div>
        <div
          class="flex gap-2"
        >
          <button
            class="justify-center gap-2 whitespace-nowrap rounded-md text-sm font-medium ring-offset-background transition-colors focus-visible:outline-none focus-visible:ring-2 focus-visible:ring-ring focus-visible:ring-offset-2 disabled:pointer-events-none disabled:opacity-50 [&_svg]:pointer-events-none [&_svg]:size-4 [&_svg]:shrink-0 border border-input bg-background hover:bg-accent hover:text-accent-foreground h-10 px-4 py-2 flex items-center space-x-2"
          >
            <svg
              class="lucide lucide-test-tube h-4 w-4"
              fill="none"
              height="24"
              stroke="currentColor"
              stroke-linecap="round"
              stroke-linejoin="round"
              stroke-width="2"
              viewBox="0 0 24 24"
              width="24"
              xmlns="http://www.w3.org/2000/svg"
            >
              <path
                d="M14.5 2v17.5c0 1.4-1.1 2.5-2.5 2.5c-1.4 0-2.5-1.1-2.5-2.5V2"
              />
              <path
                d="M8.5 2h7"
              />
              <path
                d="M14.5 16h-5"
              />
            </svg>
            <span>
              Run All Tests
            </span>
          </button>
          <button
            class="justify-center gap-2 whitespace-nowrap rounded-md text-sm font-medium ring-offset-background transition-colors focus-visible:outline-none focus-visible:ring-2 focus-visible:ring-ring focus-visible:ring-offset-2 disabled:pointer-events-none disabled:opacity-50 [&_svg]:pointer-events-none [&_svg]:size-4 [&_svg]:shrink-0 border border-input bg-background hover:bg-accent hover:text-accent-foreground h-10 px-4 py-2 flex items-center space-x-2"
          >
            <svg
              class="lucide lucide-plus h-4 w-4"
              fill="none"
              height="24"
              stroke="currentColor"
              stroke-linecap="round"
              stroke-linejoin="round"
              stroke-width="2"
              viewBox="0 0 24 24"
              width="24"
              xmlns="http://www.w3.org/2000/svg"
            >
              <path
                d="M5 12h14"
              />
              <path
                d="M12 5v14"
              />
            </svg>
            <span>
              Add Demo Data
            </span>
          </button>
          <button
            class="justify-center gap-2 whitespace-nowrap rounded-md text-sm font-medium ring-offset-background transition-colors focus-visible:outline-none focus-visible:ring-2 focus-visible:ring-ring focus-visible:ring-offset-2 disabled:pointer-events-none disabled:opacity-50 [&_svg]:pointer-events-none [&_svg]:size-4 [&_svg]:shrink-0 border border-input bg-background hover:bg-accent hover:text-accent-foreground h-10 px-4 py-2 flex items-center space-x-2"
          >
            <svg
              class="lucide lucide-trash2 h-4 w-4"
              fill="none"
              height="24"
              stroke="currentColor"
              stroke-linecap="round"
              stroke-linejoin="round"
              stroke-width="2"
              viewBox="0 0 24 24"
              width="24"
              xmlns="http://www.w3.org/2000/svg"
            >
              <path
                d="M3 6h18"
              />
              <path
                d="M19 6v14c0 1-1 2-2 2H7c-1 0-2-1-2-2V6"
              />
              <path
                d="M8 6V4c0-1 1-2 2-2h4c1 0 2 1 2 2v2"
              />
              <line
                x1="10"
                x2="10"
                y1="11"
                y2="17"
              />...

Ignored nodes: comments, script, style
<html>
  <head />
  <body>
    <div>
      <div
        class="p-6"
      >
        <div
          class="flex justify-between items-center mb-6"
        >
          <div
            class="flex items-center space-x-3"
          >
            <svg
              class="lucide lucide-users h-8 w-8 text-blue-600"
              fill="none"
              height="24"
              stroke="currentColor"
              stroke-linecap="round"
              stroke-linejoin="round"
              stroke-width="2"
              viewBox="0 0 24 24"
              width="24"
              xmlns="http://www.w3.org/2000/svg"
            >
              <path
                d="M16 21v-2a4 4 0 0 0-4-4H6a4 4 0 0 0-4 4v2"
              />
              <circle
                cx="9"
                cy="7"
                r="4"
              />
              <path
                d="M22 21v-2a4 4 0 0 0-3-3.87"
              />
              <path
                d="M16 3.13a4 4 0 0 1 0 7.75"
              />
            </svg>
            <div>
              <h1
                class="text-2xl font-bold text-gray-900"
                data-testid="page-title"
              >
                Customers
              </h1>
              <p
                class="text-gray-600"
              >
                Manage your customer relationships
              </p>
            </div>
          </div>
          <div
            class="flex gap-2"
          >
            <button
              class="justify-center gap-2 whitespace-nowrap rounded-md text-sm font-medium ring-offset-background transition-colors focus-visible:outline-none focus-visible:ring-2 focus-visible:ring-ring focus-visible:ring-offset-2 disabled:pointer-events-none disabled:opacity-50 [&_svg]:pointer-events-none [&_svg]:size-4 [&_svg]:shrink-0 border border-input bg-background hover:bg-accent hover:text-accent-foreground h-10 px-4 py-2 flex items-center space-x-2"
            >
              <svg
                class="lucide lucide-test-tube h-4 w-4"
                fill="none"
                height="24"
                stroke="currentColor"
                stroke-linecap="round"
                stroke-linejoin="round"
                stroke-width="2"
                viewBox="0 0 24 24"
                width="24"
                xmlns="http://www.w3.org/2000/svg"
              >
                <path
                  d="M14.5 2v17.5c0 1.4-1.1 2.5-2.5 2.5c-1.4 0-2.5-1.1-2.5-2.5V2"
                />
                <path
                  d="M8.5 2h7"
                />
                <path
                  d="M14.5 16h-5"
                />
              </svg>
              <span>
                Run All Tests
              </span>
            </button>
            <button
              class="justify-center gap-2 whitespace-nowrap rounded-md text-sm font-medium ring-offset-background transition-colors focus-visible:outline-none focus-visible:ring-2 focus-visible:ring-ring focus-visible:ring-offset-2 disabled:pointer-events-none disabled:opacity-50 [&_svg]:pointer-events-none [&_svg]:size-4 [&_svg]:shrink-0 border border-input bg-background hover:bg-accent hover:text-accent-foreground h-10 px-4 py-2 flex items-center space-x-2"
            >
              <svg
                class="lucide lucide-plus h-4 w-4"
                fill="none"
                height="24"
                stroke="currentColor"
                stroke-linecap="round"
                stroke-linejoin="round"
                stroke-width="2"
                viewBox="0 0 24 24"
                width="24"
                xmlns="http://www.w3.org/2000/svg"
              >
                <path
                  d="M5 12h14"
                />
                <path
                  d="M12 5v14"
                />
              </svg>
              <span>
                Add Demo Data
              </span>
            </button>
            <button
              class="justify-center gap-2 whitespace-nowrap rounded-md text-sm font-medium ring-offset-background transition-colors focus-visible:outline-none focus-visible:ring-2 focus-visible:ring-ring focus-visible:ring-offset-2 disabled:pointer-events-none disabled:opacity-50 [&_svg]:pointer-events-none [&_svg]:size-4 [&_svg]:shrink-0 border border-input bg-background hover:bg-accent hover:text-accent-foreground h-10 px-4 py-2 flex items-center space-x-2"
            >
              <svg
                class="lucide lucide-trash2 h-4 w-4"
                fill="none"
                height="24"
                stroke="currentColor"
                stroke-linecap="round"
                stroke-linejoin="round"
                stroke-width="2"
                viewBox="0 0 24 24"
                width="24"
                xmlns="http://www.w3.org/2000/svg"
              >
                <path
                  d="M3 6h18"
                />
                <path
                  d="M19 6v14c0 1-1 2-2 2H7c-1 0-2-1-2-2V6"
                />
                <path
                  d[39...
 ❯ Proxy.waitForWrapper node_modules/@testing-library/dom/dist/wait-for.js:163:27
 ❯ src/test/unit/Customer.test.tsx:311:13
    309|       render(<Customers />)
    310| 
    311|       await waitFor(() => {
       |             ^
    312|         expect(screen.getByText('Test Customer')).toBeInTheDocument()
    313|       })

⎯⎯⎯⎯⎯⎯⎯⎯⎯⎯⎯⎯⎯⎯⎯⎯⎯⎯⎯⎯[162/218]⎯

 FAIL  src/test/unit/Customer.test.tsx > Customers Component > Delete Customer > should handle delete errors gracefully
TestingLibraryElementError: Unable to find an element with the text: Test Customer. This could be because the text is broken up by multiple elements. In this case, you can provide a function for your text matcher to make your matcher more flexible.

Ignored nodes: comments, script, style
<body>
  <div>
    <div
      class="p-6"
    >
      <div
        class="flex justify-between items-center mb-6"
      >
        <div
          class="flex items-center space-x-3"
        >
          <svg
            class="lucide lucide-users h-8 w-8 text-blue-600"
            fill="none"
            height="24"
            stroke="currentColor"
            stroke-linecap="round"
            stroke-linejoin="round"
            stroke-width="2"
            viewBox="0 0 24 24"
            width="24"
            xmlns="http://www.w3.org/2000/svg"
          >
            <path
              d="M16 21v-2a4 4 0 0 0-4-4H6a4 4 0 0 0-4 4v2"
            />
            <circle
              cx="9"
              cy="7"
              r="4"
            />
            <path
              d="M22 21v-2a4 4 0 0 0-3-3.87"
            />
            <path
              d="M16 3.13a4 4 0 0 1 0 7.75"
            />
          </svg>
          <div>
            <h1
              class="text-2xl font-bold text-gray-900"
              data-testid="page-title"
            >
              Customers
            </h1>
            <p
              class="text-gray-600"
            >
              Manage your customer relationships
            </p>
          </div>
        </div>
        <div
          class="flex gap-2"
        >
          <button
            class="justify-center gap-2 whitespace-nowrap rounded-md text-sm font-medium ring-offset-background transition-colors focus-visible:outline-none focus-visible:ring-2 focus-visible:ring-ring focus-visible:ring-offset-2 disabled:pointer-events-none disabled:opacity-50 [&_svg]:pointer-events-none [&_svg]:size-4 [&_svg]:shrink-0 border border-input bg-background hover:bg-accent hover:text-accent-foreground h-10 px-4 py-2 flex items-center space-x-2"
          >
            <svg
              class="lucide lucide-test-tube h-4 w-4"
              fill="none"
              height="24"
              stroke="currentColor"
              stroke-linecap="round"
              stroke-linejoin="round"
              stroke-width="2"
              viewBox="0 0 24 24"
              width="24"
              xmlns="http://www.w3.org/2000/svg"
            >
              <path
                d="M14.5 2v17.5c0 1.4-1.1 2.5-2.5 2.5c-1.4 0-2.5-1.1-2.5-2.5V2"
              />
              <path
                d="M8.5 2h7"
              />
              <path
                d="M14.5 16h-5"
              />
            </svg>
            <span>
              Run All Tests
            </span>
          </button>
          <button
            class="justify-center gap-2 whitespace-nowrap rounded-md text-sm font-medium ring-offset-background transition-colors focus-visible:outline-none focus-visible:ring-2 focus-visible:ring-ring focus-visible:ring-offset-2 disabled:pointer-events-none disabled:opacity-50 [&_svg]:pointer-events-none [&_svg]:size-4 [&_svg]:shrink-0 border border-input bg-background hover:bg-accent hover:text-accent-foreground h-10 px-4 py-2 flex items-center space-x-2"
          >
            <svg
              class="lucide lucide-plus h-4 w-4"
              fill="none"
              height="24"
              stroke="currentColor"
              stroke-linecap="round"
              stroke-linejoin="round"
              stroke-width="2"
              viewBox="0 0 24 24"
              width="24"
              xmlns="http://www.w3.org/2000/svg"
            >
              <path
                d="M5 12h14"
              />
              <path
                d="M12 5v14"
              />
            </svg>
            <span>
              Add Demo Data
            </span>
          </button>
          <button
            class="justify-center gap-2 whitespace-nowrap rounded-md text-sm font-medium ring-offset-background transition-colors focus-visible:outline-none focus-visible:ring-2 focus-visible:ring-ring focus-visible:ring-offset-2 disabled:pointer-events-none disabled:opacity-50 [&_svg]:pointer-events-none [&_svg]:size-4 [&_svg]:shrink-0 border border-input bg-background hover:bg-accent hover:text-accent-foreground h-10 px-4 py-2 flex items-center space-x-2"
          >
            <svg
              class="lucide lucide-trash2 h-4 w-4"
              fill="none"
              height="24"
              stroke="currentColor"
              stroke-linecap="round"
              stroke-linejoin="round"
              stroke-width="2"
              viewBox="0 0 24 24"
              width="24"
              xmlns="http://www.w3.org/2000/svg"
            >
              <path
                d="M3 6h18"
              />
              <path
                d="M19 6v14c0 1-1 2-2 2H7c-1 0-2-1-2-2V6"
              />
              <path
                d="M8 6V4c0-1 1-2 2-2h4c1 0 2 1 2 2v2"
              />
              <line
                x1="10"
                x2="10"
                y1="11"
                y2="17"
              />...

Ignored nodes: comments, script, style
<html>
  <head />
  <body>
    <div>
      <div
        class="p-6"
      >
        <div
          class="flex justify-between items-center mb-6"
        >
          <div
            class="flex items-center space-x-3"
          >
            <svg
              class="lucide lucide-users h-8 w-8 text-blue-600"
              fill="none"
              height="24"
              stroke="currentColor"
              stroke-linecap="round"
              stroke-linejoin="round"
              stroke-width="2"
              viewBox="0 0 24 24"
              width="24"
              xmlns="http://www.w3.org/2000/svg"
            >
              <path
                d="M16 21v-2a4 4 0 0 0-4-4H6a4 4 0 0 0-4 4v2"
              />
              <circle
                cx="9"
                cy="7"
                r="4"
              />
              <path
                d="M22 21v-2a4 4 0 0 0-3-3.87"
              />
              <path
                d="M16 3.13a4 4 0 0 1 0 7.75"
              />
            </svg>
            <div>
              <h1
                class="text-2xl font-bold text-gray-900"
                data-testid="page-title"
              >
                Customers
              </h1>
              <p
                class="text-gray-600"
              >
                Manage your customer relationships
              </p>
            </div>
          </div>
          <div
            class="flex gap-2"
          >
            <button
              class="justify-center gap-2 whitespace-nowrap rounded-md text-sm font-medium ring-offset-background transition-colors focus-visible:outline-none focus-visible:ring-2 focus-visible:ring-ring focus-visible:ring-offset-2 disabled:pointer-events-none disabled:opacity-50 [&_svg]:pointer-events-none [&_svg]:size-4 [&_svg]:shrink-0 border border-input bg-background hover:bg-accent hover:text-accent-foreground h-10 px-4 py-2 flex items-center space-x-2"
            >
              <svg
                class="lucide lucide-test-tube h-4 w-4"
                fill="none"
                height="24"
                stroke="currentColor"
                stroke-linecap="round"
                stroke-linejoin="round"
                stroke-width="2"
                viewBox="0 0 24 24"
                width="24"
                xmlns="http://www.w3.org/2000/svg"
              >
                <path
                  d="M14.5 2v17.5c0 1.4-1.1 2.5-2.5 2.5c-1.4 0-2.5-1.1-2.5-2.5V2"
                />
                <path
                  d="M8.5 2h7"
                />
                <path
                  d="M14.5 16h-5"
                />
              </svg>
              <span>
                Run All Tests
              </span>
            </button>
            <button
              class="justify-center gap-2 whitespace-nowrap rounded-md text-sm font-medium ring-offset-background transition-colors focus-visible:outline-none focus-visible:ring-2 focus-visible:ring-ring focus-visible:ring-offset-2 disabled:pointer-events-none disabled:opacity-50 [&_svg]:pointer-events-none [&_svg]:size-4 [&_svg]:shrink-0 border border-input bg-background hover:bg-accent hover:text-accent-foreground h-10 px-4 py-2 flex items-center space-x-2"
            >
              <svg
                class="lucide lucide-plus h-4 w-4"
                fill="none"
                height="24"
                stroke="currentColor"
                stroke-linecap="round"
                stroke-linejoin="round"
                stroke-width="2"
                viewBox="0 0 24 24"
                width="24"
                xmlns="http://www.w3.org/2000/svg"
              >
                <path
                  d="M5 12h14"
                />
                <path
                  d="M12 5v14"
                />
              </svg>
              <span>
                Add Demo Data
              </span>
            </button>
            <button
              class="justify-center gap-2 whitespace-nowrap rounded-md text-sm font-medium ring-offset-background transition-colors focus-visible:outline-none focus-visible:ring-2 focus-visible:ring-ring focus-visible:ring-offset-2 disabled:pointer-events-none disabled:opacity-50 [&_svg]:pointer-events-none [&_svg]:size-4 [&_svg]:shrink-0 border border-input bg-background hover:bg-accent hover:text-accent-foreground h-10 px-4 py-2 flex items-center space-x-2"
            >
              <svg
                class="lucide lucide-trash2 h-4 w-4"
                fill="none"
                height="24"
                stroke="currentColor"
                stroke-linecap="round"
                stroke-linejoin="round"
                stroke-width="2"
                viewBox="0 0 24 24"
                width="24"
                xmlns="http://www.w3.org/2000/svg"
              >
                <path
                  d="M3 6h18"
                />
                <path
                  d="M19 6v14c0 1-1 2-2 2H7c-1 0-2-1-2-2V6"
                />
                <path
                  d[39...
 ❯ Proxy.waitForWrapper node_modules/@testing-library/dom/dist/wait-for.js:163:27
 ❯ src/test/unit/Customer.test.tsx:350:13
    348|       render(<Customers />)
    349| 
    350|       await waitFor(() => {
       |             ^
    351|         expect(screen.getByText('Test Customer')).toBeInTheDocument()
    352|       })

⎯⎯⎯⎯⎯⎯⎯⎯⎯⎯⎯⎯⎯⎯⎯⎯⎯⎯⎯⎯[163/218]⎯

 FAIL  src/test/unit/Customer.test.tsx > Customers Component > Accessibility > should have proper form labels and structure
TestingLibraryElementError: Unable to find an element with the text: Test Customer. This could be because the text is broken up by multiple elements. In this case, you can provide a function for your text matcher to make your matcher more flexible.

Ignored nodes: comments, script, style
<body>
  <div>
    <div
      class="p-6"
    >
      <div
        class="flex justify-between items-center mb-6"
      >
        <div
          class="flex items-center space-x-3"
        >
          <svg
            class="lucide lucide-users h-8 w-8 text-blue-600"
            fill="none"
            height="24"
            stroke="currentColor"
            stroke-linecap="round"
            stroke-linejoin="round"
            stroke-width="2"
            viewBox="0 0 24 24"
            width="24"
            xmlns="http://www.w3.org/2000/svg"
          >
            <path
              d="M16 21v-2a4 4 0 0 0-4-4H6a4 4 0 0 0-4 4v2"
            />
            <circle
              cx="9"
              cy="7"
              r="4"
            />
            <path
              d="M22 21v-2a4 4 0 0 0-3-3.87"
            />
            <path
              d="M16 3.13a4 4 0 0 1 0 7.75"
            />
          </svg>
          <div>
            <h1
              class="text-2xl font-bold text-gray-900"
              data-testid="page-title"
            >
              Customers
            </h1>
            <p
              class="text-gray-600"
            >
              Manage your customer relationships
            </p>
          </div>
        </div>
        <div
          class="flex gap-2"
        >
          <button
            class="justify-center gap-2 whitespace-nowrap rounded-md text-sm font-medium ring-offset-background transition-colors focus-visible:outline-none focus-visible:ring-2 focus-visible:ring-ring focus-visible:ring-offset-2 disabled:pointer-events-none disabled:opacity-50 [&_svg]:pointer-events-none [&_svg]:size-4 [&_svg]:shrink-0 border border-input bg-background hover:bg-accent hover:text-accent-foreground h-10 px-4 py-2 flex items-center space-x-2"
          >
            <svg
              class="lucide lucide-test-tube h-4 w-4"
              fill="none"
              height="24"
              stroke="currentColor"
              stroke-linecap="round"
              stroke-linejoin="round"
              stroke-width="2"
              viewBox="0 0 24 24"
              width="24"
              xmlns="http://www.w3.org/2000/svg"
            >
              <path
                d="M14.5 2v17.5c0 1.4-1.1 2.5-2.5 2.5c-1.4 0-2.5-1.1-2.5-2.5V2"
              />
              <path
                d="M8.5 2h7"
              />
              <path
                d="M14.5 16h-5"
              />
            </svg>
            <span>
              Run All Tests
            </span>
          </button>
          <button
            class="justify-center gap-2 whitespace-nowrap rounded-md text-sm font-medium ring-offset-background transition-colors focus-visible:outline-none focus-visible:ring-2 focus-visible:ring-ring focus-visible:ring-offset-2 disabled:pointer-events-none disabled:opacity-50 [&_svg]:pointer-events-none [&_svg]:size-4 [&_svg]:shrink-0 border border-input bg-background hover:bg-accent hover:text-accent-foreground h-10 px-4 py-2 flex items-center space-x-2"
          >
            <svg
              class="lucide lucide-plus h-4 w-4"
              fill="none"
              height="24"
              stroke="currentColor"
              stroke-linecap="round"
              stroke-linejoin="round"
              stroke-width="2"
              viewBox="0 0 24 24"
              width="24"
              xmlns="http://www.w3.org/2000/svg"
            >
              <path
                d="M5 12h14"
              />
              <path
                d="M12 5v14"
              />
            </svg>
            <span>
              Add Demo Data
            </span>
          </button>
          <button
            class="justify-center gap-2 whitespace-nowrap rounded-md text-sm font-medium ring-offset-background transition-colors focus-visible:outline-none focus-visible:ring-2 focus-visible:ring-ring focus-visible:ring-offset-2 disabled:pointer-events-none disabled:opacity-50 [&_svg]:pointer-events-none [&_svg]:size-4 [&_svg]:shrink-0 border border-input bg-background hover:bg-accent hover:text-accent-foreground h-10 px-4 py-2 flex items-center space-x-2"
          >
            <svg
              class="lucide lucide-trash2 h-4 w-4"
              fill="none"
              height="24"
              stroke="currentColor"
              stroke-linecap="round"
              stroke-linejoin="round"
              stroke-width="2"
              viewBox="0 0 24 24"
              width="24"
              xmlns="http://www.w3.org/2000/svg"
            >
              <path
                d="M3 6h18"
              />
              <path
                d="M19 6v14c0 1-1 2-2 2H7c-1 0-2-1-2-2V6"
              />
              <path
                d="M8 6V4c0-1 1-2 2-2h4c1 0 2 1 2 2v2"
              />
              <line
                x1="10"
                x2="10"
                y1="11"
                y2="17"
              />...

Ignored nodes: comments, script, style
<html>
  <head />
  <body>
    <div>
      <div
        class="p-6"
      >
        <div
          class="flex justify-between items-center mb-6"
        >
          <div
            class="flex items-center space-x-3"
          >
            <svg
              class="lucide lucide-users h-8 w-8 text-blue-600"
              fill="none"
              height="24"
              stroke="currentColor"
              stroke-linecap="round"
              stroke-linejoin="round"
              stroke-width="2"
              viewBox="0 0 24 24"
              width="24"
              xmlns="http://www.w3.org/2000/svg"
            >
              <path
                d="M16 21v-2a4 4 0 0 0-4-4H6a4 4 0 0 0-4 4v2"
              />
              <circle
                cx="9"
                cy="7"
                r="4"
              />
              <path
                d="M22 21v-2a4 4 0 0 0-3-3.87"
              />
              <path
                d="M16 3.13a4 4 0 0 1 0 7.75"
              />
            </svg>
            <div>
              <h1
                class="text-2xl font-bold text-gray-900"
                data-testid="page-title"
              >
                Customers
              </h1>
              <p
                class="text-gray-600"
              >
                Manage your customer relationships
              </p>
            </div>
          </div>
          <div
            class="flex gap-2"
          >
            <button
              class="justify-center gap-2 whitespace-nowrap rounded-md text-sm font-medium ring-offset-background transition-colors focus-visible:outline-none focus-visible:ring-2 focus-visible:ring-ring focus-visible:ring-offset-2 disabled:pointer-events-none disabled:opacity-50 [&_svg]:pointer-events-none [&_svg]:size-4 [&_svg]:shrink-0 border border-input bg-background hover:bg-accent hover:text-accent-foreground h-10 px-4 py-2 flex items-center space-x-2"
            >
              <svg
                class="lucide lucide-test-tube h-4 w-4"
                fill="none"
                height="24"
                stroke="currentColor"
                stroke-linecap="round"
                stroke-linejoin="round"
                stroke-width="2"
                viewBox="0 0 24 24"
                width="24"
                xmlns="http://www.w3.org/2000/svg"
              >
                <path
                  d="M14.5 2v17.5c0 1.4-1.1 2.5-2.5 2.5c-1.4 0-2.5-1.1-2.5-2.5V2"
                />
                <path
                  d="M8.5 2h7"
                />
                <path
                  d="M14.5 16h-5"
                />
              </svg>
              <span>
                Run All Tests
              </span>
            </button>
            <button
              class="justify-center gap-2 whitespace-nowrap rounded-md text-sm font-medium ring-offset-background transition-colors focus-visible:outline-none focus-visible:ring-2 focus-visible:ring-ring focus-visible:ring-offset-2 disabled:pointer-events-none disabled:opacity-50 [&_svg]:pointer-events-none [&_svg]:size-4 [&_svg]:shrink-0 border border-input bg-background hover:bg-accent hover:text-accent-foreground h-10 px-4 py-2 flex items-center space-x-2"
            >
              <svg
                class="lucide lucide-plus h-4 w-4"
                fill="none"
                height="24"
                stroke="currentColor"
                stroke-linecap="round"
                stroke-linejoin="round"
                stroke-width="2"
                viewBox="0 0 24 24"
                width="24"
                xmlns="http://www.w3.org/2000/svg"
              >
                <path
                  d="M5 12h14"
                />
                <path
                  d="M12 5v14"
                />
              </svg>
              <span>
                Add Demo Data
              </span>
            </button>
            <button
              class="justify-center gap-2 whitespace-nowrap rounded-md text-sm font-medium ring-offset-background transition-colors focus-visible:outline-none focus-visible:ring-2 focus-visible:ring-ring focus-visible:ring-offset-2 disabled:pointer-events-none disabled:opacity-50 [&_svg]:pointer-events-none [&_svg]:size-4 [&_svg]:shrink-0 border border-input bg-background hover:bg-accent hover:text-accent-foreground h-10 px-4 py-2 flex items-center space-x-2"
            >
              <svg
                class="lucide lucide-trash2 h-4 w-4"
                fill="none"
                height="24"
                stroke="currentColor"
                stroke-linecap="round"
                stroke-linejoin="round"
                stroke-width="2"
                viewBox="0 0 24 24"
                width="24"
                xmlns="http://www.w3.org/2000/svg"
              >
                <path
                  d="M3 6h18"
                />
                <path
                  d="M19 6v14c0 1-1 2-2 2H7c-1 0-2-1-2-2V6"
                />
                <path
                  d[39...
 ❯ Proxy.waitForWrapper node_modules/@testing-library/dom/dist/wait-for.js:163:27
 ❯ src/test/unit/Customer.test.tsx:370:13
    368|       render(<Customers />)
    369| 
    370|       await waitFor(() => {
       |             ^
    371|         expect(screen.getByText('Test Customer')).toBeInTheDocument()
    372|       })

⎯⎯⎯⎯⎯⎯⎯⎯⎯⎯⎯⎯⎯⎯⎯⎯⎯⎯⎯⎯[164/218]⎯

 FAIL  src/test/unit/Customer.test.tsx > Customers Component > Accessibility > should have proper heading structure
Error: expect(element).toHaveTextContent()

Expected element to have text content:
  Customer Details
Received:
  Customers

Ignored nodes: comments, script, style
<html>
  <head />
  <body>
    <div>
      <div
        class="p-6"
      >
        <div
          class="flex justify-between items-center mb-6"
        >
          <div
            class="flex items-center space-x-3"
          >
            <svg
              class="lucide lucide-users h-8 w-8 text-blue-600"
              fill="none"
              height="24"
              stroke="currentColor"
              stroke-linecap="round"
              stroke-linejoin="round"
              stroke-width="2"
              viewBox="0 0 24 24"
              width="24"
              xmlns="http://www.w3.org/2000/svg"
            >
              <path
                d="M16 21v-2a4 4 0 0 0-4-4H6a4 4 0 0 0-4 4v2"
              />
              <circle
                cx="9"
                cy="7"
                r="4"
              />
              <path
                d="M22 21v-2a4 4 0 0 0-3-3.87"
              />
              <path
                d="M16 3.13a4 4 0 0 1 0 7.75"
              />
            </svg>
            <div>
              <h1
                class="text-2xl font-bold text-gray-900"
                data-testid="page-title"
              >
                Customers
              </h1>
              <p
                class="text-gray-600"
              >
                Manage your customer relationships
              </p>
            </div>
          </div>
          <div
            class="flex gap-2"
          >
            <button
              class="justify-center gap-2 whitespace-nowrap rounded-md text-sm font-medium ring-offset-background transition-colors focus-visible:outline-none focus-visible:ring-2 focus-visible:ring-ring focus-visible:ring-offset-2 disabled:pointer-events-none disabled:opacity-50 [&_svg]:pointer-events-none [&_svg]:size-4 [&_svg]:shrink-0 border border-input bg-background hover:bg-accent hover:text-accent-foreground h-10 px-4 py-2 flex items-center space-x-2"
            >
              <svg
                class="lucide lucide-test-tube h-4 w-4"
                fill="none"
                height="24"
                stroke="currentColor"
                stroke-linecap="round"
                stroke-linejoin="round"
                stroke-width="2"
                viewBox="0 0 24 24"
                width="24"
                xmlns="http://www.w3.org/2000/svg"
              >
                <path
                  d="M14.5 2v17.5c0 1.4-1.1 2.5-2.5 2.5c-1.4 0-2.5-1.1-2.5-2.5V2"
                />
                <path
                  d="M8.5 2h7"
                />
                <path
                  d="M14.5 16h-5"
                />
              </svg>
              <span>
                Run All Tests
              </span>
            </button>
            <button
              class="justify-center gap-2 whitespace-nowrap rounded-md text-sm font-medium ring-offset-background transition-colors focus-visible:outline-none focus-visible:ring-2 focus-visible:ring-ring focus-visible:ring-offset-2 disabled:pointer-events-none disabled:opacity-50 [&_svg]:pointer-events-none [&_svg]:size-4 [&_svg]:shrink-0 border border-input bg-background hover:bg-accent hover:text-accent-foreground h-10 px-4 py-2 flex items-center space-x-2"
            >
              <svg
                class="lucide lucide-plus h-4 w-4"
                fill="none"
                height="24"
                stroke="currentColor"
                stroke-linecap="round"
                stroke-linejoin="round"
                stroke-width="2"
                viewBox="0 0 24 24"
                width="24"
                xmlns="http://www.w3.org/2000/svg"
              >
                <path
                  d="M5 12h14"
                />
                <path
                  d="M12 5v14"
                />
              </svg>
              <span>
                Add Demo Data
              </span>
            </button>
            <button
              class="justify-center gap-2 whitespace-nowrap rounded-md text-sm font-medium ring-offset-background transition-colors focus-visible:outline-none focus-visible:ring-2 focus-visible:ring-ring focus-visible:ring-offset-2 disabled:pointer-events-none disabled:opacity-50 [&_svg]:pointer-events-none [&_svg]:size-4 [&_svg]:shrink-0 border border-input bg-background hover:bg-accent hover:text-accent-foreground h-10 px-4 py-2 flex items-center space-x-2"
            >
              <svg
                class="lucide lucide-trash2 h-4 w-4"
                fill="none"
                height="24"
                stroke="currentColor"
                stroke-linecap="round"
                stroke-linejoin="round"
                stroke-width="2"
                viewBox="0 0 24 24"
                width="24"
                xmlns="http://www.w3.org/2000/svg"
              >
                <path
                  d="M3 6h18"
                />
                <path
                  d="M19 6v14c0 1-1 2-2 2H7c-1 0-2-1-2-2V6"
                />
                <path
                  d[39...
 ❯ src/test/unit/Customer.test.tsx:388:59
    386| 
    387|       await waitFor(() => {
    388|         expect(screen.getByRole('heading', { level: 1 })).toHaveTextCo…
       |                                                           ^
    389|       })
    390|     })
 ❯ runWithExpensiveErrorDiagnosticsDisabled node_modules/@testing-library/dom/dist/config.js:47:12
 ❯ checkCallback node_modules/@testing-library/dom/dist/wait-for.js:124:77
 ❯ Timeout.checkRealTimersCallback node_modules/@testing-library/dom/dist/wait-for.js:118:16

⎯⎯⎯⎯⎯⎯⎯⎯⎯⎯⎯⎯⎯⎯⎯⎯⎯⎯⎯⎯[165/218]⎯

 FAIL  src/test/unit/Dashboard.test.tsx > Dashboard Component > Loading State > should show loading state initially
TestingLibraryElementError: Unable to find an element with the text: Loading.... This could be because the text is broken up by multiple elements. In this case, you can provide a function for your text matcher to make your matcher more flexible.

Ignored nodes: comments, script, style
<body>
  <div>
    <div
      class="fixed inset-0 z-50 flex items-center justify-center bg-background/80 backdrop-blur-sm"
    >
      <div
        class="flex flex-col items-center space-y-4"
      >
        <div
          class="animate-spin rounded-full border-2 border-gray-300 border-t-blue-600 h-8 w-8"
        />
        <p
          class="text-sm text-muted-foreground"
        >
          Loading dashboard data...
        </p>
      </div>
    </div>
  </div>
</body>
 ❯ Object.getElementError node_modules/@testing-library/dom/dist/config.js:37:19
 ❯ node_modules/@testing-library/dom/dist/query-helpers.js:76:38
 ❯ node_modules/@testing-library/dom/dist/query-helpers.js:52:17
 ❯ node_modules/@testing-library/dom/dist/query-helpers.js:95:19
 ❯ src/test/unit/Dashboard.test.tsx:57:21
     55|     it('should show loading state initially', () => {
     56|       render(<Dashboard />)
     57|       expect(screen.getByText('Loading...')).toBeInTheDocument()
       |                     ^
     58|     })
     59|   })

⎯⎯⎯⎯⎯⎯⎯⎯⎯⎯⎯⎯⎯⎯⎯⎯⎯⎯⎯⎯[166/218]⎯

 FAIL  src/test/unit/Dashboard.test.tsx > Dashboard Component > Dashboard Stats > should display customer statistics
TestingLibraryElementError: Unable to find an element with the text: 2. This could be because the text is broken up by multiple elements. In this case, you can provide a function for your text matcher to make your matcher more flexible.

Ignored nodes: comments, script, style
<body>
  <div>
    <div
      class="mx-auto px-4 sm:px-6 lg:px-8 max-w-7xl min-h-screen bg-background"
    >
      <div
        class="container mx-auto px-4 py-6 space-y-8"
      >
        <div
          class="flex flex-col sm:flex-row sm:items-center sm:justify-between gap-4"
        >
          <div
            class="space-y-2"
          >
            <h1
              class="text-4xl font-bold text-foreground tracking-tight"
              data-testid="page-title"
            >
              <span
                class="sr-only"
              >
                Dashboard for 
              </span>
              Dashboard
            </h1>
            <p
              class="text-lg text-muted-foreground"
            >
              Welcome back, 
              Test User
              ! Here's what's happening with your business.
            </p>
          </div>
          <div
            class="flex items-center gap-3"
          >
            <div
              class="inline-flex items-center rounded-full border text-xs font-semibold transition-colors focus:outline-none focus:ring-2 focus:ring-ring focus:ring-offset-2 text-foreground px-3 py-1"
            >
              <svg
                aria-hidden="true"
                class="lucide lucide-activity h-3 w-3 mr-1"
                fill="none"
                height="24"
                stroke="currentColor"
                stroke-linecap="round"
                stroke-linejoin="round"
                stroke-width="2"
                viewBox="0 0 24 24"
                width="24"
                xmlns="http://www.w3.org/2000/svg"
              >
                <path
                  d="M22 12h-2.48a2 2 0 0 0-1.93 1.46l-2.35 8.36a.25.25 0 0 1-.48 0L9.24 2.18a.25.25 0 0 0-.48 0l-2.35 8.36A2 2 0 0 1 4.49 12H2"
                />
              </svg>
              Live Data
            </div>
            <button
              aria-busy="false"
              aria-label="Refresh dashboard data"
              class="inline-flex items-center justify-center rounded-md text-sm font-medium focus-visible:outline-none focus-visible:ring-2 focus-visible:ring-ring focus-visible:ring-offset-2 disabled:pointer-events-none disabled:opacity-50 border border-input bg-background h-10 px-4 py-2 hover:bg-primary hover:text-primary-foreground transition-colors"
            >
              <svg
                aria-hidden="true"
                class="lucide lucide-refresh-cw h-4 w-4 mr-2"
                fill="none"
                height="24"
                stroke="currentColor"
                stroke-linecap="round"
                stroke-linejoin="round"
                stroke-width="2"
                viewBox="0 0 24 24"
                width="24"
                xmlns="http://www.w3.org/2000/svg"
              >
                <path
                  d="M3 12a9 9 0 0 1 9-9 9.75 9.75 0 0 1 6.74 2.74L21 8"
                />
                <path
                  d="M21 3v5h-5"
                />
                <path
                  d="M21 12a9 9 0 0 1-9 9 9.75 9.75 0 0 1-6.74-2.74L3 16"
                />
                <path
                  d="M8 16H3v5"
                />
              </svg>
              Refresh Data
            </button>
          </div>
        </div>
        <div
          class="grid md:grid-cols-3 grid-cols-1 sm:grid-cols-2 lg:grid-cols-4 gap-4 lg:gap-6 mb-8"
        >
          <div
            class="rounded-lg border bg-card text-card-foreground shadow p-4 md:p-6 hover:shadow-lg transition-all duration-200 hover:scale-[1.02] cursor-pointer group"
          >
            <div
              class="p-6"
            >
              <div
                class="flex items-center justify-between"
              >
                <div
                  class="space-y-2 flex-1"
                >
                  <div
                    class="flex items-center gap-2"
                  >
                    <p
                      class="text-sm font-medium text-muted-foreground"
                    >
                      Total Customers
                    </p>
                    <div
                      class="inline-flex items-center rounded-full border font-semibold transition-colors focus:outline-none focus:ring-2 focus:ring-ring focus:ring-offset-2 border-transparent bg-secondary text-secondary-foreground hover:bg-secondary/80 text-xs px-2 py-0.5"
                    >
                      Active customer base
                    </div>
                  </div>
                  <p
                    class="text-3xl font-bold text-foreground tracking-tight"
                  >
                    0
                  </p>
                  <div
                    class="flex items-center gap-1"
                  >
                    <svg
                      aria-hidden="true"
                      class="lucide lucide-arrow-up-right h-4 w-4 text-green-600"
                      fill="none"
                      height="24"
                      stroke="currentColor"
                      stroke-linecap="round"[39...

Ignored nodes: comments, script, style
<html>
  <head />
  <body>
    <div>
      <div
        class="mx-auto px-4 sm:px-6 lg:px-8 max-w-7xl min-h-screen bg-background"
      >
        <div
          class="container mx-auto px-4 py-6 space-y-8"
        >
          <div
            class="flex flex-col sm:flex-row sm:items-center sm:justify-between gap-4"
          >
            <div
              class="space-y-2"
            >
              <h1
                class="text-4xl font-bold text-foreground tracking-tight"
                data-testid="page-title"
              >
                <span
                  class="sr-only"
                >
                  Dashboard for 
                </span>
                Dashboard
              </h1>
              <p
                class="text-lg text-muted-foreground"
              >
                Welcome back, 
                Test User
                ! Here's what's happening with your business.
              </p>
            </div>
            <div
              class="flex items-center gap-3"
            >
              <div
                class="inline-flex items-center rounded-full border text-xs font-semibold transition-colors focus:outline-none focus:ring-2 focus:ring-ring focus:ring-offset-2 text-foreground px-3 py-1"
              >
                <svg
                  aria-hidden="true"
                  class="lucide lucide-activity h-3 w-3 mr-1"
                  fill="none"
                  height="24"
                  stroke="currentColor"
                  stroke-linecap="round"
                  stroke-linejoin="round"
                  stroke-width="2"
                  viewBox="0 0 24 24"
                  width="24"
                  xmlns="http://www.w3.org/2000/svg"
                >
                  <path
                    d="M22 12h-2.48a2 2 0 0 0-1.93 1.46l-2.35 8.36a.25.25 0 0 1-.48 0L9.24 2.18a.25.25 0 0 0-.48 0l-2.35 8.36A2 2 0 0 1 4.49 12H2"
                  />
                </svg>
                Live Data
              </div>
              <button
                aria-busy="false"
                aria-label="Refresh dashboard data"
                class="inline-flex items-center justify-center rounded-md text-sm font-medium focus-visible:outline-none focus-visible:ring-2 focus-visible:ring-ring focus-visible:ring-offset-2 disabled:pointer-events-none disabled:opacity-50 border border-input bg-background h-10 px-4 py-2 hover:bg-primary hover:text-primary-foreground transition-colors"
              >
                <svg
                  aria-hidden="true"
                  class="lucide lucide-refresh-cw h-4 w-4 mr-2"
                  fill="none"
                  height="24"
                  stroke="currentColor"
                  stroke-linecap="round"
                  stroke-linejoin="round"
                  stroke-width="2"
                  viewBox="0 0 24 24"
                  width="24"
                  xmlns="http://www.w3.org/2000/svg"
                >
                  <path
                    d="M3 12a9 9 0 0 1 9-9 9.75 9.75 0 0 1 6.74 2.74L21 8"
                  />
                  <path
                    d="M21 3v5h-5"
                  />
                  <path
                    d="M21 12a9 9 0 0 1-9 9 9.75 9.75 0 0 1-6.74-2.74L3 16"
                  />
                  <path
                    d="M8 16H3v5"
                  />
                </svg>
                Refresh Data
              </button>
            </div>
          </div>
          <div
            class="grid md:grid-cols-3 grid-cols-1 sm:grid-cols-2 lg:grid-cols-4 gap-4 lg:gap-6 mb-8"
          >
            <div
              class="rounded-lg border bg-card text-card-foreground shadow p-4 md:p-6 hover:shadow-lg transition-all duration-200 hover:scale-[1.02] cursor-pointer group"
            >
              <div
                class="p-6"
              >
                <div
                  class="flex items-center justify-between"
                >
                  <div
                    class="space-y-2 flex-1"
                  >
                    <div
                      class="flex items-center gap-2"
                    >
                      <p
                        class="text-sm font-medium text-muted-foreground"
                      >
                        Total Customers
                      </p>
                      <div
                        class="inline-flex items-center rounded-full border font-semibold transition-colors focus:outline-none focus:ring-2 focus:ring-ring focus:ring-offset-2 border-transparent bg-secondary text-secondary-foreground hover:bg-secondary/80 text-xs px-2 py-0.5"
                      >
                        Active customer base
                      </div>
                    </div>
                    <p
                      class="text-3xl font-bold text-foreground tracking-tight"
                    >
                      0
                    </p>
                    <div
                      class="flex items-center gap-1"
                    >
                      <svg
                        aria-hidden="true"
                        class...
 ❯ Proxy.waitForWrapper node_modules/@testing-library/dom/dist/wait-for.js:163:27
 ❯ src/test/unit/Dashboard.test.tsx:65:13
     63|       render(<Dashboard />)
     64| 
     65|       await waitFor(() => {
       |             ^
     66|         expect(screen.getByText('Total Customers')).toBeInTheDocument()
     67|         expect(screen.getByText('2')).toBeInTheDocument()

⎯⎯⎯⎯⎯⎯⎯⎯⎯⎯⎯⎯⎯⎯⎯⎯⎯⎯⎯⎯[167/218]⎯

 FAIL  src/test/unit/Dashboard.test.tsx > Dashboard Component > Dashboard Stats > should display lead statistics
TestingLibraryElementError: Unable to find an element with the text: Total Leads. This could be because the text is broken up by multiple elements. In this case, you can provide a function for your text matcher to make your matcher more flexible.

Ignored nodes: comments, script, style
<body>
  <div>
    <div
      class="mx-auto px-4 sm:px-6 lg:px-8 max-w-7xl min-h-screen bg-background"
    >
      <div
        class="container mx-auto px-4 py-6 space-y-8"
      >
        <div
          class="flex flex-col sm:flex-row sm:items-center sm:justify-between gap-4"
        >
          <div
            class="space-y-2"
          >
            <h1
              class="text-4xl font-bold text-foreground tracking-tight"
              data-testid="page-title"
            >
              <span
                class="sr-only"
              >
                Dashboard for 
              </span>
              Dashboard
            </h1>
            <p
              class="text-lg text-muted-foreground"
            >
              Welcome back, 
              Test User
              ! Here's what's happening with your business.
            </p>
          </div>
          <div
            class="flex items-center gap-3"
          >
            <div
              class="inline-flex items-center rounded-full border text-xs font-semibold transition-colors focus:outline-none focus:ring-2 focus:ring-ring focus:ring-offset-2 text-foreground px-3 py-1"
            >
              <svg
                aria-hidden="true"
                class="lucide lucide-activity h-3 w-3 mr-1"
                fill="none"
                height="24"
                stroke="currentColor"
                stroke-linecap="round"
                stroke-linejoin="round"
                stroke-width="2"
                viewBox="0 0 24 24"
                width="24"
                xmlns="http://www.w3.org/2000/svg"
              >
                <path
                  d="M22 12h-2.48a2 2 0 0 0-1.93 1.46l-2.35 8.36a.25.25 0 0 1-.48 0L9.24 2.18a.25.25 0 0 0-.48 0l-2.35 8.36A2 2 0 0 1 4.49 12H2"
                />
              </svg>
              Live Data
            </div>
            <button
              aria-busy="false"
              aria-label="Refresh dashboard data"
              class="inline-flex items-center justify-center rounded-md text-sm font-medium focus-visible:outline-none focus-visible:ring-2 focus-visible:ring-ring focus-visible:ring-offset-2 disabled:pointer-events-none disabled:opacity-50 border border-input bg-background h-10 px-4 py-2 hover:bg-primary hover:text-primary-foreground transition-colors"
            >
              <svg
                aria-hidden="true"
                class="lucide lucide-refresh-cw h-4 w-4 mr-2"
                fill="none"
                height="24"
                stroke="currentColor"
                stroke-linecap="round"
                stroke-linejoin="round"
                stroke-width="2"
                viewBox="0 0 24 24"
                width="24"
                xmlns="http://www.w3.org/2000/svg"
              >
                <path
                  d="M3 12a9 9 0 0 1 9-9 9.75 9.75 0 0 1 6.74 2.74L21 8"
                />
                <path
                  d="M21 3v5h-5"
                />
                <path
                  d="M21 12a9 9 0 0 1-9 9 9.75 9.75 0 0 1-6.74-2.74L3 16"
                />
                <path
                  d="M8 16H3v5"
                />
              </svg>
              Refresh Data
            </button>
          </div>
        </div>
        <div
          class="grid md:grid-cols-3 grid-cols-1 sm:grid-cols-2 lg:grid-cols-4 gap-4 lg:gap-6 mb-8"
        >
          <div
            class="rounded-lg border bg-card text-card-foreground shadow p-4 md:p-6 hover:shadow-lg transition-all duration-200 hover:scale-[1.02] cursor-pointer group"
          >
            <div
              class="p-6"
            >
              <div
                class="flex items-center justify-between"
              >
                <div
                  class="space-y-2 flex-1"
                >
                  <div
                    class="flex items-center gap-2"
                  >
                    <p
                      class="text-sm font-medium text-muted-foreground"
                    >
                      Total Customers
                    </p>
                    <div
                      class="inline-flex items-center rounded-full border font-semibold transition-colors focus:outline-none focus:ring-2 focus:ring-ring focus:ring-offset-2 border-transparent bg-secondary text-secondary-foreground hover:bg-secondary/80 text-xs px-2 py-0.5"
                    >
                      Active customer base
                    </div>
                  </div>
                  <p
                    class="text-3xl font-bold text-foreground tracking-tight"
                  >
                    0
                  </p>
                  <div
                    class="flex items-center gap-1"
                  >
                    <svg
                      aria-hidden="true"
                      class="lucide lucide-arrow-up-right h-4 w-4 text-green-600"
                      fill="none"
                      height="24"
                      stroke="currentColor"
                      stroke-linecap="round"[39...

Ignored nodes: comments, script, style
<html>
  <head />
  <body>
    <div>
      <div
        class="mx-auto px-4 sm:px-6 lg:px-8 max-w-7xl min-h-screen bg-background"
      >
        <div
          class="container mx-auto px-4 py-6 space-y-8"
        >
          <div
            class="flex flex-col sm:flex-row sm:items-center sm:justify-between gap-4"
          >
            <div
              class="space-y-2"
            >
              <h1
                class="text-4xl font-bold text-foreground tracking-tight"
                data-testid="page-title"
              >
                <span
                  class="sr-only"
                >
                  Dashboard for 
                </span>
                Dashboard
              </h1>
              <p
                class="text-lg text-muted-foreground"
              >
                Welcome back, 
                Test User
                ! Here's what's happening with your business.
              </p>
            </div>
            <div
              class="flex items-center gap-3"
            >
              <div
                class="inline-flex items-center rounded-full border text-xs font-semibold transition-colors focus:outline-none focus:ring-2 focus:ring-ring focus:ring-offset-2 text-foreground px-3 py-1"
              >
                <svg
                  aria-hidden="true"
                  class="lucide lucide-activity h-3 w-3 mr-1"
                  fill="none"
                  height="24"
                  stroke="currentColor"
                  stroke-linecap="round"
                  stroke-linejoin="round"
                  stroke-width="2"
                  viewBox="0 0 24 24"
                  width="24"
                  xmlns="http://www.w3.org/2000/svg"
                >
                  <path
                    d="M22 12h-2.48a2 2 0 0 0-1.93 1.46l-2.35 8.36a.25.25 0 0 1-.48 0L9.24 2.18a.25.25 0 0 0-.48 0l-2.35 8.36A2 2 0 0 1 4.49 12H2"
                  />
                </svg>
                Live Data
              </div>
              <button
                aria-busy="false"
                aria-label="Refresh dashboard data"
                class="inline-flex items-center justify-center rounded-md text-sm font-medium focus-visible:outline-none focus-visible:ring-2 focus-visible:ring-ring focus-visible:ring-offset-2 disabled:pointer-events-none disabled:opacity-50 border border-input bg-background h-10 px-4 py-2 hover:bg-primary hover:text-primary-foreground transition-colors"
              >
                <svg
                  aria-hidden="true"
                  class="lucide lucide-refresh-cw h-4 w-4 mr-2"
                  fill="none"
                  height="24"
                  stroke="currentColor"
                  stroke-linecap="round"
                  stroke-linejoin="round"
                  stroke-width="2"
                  viewBox="0 0 24 24"
                  width="24"
                  xmlns="http://www.w3.org/2000/svg"
                >
                  <path
                    d="M3 12a9 9 0 0 1 9-9 9.75 9.75 0 0 1 6.74 2.74L21 8"
                  />
                  <path
                    d="M21 3v5h-5"
                  />
                  <path
                    d="M21 12a9 9 0 0 1-9 9 9.75 9.75 0 0 1-6.74-2.74L3 16"
                  />
                  <path
                    d="M8 16H3v5"
                  />
                </svg>
                Refresh Data
              </button>
            </div>
          </div>
          <div
            class="grid md:grid-cols-3 grid-cols-1 sm:grid-cols-2 lg:grid-cols-4 gap-4 lg:gap-6 mb-8"
          >
            <div
              class="rounded-lg border bg-card text-card-foreground shadow p-4 md:p-6 hover:shadow-lg transition-all duration-200 hover:scale-[1.02] cursor-pointer group"
            >
              <div
                class="p-6"
              >
                <div
                  class="flex items-center justify-between"
                >
                  <div
                    class="space-y-2 flex-1"
                  >
                    <div
                      class="flex items-center gap-2"
                    >
                      <p
                        class="text-sm font-medium text-muted-foreground"
                      >
                        Total Customers
                      </p>
                      <div
                        class="inline-flex items-center rounded-full border font-semibold transition-colors focus:outline-none focus:ring-2 focus:ring-ring focus:ring-offset-2 border-transparent bg-secondary text-secondary-foreground hover:bg-secondary/80 text-xs px-2 py-0.5"
                      >
                        Active customer base
                      </div>
                    </div>
                    <p
                      class="text-3xl font-bold text-foreground tracking-tight"
                    >
                      0
                    </p>
                    <div
                      class="flex items-center gap-1"
                    >
                      <svg
                        aria-hidden="true"
                        class...
 ❯ Proxy.waitForWrapper node_modules/@testing-library/dom/dist/wait-for.js:163:27
 ❯ src/test/unit/Dashboard.test.tsx:74:13
     72|       render(<Dashboard />)
     73| 
     74|       await waitFor(() => {
       |             ^
     75|         expect(screen.getByText('Total Leads')).toBeInTheDocument()
     76|         expect(screen.getByText('2')).toBeInTheDocument()

⎯⎯⎯⎯⎯⎯⎯⎯⎯⎯⎯⎯⎯⎯⎯⎯⎯⎯⎯⎯[168/218]⎯

 FAIL  src/test/unit/Dashboard.test.tsx > Dashboard Component > Dashboard Stats > should display deal statistics
TestingLibraryElementError: Unable to find an element with the text: Total Deals. This could be because the text is broken up by multiple elements. In this case, you can provide a function for your text matcher to make your matcher more flexible.

Ignored nodes: comments, script, style
<body>
  <div>
    <div
      class="mx-auto px-4 sm:px-6 lg:px-8 max-w-7xl min-h-screen bg-background"
    >
      <div
        class="container mx-auto px-4 py-6 space-y-8"
      >
        <div
          class="flex flex-col sm:flex-row sm:items-center sm:justify-between gap-4"
        >
          <div
            class="space-y-2"
          >
            <h1
              class="text-4xl font-bold text-foreground tracking-tight"
              data-testid="page-title"
            >
              <span
                class="sr-only"
              >
                Dashboard for 
              </span>
              Dashboard
            </h1>
            <p
              class="text-lg text-muted-foreground"
            >
              Welcome back, 
              Test User
              ! Here's what's happening with your business.
            </p>
          </div>
          <div
            class="flex items-center gap-3"
          >
            <div
              class="inline-flex items-center rounded-full border text-xs font-semibold transition-colors focus:outline-none focus:ring-2 focus:ring-ring focus:ring-offset-2 text-foreground px-3 py-1"
            >
              <svg
                aria-hidden="true"
                class="lucide lucide-activity h-3 w-3 mr-1"
                fill="none"
                height="24"
                stroke="currentColor"
                stroke-linecap="round"
                stroke-linejoin="round"
                stroke-width="2"
                viewBox="0 0 24 24"
                width="24"
                xmlns="http://www.w3.org/2000/svg"
              >
                <path
                  d="M22 12h-2.48a2 2 0 0 0-1.93 1.46l-2.35 8.36a.25.25 0 0 1-.48 0L9.24 2.18a.25.25 0 0 0-.48 0l-2.35 8.36A2 2 0 0 1 4.49 12H2"
                />
              </svg>
              Live Data
            </div>
            <button
              aria-busy="false"
              aria-label="Refresh dashboard data"
              class="inline-flex items-center justify-center rounded-md text-sm font-medium focus-visible:outline-none focus-visible:ring-2 focus-visible:ring-ring focus-visible:ring-offset-2 disabled:pointer-events-none disabled:opacity-50 border border-input bg-background h-10 px-4 py-2 hover:bg-primary hover:text-primary-foreground transition-colors"
            >
              <svg
                aria-hidden="true"
                class="lucide lucide-refresh-cw h-4 w-4 mr-2"
                fill="none"
                height="24"
                stroke="currentColor"
                stroke-linecap="round"
                stroke-linejoin="round"
                stroke-width="2"
                viewBox="0 0 24 24"
                width="24"
                xmlns="http://www.w3.org/2000/svg"
              >
                <path
                  d="M3 12a9 9 0 0 1 9-9 9.75 9.75 0 0 1 6.74 2.74L21 8"
                />
                <path
                  d="M21 3v5h-5"
                />
                <path
                  d="M21 12a9 9 0 0 1-9 9 9.75 9.75 0 0 1-6.74-2.74L3 16"
                />
                <path
                  d="M8 16H3v5"
                />
              </svg>
              Refresh Data
            </button>
          </div>
        </div>
        <div
          class="grid md:grid-cols-3 grid-cols-1 sm:grid-cols-2 lg:grid-cols-4 gap-4 lg:gap-6 mb-8"
        >
          <div
            class="rounded-lg border bg-card text-card-foreground shadow p-4 md:p-6 hover:shadow-lg transition-all duration-200 hover:scale-[1.02] cursor-pointer group"
          >
            <div
              class="p-6"
            >
              <div
                class="flex items-center justify-between"
              >
                <div
                  class="space-y-2 flex-1"
                >
                  <div
                    class="flex items-center gap-2"
                  >
                    <p
                      class="text-sm font-medium text-muted-foreground"
                    >
                      Total Customers
                    </p>
                    <div
                      class="inline-flex items-center rounded-full border font-semibold transition-colors focus:outline-none focus:ring-2 focus:ring-ring focus:ring-offset-2 border-transparent bg-secondary text-secondary-foreground hover:bg-secondary/80 text-xs px-2 py-0.5"
                    >
                      Active customer base
                    </div>
                  </div>
                  <p
                    class="text-3xl font-bold text-foreground tracking-tight"
                  >
                    0
                  </p>
                  <div
                    class="flex items-center gap-1"
                  >
                    <svg
                      aria-hidden="true"
                      class="lucide lucide-arrow-up-right h-4 w-4 text-green-600"
                      fill="none"
                      height="24"
                      stroke="currentColor"
                      stroke-linecap="round"[39...

Ignored nodes: comments, script, style
<html>
  <head />
  <body>
    <div>
      <div
        class="mx-auto px-4 sm:px-6 lg:px-8 max-w-7xl min-h-screen bg-background"
      >
        <div
          class="container mx-auto px-4 py-6 space-y-8"
        >
          <div
            class="flex flex-col sm:flex-row sm:items-center sm:justify-between gap-4"
          >
            <div
              class="space-y-2"
            >
              <h1
                class="text-4xl font-bold text-foreground tracking-tight"
                data-testid="page-title"
              >
                <span
                  class="sr-only"
                >
                  Dashboard for 
                </span>
                Dashboard
              </h1>
              <p
                class="text-lg text-muted-foreground"
              >
                Welcome back, 
                Test User
                ! Here's what's happening with your business.
              </p>
            </div>
            <div
              class="flex items-center gap-3"
            >
              <div
                class="inline-flex items-center rounded-full border text-xs font-semibold transition-colors focus:outline-none focus:ring-2 focus:ring-ring focus:ring-offset-2 text-foreground px-3 py-1"
              >
                <svg
                  aria-hidden="true"
                  class="lucide lucide-activity h-3 w-3 mr-1"
                  fill="none"
                  height="24"
                  stroke="currentColor"
                  stroke-linecap="round"
                  stroke-linejoin="round"
                  stroke-width="2"
                  viewBox="0 0 24 24"
                  width="24"
                  xmlns="http://www.w3.org/2000/svg"
                >
                  <path
                    d="M22 12h-2.48a2 2 0 0 0-1.93 1.46l-2.35 8.36a.25.25 0 0 1-.48 0L9.24 2.18a.25.25 0 0 0-.48 0l-2.35 8.36A2 2 0 0 1 4.49 12H2"
                  />
                </svg>
                Live Data
              </div>
              <button
                aria-busy="false"
                aria-label="Refresh dashboard data"
                class="inline-flex items-center justify-center rounded-md text-sm font-medium focus-visible:outline-none focus-visible:ring-2 focus-visible:ring-ring focus-visible:ring-offset-2 disabled:pointer-events-none disabled:opacity-50 border border-input bg-background h-10 px-4 py-2 hover:bg-primary hover:text-primary-foreground transition-colors"
              >
                <svg
                  aria-hidden="true"
                  class="lucide lucide-refresh-cw h-4 w-4 mr-2"
                  fill="none"
                  height="24"
                  stroke="currentColor"
                  stroke-linecap="round"
                  stroke-linejoin="round"
                  stroke-width="2"
                  viewBox="0 0 24 24"
                  width="24"
                  xmlns="http://www.w3.org/2000/svg"
                >
                  <path
                    d="M3 12a9 9 0 0 1 9-9 9.75 9.75 0 0 1 6.74 2.74L21 8"
                  />
                  <path
                    d="M21 3v5h-5"
                  />
                  <path
                    d="M21 12a9 9 0 0 1-9 9 9.75 9.75 0 0 1-6.74-2.74L3 16"
                  />
                  <path
                    d="M8 16H3v5"
                  />
                </svg>
                Refresh Data
              </button>
            </div>
          </div>
          <div
            class="grid md:grid-cols-3 grid-cols-1 sm:grid-cols-2 lg:grid-cols-4 gap-4 lg:gap-6 mb-8"
          >
            <div
              class="rounded-lg border bg-card text-card-foreground shadow p-4 md:p-6 hover:shadow-lg transition-all duration-200 hover:scale-[1.02] cursor-pointer group"
            >
              <div
                class="p-6"
              >
                <div
                  class="flex items-center justify-between"
                >
                  <div
                    class="space-y-2 flex-1"
                  >
                    <div
                      class="flex items-center gap-2"
                    >
                      <p
                        class="text-sm font-medium text-muted-foreground"
                      >
                        Total Customers
                      </p>
                      <div
                        class="inline-flex items-center rounded-full border font-semibold transition-colors focus:outline-none focus:ring-2 focus:ring-ring focus:ring-offset-2 border-transparent bg-secondary text-secondary-foreground hover:bg-secondary/80 text-xs px-2 py-0.5"
                      >
                        Active customer base
                      </div>
                    </div>
                    <p
                      class="text-3xl font-bold text-foreground tracking-tight"
                    >
                      0
                    </p>
                    <div
                      class="flex items-center gap-1"
                    >
                      <svg
                        aria-hidden="true"
                        class...
 ❯ Proxy.waitForWrapper node_modules/@testing-library/dom/dist/wait-for.js:163:27
 ❯ src/test/unit/Dashboard.test.tsx:83:13
     81|       render(<Dashboard />)
     82| 
     83|       await waitFor(() => {
       |             ^
     84|         expect(screen.getByText('Total Deals')).toBeInTheDocument()
     85|         expect(screen.getByText('Pipeline Value')).toBeInTheDocument()

⎯⎯⎯⎯⎯⎯⎯⎯⎯⎯⎯⎯⎯⎯⎯⎯⎯⎯⎯⎯[169/218]⎯

 FAIL  src/test/unit/Dashboard.test.tsx > Dashboard Component > Charts and Visualizations > should render leads conversion chart
TestingLibraryElementError: Unable to find an element with the text: Lead Conversion Trend. This could be because the text is broken up by multiple elements. In this case, you can provide a function for your text matcher to make your matcher more flexible.

Ignored nodes: comments, script, style
<body>
  <div>
    <div
      class="mx-auto px-4 sm:px-6 lg:px-8 max-w-7xl min-h-screen bg-background"
    >
      <div
        class="container mx-auto px-4 py-6 space-y-8"
      >
        <div
          class="flex flex-col sm:flex-row sm:items-center sm:justify-between gap-4"
        >
          <div
            class="space-y-2"
          >
            <h1
              class="text-4xl font-bold text-foreground tracking-tight"
              data-testid="page-title"
            >
              <span
                class="sr-only"
              >
                Dashboard for 
              </span>
              Dashboard
            </h1>
            <p
              class="text-lg text-muted-foreground"
            >
              Welcome back, 
              Test User
              ! Here's what's happening with your business.
            </p>
          </div>
          <div
            class="flex items-center gap-3"
          >
            <div
              class="inline-flex items-center rounded-full border text-xs font-semibold transition-colors focus:outline-none focus:ring-2 focus:ring-ring focus:ring-offset-2 text-foreground px-3 py-1"
            >
              <svg
                aria-hidden="true"
                class="lucide lucide-activity h-3 w-3 mr-1"
                fill="none"
                height="24"
                stroke="currentColor"
                stroke-linecap="round"
                stroke-linejoin="round"
                stroke-width="2"
                viewBox="0 0 24 24"
                width="24"
                xmlns="http://www.w3.org/2000/svg"
              >
                <path
                  d="M22 12h-2.48a2 2 0 0 0-1.93 1.46l-2.35 8.36a.25.25 0 0 1-.48 0L9.24 2.18a.25.25 0 0 0-.48 0l-2.35 8.36A2 2 0 0 1 4.49 12H2"
                />
              </svg>
              Live Data
            </div>
            <button
              aria-busy="false"
              aria-label="Refresh dashboard data"
              class="inline-flex items-center justify-center rounded-md text-sm font-medium focus-visible:outline-none focus-visible:ring-2 focus-visible:ring-ring focus-visible:ring-offset-2 disabled:pointer-events-none disabled:opacity-50 border border-input bg-background h-10 px-4 py-2 hover:bg-primary hover:text-primary-foreground transition-colors"
            >
              <svg
                aria-hidden="true"
                class="lucide lucide-refresh-cw h-4 w-4 mr-2"
                fill="none"
                height="24"
                stroke="currentColor"
                stroke-linecap="round"
                stroke-linejoin="round"
                stroke-width="2"
                viewBox="0 0 24 24"
                width="24"
                xmlns="http://www.w3.org/2000/svg"
              >
                <path
                  d="M3 12a9 9 0 0 1 9-9 9.75 9.75 0 0 1 6.74 2.74L21 8"
                />
                <path
                  d="M21 3v5h-5"
                />
                <path
                  d="M21 12a9 9 0 0 1-9 9 9.75 9.75 0 0 1-6.74-2.74L3 16"
                />
                <path
                  d="M8 16H3v5"
                />
              </svg>
              Refresh Data
            </button>
          </div>
        </div>
        <div
          class="grid md:grid-cols-3 grid-cols-1 sm:grid-cols-2 lg:grid-cols-4 gap-4 lg:gap-6 mb-8"
        >
          <div
            class="rounded-lg border bg-card text-card-foreground shadow p-4 md:p-6 hover:shadow-lg transition-all duration-200 hover:scale-[1.02] cursor-pointer group"
          >
            <div
              class="p-6"
            >
              <div
                class="flex items-center justify-between"
              >
                <div
                  class="space-y-2 flex-1"
                >
                  <div
                    class="flex items-center gap-2"
                  >
                    <p
                      class="text-sm font-medium text-muted-foreground"
                    >
                      Total Customers
                    </p>
                    <div
                      class="inline-flex items-center rounded-full border font-semibold transition-colors focus:outline-none focus:ring-2 focus:ring-ring focus:ring-offset-2 border-transparent bg-secondary text-secondary-foreground hover:bg-secondary/80 text-xs px-2 py-0.5"
                    >
                      Active customer base
                    </div>
                  </div>
                  <p
                    class="text-3xl font-bold text-foreground tracking-tight"
                  >
                    0
                  </p>
                  <div
                    class="flex items-center gap-1"
                  >
                    <svg
                      aria-hidden="true"
                      class="lucide lucide-arrow-up-right h-4 w-4 text-green-600"
                      fill="none"
                      height="24"
                      stroke="currentColor"
                      stroke-linecap="round"[39...

Ignored nodes: comments, script, style
<html>
  <head />
  <body>
    <div>
      <div
        class="mx-auto px-4 sm:px-6 lg:px-8 max-w-7xl min-h-screen bg-background"
      >
        <div
          class="container mx-auto px-4 py-6 space-y-8"
        >
          <div
            class="flex flex-col sm:flex-row sm:items-center sm:justify-between gap-4"
          >
            <div
              class="space-y-2"
            >
              <h1
                class="text-4xl font-bold text-foreground tracking-tight"
                data-testid="page-title"
              >
                <span
                  class="sr-only"
                >
                  Dashboard for 
                </span>
                Dashboard
              </h1>
              <p
                class="text-lg text-muted-foreground"
              >
                Welcome back, 
                Test User
                ! Here's what's happening with your business.
              </p>
            </div>
            <div
              class="flex items-center gap-3"
            >
              <div
                class="inline-flex items-center rounded-full border text-xs font-semibold transition-colors focus:outline-none focus:ring-2 focus:ring-ring focus:ring-offset-2 text-foreground px-3 py-1"
              >
                <svg
                  aria-hidden="true"
                  class="lucide lucide-activity h-3 w-3 mr-1"
                  fill="none"
                  height="24"
                  stroke="currentColor"
                  stroke-linecap="round"
                  stroke-linejoin="round"
                  stroke-width="2"
                  viewBox="0 0 24 24"
                  width="24"
                  xmlns="http://www.w3.org/2000/svg"
                >
                  <path
                    d="M22 12h-2.48a2 2 0 0 0-1.93 1.46l-2.35 8.36a.25.25 0 0 1-.48 0L9.24 2.18a.25.25 0 0 0-.48 0l-2.35 8.36A2 2 0 0 1 4.49 12H2"
                  />
                </svg>
                Live Data
              </div>
              <button
                aria-busy="false"
                aria-label="Refresh dashboard data"
                class="inline-flex items-center justify-center rounded-md text-sm font-medium focus-visible:outline-none focus-visible:ring-2 focus-visible:ring-ring focus-visible:ring-offset-2 disabled:pointer-events-none disabled:opacity-50 border border-input bg-background h-10 px-4 py-2 hover:bg-primary hover:text-primary-foreground transition-colors"
              >
                <svg
                  aria-hidden="true"
                  class="lucide lucide-refresh-cw h-4 w-4 mr-2"
                  fill="none"
                  height="24"
                  stroke="currentColor"
                  stroke-linecap="round"
                  stroke-linejoin="round"
                  stroke-width="2"
                  viewBox="0 0 24 24"
                  width="24"
                  xmlns="http://www.w3.org/2000/svg"
                >
                  <path
                    d="M3 12a9 9 0 0 1 9-9 9.75 9.75 0 0 1 6.74 2.74L21 8"
                  />
                  <path
                    d="M21 3v5h-5"
                  />
                  <path
                    d="M21 12a9 9 0 0 1-9 9 9.75 9.75 0 0 1-6.74-2.74L3 16"
                  />
                  <path
                    d="M8 16H3v5"
                  />
                </svg>
                Refresh Data
              </button>
            </div>
          </div>
          <div
            class="grid md:grid-cols-3 grid-cols-1 sm:grid-cols-2 lg:grid-cols-4 gap-4 lg:gap-6 mb-8"
          >
            <div
              class="rounded-lg border bg-card text-card-foreground shadow p-4 md:p-6 hover:shadow-lg transition-all duration-200 hover:scale-[1.02] cursor-pointer group"
            >
              <div
                class="p-6"
              >
                <div
                  class="flex items-center justify-between"
                >
                  <div
                    class="space-y-2 flex-1"
                  >
                    <div
                      class="flex items-center gap-2"
                    >
                      <p
                        class="text-sm font-medium text-muted-foreground"
                      >
                        Total Customers
                      </p>
                      <div
                        class="inline-flex items-center rounded-full border font-semibold transition-colors focus:outline-none focus:ring-2 focus:ring-ring focus:ring-offset-2 border-transparent bg-secondary text-secondary-foreground hover:bg-secondary/80 text-xs px-2 py-0.5"
                      >
                        Active customer base
                      </div>
                    </div>
                    <p
                      class="text-3xl font-bold text-foreground tracking-tight"
                    >
                      0
                    </p>
                    <div
                      class="flex items-center gap-1"
                    >
                      <svg
                        aria-hidden="true"
                        class...
 ❯ Proxy.waitForWrapper node_modules/@testing-library/dom/dist/wait-for.js:163:27
 ❯ src/test/unit/Dashboard.test.tsx:113:13
    111|       render(<Dashboard />)
    112| 
    113|       await waitFor(() => {
       |             ^
    114|         expect(screen.getByTestId('line-chart')).toBeInTheDocument()
    115|         expect(screen.getByText('Lead Conversion Trend')).toBeInTheDoc…

⎯⎯⎯⎯⎯⎯⎯⎯⎯⎯⎯⎯⎯⎯⎯⎯⎯⎯⎯⎯[170/218]⎯

 FAIL  src/test/unit/Dashboard.test.tsx > Dashboard Component > Recent Activities > should display recent customers
TestingLibraryElementError: Unable to find an element with the text: Recent Customers. This could be because the text is broken up by multiple elements. In this case, you can provide a function for your text matcher to make your matcher more flexible.

Ignored nodes: comments, script, style
<body>
  <div>
    <div
      class="mx-auto px-4 sm:px-6 lg:px-8 max-w-7xl min-h-screen bg-background"
    >
      <div
        class="container mx-auto px-4 py-6 space-y-8"
      >
        <div
          class="flex flex-col sm:flex-row sm:items-center sm:justify-between gap-4"
        >
          <div
            class="space-y-2"
          >
            <h1
              class="text-4xl font-bold text-foreground tracking-tight"
              data-testid="page-title"
            >
              <span
                class="sr-only"
              >
                Dashboard for 
              </span>
              Dashboard
            </h1>
            <p
              class="text-lg text-muted-foreground"
            >
              Welcome back, 
              Test User
              ! Here's what's happening with your business.
            </p>
          </div>
          <div
            class="flex items-center gap-3"
          >
            <div
              class="inline-flex items-center rounded-full border text-xs font-semibold transition-colors focus:outline-none focus:ring-2 focus:ring-ring focus:ring-offset-2 text-foreground px-3 py-1"
            >
              <svg
                aria-hidden="true"
                class="lucide lucide-activity h-3 w-3 mr-1"
                fill="none"
                height="24"
                stroke="currentColor"
                stroke-linecap="round"
                stroke-linejoin="round"
                stroke-width="2"
                viewBox="0 0 24 24"
                width="24"
                xmlns="http://www.w3.org/2000/svg"
              >
                <path
                  d="M22 12h-2.48a2 2 0 0 0-1.93 1.46l-2.35 8.36a.25.25 0 0 1-.48 0L9.24 2.18a.25.25 0 0 0-.48 0l-2.35 8.36A2 2 0 0 1 4.49 12H2"
                />
              </svg>
              Live Data
            </div>
            <button
              aria-busy="false"
              aria-label="Refresh dashboard data"
              class="inline-flex items-center justify-center rounded-md text-sm font-medium focus-visible:outline-none focus-visible:ring-2 focus-visible:ring-ring focus-visible:ring-offset-2 disabled:pointer-events-none disabled:opacity-50 border border-input bg-background h-10 px-4 py-2 hover:bg-primary hover:text-primary-foreground transition-colors"
            >
              <svg
                aria-hidden="true"
                class="lucide lucide-refresh-cw h-4 w-4 mr-2"
                fill="none"
                height="24"
                stroke="currentColor"
                stroke-linecap="round"
                stroke-linejoin="round"
                stroke-width="2"
                viewBox="0 0 24 24"
                width="24"
                xmlns="http://www.w3.org/2000/svg"
              >
                <path
                  d="M3 12a9 9 0 0 1 9-9 9.75 9.75 0 0 1 6.74 2.74L21 8"
                />
                <path
                  d="M21 3v5h-5"
                />
                <path
                  d="M21 12a9 9 0 0 1-9 9 9.75 9.75 0 0 1-6.74-2.74L3 16"
                />
                <path
                  d="M8 16H3v5"
                />
              </svg>
              Refresh Data
            </button>
          </div>
        </div>
        <div
          class="grid md:grid-cols-3 grid-cols-1 sm:grid-cols-2 lg:grid-cols-4 gap-4 lg:gap-6 mb-8"
        >
          <div
            class="rounded-lg border bg-card text-card-foreground shadow p-4 md:p-6 hover:shadow-lg transition-all duration-200 hover:scale-[1.02] cursor-pointer group"
          >
            <div
              class="p-6"
            >
              <div
                class="flex items-center justify-between"
              >
                <div
                  class="space-y-2 flex-1"
                >
                  <div
                    class="flex items-center gap-2"
                  >
                    <p
                      class="text-sm font-medium text-muted-foreground"
                    >
                      Total Customers
                    </p>
                    <div
                      class="inline-flex items-center rounded-full border font-semibold transition-colors focus:outline-none focus:ring-2 focus:ring-ring focus:ring-offset-2 border-transparent bg-secondary text-secondary-foreground hover:bg-secondary/80 text-xs px-2 py-0.5"
                    >
                      Active customer base
                    </div>
                  </div>
                  <p
                    class="text-3xl font-bold text-foreground tracking-tight"
                  >
                    0
                  </p>
                  <div
                    class="flex items-center gap-1"
                  >
                    <svg
                      aria-hidden="true"
                      class="lucide lucide-arrow-up-right h-4 w-4 text-green-600"
                      fill="none"
                      height="24"
                      stroke="currentColor"
                      stroke-linecap="round"[39...

Ignored nodes: comments, script, style
<html>
  <head />
  <body>
    <div>
      <div
        class="mx-auto px-4 sm:px-6 lg:px-8 max-w-7xl min-h-screen bg-background"
      >
        <div
          class="container mx-auto px-4 py-6 space-y-8"
        >
          <div
            class="flex flex-col sm:flex-row sm:items-center sm:justify-between gap-4"
          >
            <div
              class="space-y-2"
            >
              <h1
                class="text-4xl font-bold text-foreground tracking-tight"
                data-testid="page-title"
              >
                <span
                  class="sr-only"
                >
                  Dashboard for 
                </span>
                Dashboard
              </h1>
              <p
                class="text-lg text-muted-foreground"
              >
                Welcome back, 
                Test User
                ! Here's what's happening with your business.
              </p>
            </div>
            <div
              class="flex items-center gap-3"
            >
              <div
                class="inline-flex items-center rounded-full border text-xs font-semibold transition-colors focus:outline-none focus:ring-2 focus:ring-ring focus:ring-offset-2 text-foreground px-3 py-1"
              >
                <svg
                  aria-hidden="true"
                  class="lucide lucide-activity h-3 w-3 mr-1"
                  fill="none"
                  height="24"
                  stroke="currentColor"
                  stroke-linecap="round"
                  stroke-linejoin="round"
                  stroke-width="2"
                  viewBox="0 0 24 24"
                  width="24"
                  xmlns="http://www.w3.org/2000/svg"
                >
                  <path
                    d="M22 12h-2.48a2 2 0 0 0-1.93 1.46l-2.35 8.36a.25.25 0 0 1-.48 0L9.24 2.18a.25.25 0 0 0-.48 0l-2.35 8.36A2 2 0 0 1 4.49 12H2"
                  />
                </svg>
                Live Data
              </div>
              <button
                aria-busy="false"
                aria-label="Refresh dashboard data"
                class="inline-flex items-center justify-center rounded-md text-sm font-medium focus-visible:outline-none focus-visible:ring-2 focus-visible:ring-ring focus-visible:ring-offset-2 disabled:pointer-events-none disabled:opacity-50 border border-input bg-background h-10 px-4 py-2 hover:bg-primary hover:text-primary-foreground transition-colors"
              >
                <svg
                  aria-hidden="true"
                  class="lucide lucide-refresh-cw h-4 w-4 mr-2"
                  fill="none"
                  height="24"
                  stroke="currentColor"
                  stroke-linecap="round"
                  stroke-linejoin="round"
                  stroke-width="2"
                  viewBox="0 0 24 24"
                  width="24"
                  xmlns="http://www.w3.org/2000/svg"
                >
                  <path
                    d="M3 12a9 9 0 0 1 9-9 9.75 9.75 0 0 1 6.74 2.74L21 8"
                  />
                  <path
                    d="M21 3v5h-5"
                  />
                  <path
                    d="M21 12a9 9 0 0 1-9 9 9.75 9.75 0 0 1-6.74-2.74L3 16"
                  />
                  <path
                    d="M8 16H3v5"
                  />
                </svg>
                Refresh Data
              </button>
            </div>
          </div>
          <div
            class="grid md:grid-cols-3 grid-cols-1 sm:grid-cols-2 lg:grid-cols-4 gap-4 lg:gap-6 mb-8"
          >
            <div
              class="rounded-lg border bg-card text-card-foreground shadow p-4 md:p-6 hover:shadow-lg transition-all duration-200 hover:scale-[1.02] cursor-pointer group"
            >
              <div
                class="p-6"
              >
                <div
                  class="flex items-center justify-between"
                >
                  <div
                    class="space-y-2 flex-1"
                  >
                    <div
                      class="flex items-center gap-2"
                    >
                      <p
                        class="text-sm font-medium text-muted-foreground"
                      >
                        Total Customers
                      </p>
                      <div
                        class="inline-flex items-center rounded-full border font-semibold transition-colors focus:outline-none focus:ring-2 focus:ring-ring focus:ring-offset-2 border-transparent bg-secondary text-secondary-foreground hover:bg-secondary/80 text-xs px-2 py-0.5"
                      >
                        Active customer base
                      </div>
                    </div>
                    <p
                      class="text-3xl font-bold text-foreground tracking-tight"
                    >
                      0
                    </p>
                    <div
                      class="flex items-center gap-1"
                    >
                      <svg
                        aria-hidden="true"
                        class...
 ❯ Proxy.waitForWrapper node_modules/@testing-library/dom/dist/wait-for.js:163:27
 ❯ src/test/unit/Dashboard.test.tsx:124:13
    122|       render(<Dashboard />)
    123| 
    124|       await waitFor(() => {
       |             ^
    125|         expect(screen.getByText('Recent Customers')).toBeInTheDocument…
    126|         expect(screen.getByText('Customer 1')).toBeInTheDocument()

⎯⎯⎯⎯⎯⎯⎯⎯⎯⎯⎯⎯⎯⎯⎯⎯⎯⎯⎯⎯[171/218]⎯

 FAIL  src/test/unit/Dashboard.test.tsx > Dashboard Component > Recent Activities > should display recent deals
TestingLibraryElementError: Unable to find an element with the text: Recent Deals. This could be because the text is broken up by multiple elements. In this case, you can provide a function for your text matcher to make your matcher more flexible.

Ignored nodes: comments, script, style
<body>
  <div>
    <div
      class="mx-auto px-4 sm:px-6 lg:px-8 max-w-7xl min-h-screen bg-background"
    >
      <div
        class="container mx-auto px-4 py-6 space-y-8"
      >
        <div
          class="flex flex-col sm:flex-row sm:items-center sm:justify-between gap-4"
        >
          <div
            class="space-y-2"
          >
            <h1
              class="text-4xl font-bold text-foreground tracking-tight"
              data-testid="page-title"
            >
              <span
                class="sr-only"
              >
                Dashboard for 
              </span>
              Dashboard
            </h1>
            <p
              class="text-lg text-muted-foreground"
            >
              Welcome back, 
              Test User
              ! Here's what's happening with your business.
            </p>
          </div>
          <div
            class="flex items-center gap-3"
          >
            <div
              class="inline-flex items-center rounded-full border text-xs font-semibold transition-colors focus:outline-none focus:ring-2 focus:ring-ring focus:ring-offset-2 text-foreground px-3 py-1"
            >
              <svg
                aria-hidden="true"
                class="lucide lucide-activity h-3 w-3 mr-1"
                fill="none"
                height="24"
                stroke="currentColor"
                stroke-linecap="round"
                stroke-linejoin="round"
                stroke-width="2"
                viewBox="0 0 24 24"
                width="24"
                xmlns="http://www.w3.org/2000/svg"
              >
                <path
                  d="M22 12h-2.48a2 2 0 0 0-1.93 1.46l-2.35 8.36a.25.25 0 0 1-.48 0L9.24 2.18a.25.25 0 0 0-.48 0l-2.35 8.36A2 2 0 0 1 4.49 12H2"
                />
              </svg>
              Live Data
            </div>
            <button
              aria-busy="false"
              aria-label="Refresh dashboard data"
              class="inline-flex items-center justify-center rounded-md text-sm font-medium focus-visible:outline-none focus-visible:ring-2 focus-visible:ring-ring focus-visible:ring-offset-2 disabled:pointer-events-none disabled:opacity-50 border border-input bg-background h-10 px-4 py-2 hover:bg-primary hover:text-primary-foreground transition-colors"
            >
              <svg
                aria-hidden="true"
                class="lucide lucide-refresh-cw h-4 w-4 mr-2"
                fill="none"
                height="24"
                stroke="currentColor"
                stroke-linecap="round"
                stroke-linejoin="round"
                stroke-width="2"
                viewBox="0 0 24 24"
                width="24"
                xmlns="http://www.w3.org/2000/svg"
              >
                <path
                  d="M3 12a9 9 0 0 1 9-9 9.75 9.75 0 0 1 6.74 2.74L21 8"
                />
                <path
                  d="M21 3v5h-5"
                />
                <path
                  d="M21 12a9 9 0 0 1-9 9 9.75 9.75 0 0 1-6.74-2.74L3 16"
                />
                <path
                  d="M8 16H3v5"
                />
              </svg>
              Refresh Data
            </button>
          </div>
        </div>
        <div
          class="grid md:grid-cols-3 grid-cols-1 sm:grid-cols-2 lg:grid-cols-4 gap-4 lg:gap-6 mb-8"
        >
          <div
            class="rounded-lg border bg-card text-card-foreground shadow p-4 md:p-6 hover:shadow-lg transition-all duration-200 hover:scale-[1.02] cursor-pointer group"
          >
            <div
              class="p-6"
            >
              <div
                class="flex items-center justify-between"
              >
                <div
                  class="space-y-2 flex-1"
                >
                  <div
                    class="flex items-center gap-2"
                  >
                    <p
                      class="text-sm font-medium text-muted-foreground"
                    >
                      Total Customers
                    </p>
                    <div
                      class="inline-flex items-center rounded-full border font-semibold transition-colors focus:outline-none focus:ring-2 focus:ring-ring focus:ring-offset-2 border-transparent bg-secondary text-secondary-foreground hover:bg-secondary/80 text-xs px-2 py-0.5"
                    >
                      Active customer base
                    </div>
                  </div>
                  <p
                    class="text-3xl font-bold text-foreground tracking-tight"
                  >
                    0
                  </p>
                  <div
                    class="flex items-center gap-1"
                  >
                    <svg
                      aria-hidden="true"
                      class="lucide lucide-arrow-up-right h-4 w-4 text-green-600"
                      fill="none"
                      height="24"
                      stroke="currentColor"
                      stroke-linecap="round"[39...

Ignored nodes: comments, script, style
<html>
  <head />
  <body>
    <div>
      <div
        class="mx-auto px-4 sm:px-6 lg:px-8 max-w-7xl min-h-screen bg-background"
      >
        <div
          class="container mx-auto px-4 py-6 space-y-8"
        >
          <div
            class="flex flex-col sm:flex-row sm:items-center sm:justify-between gap-4"
          >
            <div
              class="space-y-2"
            >
              <h1
                class="text-4xl font-bold text-foreground tracking-tight"
                data-testid="page-title"
              >
                <span
                  class="sr-only"
                >
                  Dashboard for 
                </span>
                Dashboard
              </h1>
              <p
                class="text-lg text-muted-foreground"
              >
                Welcome back, 
                Test User
                ! Here's what's happening with your business.
              </p>
            </div>
            <div
              class="flex items-center gap-3"
            >
              <div
                class="inline-flex items-center rounded-full border text-xs font-semibold transition-colors focus:outline-none focus:ring-2 focus:ring-ring focus:ring-offset-2 text-foreground px-3 py-1"
              >
                <svg
                  aria-hidden="true"
                  class="lucide lucide-activity h-3 w-3 mr-1"
                  fill="none"
                  height="24"
                  stroke="currentColor"
                  stroke-linecap="round"
                  stroke-linejoin="round"
                  stroke-width="2"
                  viewBox="0 0 24 24"
                  width="24"
                  xmlns="http://www.w3.org/2000/svg"
                >
                  <path
                    d="M22 12h-2.48a2 2 0 0 0-1.93 1.46l-2.35 8.36a.25.25 0 0 1-.48 0L9.24 2.18a.25.25 0 0 0-.48 0l-2.35 8.36A2 2 0 0 1 4.49 12H2"
                  />
                </svg>
                Live Data
              </div>
              <button
                aria-busy="false"
                aria-label="Refresh dashboard data"
                class="inline-flex items-center justify-center rounded-md text-sm font-medium focus-visible:outline-none focus-visible:ring-2 focus-visible:ring-ring focus-visible:ring-offset-2 disabled:pointer-events-none disabled:opacity-50 border border-input bg-background h-10 px-4 py-2 hover:bg-primary hover:text-primary-foreground transition-colors"
              >
                <svg
                  aria-hidden="true"
                  class="lucide lucide-refresh-cw h-4 w-4 mr-2"
                  fill="none"
                  height="24"
                  stroke="currentColor"
                  stroke-linecap="round"
                  stroke-linejoin="round"
                  stroke-width="2"
                  viewBox="0 0 24 24"
                  width="24"
                  xmlns="http://www.w3.org/2000/svg"
                >
                  <path
                    d="M3 12a9 9 0 0 1 9-9 9.75 9.75 0 0 1 6.74 2.74L21 8"
                  />
                  <path
                    d="M21 3v5h-5"
                  />
                  <path
                    d="M21 12a9 9 0 0 1-9 9 9.75 9.75 0 0 1-6.74-2.74L3 16"
                  />
                  <path
                    d="M8 16H3v5"
                  />
                </svg>
                Refresh Data
              </button>
            </div>
          </div>
          <div
            class="grid md:grid-cols-3 grid-cols-1 sm:grid-cols-2 lg:grid-cols-4 gap-4 lg:gap-6 mb-8"
          >
            <div
              class="rounded-lg border bg-card text-card-foreground shadow p-4 md:p-6 hover:shadow-lg transition-all duration-200 hover:scale-[1.02] cursor-pointer group"
            >
              <div
                class="p-6"
              >
                <div
                  class="flex items-center justify-between"
                >
                  <div
                    class="space-y-2 flex-1"
                  >
                    <div
                      class="flex items-center gap-2"
                    >
                      <p
                        class="text-sm font-medium text-muted-foreground"
                      >
                        Total Customers
                      </p>
                      <div
                        class="inline-flex items-center rounded-full border font-semibold transition-colors focus:outline-none focus:ring-2 focus:ring-ring focus:ring-offset-2 border-transparent bg-secondary text-secondary-foreground hover:bg-secondary/80 text-xs px-2 py-0.5"
                      >
                        Active customer base
                      </div>
                    </div>
                    <p
                      class="text-3xl font-bold text-foreground tracking-tight"
                    >
                      0
                    </p>
                    <div
                      class="flex items-center gap-1"
                    >
                      <svg
                        aria-hidden="true"
                        class...
 ❯ Proxy.waitForWrapper node_modules/@testing-library/dom/dist/wait-for.js:163:27
 ❯ src/test/unit/Dashboard.test.tsx:134:13
    132|       render(<Dashboard />)
    133| 
    134|       await waitFor(() => {
       |             ^
    135|         expect(screen.getByText('Recent Deals')).toBeInTheDocument()
    136|         expect(screen.getByText('Deal 1')).toBeInTheDocument()

⎯⎯⎯⎯⎯⎯⎯⎯⎯⎯⎯⎯⎯⎯⎯⎯⎯⎯⎯⎯[172/218]⎯


[2m Test Files [22m [1m[31m31 failed[39m[22m[2m | [22m[1m[32m13 passed[39m[22m[90m (44)[39m
[2m      Tests [22m [1m[31m206 failed[39m[22m[2m | [22m[1m[32m225 passed[39m[22m[90m (431)[39m
[2m   Start at [22m 17:40:21
[2m   Duration [22m 72.68s[2m (transform 11.17s, setup 25.71s, collect 62.29s, tests 106.76s, environment 156.34s, prepare 32.34s)[22m

